[2026-06-18T19:12:15.246+0000] {processor.py:186} INFO - Started process (PID=66) to work on /opt/airflow/dags/nyc_taxi_pipeline.py
[2026-06-18T19:12:15.252+0000] {processor.py:914} INFO - Processing file /opt/airflow/dags/nyc_taxi_pipeline.py for tasks to queue
[2026-06-18T19:12:15.257+0000] {logging_mixin.py:190} INFO - [2026-06-18T19:12:15.256+0000] {dagbag.py:588} INFO - Filling up the DagBag from /opt/airflow/dags/nyc_taxi_pipeline.py
[2026-06-18T19:12:15.376+0000] {processor.py:925} INFO - DAG(s) 'nyc_taxi_pipeline' retrieved from /opt/airflow/dags/nyc_taxi_pipeline.py
[2026-06-18T19:12:15.923+0000] {logging_mixin.py:190} INFO - [2026-06-18T19:12:15.921+0000] {override.py:1912} INFO - Created Permission View: can read on DAG:nyc_taxi_pipeline
[2026-06-18T19:12:15.942+0000] {logging_mixin.py:190} INFO - [2026-06-18T19:12:15.941+0000] {override.py:1912} INFO - Created Permission View: can edit on DAG:nyc_taxi_pipeline
[2026-06-18T19:12:15.954+0000] {logging_mixin.py:190} INFO - [2026-06-18T19:12:15.954+0000] {override.py:1912} INFO - Created Permission View: can delete on DAG:nyc_taxi_pipeline
[2026-06-18T19:12:15.969+0000] {logging_mixin.py:190} INFO - [2026-06-18T19:12:15.969+0000] {override.py:1912} INFO - Created Permission View: menu access on DAG Run:nyc_taxi_pipeline
[2026-06-18T19:12:15.984+0000] {logging_mixin.py:190} INFO - [2026-06-18T19:12:15.983+0000] {override.py:1912} INFO - Created Permission View: can read on DAG Run:nyc_taxi_pipeline
[2026-06-18T19:12:15.998+0000] {logging_mixin.py:190} INFO - [2026-06-18T19:12:15.997+0000] {override.py:1912} INFO - Created Permission View: can delete on DAG Run:nyc_taxi_pipeline
[2026-06-18T19:12:16.010+0000] {logging_mixin.py:190} INFO - [2026-06-18T19:12:16.010+0000] {override.py:1912} INFO - Created Permission View: can create on DAG Run:nyc_taxi_pipeline
[2026-06-18T19:12:16.013+0000] {logging_mixin.py:190} INFO - [2026-06-18T19:12:16.012+0000] {dag.py:3239} INFO - Sync 1 DAGs
[2026-06-18T19:12:16.038+0000] {logging_mixin.py:190} INFO - [2026-06-18T19:12:16.037+0000] {dag.py:3262} INFO - Creating ORM DAG for nyc_taxi_pipeline
[2026-06-18T19:12:16.042+0000] {logging_mixin.py:190} INFO - [2026-06-18T19:12:16.042+0000] {dag.py:4180} INFO - Setting next_dagrun for nyc_taxi_pipeline to None, run_after=None
[2026-06-18T19:12:16.096+0000] {processor.py:208} INFO - Processing /opt/airflow/dags/nyc_taxi_pipeline.py took 0.863 seconds
[2026-06-18T19:12:46.751+0000] {processor.py:186} INFO - Started process (PID=137) to work on /opt/airflow/dags/nyc_taxi_pipeline.py
[2026-06-18T19:12:46.756+0000] {processor.py:914} INFO - Processing file /opt/airflow/dags/nyc_taxi_pipeline.py for tasks to queue
[2026-06-18T19:12:46.771+0000] {logging_mixin.py:190} INFO - [2026-06-18T19:12:46.770+0000] {dagbag.py:588} INFO - Filling up the DagBag from /opt/airflow/dags/nyc_taxi_pipeline.py
[2026-06-18T19:12:46.874+0000] {processor.py:925} INFO - DAG(s) 'nyc_taxi_pipeline' retrieved from /opt/airflow/dags/nyc_taxi_pipeline.py
[2026-06-18T19:12:47.000+0000] {logging_mixin.py:190} INFO - [2026-06-18T19:12:46.998+0000] {dag.py:3239} INFO - Sync 1 DAGs
[2026-06-18T19:12:47.092+0000] {logging_mixin.py:190} INFO - [2026-06-18T19:12:47.092+0000] {dag.py:4180} INFO - Setting next_dagrun for nyc_taxi_pipeline to None, run_after=None
[2026-06-18T19:12:47.187+0000] {processor.py:208} INFO - Processing /opt/airflow/dags/nyc_taxi_pipeline.py took 0.461 seconds
[2026-06-18T19:13:17.332+0000] {processor.py:186} INFO - Started process (PID=200) to work on /opt/airflow/dags/nyc_taxi_pipeline.py
[2026-06-18T19:13:17.339+0000] {processor.py:914} INFO - Processing file /opt/airflow/dags/nyc_taxi_pipeline.py for tasks to queue
[2026-06-18T19:13:17.369+0000] {logging_mixin.py:190} INFO - [2026-06-18T19:13:17.361+0000] {dagbag.py:588} INFO - Filling up the DagBag from /opt/airflow/dags/nyc_taxi_pipeline.py
[2026-06-18T19:13:17.522+0000] {processor.py:925} INFO - DAG(s) 'nyc_taxi_pipeline' retrieved from /opt/airflow/dags/nyc_taxi_pipeline.py
[2026-06-18T19:13:17.671+0000] {logging_mixin.py:190} INFO - [2026-06-18T19:13:17.670+0000] {dag.py:3239} INFO - Sync 1 DAGs
[2026-06-18T19:13:17.752+0000] {logging_mixin.py:190} INFO - [2026-06-18T19:13:17.751+0000] {dag.py:4180} INFO - Setting next_dagrun for nyc_taxi_pipeline to None, run_after=None
[2026-06-18T19:13:17.827+0000] {processor.py:208} INFO - Processing /opt/airflow/dags/nyc_taxi_pipeline.py took 0.538 seconds
[2026-06-18T19:13:48.647+0000] {processor.py:186} INFO - Started process (PID=264) to work on /opt/airflow/dags/nyc_taxi_pipeline.py
[2026-06-18T19:13:48.654+0000] {processor.py:914} INFO - Processing file /opt/airflow/dags/nyc_taxi_pipeline.py for tasks to queue
[2026-06-18T19:13:48.664+0000] {logging_mixin.py:190} INFO - [2026-06-18T19:13:48.663+0000] {dagbag.py:588} INFO - Filling up the DagBag from /opt/airflow/dags/nyc_taxi_pipeline.py
[2026-06-18T19:13:48.709+0000] {processor.py:925} INFO - DAG(s) 'nyc_taxi_pipeline' retrieved from /opt/airflow/dags/nyc_taxi_pipeline.py
[2026-06-18T19:13:48.753+0000] {logging_mixin.py:190} INFO - [2026-06-18T19:13:48.753+0000] {dag.py:3239} INFO - Sync 1 DAGs
[2026-06-18T19:13:48.792+0000] {logging_mixin.py:190} INFO - [2026-06-18T19:13:48.791+0000] {dag.py:4180} INFO - Setting next_dagrun for nyc_taxi_pipeline to None, run_after=None
[2026-06-18T19:13:48.847+0000] {processor.py:208} INFO - Processing /opt/airflow/dags/nyc_taxi_pipeline.py took 0.219 seconds
[2026-06-18T19:14:18.929+0000] {processor.py:186} INFO - Started process (PID=328) to work on /opt/airflow/dags/nyc_taxi_pipeline.py
[2026-06-18T19:14:18.932+0000] {processor.py:914} INFO - Processing file /opt/airflow/dags/nyc_taxi_pipeline.py for tasks to queue
[2026-06-18T19:14:18.937+0000] {logging_mixin.py:190} INFO - [2026-06-18T19:14:18.937+0000] {dagbag.py:588} INFO - Filling up the DagBag from /opt/airflow/dags/nyc_taxi_pipeline.py
[2026-06-18T19:14:18.966+0000] {processor.py:925} INFO - DAG(s) 'nyc_taxi_pipeline' retrieved from /opt/airflow/dags/nyc_taxi_pipeline.py
[2026-06-18T19:14:18.998+0000] {logging_mixin.py:190} INFO - [2026-06-18T19:14:18.998+0000] {dag.py:3239} INFO - Sync 1 DAGs
[2026-06-18T19:14:19.021+0000] {logging_mixin.py:190} INFO - [2026-06-18T19:14:19.021+0000] {dag.py:4180} INFO - Setting next_dagrun for nyc_taxi_pipeline to None, run_after=None
[2026-06-18T19:14:19.055+0000] {processor.py:208} INFO - Processing /opt/airflow/dags/nyc_taxi_pipeline.py took 0.133 seconds
[2026-06-18T19:14:49.230+0000] {processor.py:186} INFO - Started process (PID=392) to work on /opt/airflow/dags/nyc_taxi_pipeline.py
[2026-06-18T19:14:49.235+0000] {processor.py:914} INFO - Processing file /opt/airflow/dags/nyc_taxi_pipeline.py for tasks to queue
[2026-06-18T19:14:49.243+0000] {logging_mixin.py:190} INFO - [2026-06-18T19:14:49.242+0000] {dagbag.py:588} INFO - Filling up the DagBag from /opt/airflow/dags/nyc_taxi_pipeline.py
[2026-06-18T19:14:49.278+0000] {processor.py:925} INFO - DAG(s) 'nyc_taxi_pipeline' retrieved from /opt/airflow/dags/nyc_taxi_pipeline.py
[2026-06-18T19:14:49.310+0000] {logging_mixin.py:190} INFO - [2026-06-18T19:14:49.310+0000] {dag.py:3239} INFO - Sync 1 DAGs
[2026-06-18T19:14:49.339+0000] {logging_mixin.py:190} INFO - [2026-06-18T19:14:49.339+0000] {dag.py:4180} INFO - Setting next_dagrun for nyc_taxi_pipeline to None, run_after=None
[2026-06-18T19:14:49.373+0000] {processor.py:208} INFO - Processing /opt/airflow/dags/nyc_taxi_pipeline.py took 0.158 seconds
[2026-06-18T19:15:20.045+0000] {processor.py:186} INFO - Started process (PID=456) to work on /opt/airflow/dags/nyc_taxi_pipeline.py
[2026-06-18T19:15:20.050+0000] {processor.py:914} INFO - Processing file /opt/airflow/dags/nyc_taxi_pipeline.py for tasks to queue
[2026-06-18T19:15:20.057+0000] {logging_mixin.py:190} INFO - [2026-06-18T19:15:20.056+0000] {dagbag.py:588} INFO - Filling up the DagBag from /opt/airflow/dags/nyc_taxi_pipeline.py
[2026-06-18T19:15:20.101+0000] {processor.py:925} INFO - DAG(s) 'nyc_taxi_pipeline' retrieved from /opt/airflow/dags/nyc_taxi_pipeline.py
[2026-06-18T19:15:20.143+0000] {logging_mixin.py:190} INFO - [2026-06-18T19:15:20.143+0000] {dag.py:3239} INFO - Sync 1 DAGs
[2026-06-18T19:15:20.173+0000] {logging_mixin.py:190} INFO - [2026-06-18T19:15:20.172+0000] {dag.py:4180} INFO - Setting next_dagrun for nyc_taxi_pipeline to None, run_after=None
[2026-06-18T19:15:20.214+0000] {processor.py:208} INFO - Processing /opt/airflow/dags/nyc_taxi_pipeline.py took 0.184 seconds
[2026-06-18T19:15:51.047+0000] {processor.py:186} INFO - Started process (PID=520) to work on /opt/airflow/dags/nyc_taxi_pipeline.py
[2026-06-18T19:15:51.054+0000] {processor.py:914} INFO - Processing file /opt/airflow/dags/nyc_taxi_pipeline.py for tasks to queue
[2026-06-18T19:15:51.061+0000] {logging_mixin.py:190} INFO - [2026-06-18T19:15:51.060+0000] {dagbag.py:588} INFO - Filling up the DagBag from /opt/airflow/dags/nyc_taxi_pipeline.py
[2026-06-18T19:15:51.108+0000] {processor.py:925} INFO - DAG(s) 'nyc_taxi_pipeline' retrieved from /opt/airflow/dags/nyc_taxi_pipeline.py
[2026-06-18T19:15:51.179+0000] {logging_mixin.py:190} INFO - [2026-06-18T19:15:51.179+0000] {dag.py:3239} INFO - Sync 1 DAGs
[2026-06-18T19:15:51.226+0000] {logging_mixin.py:190} INFO - [2026-06-18T19:15:51.225+0000] {dag.py:4180} INFO - Setting next_dagrun for nyc_taxi_pipeline to None, run_after=None
[2026-06-18T19:15:51.272+0000] {processor.py:208} INFO - Processing /opt/airflow/dags/nyc_taxi_pipeline.py took 0.241 seconds
[2026-06-18T19:16:21.560+0000] {processor.py:186} INFO - Started process (PID=583) to work on /opt/airflow/dags/nyc_taxi_pipeline.py
[2026-06-18T19:16:21.562+0000] {processor.py:914} INFO - Processing file /opt/airflow/dags/nyc_taxi_pipeline.py for tasks to queue
[2026-06-18T19:16:21.565+0000] {logging_mixin.py:190} INFO - [2026-06-18T19:16:21.565+0000] {dagbag.py:588} INFO - Filling up the DagBag from /opt/airflow/dags/nyc_taxi_pipeline.py
[2026-06-18T19:16:21.592+0000] {processor.py:925} INFO - DAG(s) 'nyc_taxi_pipeline' retrieved from /opt/airflow/dags/nyc_taxi_pipeline.py
[2026-06-18T19:16:21.633+0000] {logging_mixin.py:190} INFO - [2026-06-18T19:16:21.632+0000] {dag.py:3239} INFO - Sync 1 DAGs
[2026-06-18T19:16:21.706+0000] {logging_mixin.py:190} INFO - [2026-06-18T19:16:21.705+0000] {dag.py:4180} INFO - Setting next_dagrun for nyc_taxi_pipeline to None, run_after=None
[2026-06-18T19:16:21.822+0000] {processor.py:208} INFO - Processing /opt/airflow/dags/nyc_taxi_pipeline.py took 0.273 seconds
[2026-06-18T19:16:52.232+0000] {processor.py:186} INFO - Started process (PID=644) to work on /opt/airflow/dags/nyc_taxi_pipeline.py
[2026-06-18T19:16:52.246+0000] {processor.py:914} INFO - Processing file /opt/airflow/dags/nyc_taxi_pipeline.py for tasks to queue
[2026-06-18T19:16:52.250+0000] {logging_mixin.py:190} INFO - [2026-06-18T19:16:52.250+0000] {dagbag.py:588} INFO - Filling up the DagBag from /opt/airflow/dags/nyc_taxi_pipeline.py
[2026-06-18T19:16:52.274+0000] {processor.py:925} INFO - DAG(s) 'nyc_taxi_pipeline' retrieved from /opt/airflow/dags/nyc_taxi_pipeline.py
[2026-06-18T19:16:52.298+0000] {logging_mixin.py:190} INFO - [2026-06-18T19:16:52.298+0000] {dag.py:3239} INFO - Sync 1 DAGs
[2026-06-18T19:16:52.320+0000] {logging_mixin.py:190} INFO - [2026-06-18T19:16:52.319+0000] {dag.py:4180} INFO - Setting next_dagrun for nyc_taxi_pipeline to None, run_after=None
[2026-06-18T19:16:52.344+0000] {processor.py:208} INFO - Processing /opt/airflow/dags/nyc_taxi_pipeline.py took 0.119 seconds
[2026-06-18T19:17:22.470+0000] {processor.py:186} INFO - Started process (PID=708) to work on /opt/airflow/dags/nyc_taxi_pipeline.py
[2026-06-18T19:17:22.473+0000] {processor.py:914} INFO - Processing file /opt/airflow/dags/nyc_taxi_pipeline.py for tasks to queue
[2026-06-18T19:17:22.477+0000] {logging_mixin.py:190} INFO - [2026-06-18T19:17:22.477+0000] {dagbag.py:588} INFO - Filling up the DagBag from /opt/airflow/dags/nyc_taxi_pipeline.py
[2026-06-18T19:17:22.505+0000] {processor.py:925} INFO - DAG(s) 'nyc_taxi_pipeline' retrieved from /opt/airflow/dags/nyc_taxi_pipeline.py
[2026-06-18T19:17:22.532+0000] {logging_mixin.py:190} INFO - [2026-06-18T19:17:22.532+0000] {dag.py:3239} INFO - Sync 1 DAGs
[2026-06-18T19:17:22.549+0000] {logging_mixin.py:190} INFO - [2026-06-18T19:17:22.549+0000] {dag.py:4180} INFO - Setting next_dagrun for nyc_taxi_pipeline to None, run_after=None
[2026-06-18T19:17:22.572+0000] {processor.py:208} INFO - Processing /opt/airflow/dags/nyc_taxi_pipeline.py took 0.110 seconds
[2026-06-18T19:17:54.311+0000] {processor.py:186} INFO - Started process (PID=774) to work on /opt/airflow/dags/nyc_taxi_pipeline.py
[2026-06-18T19:17:54.316+0000] {processor.py:914} INFO - Processing file /opt/airflow/dags/nyc_taxi_pipeline.py for tasks to queue
[2026-06-18T19:17:54.324+0000] {logging_mixin.py:190} INFO - [2026-06-18T19:17:54.323+0000] {dagbag.py:588} INFO - Filling up the DagBag from /opt/airflow/dags/nyc_taxi_pipeline.py
[2026-06-18T19:17:54.373+0000] {processor.py:925} INFO - DAG(s) 'nyc_taxi_pipeline' retrieved from /opt/airflow/dags/nyc_taxi_pipeline.py
[2026-06-18T19:17:54.419+0000] {logging_mixin.py:190} INFO - [2026-06-18T19:17:54.419+0000] {dag.py:3239} INFO - Sync 1 DAGs
[2026-06-18T19:17:54.458+0000] {logging_mixin.py:190} INFO - [2026-06-18T19:17:54.457+0000] {dag.py:4180} INFO - Setting next_dagrun for nyc_taxi_pipeline to None, run_after=None
[2026-06-18T19:17:54.508+0000] {processor.py:208} INFO - Processing /opt/airflow/dags/nyc_taxi_pipeline.py took 0.211 seconds
[2026-06-18T19:18:24.623+0000] {processor.py:186} INFO - Started process (PID=834) to work on /opt/airflow/dags/nyc_taxi_pipeline.py
[2026-06-18T19:18:24.629+0000] {processor.py:914} INFO - Processing file /opt/airflow/dags/nyc_taxi_pipeline.py for tasks to queue
[2026-06-18T19:18:24.641+0000] {logging_mixin.py:190} INFO - [2026-06-18T19:18:24.640+0000] {dagbag.py:588} INFO - Filling up the DagBag from /opt/airflow/dags/nyc_taxi_pipeline.py
[2026-06-18T19:18:24.709+0000] {processor.py:925} INFO - DAG(s) 'nyc_taxi_pipeline' retrieved from /opt/airflow/dags/nyc_taxi_pipeline.py
[2026-06-18T19:18:24.768+0000] {logging_mixin.py:190} INFO - [2026-06-18T19:18:24.767+0000] {dag.py:3239} INFO - Sync 1 DAGs
[2026-06-18T19:18:24.816+0000] {logging_mixin.py:190} INFO - [2026-06-18T19:18:24.815+0000] {dag.py:4180} INFO - Setting next_dagrun for nyc_taxi_pipeline to None, run_after=None
[2026-06-18T19:18:24.856+0000] {processor.py:208} INFO - Processing /opt/airflow/dags/nyc_taxi_pipeline.py took 0.255 seconds
[2026-06-18T19:18:55.089+0000] {processor.py:186} INFO - Started process (PID=897) to work on /opt/airflow/dags/nyc_taxi_pipeline.py
[2026-06-18T19:18:55.092+0000] {processor.py:914} INFO - Processing file /opt/airflow/dags/nyc_taxi_pipeline.py for tasks to queue
[2026-06-18T19:18:55.096+0000] {logging_mixin.py:190} INFO - [2026-06-18T19:18:55.095+0000] {dagbag.py:588} INFO - Filling up the DagBag from /opt/airflow/dags/nyc_taxi_pipeline.py
[2026-06-18T19:18:55.127+0000] {processor.py:925} INFO - DAG(s) 'nyc_taxi_pipeline' retrieved from /opt/airflow/dags/nyc_taxi_pipeline.py
[2026-06-18T19:18:55.156+0000] {logging_mixin.py:190} INFO - [2026-06-18T19:18:55.156+0000] {dag.py:3239} INFO - Sync 1 DAGs
[2026-06-18T19:18:55.176+0000] {logging_mixin.py:190} INFO - [2026-06-18T19:18:55.175+0000] {dag.py:4180} INFO - Setting next_dagrun for nyc_taxi_pipeline to None, run_after=None
[2026-06-18T19:18:55.205+0000] {processor.py:208} INFO - Processing /opt/airflow/dags/nyc_taxi_pipeline.py took 0.125 seconds
[2026-06-18T19:19:26.036+0000] {processor.py:186} INFO - Started process (PID=959) to work on /opt/airflow/dags/nyc_taxi_pipeline.py
[2026-06-18T19:19:26.049+0000] {processor.py:914} INFO - Processing file /opt/airflow/dags/nyc_taxi_pipeline.py for tasks to queue
[2026-06-18T19:19:26.063+0000] {logging_mixin.py:190} INFO - [2026-06-18T19:19:26.062+0000] {dagbag.py:588} INFO - Filling up the DagBag from /opt/airflow/dags/nyc_taxi_pipeline.py
[2026-06-18T19:19:26.145+0000] {processor.py:925} INFO - DAG(s) 'nyc_taxi_pipeline' retrieved from /opt/airflow/dags/nyc_taxi_pipeline.py
[2026-06-18T19:19:26.218+0000] {logging_mixin.py:190} INFO - [2026-06-18T19:19:26.218+0000] {dag.py:3239} INFO - Sync 1 DAGs
[2026-06-18T19:19:26.267+0000] {logging_mixin.py:190} INFO - [2026-06-18T19:19:26.266+0000] {dag.py:4180} INFO - Setting next_dagrun for nyc_taxi_pipeline to None, run_after=None
[2026-06-18T19:19:26.321+0000] {processor.py:208} INFO - Processing /opt/airflow/dags/nyc_taxi_pipeline.py took 0.307 seconds
[2026-06-18T19:19:56.868+0000] {processor.py:186} INFO - Started process (PID=1021) to work on /opt/airflow/dags/nyc_taxi_pipeline.py
[2026-06-18T19:19:56.870+0000] {processor.py:914} INFO - Processing file /opt/airflow/dags/nyc_taxi_pipeline.py for tasks to queue
[2026-06-18T19:19:56.873+0000] {logging_mixin.py:190} INFO - [2026-06-18T19:19:56.873+0000] {dagbag.py:588} INFO - Filling up the DagBag from /opt/airflow/dags/nyc_taxi_pipeline.py
[2026-06-18T19:19:56.890+0000] {processor.py:925} INFO - DAG(s) 'nyc_taxi_pipeline' retrieved from /opt/airflow/dags/nyc_taxi_pipeline.py
[2026-06-18T19:19:56.907+0000] {logging_mixin.py:190} INFO - [2026-06-18T19:19:56.907+0000] {dag.py:3239} INFO - Sync 1 DAGs
[2026-06-18T19:19:56.920+0000] {logging_mixin.py:190} INFO - [2026-06-18T19:19:56.920+0000] {dag.py:4180} INFO - Setting next_dagrun for nyc_taxi_pipeline to None, run_after=None
[2026-06-18T19:19:56.940+0000] {processor.py:208} INFO - Processing /opt/airflow/dags/nyc_taxi_pipeline.py took 0.078 seconds
[2026-06-18T19:20:27.119+0000] {processor.py:186} INFO - Started process (PID=1085) to work on /opt/airflow/dags/nyc_taxi_pipeline.py
[2026-06-18T19:20:27.124+0000] {processor.py:914} INFO - Processing file /opt/airflow/dags/nyc_taxi_pipeline.py for tasks to queue
[2026-06-18T19:20:27.130+0000] {logging_mixin.py:190} INFO - [2026-06-18T19:20:27.129+0000] {dagbag.py:588} INFO - Filling up the DagBag from /opt/airflow/dags/nyc_taxi_pipeline.py
[2026-06-18T19:20:27.175+0000] {processor.py:925} INFO - DAG(s) 'nyc_taxi_pipeline' retrieved from /opt/airflow/dags/nyc_taxi_pipeline.py
[2026-06-18T19:20:27.219+0000] {logging_mixin.py:190} INFO - [2026-06-18T19:20:27.218+0000] {dag.py:3239} INFO - Sync 1 DAGs
[2026-06-18T19:20:27.258+0000] {logging_mixin.py:190} INFO - [2026-06-18T19:20:27.257+0000] {dag.py:4180} INFO - Setting next_dagrun for nyc_taxi_pipeline to None, run_after=None
[2026-06-18T19:20:27.303+0000] {processor.py:208} INFO - Processing /opt/airflow/dags/nyc_taxi_pipeline.py took 0.197 seconds
[2026-06-18T19:20:57.412+0000] {processor.py:186} INFO - Started process (PID=1138) to work on /opt/airflow/dags/nyc_taxi_pipeline.py
[2026-06-18T19:20:57.417+0000] {processor.py:914} INFO - Processing file /opt/airflow/dags/nyc_taxi_pipeline.py for tasks to queue
[2026-06-18T19:20:57.423+0000] {logging_mixin.py:190} INFO - [2026-06-18T19:20:57.423+0000] {dagbag.py:588} INFO - Filling up the DagBag from /opt/airflow/dags/nyc_taxi_pipeline.py
[2026-06-18T19:20:57.477+0000] {processor.py:925} INFO - DAG(s) 'nyc_taxi_pipeline' retrieved from /opt/airflow/dags/nyc_taxi_pipeline.py
[2026-06-18T19:20:57.527+0000] {logging_mixin.py:190} INFO - [2026-06-18T19:20:57.526+0000] {dag.py:3239} INFO - Sync 1 DAGs
[2026-06-18T19:20:57.561+0000] {logging_mixin.py:190} INFO - [2026-06-18T19:20:57.561+0000] {dag.py:4180} INFO - Setting next_dagrun for nyc_taxi_pipeline to None, run_after=None
[2026-06-18T19:20:57.601+0000] {processor.py:208} INFO - Processing /opt/airflow/dags/nyc_taxi_pipeline.py took 0.202 seconds
[2026-06-18T19:21:28.581+0000] {processor.py:186} INFO - Started process (PID=1202) to work on /opt/airflow/dags/nyc_taxi_pipeline.py
[2026-06-18T19:21:28.583+0000] {processor.py:914} INFO - Processing file /opt/airflow/dags/nyc_taxi_pipeline.py for tasks to queue
[2026-06-18T19:21:28.589+0000] {logging_mixin.py:190} INFO - [2026-06-18T19:21:28.588+0000] {dagbag.py:588} INFO - Filling up the DagBag from /opt/airflow/dags/nyc_taxi_pipeline.py
[2026-06-18T19:21:28.620+0000] {processor.py:925} INFO - DAG(s) 'nyc_taxi_pipeline' retrieved from /opt/airflow/dags/nyc_taxi_pipeline.py
[2026-06-18T19:21:28.653+0000] {logging_mixin.py:190} INFO - [2026-06-18T19:21:28.652+0000] {dag.py:3239} INFO - Sync 1 DAGs
[2026-06-18T19:21:28.674+0000] {logging_mixin.py:190} INFO - [2026-06-18T19:21:28.673+0000] {dag.py:4180} INFO - Setting next_dagrun for nyc_taxi_pipeline to None, run_after=None
[2026-06-18T19:21:28.701+0000] {processor.py:208} INFO - Processing /opt/airflow/dags/nyc_taxi_pipeline.py took 0.131 seconds
[2026-06-18T19:21:59.635+0000] {processor.py:186} INFO - Started process (PID=1264) to work on /opt/airflow/dags/nyc_taxi_pipeline.py
[2026-06-18T19:21:59.641+0000] {processor.py:914} INFO - Processing file /opt/airflow/dags/nyc_taxi_pipeline.py for tasks to queue
[2026-06-18T19:21:59.647+0000] {logging_mixin.py:190} INFO - [2026-06-18T19:21:59.646+0000] {dagbag.py:588} INFO - Filling up the DagBag from /opt/airflow/dags/nyc_taxi_pipeline.py
[2026-06-18T19:21:59.687+0000] {processor.py:925} INFO - DAG(s) 'nyc_taxi_pipeline' retrieved from /opt/airflow/dags/nyc_taxi_pipeline.py
[2026-06-18T19:21:59.731+0000] {logging_mixin.py:190} INFO - [2026-06-18T19:21:59.730+0000] {dag.py:3239} INFO - Sync 1 DAGs
[2026-06-18T19:21:59.763+0000] {logging_mixin.py:190} INFO - [2026-06-18T19:21:59.763+0000] {dag.py:4180} INFO - Setting next_dagrun for nyc_taxi_pipeline to None, run_after=None
[2026-06-18T19:21:59.808+0000] {processor.py:208} INFO - Processing /opt/airflow/dags/nyc_taxi_pipeline.py took 0.190 seconds
[2026-06-18T19:22:32.032+0000] {processor.py:186} INFO - Started process (PID=1327) to work on /opt/airflow/dags/nyc_taxi_pipeline.py
[2026-06-18T19:22:32.042+0000] {processor.py:914} INFO - Processing file /opt/airflow/dags/nyc_taxi_pipeline.py for tasks to queue
[2026-06-18T19:22:32.066+0000] {logging_mixin.py:190} INFO - [2026-06-18T19:22:32.065+0000] {dagbag.py:588} INFO - Filling up the DagBag from /opt/airflow/dags/nyc_taxi_pipeline.py
[2026-06-18T19:22:32.138+0000] {processor.py:925} INFO - DAG(s) 'nyc_taxi_pipeline' retrieved from /opt/airflow/dags/nyc_taxi_pipeline.py
[2026-06-18T19:22:32.198+0000] {logging_mixin.py:190} INFO - [2026-06-18T19:22:32.197+0000] {dag.py:3239} INFO - Sync 1 DAGs
[2026-06-18T19:22:32.252+0000] {logging_mixin.py:190} INFO - [2026-06-18T19:22:32.251+0000] {dag.py:4180} INFO - Setting next_dagrun for nyc_taxi_pipeline to None, run_after=None
[2026-06-18T19:22:32.327+0000] {processor.py:208} INFO - Processing /opt/airflow/dags/nyc_taxi_pipeline.py took 0.326 seconds
[2026-06-18T19:23:02.522+0000] {processor.py:186} INFO - Started process (PID=1389) to work on /opt/airflow/dags/nyc_taxi_pipeline.py
[2026-06-18T19:23:02.525+0000] {processor.py:914} INFO - Processing file /opt/airflow/dags/nyc_taxi_pipeline.py for tasks to queue
[2026-06-18T19:23:02.528+0000] {logging_mixin.py:190} INFO - [2026-06-18T19:23:02.528+0000] {dagbag.py:588} INFO - Filling up the DagBag from /opt/airflow/dags/nyc_taxi_pipeline.py
[2026-06-18T19:23:02.547+0000] {processor.py:925} INFO - DAG(s) 'nyc_taxi_pipeline' retrieved from /opt/airflow/dags/nyc_taxi_pipeline.py
[2026-06-18T19:23:02.567+0000] {logging_mixin.py:190} INFO - [2026-06-18T19:23:02.567+0000] {dag.py:3239} INFO - Sync 1 DAGs
[2026-06-18T19:23:02.581+0000] {logging_mixin.py:190} INFO - [2026-06-18T19:23:02.581+0000] {dag.py:4180} INFO - Setting next_dagrun for nyc_taxi_pipeline to None, run_after=None
[2026-06-18T19:23:02.601+0000] {processor.py:208} INFO - Processing /opt/airflow/dags/nyc_taxi_pipeline.py took 0.085 seconds
[2026-06-18T19:23:32.814+0000] {processor.py:186} INFO - Started process (PID=1453) to work on /opt/airflow/dags/nyc_taxi_pipeline.py
[2026-06-18T19:23:32.816+0000] {processor.py:914} INFO - Processing file /opt/airflow/dags/nyc_taxi_pipeline.py for tasks to queue
[2026-06-18T19:23:32.821+0000] {logging_mixin.py:190} INFO - [2026-06-18T19:23:32.820+0000] {dagbag.py:588} INFO - Filling up the DagBag from /opt/airflow/dags/nyc_taxi_pipeline.py
[2026-06-18T19:23:32.842+0000] {processor.py:925} INFO - DAG(s) 'nyc_taxi_pipeline' retrieved from /opt/airflow/dags/nyc_taxi_pipeline.py
[2026-06-18T19:23:32.867+0000] {logging_mixin.py:190} INFO - [2026-06-18T19:23:32.867+0000] {dag.py:3239} INFO - Sync 1 DAGs
[2026-06-18T19:23:32.884+0000] {logging_mixin.py:190} INFO - [2026-06-18T19:23:32.883+0000] {dag.py:4180} INFO - Setting next_dagrun for nyc_taxi_pipeline to None, run_after=None
[2026-06-18T19:23:32.904+0000] {processor.py:208} INFO - Processing /opt/airflow/dags/nyc_taxi_pipeline.py took 0.096 seconds
[2026-06-18T19:24:03.660+0000] {processor.py:186} INFO - Started process (PID=1516) to work on /opt/airflow/dags/nyc_taxi_pipeline.py
[2026-06-18T19:24:03.663+0000] {processor.py:914} INFO - Processing file /opt/airflow/dags/nyc_taxi_pipeline.py for tasks to queue
[2026-06-18T19:24:03.667+0000] {logging_mixin.py:190} INFO - [2026-06-18T19:24:03.666+0000] {dagbag.py:588} INFO - Filling up the DagBag from /opt/airflow/dags/nyc_taxi_pipeline.py
[2026-06-18T19:24:03.686+0000] {processor.py:925} INFO - DAG(s) 'nyc_taxi_pipeline' retrieved from /opt/airflow/dags/nyc_taxi_pipeline.py
[2026-06-18T19:24:03.703+0000] {logging_mixin.py:190} INFO - [2026-06-18T19:24:03.702+0000] {dag.py:3239} INFO - Sync 1 DAGs
[2026-06-18T19:24:03.715+0000] {logging_mixin.py:190} INFO - [2026-06-18T19:24:03.715+0000] {dag.py:4180} INFO - Setting next_dagrun for nyc_taxi_pipeline to None, run_after=None
[2026-06-18T19:24:03.733+0000] {processor.py:208} INFO - Processing /opt/airflow/dags/nyc_taxi_pipeline.py took 0.079 seconds
[2026-06-18T19:24:34.084+0000] {processor.py:186} INFO - Started process (PID=1580) to work on /opt/airflow/dags/nyc_taxi_pipeline.py
[2026-06-18T19:24:34.088+0000] {processor.py:914} INFO - Processing file /opt/airflow/dags/nyc_taxi_pipeline.py for tasks to queue
[2026-06-18T19:24:34.096+0000] {logging_mixin.py:190} INFO - [2026-06-18T19:24:34.095+0000] {dagbag.py:588} INFO - Filling up the DagBag from /opt/airflow/dags/nyc_taxi_pipeline.py
[2026-06-18T19:24:34.137+0000] {processor.py:925} INFO - DAG(s) 'nyc_taxi_pipeline' retrieved from /opt/airflow/dags/nyc_taxi_pipeline.py
[2026-06-18T19:24:34.176+0000] {logging_mixin.py:190} INFO - [2026-06-18T19:24:34.175+0000] {dag.py:3239} INFO - Sync 1 DAGs
[2026-06-18T19:24:34.206+0000] {logging_mixin.py:190} INFO - [2026-06-18T19:24:34.205+0000] {dag.py:4180} INFO - Setting next_dagrun for nyc_taxi_pipeline to None, run_after=None
[2026-06-18T19:24:34.243+0000] {processor.py:208} INFO - Processing /opt/airflow/dags/nyc_taxi_pipeline.py took 0.172 seconds
[2026-06-18T19:25:04.470+0000] {processor.py:186} INFO - Started process (PID=1644) to work on /opt/airflow/dags/nyc_taxi_pipeline.py
[2026-06-18T19:25:04.485+0000] {processor.py:914} INFO - Processing file /opt/airflow/dags/nyc_taxi_pipeline.py for tasks to queue
[2026-06-18T19:25:04.488+0000] {logging_mixin.py:190} INFO - [2026-06-18T19:25:04.488+0000] {dagbag.py:588} INFO - Filling up the DagBag from /opt/airflow/dags/nyc_taxi_pipeline.py
[2026-06-18T19:25:04.508+0000] {processor.py:925} INFO - DAG(s) 'nyc_taxi_pipeline' retrieved from /opt/airflow/dags/nyc_taxi_pipeline.py
[2026-06-18T19:25:04.525+0000] {logging_mixin.py:190} INFO - [2026-06-18T19:25:04.525+0000] {dag.py:3239} INFO - Sync 1 DAGs
[2026-06-18T19:25:04.539+0000] {logging_mixin.py:190} INFO - [2026-06-18T19:25:04.539+0000] {dag.py:4180} INFO - Setting next_dagrun for nyc_taxi_pipeline to None, run_after=None
[2026-06-18T19:25:04.556+0000] {processor.py:208} INFO - Processing /opt/airflow/dags/nyc_taxi_pipeline.py took 0.092 seconds
[2026-06-18T19:25:35.235+0000] {processor.py:186} INFO - Started process (PID=1708) to work on /opt/airflow/dags/nyc_taxi_pipeline.py
[2026-06-18T19:25:35.241+0000] {processor.py:914} INFO - Processing file /opt/airflow/dags/nyc_taxi_pipeline.py for tasks to queue
[2026-06-18T19:25:35.258+0000] {logging_mixin.py:190} INFO - [2026-06-18T19:25:35.257+0000] {dagbag.py:588} INFO - Filling up the DagBag from /opt/airflow/dags/nyc_taxi_pipeline.py
[2026-06-18T19:25:35.332+0000] {processor.py:925} INFO - DAG(s) 'nyc_taxi_pipeline' retrieved from /opt/airflow/dags/nyc_taxi_pipeline.py
[2026-06-18T19:25:35.427+0000] {logging_mixin.py:190} INFO - [2026-06-18T19:25:35.426+0000] {dag.py:3239} INFO - Sync 1 DAGs
[2026-06-18T19:25:35.500+0000] {logging_mixin.py:190} INFO - [2026-06-18T19:25:35.500+0000] {dag.py:4180} INFO - Setting next_dagrun for nyc_taxi_pipeline to None, run_after=None
[2026-06-18T19:25:35.556+0000] {processor.py:208} INFO - Processing /opt/airflow/dags/nyc_taxi_pipeline.py took 0.370 seconds
[2026-06-18T19:26:06.544+0000] {processor.py:186} INFO - Started process (PID=1773) to work on /opt/airflow/dags/nyc_taxi_pipeline.py
[2026-06-18T19:26:06.548+0000] {processor.py:914} INFO - Processing file /opt/airflow/dags/nyc_taxi_pipeline.py for tasks to queue
[2026-06-18T19:26:06.562+0000] {logging_mixin.py:190} INFO - [2026-06-18T19:26:06.561+0000] {dagbag.py:588} INFO - Filling up the DagBag from /opt/airflow/dags/nyc_taxi_pipeline.py
[2026-06-18T19:26:06.599+0000] {processor.py:925} INFO - DAG(s) 'nyc_taxi_pipeline' retrieved from /opt/airflow/dags/nyc_taxi_pipeline.py
[2026-06-18T19:26:06.640+0000] {logging_mixin.py:190} INFO - [2026-06-18T19:26:06.640+0000] {dag.py:3239} INFO - Sync 1 DAGs
[2026-06-18T19:26:06.671+0000] {logging_mixin.py:190} INFO - [2026-06-18T19:26:06.671+0000] {dag.py:4180} INFO - Setting next_dagrun for nyc_taxi_pipeline to None, run_after=None
[2026-06-18T19:26:06.710+0000] {processor.py:208} INFO - Processing /opt/airflow/dags/nyc_taxi_pipeline.py took 0.179 seconds
[2026-06-18T19:26:36.915+0000] {processor.py:186} INFO - Started process (PID=1837) to work on /opt/airflow/dags/nyc_taxi_pipeline.py
[2026-06-18T19:26:36.917+0000] {processor.py:914} INFO - Processing file /opt/airflow/dags/nyc_taxi_pipeline.py for tasks to queue
[2026-06-18T19:26:36.921+0000] {logging_mixin.py:190} INFO - [2026-06-18T19:26:36.921+0000] {dagbag.py:588} INFO - Filling up the DagBag from /opt/airflow/dags/nyc_taxi_pipeline.py
[2026-06-18T19:26:36.942+0000] {processor.py:925} INFO - DAG(s) 'nyc_taxi_pipeline' retrieved from /opt/airflow/dags/nyc_taxi_pipeline.py
[2026-06-18T19:26:36.964+0000] {logging_mixin.py:190} INFO - [2026-06-18T19:26:36.963+0000] {dag.py:3239} INFO - Sync 1 DAGs
[2026-06-18T19:26:36.978+0000] {logging_mixin.py:190} INFO - [2026-06-18T19:26:36.978+0000] {dag.py:4180} INFO - Setting next_dagrun for nyc_taxi_pipeline to None, run_after=None
[2026-06-18T19:26:36.997+0000] {processor.py:208} INFO - Processing /opt/airflow/dags/nyc_taxi_pipeline.py took 0.087 seconds
[2026-06-18T19:27:08.381+0000] {processor.py:186} INFO - Started process (PID=1901) to work on /opt/airflow/dags/nyc_taxi_pipeline.py
[2026-06-18T19:27:08.395+0000] {processor.py:914} INFO - Processing file /opt/airflow/dags/nyc_taxi_pipeline.py for tasks to queue
[2026-06-18T19:27:08.416+0000] {logging_mixin.py:190} INFO - [2026-06-18T19:27:08.414+0000] {dagbag.py:588} INFO - Filling up the DagBag from /opt/airflow/dags/nyc_taxi_pipeline.py
[2026-06-18T19:27:08.603+0000] {processor.py:925} INFO - DAG(s) 'nyc_taxi_pipeline' retrieved from /opt/airflow/dags/nyc_taxi_pipeline.py
[2026-06-18T19:27:08.741+0000] {logging_mixin.py:190} INFO - [2026-06-18T19:27:08.740+0000] {dag.py:3239} INFO - Sync 1 DAGs
[2026-06-18T19:27:08.851+0000] {logging_mixin.py:190} INFO - [2026-06-18T19:27:08.850+0000] {dag.py:4180} INFO - Setting next_dagrun for nyc_taxi_pipeline to None, run_after=None
[2026-06-18T19:27:08.896+0000] {processor.py:208} INFO - Processing /opt/airflow/dags/nyc_taxi_pipeline.py took 0.569 seconds
[2026-06-18T19:27:39.414+0000] {processor.py:186} INFO - Started process (PID=1964) to work on /opt/airflow/dags/nyc_taxi_pipeline.py
[2026-06-18T19:27:39.421+0000] {processor.py:914} INFO - Processing file /opt/airflow/dags/nyc_taxi_pipeline.py for tasks to queue
[2026-06-18T19:27:39.434+0000] {logging_mixin.py:190} INFO - [2026-06-18T19:27:39.433+0000] {dagbag.py:588} INFO - Filling up the DagBag from /opt/airflow/dags/nyc_taxi_pipeline.py
[2026-06-18T19:27:39.501+0000] {processor.py:925} INFO - DAG(s) 'nyc_taxi_pipeline' retrieved from /opt/airflow/dags/nyc_taxi_pipeline.py
[2026-06-18T19:27:39.568+0000] {logging_mixin.py:190} INFO - [2026-06-18T19:27:39.566+0000] {dag.py:3239} INFO - Sync 1 DAGs
[2026-06-18T19:27:39.620+0000] {logging_mixin.py:190} INFO - [2026-06-18T19:27:39.619+0000] {dag.py:4180} INFO - Setting next_dagrun for nyc_taxi_pipeline to None, run_after=None
[2026-06-18T19:27:39.679+0000] {processor.py:208} INFO - Processing /opt/airflow/dags/nyc_taxi_pipeline.py took 0.284 seconds
[2026-06-18T19:28:10.084+0000] {processor.py:186} INFO - Started process (PID=2027) to work on /opt/airflow/dags/nyc_taxi_pipeline.py
[2026-06-18T19:28:10.089+0000] {processor.py:914} INFO - Processing file /opt/airflow/dags/nyc_taxi_pipeline.py for tasks to queue
[2026-06-18T19:28:10.095+0000] {logging_mixin.py:190} INFO - [2026-06-18T19:28:10.095+0000] {dagbag.py:588} INFO - Filling up the DagBag from /opt/airflow/dags/nyc_taxi_pipeline.py
[2026-06-18T19:28:10.132+0000] {processor.py:925} INFO - DAG(s) 'nyc_taxi_pipeline' retrieved from /opt/airflow/dags/nyc_taxi_pipeline.py
[2026-06-18T19:28:10.168+0000] {logging_mixin.py:190} INFO - [2026-06-18T19:28:10.168+0000] {dag.py:3239} INFO - Sync 1 DAGs
[2026-06-18T19:28:10.192+0000] {logging_mixin.py:190} INFO - [2026-06-18T19:28:10.192+0000] {dag.py:4180} INFO - Setting next_dagrun for nyc_taxi_pipeline to None, run_after=None
[2026-06-18T19:28:10.220+0000] {processor.py:208} INFO - Processing /opt/airflow/dags/nyc_taxi_pipeline.py took 0.147 seconds
[2026-06-18T19:28:40.568+0000] {processor.py:186} INFO - Started process (PID=2091) to work on /opt/airflow/dags/nyc_taxi_pipeline.py
[2026-06-18T19:28:40.574+0000] {processor.py:914} INFO - Processing file /opt/airflow/dags/nyc_taxi_pipeline.py for tasks to queue
[2026-06-18T19:28:40.584+0000] {logging_mixin.py:190} INFO - [2026-06-18T19:28:40.582+0000] {dagbag.py:588} INFO - Filling up the DagBag from /opt/airflow/dags/nyc_taxi_pipeline.py
[2026-06-18T19:28:40.641+0000] {processor.py:925} INFO - DAG(s) 'nyc_taxi_pipeline' retrieved from /opt/airflow/dags/nyc_taxi_pipeline.py
[2026-06-18T19:28:40.695+0000] {logging_mixin.py:190} INFO - [2026-06-18T19:28:40.695+0000] {dag.py:3239} INFO - Sync 1 DAGs
[2026-06-18T19:28:40.730+0000] {logging_mixin.py:190} INFO - [2026-06-18T19:28:40.730+0000] {dag.py:4180} INFO - Setting next_dagrun for nyc_taxi_pipeline to None, run_after=None
[2026-06-18T19:28:40.774+0000] {processor.py:208} INFO - Processing /opt/airflow/dags/nyc_taxi_pipeline.py took 0.223 seconds
[2026-06-18T19:29:11.729+0000] {processor.py:186} INFO - Started process (PID=2154) to work on /opt/airflow/dags/nyc_taxi_pipeline.py
[2026-06-18T19:29:11.734+0000] {processor.py:914} INFO - Processing file /opt/airflow/dags/nyc_taxi_pipeline.py for tasks to queue
[2026-06-18T19:29:11.742+0000] {logging_mixin.py:190} INFO - [2026-06-18T19:29:11.741+0000] {dagbag.py:588} INFO - Filling up the DagBag from /opt/airflow/dags/nyc_taxi_pipeline.py
[2026-06-18T19:29:11.802+0000] {processor.py:925} INFO - DAG(s) 'nyc_taxi_pipeline' retrieved from /opt/airflow/dags/nyc_taxi_pipeline.py
[2026-06-18T19:29:11.889+0000] {logging_mixin.py:190} INFO - [2026-06-18T19:29:11.889+0000] {dag.py:3239} INFO - Sync 1 DAGs
[2026-06-18T19:29:11.931+0000] {logging_mixin.py:190} INFO - [2026-06-18T19:29:11.930+0000] {dag.py:4180} INFO - Setting next_dagrun for nyc_taxi_pipeline to None, run_after=None
[2026-06-18T19:29:11.985+0000] {processor.py:208} INFO - Processing /opt/airflow/dags/nyc_taxi_pipeline.py took 0.273 seconds
[2026-06-18T19:29:42.097+0000] {processor.py:186} INFO - Started process (PID=2218) to work on /opt/airflow/dags/nyc_taxi_pipeline.py
[2026-06-18T19:29:42.100+0000] {processor.py:914} INFO - Processing file /opt/airflow/dags/nyc_taxi_pipeline.py for tasks to queue
[2026-06-18T19:29:42.104+0000] {logging_mixin.py:190} INFO - [2026-06-18T19:29:42.103+0000] {dagbag.py:588} INFO - Filling up the DagBag from /opt/airflow/dags/nyc_taxi_pipeline.py
[2026-06-18T19:29:42.132+0000] {processor.py:925} INFO - DAG(s) 'nyc_taxi_pipeline' retrieved from /opt/airflow/dags/nyc_taxi_pipeline.py
[2026-06-18T19:29:42.156+0000] {logging_mixin.py:190} INFO - [2026-06-18T19:29:42.156+0000] {dag.py:3239} INFO - Sync 1 DAGs
[2026-06-18T19:29:42.175+0000] {logging_mixin.py:190} INFO - [2026-06-18T19:29:42.175+0000] {dag.py:4180} INFO - Setting next_dagrun for nyc_taxi_pipeline to None, run_after=None
[2026-06-18T19:29:42.198+0000] {processor.py:208} INFO - Processing /opt/airflow/dags/nyc_taxi_pipeline.py took 0.109 seconds
[2026-06-18T19:30:13.382+0000] {processor.py:186} INFO - Started process (PID=2282) to work on /opt/airflow/dags/nyc_taxi_pipeline.py
[2026-06-18T19:30:13.387+0000] {processor.py:914} INFO - Processing file /opt/airflow/dags/nyc_taxi_pipeline.py for tasks to queue
[2026-06-18T19:30:13.395+0000] {logging_mixin.py:190} INFO - [2026-06-18T19:30:13.394+0000] {dagbag.py:588} INFO - Filling up the DagBag from /opt/airflow/dags/nyc_taxi_pipeline.py
[2026-06-18T19:30:13.444+0000] {processor.py:925} INFO - DAG(s) 'nyc_taxi_pipeline' retrieved from /opt/airflow/dags/nyc_taxi_pipeline.py
[2026-06-18T19:30:13.499+0000] {logging_mixin.py:190} INFO - [2026-06-18T19:30:13.498+0000] {dag.py:3239} INFO - Sync 1 DAGs
[2026-06-18T19:30:13.539+0000] {logging_mixin.py:190} INFO - [2026-06-18T19:30:13.539+0000] {dag.py:4180} INFO - Setting next_dagrun for nyc_taxi_pipeline to None, run_after=None
[2026-06-18T19:30:13.584+0000] {processor.py:208} INFO - Processing /opt/airflow/dags/nyc_taxi_pipeline.py took 0.223 seconds
[2026-06-18T19:30:43.832+0000] {processor.py:186} INFO - Started process (PID=2346) to work on /opt/airflow/dags/nyc_taxi_pipeline.py
[2026-06-18T19:30:43.836+0000] {processor.py:914} INFO - Processing file /opt/airflow/dags/nyc_taxi_pipeline.py for tasks to queue
[2026-06-18T19:30:43.843+0000] {logging_mixin.py:190} INFO - [2026-06-18T19:30:43.842+0000] {dagbag.py:588} INFO - Filling up the DagBag from /opt/airflow/dags/nyc_taxi_pipeline.py
[2026-06-18T19:30:43.882+0000] {processor.py:925} INFO - DAG(s) 'nyc_taxi_pipeline' retrieved from /opt/airflow/dags/nyc_taxi_pipeline.py
[2026-06-18T19:30:43.925+0000] {logging_mixin.py:190} INFO - [2026-06-18T19:30:43.925+0000] {dag.py:3239} INFO - Sync 1 DAGs
[2026-06-18T19:30:43.955+0000] {logging_mixin.py:190} INFO - [2026-06-18T19:30:43.955+0000] {dag.py:4180} INFO - Setting next_dagrun for nyc_taxi_pipeline to None, run_after=None
[2026-06-18T19:30:43.992+0000] {processor.py:208} INFO - Processing /opt/airflow/dags/nyc_taxi_pipeline.py took 0.172 seconds
[2026-06-18T19:31:14.192+0000] {processor.py:186} INFO - Started process (PID=2407) to work on /opt/airflow/dags/nyc_taxi_pipeline.py
[2026-06-18T19:31:14.198+0000] {processor.py:914} INFO - Processing file /opt/airflow/dags/nyc_taxi_pipeline.py for tasks to queue
[2026-06-18T19:31:14.209+0000] {logging_mixin.py:190} INFO - [2026-06-18T19:31:14.208+0000] {dagbag.py:588} INFO - Filling up the DagBag from /opt/airflow/dags/nyc_taxi_pipeline.py
[2026-06-18T19:31:14.275+0000] {processor.py:925} INFO - DAG(s) 'nyc_taxi_pipeline' retrieved from /opt/airflow/dags/nyc_taxi_pipeline.py
[2026-06-18T19:31:14.375+0000] {logging_mixin.py:190} INFO - [2026-06-18T19:31:14.365+0000] {dag.py:3239} INFO - Sync 1 DAGs
[2026-06-18T19:31:14.429+0000] {logging_mixin.py:190} INFO - [2026-06-18T19:31:14.429+0000] {dag.py:4180} INFO - Setting next_dagrun for nyc_taxi_pipeline to None, run_after=None
[2026-06-18T19:31:14.493+0000] {processor.py:208} INFO - Processing /opt/airflow/dags/nyc_taxi_pipeline.py took 0.323 seconds
[2026-06-18T19:31:45.373+0000] {processor.py:186} INFO - Started process (PID=2472) to work on /opt/airflow/dags/nyc_taxi_pipeline.py
[2026-06-18T19:31:45.377+0000] {processor.py:914} INFO - Processing file /opt/airflow/dags/nyc_taxi_pipeline.py for tasks to queue
[2026-06-18T19:31:45.384+0000] {logging_mixin.py:190} INFO - [2026-06-18T19:31:45.383+0000] {dagbag.py:588} INFO - Filling up the DagBag from /opt/airflow/dags/nyc_taxi_pipeline.py
[2026-06-18T19:31:45.429+0000] {processor.py:925} INFO - DAG(s) 'nyc_taxi_pipeline' retrieved from /opt/airflow/dags/nyc_taxi_pipeline.py
[2026-06-18T19:31:45.466+0000] {logging_mixin.py:190} INFO - [2026-06-18T19:31:45.466+0000] {dag.py:3239} INFO - Sync 1 DAGs
[2026-06-18T19:31:45.493+0000] {logging_mixin.py:190} INFO - [2026-06-18T19:31:45.493+0000] {dag.py:4180} INFO - Setting next_dagrun for nyc_taxi_pipeline to None, run_after=None
[2026-06-18T19:31:45.526+0000] {processor.py:208} INFO - Processing /opt/airflow/dags/nyc_taxi_pipeline.py took 0.164 seconds
