[2026-06-19T16:38:42.505+0000] {processor.py:186} INFO - Started process (PID=73) to work on /home/airflow/.local/lib/python3.12/site-packages/airflow/example_dags/example_skip_dag.py
[2026-06-19T16:38:42.513+0000] {processor.py:914} INFO - Processing file /home/airflow/.local/lib/python3.12/site-packages/airflow/example_dags/example_skip_dag.py for tasks to queue
[2026-06-19T16:38:42.520+0000] {logging_mixin.py:190} INFO - [2026-06-19T16:38:42.519+0000] {dagbag.py:588} INFO - Filling up the DagBag from /home/airflow/.local/lib/python3.12/site-packages/airflow/example_dags/example_skip_dag.py
[2026-06-19T16:38:42.538+0000] {processor.py:925} INFO - DAG(s) 'example_skip_dag' retrieved from /home/airflow/.local/lib/python3.12/site-packages/airflow/example_dags/example_skip_dag.py
[2026-06-19T16:38:42.594+0000] {logging_mixin.py:190} INFO - [2026-06-19T16:38:42.594+0000] {dag.py:3239} INFO - Sync 1 DAGs
[2026-06-19T16:38:42.661+0000] {logging_mixin.py:190} INFO - [2026-06-19T16:38:42.661+0000] {dag.py:4180} INFO - Setting next_dagrun for example_skip_dag to 2026-06-18 00:00:00+00:00, run_after=2026-06-19 00:00:00+00:00
[2026-06-19T16:38:42.712+0000] {processor.py:208} INFO - Processing /home/airflow/.local/lib/python3.12/site-packages/airflow/example_dags/example_skip_dag.py took 0.237 seconds
[2026-06-19T16:39:13.021+0000] {processor.py:186} INFO - Started process (PID=137) to work on /home/airflow/.local/lib/python3.12/site-packages/airflow/example_dags/example_skip_dag.py
[2026-06-19T16:39:13.023+0000] {processor.py:914} INFO - Processing file /home/airflow/.local/lib/python3.12/site-packages/airflow/example_dags/example_skip_dag.py for tasks to queue
[2026-06-19T16:39:13.026+0000] {logging_mixin.py:190} INFO - [2026-06-19T16:39:13.026+0000] {dagbag.py:588} INFO - Filling up the DagBag from /home/airflow/.local/lib/python3.12/site-packages/airflow/example_dags/example_skip_dag.py
[2026-06-19T16:39:13.039+0000] {processor.py:925} INFO - DAG(s) 'example_skip_dag' retrieved from /home/airflow/.local/lib/python3.12/site-packages/airflow/example_dags/example_skip_dag.py
[2026-06-19T16:39:13.060+0000] {logging_mixin.py:190} INFO - [2026-06-19T16:39:13.060+0000] {dag.py:3239} INFO - Sync 1 DAGs
[2026-06-19T16:39:13.082+0000] {logging_mixin.py:190} INFO - [2026-06-19T16:39:13.082+0000] {dag.py:4180} INFO - Setting next_dagrun for example_skip_dag to 2026-06-18 00:00:00+00:00, run_after=2026-06-19 00:00:00+00:00
[2026-06-19T16:39:13.102+0000] {processor.py:208} INFO - Processing /home/airflow/.local/lib/python3.12/site-packages/airflow/example_dags/example_skip_dag.py took 0.087 seconds
[2026-06-19T16:39:44.411+0000] {processor.py:186} INFO - Started process (PID=201) to work on /home/airflow/.local/lib/python3.12/site-packages/airflow/example_dags/example_skip_dag.py
[2026-06-19T16:39:44.414+0000] {processor.py:914} INFO - Processing file /home/airflow/.local/lib/python3.12/site-packages/airflow/example_dags/example_skip_dag.py for tasks to queue
[2026-06-19T16:39:44.423+0000] {logging_mixin.py:190} INFO - [2026-06-19T16:39:44.422+0000] {dagbag.py:588} INFO - Filling up the DagBag from /home/airflow/.local/lib/python3.12/site-packages/airflow/example_dags/example_skip_dag.py
[2026-06-19T16:39:44.443+0000] {processor.py:925} INFO - DAG(s) 'example_skip_dag' retrieved from /home/airflow/.local/lib/python3.12/site-packages/airflow/example_dags/example_skip_dag.py
[2026-06-19T16:39:44.501+0000] {logging_mixin.py:190} INFO - [2026-06-19T16:39:44.499+0000] {dag.py:3239} INFO - Sync 1 DAGs
[2026-06-19T16:39:44.559+0000] {logging_mixin.py:190} INFO - [2026-06-19T16:39:44.559+0000] {dag.py:4180} INFO - Setting next_dagrun for example_skip_dag to 2026-06-18 00:00:00+00:00, run_after=2026-06-19 00:00:00+00:00
[2026-06-19T16:39:44.649+0000] {processor.py:208} INFO - Processing /home/airflow/.local/lib/python3.12/site-packages/airflow/example_dags/example_skip_dag.py took 0.250 seconds
[2026-06-19T16:41:54.446+0000] {processor.py:186} INFO - Started process (PID=78) to work on /home/airflow/.local/lib/python3.12/site-packages/airflow/example_dags/example_skip_dag.py
[2026-06-19T16:41:54.471+0000] {processor.py:914} INFO - Processing file /home/airflow/.local/lib/python3.12/site-packages/airflow/example_dags/example_skip_dag.py for tasks to queue
[2026-06-19T16:41:54.496+0000] {logging_mixin.py:190} INFO - [2026-06-19T16:41:54.486+0000] {dagbag.py:588} INFO - Filling up the DagBag from /home/airflow/.local/lib/python3.12/site-packages/airflow/example_dags/example_skip_dag.py
[2026-06-19T16:41:54.569+0000] {processor.py:925} INFO - DAG(s) 'example_skip_dag' retrieved from /home/airflow/.local/lib/python3.12/site-packages/airflow/example_dags/example_skip_dag.py
[2026-06-19T16:41:54.764+0000] {logging_mixin.py:190} INFO - [2026-06-19T16:41:54.754+0000] {dag.py:3239} INFO - Sync 1 DAGs
[2026-06-19T16:41:54.998+0000] {logging_mixin.py:190} INFO - [2026-06-19T16:41:54.998+0000] {dag.py:4180} INFO - Setting next_dagrun for example_skip_dag to 2026-06-18 00:00:00+00:00, run_after=2026-06-19 00:00:00+00:00
[2026-06-19T16:41:55.173+0000] {processor.py:208} INFO - Processing /home/airflow/.local/lib/python3.12/site-packages/airflow/example_dags/example_skip_dag.py took 0.764 seconds
[2026-06-19T16:42:28.947+0000] {processor.py:186} INFO - Started process (PID=149) to work on /home/airflow/.local/lib/python3.12/site-packages/airflow/example_dags/example_skip_dag.py
[2026-06-19T16:42:28.966+0000] {processor.py:914} INFO - Processing file /home/airflow/.local/lib/python3.12/site-packages/airflow/example_dags/example_skip_dag.py for tasks to queue
[2026-06-19T16:42:28.981+0000] {logging_mixin.py:190} INFO - [2026-06-19T16:42:28.980+0000] {dagbag.py:588} INFO - Filling up the DagBag from /home/airflow/.local/lib/python3.12/site-packages/airflow/example_dags/example_skip_dag.py
[2026-06-19T16:42:29.028+0000] {processor.py:925} INFO - DAG(s) 'example_skip_dag' retrieved from /home/airflow/.local/lib/python3.12/site-packages/airflow/example_dags/example_skip_dag.py
[2026-06-19T16:42:29.162+0000] {logging_mixin.py:190} INFO - [2026-06-19T16:42:29.162+0000] {dag.py:3239} INFO - Sync 1 DAGs
[2026-06-19T16:42:29.331+0000] {logging_mixin.py:190} INFO - [2026-06-19T16:42:29.328+0000] {dag.py:4180} INFO - Setting next_dagrun for example_skip_dag to 2026-06-18 00:00:00+00:00, run_after=2026-06-19 00:00:00+00:00
[2026-06-19T16:42:29.446+0000] {processor.py:208} INFO - Processing /home/airflow/.local/lib/python3.12/site-packages/airflow/example_dags/example_skip_dag.py took 0.554 seconds
[2026-06-19T16:43:10.589+0000] {processor.py:186} INFO - Started process (PID=194) to work on /home/airflow/.local/lib/python3.12/site-packages/airflow/example_dags/example_skip_dag.py
[2026-06-19T16:43:10.611+0000] {processor.py:914} INFO - Processing file /home/airflow/.local/lib/python3.12/site-packages/airflow/example_dags/example_skip_dag.py for tasks to queue
[2026-06-19T16:43:10.630+0000] {logging_mixin.py:190} INFO - [2026-06-19T16:43:10.629+0000] {dagbag.py:588} INFO - Filling up the DagBag from /home/airflow/.local/lib/python3.12/site-packages/airflow/example_dags/example_skip_dag.py
[2026-06-19T16:43:10.732+0000] {processor.py:925} INFO - DAG(s) 'example_skip_dag' retrieved from /home/airflow/.local/lib/python3.12/site-packages/airflow/example_dags/example_skip_dag.py
[2026-06-19T16:43:10.924+0000] {logging_mixin.py:190} INFO - [2026-06-19T16:43:10.923+0000] {dag.py:3239} INFO - Sync 1 DAGs
[2026-06-19T16:43:11.110+0000] {logging_mixin.py:190} INFO - [2026-06-19T16:43:11.109+0000] {dag.py:4180} INFO - Setting next_dagrun for example_skip_dag to 2026-06-18 00:00:00+00:00, run_after=2026-06-19 00:00:00+00:00
[2026-06-19T16:43:11.468+0000] {processor.py:208} INFO - Processing /home/airflow/.local/lib/python3.12/site-packages/airflow/example_dags/example_skip_dag.py took 0.932 seconds
[2026-06-19T16:43:49.166+0000] {processor.py:186} INFO - Started process (PID=258) to work on /home/airflow/.local/lib/python3.12/site-packages/airflow/example_dags/example_skip_dag.py
[2026-06-19T16:43:49.171+0000] {processor.py:914} INFO - Processing file /home/airflow/.local/lib/python3.12/site-packages/airflow/example_dags/example_skip_dag.py for tasks to queue
[2026-06-19T16:43:49.182+0000] {logging_mixin.py:190} INFO - [2026-06-19T16:43:49.180+0000] {dagbag.py:588} INFO - Filling up the DagBag from /home/airflow/.local/lib/python3.12/site-packages/airflow/example_dags/example_skip_dag.py
[2026-06-19T16:43:49.212+0000] {processor.py:925} INFO - DAG(s) 'example_skip_dag' retrieved from /home/airflow/.local/lib/python3.12/site-packages/airflow/example_dags/example_skip_dag.py
[2026-06-19T16:43:49.300+0000] {logging_mixin.py:190} INFO - [2026-06-19T16:43:49.299+0000] {dag.py:3239} INFO - Sync 1 DAGs
[2026-06-19T16:43:49.423+0000] {logging_mixin.py:190} INFO - [2026-06-19T16:43:49.423+0000] {dag.py:4180} INFO - Setting next_dagrun for example_skip_dag to 2026-06-18 00:00:00+00:00, run_after=2026-06-19 00:00:00+00:00
[2026-06-19T16:43:49.531+0000] {processor.py:208} INFO - Processing /home/airflow/.local/lib/python3.12/site-packages/airflow/example_dags/example_skip_dag.py took 0.390 seconds
[2026-06-19T16:44:28.463+0000] {processor.py:186} INFO - Started process (PID=323) to work on /home/airflow/.local/lib/python3.12/site-packages/airflow/example_dags/example_skip_dag.py
[2026-06-19T16:44:28.467+0000] {processor.py:914} INFO - Processing file /home/airflow/.local/lib/python3.12/site-packages/airflow/example_dags/example_skip_dag.py for tasks to queue
[2026-06-19T16:44:28.480+0000] {logging_mixin.py:190} INFO - [2026-06-19T16:44:28.478+0000] {dagbag.py:588} INFO - Filling up the DagBag from /home/airflow/.local/lib/python3.12/site-packages/airflow/example_dags/example_skip_dag.py
[2026-06-19T16:44:28.510+0000] {processor.py:925} INFO - DAG(s) 'example_skip_dag' retrieved from /home/airflow/.local/lib/python3.12/site-packages/airflow/example_dags/example_skip_dag.py
[2026-06-19T16:44:28.578+0000] {logging_mixin.py:190} INFO - [2026-06-19T16:44:28.577+0000] {dag.py:3239} INFO - Sync 1 DAGs
[2026-06-19T16:44:28.686+0000] {logging_mixin.py:190} INFO - [2026-06-19T16:44:28.685+0000] {dag.py:4180} INFO - Setting next_dagrun for example_skip_dag to 2026-06-18 00:00:00+00:00, run_after=2026-06-19 00:00:00+00:00
[2026-06-19T16:44:28.784+0000] {processor.py:208} INFO - Processing /home/airflow/.local/lib/python3.12/site-packages/airflow/example_dags/example_skip_dag.py took 0.342 seconds
[2026-06-19T16:44:59.457+0000] {processor.py:186} INFO - Started process (PID=387) to work on /home/airflow/.local/lib/python3.12/site-packages/airflow/example_dags/example_skip_dag.py
[2026-06-19T16:44:59.461+0000] {processor.py:914} INFO - Processing file /home/airflow/.local/lib/python3.12/site-packages/airflow/example_dags/example_skip_dag.py for tasks to queue
[2026-06-19T16:44:59.470+0000] {logging_mixin.py:190} INFO - [2026-06-19T16:44:59.469+0000] {dagbag.py:588} INFO - Filling up the DagBag from /home/airflow/.local/lib/python3.12/site-packages/airflow/example_dags/example_skip_dag.py
[2026-06-19T16:44:59.498+0000] {processor.py:925} INFO - DAG(s) 'example_skip_dag' retrieved from /home/airflow/.local/lib/python3.12/site-packages/airflow/example_dags/example_skip_dag.py
[2026-06-19T16:44:59.569+0000] {logging_mixin.py:190} INFO - [2026-06-19T16:44:59.568+0000] {dag.py:3239} INFO - Sync 1 DAGs
[2026-06-19T16:44:59.647+0000] {logging_mixin.py:190} INFO - [2026-06-19T16:44:59.646+0000] {dag.py:4180} INFO - Setting next_dagrun for example_skip_dag to 2026-06-18 00:00:00+00:00, run_after=2026-06-19 00:00:00+00:00
[2026-06-19T16:44:59.708+0000] {processor.py:208} INFO - Processing /home/airflow/.local/lib/python3.12/site-packages/airflow/example_dags/example_skip_dag.py took 0.268 seconds
[2026-06-19T16:45:29.900+0000] {processor.py:186} INFO - Started process (PID=447) to work on /home/airflow/.local/lib/python3.12/site-packages/airflow/example_dags/example_skip_dag.py
[2026-06-19T16:45:29.913+0000] {processor.py:914} INFO - Processing file /home/airflow/.local/lib/python3.12/site-packages/airflow/example_dags/example_skip_dag.py for tasks to queue
[2026-06-19T16:45:29.930+0000] {logging_mixin.py:190} INFO - [2026-06-19T16:45:29.928+0000] {dagbag.py:588} INFO - Filling up the DagBag from /home/airflow/.local/lib/python3.12/site-packages/airflow/example_dags/example_skip_dag.py
[2026-06-19T16:45:29.965+0000] {processor.py:925} INFO - DAG(s) 'example_skip_dag' retrieved from /home/airflow/.local/lib/python3.12/site-packages/airflow/example_dags/example_skip_dag.py
[2026-06-19T16:45:30.066+0000] {logging_mixin.py:190} INFO - [2026-06-19T16:45:30.066+0000] {dag.py:3239} INFO - Sync 1 DAGs
[2026-06-19T16:45:30.179+0000] {logging_mixin.py:190} INFO - [2026-06-19T16:45:30.179+0000] {dag.py:4180} INFO - Setting next_dagrun for example_skip_dag to 2026-06-18 00:00:00+00:00, run_after=2026-06-19 00:00:00+00:00
[2026-06-19T16:45:30.244+0000] {processor.py:208} INFO - Processing /home/airflow/.local/lib/python3.12/site-packages/airflow/example_dags/example_skip_dag.py took 0.380 seconds
[2026-06-19T16:46:01.007+0000] {processor.py:186} INFO - Started process (PID=511) to work on /home/airflow/.local/lib/python3.12/site-packages/airflow/example_dags/example_skip_dag.py
[2026-06-19T16:46:01.014+0000] {processor.py:914} INFO - Processing file /home/airflow/.local/lib/python3.12/site-packages/airflow/example_dags/example_skip_dag.py for tasks to queue
[2026-06-19T16:46:01.026+0000] {logging_mixin.py:190} INFO - [2026-06-19T16:46:01.025+0000] {dagbag.py:588} INFO - Filling up the DagBag from /home/airflow/.local/lib/python3.12/site-packages/airflow/example_dags/example_skip_dag.py
[2026-06-19T16:46:01.047+0000] {processor.py:925} INFO - DAG(s) 'example_skip_dag' retrieved from /home/airflow/.local/lib/python3.12/site-packages/airflow/example_dags/example_skip_dag.py
[2026-06-19T16:46:01.134+0000] {logging_mixin.py:190} INFO - [2026-06-19T16:46:01.133+0000] {dag.py:3239} INFO - Sync 1 DAGs
[2026-06-19T16:46:01.252+0000] {logging_mixin.py:190} INFO - [2026-06-19T16:46:01.251+0000] {dag.py:4180} INFO - Setting next_dagrun for example_skip_dag to 2026-06-18 00:00:00+00:00, run_after=2026-06-19 00:00:00+00:00
[2026-06-19T16:46:01.307+0000] {processor.py:208} INFO - Processing /home/airflow/.local/lib/python3.12/site-packages/airflow/example_dags/example_skip_dag.py took 0.329 seconds
[2026-06-19T16:46:31.528+0000] {processor.py:186} INFO - Started process (PID=573) to work on /home/airflow/.local/lib/python3.12/site-packages/airflow/example_dags/example_skip_dag.py
[2026-06-19T16:46:31.532+0000] {processor.py:914} INFO - Processing file /home/airflow/.local/lib/python3.12/site-packages/airflow/example_dags/example_skip_dag.py for tasks to queue
[2026-06-19T16:46:31.545+0000] {logging_mixin.py:190} INFO - [2026-06-19T16:46:31.543+0000] {dagbag.py:588} INFO - Filling up the DagBag from /home/airflow/.local/lib/python3.12/site-packages/airflow/example_dags/example_skip_dag.py
[2026-06-19T16:46:31.567+0000] {processor.py:925} INFO - DAG(s) 'example_skip_dag' retrieved from /home/airflow/.local/lib/python3.12/site-packages/airflow/example_dags/example_skip_dag.py
[2026-06-19T16:46:31.622+0000] {logging_mixin.py:190} INFO - [2026-06-19T16:46:31.621+0000] {dag.py:3239} INFO - Sync 1 DAGs
[2026-06-19T16:46:31.682+0000] {logging_mixin.py:190} INFO - [2026-06-19T16:46:31.681+0000] {dag.py:4180} INFO - Setting next_dagrun for example_skip_dag to 2026-06-18 00:00:00+00:00, run_after=2026-06-19 00:00:00+00:00
[2026-06-19T16:46:31.732+0000] {processor.py:208} INFO - Processing /home/airflow/.local/lib/python3.12/site-packages/airflow/example_dags/example_skip_dag.py took 0.223 seconds
[2026-06-19T16:47:02.475+0000] {processor.py:186} INFO - Started process (PID=637) to work on /home/airflow/.local/lib/python3.12/site-packages/airflow/example_dags/example_skip_dag.py
[2026-06-19T16:47:02.479+0000] {processor.py:914} INFO - Processing file /home/airflow/.local/lib/python3.12/site-packages/airflow/example_dags/example_skip_dag.py for tasks to queue
[2026-06-19T16:47:02.488+0000] {logging_mixin.py:190} INFO - [2026-06-19T16:47:02.487+0000] {dagbag.py:588} INFO - Filling up the DagBag from /home/airflow/.local/lib/python3.12/site-packages/airflow/example_dags/example_skip_dag.py
[2026-06-19T16:47:02.514+0000] {processor.py:925} INFO - DAG(s) 'example_skip_dag' retrieved from /home/airflow/.local/lib/python3.12/site-packages/airflow/example_dags/example_skip_dag.py
[2026-06-19T16:47:02.584+0000] {logging_mixin.py:190} INFO - [2026-06-19T16:47:02.583+0000] {dag.py:3239} INFO - Sync 1 DAGs
[2026-06-19T16:47:02.664+0000] {logging_mixin.py:190} INFO - [2026-06-19T16:47:02.663+0000] {dag.py:4180} INFO - Setting next_dagrun for example_skip_dag to 2026-06-18 00:00:00+00:00, run_after=2026-06-19 00:00:00+00:00
[2026-06-19T16:47:02.711+0000] {processor.py:208} INFO - Processing /home/airflow/.local/lib/python3.12/site-packages/airflow/example_dags/example_skip_dag.py took 0.254 seconds
[2026-06-19T16:47:32.878+0000] {processor.py:186} INFO - Started process (PID=701) to work on /home/airflow/.local/lib/python3.12/site-packages/airflow/example_dags/example_skip_dag.py
[2026-06-19T16:47:32.884+0000] {processor.py:914} INFO - Processing file /home/airflow/.local/lib/python3.12/site-packages/airflow/example_dags/example_skip_dag.py for tasks to queue
[2026-06-19T16:47:32.892+0000] {logging_mixin.py:190} INFO - [2026-06-19T16:47:32.891+0000] {dagbag.py:588} INFO - Filling up the DagBag from /home/airflow/.local/lib/python3.12/site-packages/airflow/example_dags/example_skip_dag.py
[2026-06-19T16:47:32.924+0000] {processor.py:925} INFO - DAG(s) 'example_skip_dag' retrieved from /home/airflow/.local/lib/python3.12/site-packages/airflow/example_dags/example_skip_dag.py
[2026-06-19T16:47:33.003+0000] {logging_mixin.py:190} INFO - [2026-06-19T16:47:33.002+0000] {dag.py:3239} INFO - Sync 1 DAGs
[2026-06-19T16:47:33.070+0000] {logging_mixin.py:190} INFO - [2026-06-19T16:47:33.069+0000] {dag.py:4180} INFO - Setting next_dagrun for example_skip_dag to 2026-06-18 00:00:00+00:00, run_after=2026-06-19 00:00:00+00:00
[2026-06-19T16:47:33.122+0000] {processor.py:208} INFO - Processing /home/airflow/.local/lib/python3.12/site-packages/airflow/example_dags/example_skip_dag.py took 0.266 seconds
[2026-06-19T16:48:03.983+0000] {processor.py:186} INFO - Started process (PID=764) to work on /home/airflow/.local/lib/python3.12/site-packages/airflow/example_dags/example_skip_dag.py
[2026-06-19T16:48:03.995+0000] {processor.py:914} INFO - Processing file /home/airflow/.local/lib/python3.12/site-packages/airflow/example_dags/example_skip_dag.py for tasks to queue
[2026-06-19T16:48:04.020+0000] {logging_mixin.py:190} INFO - [2026-06-19T16:48:04.018+0000] {dagbag.py:588} INFO - Filling up the DagBag from /home/airflow/.local/lib/python3.12/site-packages/airflow/example_dags/example_skip_dag.py
[2026-06-19T16:48:04.109+0000] {processor.py:925} INFO - DAG(s) 'example_skip_dag' retrieved from /home/airflow/.local/lib/python3.12/site-packages/airflow/example_dags/example_skip_dag.py
[2026-06-19T16:48:04.191+0000] {logging_mixin.py:190} INFO - [2026-06-19T16:48:04.191+0000] {dag.py:3239} INFO - Sync 1 DAGs
[2026-06-19T16:48:04.282+0000] {logging_mixin.py:190} INFO - [2026-06-19T16:48:04.281+0000] {dag.py:4180} INFO - Setting next_dagrun for example_skip_dag to 2026-06-18 00:00:00+00:00, run_after=2026-06-19 00:00:00+00:00
[2026-06-19T16:48:04.369+0000] {processor.py:208} INFO - Processing /home/airflow/.local/lib/python3.12/site-packages/airflow/example_dags/example_skip_dag.py took 0.430 seconds
[2026-06-19T16:48:34.773+0000] {processor.py:186} INFO - Started process (PID=826) to work on /home/airflow/.local/lib/python3.12/site-packages/airflow/example_dags/example_skip_dag.py
[2026-06-19T16:48:34.777+0000] {processor.py:914} INFO - Processing file /home/airflow/.local/lib/python3.12/site-packages/airflow/example_dags/example_skip_dag.py for tasks to queue
[2026-06-19T16:48:34.786+0000] {logging_mixin.py:190} INFO - [2026-06-19T16:48:34.785+0000] {dagbag.py:588} INFO - Filling up the DagBag from /home/airflow/.local/lib/python3.12/site-packages/airflow/example_dags/example_skip_dag.py
[2026-06-19T16:48:34.816+0000] {processor.py:925} INFO - DAG(s) 'example_skip_dag' retrieved from /home/airflow/.local/lib/python3.12/site-packages/airflow/example_dags/example_skip_dag.py
[2026-06-19T16:48:34.889+0000] {logging_mixin.py:190} INFO - [2026-06-19T16:48:34.888+0000] {dag.py:3239} INFO - Sync 1 DAGs
[2026-06-19T16:48:34.981+0000] {logging_mixin.py:190} INFO - [2026-06-19T16:48:34.980+0000] {dag.py:4180} INFO - Setting next_dagrun for example_skip_dag to 2026-06-18 00:00:00+00:00, run_after=2026-06-19 00:00:00+00:00
[2026-06-19T16:48:35.043+0000] {processor.py:208} INFO - Processing /home/airflow/.local/lib/python3.12/site-packages/airflow/example_dags/example_skip_dag.py took 0.291 seconds
[2026-06-19T16:49:05.265+0000] {processor.py:186} INFO - Started process (PID=888) to work on /home/airflow/.local/lib/python3.12/site-packages/airflow/example_dags/example_skip_dag.py
[2026-06-19T16:49:05.272+0000] {processor.py:914} INFO - Processing file /home/airflow/.local/lib/python3.12/site-packages/airflow/example_dags/example_skip_dag.py for tasks to queue
[2026-06-19T16:49:05.281+0000] {logging_mixin.py:190} INFO - [2026-06-19T16:49:05.281+0000] {dagbag.py:588} INFO - Filling up the DagBag from /home/airflow/.local/lib/python3.12/site-packages/airflow/example_dags/example_skip_dag.py
[2026-06-19T16:49:05.332+0000] {processor.py:925} INFO - DAG(s) 'example_skip_dag' retrieved from /home/airflow/.local/lib/python3.12/site-packages/airflow/example_dags/example_skip_dag.py
[2026-06-19T16:49:05.568+0000] {logging_mixin.py:190} INFO - [2026-06-19T16:49:05.567+0000] {dag.py:3239} INFO - Sync 1 DAGs
[2026-06-19T16:49:05.825+0000] {logging_mixin.py:190} INFO - [2026-06-19T16:49:05.825+0000] {dag.py:4180} INFO - Setting next_dagrun for example_skip_dag to 2026-06-18 00:00:00+00:00, run_after=2026-06-19 00:00:00+00:00
[2026-06-19T16:49:05.961+0000] {processor.py:208} INFO - Processing /home/airflow/.local/lib/python3.12/site-packages/airflow/example_dags/example_skip_dag.py took 0.762 seconds
[2026-06-19T16:49:36.713+0000] {processor.py:186} INFO - Started process (PID=952) to work on /home/airflow/.local/lib/python3.12/site-packages/airflow/example_dags/example_skip_dag.py
[2026-06-19T16:49:36.720+0000] {processor.py:914} INFO - Processing file /home/airflow/.local/lib/python3.12/site-packages/airflow/example_dags/example_skip_dag.py for tasks to queue
[2026-06-19T16:49:36.732+0000] {logging_mixin.py:190} INFO - [2026-06-19T16:49:36.730+0000] {dagbag.py:588} INFO - Filling up the DagBag from /home/airflow/.local/lib/python3.12/site-packages/airflow/example_dags/example_skip_dag.py
[2026-06-19T16:49:36.780+0000] {processor.py:925} INFO - DAG(s) 'example_skip_dag' retrieved from /home/airflow/.local/lib/python3.12/site-packages/airflow/example_dags/example_skip_dag.py
[2026-06-19T16:49:36.865+0000] {logging_mixin.py:190} INFO - [2026-06-19T16:49:36.863+0000] {dag.py:3239} INFO - Sync 1 DAGs
[2026-06-19T16:49:36.936+0000] {logging_mixin.py:190} INFO - [2026-06-19T16:49:36.935+0000] {dag.py:4180} INFO - Setting next_dagrun for example_skip_dag to 2026-06-18 00:00:00+00:00, run_after=2026-06-19 00:00:00+00:00
[2026-06-19T16:49:36.981+0000] {processor.py:208} INFO - Processing /home/airflow/.local/lib/python3.12/site-packages/airflow/example_dags/example_skip_dag.py took 0.293 seconds
[2026-06-19T16:50:07.179+0000] {processor.py:186} INFO - Started process (PID=1016) to work on /home/airflow/.local/lib/python3.12/site-packages/airflow/example_dags/example_skip_dag.py
[2026-06-19T16:50:07.184+0000] {processor.py:914} INFO - Processing file /home/airflow/.local/lib/python3.12/site-packages/airflow/example_dags/example_skip_dag.py for tasks to queue
[2026-06-19T16:50:07.191+0000] {logging_mixin.py:190} INFO - [2026-06-19T16:50:07.191+0000] {dagbag.py:588} INFO - Filling up the DagBag from /home/airflow/.local/lib/python3.12/site-packages/airflow/example_dags/example_skip_dag.py
[2026-06-19T16:50:07.223+0000] {processor.py:925} INFO - DAG(s) 'example_skip_dag' retrieved from /home/airflow/.local/lib/python3.12/site-packages/airflow/example_dags/example_skip_dag.py
[2026-06-19T16:50:07.314+0000] {logging_mixin.py:190} INFO - [2026-06-19T16:50:07.314+0000] {dag.py:3239} INFO - Sync 1 DAGs
[2026-06-19T16:50:07.401+0000] {logging_mixin.py:190} INFO - [2026-06-19T16:50:07.400+0000] {dag.py:4180} INFO - Setting next_dagrun for example_skip_dag to 2026-06-18 00:00:00+00:00, run_after=2026-06-19 00:00:00+00:00
[2026-06-19T16:50:07.484+0000] {processor.py:208} INFO - Processing /home/airflow/.local/lib/python3.12/site-packages/airflow/example_dags/example_skip_dag.py took 0.324 seconds
[2026-06-19T16:50:37.825+0000] {processor.py:186} INFO - Started process (PID=1079) to work on /home/airflow/.local/lib/python3.12/site-packages/airflow/example_dags/example_skip_dag.py
[2026-06-19T16:50:37.830+0000] {processor.py:914} INFO - Processing file /home/airflow/.local/lib/python3.12/site-packages/airflow/example_dags/example_skip_dag.py for tasks to queue
[2026-06-19T16:50:37.843+0000] {logging_mixin.py:190} INFO - [2026-06-19T16:50:37.842+0000] {dagbag.py:588} INFO - Filling up the DagBag from /home/airflow/.local/lib/python3.12/site-packages/airflow/example_dags/example_skip_dag.py
[2026-06-19T16:50:37.870+0000] {processor.py:925} INFO - DAG(s) 'example_skip_dag' retrieved from /home/airflow/.local/lib/python3.12/site-packages/airflow/example_dags/example_skip_dag.py
[2026-06-19T16:50:37.951+0000] {logging_mixin.py:190} INFO - [2026-06-19T16:50:37.949+0000] {dag.py:3239} INFO - Sync 1 DAGs
[2026-06-19T16:50:38.044+0000] {logging_mixin.py:190} INFO - [2026-06-19T16:50:38.043+0000] {dag.py:4180} INFO - Setting next_dagrun for example_skip_dag to 2026-06-18 00:00:00+00:00, run_after=2026-06-19 00:00:00+00:00
[2026-06-19T16:50:38.131+0000] {processor.py:208} INFO - Processing /home/airflow/.local/lib/python3.12/site-packages/airflow/example_dags/example_skip_dag.py took 0.329 seconds
[2026-06-19T16:51:08.551+0000] {processor.py:186} INFO - Started process (PID=1143) to work on /home/airflow/.local/lib/python3.12/site-packages/airflow/example_dags/example_skip_dag.py
[2026-06-19T16:51:08.555+0000] {processor.py:914} INFO - Processing file /home/airflow/.local/lib/python3.12/site-packages/airflow/example_dags/example_skip_dag.py for tasks to queue
[2026-06-19T16:51:08.563+0000] {logging_mixin.py:190} INFO - [2026-06-19T16:51:08.562+0000] {dagbag.py:588} INFO - Filling up the DagBag from /home/airflow/.local/lib/python3.12/site-packages/airflow/example_dags/example_skip_dag.py
[2026-06-19T16:51:08.589+0000] {processor.py:925} INFO - DAG(s) 'example_skip_dag' retrieved from /home/airflow/.local/lib/python3.12/site-packages/airflow/example_dags/example_skip_dag.py
[2026-06-19T16:51:08.677+0000] {logging_mixin.py:190} INFO - [2026-06-19T16:51:08.676+0000] {dag.py:3239} INFO - Sync 1 DAGs
[2026-06-19T16:51:08.790+0000] {logging_mixin.py:190} INFO - [2026-06-19T16:51:08.789+0000] {dag.py:4180} INFO - Setting next_dagrun for example_skip_dag to 2026-06-18 00:00:00+00:00, run_after=2026-06-19 00:00:00+00:00
[2026-06-19T16:51:08.853+0000] {processor.py:208} INFO - Processing /home/airflow/.local/lib/python3.12/site-packages/airflow/example_dags/example_skip_dag.py took 0.320 seconds
[2026-06-19T16:51:39.247+0000] {processor.py:186} INFO - Started process (PID=1207) to work on /home/airflow/.local/lib/python3.12/site-packages/airflow/example_dags/example_skip_dag.py
[2026-06-19T16:51:39.251+0000] {processor.py:914} INFO - Processing file /home/airflow/.local/lib/python3.12/site-packages/airflow/example_dags/example_skip_dag.py for tasks to queue
[2026-06-19T16:51:39.258+0000] {logging_mixin.py:190} INFO - [2026-06-19T16:51:39.258+0000] {dagbag.py:588} INFO - Filling up the DagBag from /home/airflow/.local/lib/python3.12/site-packages/airflow/example_dags/example_skip_dag.py
[2026-06-19T16:51:39.282+0000] {processor.py:925} INFO - DAG(s) 'example_skip_dag' retrieved from /home/airflow/.local/lib/python3.12/site-packages/airflow/example_dags/example_skip_dag.py
[2026-06-19T16:51:39.338+0000] {logging_mixin.py:190} INFO - [2026-06-19T16:51:39.338+0000] {dag.py:3239} INFO - Sync 1 DAGs
[2026-06-19T16:51:39.387+0000] {logging_mixin.py:190} INFO - [2026-06-19T16:51:39.387+0000] {dag.py:4180} INFO - Setting next_dagrun for example_skip_dag to 2026-06-18 00:00:00+00:00, run_after=2026-06-19 00:00:00+00:00
[2026-06-19T16:51:39.434+0000] {processor.py:208} INFO - Processing /home/airflow/.local/lib/python3.12/site-packages/airflow/example_dags/example_skip_dag.py took 0.203 seconds
[2026-06-19T16:52:09.560+0000] {processor.py:186} INFO - Started process (PID=1270) to work on /home/airflow/.local/lib/python3.12/site-packages/airflow/example_dags/example_skip_dag.py
[2026-06-19T16:52:09.566+0000] {processor.py:914} INFO - Processing file /home/airflow/.local/lib/python3.12/site-packages/airflow/example_dags/example_skip_dag.py for tasks to queue
[2026-06-19T16:52:09.575+0000] {logging_mixin.py:190} INFO - [2026-06-19T16:52:09.574+0000] {dagbag.py:588} INFO - Filling up the DagBag from /home/airflow/.local/lib/python3.12/site-packages/airflow/example_dags/example_skip_dag.py
[2026-06-19T16:52:09.603+0000] {processor.py:925} INFO - DAG(s) 'example_skip_dag' retrieved from /home/airflow/.local/lib/python3.12/site-packages/airflow/example_dags/example_skip_dag.py
[2026-06-19T16:52:09.656+0000] {logging_mixin.py:190} INFO - [2026-06-19T16:52:09.655+0000] {dag.py:3239} INFO - Sync 1 DAGs
[2026-06-19T16:52:09.719+0000] {logging_mixin.py:190} INFO - [2026-06-19T16:52:09.718+0000] {dag.py:4180} INFO - Setting next_dagrun for example_skip_dag to 2026-06-18 00:00:00+00:00, run_after=2026-06-19 00:00:00+00:00
[2026-06-19T16:52:09.777+0000] {processor.py:208} INFO - Processing /home/airflow/.local/lib/python3.12/site-packages/airflow/example_dags/example_skip_dag.py took 0.237 seconds
[2026-06-19T16:52:39.980+0000] {processor.py:186} INFO - Started process (PID=1334) to work on /home/airflow/.local/lib/python3.12/site-packages/airflow/example_dags/example_skip_dag.py
[2026-06-19T16:52:39.986+0000] {processor.py:914} INFO - Processing file /home/airflow/.local/lib/python3.12/site-packages/airflow/example_dags/example_skip_dag.py for tasks to queue
[2026-06-19T16:52:39.994+0000] {logging_mixin.py:190} INFO - [2026-06-19T16:52:39.993+0000] {dagbag.py:588} INFO - Filling up the DagBag from /home/airflow/.local/lib/python3.12/site-packages/airflow/example_dags/example_skip_dag.py
[2026-06-19T16:52:40.024+0000] {processor.py:925} INFO - DAG(s) 'example_skip_dag' retrieved from /home/airflow/.local/lib/python3.12/site-packages/airflow/example_dags/example_skip_dag.py
[2026-06-19T16:52:40.094+0000] {logging_mixin.py:190} INFO - [2026-06-19T16:52:40.093+0000] {dag.py:3239} INFO - Sync 1 DAGs
[2026-06-19T16:52:40.163+0000] {logging_mixin.py:190} INFO - [2026-06-19T16:52:40.162+0000] {dag.py:4180} INFO - Setting next_dagrun for example_skip_dag to 2026-06-18 00:00:00+00:00, run_after=2026-06-19 00:00:00+00:00
[2026-06-19T16:52:40.218+0000] {processor.py:208} INFO - Processing /home/airflow/.local/lib/python3.12/site-packages/airflow/example_dags/example_skip_dag.py took 0.258 seconds
[2026-06-19T16:53:10.690+0000] {processor.py:186} INFO - Started process (PID=1397) to work on /home/airflow/.local/lib/python3.12/site-packages/airflow/example_dags/example_skip_dag.py
[2026-06-19T16:53:10.701+0000] {processor.py:914} INFO - Processing file /home/airflow/.local/lib/python3.12/site-packages/airflow/example_dags/example_skip_dag.py for tasks to queue
[2026-06-19T16:53:10.716+0000] {logging_mixin.py:190} INFO - [2026-06-19T16:53:10.714+0000] {dagbag.py:588} INFO - Filling up the DagBag from /home/airflow/.local/lib/python3.12/site-packages/airflow/example_dags/example_skip_dag.py
[2026-06-19T16:53:10.784+0000] {processor.py:925} INFO - DAG(s) 'example_skip_dag' retrieved from /home/airflow/.local/lib/python3.12/site-packages/airflow/example_dags/example_skip_dag.py
[2026-06-19T16:53:10.918+0000] {logging_mixin.py:190} INFO - [2026-06-19T16:53:10.917+0000] {dag.py:3239} INFO - Sync 1 DAGs
[2026-06-19T16:53:11.054+0000] {logging_mixin.py:190} INFO - [2026-06-19T16:53:11.053+0000] {dag.py:4180} INFO - Setting next_dagrun for example_skip_dag to 2026-06-18 00:00:00+00:00, run_after=2026-06-19 00:00:00+00:00
[2026-06-19T16:53:11.114+0000] {processor.py:208} INFO - Processing /home/airflow/.local/lib/python3.12/site-packages/airflow/example_dags/example_skip_dag.py took 0.464 seconds
[2026-06-19T16:53:42.141+0000] {processor.py:186} INFO - Started process (PID=1461) to work on /home/airflow/.local/lib/python3.12/site-packages/airflow/example_dags/example_skip_dag.py
[2026-06-19T16:53:42.147+0000] {processor.py:914} INFO - Processing file /home/airflow/.local/lib/python3.12/site-packages/airflow/example_dags/example_skip_dag.py for tasks to queue
[2026-06-19T16:53:42.154+0000] {logging_mixin.py:190} INFO - [2026-06-19T16:53:42.153+0000] {dagbag.py:588} INFO - Filling up the DagBag from /home/airflow/.local/lib/python3.12/site-packages/airflow/example_dags/example_skip_dag.py
[2026-06-19T16:53:42.174+0000] {processor.py:925} INFO - DAG(s) 'example_skip_dag' retrieved from /home/airflow/.local/lib/python3.12/site-packages/airflow/example_dags/example_skip_dag.py
[2026-06-19T16:53:42.239+0000] {logging_mixin.py:190} INFO - [2026-06-19T16:53:42.238+0000] {dag.py:3239} INFO - Sync 1 DAGs
[2026-06-19T16:53:42.325+0000] {logging_mixin.py:190} INFO - [2026-06-19T16:53:42.325+0000] {dag.py:4180} INFO - Setting next_dagrun for example_skip_dag to 2026-06-18 00:00:00+00:00, run_after=2026-06-19 00:00:00+00:00
[2026-06-19T16:53:42.378+0000] {processor.py:208} INFO - Processing /home/airflow/.local/lib/python3.12/site-packages/airflow/example_dags/example_skip_dag.py took 0.251 seconds
[2026-06-19T16:54:13.124+0000] {processor.py:186} INFO - Started process (PID=1525) to work on /home/airflow/.local/lib/python3.12/site-packages/airflow/example_dags/example_skip_dag.py
[2026-06-19T16:54:13.127+0000] {processor.py:914} INFO - Processing file /home/airflow/.local/lib/python3.12/site-packages/airflow/example_dags/example_skip_dag.py for tasks to queue
[2026-06-19T16:54:13.199+0000] {logging_mixin.py:190} INFO - [2026-06-19T16:54:13.198+0000] {dagbag.py:588} INFO - Filling up the DagBag from /home/airflow/.local/lib/python3.12/site-packages/airflow/example_dags/example_skip_dag.py
[2026-06-19T16:54:13.263+0000] {processor.py:925} INFO - DAG(s) 'example_skip_dag' retrieved from /home/airflow/.local/lib/python3.12/site-packages/airflow/example_dags/example_skip_dag.py
[2026-06-19T16:54:13.319+0000] {logging_mixin.py:190} INFO - [2026-06-19T16:54:13.318+0000] {dag.py:3239} INFO - Sync 1 DAGs
[2026-06-19T16:54:13.386+0000] {logging_mixin.py:190} INFO - [2026-06-19T16:54:13.385+0000] {dag.py:4180} INFO - Setting next_dagrun for example_skip_dag to 2026-06-18 00:00:00+00:00, run_after=2026-06-19 00:00:00+00:00
[2026-06-19T16:54:13.431+0000] {processor.py:208} INFO - Processing /home/airflow/.local/lib/python3.12/site-packages/airflow/example_dags/example_skip_dag.py took 0.322 seconds
[2026-06-19T16:54:44.172+0000] {processor.py:186} INFO - Started process (PID=1588) to work on /home/airflow/.local/lib/python3.12/site-packages/airflow/example_dags/example_skip_dag.py
[2026-06-19T16:54:44.178+0000] {processor.py:914} INFO - Processing file /home/airflow/.local/lib/python3.12/site-packages/airflow/example_dags/example_skip_dag.py for tasks to queue
[2026-06-19T16:54:44.193+0000] {logging_mixin.py:190} INFO - [2026-06-19T16:54:44.192+0000] {dagbag.py:588} INFO - Filling up the DagBag from /home/airflow/.local/lib/python3.12/site-packages/airflow/example_dags/example_skip_dag.py
[2026-06-19T16:54:44.231+0000] {processor.py:925} INFO - DAG(s) 'example_skip_dag' retrieved from /home/airflow/.local/lib/python3.12/site-packages/airflow/example_dags/example_skip_dag.py
[2026-06-19T16:54:44.302+0000] {logging_mixin.py:190} INFO - [2026-06-19T16:54:44.301+0000] {dag.py:3239} INFO - Sync 1 DAGs
[2026-06-19T16:54:44.369+0000] {logging_mixin.py:190} INFO - [2026-06-19T16:54:44.369+0000] {dag.py:4180} INFO - Setting next_dagrun for example_skip_dag to 2026-06-18 00:00:00+00:00, run_after=2026-06-19 00:00:00+00:00
[2026-06-19T16:54:44.415+0000] {processor.py:208} INFO - Processing /home/airflow/.local/lib/python3.12/site-packages/airflow/example_dags/example_skip_dag.py took 0.268 seconds
[2026-06-19T16:55:16.202+0000] {processor.py:186} INFO - Started process (PID=1650) to work on /home/airflow/.local/lib/python3.12/site-packages/airflow/example_dags/example_skip_dag.py
[2026-06-19T16:55:16.220+0000] {processor.py:914} INFO - Processing file /home/airflow/.local/lib/python3.12/site-packages/airflow/example_dags/example_skip_dag.py for tasks to queue
[2026-06-19T16:55:16.243+0000] {logging_mixin.py:190} INFO - [2026-06-19T16:55:16.231+0000] {dagbag.py:588} INFO - Filling up the DagBag from /home/airflow/.local/lib/python3.12/site-packages/airflow/example_dags/example_skip_dag.py
[2026-06-19T16:55:16.300+0000] {processor.py:925} INFO - DAG(s) 'example_skip_dag' retrieved from /home/airflow/.local/lib/python3.12/site-packages/airflow/example_dags/example_skip_dag.py
[2026-06-19T16:55:16.395+0000] {logging_mixin.py:190} INFO - [2026-06-19T16:55:16.394+0000] {dag.py:3239} INFO - Sync 1 DAGs
[2026-06-19T16:55:16.473+0000] {logging_mixin.py:190} INFO - [2026-06-19T16:55:16.472+0000] {dag.py:4180} INFO - Setting next_dagrun for example_skip_dag to 2026-06-18 00:00:00+00:00, run_after=2026-06-19 00:00:00+00:00
[2026-06-19T16:55:16.532+0000] {processor.py:208} INFO - Processing /home/airflow/.local/lib/python3.12/site-packages/airflow/example_dags/example_skip_dag.py took 0.360 seconds
[2026-06-19T16:55:47.006+0000] {processor.py:186} INFO - Started process (PID=1714) to work on /home/airflow/.local/lib/python3.12/site-packages/airflow/example_dags/example_skip_dag.py
[2026-06-19T16:55:47.009+0000] {processor.py:914} INFO - Processing file /home/airflow/.local/lib/python3.12/site-packages/airflow/example_dags/example_skip_dag.py for tasks to queue
[2026-06-19T16:55:47.014+0000] {logging_mixin.py:190} INFO - [2026-06-19T16:55:47.013+0000] {dagbag.py:588} INFO - Filling up the DagBag from /home/airflow/.local/lib/python3.12/site-packages/airflow/example_dags/example_skip_dag.py
[2026-06-19T16:55:47.028+0000] {processor.py:925} INFO - DAG(s) 'example_skip_dag' retrieved from /home/airflow/.local/lib/python3.12/site-packages/airflow/example_dags/example_skip_dag.py
[2026-06-19T16:55:47.060+0000] {logging_mixin.py:190} INFO - [2026-06-19T16:55:47.060+0000] {dag.py:3239} INFO - Sync 1 DAGs
[2026-06-19T16:55:47.096+0000] {logging_mixin.py:190} INFO - [2026-06-19T16:55:47.096+0000] {dag.py:4180} INFO - Setting next_dagrun for example_skip_dag to 2026-06-18 00:00:00+00:00, run_after=2026-06-19 00:00:00+00:00
[2026-06-19T16:55:47.126+0000] {processor.py:208} INFO - Processing /home/airflow/.local/lib/python3.12/site-packages/airflow/example_dags/example_skip_dag.py took 0.127 seconds
[2026-06-19T16:56:17.460+0000] {processor.py:186} INFO - Started process (PID=1778) to work on /home/airflow/.local/lib/python3.12/site-packages/airflow/example_dags/example_skip_dag.py
[2026-06-19T16:56:17.464+0000] {processor.py:914} INFO - Processing file /home/airflow/.local/lib/python3.12/site-packages/airflow/example_dags/example_skip_dag.py for tasks to queue
[2026-06-19T16:56:17.472+0000] {logging_mixin.py:190} INFO - [2026-06-19T16:56:17.470+0000] {dagbag.py:588} INFO - Filling up the DagBag from /home/airflow/.local/lib/python3.12/site-packages/airflow/example_dags/example_skip_dag.py
[2026-06-19T16:56:17.494+0000] {processor.py:925} INFO - DAG(s) 'example_skip_dag' retrieved from /home/airflow/.local/lib/python3.12/site-packages/airflow/example_dags/example_skip_dag.py
[2026-06-19T16:56:17.552+0000] {logging_mixin.py:190} INFO - [2026-06-19T16:56:17.551+0000] {dag.py:3239} INFO - Sync 1 DAGs
[2026-06-19T16:56:17.626+0000] {logging_mixin.py:190} INFO - [2026-06-19T16:56:17.624+0000] {dag.py:4180} INFO - Setting next_dagrun for example_skip_dag to 2026-06-18 00:00:00+00:00, run_after=2026-06-19 00:00:00+00:00
[2026-06-19T16:56:17.680+0000] {processor.py:208} INFO - Processing /home/airflow/.local/lib/python3.12/site-packages/airflow/example_dags/example_skip_dag.py took 0.236 seconds
[2026-06-19T16:56:48.169+0000] {processor.py:186} INFO - Started process (PID=1842) to work on /home/airflow/.local/lib/python3.12/site-packages/airflow/example_dags/example_skip_dag.py
[2026-06-19T16:56:48.176+0000] {processor.py:914} INFO - Processing file /home/airflow/.local/lib/python3.12/site-packages/airflow/example_dags/example_skip_dag.py for tasks to queue
[2026-06-19T16:56:48.184+0000] {logging_mixin.py:190} INFO - [2026-06-19T16:56:48.183+0000] {dagbag.py:588} INFO - Filling up the DagBag from /home/airflow/.local/lib/python3.12/site-packages/airflow/example_dags/example_skip_dag.py
[2026-06-19T16:56:48.208+0000] {processor.py:925} INFO - DAG(s) 'example_skip_dag' retrieved from /home/airflow/.local/lib/python3.12/site-packages/airflow/example_dags/example_skip_dag.py
[2026-06-19T16:56:48.259+0000] {logging_mixin.py:190} INFO - [2026-06-19T16:56:48.258+0000] {dag.py:3239} INFO - Sync 1 DAGs
[2026-06-19T16:56:48.312+0000] {logging_mixin.py:190} INFO - [2026-06-19T16:56:48.311+0000] {dag.py:4180} INFO - Setting next_dagrun for example_skip_dag to 2026-06-18 00:00:00+00:00, run_after=2026-06-19 00:00:00+00:00
[2026-06-19T16:56:48.344+0000] {processor.py:208} INFO - Processing /home/airflow/.local/lib/python3.12/site-packages/airflow/example_dags/example_skip_dag.py took 0.189 seconds
[2026-06-19T16:57:19.250+0000] {processor.py:186} INFO - Started process (PID=1904) to work on /home/airflow/.local/lib/python3.12/site-packages/airflow/example_dags/example_skip_dag.py
[2026-06-19T16:57:19.259+0000] {processor.py:914} INFO - Processing file /home/airflow/.local/lib/python3.12/site-packages/airflow/example_dags/example_skip_dag.py for tasks to queue
[2026-06-19T16:57:19.267+0000] {logging_mixin.py:190} INFO - [2026-06-19T16:57:19.266+0000] {dagbag.py:588} INFO - Filling up the DagBag from /home/airflow/.local/lib/python3.12/site-packages/airflow/example_dags/example_skip_dag.py
[2026-06-19T16:57:19.306+0000] {processor.py:925} INFO - DAG(s) 'example_skip_dag' retrieved from /home/airflow/.local/lib/python3.12/site-packages/airflow/example_dags/example_skip_dag.py
[2026-06-19T16:57:19.394+0000] {logging_mixin.py:190} INFO - [2026-06-19T16:57:19.393+0000] {dag.py:3239} INFO - Sync 1 DAGs
[2026-06-19T16:57:19.459+0000] {logging_mixin.py:190} INFO - [2026-06-19T16:57:19.459+0000] {dag.py:4180} INFO - Setting next_dagrun for example_skip_dag to 2026-06-18 00:00:00+00:00, run_after=2026-06-19 00:00:00+00:00
[2026-06-19T16:57:19.505+0000] {processor.py:208} INFO - Processing /home/airflow/.local/lib/python3.12/site-packages/airflow/example_dags/example_skip_dag.py took 0.276 seconds
[2026-06-19T16:57:49.871+0000] {processor.py:186} INFO - Started process (PID=1967) to work on /home/airflow/.local/lib/python3.12/site-packages/airflow/example_dags/example_skip_dag.py
[2026-06-19T16:57:49.873+0000] {processor.py:914} INFO - Processing file /home/airflow/.local/lib/python3.12/site-packages/airflow/example_dags/example_skip_dag.py for tasks to queue
[2026-06-19T16:57:49.876+0000] {logging_mixin.py:190} INFO - [2026-06-19T16:57:49.876+0000] {dagbag.py:588} INFO - Filling up the DagBag from /home/airflow/.local/lib/python3.12/site-packages/airflow/example_dags/example_skip_dag.py
[2026-06-19T16:57:49.888+0000] {processor.py:925} INFO - DAG(s) 'example_skip_dag' retrieved from /home/airflow/.local/lib/python3.12/site-packages/airflow/example_dags/example_skip_dag.py
[2026-06-19T16:57:49.913+0000] {logging_mixin.py:190} INFO - [2026-06-19T16:57:49.913+0000] {dag.py:3239} INFO - Sync 1 DAGs
[2026-06-19T16:57:49.943+0000] {logging_mixin.py:190} INFO - [2026-06-19T16:57:49.943+0000] {dag.py:4180} INFO - Setting next_dagrun for example_skip_dag to 2026-06-18 00:00:00+00:00, run_after=2026-06-19 00:00:00+00:00
[2026-06-19T16:57:49.964+0000] {processor.py:208} INFO - Processing /home/airflow/.local/lib/python3.12/site-packages/airflow/example_dags/example_skip_dag.py took 0.099 seconds
[2026-06-19T16:58:20.411+0000] {processor.py:186} INFO - Started process (PID=2032) to work on /home/airflow/.local/lib/python3.12/site-packages/airflow/example_dags/example_skip_dag.py
[2026-06-19T16:58:20.415+0000] {processor.py:914} INFO - Processing file /home/airflow/.local/lib/python3.12/site-packages/airflow/example_dags/example_skip_dag.py for tasks to queue
[2026-06-19T16:58:20.425+0000] {logging_mixin.py:190} INFO - [2026-06-19T16:58:20.423+0000] {dagbag.py:588} INFO - Filling up the DagBag from /home/airflow/.local/lib/python3.12/site-packages/airflow/example_dags/example_skip_dag.py
[2026-06-19T16:58:20.447+0000] {processor.py:925} INFO - DAG(s) 'example_skip_dag' retrieved from /home/airflow/.local/lib/python3.12/site-packages/airflow/example_dags/example_skip_dag.py
[2026-06-19T16:58:20.487+0000] {logging_mixin.py:190} INFO - [2026-06-19T16:58:20.486+0000] {dag.py:3239} INFO - Sync 1 DAGs
[2026-06-19T16:58:20.537+0000] {logging_mixin.py:190} INFO - [2026-06-19T16:58:20.537+0000] {dag.py:4180} INFO - Setting next_dagrun for example_skip_dag to 2026-06-18 00:00:00+00:00, run_after=2026-06-19 00:00:00+00:00
[2026-06-19T16:58:20.566+0000] {processor.py:208} INFO - Processing /home/airflow/.local/lib/python3.12/site-packages/airflow/example_dags/example_skip_dag.py took 0.179 seconds
[2026-06-19T16:58:50.756+0000] {processor.py:186} INFO - Started process (PID=2096) to work on /home/airflow/.local/lib/python3.12/site-packages/airflow/example_dags/example_skip_dag.py
[2026-06-19T16:58:50.760+0000] {processor.py:914} INFO - Processing file /home/airflow/.local/lib/python3.12/site-packages/airflow/example_dags/example_skip_dag.py for tasks to queue
[2026-06-19T16:58:50.767+0000] {logging_mixin.py:190} INFO - [2026-06-19T16:58:50.766+0000] {dagbag.py:588} INFO - Filling up the DagBag from /home/airflow/.local/lib/python3.12/site-packages/airflow/example_dags/example_skip_dag.py
[2026-06-19T16:58:50.795+0000] {processor.py:925} INFO - DAG(s) 'example_skip_dag' retrieved from /home/airflow/.local/lib/python3.12/site-packages/airflow/example_dags/example_skip_dag.py
[2026-06-19T16:58:50.841+0000] {logging_mixin.py:190} INFO - [2026-06-19T16:58:50.840+0000] {dag.py:3239} INFO - Sync 1 DAGs
[2026-06-19T16:58:50.895+0000] {logging_mixin.py:190} INFO - [2026-06-19T16:58:50.894+0000] {dag.py:4180} INFO - Setting next_dagrun for example_skip_dag to 2026-06-18 00:00:00+00:00, run_after=2026-06-19 00:00:00+00:00
[2026-06-19T16:58:50.934+0000] {processor.py:208} INFO - Processing /home/airflow/.local/lib/python3.12/site-packages/airflow/example_dags/example_skip_dag.py took 0.197 seconds
[2026-06-19T16:59:21.812+0000] {processor.py:186} INFO - Started process (PID=2160) to work on /home/airflow/.local/lib/python3.12/site-packages/airflow/example_dags/example_skip_dag.py
[2026-06-19T16:59:21.815+0000] {processor.py:914} INFO - Processing file /home/airflow/.local/lib/python3.12/site-packages/airflow/example_dags/example_skip_dag.py for tasks to queue
[2026-06-19T16:59:21.819+0000] {logging_mixin.py:190} INFO - [2026-06-19T16:59:21.819+0000] {dagbag.py:588} INFO - Filling up the DagBag from /home/airflow/.local/lib/python3.12/site-packages/airflow/example_dags/example_skip_dag.py
[2026-06-19T16:59:21.829+0000] {processor.py:925} INFO - DAG(s) 'example_skip_dag' retrieved from /home/airflow/.local/lib/python3.12/site-packages/airflow/example_dags/example_skip_dag.py
[2026-06-19T16:59:21.856+0000] {logging_mixin.py:190} INFO - [2026-06-19T16:59:21.855+0000] {dag.py:3239} INFO - Sync 1 DAGs
[2026-06-19T16:59:21.892+0000] {logging_mixin.py:190} INFO - [2026-06-19T16:59:21.892+0000] {dag.py:4180} INFO - Setting next_dagrun for example_skip_dag to 2026-06-18 00:00:00+00:00, run_after=2026-06-19 00:00:00+00:00
[2026-06-19T16:59:21.919+0000] {processor.py:208} INFO - Processing /home/airflow/.local/lib/python3.12/site-packages/airflow/example_dags/example_skip_dag.py took 0.112 seconds
[2026-06-19T16:59:52.842+0000] {processor.py:186} INFO - Started process (PID=2224) to work on /home/airflow/.local/lib/python3.12/site-packages/airflow/example_dags/example_skip_dag.py
[2026-06-19T16:59:52.845+0000] {processor.py:914} INFO - Processing file /home/airflow/.local/lib/python3.12/site-packages/airflow/example_dags/example_skip_dag.py for tasks to queue
[2026-06-19T16:59:52.851+0000] {logging_mixin.py:190} INFO - [2026-06-19T16:59:52.850+0000] {dagbag.py:588} INFO - Filling up the DagBag from /home/airflow/.local/lib/python3.12/site-packages/airflow/example_dags/example_skip_dag.py
[2026-06-19T16:59:52.868+0000] {processor.py:925} INFO - DAG(s) 'example_skip_dag' retrieved from /home/airflow/.local/lib/python3.12/site-packages/airflow/example_dags/example_skip_dag.py
[2026-06-19T16:59:52.911+0000] {logging_mixin.py:190} INFO - [2026-06-19T16:59:52.910+0000] {dag.py:3239} INFO - Sync 1 DAGs
[2026-06-19T16:59:52.949+0000] {logging_mixin.py:190} INFO - [2026-06-19T16:59:52.949+0000] {dag.py:4180} INFO - Setting next_dagrun for example_skip_dag to 2026-06-18 00:00:00+00:00, run_after=2026-06-19 00:00:00+00:00
[2026-06-19T16:59:52.983+0000] {processor.py:208} INFO - Processing /home/airflow/.local/lib/python3.12/site-packages/airflow/example_dags/example_skip_dag.py took 0.153 seconds
[2026-06-19T17:00:23.298+0000] {processor.py:186} INFO - Started process (PID=2287) to work on /home/airflow/.local/lib/python3.12/site-packages/airflow/example_dags/example_skip_dag.py
[2026-06-19T17:00:23.303+0000] {processor.py:914} INFO - Processing file /home/airflow/.local/lib/python3.12/site-packages/airflow/example_dags/example_skip_dag.py for tasks to queue
[2026-06-19T17:00:23.311+0000] {logging_mixin.py:190} INFO - [2026-06-19T17:00:23.311+0000] {dagbag.py:588} INFO - Filling up the DagBag from /home/airflow/.local/lib/python3.12/site-packages/airflow/example_dags/example_skip_dag.py
[2026-06-19T17:00:23.342+0000] {processor.py:925} INFO - DAG(s) 'example_skip_dag' retrieved from /home/airflow/.local/lib/python3.12/site-packages/airflow/example_dags/example_skip_dag.py
[2026-06-19T17:00:23.441+0000] {logging_mixin.py:190} INFO - [2026-06-19T17:00:23.440+0000] {dag.py:3239} INFO - Sync 1 DAGs
[2026-06-19T17:00:23.520+0000] {logging_mixin.py:190} INFO - [2026-06-19T17:00:23.519+0000] {dag.py:4180} INFO - Setting next_dagrun for example_skip_dag to 2026-06-18 00:00:00+00:00, run_after=2026-06-19 00:00:00+00:00
[2026-06-19T17:00:23.561+0000] {processor.py:208} INFO - Processing /home/airflow/.local/lib/python3.12/site-packages/airflow/example_dags/example_skip_dag.py took 0.279 seconds
[2026-06-19T17:00:54.072+0000] {processor.py:186} INFO - Started process (PID=2351) to work on /home/airflow/.local/lib/python3.12/site-packages/airflow/example_dags/example_skip_dag.py
[2026-06-19T17:00:54.076+0000] {processor.py:914} INFO - Processing file /home/airflow/.local/lib/python3.12/site-packages/airflow/example_dags/example_skip_dag.py for tasks to queue
[2026-06-19T17:00:54.082+0000] {logging_mixin.py:190} INFO - [2026-06-19T17:00:54.081+0000] {dagbag.py:588} INFO - Filling up the DagBag from /home/airflow/.local/lib/python3.12/site-packages/airflow/example_dags/example_skip_dag.py
[2026-06-19T17:00:54.098+0000] {processor.py:925} INFO - DAG(s) 'example_skip_dag' retrieved from /home/airflow/.local/lib/python3.12/site-packages/airflow/example_dags/example_skip_dag.py
[2026-06-19T17:00:54.136+0000] {logging_mixin.py:190} INFO - [2026-06-19T17:00:54.136+0000] {dag.py:3239} INFO - Sync 1 DAGs
[2026-06-19T17:00:54.180+0000] {logging_mixin.py:190} INFO - [2026-06-19T17:00:54.179+0000] {dag.py:4180} INFO - Setting next_dagrun for example_skip_dag to 2026-06-18 00:00:00+00:00, run_after=2026-06-19 00:00:00+00:00
[2026-06-19T17:00:54.216+0000] {processor.py:208} INFO - Processing /home/airflow/.local/lib/python3.12/site-packages/airflow/example_dags/example_skip_dag.py took 0.154 seconds
[2026-06-19T17:01:24.317+0000] {processor.py:186} INFO - Started process (PID=2415) to work on /home/airflow/.local/lib/python3.12/site-packages/airflow/example_dags/example_skip_dag.py
[2026-06-19T17:01:24.320+0000] {processor.py:914} INFO - Processing file /home/airflow/.local/lib/python3.12/site-packages/airflow/example_dags/example_skip_dag.py for tasks to queue
[2026-06-19T17:01:24.325+0000] {logging_mixin.py:190} INFO - [2026-06-19T17:01:24.325+0000] {dagbag.py:588} INFO - Filling up the DagBag from /home/airflow/.local/lib/python3.12/site-packages/airflow/example_dags/example_skip_dag.py
[2026-06-19T17:01:24.338+0000] {processor.py:925} INFO - DAG(s) 'example_skip_dag' retrieved from /home/airflow/.local/lib/python3.12/site-packages/airflow/example_dags/example_skip_dag.py
[2026-06-19T17:01:24.369+0000] {logging_mixin.py:190} INFO - [2026-06-19T17:01:24.369+0000] {dag.py:3239} INFO - Sync 1 DAGs
[2026-06-19T17:01:24.416+0000] {logging_mixin.py:190} INFO - [2026-06-19T17:01:24.416+0000] {dag.py:4180} INFO - Setting next_dagrun for example_skip_dag to 2026-06-18 00:00:00+00:00, run_after=2026-06-19 00:00:00+00:00
[2026-06-19T17:01:24.466+0000] {processor.py:208} INFO - Processing /home/airflow/.local/lib/python3.12/site-packages/airflow/example_dags/example_skip_dag.py took 0.156 seconds
[2026-06-19T17:01:55.166+0000] {processor.py:186} INFO - Started process (PID=2479) to work on /home/airflow/.local/lib/python3.12/site-packages/airflow/example_dags/example_skip_dag.py
[2026-06-19T17:01:55.171+0000] {processor.py:914} INFO - Processing file /home/airflow/.local/lib/python3.12/site-packages/airflow/example_dags/example_skip_dag.py for tasks to queue
[2026-06-19T17:01:55.179+0000] {logging_mixin.py:190} INFO - [2026-06-19T17:01:55.178+0000] {dagbag.py:588} INFO - Filling up the DagBag from /home/airflow/.local/lib/python3.12/site-packages/airflow/example_dags/example_skip_dag.py
[2026-06-19T17:01:55.201+0000] {processor.py:925} INFO - DAG(s) 'example_skip_dag' retrieved from /home/airflow/.local/lib/python3.12/site-packages/airflow/example_dags/example_skip_dag.py
[2026-06-19T17:01:55.266+0000] {logging_mixin.py:190} INFO - [2026-06-19T17:01:55.265+0000] {dag.py:3239} INFO - Sync 1 DAGs
[2026-06-19T17:01:55.333+0000] {logging_mixin.py:190} INFO - [2026-06-19T17:01:55.333+0000] {dag.py:4180} INFO - Setting next_dagrun for example_skip_dag to 2026-06-18 00:00:00+00:00, run_after=2026-06-19 00:00:00+00:00
[2026-06-19T17:01:55.373+0000] {processor.py:208} INFO - Processing /home/airflow/.local/lib/python3.12/site-packages/airflow/example_dags/example_skip_dag.py took 0.221 seconds
[2026-06-19T17:02:25.492+0000] {processor.py:186} INFO - Started process (PID=2543) to work on /home/airflow/.local/lib/python3.12/site-packages/airflow/example_dags/example_skip_dag.py
[2026-06-19T17:02:25.497+0000] {processor.py:914} INFO - Processing file /home/airflow/.local/lib/python3.12/site-packages/airflow/example_dags/example_skip_dag.py for tasks to queue
[2026-06-19T17:02:25.504+0000] {logging_mixin.py:190} INFO - [2026-06-19T17:02:25.503+0000] {dagbag.py:588} INFO - Filling up the DagBag from /home/airflow/.local/lib/python3.12/site-packages/airflow/example_dags/example_skip_dag.py
[2026-06-19T17:02:25.524+0000] {processor.py:925} INFO - DAG(s) 'example_skip_dag' retrieved from /home/airflow/.local/lib/python3.12/site-packages/airflow/example_dags/example_skip_dag.py
[2026-06-19T17:02:25.577+0000] {logging_mixin.py:190} INFO - [2026-06-19T17:02:25.577+0000] {dag.py:3239} INFO - Sync 1 DAGs
[2026-06-19T17:02:25.630+0000] {logging_mixin.py:190} INFO - [2026-06-19T17:02:25.629+0000] {dag.py:4180} INFO - Setting next_dagrun for example_skip_dag to 2026-06-18 00:00:00+00:00, run_after=2026-06-19 00:00:00+00:00
[2026-06-19T17:02:25.668+0000] {processor.py:208} INFO - Processing /home/airflow/.local/lib/python3.12/site-packages/airflow/example_dags/example_skip_dag.py took 0.191 seconds
[2026-06-19T17:04:23.989+0000] {processor.py:186} INFO - Started process (PID=78) to work on /home/airflow/.local/lib/python3.12/site-packages/airflow/example_dags/example_skip_dag.py
[2026-06-19T17:04:23.996+0000] {processor.py:914} INFO - Processing file /home/airflow/.local/lib/python3.12/site-packages/airflow/example_dags/example_skip_dag.py for tasks to queue
[2026-06-19T17:04:24.003+0000] {logging_mixin.py:190} INFO - [2026-06-19T17:04:24.002+0000] {dagbag.py:588} INFO - Filling up the DagBag from /home/airflow/.local/lib/python3.12/site-packages/airflow/example_dags/example_skip_dag.py
[2026-06-19T17:04:24.036+0000] {processor.py:925} INFO - DAG(s) 'example_skip_dag' retrieved from /home/airflow/.local/lib/python3.12/site-packages/airflow/example_dags/example_skip_dag.py
[2026-06-19T17:04:24.110+0000] {logging_mixin.py:190} INFO - [2026-06-19T17:04:24.110+0000] {dag.py:3239} INFO - Sync 1 DAGs
[2026-06-19T17:04:24.220+0000] {logging_mixin.py:190} INFO - [2026-06-19T17:04:24.220+0000] {dag.py:4180} INFO - Setting next_dagrun for example_skip_dag to 2026-06-18 00:00:00+00:00, run_after=2026-06-19 00:00:00+00:00
[2026-06-19T17:04:24.292+0000] {processor.py:208} INFO - Processing /home/airflow/.local/lib/python3.12/site-packages/airflow/example_dags/example_skip_dag.py took 0.318 seconds
[2026-06-19T17:04:54.997+0000] {processor.py:186} INFO - Started process (PID=142) to work on /home/airflow/.local/lib/python3.12/site-packages/airflow/example_dags/example_skip_dag.py
[2026-06-19T17:04:55.001+0000] {processor.py:914} INFO - Processing file /home/airflow/.local/lib/python3.12/site-packages/airflow/example_dags/example_skip_dag.py for tasks to queue
[2026-06-19T17:04:55.009+0000] {logging_mixin.py:190} INFO - [2026-06-19T17:04:55.008+0000] {dagbag.py:588} INFO - Filling up the DagBag from /home/airflow/.local/lib/python3.12/site-packages/airflow/example_dags/example_skip_dag.py
[2026-06-19T17:04:55.050+0000] {processor.py:925} INFO - DAG(s) 'example_skip_dag' retrieved from /home/airflow/.local/lib/python3.12/site-packages/airflow/example_dags/example_skip_dag.py
[2026-06-19T17:04:55.118+0000] {logging_mixin.py:190} INFO - [2026-06-19T17:04:55.117+0000] {dag.py:3239} INFO - Sync 1 DAGs
[2026-06-19T17:04:55.186+0000] {logging_mixin.py:190} INFO - [2026-06-19T17:04:55.185+0000] {dag.py:4180} INFO - Setting next_dagrun for example_skip_dag to 2026-06-18 00:00:00+00:00, run_after=2026-06-19 00:00:00+00:00
[2026-06-19T17:04:55.248+0000] {processor.py:208} INFO - Processing /home/airflow/.local/lib/python3.12/site-packages/airflow/example_dags/example_skip_dag.py took 0.267 seconds
[2026-06-19T17:05:25.944+0000] {processor.py:186} INFO - Started process (PID=206) to work on /home/airflow/.local/lib/python3.12/site-packages/airflow/example_dags/example_skip_dag.py
[2026-06-19T17:05:25.946+0000] {processor.py:914} INFO - Processing file /home/airflow/.local/lib/python3.12/site-packages/airflow/example_dags/example_skip_dag.py for tasks to queue
[2026-06-19T17:05:25.950+0000] {logging_mixin.py:190} INFO - [2026-06-19T17:05:25.950+0000] {dagbag.py:588} INFO - Filling up the DagBag from /home/airflow/.local/lib/python3.12/site-packages/airflow/example_dags/example_skip_dag.py
[2026-06-19T17:05:25.960+0000] {processor.py:925} INFO - DAG(s) 'example_skip_dag' retrieved from /home/airflow/.local/lib/python3.12/site-packages/airflow/example_dags/example_skip_dag.py
[2026-06-19T17:05:25.983+0000] {logging_mixin.py:190} INFO - [2026-06-19T17:05:25.983+0000] {dag.py:3239} INFO - Sync 1 DAGs
[2026-06-19T17:05:26.006+0000] {logging_mixin.py:190} INFO - [2026-06-19T17:05:26.006+0000] {dag.py:4180} INFO - Setting next_dagrun for example_skip_dag to 2026-06-18 00:00:00+00:00, run_after=2026-06-19 00:00:00+00:00
[2026-06-19T17:05:26.029+0000] {processor.py:208} INFO - Processing /home/airflow/.local/lib/python3.12/site-packages/airflow/example_dags/example_skip_dag.py took 0.092 seconds
[2026-06-19T17:05:57.677+0000] {processor.py:186} INFO - Started process (PID=270) to work on /home/airflow/.local/lib/python3.12/site-packages/airflow/example_dags/example_skip_dag.py
[2026-06-19T17:05:57.696+0000] {processor.py:914} INFO - Processing file /home/airflow/.local/lib/python3.12/site-packages/airflow/example_dags/example_skip_dag.py for tasks to queue
[2026-06-19T17:05:57.723+0000] {logging_mixin.py:190} INFO - [2026-06-19T17:05:57.722+0000] {dagbag.py:588} INFO - Filling up the DagBag from /home/airflow/.local/lib/python3.12/site-packages/airflow/example_dags/example_skip_dag.py
[2026-06-19T17:05:57.797+0000] {processor.py:925} INFO - DAG(s) 'example_skip_dag' retrieved from /home/airflow/.local/lib/python3.12/site-packages/airflow/example_dags/example_skip_dag.py
[2026-06-19T17:05:57.897+0000] {logging_mixin.py:190} INFO - [2026-06-19T17:05:57.896+0000] {dag.py:3239} INFO - Sync 1 DAGs
[2026-06-19T17:05:58.037+0000] {logging_mixin.py:190} INFO - [2026-06-19T17:05:58.033+0000] {dag.py:4180} INFO - Setting next_dagrun for example_skip_dag to 2026-06-18 00:00:00+00:00, run_after=2026-06-19 00:00:00+00:00
[2026-06-19T17:05:58.212+0000] {processor.py:208} INFO - Processing /home/airflow/.local/lib/python3.12/site-packages/airflow/example_dags/example_skip_dag.py took 0.588 seconds
[2026-06-19T17:07:58.806+0000] {processor.py:186} INFO - Started process (PID=78) to work on /home/airflow/.local/lib/python3.12/site-packages/airflow/example_dags/example_skip_dag.py
[2026-06-19T17:07:58.810+0000] {processor.py:914} INFO - Processing file /home/airflow/.local/lib/python3.12/site-packages/airflow/example_dags/example_skip_dag.py for tasks to queue
[2026-06-19T17:07:58.818+0000] {logging_mixin.py:190} INFO - [2026-06-19T17:07:58.817+0000] {dagbag.py:588} INFO - Filling up the DagBag from /home/airflow/.local/lib/python3.12/site-packages/airflow/example_dags/example_skip_dag.py
[2026-06-19T17:07:58.842+0000] {processor.py:925} INFO - DAG(s) 'example_skip_dag' retrieved from /home/airflow/.local/lib/python3.12/site-packages/airflow/example_dags/example_skip_dag.py
[2026-06-19T17:07:58.929+0000] {logging_mixin.py:190} INFO - [2026-06-19T17:07:58.928+0000] {dag.py:3239} INFO - Sync 1 DAGs
[2026-06-19T17:07:59.002+0000] {logging_mixin.py:190} INFO - [2026-06-19T17:07:59.001+0000] {dag.py:4180} INFO - Setting next_dagrun for example_skip_dag to 2026-06-18 00:00:00+00:00, run_after=2026-06-19 00:00:00+00:00
[2026-06-19T17:07:59.043+0000] {processor.py:208} INFO - Processing /home/airflow/.local/lib/python3.12/site-packages/airflow/example_dags/example_skip_dag.py took 0.254 seconds
[2026-06-19T17:08:29.147+0000] {processor.py:186} INFO - Started process (PID=142) to work on /home/airflow/.local/lib/python3.12/site-packages/airflow/example_dags/example_skip_dag.py
[2026-06-19T17:08:29.153+0000] {processor.py:914} INFO - Processing file /home/airflow/.local/lib/python3.12/site-packages/airflow/example_dags/example_skip_dag.py for tasks to queue
[2026-06-19T17:08:29.159+0000] {logging_mixin.py:190} INFO - [2026-06-19T17:08:29.159+0000] {dagbag.py:588} INFO - Filling up the DagBag from /home/airflow/.local/lib/python3.12/site-packages/airflow/example_dags/example_skip_dag.py
[2026-06-19T17:08:29.179+0000] {processor.py:925} INFO - DAG(s) 'example_skip_dag' retrieved from /home/airflow/.local/lib/python3.12/site-packages/airflow/example_dags/example_skip_dag.py
[2026-06-19T17:08:29.239+0000] {logging_mixin.py:190} INFO - [2026-06-19T17:08:29.239+0000] {dag.py:3239} INFO - Sync 1 DAGs
[2026-06-19T17:08:29.306+0000] {logging_mixin.py:190} INFO - [2026-06-19T17:08:29.306+0000] {dag.py:4180} INFO - Setting next_dagrun for example_skip_dag to 2026-06-18 00:00:00+00:00, run_after=2026-06-19 00:00:00+00:00
[2026-06-19T17:08:29.347+0000] {processor.py:208} INFO - Processing /home/airflow/.local/lib/python3.12/site-packages/airflow/example_dags/example_skip_dag.py took 0.214 seconds
[2026-06-19T17:08:59.416+0000] {processor.py:186} INFO - Started process (PID=206) to work on /home/airflow/.local/lib/python3.12/site-packages/airflow/example_dags/example_skip_dag.py
[2026-06-19T17:08:59.419+0000] {processor.py:914} INFO - Processing file /home/airflow/.local/lib/python3.12/site-packages/airflow/example_dags/example_skip_dag.py for tasks to queue
[2026-06-19T17:08:59.423+0000] {logging_mixin.py:190} INFO - [2026-06-19T17:08:59.423+0000] {dagbag.py:588} INFO - Filling up the DagBag from /home/airflow/.local/lib/python3.12/site-packages/airflow/example_dags/example_skip_dag.py
[2026-06-19T17:08:59.436+0000] {processor.py:925} INFO - DAG(s) 'example_skip_dag' retrieved from /home/airflow/.local/lib/python3.12/site-packages/airflow/example_dags/example_skip_dag.py
[2026-06-19T17:08:59.462+0000] {logging_mixin.py:190} INFO - [2026-06-19T17:08:59.462+0000] {dag.py:3239} INFO - Sync 1 DAGs
[2026-06-19T17:08:59.489+0000] {logging_mixin.py:190} INFO - [2026-06-19T17:08:59.488+0000] {dag.py:4180} INFO - Setting next_dagrun for example_skip_dag to 2026-06-18 00:00:00+00:00, run_after=2026-06-19 00:00:00+00:00
[2026-06-19T17:08:59.511+0000] {processor.py:208} INFO - Processing /home/airflow/.local/lib/python3.12/site-packages/airflow/example_dags/example_skip_dag.py took 0.104 seconds
[2026-06-19T17:09:31.445+0000] {processor.py:186} INFO - Started process (PID=270) to work on /home/airflow/.local/lib/python3.12/site-packages/airflow/example_dags/example_skip_dag.py
[2026-06-19T17:09:31.456+0000] {processor.py:914} INFO - Processing file /home/airflow/.local/lib/python3.12/site-packages/airflow/example_dags/example_skip_dag.py for tasks to queue
[2026-06-19T17:09:31.468+0000] {logging_mixin.py:190} INFO - [2026-06-19T17:09:31.466+0000] {dagbag.py:588} INFO - Filling up the DagBag from /home/airflow/.local/lib/python3.12/site-packages/airflow/example_dags/example_skip_dag.py
[2026-06-19T17:09:31.502+0000] {processor.py:925} INFO - DAG(s) 'example_skip_dag' retrieved from /home/airflow/.local/lib/python3.12/site-packages/airflow/example_dags/example_skip_dag.py
[2026-06-19T17:09:31.643+0000] {logging_mixin.py:190} INFO - [2026-06-19T17:09:31.642+0000] {dag.py:3239} INFO - Sync 1 DAGs
[2026-06-19T17:09:31.771+0000] {logging_mixin.py:190} INFO - [2026-06-19T17:09:31.771+0000] {dag.py:4180} INFO - Setting next_dagrun for example_skip_dag to 2026-06-18 00:00:00+00:00, run_after=2026-06-19 00:00:00+00:00
[2026-06-19T17:09:31.875+0000] {processor.py:208} INFO - Processing /home/airflow/.local/lib/python3.12/site-packages/airflow/example_dags/example_skip_dag.py took 0.471 seconds
[2026-06-19T17:10:02.022+0000] {processor.py:186} INFO - Started process (PID=334) to work on /home/airflow/.local/lib/python3.12/site-packages/airflow/example_dags/example_skip_dag.py
[2026-06-19T17:10:02.026+0000] {processor.py:914} INFO - Processing file /home/airflow/.local/lib/python3.12/site-packages/airflow/example_dags/example_skip_dag.py for tasks to queue
[2026-06-19T17:10:02.035+0000] {logging_mixin.py:190} INFO - [2026-06-19T17:10:02.034+0000] {dagbag.py:588} INFO - Filling up the DagBag from /home/airflow/.local/lib/python3.12/site-packages/airflow/example_dags/example_skip_dag.py
[2026-06-19T17:10:02.081+0000] {processor.py:925} INFO - DAG(s) 'example_skip_dag' retrieved from /home/airflow/.local/lib/python3.12/site-packages/airflow/example_dags/example_skip_dag.py
[2026-06-19T17:10:02.150+0000] {logging_mixin.py:190} INFO - [2026-06-19T17:10:02.149+0000] {dag.py:3239} INFO - Sync 1 DAGs
[2026-06-19T17:10:02.227+0000] {logging_mixin.py:190} INFO - [2026-06-19T17:10:02.226+0000] {dag.py:4180} INFO - Setting next_dagrun for example_skip_dag to 2026-06-18 00:00:00+00:00, run_after=2026-06-19 00:00:00+00:00
[2026-06-19T17:10:02.270+0000] {processor.py:208} INFO - Processing /home/airflow/.local/lib/python3.12/site-packages/airflow/example_dags/example_skip_dag.py took 0.264 seconds
[2026-06-19T17:10:32.864+0000] {processor.py:186} INFO - Started process (PID=399) to work on /home/airflow/.local/lib/python3.12/site-packages/airflow/example_dags/example_skip_dag.py
[2026-06-19T17:10:32.866+0000] {processor.py:914} INFO - Processing file /home/airflow/.local/lib/python3.12/site-packages/airflow/example_dags/example_skip_dag.py for tasks to queue
[2026-06-19T17:10:32.870+0000] {logging_mixin.py:190} INFO - [2026-06-19T17:10:32.869+0000] {dagbag.py:588} INFO - Filling up the DagBag from /home/airflow/.local/lib/python3.12/site-packages/airflow/example_dags/example_skip_dag.py
[2026-06-19T17:10:32.879+0000] {processor.py:925} INFO - DAG(s) 'example_skip_dag' retrieved from /home/airflow/.local/lib/python3.12/site-packages/airflow/example_dags/example_skip_dag.py
[2026-06-19T17:10:32.906+0000] {logging_mixin.py:190} INFO - [2026-06-19T17:10:32.906+0000] {dag.py:3239} INFO - Sync 1 DAGs
[2026-06-19T17:10:32.931+0000] {logging_mixin.py:190} INFO - [2026-06-19T17:10:32.931+0000] {dag.py:4180} INFO - Setting next_dagrun for example_skip_dag to 2026-06-18 00:00:00+00:00, run_after=2026-06-19 00:00:00+00:00
[2026-06-19T17:10:32.950+0000] {processor.py:208} INFO - Processing /home/airflow/.local/lib/python3.12/site-packages/airflow/example_dags/example_skip_dag.py took 0.093 seconds
[2026-06-19T17:11:03.206+0000] {processor.py:186} INFO - Started process (PID=463) to work on /home/airflow/.local/lib/python3.12/site-packages/airflow/example_dags/example_skip_dag.py
[2026-06-19T17:11:03.209+0000] {processor.py:914} INFO - Processing file /home/airflow/.local/lib/python3.12/site-packages/airflow/example_dags/example_skip_dag.py for tasks to queue
[2026-06-19T17:11:03.212+0000] {logging_mixin.py:190} INFO - [2026-06-19T17:11:03.212+0000] {dagbag.py:588} INFO - Filling up the DagBag from /home/airflow/.local/lib/python3.12/site-packages/airflow/example_dags/example_skip_dag.py
[2026-06-19T17:11:03.226+0000] {processor.py:925} INFO - DAG(s) 'example_skip_dag' retrieved from /home/airflow/.local/lib/python3.12/site-packages/airflow/example_dags/example_skip_dag.py
[2026-06-19T17:11:03.254+0000] {logging_mixin.py:190} INFO - [2026-06-19T17:11:03.254+0000] {dag.py:3239} INFO - Sync 1 DAGs
[2026-06-19T17:11:03.284+0000] {logging_mixin.py:190} INFO - [2026-06-19T17:11:03.284+0000] {dag.py:4180} INFO - Setting next_dagrun for example_skip_dag to 2026-06-18 00:00:00+00:00, run_after=2026-06-19 00:00:00+00:00
[2026-06-19T17:11:03.307+0000] {processor.py:208} INFO - Processing /home/airflow/.local/lib/python3.12/site-packages/airflow/example_dags/example_skip_dag.py took 0.108 seconds
[2026-06-19T17:11:33.469+0000] {processor.py:186} INFO - Started process (PID=527) to work on /home/airflow/.local/lib/python3.12/site-packages/airflow/example_dags/example_skip_dag.py
[2026-06-19T17:11:33.472+0000] {processor.py:914} INFO - Processing file /home/airflow/.local/lib/python3.12/site-packages/airflow/example_dags/example_skip_dag.py for tasks to queue
[2026-06-19T17:11:33.476+0000] {logging_mixin.py:190} INFO - [2026-06-19T17:11:33.475+0000] {dagbag.py:588} INFO - Filling up the DagBag from /home/airflow/.local/lib/python3.12/site-packages/airflow/example_dags/example_skip_dag.py
[2026-06-19T17:11:33.486+0000] {processor.py:925} INFO - DAG(s) 'example_skip_dag' retrieved from /home/airflow/.local/lib/python3.12/site-packages/airflow/example_dags/example_skip_dag.py
[2026-06-19T17:11:33.512+0000] {logging_mixin.py:190} INFO - [2026-06-19T17:11:33.512+0000] {dag.py:3239} INFO - Sync 1 DAGs
[2026-06-19T17:11:33.535+0000] {logging_mixin.py:190} INFO - [2026-06-19T17:11:33.535+0000] {dag.py:4180} INFO - Setting next_dagrun for example_skip_dag to 2026-06-18 00:00:00+00:00, run_after=2026-06-19 00:00:00+00:00
[2026-06-19T17:11:33.553+0000] {processor.py:208} INFO - Processing /home/airflow/.local/lib/python3.12/site-packages/airflow/example_dags/example_skip_dag.py took 0.091 seconds
[2026-06-19T17:12:04.645+0000] {processor.py:186} INFO - Started process (PID=591) to work on /home/airflow/.local/lib/python3.12/site-packages/airflow/example_dags/example_skip_dag.py
[2026-06-19T17:12:04.654+0000] {processor.py:914} INFO - Processing file /home/airflow/.local/lib/python3.12/site-packages/airflow/example_dags/example_skip_dag.py for tasks to queue
[2026-06-19T17:12:04.664+0000] {logging_mixin.py:190} INFO - [2026-06-19T17:12:04.663+0000] {dagbag.py:588} INFO - Filling up the DagBag from /home/airflow/.local/lib/python3.12/site-packages/airflow/example_dags/example_skip_dag.py
[2026-06-19T17:12:04.714+0000] {processor.py:925} INFO - DAG(s) 'example_skip_dag' retrieved from /home/airflow/.local/lib/python3.12/site-packages/airflow/example_dags/example_skip_dag.py
[2026-06-19T17:12:04.796+0000] {logging_mixin.py:190} INFO - [2026-06-19T17:12:04.795+0000] {dag.py:3239} INFO - Sync 1 DAGs
[2026-06-19T17:12:04.872+0000] {logging_mixin.py:190} INFO - [2026-06-19T17:12:04.872+0000] {dag.py:4180} INFO - Setting next_dagrun for example_skip_dag to 2026-06-18 00:00:00+00:00, run_after=2026-06-19 00:00:00+00:00
[2026-06-19T17:12:04.922+0000] {processor.py:208} INFO - Processing /home/airflow/.local/lib/python3.12/site-packages/airflow/example_dags/example_skip_dag.py took 0.301 seconds
[2026-06-19T17:12:35.583+0000] {processor.py:186} INFO - Started process (PID=655) to work on /home/airflow/.local/lib/python3.12/site-packages/airflow/example_dags/example_skip_dag.py
[2026-06-19T17:12:35.596+0000] {processor.py:914} INFO - Processing file /home/airflow/.local/lib/python3.12/site-packages/airflow/example_dags/example_skip_dag.py for tasks to queue
[2026-06-19T17:12:35.614+0000] {logging_mixin.py:190} INFO - [2026-06-19T17:12:35.613+0000] {dagbag.py:588} INFO - Filling up the DagBag from /home/airflow/.local/lib/python3.12/site-packages/airflow/example_dags/example_skip_dag.py
[2026-06-19T17:12:35.656+0000] {processor.py:925} INFO - DAG(s) 'example_skip_dag' retrieved from /home/airflow/.local/lib/python3.12/site-packages/airflow/example_dags/example_skip_dag.py
[2026-06-19T17:12:35.730+0000] {logging_mixin.py:190} INFO - [2026-06-19T17:12:35.729+0000] {dag.py:3239} INFO - Sync 1 DAGs
[2026-06-19T17:12:35.775+0000] {logging_mixin.py:190} INFO - [2026-06-19T17:12:35.775+0000] {dag.py:4180} INFO - Setting next_dagrun for example_skip_dag to 2026-06-18 00:00:00+00:00, run_after=2026-06-19 00:00:00+00:00
[2026-06-19T17:12:35.886+0000] {processor.py:208} INFO - Processing /home/airflow/.local/lib/python3.12/site-packages/airflow/example_dags/example_skip_dag.py took 0.332 seconds
[2026-06-19T17:13:06.104+0000] {processor.py:186} INFO - Started process (PID=719) to work on /home/airflow/.local/lib/python3.12/site-packages/airflow/example_dags/example_skip_dag.py
[2026-06-19T17:13:06.106+0000] {processor.py:914} INFO - Processing file /home/airflow/.local/lib/python3.12/site-packages/airflow/example_dags/example_skip_dag.py for tasks to queue
[2026-06-19T17:13:06.112+0000] {logging_mixin.py:190} INFO - [2026-06-19T17:13:06.112+0000] {dagbag.py:588} INFO - Filling up the DagBag from /home/airflow/.local/lib/python3.12/site-packages/airflow/example_dags/example_skip_dag.py
[2026-06-19T17:13:06.127+0000] {processor.py:925} INFO - DAG(s) 'example_skip_dag' retrieved from /home/airflow/.local/lib/python3.12/site-packages/airflow/example_dags/example_skip_dag.py
[2026-06-19T17:13:06.161+0000] {logging_mixin.py:190} INFO - [2026-06-19T17:13:06.161+0000] {dag.py:3239} INFO - Sync 1 DAGs
[2026-06-19T17:13:06.198+0000] {logging_mixin.py:190} INFO - [2026-06-19T17:13:06.198+0000] {dag.py:4180} INFO - Setting next_dagrun for example_skip_dag to 2026-06-18 00:00:00+00:00, run_after=2026-06-19 00:00:00+00:00
[2026-06-19T17:13:06.231+0000] {processor.py:208} INFO - Processing /home/airflow/.local/lib/python3.12/site-packages/airflow/example_dags/example_skip_dag.py took 0.136 seconds
[2026-06-19T17:13:42.401+0000] {processor.py:186} INFO - Started process (PID=788) to work on /home/airflow/.local/lib/python3.12/site-packages/airflow/example_dags/example_skip_dag.py
[2026-06-19T17:13:42.411+0000] {processor.py:914} INFO - Processing file /home/airflow/.local/lib/python3.12/site-packages/airflow/example_dags/example_skip_dag.py for tasks to queue
[2026-06-19T17:13:42.422+0000] {logging_mixin.py:190} INFO - [2026-06-19T17:13:42.421+0000] {dagbag.py:588} INFO - Filling up the DagBag from /home/airflow/.local/lib/python3.12/site-packages/airflow/example_dags/example_skip_dag.py
[2026-06-19T17:13:42.518+0000] {processor.py:925} INFO - DAG(s) 'example_skip_dag' retrieved from /home/airflow/.local/lib/python3.12/site-packages/airflow/example_dags/example_skip_dag.py
[2026-06-19T17:13:42.745+0000] {logging_mixin.py:190} INFO - [2026-06-19T17:13:42.744+0000] {dag.py:3239} INFO - Sync 1 DAGs
[2026-06-19T17:13:42.942+0000] {logging_mixin.py:190} INFO - [2026-06-19T17:13:42.942+0000] {dag.py:4180} INFO - Setting next_dagrun for example_skip_dag to 2026-06-18 00:00:00+00:00, run_after=2026-06-19 00:00:00+00:00
[2026-06-19T17:13:43.053+0000] {processor.py:208} INFO - Processing /home/airflow/.local/lib/python3.12/site-packages/airflow/example_dags/example_skip_dag.py took 0.676 seconds
[2026-06-19T17:14:13.529+0000] {processor.py:186} INFO - Started process (PID=853) to work on /home/airflow/.local/lib/python3.12/site-packages/airflow/example_dags/example_skip_dag.py
[2026-06-19T17:14:13.534+0000] {processor.py:914} INFO - Processing file /home/airflow/.local/lib/python3.12/site-packages/airflow/example_dags/example_skip_dag.py for tasks to queue
[2026-06-19T17:14:13.546+0000] {logging_mixin.py:190} INFO - [2026-06-19T17:14:13.545+0000] {dagbag.py:588} INFO - Filling up the DagBag from /home/airflow/.local/lib/python3.12/site-packages/airflow/example_dags/example_skip_dag.py
[2026-06-19T17:14:13.572+0000] {processor.py:925} INFO - DAG(s) 'example_skip_dag' retrieved from /home/airflow/.local/lib/python3.12/site-packages/airflow/example_dags/example_skip_dag.py
[2026-06-19T17:14:13.630+0000] {logging_mixin.py:190} INFO - [2026-06-19T17:14:13.630+0000] {dag.py:3239} INFO - Sync 1 DAGs
[2026-06-19T17:14:13.723+0000] {logging_mixin.py:190} INFO - [2026-06-19T17:14:13.722+0000] {dag.py:4180} INFO - Setting next_dagrun for example_skip_dag to 2026-06-18 00:00:00+00:00, run_after=2026-06-19 00:00:00+00:00
[2026-06-19T17:14:13.794+0000] {processor.py:208} INFO - Processing /home/airflow/.local/lib/python3.12/site-packages/airflow/example_dags/example_skip_dag.py took 0.290 seconds
[2026-06-19T17:14:46.635+0000] {processor.py:186} INFO - Started process (PID=910) to work on /home/airflow/.local/lib/python3.12/site-packages/airflow/example_dags/example_skip_dag.py
[2026-06-19T17:14:46.644+0000] {processor.py:914} INFO - Processing file /home/airflow/.local/lib/python3.12/site-packages/airflow/example_dags/example_skip_dag.py for tasks to queue
[2026-06-19T17:14:46.671+0000] {logging_mixin.py:190} INFO - [2026-06-19T17:14:46.669+0000] {dagbag.py:588} INFO - Filling up the DagBag from /home/airflow/.local/lib/python3.12/site-packages/airflow/example_dags/example_skip_dag.py
[2026-06-19T17:14:46.712+0000] {processor.py:925} INFO - DAG(s) 'example_skip_dag' retrieved from /home/airflow/.local/lib/python3.12/site-packages/airflow/example_dags/example_skip_dag.py
[2026-06-19T17:14:46.808+0000] {logging_mixin.py:190} INFO - [2026-06-19T17:14:46.807+0000] {dag.py:3239} INFO - Sync 1 DAGs
[2026-06-19T17:14:46.953+0000] {logging_mixin.py:190} INFO - [2026-06-19T17:14:46.952+0000] {dag.py:4180} INFO - Setting next_dagrun for example_skip_dag to 2026-06-18 00:00:00+00:00, run_after=2026-06-19 00:00:00+00:00
[2026-06-19T17:14:47.049+0000] {processor.py:208} INFO - Processing /home/airflow/.local/lib/python3.12/site-packages/airflow/example_dags/example_skip_dag.py took 0.441 seconds
[2026-06-19T17:15:17.684+0000] {processor.py:186} INFO - Started process (PID=974) to work on /home/airflow/.local/lib/python3.12/site-packages/airflow/example_dags/example_skip_dag.py
[2026-06-19T17:15:17.708+0000] {processor.py:914} INFO - Processing file /home/airflow/.local/lib/python3.12/site-packages/airflow/example_dags/example_skip_dag.py for tasks to queue
[2026-06-19T17:15:17.728+0000] {logging_mixin.py:190} INFO - [2026-06-19T17:15:17.726+0000] {dagbag.py:588} INFO - Filling up the DagBag from /home/airflow/.local/lib/python3.12/site-packages/airflow/example_dags/example_skip_dag.py
[2026-06-19T17:15:17.782+0000] {processor.py:925} INFO - DAG(s) 'example_skip_dag' retrieved from /home/airflow/.local/lib/python3.12/site-packages/airflow/example_dags/example_skip_dag.py
[2026-06-19T17:15:17.903+0000] {logging_mixin.py:190} INFO - [2026-06-19T17:15:17.902+0000] {dag.py:3239} INFO - Sync 1 DAGs
[2026-06-19T17:15:18.035+0000] {logging_mixin.py:190} INFO - [2026-06-19T17:15:18.035+0000] {dag.py:4180} INFO - Setting next_dagrun for example_skip_dag to 2026-06-18 00:00:00+00:00, run_after=2026-06-19 00:00:00+00:00
[2026-06-19T17:15:18.103+0000] {processor.py:208} INFO - Processing /home/airflow/.local/lib/python3.12/site-packages/airflow/example_dags/example_skip_dag.py took 0.477 seconds
[2026-06-19T17:15:48.919+0000] {processor.py:186} INFO - Started process (PID=1037) to work on /home/airflow/.local/lib/python3.12/site-packages/airflow/example_dags/example_skip_dag.py
[2026-06-19T17:15:48.924+0000] {processor.py:914} INFO - Processing file /home/airflow/.local/lib/python3.12/site-packages/airflow/example_dags/example_skip_dag.py for tasks to queue
[2026-06-19T17:15:48.929+0000] {logging_mixin.py:190} INFO - [2026-06-19T17:15:48.928+0000] {dagbag.py:588} INFO - Filling up the DagBag from /home/airflow/.local/lib/python3.12/site-packages/airflow/example_dags/example_skip_dag.py
[2026-06-19T17:15:48.946+0000] {processor.py:925} INFO - DAG(s) 'example_skip_dag' retrieved from /home/airflow/.local/lib/python3.12/site-packages/airflow/example_dags/example_skip_dag.py
[2026-06-19T17:15:48.983+0000] {logging_mixin.py:190} INFO - [2026-06-19T17:15:48.983+0000] {dag.py:3239} INFO - Sync 1 DAGs
[2026-06-19T17:15:49.027+0000] {logging_mixin.py:190} INFO - [2026-06-19T17:15:49.027+0000] {dag.py:4180} INFO - Setting next_dagrun for example_skip_dag to 2026-06-18 00:00:00+00:00, run_after=2026-06-19 00:00:00+00:00
[2026-06-19T17:15:49.062+0000] {processor.py:208} INFO - Processing /home/airflow/.local/lib/python3.12/site-packages/airflow/example_dags/example_skip_dag.py took 0.155 seconds
[2026-06-19T17:16:19.524+0000] {processor.py:186} INFO - Started process (PID=1102) to work on /home/airflow/.local/lib/python3.12/site-packages/airflow/example_dags/example_skip_dag.py
[2026-06-19T17:16:19.540+0000] {processor.py:914} INFO - Processing file /home/airflow/.local/lib/python3.12/site-packages/airflow/example_dags/example_skip_dag.py for tasks to queue
[2026-06-19T17:16:19.545+0000] {logging_mixin.py:190} INFO - [2026-06-19T17:16:19.544+0000] {dagbag.py:588} INFO - Filling up the DagBag from /home/airflow/.local/lib/python3.12/site-packages/airflow/example_dags/example_skip_dag.py
[2026-06-19T17:16:19.557+0000] {processor.py:925} INFO - DAG(s) 'example_skip_dag' retrieved from /home/airflow/.local/lib/python3.12/site-packages/airflow/example_dags/example_skip_dag.py
[2026-06-19T17:16:19.588+0000] {logging_mixin.py:190} INFO - [2026-06-19T17:16:19.588+0000] {dag.py:3239} INFO - Sync 1 DAGs
[2026-06-19T17:16:19.621+0000] {logging_mixin.py:190} INFO - [2026-06-19T17:16:19.620+0000] {dag.py:4180} INFO - Setting next_dagrun for example_skip_dag to 2026-06-18 00:00:00+00:00, run_after=2026-06-19 00:00:00+00:00
[2026-06-19T17:16:19.653+0000] {processor.py:208} INFO - Processing /home/airflow/.local/lib/python3.12/site-packages/airflow/example_dags/example_skip_dag.py took 0.138 seconds
[2026-06-19T17:16:50.185+0000] {processor.py:186} INFO - Started process (PID=1166) to work on /home/airflow/.local/lib/python3.12/site-packages/airflow/example_dags/example_skip_dag.py
[2026-06-19T17:16:50.189+0000] {processor.py:914} INFO - Processing file /home/airflow/.local/lib/python3.12/site-packages/airflow/example_dags/example_skip_dag.py for tasks to queue
[2026-06-19T17:16:50.197+0000] {logging_mixin.py:190} INFO - [2026-06-19T17:16:50.197+0000] {dagbag.py:588} INFO - Filling up the DagBag from /home/airflow/.local/lib/python3.12/site-packages/airflow/example_dags/example_skip_dag.py
[2026-06-19T17:16:50.219+0000] {processor.py:925} INFO - DAG(s) 'example_skip_dag' retrieved from /home/airflow/.local/lib/python3.12/site-packages/airflow/example_dags/example_skip_dag.py
[2026-06-19T17:16:50.273+0000] {logging_mixin.py:190} INFO - [2026-06-19T17:16:50.273+0000] {dag.py:3239} INFO - Sync 1 DAGs
[2026-06-19T17:16:50.327+0000] {logging_mixin.py:190} INFO - [2026-06-19T17:16:50.326+0000] {dag.py:4180} INFO - Setting next_dagrun for example_skip_dag to 2026-06-18 00:00:00+00:00, run_after=2026-06-19 00:00:00+00:00
[2026-06-19T17:16:50.372+0000] {processor.py:208} INFO - Processing /home/airflow/.local/lib/python3.12/site-packages/airflow/example_dags/example_skip_dag.py took 0.203 seconds
[2026-06-19T17:17:20.459+0000] {processor.py:186} INFO - Started process (PID=1230) to work on /home/airflow/.local/lib/python3.12/site-packages/airflow/example_dags/example_skip_dag.py
[2026-06-19T17:17:20.463+0000] {processor.py:914} INFO - Processing file /home/airflow/.local/lib/python3.12/site-packages/airflow/example_dags/example_skip_dag.py for tasks to queue
[2026-06-19T17:17:20.469+0000] {logging_mixin.py:190} INFO - [2026-06-19T17:17:20.468+0000] {dagbag.py:588} INFO - Filling up the DagBag from /home/airflow/.local/lib/python3.12/site-packages/airflow/example_dags/example_skip_dag.py
[2026-06-19T17:17:20.483+0000] {processor.py:925} INFO - DAG(s) 'example_skip_dag' retrieved from /home/airflow/.local/lib/python3.12/site-packages/airflow/example_dags/example_skip_dag.py
[2026-06-19T17:17:20.518+0000] {logging_mixin.py:190} INFO - [2026-06-19T17:17:20.518+0000] {dag.py:3239} INFO - Sync 1 DAGs
[2026-06-19T17:17:20.560+0000] {logging_mixin.py:190} INFO - [2026-06-19T17:17:20.560+0000] {dag.py:4180} INFO - Setting next_dagrun for example_skip_dag to 2026-06-18 00:00:00+00:00, run_after=2026-06-19 00:00:00+00:00
[2026-06-19T17:17:20.591+0000] {processor.py:208} INFO - Processing /home/airflow/.local/lib/python3.12/site-packages/airflow/example_dags/example_skip_dag.py took 0.143 seconds
[2026-06-19T17:17:51.481+0000] {processor.py:186} INFO - Started process (PID=1293) to work on /home/airflow/.local/lib/python3.12/site-packages/airflow/example_dags/example_skip_dag.py
[2026-06-19T17:17:51.486+0000] {processor.py:914} INFO - Processing file /home/airflow/.local/lib/python3.12/site-packages/airflow/example_dags/example_skip_dag.py for tasks to queue
[2026-06-19T17:17:51.495+0000] {logging_mixin.py:190} INFO - [2026-06-19T17:17:51.494+0000] {dagbag.py:588} INFO - Filling up the DagBag from /home/airflow/.local/lib/python3.12/site-packages/airflow/example_dags/example_skip_dag.py
[2026-06-19T17:17:51.521+0000] {processor.py:925} INFO - DAG(s) 'example_skip_dag' retrieved from /home/airflow/.local/lib/python3.12/site-packages/airflow/example_dags/example_skip_dag.py
[2026-06-19T17:17:51.601+0000] {logging_mixin.py:190} INFO - [2026-06-19T17:17:51.600+0000] {dag.py:3239} INFO - Sync 1 DAGs
[2026-06-19T17:17:51.687+0000] {logging_mixin.py:190} INFO - [2026-06-19T17:17:51.687+0000] {dag.py:4180} INFO - Setting next_dagrun for example_skip_dag to 2026-06-18 00:00:00+00:00, run_after=2026-06-19 00:00:00+00:00
[2026-06-19T17:17:51.755+0000] {processor.py:208} INFO - Processing /home/airflow/.local/lib/python3.12/site-packages/airflow/example_dags/example_skip_dag.py took 0.291 seconds
