[2026-06-19T16:38:49.162+0000] {processor.py:186} INFO - Started process (PID=94) to work on /home/airflow/.local/lib/python3.12/site-packages/airflow/example_dags/example_latest_only.py
[2026-06-19T16:38:49.165+0000] {processor.py:914} INFO - Processing file /home/airflow/.local/lib/python3.12/site-packages/airflow/example_dags/example_latest_only.py for tasks to queue
[2026-06-19T16:38:49.170+0000] {logging_mixin.py:190} INFO - [2026-06-19T16:38:49.169+0000] {dagbag.py:588} INFO - Filling up the DagBag from /home/airflow/.local/lib/python3.12/site-packages/airflow/example_dags/example_latest_only.py
[2026-06-19T16:38:49.188+0000] {processor.py:925} INFO - DAG(s) 'latest_only' retrieved from /home/airflow/.local/lib/python3.12/site-packages/airflow/example_dags/example_latest_only.py
[2026-06-19T16:38:49.228+0000] {logging_mixin.py:190} INFO - [2026-06-19T16:38:49.228+0000] {dag.py:3239} INFO - Sync 1 DAGs
[2026-06-19T16:38:49.277+0000] {logging_mixin.py:190} INFO - [2026-06-19T16:38:49.276+0000] {dag.py:4180} INFO - Setting next_dagrun for latest_only to 2026-06-19 12:00:00+00:00, run_after=2026-06-19 16:00:00+00:00
[2026-06-19T16:38:49.312+0000] {processor.py:208} INFO - Processing /home/airflow/.local/lib/python3.12/site-packages/airflow/example_dags/example_latest_only.py took 0.166 seconds
[2026-06-19T16:39:19.647+0000] {processor.py:186} INFO - Started process (PID=157) to work on /home/airflow/.local/lib/python3.12/site-packages/airflow/example_dags/example_latest_only.py
[2026-06-19T16:39:19.651+0000] {processor.py:914} INFO - Processing file /home/airflow/.local/lib/python3.12/site-packages/airflow/example_dags/example_latest_only.py for tasks to queue
[2026-06-19T16:39:19.659+0000] {logging_mixin.py:190} INFO - [2026-06-19T16:39:19.658+0000] {dagbag.py:588} INFO - Filling up the DagBag from /home/airflow/.local/lib/python3.12/site-packages/airflow/example_dags/example_latest_only.py
[2026-06-19T16:39:19.684+0000] {processor.py:925} INFO - DAG(s) 'latest_only' retrieved from /home/airflow/.local/lib/python3.12/site-packages/airflow/example_dags/example_latest_only.py
[2026-06-19T16:39:19.755+0000] {logging_mixin.py:190} INFO - [2026-06-19T16:39:19.754+0000] {dag.py:3239} INFO - Sync 1 DAGs
[2026-06-19T16:39:19.832+0000] {logging_mixin.py:190} INFO - [2026-06-19T16:39:19.831+0000] {dag.py:4180} INFO - Setting next_dagrun for latest_only to 2026-06-19 12:00:00+00:00, run_after=2026-06-19 16:00:00+00:00
[2026-06-19T16:39:19.889+0000] {processor.py:208} INFO - Processing /home/airflow/.local/lib/python3.12/site-packages/airflow/example_dags/example_latest_only.py took 0.259 seconds
[2026-06-19T16:39:50.874+0000] {processor.py:186} INFO - Started process (PID=220) to work on /home/airflow/.local/lib/python3.12/site-packages/airflow/example_dags/example_latest_only.py
[2026-06-19T16:39:50.885+0000] {processor.py:914} INFO - Processing file /home/airflow/.local/lib/python3.12/site-packages/airflow/example_dags/example_latest_only.py for tasks to queue
[2026-06-19T16:39:50.896+0000] {logging_mixin.py:190} INFO - [2026-06-19T16:39:50.893+0000] {dagbag.py:588} INFO - Filling up the DagBag from /home/airflow/.local/lib/python3.12/site-packages/airflow/example_dags/example_latest_only.py
[2026-06-19T16:39:50.925+0000] {processor.py:925} INFO - DAG(s) 'latest_only' retrieved from /home/airflow/.local/lib/python3.12/site-packages/airflow/example_dags/example_latest_only.py
[2026-06-19T16:39:50.990+0000] {logging_mixin.py:190} INFO - [2026-06-19T16:39:50.990+0000] {dag.py:3239} INFO - Sync 1 DAGs
[2026-06-19T16:39:51.145+0000] {logging_mixin.py:190} INFO - [2026-06-19T16:39:51.142+0000] {dag.py:4180} INFO - Setting next_dagrun for latest_only to 2026-06-19 12:00:00+00:00, run_after=2026-06-19 16:00:00+00:00
[2026-06-19T16:39:51.229+0000] {processor.py:208} INFO - Processing /home/airflow/.local/lib/python3.12/site-packages/airflow/example_dags/example_latest_only.py took 0.376 seconds
[2026-06-19T16:42:11.310+0000] {processor.py:186} INFO - Started process (PID=105) to work on /home/airflow/.local/lib/python3.12/site-packages/airflow/example_dags/example_latest_only.py
[2026-06-19T16:42:11.323+0000] {processor.py:914} INFO - Processing file /home/airflow/.local/lib/python3.12/site-packages/airflow/example_dags/example_latest_only.py for tasks to queue
[2026-06-19T16:42:11.337+0000] {logging_mixin.py:190} INFO - [2026-06-19T16:42:11.336+0000] {dagbag.py:588} INFO - Filling up the DagBag from /home/airflow/.local/lib/python3.12/site-packages/airflow/example_dags/example_latest_only.py
[2026-06-19T16:42:11.377+0000] {processor.py:925} INFO - DAG(s) 'latest_only' retrieved from /home/airflow/.local/lib/python3.12/site-packages/airflow/example_dags/example_latest_only.py
[2026-06-19T16:42:11.464+0000] {logging_mixin.py:190} INFO - [2026-06-19T16:42:11.464+0000] {dag.py:3239} INFO - Sync 1 DAGs
[2026-06-19T16:42:11.568+0000] {logging_mixin.py:190} INFO - [2026-06-19T16:42:11.568+0000] {dag.py:4180} INFO - Setting next_dagrun for latest_only to 2026-06-19 12:00:00+00:00, run_after=2026-06-19 16:00:00+00:00
[2026-06-19T16:42:11.665+0000] {processor.py:208} INFO - Processing /home/airflow/.local/lib/python3.12/site-packages/airflow/example_dags/example_latest_only.py took 0.395 seconds
[2026-06-19T16:42:57.737+0000] {processor.py:186} INFO - Started process (PID=176) to work on /home/airflow/.local/lib/python3.12/site-packages/airflow/example_dags/example_latest_only.py
[2026-06-19T16:42:57.771+0000] {processor.py:914} INFO - Processing file /home/airflow/.local/lib/python3.12/site-packages/airflow/example_dags/example_latest_only.py for tasks to queue
[2026-06-19T16:42:57.821+0000] {logging_mixin.py:190} INFO - [2026-06-19T16:42:57.820+0000] {dagbag.py:588} INFO - Filling up the DagBag from /home/airflow/.local/lib/python3.12/site-packages/airflow/example_dags/example_latest_only.py
[2026-06-19T16:42:57.907+0000] {processor.py:925} INFO - DAG(s) 'latest_only' retrieved from /home/airflow/.local/lib/python3.12/site-packages/airflow/example_dags/example_latest_only.py
[2026-06-19T16:42:58.087+0000] {logging_mixin.py:190} INFO - [2026-06-19T16:42:58.076+0000] {dag.py:3239} INFO - Sync 1 DAGs
[2026-06-19T16:42:58.332+0000] {logging_mixin.py:190} INFO - [2026-06-19T16:42:58.332+0000] {dag.py:4180} INFO - Setting next_dagrun for latest_only to 2026-06-19 12:00:00+00:00, run_after=2026-06-19 16:00:00+00:00
[2026-06-19T16:42:58.526+0000] {processor.py:208} INFO - Processing /home/airflow/.local/lib/python3.12/site-packages/airflow/example_dags/example_latest_only.py took 0.855 seconds
[2026-06-19T16:43:40.924+0000] {processor.py:186} INFO - Started process (PID=240) to work on /home/airflow/.local/lib/python3.12/site-packages/airflow/example_dags/example_latest_only.py
[2026-06-19T16:43:40.932+0000] {processor.py:914} INFO - Processing file /home/airflow/.local/lib/python3.12/site-packages/airflow/example_dags/example_latest_only.py for tasks to queue
[2026-06-19T16:43:40.950+0000] {logging_mixin.py:190} INFO - [2026-06-19T16:43:40.949+0000] {dagbag.py:588} INFO - Filling up the DagBag from /home/airflow/.local/lib/python3.12/site-packages/airflow/example_dags/example_latest_only.py
[2026-06-19T16:43:41.007+0000] {processor.py:925} INFO - DAG(s) 'latest_only' retrieved from /home/airflow/.local/lib/python3.12/site-packages/airflow/example_dags/example_latest_only.py
[2026-06-19T16:43:41.115+0000] {logging_mixin.py:190} INFO - [2026-06-19T16:43:41.114+0000] {dag.py:3239} INFO - Sync 1 DAGs
[2026-06-19T16:43:41.333+0000] {logging_mixin.py:190} INFO - [2026-06-19T16:43:41.332+0000] {dag.py:4180} INFO - Setting next_dagrun for latest_only to 2026-06-19 12:00:00+00:00, run_after=2026-06-19 16:00:00+00:00
[2026-06-19T16:43:41.486+0000] {processor.py:208} INFO - Processing /home/airflow/.local/lib/python3.12/site-packages/airflow/example_dags/example_latest_only.py took 0.593 seconds
[2026-06-19T16:44:26.228+0000] {processor.py:186} INFO - Started process (PID=312) to work on /home/airflow/.local/lib/python3.12/site-packages/airflow/example_dags/example_latest_only.py
[2026-06-19T16:44:26.240+0000] {processor.py:914} INFO - Processing file /home/airflow/.local/lib/python3.12/site-packages/airflow/example_dags/example_latest_only.py for tasks to queue
[2026-06-19T16:44:26.260+0000] {logging_mixin.py:190} INFO - [2026-06-19T16:44:26.259+0000] {dagbag.py:588} INFO - Filling up the DagBag from /home/airflow/.local/lib/python3.12/site-packages/airflow/example_dags/example_latest_only.py
[2026-06-19T16:44:26.299+0000] {processor.py:925} INFO - DAG(s) 'latest_only' retrieved from /home/airflow/.local/lib/python3.12/site-packages/airflow/example_dags/example_latest_only.py
[2026-06-19T16:44:26.420+0000] {logging_mixin.py:190} INFO - [2026-06-19T16:44:26.419+0000] {dag.py:3239} INFO - Sync 1 DAGs
[2026-06-19T16:44:26.577+0000] {logging_mixin.py:190} INFO - [2026-06-19T16:44:26.577+0000] {dag.py:4180} INFO - Setting next_dagrun for latest_only to 2026-06-19 12:00:00+00:00, run_after=2026-06-19 16:00:00+00:00
[2026-06-19T16:44:26.683+0000] {processor.py:208} INFO - Processing /home/airflow/.local/lib/python3.12/site-packages/airflow/example_dags/example_latest_only.py took 0.495 seconds
[2026-06-19T16:44:57.402+0000] {processor.py:186} INFO - Started process (PID=375) to work on /home/airflow/.local/lib/python3.12/site-packages/airflow/example_dags/example_latest_only.py
[2026-06-19T16:44:57.406+0000] {processor.py:914} INFO - Processing file /home/airflow/.local/lib/python3.12/site-packages/airflow/example_dags/example_latest_only.py for tasks to queue
[2026-06-19T16:44:57.411+0000] {logging_mixin.py:190} INFO - [2026-06-19T16:44:57.411+0000] {dagbag.py:588} INFO - Filling up the DagBag from /home/airflow/.local/lib/python3.12/site-packages/airflow/example_dags/example_latest_only.py
[2026-06-19T16:44:57.434+0000] {processor.py:925} INFO - DAG(s) 'latest_only' retrieved from /home/airflow/.local/lib/python3.12/site-packages/airflow/example_dags/example_latest_only.py
[2026-06-19T16:44:57.488+0000] {logging_mixin.py:190} INFO - [2026-06-19T16:44:57.487+0000] {dag.py:3239} INFO - Sync 1 DAGs
[2026-06-19T16:44:57.543+0000] {logging_mixin.py:190} INFO - [2026-06-19T16:44:57.543+0000] {dag.py:4180} INFO - Setting next_dagrun for latest_only to 2026-06-19 12:00:00+00:00, run_after=2026-06-19 16:00:00+00:00
[2026-06-19T16:44:57.591+0000] {processor.py:208} INFO - Processing /home/airflow/.local/lib/python3.12/site-packages/airflow/example_dags/example_latest_only.py took 0.204 seconds
[2026-06-19T16:45:28.390+0000] {processor.py:186} INFO - Started process (PID=438) to work on /home/airflow/.local/lib/python3.12/site-packages/airflow/example_dags/example_latest_only.py
[2026-06-19T16:45:28.395+0000] {processor.py:914} INFO - Processing file /home/airflow/.local/lib/python3.12/site-packages/airflow/example_dags/example_latest_only.py for tasks to queue
[2026-06-19T16:45:28.411+0000] {logging_mixin.py:190} INFO - [2026-06-19T16:45:28.410+0000] {dagbag.py:588} INFO - Filling up the DagBag from /home/airflow/.local/lib/python3.12/site-packages/airflow/example_dags/example_latest_only.py
[2026-06-19T16:45:28.441+0000] {processor.py:925} INFO - DAG(s) 'latest_only' retrieved from /home/airflow/.local/lib/python3.12/site-packages/airflow/example_dags/example_latest_only.py
[2026-06-19T16:45:28.544+0000] {logging_mixin.py:190} INFO - [2026-06-19T16:45:28.543+0000] {dag.py:3239} INFO - Sync 1 DAGs
[2026-06-19T16:45:28.740+0000] {logging_mixin.py:190} INFO - [2026-06-19T16:45:28.739+0000] {dag.py:4180} INFO - Setting next_dagrun for latest_only to 2026-06-19 12:00:00+00:00, run_after=2026-06-19 16:00:00+00:00
[2026-06-19T16:45:28.825+0000] {processor.py:208} INFO - Processing /home/airflow/.local/lib/python3.12/site-packages/airflow/example_dags/example_latest_only.py took 0.458 seconds
[2026-06-19T16:45:58.967+0000] {processor.py:186} INFO - Started process (PID=507) to work on /home/airflow/.local/lib/python3.12/site-packages/airflow/example_dags/example_latest_only.py
[2026-06-19T16:45:58.971+0000] {processor.py:914} INFO - Processing file /home/airflow/.local/lib/python3.12/site-packages/airflow/example_dags/example_latest_only.py for tasks to queue
[2026-06-19T16:45:58.978+0000] {logging_mixin.py:190} INFO - [2026-06-19T16:45:58.977+0000] {dagbag.py:588} INFO - Filling up the DagBag from /home/airflow/.local/lib/python3.12/site-packages/airflow/example_dags/example_latest_only.py
[2026-06-19T16:45:58.996+0000] {processor.py:925} INFO - DAG(s) 'latest_only' retrieved from /home/airflow/.local/lib/python3.12/site-packages/airflow/example_dags/example_latest_only.py
[2026-06-19T16:45:59.039+0000] {logging_mixin.py:190} INFO - [2026-06-19T16:45:59.039+0000] {dag.py:3239} INFO - Sync 1 DAGs
[2026-06-19T16:45:59.099+0000] {logging_mixin.py:190} INFO - [2026-06-19T16:45:59.098+0000] {dag.py:4180} INFO - Setting next_dagrun for latest_only to 2026-06-19 12:00:00+00:00, run_after=2026-06-19 16:00:00+00:00
[2026-06-19T16:45:59.148+0000] {processor.py:208} INFO - Processing /home/airflow/.local/lib/python3.12/site-packages/airflow/example_dags/example_latest_only.py took 0.194 seconds
[2026-06-19T16:46:29.244+0000] {processor.py:186} INFO - Started process (PID=571) to work on /home/airflow/.local/lib/python3.12/site-packages/airflow/example_dags/example_latest_only.py
[2026-06-19T16:46:29.247+0000] {processor.py:914} INFO - Processing file /home/airflow/.local/lib/python3.12/site-packages/airflow/example_dags/example_latest_only.py for tasks to queue
[2026-06-19T16:46:29.254+0000] {logging_mixin.py:190} INFO - [2026-06-19T16:46:29.253+0000] {dagbag.py:588} INFO - Filling up the DagBag from /home/airflow/.local/lib/python3.12/site-packages/airflow/example_dags/example_latest_only.py
[2026-06-19T16:46:29.268+0000] {processor.py:925} INFO - DAG(s) 'latest_only' retrieved from /home/airflow/.local/lib/python3.12/site-packages/airflow/example_dags/example_latest_only.py
[2026-06-19T16:46:29.313+0000] {logging_mixin.py:190} INFO - [2026-06-19T16:46:29.312+0000] {dag.py:3239} INFO - Sync 1 DAGs
[2026-06-19T16:46:29.361+0000] {logging_mixin.py:190} INFO - [2026-06-19T16:46:29.360+0000] {dag.py:4180} INFO - Setting next_dagrun for latest_only to 2026-06-19 12:00:00+00:00, run_after=2026-06-19 16:00:00+00:00
[2026-06-19T16:46:29.396+0000] {processor.py:208} INFO - Processing /home/airflow/.local/lib/python3.12/site-packages/airflow/example_dags/example_latest_only.py took 0.163 seconds
[2026-06-19T16:46:59.968+0000] {processor.py:186} INFO - Started process (PID=635) to work on /home/airflow/.local/lib/python3.12/site-packages/airflow/example_dags/example_latest_only.py
[2026-06-19T16:46:59.973+0000] {processor.py:914} INFO - Processing file /home/airflow/.local/lib/python3.12/site-packages/airflow/example_dags/example_latest_only.py for tasks to queue
[2026-06-19T16:46:59.986+0000] {logging_mixin.py:190} INFO - [2026-06-19T16:46:59.985+0000] {dagbag.py:588} INFO - Filling up the DagBag from /home/airflow/.local/lib/python3.12/site-packages/airflow/example_dags/example_latest_only.py
[2026-06-19T16:47:00.020+0000] {processor.py:925} INFO - DAG(s) 'latest_only' retrieved from /home/airflow/.local/lib/python3.12/site-packages/airflow/example_dags/example_latest_only.py
[2026-06-19T16:47:00.107+0000] {logging_mixin.py:190} INFO - [2026-06-19T16:47:00.107+0000] {dag.py:3239} INFO - Sync 1 DAGs
[2026-06-19T16:47:00.209+0000] {logging_mixin.py:190} INFO - [2026-06-19T16:47:00.208+0000] {dag.py:4180} INFO - Setting next_dagrun for latest_only to 2026-06-19 12:00:00+00:00, run_after=2026-06-19 16:00:00+00:00
[2026-06-19T16:47:00.313+0000] {processor.py:208} INFO - Processing /home/airflow/.local/lib/python3.12/site-packages/airflow/example_dags/example_latest_only.py took 0.360 seconds
[2026-06-19T16:47:30.508+0000] {processor.py:186} INFO - Started process (PID=698) to work on /home/airflow/.local/lib/python3.12/site-packages/airflow/example_dags/example_latest_only.py
[2026-06-19T16:47:30.512+0000] {processor.py:914} INFO - Processing file /home/airflow/.local/lib/python3.12/site-packages/airflow/example_dags/example_latest_only.py for tasks to queue
[2026-06-19T16:47:30.522+0000] {logging_mixin.py:190} INFO - [2026-06-19T16:47:30.521+0000] {dagbag.py:588} INFO - Filling up the DagBag from /home/airflow/.local/lib/python3.12/site-packages/airflow/example_dags/example_latest_only.py
[2026-06-19T16:47:30.543+0000] {processor.py:925} INFO - DAG(s) 'latest_only' retrieved from /home/airflow/.local/lib/python3.12/site-packages/airflow/example_dags/example_latest_only.py
[2026-06-19T16:47:30.592+0000] {logging_mixin.py:190} INFO - [2026-06-19T16:47:30.591+0000] {dag.py:3239} INFO - Sync 1 DAGs
[2026-06-19T16:47:30.658+0000] {logging_mixin.py:190} INFO - [2026-06-19T16:47:30.657+0000] {dag.py:4180} INFO - Setting next_dagrun for latest_only to 2026-06-19 12:00:00+00:00, run_after=2026-06-19 16:00:00+00:00
[2026-06-19T16:47:30.709+0000] {processor.py:208} INFO - Processing /home/airflow/.local/lib/python3.12/site-packages/airflow/example_dags/example_latest_only.py took 0.218 seconds
[2026-06-19T16:48:02.507+0000] {processor.py:186} INFO - Started process (PID=762) to work on /home/airflow/.local/lib/python3.12/site-packages/airflow/example_dags/example_latest_only.py
[2026-06-19T16:48:02.512+0000] {processor.py:914} INFO - Processing file /home/airflow/.local/lib/python3.12/site-packages/airflow/example_dags/example_latest_only.py for tasks to queue
[2026-06-19T16:48:02.520+0000] {logging_mixin.py:190} INFO - [2026-06-19T16:48:02.519+0000] {dagbag.py:588} INFO - Filling up the DagBag from /home/airflow/.local/lib/python3.12/site-packages/airflow/example_dags/example_latest_only.py
[2026-06-19T16:48:02.553+0000] {processor.py:925} INFO - DAG(s) 'latest_only' retrieved from /home/airflow/.local/lib/python3.12/site-packages/airflow/example_dags/example_latest_only.py
[2026-06-19T16:48:02.623+0000] {logging_mixin.py:190} INFO - [2026-06-19T16:48:02.623+0000] {dag.py:3239} INFO - Sync 1 DAGs
[2026-06-19T16:48:02.698+0000] {logging_mixin.py:190} INFO - [2026-06-19T16:48:02.698+0000] {dag.py:4180} INFO - Setting next_dagrun for latest_only to 2026-06-19 12:00:00+00:00, run_after=2026-06-19 16:00:00+00:00
[2026-06-19T16:48:02.765+0000] {processor.py:208} INFO - Processing /home/airflow/.local/lib/python3.12/site-packages/airflow/example_dags/example_latest_only.py took 0.277 seconds
[2026-06-19T16:48:35.507+0000] {processor.py:186} INFO - Started process (PID=828) to work on /home/airflow/.local/lib/python3.12/site-packages/airflow/example_dags/example_latest_only.py
[2026-06-19T16:48:35.512+0000] {processor.py:914} INFO - Processing file /home/airflow/.local/lib/python3.12/site-packages/airflow/example_dags/example_latest_only.py for tasks to queue
[2026-06-19T16:48:35.524+0000] {logging_mixin.py:190} INFO - [2026-06-19T16:48:35.523+0000] {dagbag.py:588} INFO - Filling up the DagBag from /home/airflow/.local/lib/python3.12/site-packages/airflow/example_dags/example_latest_only.py
[2026-06-19T16:48:35.550+0000] {processor.py:925} INFO - DAG(s) 'latest_only' retrieved from /home/airflow/.local/lib/python3.12/site-packages/airflow/example_dags/example_latest_only.py
[2026-06-19T16:48:35.619+0000] {logging_mixin.py:190} INFO - [2026-06-19T16:48:35.618+0000] {dag.py:3239} INFO - Sync 1 DAGs
[2026-06-19T16:48:35.845+0000] {logging_mixin.py:190} INFO - [2026-06-19T16:48:35.844+0000] {dag.py:4180} INFO - Setting next_dagrun for latest_only to 2026-06-19 12:00:00+00:00, run_after=2026-06-19 16:00:00+00:00
[2026-06-19T16:48:35.910+0000] {processor.py:208} INFO - Processing /home/airflow/.local/lib/python3.12/site-packages/airflow/example_dags/example_latest_only.py took 0.423 seconds
[2026-06-19T16:49:07.099+0000] {processor.py:186} INFO - Started process (PID=892) to work on /home/airflow/.local/lib/python3.12/site-packages/airflow/example_dags/example_latest_only.py
[2026-06-19T16:49:07.133+0000] {processor.py:914} INFO - Processing file /home/airflow/.local/lib/python3.12/site-packages/airflow/example_dags/example_latest_only.py for tasks to queue
[2026-06-19T16:49:07.197+0000] {logging_mixin.py:190} INFO - [2026-06-19T16:49:07.193+0000] {dagbag.py:588} INFO - Filling up the DagBag from /home/airflow/.local/lib/python3.12/site-packages/airflow/example_dags/example_latest_only.py
[2026-06-19T16:49:07.284+0000] {processor.py:925} INFO - DAG(s) 'latest_only' retrieved from /home/airflow/.local/lib/python3.12/site-packages/airflow/example_dags/example_latest_only.py
[2026-06-19T16:49:07.481+0000] {logging_mixin.py:190} INFO - [2026-06-19T16:49:07.481+0000] {dag.py:3239} INFO - Sync 1 DAGs
[2026-06-19T16:49:07.593+0000] {logging_mixin.py:190} INFO - [2026-06-19T16:49:07.584+0000] {dag.py:4180} INFO - Setting next_dagrun for latest_only to 2026-06-19 12:00:00+00:00, run_after=2026-06-19 16:00:00+00:00
[2026-06-19T16:49:07.815+0000] {processor.py:208} INFO - Processing /home/airflow/.local/lib/python3.12/site-packages/airflow/example_dags/example_latest_only.py took 0.745 seconds
[2026-06-19T16:49:38.190+0000] {processor.py:186} INFO - Started process (PID=956) to work on /home/airflow/.local/lib/python3.12/site-packages/airflow/example_dags/example_latest_only.py
[2026-06-19T16:49:38.194+0000] {processor.py:914} INFO - Processing file /home/airflow/.local/lib/python3.12/site-packages/airflow/example_dags/example_latest_only.py for tasks to queue
[2026-06-19T16:49:38.203+0000] {logging_mixin.py:190} INFO - [2026-06-19T16:49:38.202+0000] {dagbag.py:588} INFO - Filling up the DagBag from /home/airflow/.local/lib/python3.12/site-packages/airflow/example_dags/example_latest_only.py
[2026-06-19T16:49:38.220+0000] {processor.py:925} INFO - DAG(s) 'latest_only' retrieved from /home/airflow/.local/lib/python3.12/site-packages/airflow/example_dags/example_latest_only.py
[2026-06-19T16:49:38.275+0000] {logging_mixin.py:190} INFO - [2026-06-19T16:49:38.275+0000] {dag.py:3239} INFO - Sync 1 DAGs
[2026-06-19T16:49:38.368+0000] {logging_mixin.py:190} INFO - [2026-06-19T16:49:38.367+0000] {dag.py:4180} INFO - Setting next_dagrun for latest_only to 2026-06-19 12:00:00+00:00, run_after=2026-06-19 16:00:00+00:00
[2026-06-19T16:49:38.441+0000] {processor.py:208} INFO - Processing /home/airflow/.local/lib/python3.12/site-packages/airflow/example_dags/example_latest_only.py took 0.261 seconds
[2026-06-19T16:50:08.853+0000] {processor.py:186} INFO - Started process (PID=1020) to work on /home/airflow/.local/lib/python3.12/site-packages/airflow/example_dags/example_latest_only.py
[2026-06-19T16:50:08.858+0000] {processor.py:914} INFO - Processing file /home/airflow/.local/lib/python3.12/site-packages/airflow/example_dags/example_latest_only.py for tasks to queue
[2026-06-19T16:50:08.867+0000] {logging_mixin.py:190} INFO - [2026-06-19T16:50:08.866+0000] {dagbag.py:588} INFO - Filling up the DagBag from /home/airflow/.local/lib/python3.12/site-packages/airflow/example_dags/example_latest_only.py
[2026-06-19T16:50:08.897+0000] {processor.py:925} INFO - DAG(s) 'latest_only' retrieved from /home/airflow/.local/lib/python3.12/site-packages/airflow/example_dags/example_latest_only.py
[2026-06-19T16:50:08.982+0000] {logging_mixin.py:190} INFO - [2026-06-19T16:50:08.981+0000] {dag.py:3239} INFO - Sync 1 DAGs
[2026-06-19T16:50:09.076+0000] {logging_mixin.py:190} INFO - [2026-06-19T16:50:09.075+0000] {dag.py:4180} INFO - Setting next_dagrun for latest_only to 2026-06-19 12:00:00+00:00, run_after=2026-06-19 16:00:00+00:00
[2026-06-19T16:50:09.124+0000] {processor.py:208} INFO - Processing /home/airflow/.local/lib/python3.12/site-packages/airflow/example_dags/example_latest_only.py took 0.288 seconds
[2026-06-19T16:50:39.691+0000] {processor.py:186} INFO - Started process (PID=1084) to work on /home/airflow/.local/lib/python3.12/site-packages/airflow/example_dags/example_latest_only.py
[2026-06-19T16:50:39.700+0000] {processor.py:914} INFO - Processing file /home/airflow/.local/lib/python3.12/site-packages/airflow/example_dags/example_latest_only.py for tasks to queue
[2026-06-19T16:50:39.712+0000] {logging_mixin.py:190} INFO - [2026-06-19T16:50:39.711+0000] {dagbag.py:588} INFO - Filling up the DagBag from /home/airflow/.local/lib/python3.12/site-packages/airflow/example_dags/example_latest_only.py
[2026-06-19T16:50:39.748+0000] {processor.py:925} INFO - DAG(s) 'latest_only' retrieved from /home/airflow/.local/lib/python3.12/site-packages/airflow/example_dags/example_latest_only.py
[2026-06-19T16:50:39.819+0000] {logging_mixin.py:190} INFO - [2026-06-19T16:50:39.818+0000] {dag.py:3239} INFO - Sync 1 DAGs
[2026-06-19T16:50:39.914+0000] {logging_mixin.py:190} INFO - [2026-06-19T16:50:39.914+0000] {dag.py:4180} INFO - Setting next_dagrun for latest_only to 2026-06-19 12:00:00+00:00, run_after=2026-06-19 16:00:00+00:00
[2026-06-19T16:50:39.982+0000] {processor.py:208} INFO - Processing /home/airflow/.local/lib/python3.12/site-packages/airflow/example_dags/example_latest_only.py took 0.317 seconds
[2026-06-19T16:51:10.090+0000] {processor.py:186} INFO - Started process (PID=1147) to work on /home/airflow/.local/lib/python3.12/site-packages/airflow/example_dags/example_latest_only.py
[2026-06-19T16:51:10.094+0000] {processor.py:914} INFO - Processing file /home/airflow/.local/lib/python3.12/site-packages/airflow/example_dags/example_latest_only.py for tasks to queue
[2026-06-19T16:51:10.104+0000] {logging_mixin.py:190} INFO - [2026-06-19T16:51:10.103+0000] {dagbag.py:588} INFO - Filling up the DagBag from /home/airflow/.local/lib/python3.12/site-packages/airflow/example_dags/example_latest_only.py
[2026-06-19T16:51:10.126+0000] {processor.py:925} INFO - DAG(s) 'latest_only' retrieved from /home/airflow/.local/lib/python3.12/site-packages/airflow/example_dags/example_latest_only.py
[2026-06-19T16:51:10.188+0000] {logging_mixin.py:190} INFO - [2026-06-19T16:51:10.187+0000] {dag.py:3239} INFO - Sync 1 DAGs
[2026-06-19T16:51:10.229+0000] {logging_mixin.py:190} INFO - [2026-06-19T16:51:10.228+0000] {dag.py:4180} INFO - Setting next_dagrun for latest_only to 2026-06-19 12:00:00+00:00, run_after=2026-06-19 16:00:00+00:00
[2026-06-19T16:51:10.280+0000] {processor.py:208} INFO - Processing /home/airflow/.local/lib/python3.12/site-packages/airflow/example_dags/example_latest_only.py took 0.212 seconds
[2026-06-19T16:51:40.923+0000] {processor.py:186} INFO - Started process (PID=1211) to work on /home/airflow/.local/lib/python3.12/site-packages/airflow/example_dags/example_latest_only.py
[2026-06-19T16:51:40.927+0000] {processor.py:914} INFO - Processing file /home/airflow/.local/lib/python3.12/site-packages/airflow/example_dags/example_latest_only.py for tasks to queue
[2026-06-19T16:51:40.961+0000] {logging_mixin.py:190} INFO - [2026-06-19T16:51:40.960+0000] {dagbag.py:588} INFO - Filling up the DagBag from /home/airflow/.local/lib/python3.12/site-packages/airflow/example_dags/example_latest_only.py
[2026-06-19T16:51:40.981+0000] {processor.py:925} INFO - DAG(s) 'latest_only' retrieved from /home/airflow/.local/lib/python3.12/site-packages/airflow/example_dags/example_latest_only.py
[2026-06-19T16:51:41.023+0000] {logging_mixin.py:190} INFO - [2026-06-19T16:51:41.022+0000] {dag.py:3239} INFO - Sync 1 DAGs
[2026-06-19T16:51:41.078+0000] {logging_mixin.py:190} INFO - [2026-06-19T16:51:41.077+0000] {dag.py:4180} INFO - Setting next_dagrun for latest_only to 2026-06-19 12:00:00+00:00, run_after=2026-06-19 16:00:00+00:00
[2026-06-19T16:51:41.109+0000] {processor.py:208} INFO - Processing /home/airflow/.local/lib/python3.12/site-packages/airflow/example_dags/example_latest_only.py took 0.205 seconds
[2026-06-19T16:52:11.722+0000] {processor.py:186} INFO - Started process (PID=1275) to work on /home/airflow/.local/lib/python3.12/site-packages/airflow/example_dags/example_latest_only.py
[2026-06-19T16:52:11.730+0000] {processor.py:914} INFO - Processing file /home/airflow/.local/lib/python3.12/site-packages/airflow/example_dags/example_latest_only.py for tasks to queue
[2026-06-19T16:52:11.758+0000] {logging_mixin.py:190} INFO - [2026-06-19T16:52:11.756+0000] {dagbag.py:588} INFO - Filling up the DagBag from /home/airflow/.local/lib/python3.12/site-packages/airflow/example_dags/example_latest_only.py
[2026-06-19T16:52:11.800+0000] {processor.py:925} INFO - DAG(s) 'latest_only' retrieved from /home/airflow/.local/lib/python3.12/site-packages/airflow/example_dags/example_latest_only.py
[2026-06-19T16:52:11.886+0000] {logging_mixin.py:190} INFO - [2026-06-19T16:52:11.885+0000] {dag.py:3239} INFO - Sync 1 DAGs
[2026-06-19T16:52:11.970+0000] {logging_mixin.py:190} INFO - [2026-06-19T16:52:11.964+0000] {dag.py:4180} INFO - Setting next_dagrun for latest_only to 2026-06-19 12:00:00+00:00, run_after=2026-06-19 16:00:00+00:00
[2026-06-19T16:52:12.039+0000] {processor.py:208} INFO - Processing /home/airflow/.local/lib/python3.12/site-packages/airflow/example_dags/example_latest_only.py took 0.349 seconds
[2026-06-19T16:52:42.362+0000] {processor.py:186} INFO - Started process (PID=1339) to work on /home/airflow/.local/lib/python3.12/site-packages/airflow/example_dags/example_latest_only.py
[2026-06-19T16:52:42.367+0000] {processor.py:914} INFO - Processing file /home/airflow/.local/lib/python3.12/site-packages/airflow/example_dags/example_latest_only.py for tasks to queue
[2026-06-19T16:52:42.379+0000] {logging_mixin.py:190} INFO - [2026-06-19T16:52:42.378+0000] {dagbag.py:588} INFO - Filling up the DagBag from /home/airflow/.local/lib/python3.12/site-packages/airflow/example_dags/example_latest_only.py
[2026-06-19T16:52:42.424+0000] {processor.py:925} INFO - DAG(s) 'latest_only' retrieved from /home/airflow/.local/lib/python3.12/site-packages/airflow/example_dags/example_latest_only.py
[2026-06-19T16:52:42.533+0000] {logging_mixin.py:190} INFO - [2026-06-19T16:52:42.531+0000] {dag.py:3239} INFO - Sync 1 DAGs
[2026-06-19T16:52:42.633+0000] {logging_mixin.py:190} INFO - [2026-06-19T16:52:42.632+0000] {dag.py:4180} INFO - Setting next_dagrun for latest_only to 2026-06-19 12:00:00+00:00, run_after=2026-06-19 16:00:00+00:00
[2026-06-19T16:52:42.737+0000] {processor.py:208} INFO - Processing /home/airflow/.local/lib/python3.12/site-packages/airflow/example_dags/example_latest_only.py took 0.393 seconds
[2026-06-19T16:53:13.340+0000] {processor.py:186} INFO - Started process (PID=1402) to work on /home/airflow/.local/lib/python3.12/site-packages/airflow/example_dags/example_latest_only.py
[2026-06-19T16:53:13.345+0000] {processor.py:914} INFO - Processing file /home/airflow/.local/lib/python3.12/site-packages/airflow/example_dags/example_latest_only.py for tasks to queue
[2026-06-19T16:53:13.356+0000] {logging_mixin.py:190} INFO - [2026-06-19T16:53:13.355+0000] {dagbag.py:588} INFO - Filling up the DagBag from /home/airflow/.local/lib/python3.12/site-packages/airflow/example_dags/example_latest_only.py
[2026-06-19T16:53:13.380+0000] {processor.py:925} INFO - DAG(s) 'latest_only' retrieved from /home/airflow/.local/lib/python3.12/site-packages/airflow/example_dags/example_latest_only.py
[2026-06-19T16:53:13.446+0000] {logging_mixin.py:190} INFO - [2026-06-19T16:53:13.445+0000] {dag.py:3239} INFO - Sync 1 DAGs
[2026-06-19T16:53:13.531+0000] {logging_mixin.py:190} INFO - [2026-06-19T16:53:13.530+0000] {dag.py:4180} INFO - Setting next_dagrun for latest_only to 2026-06-19 12:00:00+00:00, run_after=2026-06-19 16:00:00+00:00
[2026-06-19T16:53:13.591+0000] {processor.py:208} INFO - Processing /home/airflow/.local/lib/python3.12/site-packages/airflow/example_dags/example_latest_only.py took 0.272 seconds
[2026-06-19T16:53:43.812+0000] {processor.py:186} INFO - Started process (PID=1465) to work on /home/airflow/.local/lib/python3.12/site-packages/airflow/example_dags/example_latest_only.py
[2026-06-19T16:53:43.817+0000] {processor.py:914} INFO - Processing file /home/airflow/.local/lib/python3.12/site-packages/airflow/example_dags/example_latest_only.py for tasks to queue
[2026-06-19T16:53:43.827+0000] {logging_mixin.py:190} INFO - [2026-06-19T16:53:43.826+0000] {dagbag.py:588} INFO - Filling up the DagBag from /home/airflow/.local/lib/python3.12/site-packages/airflow/example_dags/example_latest_only.py
[2026-06-19T16:53:43.848+0000] {processor.py:925} INFO - DAG(s) 'latest_only' retrieved from /home/airflow/.local/lib/python3.12/site-packages/airflow/example_dags/example_latest_only.py
[2026-06-19T16:53:43.907+0000] {logging_mixin.py:190} INFO - [2026-06-19T16:53:43.906+0000] {dag.py:3239} INFO - Sync 1 DAGs
[2026-06-19T16:53:43.976+0000] {logging_mixin.py:190} INFO - [2026-06-19T16:53:43.976+0000] {dag.py:4180} INFO - Setting next_dagrun for latest_only to 2026-06-19 12:00:00+00:00, run_after=2026-06-19 16:00:00+00:00
[2026-06-19T16:53:44.036+0000] {processor.py:208} INFO - Processing /home/airflow/.local/lib/python3.12/site-packages/airflow/example_dags/example_latest_only.py took 0.242 seconds
[2026-06-19T16:54:14.752+0000] {processor.py:186} INFO - Started process (PID=1529) to work on /home/airflow/.local/lib/python3.12/site-packages/airflow/example_dags/example_latest_only.py
[2026-06-19T16:54:14.754+0000] {processor.py:914} INFO - Processing file /home/airflow/.local/lib/python3.12/site-packages/airflow/example_dags/example_latest_only.py for tasks to queue
[2026-06-19T16:54:14.760+0000] {logging_mixin.py:190} INFO - [2026-06-19T16:54:14.759+0000] {dagbag.py:588} INFO - Filling up the DagBag from /home/airflow/.local/lib/python3.12/site-packages/airflow/example_dags/example_latest_only.py
[2026-06-19T16:54:14.778+0000] {processor.py:925} INFO - DAG(s) 'latest_only' retrieved from /home/airflow/.local/lib/python3.12/site-packages/airflow/example_dags/example_latest_only.py
[2026-06-19T16:54:14.816+0000] {logging_mixin.py:190} INFO - [2026-06-19T16:54:14.815+0000] {dag.py:3239} INFO - Sync 1 DAGs
[2026-06-19T16:54:14.866+0000] {logging_mixin.py:190} INFO - [2026-06-19T16:54:14.865+0000] {dag.py:4180} INFO - Setting next_dagrun for latest_only to 2026-06-19 12:00:00+00:00, run_after=2026-06-19 16:00:00+00:00
[2026-06-19T16:54:14.903+0000] {processor.py:208} INFO - Processing /home/airflow/.local/lib/python3.12/site-packages/airflow/example_dags/example_latest_only.py took 0.163 seconds
[2026-06-19T16:54:45.681+0000] {processor.py:186} INFO - Started process (PID=1593) to work on /home/airflow/.local/lib/python3.12/site-packages/airflow/example_dags/example_latest_only.py
[2026-06-19T16:54:45.687+0000] {processor.py:914} INFO - Processing file /home/airflow/.local/lib/python3.12/site-packages/airflow/example_dags/example_latest_only.py for tasks to queue
[2026-06-19T16:54:45.698+0000] {logging_mixin.py:190} INFO - [2026-06-19T16:54:45.696+0000] {dagbag.py:588} INFO - Filling up the DagBag from /home/airflow/.local/lib/python3.12/site-packages/airflow/example_dags/example_latest_only.py
[2026-06-19T16:54:45.730+0000] {processor.py:925} INFO - DAG(s) 'latest_only' retrieved from /home/airflow/.local/lib/python3.12/site-packages/airflow/example_dags/example_latest_only.py
[2026-06-19T16:54:45.801+0000] {logging_mixin.py:190} INFO - [2026-06-19T16:54:45.800+0000] {dag.py:3239} INFO - Sync 1 DAGs
[2026-06-19T16:54:45.903+0000] {logging_mixin.py:190} INFO - [2026-06-19T16:54:45.903+0000] {dag.py:4180} INFO - Setting next_dagrun for latest_only to 2026-06-19 12:00:00+00:00, run_after=2026-06-19 16:00:00+00:00
[2026-06-19T16:54:46.049+0000] {processor.py:208} INFO - Processing /home/airflow/.local/lib/python3.12/site-packages/airflow/example_dags/example_latest_only.py took 0.395 seconds
[2026-06-19T16:55:17.265+0000] {processor.py:186} INFO - Started process (PID=1656) to work on /home/airflow/.local/lib/python3.12/site-packages/airflow/example_dags/example_latest_only.py
[2026-06-19T16:55:17.273+0000] {processor.py:914} INFO - Processing file /home/airflow/.local/lib/python3.12/site-packages/airflow/example_dags/example_latest_only.py for tasks to queue
[2026-06-19T16:55:17.286+0000] {logging_mixin.py:190} INFO - [2026-06-19T16:55:17.285+0000] {dagbag.py:588} INFO - Filling up the DagBag from /home/airflow/.local/lib/python3.12/site-packages/airflow/example_dags/example_latest_only.py
[2026-06-19T16:55:17.320+0000] {processor.py:925} INFO - DAG(s) 'latest_only' retrieved from /home/airflow/.local/lib/python3.12/site-packages/airflow/example_dags/example_latest_only.py
[2026-06-19T16:55:17.390+0000] {logging_mixin.py:190} INFO - [2026-06-19T16:55:17.389+0000] {dag.py:3239} INFO - Sync 1 DAGs
[2026-06-19T16:55:17.469+0000] {logging_mixin.py:190} INFO - [2026-06-19T16:55:17.468+0000] {dag.py:4180} INFO - Setting next_dagrun for latest_only to 2026-06-19 12:00:00+00:00, run_after=2026-06-19 16:00:00+00:00
[2026-06-19T16:55:17.518+0000] {processor.py:208} INFO - Processing /home/airflow/.local/lib/python3.12/site-packages/airflow/example_dags/example_latest_only.py took 0.271 seconds
[2026-06-19T16:55:47.798+0000] {processor.py:186} INFO - Started process (PID=1720) to work on /home/airflow/.local/lib/python3.12/site-packages/airflow/example_dags/example_latest_only.py
[2026-06-19T16:55:47.801+0000] {processor.py:914} INFO - Processing file /home/airflow/.local/lib/python3.12/site-packages/airflow/example_dags/example_latest_only.py for tasks to queue
[2026-06-19T16:55:47.808+0000] {logging_mixin.py:190} INFO - [2026-06-19T16:55:47.807+0000] {dagbag.py:588} INFO - Filling up the DagBag from /home/airflow/.local/lib/python3.12/site-packages/airflow/example_dags/example_latest_only.py
[2026-06-19T16:55:47.824+0000] {processor.py:925} INFO - DAG(s) 'latest_only' retrieved from /home/airflow/.local/lib/python3.12/site-packages/airflow/example_dags/example_latest_only.py
[2026-06-19T16:55:47.856+0000] {logging_mixin.py:190} INFO - [2026-06-19T16:55:47.856+0000] {dag.py:3239} INFO - Sync 1 DAGs
[2026-06-19T16:55:47.891+0000] {logging_mixin.py:190} INFO - [2026-06-19T16:55:47.890+0000] {dag.py:4180} INFO - Setting next_dagrun for latest_only to 2026-06-19 12:00:00+00:00, run_after=2026-06-19 16:00:00+00:00
[2026-06-19T16:55:47.916+0000] {processor.py:208} INFO - Processing /home/airflow/.local/lib/python3.12/site-packages/airflow/example_dags/example_latest_only.py took 0.130 seconds
[2026-06-19T16:56:18.339+0000] {processor.py:186} INFO - Started process (PID=1784) to work on /home/airflow/.local/lib/python3.12/site-packages/airflow/example_dags/example_latest_only.py
[2026-06-19T16:56:18.345+0000] {processor.py:914} INFO - Processing file /home/airflow/.local/lib/python3.12/site-packages/airflow/example_dags/example_latest_only.py for tasks to queue
[2026-06-19T16:56:18.353+0000] {logging_mixin.py:190} INFO - [2026-06-19T16:56:18.352+0000] {dagbag.py:588} INFO - Filling up the DagBag from /home/airflow/.local/lib/python3.12/site-packages/airflow/example_dags/example_latest_only.py
[2026-06-19T16:56:18.373+0000] {processor.py:925} INFO - DAG(s) 'latest_only' retrieved from /home/airflow/.local/lib/python3.12/site-packages/airflow/example_dags/example_latest_only.py
[2026-06-19T16:56:18.428+0000] {logging_mixin.py:190} INFO - [2026-06-19T16:56:18.427+0000] {dag.py:3239} INFO - Sync 1 DAGs
[2026-06-19T16:56:18.487+0000] {logging_mixin.py:190} INFO - [2026-06-19T16:56:18.486+0000] {dag.py:4180} INFO - Setting next_dagrun for latest_only to 2026-06-19 12:00:00+00:00, run_after=2026-06-19 16:00:00+00:00
[2026-06-19T16:56:18.530+0000] {processor.py:208} INFO - Processing /home/airflow/.local/lib/python3.12/site-packages/airflow/example_dags/example_latest_only.py took 0.208 seconds
[2026-06-19T16:56:48.900+0000] {processor.py:186} INFO - Started process (PID=1847) to work on /home/airflow/.local/lib/python3.12/site-packages/airflow/example_dags/example_latest_only.py
[2026-06-19T16:56:48.904+0000] {processor.py:914} INFO - Processing file /home/airflow/.local/lib/python3.12/site-packages/airflow/example_dags/example_latest_only.py for tasks to queue
[2026-06-19T16:56:48.912+0000] {logging_mixin.py:190} INFO - [2026-06-19T16:56:48.912+0000] {dagbag.py:588} INFO - Filling up the DagBag from /home/airflow/.local/lib/python3.12/site-packages/airflow/example_dags/example_latest_only.py
[2026-06-19T16:56:48.936+0000] {processor.py:925} INFO - DAG(s) 'latest_only' retrieved from /home/airflow/.local/lib/python3.12/site-packages/airflow/example_dags/example_latest_only.py
[2026-06-19T16:56:48.986+0000] {logging_mixin.py:190} INFO - [2026-06-19T16:56:48.985+0000] {dag.py:3239} INFO - Sync 1 DAGs
[2026-06-19T16:56:49.048+0000] {logging_mixin.py:190} INFO - [2026-06-19T16:56:49.047+0000] {dag.py:4180} INFO - Setting next_dagrun for latest_only to 2026-06-19 12:00:00+00:00, run_after=2026-06-19 16:00:00+00:00
[2026-06-19T16:56:49.104+0000] {processor.py:208} INFO - Processing /home/airflow/.local/lib/python3.12/site-packages/airflow/example_dags/example_latest_only.py took 0.220 seconds
[2026-06-19T16:57:21.005+0000] {processor.py:186} INFO - Started process (PID=1910) to work on /home/airflow/.local/lib/python3.12/site-packages/airflow/example_dags/example_latest_only.py
[2026-06-19T16:57:21.009+0000] {processor.py:914} INFO - Processing file /home/airflow/.local/lib/python3.12/site-packages/airflow/example_dags/example_latest_only.py for tasks to queue
[2026-06-19T16:57:21.019+0000] {logging_mixin.py:190} INFO - [2026-06-19T16:57:21.016+0000] {dagbag.py:588} INFO - Filling up the DagBag from /home/airflow/.local/lib/python3.12/site-packages/airflow/example_dags/example_latest_only.py
[2026-06-19T16:57:21.041+0000] {processor.py:925} INFO - DAG(s) 'latest_only' retrieved from /home/airflow/.local/lib/python3.12/site-packages/airflow/example_dags/example_latest_only.py
[2026-06-19T16:57:21.109+0000] {logging_mixin.py:190} INFO - [2026-06-19T16:57:21.109+0000] {dag.py:3239} INFO - Sync 1 DAGs
[2026-06-19T16:57:21.183+0000] {logging_mixin.py:190} INFO - [2026-06-19T16:57:21.183+0000] {dag.py:4180} INFO - Setting next_dagrun for latest_only to 2026-06-19 12:00:00+00:00, run_after=2026-06-19 16:00:00+00:00
[2026-06-19T16:57:21.235+0000] {processor.py:208} INFO - Processing /home/airflow/.local/lib/python3.12/site-packages/airflow/example_dags/example_latest_only.py took 0.247 seconds
[2026-06-19T16:57:51.363+0000] {processor.py:186} INFO - Started process (PID=1973) to work on /home/airflow/.local/lib/python3.12/site-packages/airflow/example_dags/example_latest_only.py
[2026-06-19T16:57:51.365+0000] {processor.py:914} INFO - Processing file /home/airflow/.local/lib/python3.12/site-packages/airflow/example_dags/example_latest_only.py for tasks to queue
[2026-06-19T16:57:51.370+0000] {logging_mixin.py:190} INFO - [2026-06-19T16:57:51.370+0000] {dagbag.py:588} INFO - Filling up the DagBag from /home/airflow/.local/lib/python3.12/site-packages/airflow/example_dags/example_latest_only.py
[2026-06-19T16:57:51.387+0000] {processor.py:925} INFO - DAG(s) 'latest_only' retrieved from /home/airflow/.local/lib/python3.12/site-packages/airflow/example_dags/example_latest_only.py
[2026-06-19T16:57:51.422+0000] {logging_mixin.py:190} INFO - [2026-06-19T16:57:51.421+0000] {dag.py:3239} INFO - Sync 1 DAGs
[2026-06-19T16:57:51.459+0000] {logging_mixin.py:190} INFO - [2026-06-19T16:57:51.459+0000] {dag.py:4180} INFO - Setting next_dagrun for latest_only to 2026-06-19 12:00:00+00:00, run_after=2026-06-19 16:00:00+00:00
[2026-06-19T16:57:51.487+0000] {processor.py:208} INFO - Processing /home/airflow/.local/lib/python3.12/site-packages/airflow/example_dags/example_latest_only.py took 0.135 seconds
[2026-06-19T16:58:22.457+0000] {processor.py:186} INFO - Started process (PID=2038) to work on /home/airflow/.local/lib/python3.12/site-packages/airflow/example_dags/example_latest_only.py
[2026-06-19T16:58:22.461+0000] {processor.py:914} INFO - Processing file /home/airflow/.local/lib/python3.12/site-packages/airflow/example_dags/example_latest_only.py for tasks to queue
[2026-06-19T16:58:22.469+0000] {logging_mixin.py:190} INFO - [2026-06-19T16:58:22.469+0000] {dagbag.py:588} INFO - Filling up the DagBag from /home/airflow/.local/lib/python3.12/site-packages/airflow/example_dags/example_latest_only.py
[2026-06-19T16:58:22.492+0000] {processor.py:925} INFO - DAG(s) 'latest_only' retrieved from /home/airflow/.local/lib/python3.12/site-packages/airflow/example_dags/example_latest_only.py
[2026-06-19T16:58:22.535+0000] {logging_mixin.py:190} INFO - [2026-06-19T16:58:22.534+0000] {dag.py:3239} INFO - Sync 1 DAGs
[2026-06-19T16:58:22.603+0000] {logging_mixin.py:190} INFO - [2026-06-19T16:58:22.602+0000] {dag.py:4180} INFO - Setting next_dagrun for latest_only to 2026-06-19 12:00:00+00:00, run_after=2026-06-19 16:00:00+00:00
[2026-06-19T16:58:22.636+0000] {processor.py:208} INFO - Processing /home/airflow/.local/lib/python3.12/site-packages/airflow/example_dags/example_latest_only.py took 0.196 seconds
[2026-06-19T16:58:53.349+0000] {processor.py:186} INFO - Started process (PID=2102) to work on /home/airflow/.local/lib/python3.12/site-packages/airflow/example_dags/example_latest_only.py
[2026-06-19T16:58:53.352+0000] {processor.py:914} INFO - Processing file /home/airflow/.local/lib/python3.12/site-packages/airflow/example_dags/example_latest_only.py for tasks to queue
[2026-06-19T16:58:53.359+0000] {logging_mixin.py:190} INFO - [2026-06-19T16:58:53.358+0000] {dagbag.py:588} INFO - Filling up the DagBag from /home/airflow/.local/lib/python3.12/site-packages/airflow/example_dags/example_latest_only.py
[2026-06-19T16:58:53.373+0000] {processor.py:925} INFO - DAG(s) 'latest_only' retrieved from /home/airflow/.local/lib/python3.12/site-packages/airflow/example_dags/example_latest_only.py
[2026-06-19T16:58:53.401+0000] {logging_mixin.py:190} INFO - [2026-06-19T16:58:53.401+0000] {dag.py:3239} INFO - Sync 1 DAGs
[2026-06-19T16:58:53.437+0000] {logging_mixin.py:190} INFO - [2026-06-19T16:58:53.437+0000] {dag.py:4180} INFO - Setting next_dagrun for latest_only to 2026-06-19 12:00:00+00:00, run_after=2026-06-19 16:00:00+00:00
[2026-06-19T16:58:53.463+0000] {processor.py:208} INFO - Processing /home/airflow/.local/lib/python3.12/site-packages/airflow/example_dags/example_latest_only.py took 0.122 seconds
[2026-06-19T16:59:24.209+0000] {processor.py:186} INFO - Started process (PID=2166) to work on /home/airflow/.local/lib/python3.12/site-packages/airflow/example_dags/example_latest_only.py
[2026-06-19T16:59:24.213+0000] {processor.py:914} INFO - Processing file /home/airflow/.local/lib/python3.12/site-packages/airflow/example_dags/example_latest_only.py for tasks to queue
[2026-06-19T16:59:24.219+0000] {logging_mixin.py:190} INFO - [2026-06-19T16:59:24.219+0000] {dagbag.py:588} INFO - Filling up the DagBag from /home/airflow/.local/lib/python3.12/site-packages/airflow/example_dags/example_latest_only.py
[2026-06-19T16:59:24.236+0000] {processor.py:925} INFO - DAG(s) 'latest_only' retrieved from /home/airflow/.local/lib/python3.12/site-packages/airflow/example_dags/example_latest_only.py
[2026-06-19T16:59:24.275+0000] {logging_mixin.py:190} INFO - [2026-06-19T16:59:24.275+0000] {dag.py:3239} INFO - Sync 1 DAGs
[2026-06-19T16:59:24.314+0000] {logging_mixin.py:190} INFO - [2026-06-19T16:59:24.314+0000] {dag.py:4180} INFO - Setting next_dagrun for latest_only to 2026-06-19 12:00:00+00:00, run_after=2026-06-19 16:00:00+00:00
[2026-06-19T16:59:24.342+0000] {processor.py:208} INFO - Processing /home/airflow/.local/lib/python3.12/site-packages/airflow/example_dags/example_latest_only.py took 0.146 seconds
[2026-06-19T16:59:54.506+0000] {processor.py:186} INFO - Started process (PID=2230) to work on /home/airflow/.local/lib/python3.12/site-packages/airflow/example_dags/example_latest_only.py
[2026-06-19T16:59:54.509+0000] {processor.py:914} INFO - Processing file /home/airflow/.local/lib/python3.12/site-packages/airflow/example_dags/example_latest_only.py for tasks to queue
[2026-06-19T16:59:54.515+0000] {logging_mixin.py:190} INFO - [2026-06-19T16:59:54.514+0000] {dagbag.py:588} INFO - Filling up the DagBag from /home/airflow/.local/lib/python3.12/site-packages/airflow/example_dags/example_latest_only.py
[2026-06-19T16:59:54.527+0000] {processor.py:925} INFO - DAG(s) 'latest_only' retrieved from /home/airflow/.local/lib/python3.12/site-packages/airflow/example_dags/example_latest_only.py
[2026-06-19T16:59:54.558+0000] {logging_mixin.py:190} INFO - [2026-06-19T16:59:54.558+0000] {dag.py:3239} INFO - Sync 1 DAGs
[2026-06-19T16:59:54.596+0000] {logging_mixin.py:190} INFO - [2026-06-19T16:59:54.596+0000] {dag.py:4180} INFO - Setting next_dagrun for latest_only to 2026-06-19 12:00:00+00:00, run_after=2026-06-19 16:00:00+00:00
[2026-06-19T16:59:54.623+0000] {processor.py:208} INFO - Processing /home/airflow/.local/lib/python3.12/site-packages/airflow/example_dags/example_latest_only.py took 0.125 seconds
[2026-06-19T17:00:25.404+0000] {processor.py:186} INFO - Started process (PID=2294) to work on /home/airflow/.local/lib/python3.12/site-packages/airflow/example_dags/example_latest_only.py
[2026-06-19T17:00:25.409+0000] {processor.py:914} INFO - Processing file /home/airflow/.local/lib/python3.12/site-packages/airflow/example_dags/example_latest_only.py for tasks to queue
[2026-06-19T17:00:25.422+0000] {logging_mixin.py:190} INFO - [2026-06-19T17:00:25.421+0000] {dagbag.py:588} INFO - Filling up the DagBag from /home/airflow/.local/lib/python3.12/site-packages/airflow/example_dags/example_latest_only.py
[2026-06-19T17:00:25.453+0000] {processor.py:925} INFO - DAG(s) 'latest_only' retrieved from /home/airflow/.local/lib/python3.12/site-packages/airflow/example_dags/example_latest_only.py
[2026-06-19T17:00:25.553+0000] {logging_mixin.py:190} INFO - [2026-06-19T17:00:25.552+0000] {dag.py:3239} INFO - Sync 1 DAGs
[2026-06-19T17:00:25.653+0000] {logging_mixin.py:190} INFO - [2026-06-19T17:00:25.653+0000] {dag.py:4180} INFO - Setting next_dagrun for latest_only to 2026-06-19 12:00:00+00:00, run_after=2026-06-19 16:00:00+00:00
[2026-06-19T17:00:25.711+0000] {processor.py:208} INFO - Processing /home/airflow/.local/lib/python3.12/site-packages/airflow/example_dags/example_latest_only.py took 0.331 seconds
[2026-06-19T17:00:56.069+0000] {processor.py:186} INFO - Started process (PID=2357) to work on /home/airflow/.local/lib/python3.12/site-packages/airflow/example_dags/example_latest_only.py
[2026-06-19T17:00:56.075+0000] {processor.py:914} INFO - Processing file /home/airflow/.local/lib/python3.12/site-packages/airflow/example_dags/example_latest_only.py for tasks to queue
[2026-06-19T17:00:56.084+0000] {logging_mixin.py:190} INFO - [2026-06-19T17:00:56.083+0000] {dagbag.py:588} INFO - Filling up the DagBag from /home/airflow/.local/lib/python3.12/site-packages/airflow/example_dags/example_latest_only.py
[2026-06-19T17:00:56.121+0000] {processor.py:925} INFO - DAG(s) 'latest_only' retrieved from /home/airflow/.local/lib/python3.12/site-packages/airflow/example_dags/example_latest_only.py
[2026-06-19T17:00:56.179+0000] {logging_mixin.py:190} INFO - [2026-06-19T17:00:56.178+0000] {dag.py:3239} INFO - Sync 1 DAGs
[2026-06-19T17:00:56.233+0000] {logging_mixin.py:190} INFO - [2026-06-19T17:00:56.232+0000] {dag.py:4180} INFO - Setting next_dagrun for latest_only to 2026-06-19 12:00:00+00:00, run_after=2026-06-19 16:00:00+00:00
[2026-06-19T17:00:56.277+0000] {processor.py:208} INFO - Processing /home/airflow/.local/lib/python3.12/site-packages/airflow/example_dags/example_latest_only.py took 0.229 seconds
[2026-06-19T17:01:26.453+0000] {processor.py:186} INFO - Started process (PID=2421) to work on /home/airflow/.local/lib/python3.12/site-packages/airflow/example_dags/example_latest_only.py
[2026-06-19T17:01:26.464+0000] {processor.py:914} INFO - Processing file /home/airflow/.local/lib/python3.12/site-packages/airflow/example_dags/example_latest_only.py for tasks to queue
[2026-06-19T17:01:26.470+0000] {logging_mixin.py:190} INFO - [2026-06-19T17:01:26.470+0000] {dagbag.py:588} INFO - Filling up the DagBag from /home/airflow/.local/lib/python3.12/site-packages/airflow/example_dags/example_latest_only.py
[2026-06-19T17:01:26.486+0000] {processor.py:925} INFO - DAG(s) 'latest_only' retrieved from /home/airflow/.local/lib/python3.12/site-packages/airflow/example_dags/example_latest_only.py
[2026-06-19T17:01:26.522+0000] {logging_mixin.py:190} INFO - [2026-06-19T17:01:26.521+0000] {dag.py:3239} INFO - Sync 1 DAGs
[2026-06-19T17:01:26.582+0000] {logging_mixin.py:190} INFO - [2026-06-19T17:01:26.582+0000] {dag.py:4180} INFO - Setting next_dagrun for latest_only to 2026-06-19 12:00:00+00:00, run_after=2026-06-19 16:00:00+00:00
[2026-06-19T17:01:26.618+0000] {processor.py:208} INFO - Processing /home/airflow/.local/lib/python3.12/site-packages/airflow/example_dags/example_latest_only.py took 0.174 seconds
[2026-06-19T17:01:56.974+0000] {processor.py:186} INFO - Started process (PID=2485) to work on /home/airflow/.local/lib/python3.12/site-packages/airflow/example_dags/example_latest_only.py
[2026-06-19T17:01:56.978+0000] {processor.py:914} INFO - Processing file /home/airflow/.local/lib/python3.12/site-packages/airflow/example_dags/example_latest_only.py for tasks to queue
[2026-06-19T17:01:56.986+0000] {logging_mixin.py:190} INFO - [2026-06-19T17:01:56.985+0000] {dagbag.py:588} INFO - Filling up the DagBag from /home/airflow/.local/lib/python3.12/site-packages/airflow/example_dags/example_latest_only.py
[2026-06-19T17:01:57.008+0000] {processor.py:925} INFO - DAG(s) 'latest_only' retrieved from /home/airflow/.local/lib/python3.12/site-packages/airflow/example_dags/example_latest_only.py
[2026-06-19T17:01:57.072+0000] {logging_mixin.py:190} INFO - [2026-06-19T17:01:57.071+0000] {dag.py:3239} INFO - Sync 1 DAGs
[2026-06-19T17:01:57.146+0000] {logging_mixin.py:190} INFO - [2026-06-19T17:01:57.146+0000] {dag.py:4180} INFO - Setting next_dagrun for latest_only to 2026-06-19 12:00:00+00:00, run_after=2026-06-19 16:00:00+00:00
[2026-06-19T17:01:57.191+0000] {processor.py:208} INFO - Processing /home/airflow/.local/lib/python3.12/site-packages/airflow/example_dags/example_latest_only.py took 0.235 seconds
[2026-06-19T17:02:28.021+0000] {processor.py:186} INFO - Started process (PID=2549) to work on /home/airflow/.local/lib/python3.12/site-packages/airflow/example_dags/example_latest_only.py
[2026-06-19T17:02:28.023+0000] {processor.py:914} INFO - Processing file /home/airflow/.local/lib/python3.12/site-packages/airflow/example_dags/example_latest_only.py for tasks to queue
[2026-06-19T17:02:28.030+0000] {logging_mixin.py:190} INFO - [2026-06-19T17:02:28.029+0000] {dagbag.py:588} INFO - Filling up the DagBag from /home/airflow/.local/lib/python3.12/site-packages/airflow/example_dags/example_latest_only.py
[2026-06-19T17:02:28.041+0000] {processor.py:925} INFO - DAG(s) 'latest_only' retrieved from /home/airflow/.local/lib/python3.12/site-packages/airflow/example_dags/example_latest_only.py
[2026-06-19T17:02:28.067+0000] {logging_mixin.py:190} INFO - [2026-06-19T17:02:28.066+0000] {dag.py:3239} INFO - Sync 1 DAGs
[2026-06-19T17:02:28.094+0000] {logging_mixin.py:190} INFO - [2026-06-19T17:02:28.094+0000] {dag.py:4180} INFO - Setting next_dagrun for latest_only to 2026-06-19 12:00:00+00:00, run_after=2026-06-19 16:00:00+00:00
[2026-06-19T17:02:28.118+0000] {processor.py:208} INFO - Processing /home/airflow/.local/lib/python3.12/site-packages/airflow/example_dags/example_latest_only.py took 0.103 seconds
[2026-06-19T17:04:29.788+0000] {processor.py:186} INFO - Started process (PID=99) to work on /home/airflow/.local/lib/python3.12/site-packages/airflow/example_dags/example_latest_only.py
[2026-06-19T17:04:29.793+0000] {processor.py:914} INFO - Processing file /home/airflow/.local/lib/python3.12/site-packages/airflow/example_dags/example_latest_only.py for tasks to queue
[2026-06-19T17:04:29.801+0000] {logging_mixin.py:190} INFO - [2026-06-19T17:04:29.800+0000] {dagbag.py:588} INFO - Filling up the DagBag from /home/airflow/.local/lib/python3.12/site-packages/airflow/example_dags/example_latest_only.py
[2026-06-19T17:04:29.818+0000] {processor.py:925} INFO - DAG(s) 'latest_only' retrieved from /home/airflow/.local/lib/python3.12/site-packages/airflow/example_dags/example_latest_only.py
[2026-06-19T17:04:29.870+0000] {logging_mixin.py:190} INFO - [2026-06-19T17:04:29.869+0000] {dag.py:3239} INFO - Sync 1 DAGs
[2026-06-19T17:04:29.912+0000] {logging_mixin.py:190} INFO - [2026-06-19T17:04:29.911+0000] {dag.py:4180} INFO - Setting next_dagrun for latest_only to 2026-06-19 12:00:00+00:00, run_after=2026-06-19 16:00:00+00:00
[2026-06-19T17:04:29.949+0000] {processor.py:208} INFO - Processing /home/airflow/.local/lib/python3.12/site-packages/airflow/example_dags/example_latest_only.py took 0.173 seconds
[2026-06-19T17:05:01.870+0000] {processor.py:186} INFO - Started process (PID=163) to work on /home/airflow/.local/lib/python3.12/site-packages/airflow/example_dags/example_latest_only.py
[2026-06-19T17:05:01.875+0000] {processor.py:914} INFO - Processing file /home/airflow/.local/lib/python3.12/site-packages/airflow/example_dags/example_latest_only.py for tasks to queue
[2026-06-19T17:05:01.882+0000] {logging_mixin.py:190} INFO - [2026-06-19T17:05:01.881+0000] {dagbag.py:588} INFO - Filling up the DagBag from /home/airflow/.local/lib/python3.12/site-packages/airflow/example_dags/example_latest_only.py
[2026-06-19T17:05:01.901+0000] {processor.py:925} INFO - DAG(s) 'latest_only' retrieved from /home/airflow/.local/lib/python3.12/site-packages/airflow/example_dags/example_latest_only.py
[2026-06-19T17:05:01.952+0000] {logging_mixin.py:190} INFO - [2026-06-19T17:05:01.951+0000] {dag.py:3239} INFO - Sync 1 DAGs
[2026-06-19T17:05:02.010+0000] {logging_mixin.py:190} INFO - [2026-06-19T17:05:02.009+0000] {dag.py:4180} INFO - Setting next_dagrun for latest_only to 2026-06-19 12:00:00+00:00, run_after=2026-06-19 16:00:00+00:00
[2026-06-19T17:05:02.067+0000] {processor.py:208} INFO - Processing /home/airflow/.local/lib/python3.12/site-packages/airflow/example_dags/example_latest_only.py took 0.210 seconds
[2026-06-19T17:05:32.218+0000] {processor.py:186} INFO - Started process (PID=226) to work on /home/airflow/.local/lib/python3.12/site-packages/airflow/example_dags/example_latest_only.py
[2026-06-19T17:05:32.221+0000] {processor.py:914} INFO - Processing file /home/airflow/.local/lib/python3.12/site-packages/airflow/example_dags/example_latest_only.py for tasks to queue
[2026-06-19T17:05:32.225+0000] {logging_mixin.py:190} INFO - [2026-06-19T17:05:32.225+0000] {dagbag.py:588} INFO - Filling up the DagBag from /home/airflow/.local/lib/python3.12/site-packages/airflow/example_dags/example_latest_only.py
[2026-06-19T17:05:32.237+0000] {processor.py:925} INFO - DAG(s) 'latest_only' retrieved from /home/airflow/.local/lib/python3.12/site-packages/airflow/example_dags/example_latest_only.py
[2026-06-19T17:05:32.267+0000] {logging_mixin.py:190} INFO - [2026-06-19T17:05:32.267+0000] {dag.py:3239} INFO - Sync 1 DAGs
[2026-06-19T17:05:32.304+0000] {logging_mixin.py:190} INFO - [2026-06-19T17:05:32.304+0000] {dag.py:4180} INFO - Setting next_dagrun for latest_only to 2026-06-19 12:00:00+00:00, run_after=2026-06-19 16:00:00+00:00
[2026-06-19T17:05:32.322+0000] {processor.py:208} INFO - Processing /home/airflow/.local/lib/python3.12/site-packages/airflow/example_dags/example_latest_only.py took 0.115 seconds
[2026-06-19T17:06:06.887+0000] {processor.py:186} INFO - Started process (PID=296) to work on /home/airflow/.local/lib/python3.12/site-packages/airflow/example_dags/example_latest_only.py
[2026-06-19T17:06:06.904+0000] {processor.py:914} INFO - Processing file /home/airflow/.local/lib/python3.12/site-packages/airflow/example_dags/example_latest_only.py for tasks to queue
[2026-06-19T17:06:06.927+0000] {logging_mixin.py:190} INFO - [2026-06-19T17:06:06.926+0000] {dagbag.py:588} INFO - Filling up the DagBag from /home/airflow/.local/lib/python3.12/site-packages/airflow/example_dags/example_latest_only.py
[2026-06-19T17:06:06.991+0000] {processor.py:925} INFO - DAG(s) 'latest_only' retrieved from /home/airflow/.local/lib/python3.12/site-packages/airflow/example_dags/example_latest_only.py
[2026-06-19T17:06:07.105+0000] {logging_mixin.py:190} INFO - [2026-06-19T17:06:07.105+0000] {dag.py:3239} INFO - Sync 1 DAGs
[2026-06-19T17:06:07.279+0000] {logging_mixin.py:190} INFO - [2026-06-19T17:06:07.279+0000] {dag.py:4180} INFO - Setting next_dagrun for latest_only to 2026-06-19 12:00:00+00:00, run_after=2026-06-19 16:00:00+00:00
[2026-06-19T17:06:07.428+0000] {processor.py:208} INFO - Processing /home/airflow/.local/lib/python3.12/site-packages/airflow/example_dags/example_latest_only.py took 0.578 seconds
[2026-06-19T17:08:04.198+0000] {processor.py:186} INFO - Started process (PID=99) to work on /home/airflow/.local/lib/python3.12/site-packages/airflow/example_dags/example_latest_only.py
[2026-06-19T17:08:04.202+0000] {processor.py:914} INFO - Processing file /home/airflow/.local/lib/python3.12/site-packages/airflow/example_dags/example_latest_only.py for tasks to queue
[2026-06-19T17:08:04.209+0000] {logging_mixin.py:190} INFO - [2026-06-19T17:08:04.208+0000] {dagbag.py:588} INFO - Filling up the DagBag from /home/airflow/.local/lib/python3.12/site-packages/airflow/example_dags/example_latest_only.py
[2026-06-19T17:08:04.228+0000] {processor.py:925} INFO - DAG(s) 'latest_only' retrieved from /home/airflow/.local/lib/python3.12/site-packages/airflow/example_dags/example_latest_only.py
[2026-06-19T17:08:04.289+0000] {logging_mixin.py:190} INFO - [2026-06-19T17:08:04.289+0000] {dag.py:3239} INFO - Sync 1 DAGs
[2026-06-19T17:08:04.347+0000] {logging_mixin.py:190} INFO - [2026-06-19T17:08:04.347+0000] {dag.py:4180} INFO - Setting next_dagrun for latest_only to 2026-06-19 12:00:00+00:00, run_after=2026-06-19 16:00:00+00:00
[2026-06-19T17:08:04.383+0000] {processor.py:208} INFO - Processing /home/airflow/.local/lib/python3.12/site-packages/airflow/example_dags/example_latest_only.py took 0.197 seconds
[2026-06-19T17:08:34.835+0000] {processor.py:186} INFO - Started process (PID=162) to work on /home/airflow/.local/lib/python3.12/site-packages/airflow/example_dags/example_latest_only.py
[2026-06-19T17:08:34.843+0000] {processor.py:914} INFO - Processing file /home/airflow/.local/lib/python3.12/site-packages/airflow/example_dags/example_latest_only.py for tasks to queue
[2026-06-19T17:08:34.854+0000] {logging_mixin.py:190} INFO - [2026-06-19T17:08:34.853+0000] {dagbag.py:588} INFO - Filling up the DagBag from /home/airflow/.local/lib/python3.12/site-packages/airflow/example_dags/example_latest_only.py
[2026-06-19T17:08:34.880+0000] {processor.py:925} INFO - DAG(s) 'latest_only' retrieved from /home/airflow/.local/lib/python3.12/site-packages/airflow/example_dags/example_latest_only.py
[2026-06-19T17:08:34.941+0000] {logging_mixin.py:190} INFO - [2026-06-19T17:08:34.941+0000] {dag.py:3239} INFO - Sync 1 DAGs
[2026-06-19T17:08:35.012+0000] {logging_mixin.py:190} INFO - [2026-06-19T17:08:35.011+0000] {dag.py:4180} INFO - Setting next_dagrun for latest_only to 2026-06-19 12:00:00+00:00, run_after=2026-06-19 16:00:00+00:00
[2026-06-19T17:08:35.065+0000] {processor.py:208} INFO - Processing /home/airflow/.local/lib/python3.12/site-packages/airflow/example_dags/example_latest_only.py took 0.254 seconds
[2026-06-19T17:09:05.766+0000] {processor.py:186} INFO - Started process (PID=225) to work on /home/airflow/.local/lib/python3.12/site-packages/airflow/example_dags/example_latest_only.py
[2026-06-19T17:09:05.773+0000] {processor.py:914} INFO - Processing file /home/airflow/.local/lib/python3.12/site-packages/airflow/example_dags/example_latest_only.py for tasks to queue
[2026-06-19T17:09:05.781+0000] {logging_mixin.py:190} INFO - [2026-06-19T17:09:05.780+0000] {dagbag.py:588} INFO - Filling up the DagBag from /home/airflow/.local/lib/python3.12/site-packages/airflow/example_dags/example_latest_only.py
[2026-06-19T17:09:05.804+0000] {processor.py:925} INFO - DAG(s) 'latest_only' retrieved from /home/airflow/.local/lib/python3.12/site-packages/airflow/example_dags/example_latest_only.py
[2026-06-19T17:09:05.849+0000] {logging_mixin.py:190} INFO - [2026-06-19T17:09:05.848+0000] {dag.py:3239} INFO - Sync 1 DAGs
[2026-06-19T17:09:05.899+0000] {logging_mixin.py:190} INFO - [2026-06-19T17:09:05.899+0000] {dag.py:4180} INFO - Setting next_dagrun for latest_only to 2026-06-19 12:00:00+00:00, run_after=2026-06-19 16:00:00+00:00
[2026-06-19T17:09:05.928+0000] {processor.py:208} INFO - Processing /home/airflow/.local/lib/python3.12/site-packages/airflow/example_dags/example_latest_only.py took 0.173 seconds
[2026-06-19T17:09:36.955+0000] {processor.py:186} INFO - Started process (PID=289) to work on /home/airflow/.local/lib/python3.12/site-packages/airflow/example_dags/example_latest_only.py
[2026-06-19T17:09:36.984+0000] {processor.py:914} INFO - Processing file /home/airflow/.local/lib/python3.12/site-packages/airflow/example_dags/example_latest_only.py for tasks to queue
[2026-06-19T17:09:37.010+0000] {logging_mixin.py:190} INFO - [2026-06-19T17:09:37.009+0000] {dagbag.py:588} INFO - Filling up the DagBag from /home/airflow/.local/lib/python3.12/site-packages/airflow/example_dags/example_latest_only.py
[2026-06-19T17:09:37.115+0000] {processor.py:925} INFO - DAG(s) 'latest_only' retrieved from /home/airflow/.local/lib/python3.12/site-packages/airflow/example_dags/example_latest_only.py
[2026-06-19T17:09:37.296+0000] {logging_mixin.py:190} INFO - [2026-06-19T17:09:37.295+0000] {dag.py:3239} INFO - Sync 1 DAGs
[2026-06-19T17:09:37.449+0000] {logging_mixin.py:190} INFO - [2026-06-19T17:09:37.449+0000] {dag.py:4180} INFO - Setting next_dagrun for latest_only to 2026-06-19 12:00:00+00:00, run_after=2026-06-19 16:00:00+00:00
[2026-06-19T17:09:37.542+0000] {processor.py:208} INFO - Processing /home/airflow/.local/lib/python3.12/site-packages/airflow/example_dags/example_latest_only.py took 0.631 seconds
[2026-06-19T17:10:08.360+0000] {processor.py:186} INFO - Started process (PID=359) to work on /home/airflow/.local/lib/python3.12/site-packages/airflow/example_dags/example_latest_only.py
[2026-06-19T17:10:08.370+0000] {processor.py:914} INFO - Processing file /home/airflow/.local/lib/python3.12/site-packages/airflow/example_dags/example_latest_only.py for tasks to queue
[2026-06-19T17:10:08.410+0000] {logging_mixin.py:190} INFO - [2026-06-19T17:10:08.388+0000] {dagbag.py:588} INFO - Filling up the DagBag from /home/airflow/.local/lib/python3.12/site-packages/airflow/example_dags/example_latest_only.py
[2026-06-19T17:10:08.463+0000] {processor.py:925} INFO - DAG(s) 'latest_only' retrieved from /home/airflow/.local/lib/python3.12/site-packages/airflow/example_dags/example_latest_only.py
[2026-06-19T17:10:08.530+0000] {logging_mixin.py:190} INFO - [2026-06-19T17:10:08.529+0000] {dag.py:3239} INFO - Sync 1 DAGs
[2026-06-19T17:10:08.625+0000] {logging_mixin.py:190} INFO - [2026-06-19T17:10:08.625+0000] {dag.py:4180} INFO - Setting next_dagrun for latest_only to 2026-06-19 12:00:00+00:00, run_after=2026-06-19 16:00:00+00:00
[2026-06-19T17:10:08.717+0000] {processor.py:208} INFO - Processing /home/airflow/.local/lib/python3.12/site-packages/airflow/example_dags/example_latest_only.py took 0.396 seconds
[2026-06-19T17:10:39.217+0000] {processor.py:186} INFO - Started process (PID=423) to work on /home/airflow/.local/lib/python3.12/site-packages/airflow/example_dags/example_latest_only.py
[2026-06-19T17:10:39.219+0000] {processor.py:914} INFO - Processing file /home/airflow/.local/lib/python3.12/site-packages/airflow/example_dags/example_latest_only.py for tasks to queue
[2026-06-19T17:10:39.223+0000] {logging_mixin.py:190} INFO - [2026-06-19T17:10:39.222+0000] {dagbag.py:588} INFO - Filling up the DagBag from /home/airflow/.local/lib/python3.12/site-packages/airflow/example_dags/example_latest_only.py
[2026-06-19T17:10:39.231+0000] {processor.py:925} INFO - DAG(s) 'latest_only' retrieved from /home/airflow/.local/lib/python3.12/site-packages/airflow/example_dags/example_latest_only.py
[2026-06-19T17:10:39.254+0000] {logging_mixin.py:190} INFO - [2026-06-19T17:10:39.254+0000] {dag.py:3239} INFO - Sync 1 DAGs
[2026-06-19T17:10:39.280+0000] {logging_mixin.py:190} INFO - [2026-06-19T17:10:39.280+0000] {dag.py:4180} INFO - Setting next_dagrun for latest_only to 2026-06-19 12:00:00+00:00, run_after=2026-06-19 16:00:00+00:00
[2026-06-19T17:10:39.300+0000] {processor.py:208} INFO - Processing /home/airflow/.local/lib/python3.12/site-packages/airflow/example_dags/example_latest_only.py took 0.090 seconds
[2026-06-19T17:11:09.550+0000] {processor.py:186} INFO - Started process (PID=487) to work on /home/airflow/.local/lib/python3.12/site-packages/airflow/example_dags/example_latest_only.py
[2026-06-19T17:11:09.552+0000] {processor.py:914} INFO - Processing file /home/airflow/.local/lib/python3.12/site-packages/airflow/example_dags/example_latest_only.py for tasks to queue
[2026-06-19T17:11:09.558+0000] {logging_mixin.py:190} INFO - [2026-06-19T17:11:09.557+0000] {dagbag.py:588} INFO - Filling up the DagBag from /home/airflow/.local/lib/python3.12/site-packages/airflow/example_dags/example_latest_only.py
[2026-06-19T17:11:09.574+0000] {processor.py:925} INFO - DAG(s) 'latest_only' retrieved from /home/airflow/.local/lib/python3.12/site-packages/airflow/example_dags/example_latest_only.py
[2026-06-19T17:11:09.604+0000] {logging_mixin.py:190} INFO - [2026-06-19T17:11:09.603+0000] {dag.py:3239} INFO - Sync 1 DAGs
[2026-06-19T17:11:09.638+0000] {logging_mixin.py:190} INFO - [2026-06-19T17:11:09.638+0000] {dag.py:4180} INFO - Setting next_dagrun for latest_only to 2026-06-19 12:00:00+00:00, run_after=2026-06-19 16:00:00+00:00
[2026-06-19T17:11:09.664+0000] {processor.py:208} INFO - Processing /home/airflow/.local/lib/python3.12/site-packages/airflow/example_dags/example_latest_only.py took 0.124 seconds
[2026-06-19T17:11:40.496+0000] {processor.py:186} INFO - Started process (PID=551) to work on /home/airflow/.local/lib/python3.12/site-packages/airflow/example_dags/example_latest_only.py
[2026-06-19T17:11:40.498+0000] {processor.py:914} INFO - Processing file /home/airflow/.local/lib/python3.12/site-packages/airflow/example_dags/example_latest_only.py for tasks to queue
[2026-06-19T17:11:40.508+0000] {logging_mixin.py:190} INFO - [2026-06-19T17:11:40.508+0000] {dagbag.py:588} INFO - Filling up the DagBag from /home/airflow/.local/lib/python3.12/site-packages/airflow/example_dags/example_latest_only.py
[2026-06-19T17:11:40.528+0000] {processor.py:925} INFO - DAG(s) 'latest_only' retrieved from /home/airflow/.local/lib/python3.12/site-packages/airflow/example_dags/example_latest_only.py
[2026-06-19T17:11:40.556+0000] {logging_mixin.py:190} INFO - [2026-06-19T17:11:40.555+0000] {dag.py:3239} INFO - Sync 1 DAGs
[2026-06-19T17:11:40.586+0000] {logging_mixin.py:190} INFO - [2026-06-19T17:11:40.586+0000] {dag.py:4180} INFO - Setting next_dagrun for latest_only to 2026-06-19 12:00:00+00:00, run_after=2026-06-19 16:00:00+00:00
[2026-06-19T17:11:40.610+0000] {processor.py:208} INFO - Processing /home/airflow/.local/lib/python3.12/site-packages/airflow/example_dags/example_latest_only.py took 0.124 seconds
[2026-06-19T17:12:11.279+0000] {processor.py:186} INFO - Started process (PID=615) to work on /home/airflow/.local/lib/python3.12/site-packages/airflow/example_dags/example_latest_only.py
[2026-06-19T17:12:11.283+0000] {processor.py:914} INFO - Processing file /home/airflow/.local/lib/python3.12/site-packages/airflow/example_dags/example_latest_only.py for tasks to queue
[2026-06-19T17:12:11.288+0000] {logging_mixin.py:190} INFO - [2026-06-19T17:12:11.287+0000] {dagbag.py:588} INFO - Filling up the DagBag from /home/airflow/.local/lib/python3.12/site-packages/airflow/example_dags/example_latest_only.py
[2026-06-19T17:12:11.301+0000] {processor.py:925} INFO - DAG(s) 'latest_only' retrieved from /home/airflow/.local/lib/python3.12/site-packages/airflow/example_dags/example_latest_only.py
[2026-06-19T17:12:11.332+0000] {logging_mixin.py:190} INFO - [2026-06-19T17:12:11.331+0000] {dag.py:3239} INFO - Sync 1 DAGs
[2026-06-19T17:12:11.361+0000] {logging_mixin.py:190} INFO - [2026-06-19T17:12:11.361+0000] {dag.py:4180} INFO - Setting next_dagrun for latest_only to 2026-06-19 12:00:00+00:00, run_after=2026-06-19 16:00:00+00:00
[2026-06-19T17:12:11.386+0000] {processor.py:208} INFO - Processing /home/airflow/.local/lib/python3.12/site-packages/airflow/example_dags/example_latest_only.py took 0.116 seconds
[2026-06-19T17:12:41.813+0000] {processor.py:186} INFO - Started process (PID=679) to work on /home/airflow/.local/lib/python3.12/site-packages/airflow/example_dags/example_latest_only.py
[2026-06-19T17:12:41.821+0000] {processor.py:914} INFO - Processing file /home/airflow/.local/lib/python3.12/site-packages/airflow/example_dags/example_latest_only.py for tasks to queue
[2026-06-19T17:12:41.838+0000] {logging_mixin.py:190} INFO - [2026-06-19T17:12:41.837+0000] {dagbag.py:588} INFO - Filling up the DagBag from /home/airflow/.local/lib/python3.12/site-packages/airflow/example_dags/example_latest_only.py
[2026-06-19T17:12:41.871+0000] {processor.py:925} INFO - DAG(s) 'latest_only' retrieved from /home/airflow/.local/lib/python3.12/site-packages/airflow/example_dags/example_latest_only.py
[2026-06-19T17:12:41.961+0000] {logging_mixin.py:190} INFO - [2026-06-19T17:12:41.960+0000] {dag.py:3239} INFO - Sync 1 DAGs
[2026-06-19T17:12:42.032+0000] {logging_mixin.py:190} INFO - [2026-06-19T17:12:42.028+0000] {dag.py:4180} INFO - Setting next_dagrun for latest_only to 2026-06-19 12:00:00+00:00, run_after=2026-06-19 16:00:00+00:00
[2026-06-19T17:12:42.086+0000] {processor.py:208} INFO - Processing /home/airflow/.local/lib/python3.12/site-packages/airflow/example_dags/example_latest_only.py took 0.298 seconds
[2026-06-19T17:13:12.741+0000] {processor.py:186} INFO - Started process (PID=743) to work on /home/airflow/.local/lib/python3.12/site-packages/airflow/example_dags/example_latest_only.py
[2026-06-19T17:13:12.751+0000] {processor.py:914} INFO - Processing file /home/airflow/.local/lib/python3.12/site-packages/airflow/example_dags/example_latest_only.py for tasks to queue
[2026-06-19T17:13:12.759+0000] {logging_mixin.py:190} INFO - [2026-06-19T17:13:12.759+0000] {dagbag.py:588} INFO - Filling up the DagBag from /home/airflow/.local/lib/python3.12/site-packages/airflow/example_dags/example_latest_only.py
[2026-06-19T17:13:12.782+0000] {processor.py:925} INFO - DAG(s) 'latest_only' retrieved from /home/airflow/.local/lib/python3.12/site-packages/airflow/example_dags/example_latest_only.py
[2026-06-19T17:13:12.834+0000] {logging_mixin.py:190} INFO - [2026-06-19T17:13:12.834+0000] {dag.py:3239} INFO - Sync 1 DAGs
[2026-06-19T17:13:12.884+0000] {logging_mixin.py:190} INFO - [2026-06-19T17:13:12.883+0000] {dag.py:4180} INFO - Setting next_dagrun for latest_only to 2026-06-19 12:00:00+00:00, run_after=2026-06-19 16:00:00+00:00
[2026-06-19T17:13:12.917+0000] {processor.py:208} INFO - Processing /home/airflow/.local/lib/python3.12/site-packages/airflow/example_dags/example_latest_only.py took 0.194 seconds
[2026-06-19T17:13:49.883+0000] {processor.py:186} INFO - Started process (PID=807) to work on /home/airflow/.local/lib/python3.12/site-packages/airflow/example_dags/example_latest_only.py
[2026-06-19T17:13:49.894+0000] {processor.py:914} INFO - Processing file /home/airflow/.local/lib/python3.12/site-packages/airflow/example_dags/example_latest_only.py for tasks to queue
[2026-06-19T17:13:49.904+0000] {logging_mixin.py:190} INFO - [2026-06-19T17:13:49.903+0000] {dagbag.py:588} INFO - Filling up the DagBag from /home/airflow/.local/lib/python3.12/site-packages/airflow/example_dags/example_latest_only.py
[2026-06-19T17:13:49.934+0000] {processor.py:925} INFO - DAG(s) 'latest_only' retrieved from /home/airflow/.local/lib/python3.12/site-packages/airflow/example_dags/example_latest_only.py
[2026-06-19T17:13:50.025+0000] {logging_mixin.py:190} INFO - [2026-06-19T17:13:50.024+0000] {dag.py:3239} INFO - Sync 1 DAGs
[2026-06-19T17:13:50.164+0000] {logging_mixin.py:190} INFO - [2026-06-19T17:13:50.163+0000] {dag.py:4180} INFO - Setting next_dagrun for latest_only to 2026-06-19 12:00:00+00:00, run_after=2026-06-19 16:00:00+00:00
[2026-06-19T17:13:50.358+0000] {processor.py:208} INFO - Processing /home/airflow/.local/lib/python3.12/site-packages/airflow/example_dags/example_latest_only.py took 0.496 seconds
[2026-06-19T17:14:21.405+0000] {processor.py:186} INFO - Started process (PID=871) to work on /home/airflow/.local/lib/python3.12/site-packages/airflow/example_dags/example_latest_only.py
[2026-06-19T17:14:21.409+0000] {processor.py:914} INFO - Processing file /home/airflow/.local/lib/python3.12/site-packages/airflow/example_dags/example_latest_only.py for tasks to queue
[2026-06-19T17:14:21.416+0000] {logging_mixin.py:190} INFO - [2026-06-19T17:14:21.415+0000] {dagbag.py:588} INFO - Filling up the DagBag from /home/airflow/.local/lib/python3.12/site-packages/airflow/example_dags/example_latest_only.py
[2026-06-19T17:14:21.432+0000] {processor.py:925} INFO - DAG(s) 'latest_only' retrieved from /home/airflow/.local/lib/python3.12/site-packages/airflow/example_dags/example_latest_only.py
[2026-06-19T17:14:21.480+0000] {logging_mixin.py:190} INFO - [2026-06-19T17:14:21.480+0000] {dag.py:3239} INFO - Sync 1 DAGs
[2026-06-19T17:14:21.549+0000] {logging_mixin.py:190} INFO - [2026-06-19T17:14:21.549+0000] {dag.py:4180} INFO - Setting next_dagrun for latest_only to 2026-06-19 12:00:00+00:00, run_after=2026-06-19 16:00:00+00:00
[2026-06-19T17:14:21.613+0000] {processor.py:208} INFO - Processing /home/airflow/.local/lib/python3.12/site-packages/airflow/example_dags/example_latest_only.py took 0.222 seconds
[2026-06-19T17:14:53.899+0000] {processor.py:186} INFO - Started process (PID=935) to work on /home/airflow/.local/lib/python3.12/site-packages/airflow/example_dags/example_latest_only.py
[2026-06-19T17:14:53.905+0000] {processor.py:914} INFO - Processing file /home/airflow/.local/lib/python3.12/site-packages/airflow/example_dags/example_latest_only.py for tasks to queue
[2026-06-19T17:14:53.917+0000] {logging_mixin.py:190} INFO - [2026-06-19T17:14:53.916+0000] {dagbag.py:588} INFO - Filling up the DagBag from /home/airflow/.local/lib/python3.12/site-packages/airflow/example_dags/example_latest_only.py
[2026-06-19T17:14:53.954+0000] {processor.py:925} INFO - DAG(s) 'latest_only' retrieved from /home/airflow/.local/lib/python3.12/site-packages/airflow/example_dags/example_latest_only.py
[2026-06-19T17:14:54.042+0000] {logging_mixin.py:190} INFO - [2026-06-19T17:14:54.041+0000] {dag.py:3239} INFO - Sync 1 DAGs
[2026-06-19T17:14:54.105+0000] {logging_mixin.py:190} INFO - [2026-06-19T17:14:54.104+0000] {dag.py:4180} INFO - Setting next_dagrun for latest_only to 2026-06-19 12:00:00+00:00, run_after=2026-06-19 16:00:00+00:00
[2026-06-19T17:14:54.178+0000] {processor.py:208} INFO - Processing /home/airflow/.local/lib/python3.12/site-packages/airflow/example_dags/example_latest_only.py took 0.305 seconds
[2026-06-19T17:15:24.362+0000] {processor.py:186} INFO - Started process (PID=998) to work on /home/airflow/.local/lib/python3.12/site-packages/airflow/example_dags/example_latest_only.py
[2026-06-19T17:15:24.367+0000] {processor.py:914} INFO - Processing file /home/airflow/.local/lib/python3.12/site-packages/airflow/example_dags/example_latest_only.py for tasks to queue
[2026-06-19T17:15:24.373+0000] {logging_mixin.py:190} INFO - [2026-06-19T17:15:24.373+0000] {dagbag.py:588} INFO - Filling up the DagBag from /home/airflow/.local/lib/python3.12/site-packages/airflow/example_dags/example_latest_only.py
[2026-06-19T17:15:24.389+0000] {processor.py:925} INFO - DAG(s) 'latest_only' retrieved from /home/airflow/.local/lib/python3.12/site-packages/airflow/example_dags/example_latest_only.py
[2026-06-19T17:15:24.432+0000] {logging_mixin.py:190} INFO - [2026-06-19T17:15:24.431+0000] {dag.py:3239} INFO - Sync 1 DAGs
[2026-06-19T17:15:24.490+0000] {logging_mixin.py:190} INFO - [2026-06-19T17:15:24.489+0000] {dag.py:4180} INFO - Setting next_dagrun for latest_only to 2026-06-19 12:00:00+00:00, run_after=2026-06-19 16:00:00+00:00
[2026-06-19T17:15:24.536+0000] {processor.py:208} INFO - Processing /home/airflow/.local/lib/python3.12/site-packages/airflow/example_dags/example_latest_only.py took 0.189 seconds
[2026-06-19T17:15:57.195+0000] {processor.py:186} INFO - Started process (PID=1062) to work on /home/airflow/.local/lib/python3.12/site-packages/airflow/example_dags/example_latest_only.py
[2026-06-19T17:15:57.201+0000] {processor.py:914} INFO - Processing file /home/airflow/.local/lib/python3.12/site-packages/airflow/example_dags/example_latest_only.py for tasks to queue
[2026-06-19T17:15:57.215+0000] {logging_mixin.py:190} INFO - [2026-06-19T17:15:57.214+0000] {dagbag.py:588} INFO - Filling up the DagBag from /home/airflow/.local/lib/python3.12/site-packages/airflow/example_dags/example_latest_only.py
[2026-06-19T17:15:57.249+0000] {processor.py:925} INFO - DAG(s) 'latest_only' retrieved from /home/airflow/.local/lib/python3.12/site-packages/airflow/example_dags/example_latest_only.py
[2026-06-19T17:15:57.356+0000] {logging_mixin.py:190} INFO - [2026-06-19T17:15:57.355+0000] {dag.py:3239} INFO - Sync 1 DAGs
[2026-06-19T17:15:57.476+0000] {logging_mixin.py:190} INFO - [2026-06-19T17:15:57.475+0000] {dag.py:4180} INFO - Setting next_dagrun for latest_only to 2026-06-19 12:00:00+00:00, run_after=2026-06-19 16:00:00+00:00
[2026-06-19T17:15:57.558+0000] {processor.py:208} INFO - Processing /home/airflow/.local/lib/python3.12/site-packages/airflow/example_dags/example_latest_only.py took 0.413 seconds
[2026-06-19T17:16:27.885+0000] {processor.py:186} INFO - Started process (PID=1127) to work on /home/airflow/.local/lib/python3.12/site-packages/airflow/example_dags/example_latest_only.py
[2026-06-19T17:16:27.888+0000] {processor.py:914} INFO - Processing file /home/airflow/.local/lib/python3.12/site-packages/airflow/example_dags/example_latest_only.py for tasks to queue
[2026-06-19T17:16:27.893+0000] {logging_mixin.py:190} INFO - [2026-06-19T17:16:27.892+0000] {dagbag.py:588} INFO - Filling up the DagBag from /home/airflow/.local/lib/python3.12/site-packages/airflow/example_dags/example_latest_only.py
[2026-06-19T17:16:27.905+0000] {processor.py:925} INFO - DAG(s) 'latest_only' retrieved from /home/airflow/.local/lib/python3.12/site-packages/airflow/example_dags/example_latest_only.py
[2026-06-19T17:16:27.932+0000] {logging_mixin.py:190} INFO - [2026-06-19T17:16:27.932+0000] {dag.py:3239} INFO - Sync 1 DAGs
[2026-06-19T17:16:27.958+0000] {logging_mixin.py:190} INFO - [2026-06-19T17:16:27.958+0000] {dag.py:4180} INFO - Setting next_dagrun for latest_only to 2026-06-19 12:00:00+00:00, run_after=2026-06-19 16:00:00+00:00
[2026-06-19T17:16:27.980+0000] {processor.py:208} INFO - Processing /home/airflow/.local/lib/python3.12/site-packages/airflow/example_dags/example_latest_only.py took 0.103 seconds
[2026-06-19T17:16:58.419+0000] {processor.py:186} INFO - Started process (PID=1191) to work on /home/airflow/.local/lib/python3.12/site-packages/airflow/example_dags/example_latest_only.py
[2026-06-19T17:16:58.425+0000] {processor.py:914} INFO - Processing file /home/airflow/.local/lib/python3.12/site-packages/airflow/example_dags/example_latest_only.py for tasks to queue
[2026-06-19T17:16:58.433+0000] {logging_mixin.py:190} INFO - [2026-06-19T17:16:58.432+0000] {dagbag.py:588} INFO - Filling up the DagBag from /home/airflow/.local/lib/python3.12/site-packages/airflow/example_dags/example_latest_only.py
[2026-06-19T17:16:58.450+0000] {processor.py:925} INFO - DAG(s) 'latest_only' retrieved from /home/airflow/.local/lib/python3.12/site-packages/airflow/example_dags/example_latest_only.py
[2026-06-19T17:16:58.500+0000] {logging_mixin.py:190} INFO - [2026-06-19T17:16:58.499+0000] {dag.py:3239} INFO - Sync 1 DAGs
[2026-06-19T17:16:58.588+0000] {logging_mixin.py:190} INFO - [2026-06-19T17:16:58.587+0000] {dag.py:4180} INFO - Setting next_dagrun for latest_only to 2026-06-19 12:00:00+00:00, run_after=2026-06-19 16:00:00+00:00
[2026-06-19T17:16:58.663+0000] {processor.py:208} INFO - Processing /home/airflow/.local/lib/python3.12/site-packages/airflow/example_dags/example_latest_only.py took 0.255 seconds
[2026-06-19T17:17:29.066+0000] {processor.py:186} INFO - Started process (PID=1255) to work on /home/airflow/.local/lib/python3.12/site-packages/airflow/example_dags/example_latest_only.py
[2026-06-19T17:17:29.069+0000] {processor.py:914} INFO - Processing file /home/airflow/.local/lib/python3.12/site-packages/airflow/example_dags/example_latest_only.py for tasks to queue
[2026-06-19T17:17:29.074+0000] {logging_mixin.py:190} INFO - [2026-06-19T17:17:29.073+0000] {dagbag.py:588} INFO - Filling up the DagBag from /home/airflow/.local/lib/python3.12/site-packages/airflow/example_dags/example_latest_only.py
[2026-06-19T17:17:29.089+0000] {processor.py:925} INFO - DAG(s) 'latest_only' retrieved from /home/airflow/.local/lib/python3.12/site-packages/airflow/example_dags/example_latest_only.py
[2026-06-19T17:17:29.120+0000] {logging_mixin.py:190} INFO - [2026-06-19T17:17:29.120+0000] {dag.py:3239} INFO - Sync 1 DAGs
[2026-06-19T17:17:29.161+0000] {logging_mixin.py:190} INFO - [2026-06-19T17:17:29.161+0000] {dag.py:4180} INFO - Setting next_dagrun for latest_only to 2026-06-19 12:00:00+00:00, run_after=2026-06-19 16:00:00+00:00
[2026-06-19T17:17:29.192+0000] {processor.py:208} INFO - Processing /home/airflow/.local/lib/python3.12/site-packages/airflow/example_dags/example_latest_only.py took 0.136 seconds
[2026-06-19T17:17:59.591+0000] {processor.py:186} INFO - Started process (PID=1319) to work on /home/airflow/.local/lib/python3.12/site-packages/airflow/example_dags/example_latest_only.py
[2026-06-19T17:17:59.595+0000] {processor.py:914} INFO - Processing file /home/airflow/.local/lib/python3.12/site-packages/airflow/example_dags/example_latest_only.py for tasks to queue
[2026-06-19T17:17:59.602+0000] {logging_mixin.py:190} INFO - [2026-06-19T17:17:59.601+0000] {dagbag.py:588} INFO - Filling up the DagBag from /home/airflow/.local/lib/python3.12/site-packages/airflow/example_dags/example_latest_only.py
[2026-06-19T17:17:59.617+0000] {processor.py:925} INFO - DAG(s) 'latest_only' retrieved from /home/airflow/.local/lib/python3.12/site-packages/airflow/example_dags/example_latest_only.py
[2026-06-19T17:17:59.662+0000] {logging_mixin.py:190} INFO - [2026-06-19T17:17:59.661+0000] {dag.py:3239} INFO - Sync 1 DAGs
[2026-06-19T17:17:59.712+0000] {logging_mixin.py:190} INFO - [2026-06-19T17:17:59.712+0000] {dag.py:4180} INFO - Setting next_dagrun for latest_only to 2026-06-19 12:00:00+00:00, run_after=2026-06-19 16:00:00+00:00
[2026-06-19T17:17:59.759+0000] {processor.py:208} INFO - Processing /home/airflow/.local/lib/python3.12/site-packages/airflow/example_dags/example_latest_only.py took 0.183 seconds
