[2026-06-19T16:38:47.128+0000] {processor.py:186} INFO - Started process (PID=86) to work on /home/airflow/.local/lib/python3.12/site-packages/airflow/example_dags/example_local_kubernetes_executor.py
[2026-06-19T16:38:47.133+0000] {processor.py:914} INFO - Processing file /home/airflow/.local/lib/python3.12/site-packages/airflow/example_dags/example_local_kubernetes_executor.py for tasks to queue
[2026-06-19T16:38:47.140+0000] {logging_mixin.py:190} INFO - [2026-06-19T16:38:47.139+0000] {dagbag.py:588} INFO - Filling up the DagBag from /home/airflow/.local/lib/python3.12/site-packages/airflow/example_dags/example_local_kubernetes_executor.py
[2026-06-19T16:38:47.183+0000] {processor.py:925} INFO - DAG(s) 'example_local_kubernetes_executor' retrieved from /home/airflow/.local/lib/python3.12/site-packages/airflow/example_dags/example_local_kubernetes_executor.py
[2026-06-19T16:38:47.245+0000] {logging_mixin.py:190} INFO - [2026-06-19T16:38:47.244+0000] {dag.py:3239} INFO - Sync 1 DAGs
[2026-06-19T16:38:47.290+0000] {logging_mixin.py:190} INFO - [2026-06-19T16:38:47.289+0000] {dag.py:4180} INFO - Setting next_dagrun for example_local_kubernetes_executor to None, run_after=None
[2026-06-19T16:38:47.327+0000] {processor.py:208} INFO - Processing /home/airflow/.local/lib/python3.12/site-packages/airflow/example_dags/example_local_kubernetes_executor.py took 0.226 seconds
[2026-06-19T16:39:17.682+0000] {processor.py:186} INFO - Started process (PID=150) to work on /home/airflow/.local/lib/python3.12/site-packages/airflow/example_dags/example_local_kubernetes_executor.py
[2026-06-19T16:39:17.685+0000] {processor.py:914} INFO - Processing file /home/airflow/.local/lib/python3.12/site-packages/airflow/example_dags/example_local_kubernetes_executor.py for tasks to queue
[2026-06-19T16:39:17.693+0000] {logging_mixin.py:190} INFO - [2026-06-19T16:39:17.692+0000] {dagbag.py:588} INFO - Filling up the DagBag from /home/airflow/.local/lib/python3.12/site-packages/airflow/example_dags/example_local_kubernetes_executor.py
[2026-06-19T16:39:17.717+0000] {processor.py:925} INFO - DAG(s) 'example_local_kubernetes_executor' retrieved from /home/airflow/.local/lib/python3.12/site-packages/airflow/example_dags/example_local_kubernetes_executor.py
[2026-06-19T16:39:17.748+0000] {logging_mixin.py:190} INFO - [2026-06-19T16:39:17.748+0000] {dag.py:3239} INFO - Sync 1 DAGs
[2026-06-19T16:39:17.766+0000] {logging_mixin.py:190} INFO - [2026-06-19T16:39:17.766+0000] {dag.py:4180} INFO - Setting next_dagrun for example_local_kubernetes_executor to None, run_after=None
[2026-06-19T16:39:17.786+0000] {processor.py:208} INFO - Processing /home/airflow/.local/lib/python3.12/site-packages/airflow/example_dags/example_local_kubernetes_executor.py took 0.115 seconds
[2026-06-19T16:39:49.053+0000] {processor.py:186} INFO - Started process (PID=214) to work on /home/airflow/.local/lib/python3.12/site-packages/airflow/example_dags/example_local_kubernetes_executor.py
[2026-06-19T16:39:49.058+0000] {processor.py:914} INFO - Processing file /home/airflow/.local/lib/python3.12/site-packages/airflow/example_dags/example_local_kubernetes_executor.py for tasks to queue
[2026-06-19T16:39:49.068+0000] {logging_mixin.py:190} INFO - [2026-06-19T16:39:49.067+0000] {dagbag.py:588} INFO - Filling up the DagBag from /home/airflow/.local/lib/python3.12/site-packages/airflow/example_dags/example_local_kubernetes_executor.py
[2026-06-19T16:39:49.099+0000] {processor.py:925} INFO - DAG(s) 'example_local_kubernetes_executor' retrieved from /home/airflow/.local/lib/python3.12/site-packages/airflow/example_dags/example_local_kubernetes_executor.py
[2026-06-19T16:39:49.161+0000] {logging_mixin.py:190} INFO - [2026-06-19T16:39:49.158+0000] {dag.py:3239} INFO - Sync 1 DAGs
[2026-06-19T16:39:49.225+0000] {logging_mixin.py:190} INFO - [2026-06-19T16:39:49.224+0000] {dag.py:4180} INFO - Setting next_dagrun for example_local_kubernetes_executor to None, run_after=None
[2026-06-19T16:39:49.292+0000] {processor.py:208} INFO - Processing /home/airflow/.local/lib/python3.12/site-packages/airflow/example_dags/example_local_kubernetes_executor.py took 0.257 seconds
[2026-06-19T16:42:04.898+0000] {processor.py:186} INFO - Started process (PID=97) to work on /home/airflow/.local/lib/python3.12/site-packages/airflow/example_dags/example_local_kubernetes_executor.py
[2026-06-19T16:42:04.906+0000] {processor.py:914} INFO - Processing file /home/airflow/.local/lib/python3.12/site-packages/airflow/example_dags/example_local_kubernetes_executor.py for tasks to queue
[2026-06-19T16:42:04.926+0000] {logging_mixin.py:190} INFO - [2026-06-19T16:42:04.925+0000] {dagbag.py:588} INFO - Filling up the DagBag from /home/airflow/.local/lib/python3.12/site-packages/airflow/example_dags/example_local_kubernetes_executor.py
[2026-06-19T16:42:04.989+0000] {processor.py:925} INFO - DAG(s) 'example_local_kubernetes_executor' retrieved from /home/airflow/.local/lib/python3.12/site-packages/airflow/example_dags/example_local_kubernetes_executor.py
[2026-06-19T16:42:05.156+0000] {logging_mixin.py:190} INFO - [2026-06-19T16:42:05.153+0000] {dag.py:3239} INFO - Sync 1 DAGs
[2026-06-19T16:42:05.260+0000] {logging_mixin.py:190} INFO - [2026-06-19T16:42:05.260+0000] {dag.py:4180} INFO - Setting next_dagrun for example_local_kubernetes_executor to None, run_after=None
[2026-06-19T16:42:05.394+0000] {processor.py:208} INFO - Processing /home/airflow/.local/lib/python3.12/site-packages/airflow/example_dags/example_local_kubernetes_executor.py took 0.535 seconds
[2026-06-19T16:42:36.546+0000] {processor.py:186} INFO - Started process (PID=161) to work on /home/airflow/.local/lib/python3.12/site-packages/airflow/example_dags/example_local_kubernetes_executor.py
[2026-06-19T16:42:36.577+0000] {processor.py:914} INFO - Processing file /home/airflow/.local/lib/python3.12/site-packages/airflow/example_dags/example_local_kubernetes_executor.py for tasks to queue
[2026-06-19T16:42:36.628+0000] {logging_mixin.py:190} INFO - [2026-06-19T16:42:36.627+0000] {dagbag.py:588} INFO - Filling up the DagBag from /home/airflow/.local/lib/python3.12/site-packages/airflow/example_dags/example_local_kubernetes_executor.py
[2026-06-19T16:42:36.758+0000] {processor.py:925} INFO - DAG(s) 'example_local_kubernetes_executor' retrieved from /home/airflow/.local/lib/python3.12/site-packages/airflow/example_dags/example_local_kubernetes_executor.py
[2026-06-19T16:42:36.906+0000] {logging_mixin.py:190} INFO - [2026-06-19T16:42:36.905+0000] {dag.py:3239} INFO - Sync 1 DAGs
[2026-06-19T16:42:37.048+0000] {logging_mixin.py:190} INFO - [2026-06-19T16:42:37.048+0000] {dag.py:4180} INFO - Setting next_dagrun for example_local_kubernetes_executor to None, run_after=None
[2026-06-19T16:42:37.214+0000] {processor.py:208} INFO - Processing /home/airflow/.local/lib/python3.12/site-packages/airflow/example_dags/example_local_kubernetes_executor.py took 0.721 seconds
[2026-06-19T16:43:33.214+0000] {processor.py:186} INFO - Started process (PID=232) to work on /home/airflow/.local/lib/python3.12/site-packages/airflow/example_dags/example_local_kubernetes_executor.py
[2026-06-19T16:43:33.220+0000] {processor.py:914} INFO - Processing file /home/airflow/.local/lib/python3.12/site-packages/airflow/example_dags/example_local_kubernetes_executor.py for tasks to queue
[2026-06-19T16:43:33.233+0000] {logging_mixin.py:190} INFO - [2026-06-19T16:43:33.232+0000] {dagbag.py:588} INFO - Filling up the DagBag from /home/airflow/.local/lib/python3.12/site-packages/airflow/example_dags/example_local_kubernetes_executor.py
[2026-06-19T16:43:33.279+0000] {processor.py:925} INFO - DAG(s) 'example_local_kubernetes_executor' retrieved from /home/airflow/.local/lib/python3.12/site-packages/airflow/example_dags/example_local_kubernetes_executor.py
[2026-06-19T16:43:33.405+0000] {logging_mixin.py:190} INFO - [2026-06-19T16:43:33.405+0000] {dag.py:3239} INFO - Sync 1 DAGs
[2026-06-19T16:43:33.486+0000] {logging_mixin.py:190} INFO - [2026-06-19T16:43:33.485+0000] {dag.py:4180} INFO - Setting next_dagrun for example_local_kubernetes_executor to None, run_after=None
[2026-06-19T16:43:33.604+0000] {processor.py:208} INFO - Processing /home/airflow/.local/lib/python3.12/site-packages/airflow/example_dags/example_local_kubernetes_executor.py took 0.428 seconds
[2026-06-19T16:44:10.976+0000] {processor.py:186} INFO - Started process (PID=289) to work on /home/airflow/.local/lib/python3.12/site-packages/airflow/example_dags/example_local_kubernetes_executor.py
[2026-06-19T16:44:11.001+0000] {processor.py:914} INFO - Processing file /home/airflow/.local/lib/python3.12/site-packages/airflow/example_dags/example_local_kubernetes_executor.py for tasks to queue
[2026-06-19T16:44:11.033+0000] {logging_mixin.py:190} INFO - [2026-06-19T16:44:11.031+0000] {dagbag.py:588} INFO - Filling up the DagBag from /home/airflow/.local/lib/python3.12/site-packages/airflow/example_dags/example_local_kubernetes_executor.py
[2026-06-19T16:44:11.108+0000] {processor.py:925} INFO - DAG(s) 'example_local_kubernetes_executor' retrieved from /home/airflow/.local/lib/python3.12/site-packages/airflow/example_dags/example_local_kubernetes_executor.py
[2026-06-19T16:44:11.224+0000] {logging_mixin.py:190} INFO - [2026-06-19T16:44:11.223+0000] {dag.py:3239} INFO - Sync 1 DAGs
[2026-06-19T16:44:11.326+0000] {logging_mixin.py:190} INFO - [2026-06-19T16:44:11.325+0000] {dag.py:4180} INFO - Setting next_dagrun for example_local_kubernetes_executor to None, run_after=None
[2026-06-19T16:44:11.436+0000] {processor.py:208} INFO - Processing /home/airflow/.local/lib/python3.12/site-packages/airflow/example_dags/example_local_kubernetes_executor.py took 0.515 seconds
[2026-06-19T16:44:41.703+0000] {processor.py:186} INFO - Started process (PID=351) to work on /home/airflow/.local/lib/python3.12/site-packages/airflow/example_dags/example_local_kubernetes_executor.py
[2026-06-19T16:44:41.729+0000] {processor.py:914} INFO - Processing file /home/airflow/.local/lib/python3.12/site-packages/airflow/example_dags/example_local_kubernetes_executor.py for tasks to queue
[2026-06-19T16:44:41.747+0000] {logging_mixin.py:190} INFO - [2026-06-19T16:44:41.745+0000] {dagbag.py:588} INFO - Filling up the DagBag from /home/airflow/.local/lib/python3.12/site-packages/airflow/example_dags/example_local_kubernetes_executor.py
[2026-06-19T16:44:41.826+0000] {processor.py:925} INFO - DAG(s) 'example_local_kubernetes_executor' retrieved from /home/airflow/.local/lib/python3.12/site-packages/airflow/example_dags/example_local_kubernetes_executor.py
[2026-06-19T16:44:41.911+0000] {logging_mixin.py:190} INFO - [2026-06-19T16:44:41.910+0000] {dag.py:3239} INFO - Sync 1 DAGs
[2026-06-19T16:44:41.978+0000] {logging_mixin.py:190} INFO - [2026-06-19T16:44:41.978+0000] {dag.py:4180} INFO - Setting next_dagrun for example_local_kubernetes_executor to None, run_after=None
[2026-06-19T16:44:42.068+0000] {processor.py:208} INFO - Processing /home/airflow/.local/lib/python3.12/site-packages/airflow/example_dags/example_local_kubernetes_executor.py took 0.412 seconds
[2026-06-19T16:45:13.200+0000] {processor.py:186} INFO - Started process (PID=415) to work on /home/airflow/.local/lib/python3.12/site-packages/airflow/example_dags/example_local_kubernetes_executor.py
[2026-06-19T16:45:13.206+0000] {processor.py:914} INFO - Processing file /home/airflow/.local/lib/python3.12/site-packages/airflow/example_dags/example_local_kubernetes_executor.py for tasks to queue
[2026-06-19T16:45:13.216+0000] {logging_mixin.py:190} INFO - [2026-06-19T16:45:13.216+0000] {dagbag.py:588} INFO - Filling up the DagBag from /home/airflow/.local/lib/python3.12/site-packages/airflow/example_dags/example_local_kubernetes_executor.py
[2026-06-19T16:45:13.242+0000] {processor.py:925} INFO - DAG(s) 'example_local_kubernetes_executor' retrieved from /home/airflow/.local/lib/python3.12/site-packages/airflow/example_dags/example_local_kubernetes_executor.py
[2026-06-19T16:45:13.303+0000] {logging_mixin.py:190} INFO - [2026-06-19T16:45:13.302+0000] {dag.py:3239} INFO - Sync 1 DAGs
[2026-06-19T16:45:13.348+0000] {logging_mixin.py:190} INFO - [2026-06-19T16:45:13.348+0000] {dag.py:4180} INFO - Setting next_dagrun for example_local_kubernetes_executor to None, run_after=None
[2026-06-19T16:45:13.411+0000] {processor.py:208} INFO - Processing /home/airflow/.local/lib/python3.12/site-packages/airflow/example_dags/example_local_kubernetes_executor.py took 0.245 seconds
[2026-06-19T16:45:43.724+0000] {processor.py:186} INFO - Started process (PID=478) to work on /home/airflow/.local/lib/python3.12/site-packages/airflow/example_dags/example_local_kubernetes_executor.py
[2026-06-19T16:45:43.730+0000] {processor.py:914} INFO - Processing file /home/airflow/.local/lib/python3.12/site-packages/airflow/example_dags/example_local_kubernetes_executor.py for tasks to queue
[2026-06-19T16:45:43.739+0000] {logging_mixin.py:190} INFO - [2026-06-19T16:45:43.738+0000] {dagbag.py:588} INFO - Filling up the DagBag from /home/airflow/.local/lib/python3.12/site-packages/airflow/example_dags/example_local_kubernetes_executor.py
[2026-06-19T16:45:43.780+0000] {processor.py:925} INFO - DAG(s) 'example_local_kubernetes_executor' retrieved from /home/airflow/.local/lib/python3.12/site-packages/airflow/example_dags/example_local_kubernetes_executor.py
[2026-06-19T16:45:43.848+0000] {logging_mixin.py:190} INFO - [2026-06-19T16:45:43.848+0000] {dag.py:3239} INFO - Sync 1 DAGs
[2026-06-19T16:45:43.887+0000] {logging_mixin.py:190} INFO - [2026-06-19T16:45:43.886+0000] {dag.py:4180} INFO - Setting next_dagrun for example_local_kubernetes_executor to None, run_after=None
[2026-06-19T16:45:43.931+0000] {processor.py:208} INFO - Processing /home/airflow/.local/lib/python3.12/site-packages/airflow/example_dags/example_local_kubernetes_executor.py took 0.229 seconds
[2026-06-19T16:46:15.908+0000] {processor.py:186} INFO - Started process (PID=540) to work on /home/airflow/.local/lib/python3.12/site-packages/airflow/example_dags/example_local_kubernetes_executor.py
[2026-06-19T16:46:15.964+0000] {processor.py:914} INFO - Processing file /home/airflow/.local/lib/python3.12/site-packages/airflow/example_dags/example_local_kubernetes_executor.py for tasks to queue
[2026-06-19T16:46:15.986+0000] {logging_mixin.py:190} INFO - [2026-06-19T16:46:15.985+0000] {dagbag.py:588} INFO - Filling up the DagBag from /home/airflow/.local/lib/python3.12/site-packages/airflow/example_dags/example_local_kubernetes_executor.py
[2026-06-19T16:46:16.055+0000] {processor.py:925} INFO - DAG(s) 'example_local_kubernetes_executor' retrieved from /home/airflow/.local/lib/python3.12/site-packages/airflow/example_dags/example_local_kubernetes_executor.py
[2026-06-19T16:46:16.237+0000] {logging_mixin.py:190} INFO - [2026-06-19T16:46:16.237+0000] {dag.py:3239} INFO - Sync 1 DAGs
[2026-06-19T16:46:16.411+0000] {logging_mixin.py:190} INFO - [2026-06-19T16:46:16.410+0000] {dag.py:4180} INFO - Setting next_dagrun for example_local_kubernetes_executor to None, run_after=None
[2026-06-19T16:46:16.564+0000] {processor.py:208} INFO - Processing /home/airflow/.local/lib/python3.12/site-packages/airflow/example_dags/example_local_kubernetes_executor.py took 0.712 seconds
[2026-06-19T16:46:47.022+0000] {processor.py:186} INFO - Started process (PID=603) to work on /home/airflow/.local/lib/python3.12/site-packages/airflow/example_dags/example_local_kubernetes_executor.py
[2026-06-19T16:46:47.025+0000] {processor.py:914} INFO - Processing file /home/airflow/.local/lib/python3.12/site-packages/airflow/example_dags/example_local_kubernetes_executor.py for tasks to queue
[2026-06-19T16:46:47.031+0000] {logging_mixin.py:190} INFO - [2026-06-19T16:46:47.030+0000] {dagbag.py:588} INFO - Filling up the DagBag from /home/airflow/.local/lib/python3.12/site-packages/airflow/example_dags/example_local_kubernetes_executor.py
[2026-06-19T16:46:47.050+0000] {processor.py:925} INFO - DAG(s) 'example_local_kubernetes_executor' retrieved from /home/airflow/.local/lib/python3.12/site-packages/airflow/example_dags/example_local_kubernetes_executor.py
[2026-06-19T16:46:47.116+0000] {logging_mixin.py:190} INFO - [2026-06-19T16:46:47.115+0000] {dag.py:3239} INFO - Sync 1 DAGs
[2026-06-19T16:46:47.159+0000] {logging_mixin.py:190} INFO - [2026-06-19T16:46:47.158+0000] {dag.py:4180} INFO - Setting next_dagrun for example_local_kubernetes_executor to None, run_after=None
[2026-06-19T16:46:47.215+0000] {processor.py:208} INFO - Processing /home/airflow/.local/lib/python3.12/site-packages/airflow/example_dags/example_local_kubernetes_executor.py took 0.214 seconds
[2026-06-19T16:47:17.667+0000] {processor.py:186} INFO - Started process (PID=667) to work on /home/airflow/.local/lib/python3.12/site-packages/airflow/example_dags/example_local_kubernetes_executor.py
[2026-06-19T16:47:17.671+0000] {processor.py:914} INFO - Processing file /home/airflow/.local/lib/python3.12/site-packages/airflow/example_dags/example_local_kubernetes_executor.py for tasks to queue
[2026-06-19T16:47:17.676+0000] {logging_mixin.py:190} INFO - [2026-06-19T16:47:17.675+0000] {dagbag.py:588} INFO - Filling up the DagBag from /home/airflow/.local/lib/python3.12/site-packages/airflow/example_dags/example_local_kubernetes_executor.py
[2026-06-19T16:47:17.696+0000] {processor.py:925} INFO - DAG(s) 'example_local_kubernetes_executor' retrieved from /home/airflow/.local/lib/python3.12/site-packages/airflow/example_dags/example_local_kubernetes_executor.py
[2026-06-19T16:47:17.730+0000] {logging_mixin.py:190} INFO - [2026-06-19T16:47:17.730+0000] {dag.py:3239} INFO - Sync 1 DAGs
[2026-06-19T16:47:17.754+0000] {logging_mixin.py:190} INFO - [2026-06-19T16:47:17.754+0000] {dag.py:4180} INFO - Setting next_dagrun for example_local_kubernetes_executor to None, run_after=None
[2026-06-19T16:47:17.785+0000] {processor.py:208} INFO - Processing /home/airflow/.local/lib/python3.12/site-packages/airflow/example_dags/example_local_kubernetes_executor.py took 0.128 seconds
[2026-06-19T16:47:48.180+0000] {processor.py:186} INFO - Started process (PID=731) to work on /home/airflow/.local/lib/python3.12/site-packages/airflow/example_dags/example_local_kubernetes_executor.py
[2026-06-19T16:47:48.183+0000] {processor.py:914} INFO - Processing file /home/airflow/.local/lib/python3.12/site-packages/airflow/example_dags/example_local_kubernetes_executor.py for tasks to queue
[2026-06-19T16:47:48.189+0000] {logging_mixin.py:190} INFO - [2026-06-19T16:47:48.188+0000] {dagbag.py:588} INFO - Filling up the DagBag from /home/airflow/.local/lib/python3.12/site-packages/airflow/example_dags/example_local_kubernetes_executor.py
[2026-06-19T16:47:48.211+0000] {processor.py:925} INFO - DAG(s) 'example_local_kubernetes_executor' retrieved from /home/airflow/.local/lib/python3.12/site-packages/airflow/example_dags/example_local_kubernetes_executor.py
[2026-06-19T16:47:48.248+0000] {logging_mixin.py:190} INFO - [2026-06-19T16:47:48.248+0000] {dag.py:3239} INFO - Sync 1 DAGs
[2026-06-19T16:47:48.273+0000] {logging_mixin.py:190} INFO - [2026-06-19T16:47:48.273+0000] {dag.py:4180} INFO - Setting next_dagrun for example_local_kubernetes_executor to None, run_after=None
[2026-06-19T16:47:48.306+0000] {processor.py:208} INFO - Processing /home/airflow/.local/lib/python3.12/site-packages/airflow/example_dags/example_local_kubernetes_executor.py took 0.136 seconds
[2026-06-19T16:48:19.611+0000] {processor.py:186} INFO - Started process (PID=795) to work on /home/airflow/.local/lib/python3.12/site-packages/airflow/example_dags/example_local_kubernetes_executor.py
[2026-06-19T16:48:19.617+0000] {processor.py:914} INFO - Processing file /home/airflow/.local/lib/python3.12/site-packages/airflow/example_dags/example_local_kubernetes_executor.py for tasks to queue
[2026-06-19T16:48:19.631+0000] {logging_mixin.py:190} INFO - [2026-06-19T16:48:19.630+0000] {dagbag.py:588} INFO - Filling up the DagBag from /home/airflow/.local/lib/python3.12/site-packages/airflow/example_dags/example_local_kubernetes_executor.py
[2026-06-19T16:48:19.676+0000] {processor.py:925} INFO - DAG(s) 'example_local_kubernetes_executor' retrieved from /home/airflow/.local/lib/python3.12/site-packages/airflow/example_dags/example_local_kubernetes_executor.py
[2026-06-19T16:48:19.744+0000] {logging_mixin.py:190} INFO - [2026-06-19T16:48:19.743+0000] {dag.py:3239} INFO - Sync 1 DAGs
[2026-06-19T16:48:19.823+0000] {logging_mixin.py:190} INFO - [2026-06-19T16:48:19.822+0000] {dag.py:4180} INFO - Setting next_dagrun for example_local_kubernetes_executor to None, run_after=None
[2026-06-19T16:48:19.895+0000] {processor.py:208} INFO - Processing /home/airflow/.local/lib/python3.12/site-packages/airflow/example_dags/example_local_kubernetes_executor.py took 0.302 seconds
[2026-06-19T16:48:51.663+0000] {processor.py:186} INFO - Started process (PID=859) to work on /home/airflow/.local/lib/python3.12/site-packages/airflow/example_dags/example_local_kubernetes_executor.py
[2026-06-19T16:48:51.668+0000] {processor.py:914} INFO - Processing file /home/airflow/.local/lib/python3.12/site-packages/airflow/example_dags/example_local_kubernetes_executor.py for tasks to queue
[2026-06-19T16:48:51.684+0000] {logging_mixin.py:190} INFO - [2026-06-19T16:48:51.682+0000] {dagbag.py:588} INFO - Filling up the DagBag from /home/airflow/.local/lib/python3.12/site-packages/airflow/example_dags/example_local_kubernetes_executor.py
[2026-06-19T16:48:51.731+0000] {processor.py:925} INFO - DAG(s) 'example_local_kubernetes_executor' retrieved from /home/airflow/.local/lib/python3.12/site-packages/airflow/example_dags/example_local_kubernetes_executor.py
[2026-06-19T16:48:51.861+0000] {logging_mixin.py:190} INFO - [2026-06-19T16:48:51.861+0000] {dag.py:3239} INFO - Sync 1 DAGs
[2026-06-19T16:48:51.954+0000] {logging_mixin.py:190} INFO - [2026-06-19T16:48:51.948+0000] {dag.py:4180} INFO - Setting next_dagrun for example_local_kubernetes_executor to None, run_after=None
[2026-06-19T16:48:52.067+0000] {processor.py:208} INFO - Processing /home/airflow/.local/lib/python3.12/site-packages/airflow/example_dags/example_local_kubernetes_executor.py took 0.431 seconds
[2026-06-19T16:49:22.198+0000] {processor.py:186} INFO - Started process (PID=923) to work on /home/airflow/.local/lib/python3.12/site-packages/airflow/example_dags/example_local_kubernetes_executor.py
[2026-06-19T16:49:22.202+0000] {processor.py:914} INFO - Processing file /home/airflow/.local/lib/python3.12/site-packages/airflow/example_dags/example_local_kubernetes_executor.py for tasks to queue
[2026-06-19T16:49:22.211+0000] {logging_mixin.py:190} INFO - [2026-06-19T16:49:22.210+0000] {dagbag.py:588} INFO - Filling up the DagBag from /home/airflow/.local/lib/python3.12/site-packages/airflow/example_dags/example_local_kubernetes_executor.py
[2026-06-19T16:49:22.245+0000] {processor.py:925} INFO - DAG(s) 'example_local_kubernetes_executor' retrieved from /home/airflow/.local/lib/python3.12/site-packages/airflow/example_dags/example_local_kubernetes_executor.py
[2026-06-19T16:49:22.302+0000] {logging_mixin.py:190} INFO - [2026-06-19T16:49:22.302+0000] {dag.py:3239} INFO - Sync 1 DAGs
[2026-06-19T16:49:22.347+0000] {logging_mixin.py:190} INFO - [2026-06-19T16:49:22.346+0000] {dag.py:4180} INFO - Setting next_dagrun for example_local_kubernetes_executor to None, run_after=None
[2026-06-19T16:49:22.391+0000] {processor.py:208} INFO - Processing /home/airflow/.local/lib/python3.12/site-packages/airflow/example_dags/example_local_kubernetes_executor.py took 0.209 seconds
[2026-06-19T16:49:55.072+0000] {processor.py:186} INFO - Started process (PID=986) to work on /home/airflow/.local/lib/python3.12/site-packages/airflow/example_dags/example_local_kubernetes_executor.py
[2026-06-19T16:49:55.086+0000] {processor.py:914} INFO - Processing file /home/airflow/.local/lib/python3.12/site-packages/airflow/example_dags/example_local_kubernetes_executor.py for tasks to queue
[2026-06-19T16:49:55.127+0000] {logging_mixin.py:190} INFO - [2026-06-19T16:49:55.126+0000] {dagbag.py:588} INFO - Filling up the DagBag from /home/airflow/.local/lib/python3.12/site-packages/airflow/example_dags/example_local_kubernetes_executor.py
[2026-06-19T16:49:55.213+0000] {processor.py:925} INFO - DAG(s) 'example_local_kubernetes_executor' retrieved from /home/airflow/.local/lib/python3.12/site-packages/airflow/example_dags/example_local_kubernetes_executor.py
[2026-06-19T16:49:55.403+0000] {logging_mixin.py:190} INFO - [2026-06-19T16:49:55.403+0000] {dag.py:3239} INFO - Sync 1 DAGs
[2026-06-19T16:49:55.516+0000] {logging_mixin.py:190} INFO - [2026-06-19T16:49:55.515+0000] {dag.py:4180} INFO - Setting next_dagrun for example_local_kubernetes_executor to None, run_after=None
[2026-06-19T16:49:55.648+0000] {processor.py:208} INFO - Processing /home/airflow/.local/lib/python3.12/site-packages/airflow/example_dags/example_local_kubernetes_executor.py took 0.600 seconds
[2026-06-19T16:50:26.053+0000] {processor.py:186} INFO - Started process (PID=1049) to work on /home/airflow/.local/lib/python3.12/site-packages/airflow/example_dags/example_local_kubernetes_executor.py
[2026-06-19T16:50:26.058+0000] {processor.py:914} INFO - Processing file /home/airflow/.local/lib/python3.12/site-packages/airflow/example_dags/example_local_kubernetes_executor.py for tasks to queue
[2026-06-19T16:50:26.069+0000] {logging_mixin.py:190} INFO - [2026-06-19T16:50:26.068+0000] {dagbag.py:588} INFO - Filling up the DagBag from /home/airflow/.local/lib/python3.12/site-packages/airflow/example_dags/example_local_kubernetes_executor.py
[2026-06-19T16:50:26.112+0000] {processor.py:925} INFO - DAG(s) 'example_local_kubernetes_executor' retrieved from /home/airflow/.local/lib/python3.12/site-packages/airflow/example_dags/example_local_kubernetes_executor.py
[2026-06-19T16:50:26.192+0000] {logging_mixin.py:190} INFO - [2026-06-19T16:50:26.192+0000] {dag.py:3239} INFO - Sync 1 DAGs
[2026-06-19T16:50:26.258+0000] {logging_mixin.py:190} INFO - [2026-06-19T16:50:26.257+0000] {dag.py:4180} INFO - Setting next_dagrun for example_local_kubernetes_executor to None, run_after=None
[2026-06-19T16:50:26.335+0000] {processor.py:208} INFO - Processing /home/airflow/.local/lib/python3.12/site-packages/airflow/example_dags/example_local_kubernetes_executor.py took 0.307 seconds
[2026-06-19T16:50:56.625+0000] {processor.py:186} INFO - Started process (PID=1112) to work on /home/airflow/.local/lib/python3.12/site-packages/airflow/example_dags/example_local_kubernetes_executor.py
[2026-06-19T16:50:56.629+0000] {processor.py:914} INFO - Processing file /home/airflow/.local/lib/python3.12/site-packages/airflow/example_dags/example_local_kubernetes_executor.py for tasks to queue
[2026-06-19T16:50:56.643+0000] {logging_mixin.py:190} INFO - [2026-06-19T16:50:56.638+0000] {dagbag.py:588} INFO - Filling up the DagBag from /home/airflow/.local/lib/python3.12/site-packages/airflow/example_dags/example_local_kubernetes_executor.py
[2026-06-19T16:50:56.680+0000] {processor.py:925} INFO - DAG(s) 'example_local_kubernetes_executor' retrieved from /home/airflow/.local/lib/python3.12/site-packages/airflow/example_dags/example_local_kubernetes_executor.py
[2026-06-19T16:50:56.734+0000] {logging_mixin.py:190} INFO - [2026-06-19T16:50:56.733+0000] {dag.py:3239} INFO - Sync 1 DAGs
[2026-06-19T16:50:56.784+0000] {logging_mixin.py:190} INFO - [2026-06-19T16:50:56.784+0000] {dag.py:4180} INFO - Setting next_dagrun for example_local_kubernetes_executor to None, run_after=None
[2026-06-19T16:50:56.834+0000] {processor.py:208} INFO - Processing /home/airflow/.local/lib/python3.12/site-packages/airflow/example_dags/example_local_kubernetes_executor.py took 0.236 seconds
[2026-06-19T16:51:28.806+0000] {processor.py:186} INFO - Started process (PID=1176) to work on /home/airflow/.local/lib/python3.12/site-packages/airflow/example_dags/example_local_kubernetes_executor.py
[2026-06-19T16:51:28.825+0000] {processor.py:914} INFO - Processing file /home/airflow/.local/lib/python3.12/site-packages/airflow/example_dags/example_local_kubernetes_executor.py for tasks to queue
[2026-06-19T16:51:28.842+0000] {logging_mixin.py:190} INFO - [2026-06-19T16:51:28.840+0000] {dagbag.py:588} INFO - Filling up the DagBag from /home/airflow/.local/lib/python3.12/site-packages/airflow/example_dags/example_local_kubernetes_executor.py
[2026-06-19T16:51:28.936+0000] {processor.py:925} INFO - DAG(s) 'example_local_kubernetes_executor' retrieved from /home/airflow/.local/lib/python3.12/site-packages/airflow/example_dags/example_local_kubernetes_executor.py
[2026-06-19T16:51:29.041+0000] {logging_mixin.py:190} INFO - [2026-06-19T16:51:29.040+0000] {dag.py:3239} INFO - Sync 1 DAGs
[2026-06-19T16:51:29.097+0000] {logging_mixin.py:190} INFO - [2026-06-19T16:51:29.096+0000] {dag.py:4180} INFO - Setting next_dagrun for example_local_kubernetes_executor to None, run_after=None
[2026-06-19T16:51:29.168+0000] {processor.py:208} INFO - Processing /home/airflow/.local/lib/python3.12/site-packages/airflow/example_dags/example_local_kubernetes_executor.py took 0.415 seconds
[2026-06-19T16:51:59.882+0000] {processor.py:186} INFO - Started process (PID=1240) to work on /home/airflow/.local/lib/python3.12/site-packages/airflow/example_dags/example_local_kubernetes_executor.py
[2026-06-19T16:51:59.887+0000] {processor.py:914} INFO - Processing file /home/airflow/.local/lib/python3.12/site-packages/airflow/example_dags/example_local_kubernetes_executor.py for tasks to queue
[2026-06-19T16:51:59.894+0000] {logging_mixin.py:190} INFO - [2026-06-19T16:51:59.893+0000] {dagbag.py:588} INFO - Filling up the DagBag from /home/airflow/.local/lib/python3.12/site-packages/airflow/example_dags/example_local_kubernetes_executor.py
[2026-06-19T16:51:59.924+0000] {processor.py:925} INFO - DAG(s) 'example_local_kubernetes_executor' retrieved from /home/airflow/.local/lib/python3.12/site-packages/airflow/example_dags/example_local_kubernetes_executor.py
[2026-06-19T16:51:59.973+0000] {logging_mixin.py:190} INFO - [2026-06-19T16:51:59.973+0000] {dag.py:3239} INFO - Sync 1 DAGs
[2026-06-19T16:52:00.011+0000] {logging_mixin.py:190} INFO - [2026-06-19T16:52:00.010+0000] {dag.py:4180} INFO - Setting next_dagrun for example_local_kubernetes_executor to None, run_after=None
[2026-06-19T16:52:00.102+0000] {processor.py:208} INFO - Processing /home/airflow/.local/lib/python3.12/site-packages/airflow/example_dags/example_local_kubernetes_executor.py took 0.236 seconds
[2026-06-19T16:52:30.270+0000] {processor.py:186} INFO - Started process (PID=1303) to work on /home/airflow/.local/lib/python3.12/site-packages/airflow/example_dags/example_local_kubernetes_executor.py
[2026-06-19T16:52:30.282+0000] {processor.py:914} INFO - Processing file /home/airflow/.local/lib/python3.12/site-packages/airflow/example_dags/example_local_kubernetes_executor.py for tasks to queue
[2026-06-19T16:52:30.310+0000] {logging_mixin.py:190} INFO - [2026-06-19T16:52:30.307+0000] {dagbag.py:588} INFO - Filling up the DagBag from /home/airflow/.local/lib/python3.12/site-packages/airflow/example_dags/example_local_kubernetes_executor.py
[2026-06-19T16:52:30.354+0000] {processor.py:925} INFO - DAG(s) 'example_local_kubernetes_executor' retrieved from /home/airflow/.local/lib/python3.12/site-packages/airflow/example_dags/example_local_kubernetes_executor.py
[2026-06-19T16:52:30.456+0000] {logging_mixin.py:190} INFO - [2026-06-19T16:52:30.455+0000] {dag.py:3239} INFO - Sync 1 DAGs
[2026-06-19T16:52:30.513+0000] {logging_mixin.py:190} INFO - [2026-06-19T16:52:30.513+0000] {dag.py:4180} INFO - Setting next_dagrun for example_local_kubernetes_executor to None, run_after=None
[2026-06-19T16:52:30.585+0000] {processor.py:208} INFO - Processing /home/airflow/.local/lib/python3.12/site-packages/airflow/example_dags/example_local_kubernetes_executor.py took 0.358 seconds
[2026-06-19T16:53:00.890+0000] {processor.py:186} INFO - Started process (PID=1366) to work on /home/airflow/.local/lib/python3.12/site-packages/airflow/example_dags/example_local_kubernetes_executor.py
[2026-06-19T16:53:00.903+0000] {processor.py:914} INFO - Processing file /home/airflow/.local/lib/python3.12/site-packages/airflow/example_dags/example_local_kubernetes_executor.py for tasks to queue
[2026-06-19T16:53:00.915+0000] {logging_mixin.py:190} INFO - [2026-06-19T16:53:00.914+0000] {dagbag.py:588} INFO - Filling up the DagBag from /home/airflow/.local/lib/python3.12/site-packages/airflow/example_dags/example_local_kubernetes_executor.py
[2026-06-19T16:53:00.945+0000] {processor.py:925} INFO - DAG(s) 'example_local_kubernetes_executor' retrieved from /home/airflow/.local/lib/python3.12/site-packages/airflow/example_dags/example_local_kubernetes_executor.py
[2026-06-19T16:53:01.012+0000] {logging_mixin.py:190} INFO - [2026-06-19T16:53:01.012+0000] {dag.py:3239} INFO - Sync 1 DAGs
[2026-06-19T16:53:01.055+0000] {logging_mixin.py:190} INFO - [2026-06-19T16:53:01.054+0000] {dag.py:4180} INFO - Setting next_dagrun for example_local_kubernetes_executor to None, run_after=None
[2026-06-19T16:53:01.109+0000] {processor.py:208} INFO - Processing /home/airflow/.local/lib/python3.12/site-packages/airflow/example_dags/example_local_kubernetes_executor.py took 0.238 seconds
[2026-06-19T16:53:31.876+0000] {processor.py:186} INFO - Started process (PID=1436) to work on /home/airflow/.local/lib/python3.12/site-packages/airflow/example_dags/example_local_kubernetes_executor.py
[2026-06-19T16:53:31.886+0000] {processor.py:914} INFO - Processing file /home/airflow/.local/lib/python3.12/site-packages/airflow/example_dags/example_local_kubernetes_executor.py for tasks to queue
[2026-06-19T16:53:31.896+0000] {logging_mixin.py:190} INFO - [2026-06-19T16:53:31.895+0000] {dagbag.py:588} INFO - Filling up the DagBag from /home/airflow/.local/lib/python3.12/site-packages/airflow/example_dags/example_local_kubernetes_executor.py
[2026-06-19T16:53:31.926+0000] {processor.py:925} INFO - DAG(s) 'example_local_kubernetes_executor' retrieved from /home/airflow/.local/lib/python3.12/site-packages/airflow/example_dags/example_local_kubernetes_executor.py
[2026-06-19T16:53:32.041+0000] {logging_mixin.py:190} INFO - [2026-06-19T16:53:32.041+0000] {dag.py:3239} INFO - Sync 1 DAGs
[2026-06-19T16:53:32.156+0000] {logging_mixin.py:190} INFO - [2026-06-19T16:53:32.155+0000] {dag.py:4180} INFO - Setting next_dagrun for example_local_kubernetes_executor to None, run_after=None
[2026-06-19T16:53:32.269+0000] {processor.py:208} INFO - Processing /home/airflow/.local/lib/python3.12/site-packages/airflow/example_dags/example_local_kubernetes_executor.py took 0.408 seconds
[2026-06-19T16:54:02.564+0000] {processor.py:186} INFO - Started process (PID=1499) to work on /home/airflow/.local/lib/python3.12/site-packages/airflow/example_dags/example_local_kubernetes_executor.py
[2026-06-19T16:54:02.567+0000] {processor.py:914} INFO - Processing file /home/airflow/.local/lib/python3.12/site-packages/airflow/example_dags/example_local_kubernetes_executor.py for tasks to queue
[2026-06-19T16:54:02.573+0000] {logging_mixin.py:190} INFO - [2026-06-19T16:54:02.572+0000] {dagbag.py:588} INFO - Filling up the DagBag from /home/airflow/.local/lib/python3.12/site-packages/airflow/example_dags/example_local_kubernetes_executor.py
[2026-06-19T16:54:02.596+0000] {processor.py:925} INFO - DAG(s) 'example_local_kubernetes_executor' retrieved from /home/airflow/.local/lib/python3.12/site-packages/airflow/example_dags/example_local_kubernetes_executor.py
[2026-06-19T16:54:02.644+0000] {logging_mixin.py:190} INFO - [2026-06-19T16:54:02.643+0000] {dag.py:3239} INFO - Sync 1 DAGs
[2026-06-19T16:54:02.676+0000] {logging_mixin.py:190} INFO - [2026-06-19T16:54:02.676+0000] {dag.py:4180} INFO - Setting next_dagrun for example_local_kubernetes_executor to None, run_after=None
[2026-06-19T16:54:02.709+0000] {processor.py:208} INFO - Processing /home/airflow/.local/lib/python3.12/site-packages/airflow/example_dags/example_local_kubernetes_executor.py took 0.160 seconds
[2026-06-19T16:54:33.704+0000] {processor.py:186} INFO - Started process (PID=1563) to work on /home/airflow/.local/lib/python3.12/site-packages/airflow/example_dags/example_local_kubernetes_executor.py
[2026-06-19T16:54:33.707+0000] {processor.py:914} INFO - Processing file /home/airflow/.local/lib/python3.12/site-packages/airflow/example_dags/example_local_kubernetes_executor.py for tasks to queue
[2026-06-19T16:54:33.713+0000] {logging_mixin.py:190} INFO - [2026-06-19T16:54:33.712+0000] {dagbag.py:588} INFO - Filling up the DagBag from /home/airflow/.local/lib/python3.12/site-packages/airflow/example_dags/example_local_kubernetes_executor.py
[2026-06-19T16:54:33.732+0000] {processor.py:925} INFO - DAG(s) 'example_local_kubernetes_executor' retrieved from /home/airflow/.local/lib/python3.12/site-packages/airflow/example_dags/example_local_kubernetes_executor.py
[2026-06-19T16:54:33.762+0000] {logging_mixin.py:190} INFO - [2026-06-19T16:54:33.762+0000] {dag.py:3239} INFO - Sync 1 DAGs
[2026-06-19T16:54:33.784+0000] {logging_mixin.py:190} INFO - [2026-06-19T16:54:33.783+0000] {dag.py:4180} INFO - Setting next_dagrun for example_local_kubernetes_executor to None, run_after=None
[2026-06-19T16:54:33.813+0000] {processor.py:208} INFO - Processing /home/airflow/.local/lib/python3.12/site-packages/airflow/example_dags/example_local_kubernetes_executor.py took 0.118 seconds
[2026-06-19T16:55:04.513+0000] {processor.py:186} INFO - Started process (PID=1627) to work on /home/airflow/.local/lib/python3.12/site-packages/airflow/example_dags/example_local_kubernetes_executor.py
[2026-06-19T16:55:04.519+0000] {processor.py:914} INFO - Processing file /home/airflow/.local/lib/python3.12/site-packages/airflow/example_dags/example_local_kubernetes_executor.py for tasks to queue
[2026-06-19T16:55:04.535+0000] {logging_mixin.py:190} INFO - [2026-06-19T16:55:04.534+0000] {dagbag.py:588} INFO - Filling up the DagBag from /home/airflow/.local/lib/python3.12/site-packages/airflow/example_dags/example_local_kubernetes_executor.py
[2026-06-19T16:55:04.579+0000] {processor.py:925} INFO - DAG(s) 'example_local_kubernetes_executor' retrieved from /home/airflow/.local/lib/python3.12/site-packages/airflow/example_dags/example_local_kubernetes_executor.py
[2026-06-19T16:55:04.637+0000] {logging_mixin.py:190} INFO - [2026-06-19T16:55:04.637+0000] {dag.py:3239} INFO - Sync 1 DAGs
[2026-06-19T16:55:04.722+0000] {logging_mixin.py:190} INFO - [2026-06-19T16:55:04.721+0000] {dag.py:4180} INFO - Setting next_dagrun for example_local_kubernetes_executor to None, run_after=None
[2026-06-19T16:55:04.799+0000] {processor.py:208} INFO - Processing /home/airflow/.local/lib/python3.12/site-packages/airflow/example_dags/example_local_kubernetes_executor.py took 0.323 seconds
[2026-06-19T16:55:34.882+0000] {processor.py:186} INFO - Started process (PID=1690) to work on /home/airflow/.local/lib/python3.12/site-packages/airflow/example_dags/example_local_kubernetes_executor.py
[2026-06-19T16:55:34.885+0000] {processor.py:914} INFO - Processing file /home/airflow/.local/lib/python3.12/site-packages/airflow/example_dags/example_local_kubernetes_executor.py for tasks to queue
[2026-06-19T16:55:34.890+0000] {logging_mixin.py:190} INFO - [2026-06-19T16:55:34.889+0000] {dagbag.py:588} INFO - Filling up the DagBag from /home/airflow/.local/lib/python3.12/site-packages/airflow/example_dags/example_local_kubernetes_executor.py
[2026-06-19T16:55:34.910+0000] {processor.py:925} INFO - DAG(s) 'example_local_kubernetes_executor' retrieved from /home/airflow/.local/lib/python3.12/site-packages/airflow/example_dags/example_local_kubernetes_executor.py
[2026-06-19T16:55:34.949+0000] {logging_mixin.py:190} INFO - [2026-06-19T16:55:34.948+0000] {dag.py:3239} INFO - Sync 1 DAGs
[2026-06-19T16:55:34.978+0000] {logging_mixin.py:190} INFO - [2026-06-19T16:55:34.978+0000] {dag.py:4180} INFO - Setting next_dagrun for example_local_kubernetes_executor to None, run_after=None
[2026-06-19T16:55:35.014+0000] {processor.py:208} INFO - Processing /home/airflow/.local/lib/python3.12/site-packages/airflow/example_dags/example_local_kubernetes_executor.py took 0.144 seconds
[2026-06-19T16:56:05.138+0000] {processor.py:186} INFO - Started process (PID=1754) to work on /home/airflow/.local/lib/python3.12/site-packages/airflow/example_dags/example_local_kubernetes_executor.py
[2026-06-19T16:56:05.143+0000] {processor.py:914} INFO - Processing file /home/airflow/.local/lib/python3.12/site-packages/airflow/example_dags/example_local_kubernetes_executor.py for tasks to queue
[2026-06-19T16:56:05.155+0000] {logging_mixin.py:190} INFO - [2026-06-19T16:56:05.154+0000] {dagbag.py:588} INFO - Filling up the DagBag from /home/airflow/.local/lib/python3.12/site-packages/airflow/example_dags/example_local_kubernetes_executor.py
[2026-06-19T16:56:05.197+0000] {processor.py:925} INFO - DAG(s) 'example_local_kubernetes_executor' retrieved from /home/airflow/.local/lib/python3.12/site-packages/airflow/example_dags/example_local_kubernetes_executor.py
[2026-06-19T16:56:05.303+0000] {logging_mixin.py:190} INFO - [2026-06-19T16:56:05.302+0000] {dag.py:3239} INFO - Sync 1 DAGs
[2026-06-19T16:56:05.358+0000] {logging_mixin.py:190} INFO - [2026-06-19T16:56:05.358+0000] {dag.py:4180} INFO - Setting next_dagrun for example_local_kubernetes_executor to None, run_after=None
[2026-06-19T16:56:05.430+0000] {processor.py:208} INFO - Processing /home/airflow/.local/lib/python3.12/site-packages/airflow/example_dags/example_local_kubernetes_executor.py took 0.318 seconds
[2026-06-19T16:56:35.509+0000] {processor.py:186} INFO - Started process (PID=1816) to work on /home/airflow/.local/lib/python3.12/site-packages/airflow/example_dags/example_local_kubernetes_executor.py
[2026-06-19T16:56:35.512+0000] {processor.py:914} INFO - Processing file /home/airflow/.local/lib/python3.12/site-packages/airflow/example_dags/example_local_kubernetes_executor.py for tasks to queue
[2026-06-19T16:56:35.516+0000] {logging_mixin.py:190} INFO - [2026-06-19T16:56:35.516+0000] {dagbag.py:588} INFO - Filling up the DagBag from /home/airflow/.local/lib/python3.12/site-packages/airflow/example_dags/example_local_kubernetes_executor.py
[2026-06-19T16:56:35.536+0000] {processor.py:925} INFO - DAG(s) 'example_local_kubernetes_executor' retrieved from /home/airflow/.local/lib/python3.12/site-packages/airflow/example_dags/example_local_kubernetes_executor.py
[2026-06-19T16:56:35.570+0000] {logging_mixin.py:190} INFO - [2026-06-19T16:56:35.570+0000] {dag.py:3239} INFO - Sync 1 DAGs
[2026-06-19T16:56:35.593+0000] {logging_mixin.py:190} INFO - [2026-06-19T16:56:35.593+0000] {dag.py:4180} INFO - Setting next_dagrun for example_local_kubernetes_executor to None, run_after=None
[2026-06-19T16:56:35.619+0000] {processor.py:208} INFO - Processing /home/airflow/.local/lib/python3.12/site-packages/airflow/example_dags/example_local_kubernetes_executor.py took 0.119 seconds
[2026-06-19T16:57:05.884+0000] {processor.py:186} INFO - Started process (PID=1880) to work on /home/airflow/.local/lib/python3.12/site-packages/airflow/example_dags/example_local_kubernetes_executor.py
[2026-06-19T16:57:05.887+0000] {processor.py:914} INFO - Processing file /home/airflow/.local/lib/python3.12/site-packages/airflow/example_dags/example_local_kubernetes_executor.py for tasks to queue
[2026-06-19T16:57:05.890+0000] {logging_mixin.py:190} INFO - [2026-06-19T16:57:05.890+0000] {dagbag.py:588} INFO - Filling up the DagBag from /home/airflow/.local/lib/python3.12/site-packages/airflow/example_dags/example_local_kubernetes_executor.py
[2026-06-19T16:57:05.901+0000] {processor.py:925} INFO - DAG(s) 'example_local_kubernetes_executor' retrieved from /home/airflow/.local/lib/python3.12/site-packages/airflow/example_dags/example_local_kubernetes_executor.py
[2026-06-19T16:57:05.928+0000] {logging_mixin.py:190} INFO - [2026-06-19T16:57:05.928+0000] {dag.py:3239} INFO - Sync 1 DAGs
[2026-06-19T16:57:05.944+0000] {logging_mixin.py:190} INFO - [2026-06-19T16:57:05.944+0000] {dag.py:4180} INFO - Setting next_dagrun for example_local_kubernetes_executor to None, run_after=None
[2026-06-19T16:57:05.965+0000] {processor.py:208} INFO - Processing /home/airflow/.local/lib/python3.12/site-packages/airflow/example_dags/example_local_kubernetes_executor.py took 0.087 seconds
[2026-06-19T16:57:36.028+0000] {processor.py:186} INFO - Started process (PID=1944) to work on /home/airflow/.local/lib/python3.12/site-packages/airflow/example_dags/example_local_kubernetes_executor.py
[2026-06-19T16:57:36.033+0000] {processor.py:914} INFO - Processing file /home/airflow/.local/lib/python3.12/site-packages/airflow/example_dags/example_local_kubernetes_executor.py for tasks to queue
[2026-06-19T16:57:36.038+0000] {logging_mixin.py:190} INFO - [2026-06-19T16:57:36.038+0000] {dagbag.py:588} INFO - Filling up the DagBag from /home/airflow/.local/lib/python3.12/site-packages/airflow/example_dags/example_local_kubernetes_executor.py
[2026-06-19T16:57:36.053+0000] {processor.py:925} INFO - DAG(s) 'example_local_kubernetes_executor' retrieved from /home/airflow/.local/lib/python3.12/site-packages/airflow/example_dags/example_local_kubernetes_executor.py
[2026-06-19T16:57:36.081+0000] {logging_mixin.py:190} INFO - [2026-06-19T16:57:36.081+0000] {dag.py:3239} INFO - Sync 1 DAGs
[2026-06-19T16:57:36.100+0000] {logging_mixin.py:190} INFO - [2026-06-19T16:57:36.100+0000] {dag.py:4180} INFO - Setting next_dagrun for example_local_kubernetes_executor to None, run_after=None
[2026-06-19T16:57:36.125+0000] {processor.py:208} INFO - Processing /home/airflow/.local/lib/python3.12/site-packages/airflow/example_dags/example_local_kubernetes_executor.py took 0.102 seconds
[2026-06-19T16:58:06.691+0000] {processor.py:186} INFO - Started process (PID=2009) to work on /home/airflow/.local/lib/python3.12/site-packages/airflow/example_dags/example_local_kubernetes_executor.py
[2026-06-19T16:58:06.695+0000] {processor.py:914} INFO - Processing file /home/airflow/.local/lib/python3.12/site-packages/airflow/example_dags/example_local_kubernetes_executor.py for tasks to queue
[2026-06-19T16:58:06.703+0000] {logging_mixin.py:190} INFO - [2026-06-19T16:58:06.702+0000] {dagbag.py:588} INFO - Filling up the DagBag from /home/airflow/.local/lib/python3.12/site-packages/airflow/example_dags/example_local_kubernetes_executor.py
[2026-06-19T16:58:06.729+0000] {processor.py:925} INFO - DAG(s) 'example_local_kubernetes_executor' retrieved from /home/airflow/.local/lib/python3.12/site-packages/airflow/example_dags/example_local_kubernetes_executor.py
[2026-06-19T16:58:06.927+0000] {logging_mixin.py:190} INFO - [2026-06-19T16:58:06.926+0000] {dag.py:3239} INFO - Sync 1 DAGs
[2026-06-19T16:58:06.961+0000] {logging_mixin.py:190} INFO - [2026-06-19T16:58:06.960+0000] {dag.py:4180} INFO - Setting next_dagrun for example_local_kubernetes_executor to None, run_after=None
[2026-06-19T16:58:07.001+0000] {processor.py:208} INFO - Processing /home/airflow/.local/lib/python3.12/site-packages/airflow/example_dags/example_local_kubernetes_executor.py took 0.324 seconds
[2026-06-19T16:58:37.208+0000] {processor.py:186} INFO - Started process (PID=2073) to work on /home/airflow/.local/lib/python3.12/site-packages/airflow/example_dags/example_local_kubernetes_executor.py
[2026-06-19T16:58:37.212+0000] {processor.py:914} INFO - Processing file /home/airflow/.local/lib/python3.12/site-packages/airflow/example_dags/example_local_kubernetes_executor.py for tasks to queue
[2026-06-19T16:58:37.219+0000] {logging_mixin.py:190} INFO - [2026-06-19T16:58:37.219+0000] {dagbag.py:588} INFO - Filling up the DagBag from /home/airflow/.local/lib/python3.12/site-packages/airflow/example_dags/example_local_kubernetes_executor.py
[2026-06-19T16:58:37.241+0000] {processor.py:925} INFO - DAG(s) 'example_local_kubernetes_executor' retrieved from /home/airflow/.local/lib/python3.12/site-packages/airflow/example_dags/example_local_kubernetes_executor.py
[2026-06-19T16:58:37.276+0000] {logging_mixin.py:190} INFO - [2026-06-19T16:58:37.276+0000] {dag.py:3239} INFO - Sync 1 DAGs
[2026-06-19T16:58:37.304+0000] {logging_mixin.py:190} INFO - [2026-06-19T16:58:37.304+0000] {dag.py:4180} INFO - Setting next_dagrun for example_local_kubernetes_executor to None, run_after=None
[2026-06-19T16:58:37.341+0000] {processor.py:208} INFO - Processing /home/airflow/.local/lib/python3.12/site-packages/airflow/example_dags/example_local_kubernetes_executor.py took 0.144 seconds
[2026-06-19T16:59:07.926+0000] {processor.py:186} INFO - Started process (PID=2137) to work on /home/airflow/.local/lib/python3.12/site-packages/airflow/example_dags/example_local_kubernetes_executor.py
[2026-06-19T16:59:07.929+0000] {processor.py:914} INFO - Processing file /home/airflow/.local/lib/python3.12/site-packages/airflow/example_dags/example_local_kubernetes_executor.py for tasks to queue
[2026-06-19T16:59:07.934+0000] {logging_mixin.py:190} INFO - [2026-06-19T16:59:07.933+0000] {dagbag.py:588} INFO - Filling up the DagBag from /home/airflow/.local/lib/python3.12/site-packages/airflow/example_dags/example_local_kubernetes_executor.py
[2026-06-19T16:59:07.947+0000] {processor.py:925} INFO - DAG(s) 'example_local_kubernetes_executor' retrieved from /home/airflow/.local/lib/python3.12/site-packages/airflow/example_dags/example_local_kubernetes_executor.py
[2026-06-19T16:59:07.972+0000] {logging_mixin.py:190} INFO - [2026-06-19T16:59:07.971+0000] {dag.py:3239} INFO - Sync 1 DAGs
[2026-06-19T16:59:07.994+0000] {logging_mixin.py:190} INFO - [2026-06-19T16:59:07.994+0000] {dag.py:4180} INFO - Setting next_dagrun for example_local_kubernetes_executor to None, run_after=None
[2026-06-19T16:59:08.016+0000] {processor.py:208} INFO - Processing /home/airflow/.local/lib/python3.12/site-packages/airflow/example_dags/example_local_kubernetes_executor.py took 0.098 seconds
[2026-06-19T16:59:38.227+0000] {processor.py:186} INFO - Started process (PID=2201) to work on /home/airflow/.local/lib/python3.12/site-packages/airflow/example_dags/example_local_kubernetes_executor.py
[2026-06-19T16:59:38.233+0000] {processor.py:914} INFO - Processing file /home/airflow/.local/lib/python3.12/site-packages/airflow/example_dags/example_local_kubernetes_executor.py for tasks to queue
[2026-06-19T16:59:38.248+0000] {logging_mixin.py:190} INFO - [2026-06-19T16:59:38.245+0000] {dagbag.py:588} INFO - Filling up the DagBag from /home/airflow/.local/lib/python3.12/site-packages/airflow/example_dags/example_local_kubernetes_executor.py
[2026-06-19T16:59:38.292+0000] {processor.py:925} INFO - DAG(s) 'example_local_kubernetes_executor' retrieved from /home/airflow/.local/lib/python3.12/site-packages/airflow/example_dags/example_local_kubernetes_executor.py
[2026-06-19T16:59:38.367+0000] {logging_mixin.py:190} INFO - [2026-06-19T16:59:38.366+0000] {dag.py:3239} INFO - Sync 1 DAGs
[2026-06-19T16:59:38.422+0000] {logging_mixin.py:190} INFO - [2026-06-19T16:59:38.421+0000] {dag.py:4180} INFO - Setting next_dagrun for example_local_kubernetes_executor to None, run_after=None
[2026-06-19T16:59:38.477+0000] {processor.py:208} INFO - Processing /home/airflow/.local/lib/python3.12/site-packages/airflow/example_dags/example_local_kubernetes_executor.py took 0.273 seconds
[2026-06-19T17:00:09.103+0000] {processor.py:186} INFO - Started process (PID=2265) to work on /home/airflow/.local/lib/python3.12/site-packages/airflow/example_dags/example_local_kubernetes_executor.py
[2026-06-19T17:00:09.119+0000] {processor.py:914} INFO - Processing file /home/airflow/.local/lib/python3.12/site-packages/airflow/example_dags/example_local_kubernetes_executor.py for tasks to queue
[2026-06-19T17:00:09.123+0000] {logging_mixin.py:190} INFO - [2026-06-19T17:00:09.123+0000] {dagbag.py:588} INFO - Filling up the DagBag from /home/airflow/.local/lib/python3.12/site-packages/airflow/example_dags/example_local_kubernetes_executor.py
[2026-06-19T17:00:09.139+0000] {processor.py:925} INFO - DAG(s) 'example_local_kubernetes_executor' retrieved from /home/airflow/.local/lib/python3.12/site-packages/airflow/example_dags/example_local_kubernetes_executor.py
[2026-06-19T17:00:09.167+0000] {logging_mixin.py:190} INFO - [2026-06-19T17:00:09.167+0000] {dag.py:3239} INFO - Sync 1 DAGs
[2026-06-19T17:00:09.189+0000] {logging_mixin.py:190} INFO - [2026-06-19T17:00:09.189+0000] {dag.py:4180} INFO - Setting next_dagrun for example_local_kubernetes_executor to None, run_after=None
[2026-06-19T17:00:09.229+0000] {processor.py:208} INFO - Processing /home/airflow/.local/lib/python3.12/site-packages/airflow/example_dags/example_local_kubernetes_executor.py took 0.137 seconds
[2026-06-19T17:00:39.750+0000] {processor.py:186} INFO - Started process (PID=2328) to work on /home/airflow/.local/lib/python3.12/site-packages/airflow/example_dags/example_local_kubernetes_executor.py
[2026-06-19T17:00:39.765+0000] {processor.py:914} INFO - Processing file /home/airflow/.local/lib/python3.12/site-packages/airflow/example_dags/example_local_kubernetes_executor.py for tasks to queue
[2026-06-19T17:00:39.772+0000] {logging_mixin.py:190} INFO - [2026-06-19T17:00:39.771+0000] {dagbag.py:588} INFO - Filling up the DagBag from /home/airflow/.local/lib/python3.12/site-packages/airflow/example_dags/example_local_kubernetes_executor.py
[2026-06-19T17:00:39.793+0000] {processor.py:925} INFO - DAG(s) 'example_local_kubernetes_executor' retrieved from /home/airflow/.local/lib/python3.12/site-packages/airflow/example_dags/example_local_kubernetes_executor.py
[2026-06-19T17:00:39.842+0000] {logging_mixin.py:190} INFO - [2026-06-19T17:00:39.841+0000] {dag.py:3239} INFO - Sync 1 DAGs
[2026-06-19T17:00:39.882+0000] {logging_mixin.py:190} INFO - [2026-06-19T17:00:39.881+0000] {dag.py:4180} INFO - Setting next_dagrun for example_local_kubernetes_executor to None, run_after=None
[2026-06-19T17:00:39.918+0000] {processor.py:208} INFO - Processing /home/airflow/.local/lib/python3.12/site-packages/airflow/example_dags/example_local_kubernetes_executor.py took 0.179 seconds
[2026-06-19T17:01:10.302+0000] {processor.py:186} INFO - Started process (PID=2392) to work on /home/airflow/.local/lib/python3.12/site-packages/airflow/example_dags/example_local_kubernetes_executor.py
[2026-06-19T17:01:10.304+0000] {processor.py:914} INFO - Processing file /home/airflow/.local/lib/python3.12/site-packages/airflow/example_dags/example_local_kubernetes_executor.py for tasks to queue
[2026-06-19T17:01:10.310+0000] {logging_mixin.py:190} INFO - [2026-06-19T17:01:10.309+0000] {dagbag.py:588} INFO - Filling up the DagBag from /home/airflow/.local/lib/python3.12/site-packages/airflow/example_dags/example_local_kubernetes_executor.py
[2026-06-19T17:01:10.330+0000] {processor.py:925} INFO - DAG(s) 'example_local_kubernetes_executor' retrieved from /home/airflow/.local/lib/python3.12/site-packages/airflow/example_dags/example_local_kubernetes_executor.py
[2026-06-19T17:01:10.371+0000] {logging_mixin.py:190} INFO - [2026-06-19T17:01:10.371+0000] {dag.py:3239} INFO - Sync 1 DAGs
[2026-06-19T17:01:10.404+0000] {logging_mixin.py:190} INFO - [2026-06-19T17:01:10.403+0000] {dag.py:4180} INFO - Setting next_dagrun for example_local_kubernetes_executor to None, run_after=None
[2026-06-19T17:01:10.435+0000] {processor.py:208} INFO - Processing /home/airflow/.local/lib/python3.12/site-packages/airflow/example_dags/example_local_kubernetes_executor.py took 0.143 seconds
[2026-06-19T17:01:40.717+0000] {processor.py:186} INFO - Started process (PID=2455) to work on /home/airflow/.local/lib/python3.12/site-packages/airflow/example_dags/example_local_kubernetes_executor.py
[2026-06-19T17:01:40.727+0000] {processor.py:914} INFO - Processing file /home/airflow/.local/lib/python3.12/site-packages/airflow/example_dags/example_local_kubernetes_executor.py for tasks to queue
[2026-06-19T17:01:40.742+0000] {logging_mixin.py:190} INFO - [2026-06-19T17:01:40.740+0000] {dagbag.py:588} INFO - Filling up the DagBag from /home/airflow/.local/lib/python3.12/site-packages/airflow/example_dags/example_local_kubernetes_executor.py
[2026-06-19T17:01:40.780+0000] {processor.py:925} INFO - DAG(s) 'example_local_kubernetes_executor' retrieved from /home/airflow/.local/lib/python3.12/site-packages/airflow/example_dags/example_local_kubernetes_executor.py
[2026-06-19T17:01:40.857+0000] {logging_mixin.py:190} INFO - [2026-06-19T17:01:40.856+0000] {dag.py:3239} INFO - Sync 1 DAGs
[2026-06-19T17:01:40.948+0000] {logging_mixin.py:190} INFO - [2026-06-19T17:01:40.948+0000] {dag.py:4180} INFO - Setting next_dagrun for example_local_kubernetes_executor to None, run_after=None
[2026-06-19T17:01:41.001+0000] {processor.py:208} INFO - Processing /home/airflow/.local/lib/python3.12/site-packages/airflow/example_dags/example_local_kubernetes_executor.py took 0.299 seconds
[2026-06-19T17:02:11.496+0000] {processor.py:186} INFO - Started process (PID=2519) to work on /home/airflow/.local/lib/python3.12/site-packages/airflow/example_dags/example_local_kubernetes_executor.py
[2026-06-19T17:02:11.501+0000] {processor.py:914} INFO - Processing file /home/airflow/.local/lib/python3.12/site-packages/airflow/example_dags/example_local_kubernetes_executor.py for tasks to queue
[2026-06-19T17:02:11.509+0000] {logging_mixin.py:190} INFO - [2026-06-19T17:02:11.508+0000] {dagbag.py:588} INFO - Filling up the DagBag from /home/airflow/.local/lib/python3.12/site-packages/airflow/example_dags/example_local_kubernetes_executor.py
[2026-06-19T17:02:11.534+0000] {processor.py:925} INFO - DAG(s) 'example_local_kubernetes_executor' retrieved from /home/airflow/.local/lib/python3.12/site-packages/airflow/example_dags/example_local_kubernetes_executor.py
[2026-06-19T17:02:11.593+0000] {logging_mixin.py:190} INFO - [2026-06-19T17:02:11.592+0000] {dag.py:3239} INFO - Sync 1 DAGs
[2026-06-19T17:02:11.632+0000] {logging_mixin.py:190} INFO - [2026-06-19T17:02:11.632+0000] {dag.py:4180} INFO - Setting next_dagrun for example_local_kubernetes_executor to None, run_after=None
[2026-06-19T17:02:11.673+0000] {processor.py:208} INFO - Processing /home/airflow/.local/lib/python3.12/site-packages/airflow/example_dags/example_local_kubernetes_executor.py took 0.191 seconds
[2026-06-19T17:02:41.852+0000] {processor.py:186} INFO - Started process (PID=2582) to work on /home/airflow/.local/lib/python3.12/site-packages/airflow/example_dags/example_local_kubernetes_executor.py
[2026-06-19T17:02:41.858+0000] {processor.py:914} INFO - Processing file /home/airflow/.local/lib/python3.12/site-packages/airflow/example_dags/example_local_kubernetes_executor.py for tasks to queue
[2026-06-19T17:02:41.872+0000] {logging_mixin.py:190} INFO - [2026-06-19T17:02:41.871+0000] {dagbag.py:588} INFO - Filling up the DagBag from /home/airflow/.local/lib/python3.12/site-packages/airflow/example_dags/example_local_kubernetes_executor.py
[2026-06-19T17:02:41.900+0000] {processor.py:925} INFO - DAG(s) 'example_local_kubernetes_executor' retrieved from /home/airflow/.local/lib/python3.12/site-packages/airflow/example_dags/example_local_kubernetes_executor.py
[2026-06-19T17:02:41.958+0000] {logging_mixin.py:190} INFO - [2026-06-19T17:02:41.957+0000] {dag.py:3239} INFO - Sync 1 DAGs
[2026-06-19T17:02:42.000+0000] {logging_mixin.py:190} INFO - [2026-06-19T17:02:42.000+0000] {dag.py:4180} INFO - Setting next_dagrun for example_local_kubernetes_executor to None, run_after=None
[2026-06-19T17:02:42.080+0000] {processor.py:208} INFO - Processing /home/airflow/.local/lib/python3.12/site-packages/airflow/example_dags/example_local_kubernetes_executor.py took 0.242 seconds
[2026-06-19T17:04:28.105+0000] {processor.py:186} INFO - Started process (PID=91) to work on /home/airflow/.local/lib/python3.12/site-packages/airflow/example_dags/example_local_kubernetes_executor.py
[2026-06-19T17:04:28.109+0000] {processor.py:914} INFO - Processing file /home/airflow/.local/lib/python3.12/site-packages/airflow/example_dags/example_local_kubernetes_executor.py for tasks to queue
[2026-06-19T17:04:28.114+0000] {logging_mixin.py:190} INFO - [2026-06-19T17:04:28.114+0000] {dagbag.py:588} INFO - Filling up the DagBag from /home/airflow/.local/lib/python3.12/site-packages/airflow/example_dags/example_local_kubernetes_executor.py
[2026-06-19T17:04:28.134+0000] {processor.py:925} INFO - DAG(s) 'example_local_kubernetes_executor' retrieved from /home/airflow/.local/lib/python3.12/site-packages/airflow/example_dags/example_local_kubernetes_executor.py
[2026-06-19T17:04:28.177+0000] {logging_mixin.py:190} INFO - [2026-06-19T17:04:28.176+0000] {dag.py:3239} INFO - Sync 1 DAGs
[2026-06-19T17:04:28.212+0000] {logging_mixin.py:190} INFO - [2026-06-19T17:04:28.212+0000] {dag.py:4180} INFO - Setting next_dagrun for example_local_kubernetes_executor to None, run_after=None
[2026-06-19T17:04:28.255+0000] {processor.py:208} INFO - Processing /home/airflow/.local/lib/python3.12/site-packages/airflow/example_dags/example_local_kubernetes_executor.py took 0.161 seconds
[2026-06-19T17:04:58.647+0000] {processor.py:186} INFO - Started process (PID=155) to work on /home/airflow/.local/lib/python3.12/site-packages/airflow/example_dags/example_local_kubernetes_executor.py
[2026-06-19T17:04:58.651+0000] {processor.py:914} INFO - Processing file /home/airflow/.local/lib/python3.12/site-packages/airflow/example_dags/example_local_kubernetes_executor.py for tasks to queue
[2026-06-19T17:04:58.659+0000] {logging_mixin.py:190} INFO - [2026-06-19T17:04:58.658+0000] {dagbag.py:588} INFO - Filling up the DagBag from /home/airflow/.local/lib/python3.12/site-packages/airflow/example_dags/example_local_kubernetes_executor.py
[2026-06-19T17:04:58.688+0000] {processor.py:925} INFO - DAG(s) 'example_local_kubernetes_executor' retrieved from /home/airflow/.local/lib/python3.12/site-packages/airflow/example_dags/example_local_kubernetes_executor.py
[2026-06-19T17:04:58.761+0000] {logging_mixin.py:190} INFO - [2026-06-19T17:04:58.760+0000] {dag.py:3239} INFO - Sync 1 DAGs
[2026-06-19T17:04:58.810+0000] {logging_mixin.py:190} INFO - [2026-06-19T17:04:58.809+0000] {dag.py:4180} INFO - Setting next_dagrun for example_local_kubernetes_executor to None, run_after=None
[2026-06-19T17:04:58.854+0000] {processor.py:208} INFO - Processing /home/airflow/.local/lib/python3.12/site-packages/airflow/example_dags/example_local_kubernetes_executor.py took 0.224 seconds
[2026-06-19T17:05:29.686+0000] {processor.py:186} INFO - Started process (PID=218) to work on /home/airflow/.local/lib/python3.12/site-packages/airflow/example_dags/example_local_kubernetes_executor.py
[2026-06-19T17:05:29.689+0000] {processor.py:914} INFO - Processing file /home/airflow/.local/lib/python3.12/site-packages/airflow/example_dags/example_local_kubernetes_executor.py for tasks to queue
[2026-06-19T17:05:29.693+0000] {logging_mixin.py:190} INFO - [2026-06-19T17:05:29.693+0000] {dagbag.py:588} INFO - Filling up the DagBag from /home/airflow/.local/lib/python3.12/site-packages/airflow/example_dags/example_local_kubernetes_executor.py
[2026-06-19T17:05:29.705+0000] {processor.py:925} INFO - DAG(s) 'example_local_kubernetes_executor' retrieved from /home/airflow/.local/lib/python3.12/site-packages/airflow/example_dags/example_local_kubernetes_executor.py
[2026-06-19T17:05:29.727+0000] {logging_mixin.py:190} INFO - [2026-06-19T17:05:29.727+0000] {dag.py:3239} INFO - Sync 1 DAGs
[2026-06-19T17:05:29.742+0000] {logging_mixin.py:190} INFO - [2026-06-19T17:05:29.742+0000] {dag.py:4180} INFO - Setting next_dagrun for example_local_kubernetes_executor to None, run_after=None
[2026-06-19T17:05:29.761+0000] {processor.py:208} INFO - Processing /home/airflow/.local/lib/python3.12/site-packages/airflow/example_dags/example_local_kubernetes_executor.py took 0.082 seconds
[2026-06-19T17:06:01.650+0000] {processor.py:186} INFO - Started process (PID=282) to work on /home/airflow/.local/lib/python3.12/site-packages/airflow/example_dags/example_local_kubernetes_executor.py
[2026-06-19T17:06:01.662+0000] {processor.py:914} INFO - Processing file /home/airflow/.local/lib/python3.12/site-packages/airflow/example_dags/example_local_kubernetes_executor.py for tasks to queue
[2026-06-19T17:06:01.673+0000] {logging_mixin.py:190} INFO - [2026-06-19T17:06:01.672+0000] {dagbag.py:588} INFO - Filling up the DagBag from /home/airflow/.local/lib/python3.12/site-packages/airflow/example_dags/example_local_kubernetes_executor.py
[2026-06-19T17:06:01.717+0000] {processor.py:925} INFO - DAG(s) 'example_local_kubernetes_executor' retrieved from /home/airflow/.local/lib/python3.12/site-packages/airflow/example_dags/example_local_kubernetes_executor.py
[2026-06-19T17:06:01.826+0000] {logging_mixin.py:190} INFO - [2026-06-19T17:06:01.825+0000] {dag.py:3239} INFO - Sync 1 DAGs
[2026-06-19T17:06:01.904+0000] {logging_mixin.py:190} INFO - [2026-06-19T17:06:01.904+0000] {dag.py:4180} INFO - Setting next_dagrun for example_local_kubernetes_executor to None, run_after=None
[2026-06-19T17:06:01.975+0000] {processor.py:208} INFO - Processing /home/airflow/.local/lib/python3.12/site-packages/airflow/example_dags/example_local_kubernetes_executor.py took 0.351 seconds
[2026-06-19T17:08:02.251+0000] {processor.py:186} INFO - Started process (PID=91) to work on /home/airflow/.local/lib/python3.12/site-packages/airflow/example_dags/example_local_kubernetes_executor.py
[2026-06-19T17:08:02.257+0000] {processor.py:914} INFO - Processing file /home/airflow/.local/lib/python3.12/site-packages/airflow/example_dags/example_local_kubernetes_executor.py for tasks to queue
[2026-06-19T17:08:02.264+0000] {logging_mixin.py:190} INFO - [2026-06-19T17:08:02.264+0000] {dagbag.py:588} INFO - Filling up the DagBag from /home/airflow/.local/lib/python3.12/site-packages/airflow/example_dags/example_local_kubernetes_executor.py
[2026-06-19T17:08:02.290+0000] {processor.py:925} INFO - DAG(s) 'example_local_kubernetes_executor' retrieved from /home/airflow/.local/lib/python3.12/site-packages/airflow/example_dags/example_local_kubernetes_executor.py
[2026-06-19T17:08:02.344+0000] {logging_mixin.py:190} INFO - [2026-06-19T17:08:02.344+0000] {dag.py:3239} INFO - Sync 1 DAGs
[2026-06-19T17:08:02.381+0000] {logging_mixin.py:190} INFO - [2026-06-19T17:08:02.380+0000] {dag.py:4180} INFO - Setting next_dagrun for example_local_kubernetes_executor to None, run_after=None
[2026-06-19T17:08:02.416+0000] {processor.py:208} INFO - Processing /home/airflow/.local/lib/python3.12/site-packages/airflow/example_dags/example_local_kubernetes_executor.py took 0.182 seconds
[2026-06-19T17:08:32.586+0000] {processor.py:186} INFO - Started process (PID=154) to work on /home/airflow/.local/lib/python3.12/site-packages/airflow/example_dags/example_local_kubernetes_executor.py
[2026-06-19T17:08:32.590+0000] {processor.py:914} INFO - Processing file /home/airflow/.local/lib/python3.12/site-packages/airflow/example_dags/example_local_kubernetes_executor.py for tasks to queue
[2026-06-19T17:08:32.594+0000] {logging_mixin.py:190} INFO - [2026-06-19T17:08:32.594+0000] {dagbag.py:588} INFO - Filling up the DagBag from /home/airflow/.local/lib/python3.12/site-packages/airflow/example_dags/example_local_kubernetes_executor.py
[2026-06-19T17:08:32.608+0000] {processor.py:925} INFO - DAG(s) 'example_local_kubernetes_executor' retrieved from /home/airflow/.local/lib/python3.12/site-packages/airflow/example_dags/example_local_kubernetes_executor.py
[2026-06-19T17:08:32.635+0000] {logging_mixin.py:190} INFO - [2026-06-19T17:08:32.635+0000] {dag.py:3239} INFO - Sync 1 DAGs
[2026-06-19T17:08:32.659+0000] {logging_mixin.py:190} INFO - [2026-06-19T17:08:32.659+0000] {dag.py:4180} INFO - Setting next_dagrun for example_local_kubernetes_executor to None, run_after=None
[2026-06-19T17:08:32.685+0000] {processor.py:208} INFO - Processing /home/airflow/.local/lib/python3.12/site-packages/airflow/example_dags/example_local_kubernetes_executor.py took 0.107 seconds
[2026-06-19T17:09:03.398+0000] {processor.py:186} INFO - Started process (PID=218) to work on /home/airflow/.local/lib/python3.12/site-packages/airflow/example_dags/example_local_kubernetes_executor.py
[2026-06-19T17:09:03.401+0000] {processor.py:914} INFO - Processing file /home/airflow/.local/lib/python3.12/site-packages/airflow/example_dags/example_local_kubernetes_executor.py for tasks to queue
[2026-06-19T17:09:03.404+0000] {logging_mixin.py:190} INFO - [2026-06-19T17:09:03.404+0000] {dagbag.py:588} INFO - Filling up the DagBag from /home/airflow/.local/lib/python3.12/site-packages/airflow/example_dags/example_local_kubernetes_executor.py
[2026-06-19T17:09:03.414+0000] {processor.py:925} INFO - DAG(s) 'example_local_kubernetes_executor' retrieved from /home/airflow/.local/lib/python3.12/site-packages/airflow/example_dags/example_local_kubernetes_executor.py
[2026-06-19T17:09:03.434+0000] {logging_mixin.py:190} INFO - [2026-06-19T17:09:03.434+0000] {dag.py:3239} INFO - Sync 1 DAGs
[2026-06-19T17:09:03.453+0000] {logging_mixin.py:190} INFO - [2026-06-19T17:09:03.453+0000] {dag.py:4180} INFO - Setting next_dagrun for example_local_kubernetes_executor to None, run_after=None
[2026-06-19T17:09:03.472+0000] {processor.py:208} INFO - Processing /home/airflow/.local/lib/python3.12/site-packages/airflow/example_dags/example_local_kubernetes_executor.py took 0.079 seconds
[2026-06-19T17:09:34.773+0000] {processor.py:186} INFO - Started process (PID=282) to work on /home/airflow/.local/lib/python3.12/site-packages/airflow/example_dags/example_local_kubernetes_executor.py
[2026-06-19T17:09:34.782+0000] {processor.py:914} INFO - Processing file /home/airflow/.local/lib/python3.12/site-packages/airflow/example_dags/example_local_kubernetes_executor.py for tasks to queue
[2026-06-19T17:09:34.802+0000] {logging_mixin.py:190} INFO - [2026-06-19T17:09:34.801+0000] {dagbag.py:588} INFO - Filling up the DagBag from /home/airflow/.local/lib/python3.12/site-packages/airflow/example_dags/example_local_kubernetes_executor.py
[2026-06-19T17:09:34.855+0000] {processor.py:925} INFO - DAG(s) 'example_local_kubernetes_executor' retrieved from /home/airflow/.local/lib/python3.12/site-packages/airflow/example_dags/example_local_kubernetes_executor.py
[2026-06-19T17:09:34.967+0000] {logging_mixin.py:190} INFO - [2026-06-19T17:09:34.966+0000] {dag.py:3239} INFO - Sync 1 DAGs
[2026-06-19T17:09:35.042+0000] {logging_mixin.py:190} INFO - [2026-06-19T17:09:35.041+0000] {dag.py:4180} INFO - Setting next_dagrun for example_local_kubernetes_executor to None, run_after=None
[2026-06-19T17:09:35.129+0000] {processor.py:208} INFO - Processing /home/airflow/.local/lib/python3.12/site-packages/airflow/example_dags/example_local_kubernetes_executor.py took 0.409 seconds
[2026-06-19T17:10:05.784+0000] {processor.py:186} INFO - Started process (PID=346) to work on /home/airflow/.local/lib/python3.12/site-packages/airflow/example_dags/example_local_kubernetes_executor.py
[2026-06-19T17:10:05.849+0000] {processor.py:914} INFO - Processing file /home/airflow/.local/lib/python3.12/site-packages/airflow/example_dags/example_local_kubernetes_executor.py for tasks to queue
[2026-06-19T17:10:05.932+0000] {logging_mixin.py:190} INFO - [2026-06-19T17:10:05.931+0000] {dagbag.py:588} INFO - Filling up the DagBag from /home/airflow/.local/lib/python3.12/site-packages/airflow/example_dags/example_local_kubernetes_executor.py
[2026-06-19T17:10:06.068+0000] {processor.py:925} INFO - DAG(s) 'example_local_kubernetes_executor' retrieved from /home/airflow/.local/lib/python3.12/site-packages/airflow/example_dags/example_local_kubernetes_executor.py
[2026-06-19T17:10:06.293+0000] {logging_mixin.py:190} INFO - [2026-06-19T17:10:06.292+0000] {dag.py:3239} INFO - Sync 1 DAGs
[2026-06-19T17:10:06.409+0000] {logging_mixin.py:190} INFO - [2026-06-19T17:10:06.408+0000] {dag.py:4180} INFO - Setting next_dagrun for example_local_kubernetes_executor to None, run_after=None
[2026-06-19T17:10:06.536+0000] {processor.py:208} INFO - Processing /home/airflow/.local/lib/python3.12/site-packages/airflow/example_dags/example_local_kubernetes_executor.py took 0.804 seconds
[2026-06-19T17:10:36.865+0000] {processor.py:186} INFO - Started process (PID=411) to work on /home/airflow/.local/lib/python3.12/site-packages/airflow/example_dags/example_local_kubernetes_executor.py
[2026-06-19T17:10:36.880+0000] {processor.py:914} INFO - Processing file /home/airflow/.local/lib/python3.12/site-packages/airflow/example_dags/example_local_kubernetes_executor.py for tasks to queue
[2026-06-19T17:10:36.885+0000] {logging_mixin.py:190} INFO - [2026-06-19T17:10:36.884+0000] {dagbag.py:588} INFO - Filling up the DagBag from /home/airflow/.local/lib/python3.12/site-packages/airflow/example_dags/example_local_kubernetes_executor.py
[2026-06-19T17:10:36.903+0000] {processor.py:925} INFO - DAG(s) 'example_local_kubernetes_executor' retrieved from /home/airflow/.local/lib/python3.12/site-packages/airflow/example_dags/example_local_kubernetes_executor.py
[2026-06-19T17:10:36.929+0000] {logging_mixin.py:190} INFO - [2026-06-19T17:10:36.929+0000] {dag.py:3239} INFO - Sync 1 DAGs
[2026-06-19T17:10:36.950+0000] {logging_mixin.py:190} INFO - [2026-06-19T17:10:36.950+0000] {dag.py:4180} INFO - Setting next_dagrun for example_local_kubernetes_executor to None, run_after=None
[2026-06-19T17:10:36.974+0000] {processor.py:208} INFO - Processing /home/airflow/.local/lib/python3.12/site-packages/airflow/example_dags/example_local_kubernetes_executor.py took 0.118 seconds
[2026-06-19T17:11:07.169+0000] {processor.py:186} INFO - Started process (PID=475) to work on /home/airflow/.local/lib/python3.12/site-packages/airflow/example_dags/example_local_kubernetes_executor.py
[2026-06-19T17:11:07.172+0000] {processor.py:914} INFO - Processing file /home/airflow/.local/lib/python3.12/site-packages/airflow/example_dags/example_local_kubernetes_executor.py for tasks to queue
[2026-06-19T17:11:07.178+0000] {logging_mixin.py:190} INFO - [2026-06-19T17:11:07.177+0000] {dagbag.py:588} INFO - Filling up the DagBag from /home/airflow/.local/lib/python3.12/site-packages/airflow/example_dags/example_local_kubernetes_executor.py
[2026-06-19T17:11:07.196+0000] {processor.py:925} INFO - DAG(s) 'example_local_kubernetes_executor' retrieved from /home/airflow/.local/lib/python3.12/site-packages/airflow/example_dags/example_local_kubernetes_executor.py
[2026-06-19T17:11:07.229+0000] {logging_mixin.py:190} INFO - [2026-06-19T17:11:07.228+0000] {dag.py:3239} INFO - Sync 1 DAGs
[2026-06-19T17:11:07.249+0000] {logging_mixin.py:190} INFO - [2026-06-19T17:11:07.249+0000] {dag.py:4180} INFO - Setting next_dagrun for example_local_kubernetes_executor to None, run_after=None
[2026-06-19T17:11:07.279+0000] {processor.py:208} INFO - Processing /home/airflow/.local/lib/python3.12/site-packages/airflow/example_dags/example_local_kubernetes_executor.py took 0.120 seconds
[2026-06-19T17:11:38.167+0000] {processor.py:186} INFO - Started process (PID=545) to work on /home/airflow/.local/lib/python3.12/site-packages/airflow/example_dags/example_local_kubernetes_executor.py
[2026-06-19T17:11:38.170+0000] {processor.py:914} INFO - Processing file /home/airflow/.local/lib/python3.12/site-packages/airflow/example_dags/example_local_kubernetes_executor.py for tasks to queue
[2026-06-19T17:11:38.175+0000] {logging_mixin.py:190} INFO - [2026-06-19T17:11:38.174+0000] {dagbag.py:588} INFO - Filling up the DagBag from /home/airflow/.local/lib/python3.12/site-packages/airflow/example_dags/example_local_kubernetes_executor.py
[2026-06-19T17:11:38.186+0000] {processor.py:925} INFO - DAG(s) 'example_local_kubernetes_executor' retrieved from /home/airflow/.local/lib/python3.12/site-packages/airflow/example_dags/example_local_kubernetes_executor.py
[2026-06-19T17:11:38.208+0000] {logging_mixin.py:190} INFO - [2026-06-19T17:11:38.208+0000] {dag.py:3239} INFO - Sync 1 DAGs
[2026-06-19T17:11:38.223+0000] {logging_mixin.py:190} INFO - [2026-06-19T17:11:38.223+0000] {dag.py:4180} INFO - Setting next_dagrun for example_local_kubernetes_executor to None, run_after=None
[2026-06-19T17:11:38.252+0000] {processor.py:208} INFO - Processing /home/airflow/.local/lib/python3.12/site-packages/airflow/example_dags/example_local_kubernetes_executor.py took 0.092 seconds
[2026-06-19T17:12:09.305+0000] {processor.py:186} INFO - Started process (PID=609) to work on /home/airflow/.local/lib/python3.12/site-packages/airflow/example_dags/example_local_kubernetes_executor.py
[2026-06-19T17:12:09.312+0000] {processor.py:914} INFO - Processing file /home/airflow/.local/lib/python3.12/site-packages/airflow/example_dags/example_local_kubernetes_executor.py for tasks to queue
[2026-06-19T17:12:09.325+0000] {logging_mixin.py:190} INFO - [2026-06-19T17:12:09.324+0000] {dagbag.py:588} INFO - Filling up the DagBag from /home/airflow/.local/lib/python3.12/site-packages/airflow/example_dags/example_local_kubernetes_executor.py
[2026-06-19T17:12:09.375+0000] {processor.py:925} INFO - DAG(s) 'example_local_kubernetes_executor' retrieved from /home/airflow/.local/lib/python3.12/site-packages/airflow/example_dags/example_local_kubernetes_executor.py
[2026-06-19T17:12:09.487+0000] {logging_mixin.py:190} INFO - [2026-06-19T17:12:09.486+0000] {dag.py:3239} INFO - Sync 1 DAGs
[2026-06-19T17:12:09.552+0000] {logging_mixin.py:190} INFO - [2026-06-19T17:12:09.551+0000] {dag.py:4180} INFO - Setting next_dagrun for example_local_kubernetes_executor to None, run_after=None
[2026-06-19T17:12:09.616+0000] {processor.py:208} INFO - Processing /home/airflow/.local/lib/python3.12/site-packages/airflow/example_dags/example_local_kubernetes_executor.py took 0.325 seconds
[2026-06-19T17:12:40.402+0000] {processor.py:186} INFO - Started process (PID=673) to work on /home/airflow/.local/lib/python3.12/site-packages/airflow/example_dags/example_local_kubernetes_executor.py
[2026-06-19T17:12:40.410+0000] {processor.py:914} INFO - Processing file /home/airflow/.local/lib/python3.12/site-packages/airflow/example_dags/example_local_kubernetes_executor.py for tasks to queue
[2026-06-19T17:12:40.422+0000] {logging_mixin.py:190} INFO - [2026-06-19T17:12:40.421+0000] {dagbag.py:588} INFO - Filling up the DagBag from /home/airflow/.local/lib/python3.12/site-packages/airflow/example_dags/example_local_kubernetes_executor.py
[2026-06-19T17:12:40.495+0000] {processor.py:925} INFO - DAG(s) 'example_local_kubernetes_executor' retrieved from /home/airflow/.local/lib/python3.12/site-packages/airflow/example_dags/example_local_kubernetes_executor.py
[2026-06-19T17:12:40.617+0000] {logging_mixin.py:190} INFO - [2026-06-19T17:12:40.617+0000] {dag.py:3239} INFO - Sync 1 DAGs
[2026-06-19T17:12:40.686+0000] {logging_mixin.py:190} INFO - [2026-06-19T17:12:40.685+0000] {dag.py:4180} INFO - Setting next_dagrun for example_local_kubernetes_executor to None, run_after=None
[2026-06-19T17:12:40.757+0000] {processor.py:208} INFO - Processing /home/airflow/.local/lib/python3.12/site-packages/airflow/example_dags/example_local_kubernetes_executor.py took 0.380 seconds
[2026-06-19T17:13:11.054+0000] {processor.py:186} INFO - Started process (PID=737) to work on /home/airflow/.local/lib/python3.12/site-packages/airflow/example_dags/example_local_kubernetes_executor.py
[2026-06-19T17:13:11.057+0000] {processor.py:914} INFO - Processing file /home/airflow/.local/lib/python3.12/site-packages/airflow/example_dags/example_local_kubernetes_executor.py for tasks to queue
[2026-06-19T17:13:11.062+0000] {logging_mixin.py:190} INFO - [2026-06-19T17:13:11.061+0000] {dagbag.py:588} INFO - Filling up the DagBag from /home/airflow/.local/lib/python3.12/site-packages/airflow/example_dags/example_local_kubernetes_executor.py
[2026-06-19T17:13:11.082+0000] {processor.py:925} INFO - DAG(s) 'example_local_kubernetes_executor' retrieved from /home/airflow/.local/lib/python3.12/site-packages/airflow/example_dags/example_local_kubernetes_executor.py
[2026-06-19T17:13:11.118+0000] {logging_mixin.py:190} INFO - [2026-06-19T17:13:11.117+0000] {dag.py:3239} INFO - Sync 1 DAGs
[2026-06-19T17:13:11.143+0000] {logging_mixin.py:190} INFO - [2026-06-19T17:13:11.142+0000] {dag.py:4180} INFO - Setting next_dagrun for example_local_kubernetes_executor to None, run_after=None
[2026-06-19T17:13:11.174+0000] {processor.py:208} INFO - Processing /home/airflow/.local/lib/python3.12/site-packages/airflow/example_dags/example_local_kubernetes_executor.py took 0.130 seconds
[2026-06-19T17:13:48.159+0000] {processor.py:186} INFO - Started process (PID=801) to work on /home/airflow/.local/lib/python3.12/site-packages/airflow/example_dags/example_local_kubernetes_executor.py
[2026-06-19T17:13:48.169+0000] {processor.py:914} INFO - Processing file /home/airflow/.local/lib/python3.12/site-packages/airflow/example_dags/example_local_kubernetes_executor.py for tasks to queue
[2026-06-19T17:13:48.185+0000] {logging_mixin.py:190} INFO - [2026-06-19T17:13:48.184+0000] {dagbag.py:588} INFO - Filling up the DagBag from /home/airflow/.local/lib/python3.12/site-packages/airflow/example_dags/example_local_kubernetes_executor.py
[2026-06-19T17:13:48.264+0000] {processor.py:925} INFO - DAG(s) 'example_local_kubernetes_executor' retrieved from /home/airflow/.local/lib/python3.12/site-packages/airflow/example_dags/example_local_kubernetes_executor.py
[2026-06-19T17:13:48.404+0000] {logging_mixin.py:190} INFO - [2026-06-19T17:13:48.404+0000] {dag.py:3239} INFO - Sync 1 DAGs
[2026-06-19T17:13:48.512+0000] {logging_mixin.py:190} INFO - [2026-06-19T17:13:48.511+0000] {dag.py:4180} INFO - Setting next_dagrun for example_local_kubernetes_executor to None, run_after=None
[2026-06-19T17:13:48.625+0000] {processor.py:208} INFO - Processing /home/airflow/.local/lib/python3.12/site-packages/airflow/example_dags/example_local_kubernetes_executor.py took 0.505 seconds
[2026-06-19T17:14:19.933+0000] {processor.py:186} INFO - Started process (PID=865) to work on /home/airflow/.local/lib/python3.12/site-packages/airflow/example_dags/example_local_kubernetes_executor.py
[2026-06-19T17:14:19.940+0000] {processor.py:914} INFO - Processing file /home/airflow/.local/lib/python3.12/site-packages/airflow/example_dags/example_local_kubernetes_executor.py for tasks to queue
[2026-06-19T17:14:19.948+0000] {logging_mixin.py:190} INFO - [2026-06-19T17:14:19.947+0000] {dagbag.py:588} INFO - Filling up the DagBag from /home/airflow/.local/lib/python3.12/site-packages/airflow/example_dags/example_local_kubernetes_executor.py
[2026-06-19T17:14:19.985+0000] {processor.py:925} INFO - DAG(s) 'example_local_kubernetes_executor' retrieved from /home/airflow/.local/lib/python3.12/site-packages/airflow/example_dags/example_local_kubernetes_executor.py
[2026-06-19T17:14:20.047+0000] {logging_mixin.py:190} INFO - [2026-06-19T17:14:20.047+0000] {dag.py:3239} INFO - Sync 1 DAGs
[2026-06-19T17:14:20.095+0000] {logging_mixin.py:190} INFO - [2026-06-19T17:14:20.095+0000] {dag.py:4180} INFO - Setting next_dagrun for example_local_kubernetes_executor to None, run_after=None
[2026-06-19T17:14:20.145+0000] {processor.py:208} INFO - Processing /home/airflow/.local/lib/python3.12/site-packages/airflow/example_dags/example_local_kubernetes_executor.py took 0.232 seconds
[2026-06-19T17:14:51.944+0000] {processor.py:186} INFO - Started process (PID=928) to work on /home/airflow/.local/lib/python3.12/site-packages/airflow/example_dags/example_local_kubernetes_executor.py
[2026-06-19T17:14:51.948+0000] {processor.py:914} INFO - Processing file /home/airflow/.local/lib/python3.12/site-packages/airflow/example_dags/example_local_kubernetes_executor.py for tasks to queue
[2026-06-19T17:14:51.958+0000] {logging_mixin.py:190} INFO - [2026-06-19T17:14:51.957+0000] {dagbag.py:588} INFO - Filling up the DagBag from /home/airflow/.local/lib/python3.12/site-packages/airflow/example_dags/example_local_kubernetes_executor.py
[2026-06-19T17:14:51.989+0000] {processor.py:925} INFO - DAG(s) 'example_local_kubernetes_executor' retrieved from /home/airflow/.local/lib/python3.12/site-packages/airflow/example_dags/example_local_kubernetes_executor.py
[2026-06-19T17:14:52.046+0000] {logging_mixin.py:190} INFO - [2026-06-19T17:14:52.046+0000] {dag.py:3239} INFO - Sync 1 DAGs
[2026-06-19T17:14:52.089+0000] {logging_mixin.py:190} INFO - [2026-06-19T17:14:52.088+0000] {dag.py:4180} INFO - Setting next_dagrun for example_local_kubernetes_executor to None, run_after=None
[2026-06-19T17:14:52.150+0000] {processor.py:208} INFO - Processing /home/airflow/.local/lib/python3.12/site-packages/airflow/example_dags/example_local_kubernetes_executor.py took 0.220 seconds
[2026-06-19T17:15:22.398+0000] {processor.py:186} INFO - Started process (PID=992) to work on /home/airflow/.local/lib/python3.12/site-packages/airflow/example_dags/example_local_kubernetes_executor.py
[2026-06-19T17:15:22.401+0000] {processor.py:914} INFO - Processing file /home/airflow/.local/lib/python3.12/site-packages/airflow/example_dags/example_local_kubernetes_executor.py for tasks to queue
[2026-06-19T17:15:22.409+0000] {logging_mixin.py:190} INFO - [2026-06-19T17:15:22.408+0000] {dagbag.py:588} INFO - Filling up the DagBag from /home/airflow/.local/lib/python3.12/site-packages/airflow/example_dags/example_local_kubernetes_executor.py
[2026-06-19T17:15:22.439+0000] {processor.py:925} INFO - DAG(s) 'example_local_kubernetes_executor' retrieved from /home/airflow/.local/lib/python3.12/site-packages/airflow/example_dags/example_local_kubernetes_executor.py
[2026-06-19T17:15:22.497+0000] {logging_mixin.py:190} INFO - [2026-06-19T17:15:22.497+0000] {dag.py:3239} INFO - Sync 1 DAGs
[2026-06-19T17:15:22.547+0000] {logging_mixin.py:190} INFO - [2026-06-19T17:15:22.546+0000] {dag.py:4180} INFO - Setting next_dagrun for example_local_kubernetes_executor to None, run_after=None
[2026-06-19T17:15:22.593+0000] {processor.py:208} INFO - Processing /home/airflow/.local/lib/python3.12/site-packages/airflow/example_dags/example_local_kubernetes_executor.py took 0.211 seconds
[2026-06-19T17:15:54.548+0000] {processor.py:186} INFO - Started process (PID=1056) to work on /home/airflow/.local/lib/python3.12/site-packages/airflow/example_dags/example_local_kubernetes_executor.py
[2026-06-19T17:15:54.558+0000] {processor.py:914} INFO - Processing file /home/airflow/.local/lib/python3.12/site-packages/airflow/example_dags/example_local_kubernetes_executor.py for tasks to queue
[2026-06-19T17:15:54.570+0000] {logging_mixin.py:190} INFO - [2026-06-19T17:15:54.568+0000] {dagbag.py:588} INFO - Filling up the DagBag from /home/airflow/.local/lib/python3.12/site-packages/airflow/example_dags/example_local_kubernetes_executor.py
[2026-06-19T17:15:54.620+0000] {processor.py:925} INFO - DAG(s) 'example_local_kubernetes_executor' retrieved from /home/airflow/.local/lib/python3.12/site-packages/airflow/example_dags/example_local_kubernetes_executor.py
[2026-06-19T17:15:54.714+0000] {logging_mixin.py:190} INFO - [2026-06-19T17:15:54.713+0000] {dag.py:3239} INFO - Sync 1 DAGs
[2026-06-19T17:15:54.791+0000] {logging_mixin.py:190} INFO - [2026-06-19T17:15:54.790+0000] {dag.py:4180} INFO - Setting next_dagrun for example_local_kubernetes_executor to None, run_after=None
[2026-06-19T17:15:54.873+0000] {processor.py:208} INFO - Processing /home/airflow/.local/lib/python3.12/site-packages/airflow/example_dags/example_local_kubernetes_executor.py took 0.350 seconds
[2026-06-19T17:16:25.131+0000] {processor.py:186} INFO - Started process (PID=1121) to work on /home/airflow/.local/lib/python3.12/site-packages/airflow/example_dags/example_local_kubernetes_executor.py
[2026-06-19T17:16:25.135+0000] {processor.py:914} INFO - Processing file /home/airflow/.local/lib/python3.12/site-packages/airflow/example_dags/example_local_kubernetes_executor.py for tasks to queue
[2026-06-19T17:16:25.143+0000] {logging_mixin.py:190} INFO - [2026-06-19T17:16:25.142+0000] {dagbag.py:588} INFO - Filling up the DagBag from /home/airflow/.local/lib/python3.12/site-packages/airflow/example_dags/example_local_kubernetes_executor.py
[2026-06-19T17:16:25.185+0000] {processor.py:925} INFO - DAG(s) 'example_local_kubernetes_executor' retrieved from /home/airflow/.local/lib/python3.12/site-packages/airflow/example_dags/example_local_kubernetes_executor.py
[2026-06-19T17:16:25.306+0000] {logging_mixin.py:190} INFO - [2026-06-19T17:16:25.305+0000] {dag.py:3239} INFO - Sync 1 DAGs
[2026-06-19T17:16:25.474+0000] {logging_mixin.py:190} INFO - [2026-06-19T17:16:25.473+0000] {dag.py:4180} INFO - Setting next_dagrun for example_local_kubernetes_executor to None, run_after=None
[2026-06-19T17:16:25.545+0000] {processor.py:208} INFO - Processing /home/airflow/.local/lib/python3.12/site-packages/airflow/example_dags/example_local_kubernetes_executor.py took 0.428 seconds
[2026-06-19T17:16:56.109+0000] {processor.py:186} INFO - Started process (PID=1185) to work on /home/airflow/.local/lib/python3.12/site-packages/airflow/example_dags/example_local_kubernetes_executor.py
[2026-06-19T17:16:56.114+0000] {processor.py:914} INFO - Processing file /home/airflow/.local/lib/python3.12/site-packages/airflow/example_dags/example_local_kubernetes_executor.py for tasks to queue
[2026-06-19T17:16:56.123+0000] {logging_mixin.py:190} INFO - [2026-06-19T17:16:56.121+0000] {dagbag.py:588} INFO - Filling up the DagBag from /home/airflow/.local/lib/python3.12/site-packages/airflow/example_dags/example_local_kubernetes_executor.py
[2026-06-19T17:16:56.146+0000] {processor.py:925} INFO - DAG(s) 'example_local_kubernetes_executor' retrieved from /home/airflow/.local/lib/python3.12/site-packages/airflow/example_dags/example_local_kubernetes_executor.py
[2026-06-19T17:16:56.187+0000] {logging_mixin.py:190} INFO - [2026-06-19T17:16:56.186+0000] {dag.py:3239} INFO - Sync 1 DAGs
[2026-06-19T17:16:56.228+0000] {logging_mixin.py:190} INFO - [2026-06-19T17:16:56.227+0000] {dag.py:4180} INFO - Setting next_dagrun for example_local_kubernetes_executor to None, run_after=None
[2026-06-19T17:16:56.279+0000] {processor.py:208} INFO - Processing /home/airflow/.local/lib/python3.12/site-packages/airflow/example_dags/example_local_kubernetes_executor.py took 0.183 seconds
[2026-06-19T17:17:26.595+0000] {processor.py:186} INFO - Started process (PID=1249) to work on /home/airflow/.local/lib/python3.12/site-packages/airflow/example_dags/example_local_kubernetes_executor.py
[2026-06-19T17:17:26.600+0000] {processor.py:914} INFO - Processing file /home/airflow/.local/lib/python3.12/site-packages/airflow/example_dags/example_local_kubernetes_executor.py for tasks to queue
[2026-06-19T17:17:26.608+0000] {logging_mixin.py:190} INFO - [2026-06-19T17:17:26.607+0000] {dagbag.py:588} INFO - Filling up the DagBag from /home/airflow/.local/lib/python3.12/site-packages/airflow/example_dags/example_local_kubernetes_executor.py
[2026-06-19T17:17:26.636+0000] {processor.py:925} INFO - DAG(s) 'example_local_kubernetes_executor' retrieved from /home/airflow/.local/lib/python3.12/site-packages/airflow/example_dags/example_local_kubernetes_executor.py
[2026-06-19T17:17:26.687+0000] {logging_mixin.py:190} INFO - [2026-06-19T17:17:26.687+0000] {dag.py:3239} INFO - Sync 1 DAGs
[2026-06-19T17:17:26.718+0000] {logging_mixin.py:190} INFO - [2026-06-19T17:17:26.717+0000] {dag.py:4180} INFO - Setting next_dagrun for example_local_kubernetes_executor to None, run_after=None
[2026-06-19T17:17:26.758+0000] {processor.py:208} INFO - Processing /home/airflow/.local/lib/python3.12/site-packages/airflow/example_dags/example_local_kubernetes_executor.py took 0.181 seconds
[2026-06-19T17:17:58.356+0000] {processor.py:186} INFO - Started process (PID=1313) to work on /home/airflow/.local/lib/python3.12/site-packages/airflow/example_dags/example_local_kubernetes_executor.py
[2026-06-19T17:17:58.361+0000] {processor.py:914} INFO - Processing file /home/airflow/.local/lib/python3.12/site-packages/airflow/example_dags/example_local_kubernetes_executor.py for tasks to queue
[2026-06-19T17:17:58.369+0000] {logging_mixin.py:190} INFO - [2026-06-19T17:17:58.369+0000] {dagbag.py:588} INFO - Filling up the DagBag from /home/airflow/.local/lib/python3.12/site-packages/airflow/example_dags/example_local_kubernetes_executor.py
[2026-06-19T17:17:58.394+0000] {processor.py:925} INFO - DAG(s) 'example_local_kubernetes_executor' retrieved from /home/airflow/.local/lib/python3.12/site-packages/airflow/example_dags/example_local_kubernetes_executor.py
[2026-06-19T17:17:58.447+0000] {logging_mixin.py:190} INFO - [2026-06-19T17:17:58.446+0000] {dag.py:3239} INFO - Sync 1 DAGs
[2026-06-19T17:17:58.482+0000] {logging_mixin.py:190} INFO - [2026-06-19T17:17:58.482+0000] {dag.py:4180} INFO - Setting next_dagrun for example_local_kubernetes_executor to None, run_after=None
[2026-06-19T17:17:58.522+0000] {processor.py:208} INFO - Processing /home/airflow/.local/lib/python3.12/site-packages/airflow/example_dags/example_local_kubernetes_executor.py took 0.184 seconds
