[2026-06-19T16:38:41.304+0000] {processor.py:186} INFO - Started process (PID=68) to work on /home/airflow/.local/lib/python3.12/site-packages/airflow/example_dags/example_branch_python_dop_operator_3.py
[2026-06-19T16:38:41.311+0000] {processor.py:914} INFO - Processing file /home/airflow/.local/lib/python3.12/site-packages/airflow/example_dags/example_branch_python_dop_operator_3.py for tasks to queue
[2026-06-19T16:38:41.318+0000] {logging_mixin.py:190} INFO - [2026-06-19T16:38:41.317+0000] {dagbag.py:588} INFO - Filling up the DagBag from /home/airflow/.local/lib/python3.12/site-packages/airflow/example_dags/example_branch_python_dop_operator_3.py
[2026-06-19T16:38:41.343+0000] {processor.py:925} INFO - DAG(s) 'example_branch_dop_operator_v3' retrieved from /home/airflow/.local/lib/python3.12/site-packages/airflow/example_dags/example_branch_python_dop_operator_3.py
[2026-06-19T16:38:41.400+0000] {logging_mixin.py:190} INFO - [2026-06-19T16:38:41.399+0000] {dag.py:3239} INFO - Sync 1 DAGs
[2026-06-19T16:38:41.455+0000] {logging_mixin.py:190} INFO - [2026-06-19T16:38:41.454+0000] {dag.py:4180} INFO - Setting next_dagrun for example_branch_dop_operator_v3 to 2026-06-19 16:37:00+00:00, run_after=2026-06-19 16:38:00+00:00
[2026-06-19T16:38:41.498+0000] {processor.py:208} INFO - Processing /home/airflow/.local/lib/python3.12/site-packages/airflow/example_dags/example_branch_python_dop_operator_3.py took 0.209 seconds
[2026-06-19T16:39:11.646+0000] {processor.py:186} INFO - Started process (PID=132) to work on /home/airflow/.local/lib/python3.12/site-packages/airflow/example_dags/example_branch_python_dop_operator_3.py
[2026-06-19T16:39:11.648+0000] {processor.py:914} INFO - Processing file /home/airflow/.local/lib/python3.12/site-packages/airflow/example_dags/example_branch_python_dop_operator_3.py for tasks to queue
[2026-06-19T16:39:11.652+0000] {logging_mixin.py:190} INFO - [2026-06-19T16:39:11.652+0000] {dagbag.py:588} INFO - Filling up the DagBag from /home/airflow/.local/lib/python3.12/site-packages/airflow/example_dags/example_branch_python_dop_operator_3.py
[2026-06-19T16:39:11.667+0000] {processor.py:925} INFO - DAG(s) 'example_branch_dop_operator_v3' retrieved from /home/airflow/.local/lib/python3.12/site-packages/airflow/example_dags/example_branch_python_dop_operator_3.py
[2026-06-19T16:39:11.694+0000] {logging_mixin.py:190} INFO - [2026-06-19T16:39:11.693+0000] {dag.py:3239} INFO - Sync 1 DAGs
[2026-06-19T16:39:11.734+0000] {logging_mixin.py:190} INFO - [2026-06-19T16:39:11.734+0000] {dag.py:4180} INFO - Setting next_dagrun for example_branch_dop_operator_v3 to 2026-06-19 16:38:00+00:00, run_after=2026-06-19 16:39:00+00:00
[2026-06-19T16:39:11.757+0000] {processor.py:208} INFO - Processing /home/airflow/.local/lib/python3.12/site-packages/airflow/example_dags/example_branch_python_dop_operator_3.py took 0.120 seconds
[2026-06-19T16:39:42.476+0000] {processor.py:186} INFO - Started process (PID=196) to work on /home/airflow/.local/lib/python3.12/site-packages/airflow/example_dags/example_branch_python_dop_operator_3.py
[2026-06-19T16:39:42.480+0000] {processor.py:914} INFO - Processing file /home/airflow/.local/lib/python3.12/site-packages/airflow/example_dags/example_branch_python_dop_operator_3.py for tasks to queue
[2026-06-19T16:39:42.488+0000] {logging_mixin.py:190} INFO - [2026-06-19T16:39:42.487+0000] {dagbag.py:588} INFO - Filling up the DagBag from /home/airflow/.local/lib/python3.12/site-packages/airflow/example_dags/example_branch_python_dop_operator_3.py
[2026-06-19T16:39:42.512+0000] {processor.py:925} INFO - DAG(s) 'example_branch_dop_operator_v3' retrieved from /home/airflow/.local/lib/python3.12/site-packages/airflow/example_dags/example_branch_python_dop_operator_3.py
[2026-06-19T16:39:42.562+0000] {logging_mixin.py:190} INFO - [2026-06-19T16:39:42.561+0000] {dag.py:3239} INFO - Sync 1 DAGs
[2026-06-19T16:39:42.637+0000] {logging_mixin.py:190} INFO - [2026-06-19T16:39:42.636+0000] {dag.py:4180} INFO - Setting next_dagrun for example_branch_dop_operator_v3 to 2026-06-19 16:38:00+00:00, run_after=2026-06-19 16:39:00+00:00
[2026-06-19T16:39:42.676+0000] {processor.py:208} INFO - Processing /home/airflow/.local/lib/python3.12/site-packages/airflow/example_dags/example_branch_python_dop_operator_3.py took 0.218 seconds
[2026-06-19T16:41:51.423+0000] {processor.py:186} INFO - Started process (PID=73) to work on /home/airflow/.local/lib/python3.12/site-packages/airflow/example_dags/example_branch_python_dop_operator_3.py
[2026-06-19T16:41:51.435+0000] {processor.py:914} INFO - Processing file /home/airflow/.local/lib/python3.12/site-packages/airflow/example_dags/example_branch_python_dop_operator_3.py for tasks to queue
[2026-06-19T16:41:51.461+0000] {logging_mixin.py:190} INFO - [2026-06-19T16:41:51.460+0000] {dagbag.py:588} INFO - Filling up the DagBag from /home/airflow/.local/lib/python3.12/site-packages/airflow/example_dags/example_branch_python_dop_operator_3.py
[2026-06-19T16:41:51.571+0000] {processor.py:925} INFO - DAG(s) 'example_branch_dop_operator_v3' retrieved from /home/airflow/.local/lib/python3.12/site-packages/airflow/example_dags/example_branch_python_dop_operator_3.py
[2026-06-19T16:41:51.712+0000] {logging_mixin.py:190} INFO - [2026-06-19T16:41:51.711+0000] {dag.py:3239} INFO - Sync 1 DAGs
[2026-06-19T16:41:51.797+0000] {logging_mixin.py:190} INFO - [2026-06-19T16:41:51.797+0000] {dag.py:4180} INFO - Setting next_dagrun for example_branch_dop_operator_v3 to 2026-06-19 16:40:00+00:00, run_after=2026-06-19 16:41:00+00:00
[2026-06-19T16:41:51.884+0000] {processor.py:208} INFO - Processing /home/airflow/.local/lib/python3.12/site-packages/airflow/example_dags/example_branch_python_dop_operator_3.py took 0.512 seconds
[2026-06-19T16:42:26.839+0000] {processor.py:186} INFO - Started process (PID=144) to work on /home/airflow/.local/lib/python3.12/site-packages/airflow/example_dags/example_branch_python_dop_operator_3.py
[2026-06-19T16:42:26.846+0000] {processor.py:914} INFO - Processing file /home/airflow/.local/lib/python3.12/site-packages/airflow/example_dags/example_branch_python_dop_operator_3.py for tasks to queue
[2026-06-19T16:42:26.867+0000] {logging_mixin.py:190} INFO - [2026-06-19T16:42:26.865+0000] {dagbag.py:588} INFO - Filling up the DagBag from /home/airflow/.local/lib/python3.12/site-packages/airflow/example_dags/example_branch_python_dop_operator_3.py
[2026-06-19T16:42:26.958+0000] {processor.py:925} INFO - DAG(s) 'example_branch_dop_operator_v3' retrieved from /home/airflow/.local/lib/python3.12/site-packages/airflow/example_dags/example_branch_python_dop_operator_3.py
[2026-06-19T16:42:27.106+0000] {logging_mixin.py:190} INFO - [2026-06-19T16:42:27.105+0000] {dag.py:3239} INFO - Sync 1 DAGs
[2026-06-19T16:42:27.330+0000] {logging_mixin.py:190} INFO - [2026-06-19T16:42:27.328+0000] {dag.py:4180} INFO - Setting next_dagrun for example_branch_dop_operator_v3 to 2026-06-19 16:41:00+00:00, run_after=2026-06-19 16:42:00+00:00
[2026-06-19T16:42:27.429+0000] {processor.py:208} INFO - Processing /home/airflow/.local/lib/python3.12/site-packages/airflow/example_dags/example_branch_python_dop_operator_3.py took 0.630 seconds
[2026-06-19T16:43:07.211+0000] {processor.py:186} INFO - Started process (PID=189) to work on /home/airflow/.local/lib/python3.12/site-packages/airflow/example_dags/example_branch_python_dop_operator_3.py
[2026-06-19T16:43:07.236+0000] {processor.py:914} INFO - Processing file /home/airflow/.local/lib/python3.12/site-packages/airflow/example_dags/example_branch_python_dop_operator_3.py for tasks to queue
[2026-06-19T16:43:07.267+0000] {logging_mixin.py:190} INFO - [2026-06-19T16:43:07.266+0000] {dagbag.py:588} INFO - Filling up the DagBag from /home/airflow/.local/lib/python3.12/site-packages/airflow/example_dags/example_branch_python_dop_operator_3.py
[2026-06-19T16:43:07.480+0000] {processor.py:925} INFO - DAG(s) 'example_branch_dop_operator_v3' retrieved from /home/airflow/.local/lib/python3.12/site-packages/airflow/example_dags/example_branch_python_dop_operator_3.py
[2026-06-19T16:43:07.757+0000] {logging_mixin.py:190} INFO - [2026-06-19T16:43:07.756+0000] {dag.py:3239} INFO - Sync 1 DAGs
[2026-06-19T16:43:08.197+0000] {logging_mixin.py:190} INFO - [2026-06-19T16:43:08.197+0000] {dag.py:4180} INFO - Setting next_dagrun for example_branch_dop_operator_v3 to 2026-06-19 16:42:00+00:00, run_after=2026-06-19 16:43:00+00:00
[2026-06-19T16:43:08.564+0000] {processor.py:208} INFO - Processing /home/airflow/.local/lib/python3.12/site-packages/airflow/example_dags/example_branch_python_dop_operator_3.py took 1.437 seconds
[2026-06-19T16:43:43.043+0000] {processor.py:186} INFO - Started process (PID=244) to work on /home/airflow/.local/lib/python3.12/site-packages/airflow/example_dags/example_branch_python_dop_operator_3.py
[2026-06-19T16:43:43.048+0000] {processor.py:914} INFO - Processing file /home/airflow/.local/lib/python3.12/site-packages/airflow/example_dags/example_branch_python_dop_operator_3.py for tasks to queue
[2026-06-19T16:43:43.072+0000] {logging_mixin.py:190} INFO - [2026-06-19T16:43:43.071+0000] {dagbag.py:588} INFO - Filling up the DagBag from /home/airflow/.local/lib/python3.12/site-packages/airflow/example_dags/example_branch_python_dop_operator_3.py
[2026-06-19T16:43:43.128+0000] {processor.py:925} INFO - DAG(s) 'example_branch_dop_operator_v3' retrieved from /home/airflow/.local/lib/python3.12/site-packages/airflow/example_dags/example_branch_python_dop_operator_3.py
[2026-06-19T16:43:43.219+0000] {logging_mixin.py:190} INFO - [2026-06-19T16:43:43.218+0000] {dag.py:3239} INFO - Sync 1 DAGs
[2026-06-19T16:43:43.358+0000] {logging_mixin.py:190} INFO - [2026-06-19T16:43:43.358+0000] {dag.py:4180} INFO - Setting next_dagrun for example_branch_dop_operator_v3 to 2026-06-19 16:42:00+00:00, run_after=2026-06-19 16:43:00+00:00
[2026-06-19T16:43:43.450+0000] {processor.py:208} INFO - Processing /home/airflow/.local/lib/python3.12/site-packages/airflow/example_dags/example_branch_python_dop_operator_3.py took 0.432 seconds
[2026-06-19T16:44:19.585+0000] {processor.py:186} INFO - Started process (PID=302) to work on /home/airflow/.local/lib/python3.12/site-packages/airflow/example_dags/example_branch_python_dop_operator_3.py
[2026-06-19T16:44:19.591+0000] {processor.py:914} INFO - Processing file /home/airflow/.local/lib/python3.12/site-packages/airflow/example_dags/example_branch_python_dop_operator_3.py for tasks to queue
[2026-06-19T16:44:19.620+0000] {logging_mixin.py:190} INFO - [2026-06-19T16:44:19.618+0000] {dagbag.py:588} INFO - Filling up the DagBag from /home/airflow/.local/lib/python3.12/site-packages/airflow/example_dags/example_branch_python_dop_operator_3.py
[2026-06-19T16:44:19.732+0000] {processor.py:925} INFO - DAG(s) 'example_branch_dop_operator_v3' retrieved from /home/airflow/.local/lib/python3.12/site-packages/airflow/example_dags/example_branch_python_dop_operator_3.py
[2026-06-19T16:44:19.873+0000] {logging_mixin.py:190} INFO - [2026-06-19T16:44:19.872+0000] {dag.py:3239} INFO - Sync 1 DAGs
[2026-06-19T16:44:19.996+0000] {logging_mixin.py:190} INFO - [2026-06-19T16:44:19.995+0000] {dag.py:4180} INFO - Setting next_dagrun for example_branch_dop_operator_v3 to 2026-06-19 16:43:00+00:00, run_after=2026-06-19 16:44:00+00:00
[2026-06-19T16:44:20.084+0000] {processor.py:208} INFO - Processing /home/airflow/.local/lib/python3.12/site-packages/airflow/example_dags/example_branch_python_dop_operator_3.py took 0.563 seconds
[2026-06-19T16:44:50.220+0000] {processor.py:186} INFO - Started process (PID=365) to work on /home/airflow/.local/lib/python3.12/site-packages/airflow/example_dags/example_branch_python_dop_operator_3.py
[2026-06-19T16:44:50.227+0000] {processor.py:914} INFO - Processing file /home/airflow/.local/lib/python3.12/site-packages/airflow/example_dags/example_branch_python_dop_operator_3.py for tasks to queue
[2026-06-19T16:44:50.253+0000] {logging_mixin.py:190} INFO - [2026-06-19T16:44:50.252+0000] {dagbag.py:588} INFO - Filling up the DagBag from /home/airflow/.local/lib/python3.12/site-packages/airflow/example_dags/example_branch_python_dop_operator_3.py
[2026-06-19T16:44:50.322+0000] {processor.py:925} INFO - DAG(s) 'example_branch_dop_operator_v3' retrieved from /home/airflow/.local/lib/python3.12/site-packages/airflow/example_dags/example_branch_python_dop_operator_3.py
[2026-06-19T16:44:50.404+0000] {logging_mixin.py:190} INFO - [2026-06-19T16:44:50.404+0000] {dag.py:3239} INFO - Sync 1 DAGs
[2026-06-19T16:44:50.501+0000] {logging_mixin.py:190} INFO - [2026-06-19T16:44:50.501+0000] {dag.py:4180} INFO - Setting next_dagrun for example_branch_dop_operator_v3 to 2026-06-19 16:43:00+00:00, run_after=2026-06-19 16:44:00+00:00
[2026-06-19T16:44:50.566+0000] {processor.py:208} INFO - Processing /home/airflow/.local/lib/python3.12/site-packages/airflow/example_dags/example_branch_python_dop_operator_3.py took 0.375 seconds
[2026-06-19T16:45:20.939+0000] {processor.py:186} INFO - Started process (PID=429) to work on /home/airflow/.local/lib/python3.12/site-packages/airflow/example_dags/example_branch_python_dop_operator_3.py
[2026-06-19T16:45:20.944+0000] {processor.py:914} INFO - Processing file /home/airflow/.local/lib/python3.12/site-packages/airflow/example_dags/example_branch_python_dop_operator_3.py for tasks to queue
[2026-06-19T16:45:20.956+0000] {logging_mixin.py:190} INFO - [2026-06-19T16:45:20.955+0000] {dagbag.py:588} INFO - Filling up the DagBag from /home/airflow/.local/lib/python3.12/site-packages/airflow/example_dags/example_branch_python_dop_operator_3.py
[2026-06-19T16:45:20.995+0000] {processor.py:925} INFO - DAG(s) 'example_branch_dop_operator_v3' retrieved from /home/airflow/.local/lib/python3.12/site-packages/airflow/example_dags/example_branch_python_dop_operator_3.py
[2026-06-19T16:45:21.077+0000] {logging_mixin.py:190} INFO - [2026-06-19T16:45:21.076+0000] {dag.py:3239} INFO - Sync 1 DAGs
[2026-06-19T16:45:21.166+0000] {logging_mixin.py:190} INFO - [2026-06-19T16:45:21.166+0000] {dag.py:4180} INFO - Setting next_dagrun for example_branch_dop_operator_v3 to 2026-06-19 16:44:00+00:00, run_after=2026-06-19 16:45:00+00:00
[2026-06-19T16:45:21.235+0000] {processor.py:208} INFO - Processing /home/airflow/.local/lib/python3.12/site-packages/airflow/example_dags/example_branch_python_dop_operator_3.py took 0.313 seconds
[2026-06-19T16:45:52.039+0000] {processor.py:186} INFO - Started process (PID=493) to work on /home/airflow/.local/lib/python3.12/site-packages/airflow/example_dags/example_branch_python_dop_operator_3.py
[2026-06-19T16:45:52.044+0000] {processor.py:914} INFO - Processing file /home/airflow/.local/lib/python3.12/site-packages/airflow/example_dags/example_branch_python_dop_operator_3.py for tasks to queue
[2026-06-19T16:45:52.051+0000] {logging_mixin.py:190} INFO - [2026-06-19T16:45:52.050+0000] {dagbag.py:588} INFO - Filling up the DagBag from /home/airflow/.local/lib/python3.12/site-packages/airflow/example_dags/example_branch_python_dop_operator_3.py
[2026-06-19T16:45:52.078+0000] {processor.py:925} INFO - DAG(s) 'example_branch_dop_operator_v3' retrieved from /home/airflow/.local/lib/python3.12/site-packages/airflow/example_dags/example_branch_python_dop_operator_3.py
[2026-06-19T16:45:52.123+0000] {logging_mixin.py:190} INFO - [2026-06-19T16:45:52.122+0000] {dag.py:3239} INFO - Sync 1 DAGs
[2026-06-19T16:45:52.187+0000] {logging_mixin.py:190} INFO - [2026-06-19T16:45:52.186+0000] {dag.py:4180} INFO - Setting next_dagrun for example_branch_dop_operator_v3 to 2026-06-19 16:44:00+00:00, run_after=2026-06-19 16:45:00+00:00
[2026-06-19T16:45:52.249+0000] {processor.py:208} INFO - Processing /home/airflow/.local/lib/python3.12/site-packages/airflow/example_dags/example_branch_python_dop_operator_3.py took 0.226 seconds
[2026-06-19T16:46:22.590+0000] {processor.py:186} INFO - Started process (PID=557) to work on /home/airflow/.local/lib/python3.12/site-packages/airflow/example_dags/example_branch_python_dop_operator_3.py
[2026-06-19T16:46:22.595+0000] {processor.py:914} INFO - Processing file /home/airflow/.local/lib/python3.12/site-packages/airflow/example_dags/example_branch_python_dop_operator_3.py for tasks to queue
[2026-06-19T16:46:22.604+0000] {logging_mixin.py:190} INFO - [2026-06-19T16:46:22.603+0000] {dagbag.py:588} INFO - Filling up the DagBag from /home/airflow/.local/lib/python3.12/site-packages/airflow/example_dags/example_branch_python_dop_operator_3.py
[2026-06-19T16:46:22.634+0000] {processor.py:925} INFO - DAG(s) 'example_branch_dop_operator_v3' retrieved from /home/airflow/.local/lib/python3.12/site-packages/airflow/example_dags/example_branch_python_dop_operator_3.py
[2026-06-19T16:46:22.693+0000] {logging_mixin.py:190} INFO - [2026-06-19T16:46:22.693+0000] {dag.py:3239} INFO - Sync 1 DAGs
[2026-06-19T16:46:22.811+0000] {logging_mixin.py:190} INFO - [2026-06-19T16:46:22.810+0000] {dag.py:4180} INFO - Setting next_dagrun for example_branch_dop_operator_v3 to 2026-06-19 16:45:00+00:00, run_after=2026-06-19 16:46:00+00:00
[2026-06-19T16:46:22.883+0000] {processor.py:208} INFO - Processing /home/airflow/.local/lib/python3.12/site-packages/airflow/example_dags/example_branch_python_dop_operator_3.py took 0.310 seconds
[2026-06-19T16:46:55.853+0000] {processor.py:186} INFO - Started process (PID=620) to work on /home/airflow/.local/lib/python3.12/site-packages/airflow/example_dags/example_branch_python_dop_operator_3.py
[2026-06-19T16:46:55.859+0000] {processor.py:914} INFO - Processing file /home/airflow/.local/lib/python3.12/site-packages/airflow/example_dags/example_branch_python_dop_operator_3.py for tasks to queue
[2026-06-19T16:46:55.869+0000] {logging_mixin.py:190} INFO - [2026-06-19T16:46:55.868+0000] {dagbag.py:588} INFO - Filling up the DagBag from /home/airflow/.local/lib/python3.12/site-packages/airflow/example_dags/example_branch_python_dop_operator_3.py
[2026-06-19T16:46:55.925+0000] {processor.py:925} INFO - DAG(s) 'example_branch_dop_operator_v3' retrieved from /home/airflow/.local/lib/python3.12/site-packages/airflow/example_dags/example_branch_python_dop_operator_3.py
[2026-06-19T16:46:56.054+0000] {logging_mixin.py:190} INFO - [2026-06-19T16:46:56.053+0000] {dag.py:3239} INFO - Sync 1 DAGs
[2026-06-19T16:46:56.225+0000] {logging_mixin.py:190} INFO - [2026-06-19T16:46:56.225+0000] {dag.py:4180} INFO - Setting next_dagrun for example_branch_dop_operator_v3 to 2026-06-19 16:45:00+00:00, run_after=2026-06-19 16:46:00+00:00
[2026-06-19T16:46:56.376+0000] {processor.py:208} INFO - Processing /home/airflow/.local/lib/python3.12/site-packages/airflow/example_dags/example_branch_python_dop_operator_3.py took 0.553 seconds
[2026-06-19T16:47:27.363+0000] {processor.py:186} INFO - Started process (PID=684) to work on /home/airflow/.local/lib/python3.12/site-packages/airflow/example_dags/example_branch_python_dop_operator_3.py
[2026-06-19T16:47:27.367+0000] {processor.py:914} INFO - Processing file /home/airflow/.local/lib/python3.12/site-packages/airflow/example_dags/example_branch_python_dop_operator_3.py for tasks to queue
[2026-06-19T16:47:27.376+0000] {logging_mixin.py:190} INFO - [2026-06-19T16:47:27.375+0000] {dagbag.py:588} INFO - Filling up the DagBag from /home/airflow/.local/lib/python3.12/site-packages/airflow/example_dags/example_branch_python_dop_operator_3.py
[2026-06-19T16:47:27.406+0000] {processor.py:925} INFO - DAG(s) 'example_branch_dop_operator_v3' retrieved from /home/airflow/.local/lib/python3.12/site-packages/airflow/example_dags/example_branch_python_dop_operator_3.py
[2026-06-19T16:47:27.461+0000] {logging_mixin.py:190} INFO - [2026-06-19T16:47:27.460+0000] {dag.py:3239} INFO - Sync 1 DAGs
[2026-06-19T16:47:27.527+0000] {logging_mixin.py:190} INFO - [2026-06-19T16:47:27.527+0000] {dag.py:4180} INFO - Setting next_dagrun for example_branch_dop_operator_v3 to 2026-06-19 16:46:00+00:00, run_after=2026-06-19 16:47:00+00:00
[2026-06-19T16:47:27.582+0000] {processor.py:208} INFO - Processing /home/airflow/.local/lib/python3.12/site-packages/airflow/example_dags/example_branch_python_dop_operator_3.py took 0.237 seconds
[2026-06-19T16:47:57.799+0000] {processor.py:186} INFO - Started process (PID=747) to work on /home/airflow/.local/lib/python3.12/site-packages/airflow/example_dags/example_branch_python_dop_operator_3.py
[2026-06-19T16:47:57.807+0000] {processor.py:914} INFO - Processing file /home/airflow/.local/lib/python3.12/site-packages/airflow/example_dags/example_branch_python_dop_operator_3.py for tasks to queue
[2026-06-19T16:47:57.816+0000] {logging_mixin.py:190} INFO - [2026-06-19T16:47:57.814+0000] {dagbag.py:588} INFO - Filling up the DagBag from /home/airflow/.local/lib/python3.12/site-packages/airflow/example_dags/example_branch_python_dop_operator_3.py
[2026-06-19T16:47:57.871+0000] {processor.py:925} INFO - DAG(s) 'example_branch_dop_operator_v3' retrieved from /home/airflow/.local/lib/python3.12/site-packages/airflow/example_dags/example_branch_python_dop_operator_3.py
[2026-06-19T16:47:57.966+0000] {logging_mixin.py:190} INFO - [2026-06-19T16:47:57.965+0000] {dag.py:3239} INFO - Sync 1 DAGs
[2026-06-19T16:47:58.089+0000] {logging_mixin.py:190} INFO - [2026-06-19T16:47:58.086+0000] {dag.py:4180} INFO - Setting next_dagrun for example_branch_dop_operator_v3 to 2026-06-19 16:46:00+00:00, run_after=2026-06-19 16:47:00+00:00
[2026-06-19T16:47:58.446+0000] {processor.py:208} INFO - Processing /home/airflow/.local/lib/python3.12/site-packages/airflow/example_dags/example_branch_python_dop_operator_3.py took 0.668 seconds
[2026-06-19T16:48:28.680+0000] {processor.py:186} INFO - Started process (PID=811) to work on /home/airflow/.local/lib/python3.12/site-packages/airflow/example_dags/example_branch_python_dop_operator_3.py
[2026-06-19T16:48:28.694+0000] {processor.py:914} INFO - Processing file /home/airflow/.local/lib/python3.12/site-packages/airflow/example_dags/example_branch_python_dop_operator_3.py for tasks to queue
[2026-06-19T16:48:28.703+0000] {logging_mixin.py:190} INFO - [2026-06-19T16:48:28.702+0000] {dagbag.py:588} INFO - Filling up the DagBag from /home/airflow/.local/lib/python3.12/site-packages/airflow/example_dags/example_branch_python_dop_operator_3.py
[2026-06-19T16:48:28.785+0000] {processor.py:925} INFO - DAG(s) 'example_branch_dop_operator_v3' retrieved from /home/airflow/.local/lib/python3.12/site-packages/airflow/example_dags/example_branch_python_dop_operator_3.py
[2026-06-19T16:48:28.876+0000] {logging_mixin.py:190} INFO - [2026-06-19T16:48:28.875+0000] {dag.py:3239} INFO - Sync 1 DAGs
[2026-06-19T16:48:29.018+0000] {logging_mixin.py:190} INFO - [2026-06-19T16:48:29.017+0000] {dag.py:4180} INFO - Setting next_dagrun for example_branch_dop_operator_v3 to 2026-06-19 16:47:00+00:00, run_after=2026-06-19 16:48:00+00:00
[2026-06-19T16:48:29.149+0000] {processor.py:208} INFO - Processing /home/airflow/.local/lib/python3.12/site-packages/airflow/example_dags/example_branch_python_dop_operator_3.py took 0.492 seconds
[2026-06-19T16:48:59.649+0000] {processor.py:186} INFO - Started process (PID=875) to work on /home/airflow/.local/lib/python3.12/site-packages/airflow/example_dags/example_branch_python_dop_operator_3.py
[2026-06-19T16:48:59.662+0000] {processor.py:914} INFO - Processing file /home/airflow/.local/lib/python3.12/site-packages/airflow/example_dags/example_branch_python_dop_operator_3.py for tasks to queue
[2026-06-19T16:48:59.699+0000] {logging_mixin.py:190} INFO - [2026-06-19T16:48:59.697+0000] {dagbag.py:588} INFO - Filling up the DagBag from /home/airflow/.local/lib/python3.12/site-packages/airflow/example_dags/example_branch_python_dop_operator_3.py
[2026-06-19T16:48:59.769+0000] {processor.py:925} INFO - DAG(s) 'example_branch_dop_operator_v3' retrieved from /home/airflow/.local/lib/python3.12/site-packages/airflow/example_dags/example_branch_python_dop_operator_3.py
[2026-06-19T16:48:59.856+0000] {logging_mixin.py:190} INFO - [2026-06-19T16:48:59.855+0000] {dag.py:3239} INFO - Sync 1 DAGs
[2026-06-19T16:49:00.009+0000] {logging_mixin.py:190} INFO - [2026-06-19T16:49:00.008+0000] {dag.py:4180} INFO - Setting next_dagrun for example_branch_dop_operator_v3 to 2026-06-19 16:47:00+00:00, run_after=2026-06-19 16:48:00+00:00
[2026-06-19T16:49:00.098+0000] {processor.py:208} INFO - Processing /home/airflow/.local/lib/python3.12/site-packages/airflow/example_dags/example_branch_python_dop_operator_3.py took 0.519 seconds
[2026-06-19T16:49:30.450+0000] {processor.py:186} INFO - Started process (PID=946) to work on /home/airflow/.local/lib/python3.12/site-packages/airflow/example_dags/example_branch_python_dop_operator_3.py
[2026-06-19T16:49:30.455+0000] {processor.py:914} INFO - Processing file /home/airflow/.local/lib/python3.12/site-packages/airflow/example_dags/example_branch_python_dop_operator_3.py for tasks to queue
[2026-06-19T16:49:30.470+0000] {logging_mixin.py:190} INFO - [2026-06-19T16:49:30.469+0000] {dagbag.py:588} INFO - Filling up the DagBag from /home/airflow/.local/lib/python3.12/site-packages/airflow/example_dags/example_branch_python_dop_operator_3.py
[2026-06-19T16:49:30.520+0000] {processor.py:925} INFO - DAG(s) 'example_branch_dop_operator_v3' retrieved from /home/airflow/.local/lib/python3.12/site-packages/airflow/example_dags/example_branch_python_dop_operator_3.py
[2026-06-19T16:49:30.604+0000] {logging_mixin.py:190} INFO - [2026-06-19T16:49:30.603+0000] {dag.py:3239} INFO - Sync 1 DAGs
[2026-06-19T16:49:30.712+0000] {logging_mixin.py:190} INFO - [2026-06-19T16:49:30.712+0000] {dag.py:4180} INFO - Setting next_dagrun for example_branch_dop_operator_v3 to 2026-06-19 16:48:00+00:00, run_after=2026-06-19 16:49:00+00:00
[2026-06-19T16:49:30.792+0000] {processor.py:208} INFO - Processing /home/airflow/.local/lib/python3.12/site-packages/airflow/example_dags/example_branch_python_dop_operator_3.py took 0.368 seconds
[2026-06-19T16:50:01.196+0000] {processor.py:186} INFO - Started process (PID=1010) to work on /home/airflow/.local/lib/python3.12/site-packages/airflow/example_dags/example_branch_python_dop_operator_3.py
[2026-06-19T16:50:01.205+0000] {processor.py:914} INFO - Processing file /home/airflow/.local/lib/python3.12/site-packages/airflow/example_dags/example_branch_python_dop_operator_3.py for tasks to queue
[2026-06-19T16:50:01.211+0000] {logging_mixin.py:190} INFO - [2026-06-19T16:50:01.210+0000] {dagbag.py:588} INFO - Filling up the DagBag from /home/airflow/.local/lib/python3.12/site-packages/airflow/example_dags/example_branch_python_dop_operator_3.py
[2026-06-19T16:50:01.230+0000] {processor.py:925} INFO - DAG(s) 'example_branch_dop_operator_v3' retrieved from /home/airflow/.local/lib/python3.12/site-packages/airflow/example_dags/example_branch_python_dop_operator_3.py
[2026-06-19T16:50:01.263+0000] {logging_mixin.py:190} INFO - [2026-06-19T16:50:01.263+0000] {dag.py:3239} INFO - Sync 1 DAGs
[2026-06-19T16:50:01.306+0000] {logging_mixin.py:190} INFO - [2026-06-19T16:50:01.305+0000] {dag.py:4180} INFO - Setting next_dagrun for example_branch_dop_operator_v3 to 2026-06-19 16:49:00+00:00, run_after=2026-06-19 16:50:00+00:00
[2026-06-19T16:50:01.342+0000] {processor.py:208} INFO - Processing /home/airflow/.local/lib/python3.12/site-packages/airflow/example_dags/example_branch_python_dop_operator_3.py took 0.153 seconds
[2026-06-19T16:50:32.730+0000] {processor.py:186} INFO - Started process (PID=1074) to work on /home/airflow/.local/lib/python3.12/site-packages/airflow/example_dags/example_branch_python_dop_operator_3.py
[2026-06-19T16:50:32.743+0000] {processor.py:914} INFO - Processing file /home/airflow/.local/lib/python3.12/site-packages/airflow/example_dags/example_branch_python_dop_operator_3.py for tasks to queue
[2026-06-19T16:50:32.754+0000] {logging_mixin.py:190} INFO - [2026-06-19T16:50:32.753+0000] {dagbag.py:588} INFO - Filling up the DagBag from /home/airflow/.local/lib/python3.12/site-packages/airflow/example_dags/example_branch_python_dop_operator_3.py
[2026-06-19T16:50:32.805+0000] {processor.py:925} INFO - DAG(s) 'example_branch_dop_operator_v3' retrieved from /home/airflow/.local/lib/python3.12/site-packages/airflow/example_dags/example_branch_python_dop_operator_3.py
[2026-06-19T16:50:32.933+0000] {logging_mixin.py:190} INFO - [2026-06-19T16:50:32.932+0000] {dag.py:3239} INFO - Sync 1 DAGs
[2026-06-19T16:50:33.157+0000] {logging_mixin.py:190} INFO - [2026-06-19T16:50:33.156+0000] {dag.py:4180} INFO - Setting next_dagrun for example_branch_dop_operator_v3 to 2026-06-19 16:49:00+00:00, run_after=2026-06-19 16:50:00+00:00
[2026-06-19T16:50:33.253+0000] {processor.py:208} INFO - Processing /home/airflow/.local/lib/python3.12/site-packages/airflow/example_dags/example_branch_python_dop_operator_3.py took 0.570 seconds
[2026-06-19T16:51:03.468+0000] {processor.py:186} INFO - Started process (PID=1137) to work on /home/airflow/.local/lib/python3.12/site-packages/airflow/example_dags/example_branch_python_dop_operator_3.py
[2026-06-19T16:51:03.472+0000] {processor.py:914} INFO - Processing file /home/airflow/.local/lib/python3.12/site-packages/airflow/example_dags/example_branch_python_dop_operator_3.py for tasks to queue
[2026-06-19T16:51:03.479+0000] {logging_mixin.py:190} INFO - [2026-06-19T16:51:03.478+0000] {dagbag.py:588} INFO - Filling up the DagBag from /home/airflow/.local/lib/python3.12/site-packages/airflow/example_dags/example_branch_python_dop_operator_3.py
[2026-06-19T16:51:03.501+0000] {processor.py:925} INFO - DAG(s) 'example_branch_dop_operator_v3' retrieved from /home/airflow/.local/lib/python3.12/site-packages/airflow/example_dags/example_branch_python_dop_operator_3.py
[2026-06-19T16:51:03.544+0000] {logging_mixin.py:190} INFO - [2026-06-19T16:51:03.543+0000] {dag.py:3239} INFO - Sync 1 DAGs
[2026-06-19T16:51:03.606+0000] {logging_mixin.py:190} INFO - [2026-06-19T16:51:03.606+0000] {dag.py:4180} INFO - Setting next_dagrun for example_branch_dop_operator_v3 to 2026-06-19 16:50:00+00:00, run_after=2026-06-19 16:51:00+00:00
[2026-06-19T16:51:03.643+0000] {processor.py:208} INFO - Processing /home/airflow/.local/lib/python3.12/site-packages/airflow/example_dags/example_branch_python_dop_operator_3.py took 0.192 seconds
[2026-06-19T16:51:34.214+0000] {processor.py:186} INFO - Started process (PID=1201) to work on /home/airflow/.local/lib/python3.12/site-packages/airflow/example_dags/example_branch_python_dop_operator_3.py
[2026-06-19T16:51:34.219+0000] {processor.py:914} INFO - Processing file /home/airflow/.local/lib/python3.12/site-packages/airflow/example_dags/example_branch_python_dop_operator_3.py for tasks to queue
[2026-06-19T16:51:34.233+0000] {logging_mixin.py:190} INFO - [2026-06-19T16:51:34.231+0000] {dagbag.py:588} INFO - Filling up the DagBag from /home/airflow/.local/lib/python3.12/site-packages/airflow/example_dags/example_branch_python_dop_operator_3.py
[2026-06-19T16:51:34.319+0000] {processor.py:925} INFO - DAG(s) 'example_branch_dop_operator_v3' retrieved from /home/airflow/.local/lib/python3.12/site-packages/airflow/example_dags/example_branch_python_dop_operator_3.py
[2026-06-19T16:51:34.440+0000] {logging_mixin.py:190} INFO - [2026-06-19T16:51:34.439+0000] {dag.py:3239} INFO - Sync 1 DAGs
[2026-06-19T16:51:34.816+0000] {logging_mixin.py:190} INFO - [2026-06-19T16:51:34.815+0000] {dag.py:4180} INFO - Setting next_dagrun for example_branch_dop_operator_v3 to 2026-06-19 16:50:00+00:00, run_after=2026-06-19 16:51:00+00:00
[2026-06-19T16:51:35.037+0000] {processor.py:208} INFO - Processing /home/airflow/.local/lib/python3.12/site-packages/airflow/example_dags/example_branch_python_dop_operator_3.py took 0.853 seconds
[2026-06-19T16:52:05.497+0000] {processor.py:186} INFO - Started process (PID=1265) to work on /home/airflow/.local/lib/python3.12/site-packages/airflow/example_dags/example_branch_python_dop_operator_3.py
[2026-06-19T16:52:05.511+0000] {processor.py:914} INFO - Processing file /home/airflow/.local/lib/python3.12/site-packages/airflow/example_dags/example_branch_python_dop_operator_3.py for tasks to queue
[2026-06-19T16:52:05.521+0000] {logging_mixin.py:190} INFO - [2026-06-19T16:52:05.519+0000] {dagbag.py:588} INFO - Filling up the DagBag from /home/airflow/.local/lib/python3.12/site-packages/airflow/example_dags/example_branch_python_dop_operator_3.py
[2026-06-19T16:52:05.579+0000] {processor.py:925} INFO - DAG(s) 'example_branch_dop_operator_v3' retrieved from /home/airflow/.local/lib/python3.12/site-packages/airflow/example_dags/example_branch_python_dop_operator_3.py
[2026-06-19T16:52:05.919+0000] {logging_mixin.py:190} INFO - [2026-06-19T16:52:05.918+0000] {dag.py:3239} INFO - Sync 1 DAGs
[2026-06-19T16:52:06.067+0000] {logging_mixin.py:190} INFO - [2026-06-19T16:52:06.067+0000] {dag.py:4180} INFO - Setting next_dagrun for example_branch_dop_operator_v3 to 2026-06-19 16:51:00+00:00, run_after=2026-06-19 16:52:00+00:00
[2026-06-19T16:52:06.163+0000] {processor.py:208} INFO - Processing /home/airflow/.local/lib/python3.12/site-packages/airflow/example_dags/example_branch_python_dop_operator_3.py took 0.690 seconds
[2026-06-19T16:52:37.282+0000] {processor.py:186} INFO - Started process (PID=1328) to work on /home/airflow/.local/lib/python3.12/site-packages/airflow/example_dags/example_branch_python_dop_operator_3.py
[2026-06-19T16:52:37.288+0000] {processor.py:914} INFO - Processing file /home/airflow/.local/lib/python3.12/site-packages/airflow/example_dags/example_branch_python_dop_operator_3.py for tasks to queue
[2026-06-19T16:52:37.299+0000] {logging_mixin.py:190} INFO - [2026-06-19T16:52:37.298+0000] {dagbag.py:588} INFO - Filling up the DagBag from /home/airflow/.local/lib/python3.12/site-packages/airflow/example_dags/example_branch_python_dop_operator_3.py
[2026-06-19T16:52:37.353+0000] {processor.py:925} INFO - DAG(s) 'example_branch_dop_operator_v3' retrieved from /home/airflow/.local/lib/python3.12/site-packages/airflow/example_dags/example_branch_python_dop_operator_3.py
[2026-06-19T16:52:37.415+0000] {logging_mixin.py:190} INFO - [2026-06-19T16:52:37.414+0000] {dag.py:3239} INFO - Sync 1 DAGs
[2026-06-19T16:52:37.509+0000] {logging_mixin.py:190} INFO - [2026-06-19T16:52:37.509+0000] {dag.py:4180} INFO - Setting next_dagrun for example_branch_dop_operator_v3 to 2026-06-19 16:51:00+00:00, run_after=2026-06-19 16:52:00+00:00
[2026-06-19T16:52:37.566+0000] {processor.py:208} INFO - Processing /home/airflow/.local/lib/python3.12/site-packages/airflow/example_dags/example_branch_python_dop_operator_3.py took 0.305 seconds
[2026-06-19T16:53:08.731+0000] {processor.py:186} INFO - Started process (PID=1390) to work on /home/airflow/.local/lib/python3.12/site-packages/airflow/example_dags/example_branch_python_dop_operator_3.py
[2026-06-19T16:53:08.740+0000] {processor.py:914} INFO - Processing file /home/airflow/.local/lib/python3.12/site-packages/airflow/example_dags/example_branch_python_dop_operator_3.py for tasks to queue
[2026-06-19T16:53:08.749+0000] {logging_mixin.py:190} INFO - [2026-06-19T16:53:08.748+0000] {dagbag.py:588} INFO - Filling up the DagBag from /home/airflow/.local/lib/python3.12/site-packages/airflow/example_dags/example_branch_python_dop_operator_3.py
[2026-06-19T16:53:08.780+0000] {processor.py:925} INFO - DAG(s) 'example_branch_dop_operator_v3' retrieved from /home/airflow/.local/lib/python3.12/site-packages/airflow/example_dags/example_branch_python_dop_operator_3.py
[2026-06-19T16:53:08.842+0000] {logging_mixin.py:190} INFO - [2026-06-19T16:53:08.841+0000] {dag.py:3239} INFO - Sync 1 DAGs
[2026-06-19T16:53:08.927+0000] {logging_mixin.py:190} INFO - [2026-06-19T16:53:08.926+0000] {dag.py:4180} INFO - Setting next_dagrun for example_branch_dop_operator_v3 to 2026-06-19 16:52:00+00:00, run_after=2026-06-19 16:53:00+00:00
[2026-06-19T16:53:08.989+0000] {processor.py:208} INFO - Processing /home/airflow/.local/lib/python3.12/site-packages/airflow/example_dags/example_branch_python_dop_operator_3.py took 0.277 seconds
[2026-06-19T16:53:39.250+0000] {processor.py:186} INFO - Started process (PID=1453) to work on /home/airflow/.local/lib/python3.12/site-packages/airflow/example_dags/example_branch_python_dop_operator_3.py
[2026-06-19T16:53:39.256+0000] {processor.py:914} INFO - Processing file /home/airflow/.local/lib/python3.12/site-packages/airflow/example_dags/example_branch_python_dop_operator_3.py for tasks to queue
[2026-06-19T16:53:39.276+0000] {logging_mixin.py:190} INFO - [2026-06-19T16:53:39.274+0000] {dagbag.py:588} INFO - Filling up the DagBag from /home/airflow/.local/lib/python3.12/site-packages/airflow/example_dags/example_branch_python_dop_operator_3.py
[2026-06-19T16:53:39.320+0000] {processor.py:925} INFO - DAG(s) 'example_branch_dop_operator_v3' retrieved from /home/airflow/.local/lib/python3.12/site-packages/airflow/example_dags/example_branch_python_dop_operator_3.py
[2026-06-19T16:53:39.373+0000] {logging_mixin.py:190} INFO - [2026-06-19T16:53:39.372+0000] {dag.py:3239} INFO - Sync 1 DAGs
[2026-06-19T16:53:39.443+0000] {logging_mixin.py:190} INFO - [2026-06-19T16:53:39.442+0000] {dag.py:4180} INFO - Setting next_dagrun for example_branch_dop_operator_v3 to 2026-06-19 16:52:00+00:00, run_after=2026-06-19 16:53:00+00:00
[2026-06-19T16:53:39.493+0000] {processor.py:208} INFO - Processing /home/airflow/.local/lib/python3.12/site-packages/airflow/example_dags/example_branch_python_dop_operator_3.py took 0.271 seconds
[2026-06-19T16:54:10.260+0000] {processor.py:186} INFO - Started process (PID=1516) to work on /home/airflow/.local/lib/python3.12/site-packages/airflow/example_dags/example_branch_python_dop_operator_3.py
[2026-06-19T16:54:10.263+0000] {processor.py:914} INFO - Processing file /home/airflow/.local/lib/python3.12/site-packages/airflow/example_dags/example_branch_python_dop_operator_3.py for tasks to queue
[2026-06-19T16:54:10.284+0000] {logging_mixin.py:190} INFO - [2026-06-19T16:54:10.282+0000] {dagbag.py:588} INFO - Filling up the DagBag from /home/airflow/.local/lib/python3.12/site-packages/airflow/example_dags/example_branch_python_dop_operator_3.py
[2026-06-19T16:54:10.356+0000] {processor.py:925} INFO - DAG(s) 'example_branch_dop_operator_v3' retrieved from /home/airflow/.local/lib/python3.12/site-packages/airflow/example_dags/example_branch_python_dop_operator_3.py
[2026-06-19T16:54:10.465+0000] {logging_mixin.py:190} INFO - [2026-06-19T16:54:10.465+0000] {dag.py:3239} INFO - Sync 1 DAGs
[2026-06-19T16:54:10.564+0000] {logging_mixin.py:190} INFO - [2026-06-19T16:54:10.564+0000] {dag.py:4180} INFO - Setting next_dagrun for example_branch_dop_operator_v3 to 2026-06-19 16:53:00+00:00, run_after=2026-06-19 16:54:00+00:00
[2026-06-19T16:54:10.631+0000] {processor.py:208} INFO - Processing /home/airflow/.local/lib/python3.12/site-packages/airflow/example_dags/example_branch_python_dop_operator_3.py took 0.392 seconds
[2026-06-19T16:54:40.784+0000] {processor.py:186} INFO - Started process (PID=1580) to work on /home/airflow/.local/lib/python3.12/site-packages/airflow/example_dags/example_branch_python_dop_operator_3.py
[2026-06-19T16:54:40.790+0000] {processor.py:914} INFO - Processing file /home/airflow/.local/lib/python3.12/site-packages/airflow/example_dags/example_branch_python_dop_operator_3.py for tasks to queue
[2026-06-19T16:54:40.808+0000] {logging_mixin.py:190} INFO - [2026-06-19T16:54:40.806+0000] {dagbag.py:588} INFO - Filling up the DagBag from /home/airflow/.local/lib/python3.12/site-packages/airflow/example_dags/example_branch_python_dop_operator_3.py
[2026-06-19T16:54:40.861+0000] {processor.py:925} INFO - DAG(s) 'example_branch_dop_operator_v3' retrieved from /home/airflow/.local/lib/python3.12/site-packages/airflow/example_dags/example_branch_python_dop_operator_3.py
[2026-06-19T16:54:40.950+0000] {logging_mixin.py:190} INFO - [2026-06-19T16:54:40.949+0000] {dag.py:3239} INFO - Sync 1 DAGs
[2026-06-19T16:54:41.053+0000] {logging_mixin.py:190} INFO - [2026-06-19T16:54:41.052+0000] {dag.py:4180} INFO - Setting next_dagrun for example_branch_dop_operator_v3 to 2026-06-19 16:53:00+00:00, run_after=2026-06-19 16:54:00+00:00
[2026-06-19T16:54:41.110+0000] {processor.py:208} INFO - Processing /home/airflow/.local/lib/python3.12/site-packages/airflow/example_dags/example_branch_python_dop_operator_3.py took 0.352 seconds
[2026-06-19T16:55:14.057+0000] {processor.py:186} INFO - Started process (PID=1642) to work on /home/airflow/.local/lib/python3.12/site-packages/airflow/example_dags/example_branch_python_dop_operator_3.py
[2026-06-19T16:55:14.065+0000] {processor.py:914} INFO - Processing file /home/airflow/.local/lib/python3.12/site-packages/airflow/example_dags/example_branch_python_dop_operator_3.py for tasks to queue
[2026-06-19T16:55:14.079+0000] {logging_mixin.py:190} INFO - [2026-06-19T16:55:14.078+0000] {dagbag.py:588} INFO - Filling up the DagBag from /home/airflow/.local/lib/python3.12/site-packages/airflow/example_dags/example_branch_python_dop_operator_3.py
[2026-06-19T16:55:14.125+0000] {processor.py:925} INFO - DAG(s) 'example_branch_dop_operator_v3' retrieved from /home/airflow/.local/lib/python3.12/site-packages/airflow/example_dags/example_branch_python_dop_operator_3.py
[2026-06-19T16:55:14.203+0000] {logging_mixin.py:190} INFO - [2026-06-19T16:55:14.202+0000] {dag.py:3239} INFO - Sync 1 DAGs
[2026-06-19T16:55:14.317+0000] {logging_mixin.py:190} INFO - [2026-06-19T16:55:14.316+0000] {dag.py:4180} INFO - Setting next_dagrun for example_branch_dop_operator_v3 to 2026-06-19 16:54:00+00:00, run_after=2026-06-19 16:55:00+00:00
[2026-06-19T16:55:14.373+0000] {processor.py:208} INFO - Processing /home/airflow/.local/lib/python3.12/site-packages/airflow/example_dags/example_branch_python_dop_operator_3.py took 0.344 seconds
[2026-06-19T16:55:44.531+0000] {processor.py:186} INFO - Started process (PID=1706) to work on /home/airflow/.local/lib/python3.12/site-packages/airflow/example_dags/example_branch_python_dop_operator_3.py
[2026-06-19T16:55:44.534+0000] {processor.py:914} INFO - Processing file /home/airflow/.local/lib/python3.12/site-packages/airflow/example_dags/example_branch_python_dop_operator_3.py for tasks to queue
[2026-06-19T16:55:44.541+0000] {logging_mixin.py:190} INFO - [2026-06-19T16:55:44.540+0000] {dagbag.py:588} INFO - Filling up the DagBag from /home/airflow/.local/lib/python3.12/site-packages/airflow/example_dags/example_branch_python_dop_operator_3.py
[2026-06-19T16:55:44.566+0000] {processor.py:925} INFO - DAG(s) 'example_branch_dop_operator_v3' retrieved from /home/airflow/.local/lib/python3.12/site-packages/airflow/example_dags/example_branch_python_dop_operator_3.py
[2026-06-19T16:55:44.598+0000] {logging_mixin.py:190} INFO - [2026-06-19T16:55:44.597+0000] {dag.py:3239} INFO - Sync 1 DAGs
[2026-06-19T16:55:44.640+0000] {logging_mixin.py:190} INFO - [2026-06-19T16:55:44.640+0000] {dag.py:4180} INFO - Setting next_dagrun for example_branch_dop_operator_v3 to 2026-06-19 16:54:00+00:00, run_after=2026-06-19 16:55:00+00:00
[2026-06-19T16:55:44.669+0000] {processor.py:208} INFO - Processing /home/airflow/.local/lib/python3.12/site-packages/airflow/example_dags/example_branch_python_dop_operator_3.py took 0.150 seconds
[2026-06-19T16:56:15.222+0000] {processor.py:186} INFO - Started process (PID=1770) to work on /home/airflow/.local/lib/python3.12/site-packages/airflow/example_dags/example_branch_python_dop_operator_3.py
[2026-06-19T16:56:15.228+0000] {processor.py:914} INFO - Processing file /home/airflow/.local/lib/python3.12/site-packages/airflow/example_dags/example_branch_python_dop_operator_3.py for tasks to queue
[2026-06-19T16:56:15.239+0000] {logging_mixin.py:190} INFO - [2026-06-19T16:56:15.238+0000] {dagbag.py:588} INFO - Filling up the DagBag from /home/airflow/.local/lib/python3.12/site-packages/airflow/example_dags/example_branch_python_dop_operator_3.py
[2026-06-19T16:56:15.272+0000] {processor.py:925} INFO - DAG(s) 'example_branch_dop_operator_v3' retrieved from /home/airflow/.local/lib/python3.12/site-packages/airflow/example_dags/example_branch_python_dop_operator_3.py
[2026-06-19T16:56:15.325+0000] {logging_mixin.py:190} INFO - [2026-06-19T16:56:15.325+0000] {dag.py:3239} INFO - Sync 1 DAGs
[2026-06-19T16:56:15.387+0000] {logging_mixin.py:190} INFO - [2026-06-19T16:56:15.387+0000] {dag.py:4180} INFO - Setting next_dagrun for example_branch_dop_operator_v3 to 2026-06-19 16:55:00+00:00, run_after=2026-06-19 16:56:00+00:00
[2026-06-19T16:56:15.429+0000] {processor.py:208} INFO - Processing /home/airflow/.local/lib/python3.12/site-packages/airflow/example_dags/example_branch_python_dop_operator_3.py took 0.229 seconds
[2026-06-19T16:56:45.842+0000] {processor.py:186} INFO - Started process (PID=1833) to work on /home/airflow/.local/lib/python3.12/site-packages/airflow/example_dags/example_branch_python_dop_operator_3.py
[2026-06-19T16:56:45.845+0000] {processor.py:914} INFO - Processing file /home/airflow/.local/lib/python3.12/site-packages/airflow/example_dags/example_branch_python_dop_operator_3.py for tasks to queue
[2026-06-19T16:56:45.850+0000] {logging_mixin.py:190} INFO - [2026-06-19T16:56:45.849+0000] {dagbag.py:588} INFO - Filling up the DagBag from /home/airflow/.local/lib/python3.12/site-packages/airflow/example_dags/example_branch_python_dop_operator_3.py
[2026-06-19T16:56:45.867+0000] {processor.py:925} INFO - DAG(s) 'example_branch_dop_operator_v3' retrieved from /home/airflow/.local/lib/python3.12/site-packages/airflow/example_dags/example_branch_python_dop_operator_3.py
[2026-06-19T16:56:45.891+0000] {logging_mixin.py:190} INFO - [2026-06-19T16:56:45.891+0000] {dag.py:3239} INFO - Sync 1 DAGs
[2026-06-19T16:56:45.922+0000] {logging_mixin.py:190} INFO - [2026-06-19T16:56:45.922+0000] {dag.py:4180} INFO - Setting next_dagrun for example_branch_dop_operator_v3 to 2026-06-19 16:55:00+00:00, run_after=2026-06-19 16:56:00+00:00
[2026-06-19T16:56:45.944+0000] {processor.py:208} INFO - Processing /home/airflow/.local/lib/python3.12/site-packages/airflow/example_dags/example_branch_python_dop_operator_3.py took 0.110 seconds
[2026-06-19T16:57:16.866+0000] {processor.py:186} INFO - Started process (PID=1897) to work on /home/airflow/.local/lib/python3.12/site-packages/airflow/example_dags/example_branch_python_dop_operator_3.py
[2026-06-19T16:57:16.875+0000] {processor.py:914} INFO - Processing file /home/airflow/.local/lib/python3.12/site-packages/airflow/example_dags/example_branch_python_dop_operator_3.py for tasks to queue
[2026-06-19T16:57:16.902+0000] {logging_mixin.py:190} INFO - [2026-06-19T16:57:16.901+0000] {dagbag.py:588} INFO - Filling up the DagBag from /home/airflow/.local/lib/python3.12/site-packages/airflow/example_dags/example_branch_python_dop_operator_3.py
[2026-06-19T16:57:17.004+0000] {processor.py:925} INFO - DAG(s) 'example_branch_dop_operator_v3' retrieved from /home/airflow/.local/lib/python3.12/site-packages/airflow/example_dags/example_branch_python_dop_operator_3.py
[2026-06-19T16:57:17.119+0000] {logging_mixin.py:190} INFO - [2026-06-19T16:57:17.118+0000] {dag.py:3239} INFO - Sync 1 DAGs
[2026-06-19T16:57:17.253+0000] {logging_mixin.py:190} INFO - [2026-06-19T16:57:17.253+0000] {dag.py:4180} INFO - Setting next_dagrun for example_branch_dop_operator_v3 to 2026-06-19 16:56:00+00:00, run_after=2026-06-19 16:57:00+00:00
[2026-06-19T16:57:17.377+0000] {processor.py:208} INFO - Processing /home/airflow/.local/lib/python3.12/site-packages/airflow/example_dags/example_branch_python_dop_operator_3.py took 0.539 seconds
[2026-06-19T16:57:48.432+0000] {processor.py:186} INFO - Started process (PID=1961) to work on /home/airflow/.local/lib/python3.12/site-packages/airflow/example_dags/example_branch_python_dop_operator_3.py
[2026-06-19T16:57:48.434+0000] {processor.py:914} INFO - Processing file /home/airflow/.local/lib/python3.12/site-packages/airflow/example_dags/example_branch_python_dop_operator_3.py for tasks to queue
[2026-06-19T16:57:48.438+0000] {logging_mixin.py:190} INFO - [2026-06-19T16:57:48.438+0000] {dagbag.py:588} INFO - Filling up the DagBag from /home/airflow/.local/lib/python3.12/site-packages/airflow/example_dags/example_branch_python_dop_operator_3.py
[2026-06-19T16:57:48.451+0000] {processor.py:925} INFO - DAG(s) 'example_branch_dop_operator_v3' retrieved from /home/airflow/.local/lib/python3.12/site-packages/airflow/example_dags/example_branch_python_dop_operator_3.py
[2026-06-19T16:57:48.471+0000] {logging_mixin.py:190} INFO - [2026-06-19T16:57:48.471+0000] {dag.py:3239} INFO - Sync 1 DAGs
[2026-06-19T16:57:48.505+0000] {logging_mixin.py:190} INFO - [2026-06-19T16:57:48.505+0000] {dag.py:4180} INFO - Setting next_dagrun for example_branch_dop_operator_v3 to 2026-06-19 16:56:00+00:00, run_after=2026-06-19 16:57:00+00:00
[2026-06-19T16:57:48.528+0000] {processor.py:208} INFO - Processing /home/airflow/.local/lib/python3.12/site-packages/airflow/example_dags/example_branch_python_dop_operator_3.py took 0.103 seconds
[2026-06-19T16:58:18.667+0000] {processor.py:186} INFO - Started process (PID=2026) to work on /home/airflow/.local/lib/python3.12/site-packages/airflow/example_dags/example_branch_python_dop_operator_3.py
[2026-06-19T16:58:18.671+0000] {processor.py:914} INFO - Processing file /home/airflow/.local/lib/python3.12/site-packages/airflow/example_dags/example_branch_python_dop_operator_3.py for tasks to queue
[2026-06-19T16:58:18.677+0000] {logging_mixin.py:190} INFO - [2026-06-19T16:58:18.676+0000] {dagbag.py:588} INFO - Filling up the DagBag from /home/airflow/.local/lib/python3.12/site-packages/airflow/example_dags/example_branch_python_dop_operator_3.py
[2026-06-19T16:58:18.701+0000] {processor.py:925} INFO - DAG(s) 'example_branch_dop_operator_v3' retrieved from /home/airflow/.local/lib/python3.12/site-packages/airflow/example_dags/example_branch_python_dop_operator_3.py
[2026-06-19T16:58:18.754+0000] {logging_mixin.py:190} INFO - [2026-06-19T16:58:18.754+0000] {dag.py:3239} INFO - Sync 1 DAGs
[2026-06-19T16:58:18.823+0000] {logging_mixin.py:190} INFO - [2026-06-19T16:58:18.823+0000] {dag.py:4180} INFO - Setting next_dagrun for example_branch_dop_operator_v3 to 2026-06-19 16:57:00+00:00, run_after=2026-06-19 16:58:00+00:00
[2026-06-19T16:58:18.875+0000] {processor.py:208} INFO - Processing /home/airflow/.local/lib/python3.12/site-packages/airflow/example_dags/example_branch_python_dop_operator_3.py took 0.221 seconds
[2026-06-19T16:58:48.942+0000] {processor.py:186} INFO - Started process (PID=2090) to work on /home/airflow/.local/lib/python3.12/site-packages/airflow/example_dags/example_branch_python_dop_operator_3.py
[2026-06-19T16:58:48.945+0000] {processor.py:914} INFO - Processing file /home/airflow/.local/lib/python3.12/site-packages/airflow/example_dags/example_branch_python_dop_operator_3.py for tasks to queue
[2026-06-19T16:58:48.952+0000] {logging_mixin.py:190} INFO - [2026-06-19T16:58:48.951+0000] {dagbag.py:588} INFO - Filling up the DagBag from /home/airflow/.local/lib/python3.12/site-packages/airflow/example_dags/example_branch_python_dop_operator_3.py
[2026-06-19T16:58:48.969+0000] {processor.py:925} INFO - DAG(s) 'example_branch_dop_operator_v3' retrieved from /home/airflow/.local/lib/python3.12/site-packages/airflow/example_dags/example_branch_python_dop_operator_3.py
[2026-06-19T16:58:49.013+0000] {logging_mixin.py:190} INFO - [2026-06-19T16:58:49.013+0000] {dag.py:3239} INFO - Sync 1 DAGs
[2026-06-19T16:58:49.098+0000] {logging_mixin.py:190} INFO - [2026-06-19T16:58:49.097+0000] {dag.py:4180} INFO - Setting next_dagrun for example_branch_dop_operator_v3 to 2026-06-19 16:57:00+00:00, run_after=2026-06-19 16:58:00+00:00
[2026-06-19T16:58:49.166+0000] {processor.py:208} INFO - Processing /home/airflow/.local/lib/python3.12/site-packages/airflow/example_dags/example_branch_python_dop_operator_3.py took 0.234 seconds
[2026-06-19T16:59:19.757+0000] {processor.py:186} INFO - Started process (PID=2153) to work on /home/airflow/.local/lib/python3.12/site-packages/airflow/example_dags/example_branch_python_dop_operator_3.py
[2026-06-19T16:59:19.759+0000] {processor.py:914} INFO - Processing file /home/airflow/.local/lib/python3.12/site-packages/airflow/example_dags/example_branch_python_dop_operator_3.py for tasks to queue
[2026-06-19T16:59:19.762+0000] {logging_mixin.py:190} INFO - [2026-06-19T16:59:19.762+0000] {dagbag.py:588} INFO - Filling up the DagBag from /home/airflow/.local/lib/python3.12/site-packages/airflow/example_dags/example_branch_python_dop_operator_3.py
[2026-06-19T16:59:19.772+0000] {processor.py:925} INFO - DAG(s) 'example_branch_dop_operator_v3' retrieved from /home/airflow/.local/lib/python3.12/site-packages/airflow/example_dags/example_branch_python_dop_operator_3.py
[2026-06-19T16:59:19.792+0000] {logging_mixin.py:190} INFO - [2026-06-19T16:59:19.792+0000] {dag.py:3239} INFO - Sync 1 DAGs
[2026-06-19T16:59:19.814+0000] {logging_mixin.py:190} INFO - [2026-06-19T16:59:19.814+0000] {dag.py:4180} INFO - Setting next_dagrun for example_branch_dop_operator_v3 to 2026-06-19 16:58:00+00:00, run_after=2026-06-19 16:59:00+00:00
[2026-06-19T16:59:19.833+0000] {processor.py:208} INFO - Processing /home/airflow/.local/lib/python3.12/site-packages/airflow/example_dags/example_branch_python_dop_operator_3.py took 0.083 seconds
[2026-06-19T16:59:50.240+0000] {processor.py:186} INFO - Started process (PID=2217) to work on /home/airflow/.local/lib/python3.12/site-packages/airflow/example_dags/example_branch_python_dop_operator_3.py
[2026-06-19T16:59:50.243+0000] {processor.py:914} INFO - Processing file /home/airflow/.local/lib/python3.12/site-packages/airflow/example_dags/example_branch_python_dop_operator_3.py for tasks to queue
[2026-06-19T16:59:50.249+0000] {logging_mixin.py:190} INFO - [2026-06-19T16:59:50.248+0000] {dagbag.py:588} INFO - Filling up the DagBag from /home/airflow/.local/lib/python3.12/site-packages/airflow/example_dags/example_branch_python_dop_operator_3.py
[2026-06-19T16:59:50.265+0000] {processor.py:925} INFO - DAG(s) 'example_branch_dop_operator_v3' retrieved from /home/airflow/.local/lib/python3.12/site-packages/airflow/example_dags/example_branch_python_dop_operator_3.py
[2026-06-19T16:59:50.293+0000] {logging_mixin.py:190} INFO - [2026-06-19T16:59:50.292+0000] {dag.py:3239} INFO - Sync 1 DAGs
[2026-06-19T16:59:50.331+0000] {logging_mixin.py:190} INFO - [2026-06-19T16:59:50.331+0000] {dag.py:4180} INFO - Setting next_dagrun for example_branch_dop_operator_v3 to 2026-06-19 16:58:00+00:00, run_after=2026-06-19 16:59:00+00:00
[2026-06-19T16:59:50.360+0000] {processor.py:208} INFO - Processing /home/airflow/.local/lib/python3.12/site-packages/airflow/example_dags/example_branch_python_dop_operator_3.py took 0.128 seconds
[2026-06-19T17:00:21.072+0000] {processor.py:186} INFO - Started process (PID=2281) to work on /home/airflow/.local/lib/python3.12/site-packages/airflow/example_dags/example_branch_python_dop_operator_3.py
[2026-06-19T17:00:21.082+0000] {processor.py:914} INFO - Processing file /home/airflow/.local/lib/python3.12/site-packages/airflow/example_dags/example_branch_python_dop_operator_3.py for tasks to queue
[2026-06-19T17:00:21.104+0000] {logging_mixin.py:190} INFO - [2026-06-19T17:00:21.102+0000] {dagbag.py:588} INFO - Filling up the DagBag from /home/airflow/.local/lib/python3.12/site-packages/airflow/example_dags/example_branch_python_dop_operator_3.py
[2026-06-19T17:00:21.190+0000] {processor.py:925} INFO - DAG(s) 'example_branch_dop_operator_v3' retrieved from /home/airflow/.local/lib/python3.12/site-packages/airflow/example_dags/example_branch_python_dop_operator_3.py
[2026-06-19T17:00:21.301+0000] {logging_mixin.py:190} INFO - [2026-06-19T17:00:21.301+0000] {dag.py:3239} INFO - Sync 1 DAGs
[2026-06-19T17:00:21.427+0000] {logging_mixin.py:190} INFO - [2026-06-19T17:00:21.426+0000] {dag.py:4180} INFO - Setting next_dagrun for example_branch_dop_operator_v3 to 2026-06-19 16:59:00+00:00, run_after=2026-06-19 17:00:00+00:00
[2026-06-19T17:00:21.517+0000] {processor.py:208} INFO - Processing /home/airflow/.local/lib/python3.12/site-packages/airflow/example_dags/example_branch_python_dop_operator_3.py took 0.478 seconds
[2026-06-19T17:00:52.188+0000] {processor.py:186} INFO - Started process (PID=2345) to work on /home/airflow/.local/lib/python3.12/site-packages/airflow/example_dags/example_branch_python_dop_operator_3.py
[2026-06-19T17:00:52.190+0000] {processor.py:914} INFO - Processing file /home/airflow/.local/lib/python3.12/site-packages/airflow/example_dags/example_branch_python_dop_operator_3.py for tasks to queue
[2026-06-19T17:00:52.196+0000] {logging_mixin.py:190} INFO - [2026-06-19T17:00:52.196+0000] {dagbag.py:588} INFO - Filling up the DagBag from /home/airflow/.local/lib/python3.12/site-packages/airflow/example_dags/example_branch_python_dop_operator_3.py
[2026-06-19T17:00:52.219+0000] {processor.py:925} INFO - DAG(s) 'example_branch_dop_operator_v3' retrieved from /home/airflow/.local/lib/python3.12/site-packages/airflow/example_dags/example_branch_python_dop_operator_3.py
[2026-06-19T17:00:52.265+0000] {logging_mixin.py:190} INFO - [2026-06-19T17:00:52.264+0000] {dag.py:3239} INFO - Sync 1 DAGs
[2026-06-19T17:00:52.333+0000] {logging_mixin.py:190} INFO - [2026-06-19T17:00:52.333+0000] {dag.py:4180} INFO - Setting next_dagrun for example_branch_dop_operator_v3 to 2026-06-19 16:59:00+00:00, run_after=2026-06-19 17:00:00+00:00
[2026-06-19T17:00:52.387+0000] {processor.py:208} INFO - Processing /home/airflow/.local/lib/python3.12/site-packages/airflow/example_dags/example_branch_python_dop_operator_3.py took 0.213 seconds
[2026-06-19T17:01:22.616+0000] {processor.py:186} INFO - Started process (PID=2409) to work on /home/airflow/.local/lib/python3.12/site-packages/airflow/example_dags/example_branch_python_dop_operator_3.py
[2026-06-19T17:01:22.632+0000] {processor.py:914} INFO - Processing file /home/airflow/.local/lib/python3.12/site-packages/airflow/example_dags/example_branch_python_dop_operator_3.py for tasks to queue
[2026-06-19T17:01:22.635+0000] {logging_mixin.py:190} INFO - [2026-06-19T17:01:22.635+0000] {dagbag.py:588} INFO - Filling up the DagBag from /home/airflow/.local/lib/python3.12/site-packages/airflow/example_dags/example_branch_python_dop_operator_3.py
[2026-06-19T17:01:22.651+0000] {processor.py:925} INFO - DAG(s) 'example_branch_dop_operator_v3' retrieved from /home/airflow/.local/lib/python3.12/site-packages/airflow/example_dags/example_branch_python_dop_operator_3.py
[2026-06-19T17:01:22.677+0000] {logging_mixin.py:190} INFO - [2026-06-19T17:01:22.676+0000] {dag.py:3239} INFO - Sync 1 DAGs
[2026-06-19T17:01:22.708+0000] {logging_mixin.py:190} INFO - [2026-06-19T17:01:22.707+0000] {dag.py:4180} INFO - Setting next_dagrun for example_branch_dop_operator_v3 to 2026-06-19 17:00:00+00:00, run_after=2026-06-19 17:01:00+00:00
[2026-06-19T17:01:22.736+0000] {processor.py:208} INFO - Processing /home/airflow/.local/lib/python3.12/site-packages/airflow/example_dags/example_branch_python_dop_operator_3.py took 0.126 seconds
[2026-06-19T17:01:53.013+0000] {processor.py:186} INFO - Started process (PID=2472) to work on /home/airflow/.local/lib/python3.12/site-packages/airflow/example_dags/example_branch_python_dop_operator_3.py
[2026-06-19T17:01:53.015+0000] {processor.py:914} INFO - Processing file /home/airflow/.local/lib/python3.12/site-packages/airflow/example_dags/example_branch_python_dop_operator_3.py for tasks to queue
[2026-06-19T17:01:53.019+0000] {logging_mixin.py:190} INFO - [2026-06-19T17:01:53.019+0000] {dagbag.py:588} INFO - Filling up the DagBag from /home/airflow/.local/lib/python3.12/site-packages/airflow/example_dags/example_branch_python_dop_operator_3.py
[2026-06-19T17:01:53.034+0000] {processor.py:925} INFO - DAG(s) 'example_branch_dop_operator_v3' retrieved from /home/airflow/.local/lib/python3.12/site-packages/airflow/example_dags/example_branch_python_dop_operator_3.py
[2026-06-19T17:01:53.061+0000] {logging_mixin.py:190} INFO - [2026-06-19T17:01:53.061+0000] {dag.py:3239} INFO - Sync 1 DAGs
[2026-06-19T17:01:53.105+0000] {logging_mixin.py:190} INFO - [2026-06-19T17:01:53.105+0000] {dag.py:4180} INFO - Setting next_dagrun for example_branch_dop_operator_v3 to 2026-06-19 17:00:00+00:00, run_after=2026-06-19 17:01:00+00:00
[2026-06-19T17:01:53.136+0000] {processor.py:208} INFO - Processing /home/airflow/.local/lib/python3.12/site-packages/airflow/example_dags/example_branch_python_dop_operator_3.py took 0.134 seconds
[2026-06-19T17:02:23.293+0000] {processor.py:186} INFO - Started process (PID=2536) to work on /home/airflow/.local/lib/python3.12/site-packages/airflow/example_dags/example_branch_python_dop_operator_3.py
[2026-06-19T17:02:23.297+0000] {processor.py:914} INFO - Processing file /home/airflow/.local/lib/python3.12/site-packages/airflow/example_dags/example_branch_python_dop_operator_3.py for tasks to queue
[2026-06-19T17:02:23.302+0000] {logging_mixin.py:190} INFO - [2026-06-19T17:02:23.301+0000] {dagbag.py:588} INFO - Filling up the DagBag from /home/airflow/.local/lib/python3.12/site-packages/airflow/example_dags/example_branch_python_dop_operator_3.py
[2026-06-19T17:02:23.318+0000] {processor.py:925} INFO - DAG(s) 'example_branch_dop_operator_v3' retrieved from /home/airflow/.local/lib/python3.12/site-packages/airflow/example_dags/example_branch_python_dop_operator_3.py
[2026-06-19T17:02:23.355+0000] {logging_mixin.py:190} INFO - [2026-06-19T17:02:23.354+0000] {dag.py:3239} INFO - Sync 1 DAGs
[2026-06-19T17:02:23.405+0000] {logging_mixin.py:190} INFO - [2026-06-19T17:02:23.405+0000] {dag.py:4180} INFO - Setting next_dagrun for example_branch_dop_operator_v3 to 2026-06-19 17:01:00+00:00, run_after=2026-06-19 17:02:00+00:00
[2026-06-19T17:02:23.439+0000] {processor.py:208} INFO - Processing /home/airflow/.local/lib/python3.12/site-packages/airflow/example_dags/example_branch_python_dop_operator_3.py took 0.154 seconds
[2026-06-19T17:04:23.044+0000] {processor.py:186} INFO - Started process (PID=73) to work on /home/airflow/.local/lib/python3.12/site-packages/airflow/example_dags/example_branch_python_dop_operator_3.py
[2026-06-19T17:04:23.048+0000] {processor.py:914} INFO - Processing file /home/airflow/.local/lib/python3.12/site-packages/airflow/example_dags/example_branch_python_dop_operator_3.py for tasks to queue
[2026-06-19T17:04:23.058+0000] {logging_mixin.py:190} INFO - [2026-06-19T17:04:23.057+0000] {dagbag.py:588} INFO - Filling up the DagBag from /home/airflow/.local/lib/python3.12/site-packages/airflow/example_dags/example_branch_python_dop_operator_3.py
[2026-06-19T17:04:23.092+0000] {processor.py:925} INFO - DAG(s) 'example_branch_dop_operator_v3' retrieved from /home/airflow/.local/lib/python3.12/site-packages/airflow/example_dags/example_branch_python_dop_operator_3.py
[2026-06-19T17:04:23.154+0000] {logging_mixin.py:190} INFO - [2026-06-19T17:04:23.154+0000] {dag.py:3239} INFO - Sync 1 DAGs
[2026-06-19T17:04:23.216+0000] {logging_mixin.py:190} INFO - [2026-06-19T17:04:23.215+0000] {dag.py:4180} INFO - Setting next_dagrun for example_branch_dop_operator_v3 to 2026-06-19 17:03:00+00:00, run_after=2026-06-19 17:04:00+00:00
[2026-06-19T17:04:23.274+0000] {processor.py:208} INFO - Processing /home/airflow/.local/lib/python3.12/site-packages/airflow/example_dags/example_branch_python_dop_operator_3.py took 0.246 seconds
[2026-06-19T17:04:53.882+0000] {processor.py:186} INFO - Started process (PID=137) to work on /home/airflow/.local/lib/python3.12/site-packages/airflow/example_dags/example_branch_python_dop_operator_3.py
[2026-06-19T17:04:53.886+0000] {processor.py:914} INFO - Processing file /home/airflow/.local/lib/python3.12/site-packages/airflow/example_dags/example_branch_python_dop_operator_3.py for tasks to queue
[2026-06-19T17:04:53.894+0000] {logging_mixin.py:190} INFO - [2026-06-19T17:04:53.892+0000] {dagbag.py:588} INFO - Filling up the DagBag from /home/airflow/.local/lib/python3.12/site-packages/airflow/example_dags/example_branch_python_dop_operator_3.py
[2026-06-19T17:04:53.919+0000] {processor.py:925} INFO - DAG(s) 'example_branch_dop_operator_v3' retrieved from /home/airflow/.local/lib/python3.12/site-packages/airflow/example_dags/example_branch_python_dop_operator_3.py
[2026-06-19T17:04:53.973+0000] {logging_mixin.py:190} INFO - [2026-06-19T17:04:53.973+0000] {dag.py:3239} INFO - Sync 1 DAGs
[2026-06-19T17:04:54.068+0000] {logging_mixin.py:190} INFO - [2026-06-19T17:04:54.067+0000] {dag.py:4180} INFO - Setting next_dagrun for example_branch_dop_operator_v3 to 2026-06-19 17:03:00+00:00, run_after=2026-06-19 17:04:00+00:00
[2026-06-19T17:04:54.133+0000] {processor.py:208} INFO - Processing /home/airflow/.local/lib/python3.12/site-packages/airflow/example_dags/example_branch_python_dop_operator_3.py took 0.260 seconds
[2026-06-19T17:05:24.638+0000] {processor.py:186} INFO - Started process (PID=201) to work on /home/airflow/.local/lib/python3.12/site-packages/airflow/example_dags/example_branch_python_dop_operator_3.py
[2026-06-19T17:05:24.642+0000] {processor.py:914} INFO - Processing file /home/airflow/.local/lib/python3.12/site-packages/airflow/example_dags/example_branch_python_dop_operator_3.py for tasks to queue
[2026-06-19T17:05:24.647+0000] {logging_mixin.py:190} INFO - [2026-06-19T17:05:24.647+0000] {dagbag.py:588} INFO - Filling up the DagBag from /home/airflow/.local/lib/python3.12/site-packages/airflow/example_dags/example_branch_python_dop_operator_3.py
[2026-06-19T17:05:24.663+0000] {processor.py:925} INFO - DAG(s) 'example_branch_dop_operator_v3' retrieved from /home/airflow/.local/lib/python3.12/site-packages/airflow/example_dags/example_branch_python_dop_operator_3.py
[2026-06-19T17:05:24.687+0000] {logging_mixin.py:190} INFO - [2026-06-19T17:05:24.686+0000] {dag.py:3239} INFO - Sync 1 DAGs
[2026-06-19T17:05:24.715+0000] {logging_mixin.py:190} INFO - [2026-06-19T17:05:24.715+0000] {dag.py:4180} INFO - Setting next_dagrun for example_branch_dop_operator_v3 to 2026-06-19 17:04:00+00:00, run_after=2026-06-19 17:05:00+00:00
[2026-06-19T17:05:24.737+0000] {processor.py:208} INFO - Processing /home/airflow/.local/lib/python3.12/site-packages/airflow/example_dags/example_branch_python_dop_operator_3.py took 0.107 seconds
[2026-06-19T17:05:55.855+0000] {processor.py:186} INFO - Started process (PID=265) to work on /home/airflow/.local/lib/python3.12/site-packages/airflow/example_dags/example_branch_python_dop_operator_3.py
[2026-06-19T17:05:55.862+0000] {processor.py:914} INFO - Processing file /home/airflow/.local/lib/python3.12/site-packages/airflow/example_dags/example_branch_python_dop_operator_3.py for tasks to queue
[2026-06-19T17:05:55.881+0000] {logging_mixin.py:190} INFO - [2026-06-19T17:05:55.880+0000] {dagbag.py:588} INFO - Filling up the DagBag from /home/airflow/.local/lib/python3.12/site-packages/airflow/example_dags/example_branch_python_dop_operator_3.py
[2026-06-19T17:05:55.975+0000] {processor.py:925} INFO - DAG(s) 'example_branch_dop_operator_v3' retrieved from /home/airflow/.local/lib/python3.12/site-packages/airflow/example_dags/example_branch_python_dop_operator_3.py
[2026-06-19T17:05:56.038+0000] {logging_mixin.py:190} INFO - [2026-06-19T17:05:56.038+0000] {dag.py:3239} INFO - Sync 1 DAGs
[2026-06-19T17:05:56.205+0000] {logging_mixin.py:190} INFO - [2026-06-19T17:05:56.204+0000] {dag.py:4180} INFO - Setting next_dagrun for example_branch_dop_operator_v3 to 2026-06-19 17:04:00+00:00, run_after=2026-06-19 17:05:00+00:00
[2026-06-19T17:05:56.332+0000] {processor.py:208} INFO - Processing /home/airflow/.local/lib/python3.12/site-packages/airflow/example_dags/example_branch_python_dop_operator_3.py took 0.505 seconds
[2026-06-19T17:07:57.438+0000] {processor.py:186} INFO - Started process (PID=73) to work on /home/airflow/.local/lib/python3.12/site-packages/airflow/example_dags/example_branch_python_dop_operator_3.py
[2026-06-19T17:07:57.443+0000] {processor.py:914} INFO - Processing file /home/airflow/.local/lib/python3.12/site-packages/airflow/example_dags/example_branch_python_dop_operator_3.py for tasks to queue
[2026-06-19T17:07:57.452+0000] {logging_mixin.py:190} INFO - [2026-06-19T17:07:57.451+0000] {dagbag.py:588} INFO - Filling up the DagBag from /home/airflow/.local/lib/python3.12/site-packages/airflow/example_dags/example_branch_python_dop_operator_3.py
[2026-06-19T17:07:57.494+0000] {processor.py:925} INFO - DAG(s) 'example_branch_dop_operator_v3' retrieved from /home/airflow/.local/lib/python3.12/site-packages/airflow/example_dags/example_branch_python_dop_operator_3.py
[2026-06-19T17:07:57.586+0000] {logging_mixin.py:190} INFO - [2026-06-19T17:07:57.582+0000] {dag.py:3239} INFO - Sync 1 DAGs
[2026-06-19T17:07:57.673+0000] {logging_mixin.py:190} INFO - [2026-06-19T17:07:57.672+0000] {dag.py:4180} INFO - Setting next_dagrun for example_branch_dop_operator_v3 to 2026-06-19 17:06:00+00:00, run_after=2026-06-19 17:07:00+00:00
[2026-06-19T17:07:57.730+0000] {processor.py:208} INFO - Processing /home/airflow/.local/lib/python3.12/site-packages/airflow/example_dags/example_branch_python_dop_operator_3.py took 0.312 seconds
[2026-06-19T17:08:28.423+0000] {processor.py:186} INFO - Started process (PID=137) to work on /home/airflow/.local/lib/python3.12/site-packages/airflow/example_dags/example_branch_python_dop_operator_3.py
[2026-06-19T17:08:28.426+0000] {processor.py:914} INFO - Processing file /home/airflow/.local/lib/python3.12/site-packages/airflow/example_dags/example_branch_python_dop_operator_3.py for tasks to queue
[2026-06-19T17:08:28.432+0000] {logging_mixin.py:190} INFO - [2026-06-19T17:08:28.431+0000] {dagbag.py:588} INFO - Filling up the DagBag from /home/airflow/.local/lib/python3.12/site-packages/airflow/example_dags/example_branch_python_dop_operator_3.py
[2026-06-19T17:08:28.448+0000] {processor.py:925} INFO - DAG(s) 'example_branch_dop_operator_v3' retrieved from /home/airflow/.local/lib/python3.12/site-packages/airflow/example_dags/example_branch_python_dop_operator_3.py
[2026-06-19T17:08:28.480+0000] {logging_mixin.py:190} INFO - [2026-06-19T17:08:28.480+0000] {dag.py:3239} INFO - Sync 1 DAGs
[2026-06-19T17:08:28.522+0000] {logging_mixin.py:190} INFO - [2026-06-19T17:08:28.522+0000] {dag.py:4180} INFO - Setting next_dagrun for example_branch_dop_operator_v3 to 2026-06-19 17:07:00+00:00, run_after=2026-06-19 17:08:00+00:00
[2026-06-19T17:08:28.551+0000] {processor.py:208} INFO - Processing /home/airflow/.local/lib/python3.12/site-packages/airflow/example_dags/example_branch_python_dop_operator_3.py took 0.136 seconds
[2026-06-19T17:08:58.742+0000] {processor.py:186} INFO - Started process (PID=201) to work on /home/airflow/.local/lib/python3.12/site-packages/airflow/example_dags/example_branch_python_dop_operator_3.py
[2026-06-19T17:08:58.752+0000] {processor.py:914} INFO - Processing file /home/airflow/.local/lib/python3.12/site-packages/airflow/example_dags/example_branch_python_dop_operator_3.py for tasks to queue
[2026-06-19T17:08:58.757+0000] {logging_mixin.py:190} INFO - [2026-06-19T17:08:58.756+0000] {dagbag.py:588} INFO - Filling up the DagBag from /home/airflow/.local/lib/python3.12/site-packages/airflow/example_dags/example_branch_python_dop_operator_3.py
[2026-06-19T17:08:58.768+0000] {processor.py:925} INFO - DAG(s) 'example_branch_dop_operator_v3' retrieved from /home/airflow/.local/lib/python3.12/site-packages/airflow/example_dags/example_branch_python_dop_operator_3.py
[2026-06-19T17:08:58.792+0000] {logging_mixin.py:190} INFO - [2026-06-19T17:08:58.792+0000] {dag.py:3239} INFO - Sync 1 DAGs
[2026-06-19T17:08:58.820+0000] {logging_mixin.py:190} INFO - [2026-06-19T17:08:58.820+0000] {dag.py:4180} INFO - Setting next_dagrun for example_branch_dop_operator_v3 to 2026-06-19 17:07:00+00:00, run_after=2026-06-19 17:08:00+00:00
[2026-06-19T17:08:58.840+0000] {processor.py:208} INFO - Processing /home/airflow/.local/lib/python3.12/site-packages/airflow/example_dags/example_branch_python_dop_operator_3.py took 0.106 seconds
[2026-06-19T17:09:29.418+0000] {processor.py:186} INFO - Started process (PID=265) to work on /home/airflow/.local/lib/python3.12/site-packages/airflow/example_dags/example_branch_python_dop_operator_3.py
[2026-06-19T17:09:29.453+0000] {processor.py:914} INFO - Processing file /home/airflow/.local/lib/python3.12/site-packages/airflow/example_dags/example_branch_python_dop_operator_3.py for tasks to queue
[2026-06-19T17:09:29.494+0000] {logging_mixin.py:190} INFO - [2026-06-19T17:09:29.492+0000] {dagbag.py:588} INFO - Filling up the DagBag from /home/airflow/.local/lib/python3.12/site-packages/airflow/example_dags/example_branch_python_dop_operator_3.py
[2026-06-19T17:09:29.611+0000] {processor.py:925} INFO - DAG(s) 'example_branch_dop_operator_v3' retrieved from /home/airflow/.local/lib/python3.12/site-packages/airflow/example_dags/example_branch_python_dop_operator_3.py
[2026-06-19T17:09:29.817+0000] {logging_mixin.py:190} INFO - [2026-06-19T17:09:29.817+0000] {dag.py:3239} INFO - Sync 1 DAGs
[2026-06-19T17:09:30.024+0000] {logging_mixin.py:190} INFO - [2026-06-19T17:09:30.023+0000] {dag.py:4180} INFO - Setting next_dagrun for example_branch_dop_operator_v3 to 2026-06-19 17:08:00+00:00, run_after=2026-06-19 17:09:00+00:00
[2026-06-19T17:09:30.105+0000] {processor.py:208} INFO - Processing /home/airflow/.local/lib/python3.12/site-packages/airflow/example_dags/example_branch_python_dop_operator_3.py took 0.736 seconds
[2026-06-19T17:10:00.176+0000] {processor.py:186} INFO - Started process (PID=329) to work on /home/airflow/.local/lib/python3.12/site-packages/airflow/example_dags/example_branch_python_dop_operator_3.py
[2026-06-19T17:10:00.179+0000] {processor.py:914} INFO - Processing file /home/airflow/.local/lib/python3.12/site-packages/airflow/example_dags/example_branch_python_dop_operator_3.py for tasks to queue
[2026-06-19T17:10:00.185+0000] {logging_mixin.py:190} INFO - [2026-06-19T17:10:00.185+0000] {dagbag.py:588} INFO - Filling up the DagBag from /home/airflow/.local/lib/python3.12/site-packages/airflow/example_dags/example_branch_python_dop_operator_3.py
[2026-06-19T17:10:00.203+0000] {processor.py:925} INFO - DAG(s) 'example_branch_dop_operator_v3' retrieved from /home/airflow/.local/lib/python3.12/site-packages/airflow/example_dags/example_branch_python_dop_operator_3.py
[2026-06-19T17:10:00.240+0000] {logging_mixin.py:190} INFO - [2026-06-19T17:10:00.240+0000] {dag.py:3239} INFO - Sync 1 DAGs
[2026-06-19T17:10:00.291+0000] {logging_mixin.py:190} INFO - [2026-06-19T17:10:00.291+0000] {dag.py:4180} INFO - Setting next_dagrun for example_branch_dop_operator_v3 to 2026-06-19 17:09:00+00:00, run_after=2026-06-19 17:10:00+00:00
[2026-06-19T17:10:00.331+0000] {processor.py:208} INFO - Processing /home/airflow/.local/lib/python3.12/site-packages/airflow/example_dags/example_branch_python_dop_operator_3.py took 0.165 seconds
[2026-06-19T17:10:30.537+0000] {processor.py:186} INFO - Started process (PID=394) to work on /home/airflow/.local/lib/python3.12/site-packages/airflow/example_dags/example_branch_python_dop_operator_3.py
[2026-06-19T17:10:30.540+0000] {processor.py:914} INFO - Processing file /home/airflow/.local/lib/python3.12/site-packages/airflow/example_dags/example_branch_python_dop_operator_3.py for tasks to queue
[2026-06-19T17:10:30.544+0000] {logging_mixin.py:190} INFO - [2026-06-19T17:10:30.544+0000] {dagbag.py:588} INFO - Filling up the DagBag from /home/airflow/.local/lib/python3.12/site-packages/airflow/example_dags/example_branch_python_dop_operator_3.py
[2026-06-19T17:10:30.556+0000] {processor.py:925} INFO - DAG(s) 'example_branch_dop_operator_v3' retrieved from /home/airflow/.local/lib/python3.12/site-packages/airflow/example_dags/example_branch_python_dop_operator_3.py
[2026-06-19T17:10:30.576+0000] {logging_mixin.py:190} INFO - [2026-06-19T17:10:30.576+0000] {dag.py:3239} INFO - Sync 1 DAGs
[2026-06-19T17:10:30.601+0000] {logging_mixin.py:190} INFO - [2026-06-19T17:10:30.601+0000] {dag.py:4180} INFO - Setting next_dagrun for example_branch_dop_operator_v3 to 2026-06-19 17:09:00+00:00, run_after=2026-06-19 17:10:00+00:00
[2026-06-19T17:10:30.626+0000] {processor.py:208} INFO - Processing /home/airflow/.local/lib/python3.12/site-packages/airflow/example_dags/example_branch_python_dop_operator_3.py took 0.096 seconds
[2026-06-19T17:11:00.730+0000] {processor.py:186} INFO - Started process (PID=458) to work on /home/airflow/.local/lib/python3.12/site-packages/airflow/example_dags/example_branch_python_dop_operator_3.py
[2026-06-19T17:11:00.734+0000] {processor.py:914} INFO - Processing file /home/airflow/.local/lib/python3.12/site-packages/airflow/example_dags/example_branch_python_dop_operator_3.py for tasks to queue
[2026-06-19T17:11:00.742+0000] {logging_mixin.py:190} INFO - [2026-06-19T17:11:00.741+0000] {dagbag.py:588} INFO - Filling up the DagBag from /home/airflow/.local/lib/python3.12/site-packages/airflow/example_dags/example_branch_python_dop_operator_3.py
[2026-06-19T17:11:00.768+0000] {processor.py:925} INFO - DAG(s) 'example_branch_dop_operator_v3' retrieved from /home/airflow/.local/lib/python3.12/site-packages/airflow/example_dags/example_branch_python_dop_operator_3.py
[2026-06-19T17:11:00.811+0000] {logging_mixin.py:190} INFO - [2026-06-19T17:11:00.811+0000] {dag.py:3239} INFO - Sync 1 DAGs
[2026-06-19T17:11:00.860+0000] {logging_mixin.py:190} INFO - [2026-06-19T17:11:00.859+0000] {dag.py:4180} INFO - Setting next_dagrun for example_branch_dop_operator_v3 to 2026-06-19 17:10:00+00:00, run_after=2026-06-19 17:11:00+00:00
[2026-06-19T17:11:00.893+0000] {processor.py:208} INFO - Processing /home/airflow/.local/lib/python3.12/site-packages/airflow/example_dags/example_branch_python_dop_operator_3.py took 0.179 seconds
[2026-06-19T17:11:31.172+0000] {processor.py:186} INFO - Started process (PID=522) to work on /home/airflow/.local/lib/python3.12/site-packages/airflow/example_dags/example_branch_python_dop_operator_3.py
[2026-06-19T17:11:31.175+0000] {processor.py:914} INFO - Processing file /home/airflow/.local/lib/python3.12/site-packages/airflow/example_dags/example_branch_python_dop_operator_3.py for tasks to queue
[2026-06-19T17:11:31.179+0000] {logging_mixin.py:190} INFO - [2026-06-19T17:11:31.179+0000] {dagbag.py:588} INFO - Filling up the DagBag from /home/airflow/.local/lib/python3.12/site-packages/airflow/example_dags/example_branch_python_dop_operator_3.py
[2026-06-19T17:11:31.197+0000] {processor.py:925} INFO - DAG(s) 'example_branch_dop_operator_v3' retrieved from /home/airflow/.local/lib/python3.12/site-packages/airflow/example_dags/example_branch_python_dop_operator_3.py
[2026-06-19T17:11:31.233+0000] {logging_mixin.py:190} INFO - [2026-06-19T17:11:31.232+0000] {dag.py:3239} INFO - Sync 1 DAGs
[2026-06-19T17:11:31.330+0000] {logging_mixin.py:190} INFO - [2026-06-19T17:11:31.329+0000] {dag.py:4180} INFO - Setting next_dagrun for example_branch_dop_operator_v3 to 2026-06-19 17:10:00+00:00, run_after=2026-06-19 17:11:00+00:00
[2026-06-19T17:11:31.355+0000] {processor.py:208} INFO - Processing /home/airflow/.local/lib/python3.12/site-packages/airflow/example_dags/example_branch_python_dop_operator_3.py took 0.194 seconds
[2026-06-19T17:12:01.507+0000] {processor.py:186} INFO - Started process (PID=586) to work on /home/airflow/.local/lib/python3.12/site-packages/airflow/example_dags/example_branch_python_dop_operator_3.py
[2026-06-19T17:12:01.515+0000] {processor.py:914} INFO - Processing file /home/airflow/.local/lib/python3.12/site-packages/airflow/example_dags/example_branch_python_dop_operator_3.py for tasks to queue
[2026-06-19T17:12:01.532+0000] {logging_mixin.py:190} INFO - [2026-06-19T17:12:01.531+0000] {dagbag.py:588} INFO - Filling up the DagBag from /home/airflow/.local/lib/python3.12/site-packages/airflow/example_dags/example_branch_python_dop_operator_3.py
[2026-06-19T17:12:01.621+0000] {processor.py:925} INFO - DAG(s) 'example_branch_dop_operator_v3' retrieved from /home/airflow/.local/lib/python3.12/site-packages/airflow/example_dags/example_branch_python_dop_operator_3.py
[2026-06-19T17:12:01.695+0000] {logging_mixin.py:190} INFO - [2026-06-19T17:12:01.695+0000] {dag.py:3239} INFO - Sync 1 DAGs
[2026-06-19T17:12:01.834+0000] {logging_mixin.py:190} INFO - [2026-06-19T17:12:01.833+0000] {dag.py:4180} INFO - Setting next_dagrun for example_branch_dop_operator_v3 to 2026-06-19 17:11:00+00:00, run_after=2026-06-19 17:12:00+00:00
[2026-06-19T17:12:01.953+0000] {processor.py:208} INFO - Processing /home/airflow/.local/lib/python3.12/site-packages/airflow/example_dags/example_branch_python_dop_operator_3.py took 0.496 seconds
[2026-06-19T17:12:32.371+0000] {processor.py:186} INFO - Started process (PID=650) to work on /home/airflow/.local/lib/python3.12/site-packages/airflow/example_dags/example_branch_python_dop_operator_3.py
[2026-06-19T17:12:32.374+0000] {processor.py:914} INFO - Processing file /home/airflow/.local/lib/python3.12/site-packages/airflow/example_dags/example_branch_python_dop_operator_3.py for tasks to queue
[2026-06-19T17:12:32.378+0000] {logging_mixin.py:190} INFO - [2026-06-19T17:12:32.378+0000] {dagbag.py:588} INFO - Filling up the DagBag from /home/airflow/.local/lib/python3.12/site-packages/airflow/example_dags/example_branch_python_dop_operator_3.py
[2026-06-19T17:12:32.398+0000] {processor.py:925} INFO - DAG(s) 'example_branch_dop_operator_v3' retrieved from /home/airflow/.local/lib/python3.12/site-packages/airflow/example_dags/example_branch_python_dop_operator_3.py
[2026-06-19T17:12:32.425+0000] {logging_mixin.py:190} INFO - [2026-06-19T17:12:32.424+0000] {dag.py:3239} INFO - Sync 1 DAGs
[2026-06-19T17:12:32.465+0000] {logging_mixin.py:190} INFO - [2026-06-19T17:12:32.464+0000] {dag.py:4180} INFO - Setting next_dagrun for example_branch_dop_operator_v3 to 2026-06-19 17:11:00+00:00, run_after=2026-06-19 17:12:00+00:00
[2026-06-19T17:12:32.490+0000] {processor.py:208} INFO - Processing /home/airflow/.local/lib/python3.12/site-packages/airflow/example_dags/example_branch_python_dop_operator_3.py took 0.129 seconds
[2026-06-19T17:13:02.723+0000] {processor.py:186} INFO - Started process (PID=714) to work on /home/airflow/.local/lib/python3.12/site-packages/airflow/example_dags/example_branch_python_dop_operator_3.py
[2026-06-19T17:13:02.726+0000] {processor.py:914} INFO - Processing file /home/airflow/.local/lib/python3.12/site-packages/airflow/example_dags/example_branch_python_dop_operator_3.py for tasks to queue
[2026-06-19T17:13:02.730+0000] {logging_mixin.py:190} INFO - [2026-06-19T17:13:02.730+0000] {dagbag.py:588} INFO - Filling up the DagBag from /home/airflow/.local/lib/python3.12/site-packages/airflow/example_dags/example_branch_python_dop_operator_3.py
[2026-06-19T17:13:02.745+0000] {processor.py:925} INFO - DAG(s) 'example_branch_dop_operator_v3' retrieved from /home/airflow/.local/lib/python3.12/site-packages/airflow/example_dags/example_branch_python_dop_operator_3.py
[2026-06-19T17:13:02.774+0000] {logging_mixin.py:190} INFO - [2026-06-19T17:13:02.773+0000] {dag.py:3239} INFO - Sync 1 DAGs
[2026-06-19T17:13:02.811+0000] {logging_mixin.py:190} INFO - [2026-06-19T17:13:02.811+0000] {dag.py:4180} INFO - Setting next_dagrun for example_branch_dop_operator_v3 to 2026-06-19 17:12:00+00:00, run_after=2026-06-19 17:13:00+00:00
[2026-06-19T17:13:02.839+0000] {processor.py:208} INFO - Processing /home/airflow/.local/lib/python3.12/site-packages/airflow/example_dags/example_branch_python_dop_operator_3.py took 0.123 seconds
[2026-06-19T17:13:39.042+0000] {processor.py:186} INFO - Started process (PID=783) to work on /home/airflow/.local/lib/python3.12/site-packages/airflow/example_dags/example_branch_python_dop_operator_3.py
[2026-06-19T17:13:39.067+0000] {processor.py:914} INFO - Processing file /home/airflow/.local/lib/python3.12/site-packages/airflow/example_dags/example_branch_python_dop_operator_3.py for tasks to queue
[2026-06-19T17:13:39.079+0000] {logging_mixin.py:190} INFO - [2026-06-19T17:13:39.078+0000] {dagbag.py:588} INFO - Filling up the DagBag from /home/airflow/.local/lib/python3.12/site-packages/airflow/example_dags/example_branch_python_dop_operator_3.py
[2026-06-19T17:13:39.141+0000] {processor.py:925} INFO - DAG(s) 'example_branch_dop_operator_v3' retrieved from /home/airflow/.local/lib/python3.12/site-packages/airflow/example_dags/example_branch_python_dop_operator_3.py
[2026-06-19T17:13:39.246+0000] {logging_mixin.py:190} INFO - [2026-06-19T17:13:39.245+0000] {dag.py:3239} INFO - Sync 1 DAGs
[2026-06-19T17:13:39.414+0000] {logging_mixin.py:190} INFO - [2026-06-19T17:13:39.404+0000] {dag.py:4180} INFO - Setting next_dagrun for example_branch_dop_operator_v3 to 2026-06-19 17:12:00+00:00, run_after=2026-06-19 17:13:00+00:00
[2026-06-19T17:13:39.576+0000] {processor.py:208} INFO - Processing /home/airflow/.local/lib/python3.12/site-packages/airflow/example_dags/example_branch_python_dop_operator_3.py took 0.587 seconds
[2026-06-19T17:14:11.113+0000] {processor.py:186} INFO - Started process (PID=841) to work on /home/airflow/.local/lib/python3.12/site-packages/airflow/example_dags/example_branch_python_dop_operator_3.py
[2026-06-19T17:14:11.119+0000] {processor.py:914} INFO - Processing file /home/airflow/.local/lib/python3.12/site-packages/airflow/example_dags/example_branch_python_dop_operator_3.py for tasks to queue
[2026-06-19T17:14:11.132+0000] {logging_mixin.py:190} INFO - [2026-06-19T17:14:11.130+0000] {dagbag.py:588} INFO - Filling up the DagBag from /home/airflow/.local/lib/python3.12/site-packages/airflow/example_dags/example_branch_python_dop_operator_3.py
[2026-06-19T17:14:11.191+0000] {processor.py:925} INFO - DAG(s) 'example_branch_dop_operator_v3' retrieved from /home/airflow/.local/lib/python3.12/site-packages/airflow/example_dags/example_branch_python_dop_operator_3.py
[2026-06-19T17:14:11.279+0000] {logging_mixin.py:190} INFO - [2026-06-19T17:14:11.278+0000] {dag.py:3239} INFO - Sync 1 DAGs
[2026-06-19T17:14:11.441+0000] {logging_mixin.py:190} INFO - [2026-06-19T17:14:11.440+0000] {dag.py:4180} INFO - Setting next_dagrun for example_branch_dop_operator_v3 to 2026-06-19 17:13:00+00:00, run_after=2026-06-19 17:14:00+00:00
[2026-06-19T17:14:11.540+0000] {processor.py:208} INFO - Processing /home/airflow/.local/lib/python3.12/site-packages/airflow/example_dags/example_branch_python_dop_operator_3.py took 0.447 seconds
[2026-06-19T17:14:44.268+0000] {processor.py:186} INFO - Started process (PID=905) to work on /home/airflow/.local/lib/python3.12/site-packages/airflow/example_dags/example_branch_python_dop_operator_3.py
[2026-06-19T17:14:44.278+0000] {processor.py:914} INFO - Processing file /home/airflow/.local/lib/python3.12/site-packages/airflow/example_dags/example_branch_python_dop_operator_3.py for tasks to queue
[2026-06-19T17:14:44.300+0000] {logging_mixin.py:190} INFO - [2026-06-19T17:14:44.297+0000] {dagbag.py:588} INFO - Filling up the DagBag from /home/airflow/.local/lib/python3.12/site-packages/airflow/example_dags/example_branch_python_dop_operator_3.py
[2026-06-19T17:14:44.352+0000] {processor.py:925} INFO - DAG(s) 'example_branch_dop_operator_v3' retrieved from /home/airflow/.local/lib/python3.12/site-packages/airflow/example_dags/example_branch_python_dop_operator_3.py
[2026-06-19T17:14:44.435+0000] {logging_mixin.py:190} INFO - [2026-06-19T17:14:44.434+0000] {dag.py:3239} INFO - Sync 1 DAGs
[2026-06-19T17:14:44.553+0000] {logging_mixin.py:190} INFO - [2026-06-19T17:14:44.552+0000] {dag.py:4180} INFO - Setting next_dagrun for example_branch_dop_operator_v3 to 2026-06-19 17:13:00+00:00, run_after=2026-06-19 17:14:00+00:00
[2026-06-19T17:14:44.631+0000] {processor.py:208} INFO - Processing /home/airflow/.local/lib/python3.12/site-packages/airflow/example_dags/example_branch_python_dop_operator_3.py took 0.392 seconds
[2026-06-19T17:15:15.320+0000] {processor.py:186} INFO - Started process (PID=968) to work on /home/airflow/.local/lib/python3.12/site-packages/airflow/example_dags/example_branch_python_dop_operator_3.py
[2026-06-19T17:15:15.323+0000] {processor.py:914} INFO - Processing file /home/airflow/.local/lib/python3.12/site-packages/airflow/example_dags/example_branch_python_dop_operator_3.py for tasks to queue
[2026-06-19T17:15:15.329+0000] {logging_mixin.py:190} INFO - [2026-06-19T17:15:15.328+0000] {dagbag.py:588} INFO - Filling up the DagBag from /home/airflow/.local/lib/python3.12/site-packages/airflow/example_dags/example_branch_python_dop_operator_3.py
[2026-06-19T17:15:15.348+0000] {processor.py:925} INFO - DAG(s) 'example_branch_dop_operator_v3' retrieved from /home/airflow/.local/lib/python3.12/site-packages/airflow/example_dags/example_branch_python_dop_operator_3.py
[2026-06-19T17:15:15.385+0000] {logging_mixin.py:190} INFO - [2026-06-19T17:15:15.384+0000] {dag.py:3239} INFO - Sync 1 DAGs
[2026-06-19T17:15:15.428+0000] {logging_mixin.py:190} INFO - [2026-06-19T17:15:15.427+0000] {dag.py:4180} INFO - Setting next_dagrun for example_branch_dop_operator_v3 to 2026-06-19 17:14:00+00:00, run_after=2026-06-19 17:15:00+00:00
[2026-06-19T17:15:15.462+0000] {processor.py:208} INFO - Processing /home/airflow/.local/lib/python3.12/site-packages/airflow/example_dags/example_branch_python_dop_operator_3.py took 0.152 seconds
[2026-06-19T17:15:46.365+0000] {processor.py:186} INFO - Started process (PID=1032) to work on /home/airflow/.local/lib/python3.12/site-packages/airflow/example_dags/example_branch_python_dop_operator_3.py
[2026-06-19T17:15:46.372+0000] {processor.py:914} INFO - Processing file /home/airflow/.local/lib/python3.12/site-packages/airflow/example_dags/example_branch_python_dop_operator_3.py for tasks to queue
[2026-06-19T17:15:46.384+0000] {logging_mixin.py:190} INFO - [2026-06-19T17:15:46.383+0000] {dagbag.py:588} INFO - Filling up the DagBag from /home/airflow/.local/lib/python3.12/site-packages/airflow/example_dags/example_branch_python_dop_operator_3.py
[2026-06-19T17:15:46.420+0000] {processor.py:925} INFO - DAG(s) 'example_branch_dop_operator_v3' retrieved from /home/airflow/.local/lib/python3.12/site-packages/airflow/example_dags/example_branch_python_dop_operator_3.py
[2026-06-19T17:15:46.457+0000] {logging_mixin.py:190} INFO - [2026-06-19T17:15:46.457+0000] {dag.py:3239} INFO - Sync 1 DAGs
[2026-06-19T17:15:46.504+0000] {logging_mixin.py:190} INFO - [2026-06-19T17:15:46.504+0000] {dag.py:4180} INFO - Setting next_dagrun for example_branch_dop_operator_v3 to 2026-06-19 17:14:00+00:00, run_after=2026-06-19 17:15:00+00:00
[2026-06-19T17:15:46.539+0000] {processor.py:208} INFO - Processing /home/airflow/.local/lib/python3.12/site-packages/airflow/example_dags/example_branch_python_dop_operator_3.py took 0.189 seconds
[2026-06-19T17:16:16.933+0000] {processor.py:186} INFO - Started process (PID=1097) to work on /home/airflow/.local/lib/python3.12/site-packages/airflow/example_dags/example_branch_python_dop_operator_3.py
[2026-06-19T17:16:16.936+0000] {processor.py:914} INFO - Processing file /home/airflow/.local/lib/python3.12/site-packages/airflow/example_dags/example_branch_python_dop_operator_3.py for tasks to queue
[2026-06-19T17:16:16.945+0000] {logging_mixin.py:190} INFO - [2026-06-19T17:16:16.944+0000] {dagbag.py:588} INFO - Filling up the DagBag from /home/airflow/.local/lib/python3.12/site-packages/airflow/example_dags/example_branch_python_dop_operator_3.py
[2026-06-19T17:16:16.974+0000] {processor.py:925} INFO - DAG(s) 'example_branch_dop_operator_v3' retrieved from /home/airflow/.local/lib/python3.12/site-packages/airflow/example_dags/example_branch_python_dop_operator_3.py
[2026-06-19T17:16:17.018+0000] {logging_mixin.py:190} INFO - [2026-06-19T17:16:17.017+0000] {dag.py:3239} INFO - Sync 1 DAGs
[2026-06-19T17:16:17.070+0000] {logging_mixin.py:190} INFO - [2026-06-19T17:16:17.069+0000] {dag.py:4180} INFO - Setting next_dagrun for example_branch_dop_operator_v3 to 2026-06-19 17:15:00+00:00, run_after=2026-06-19 17:16:00+00:00
[2026-06-19T17:16:17.106+0000] {processor.py:208} INFO - Processing /home/airflow/.local/lib/python3.12/site-packages/airflow/example_dags/example_branch_python_dop_operator_3.py took 0.187 seconds
[2026-06-19T17:16:47.462+0000] {processor.py:186} INFO - Started process (PID=1160) to work on /home/airflow/.local/lib/python3.12/site-packages/airflow/example_dags/example_branch_python_dop_operator_3.py
[2026-06-19T17:16:47.468+0000] {processor.py:914} INFO - Processing file /home/airflow/.local/lib/python3.12/site-packages/airflow/example_dags/example_branch_python_dop_operator_3.py for tasks to queue
[2026-06-19T17:16:47.502+0000] {logging_mixin.py:190} INFO - [2026-06-19T17:16:47.501+0000] {dagbag.py:588} INFO - Filling up the DagBag from /home/airflow/.local/lib/python3.12/site-packages/airflow/example_dags/example_branch_python_dop_operator_3.py
[2026-06-19T17:16:47.564+0000] {processor.py:925} INFO - DAG(s) 'example_branch_dop_operator_v3' retrieved from /home/airflow/.local/lib/python3.12/site-packages/airflow/example_dags/example_branch_python_dop_operator_3.py
[2026-06-19T17:16:47.685+0000] {logging_mixin.py:190} INFO - [2026-06-19T17:16:47.685+0000] {dag.py:3239} INFO - Sync 1 DAGs
[2026-06-19T17:16:47.780+0000] {logging_mixin.py:190} INFO - [2026-06-19T17:16:47.779+0000] {dag.py:4180} INFO - Setting next_dagrun for example_branch_dop_operator_v3 to 2026-06-19 17:15:00+00:00, run_after=2026-06-19 17:16:00+00:00
[2026-06-19T17:16:47.825+0000] {processor.py:208} INFO - Processing /home/airflow/.local/lib/python3.12/site-packages/airflow/example_dags/example_branch_python_dop_operator_3.py took 0.387 seconds
[2026-06-19T17:17:18.022+0000] {processor.py:186} INFO - Started process (PID=1224) to work on /home/airflow/.local/lib/python3.12/site-packages/airflow/example_dags/example_branch_python_dop_operator_3.py
[2026-06-19T17:17:18.029+0000] {processor.py:914} INFO - Processing file /home/airflow/.local/lib/python3.12/site-packages/airflow/example_dags/example_branch_python_dop_operator_3.py for tasks to queue
[2026-06-19T17:17:18.044+0000] {logging_mixin.py:190} INFO - [2026-06-19T17:17:18.042+0000] {dagbag.py:588} INFO - Filling up the DagBag from /home/airflow/.local/lib/python3.12/site-packages/airflow/example_dags/example_branch_python_dop_operator_3.py
[2026-06-19T17:17:18.098+0000] {processor.py:925} INFO - DAG(s) 'example_branch_dop_operator_v3' retrieved from /home/airflow/.local/lib/python3.12/site-packages/airflow/example_dags/example_branch_python_dop_operator_3.py
[2026-06-19T17:17:18.158+0000] {logging_mixin.py:190} INFO - [2026-06-19T17:17:18.158+0000] {dag.py:3239} INFO - Sync 1 DAGs
[2026-06-19T17:17:18.220+0000] {logging_mixin.py:190} INFO - [2026-06-19T17:17:18.219+0000] {dag.py:4180} INFO - Setting next_dagrun for example_branch_dop_operator_v3 to 2026-06-19 17:16:00+00:00, run_after=2026-06-19 17:17:00+00:00
[2026-06-19T17:17:18.267+0000] {processor.py:208} INFO - Processing /home/airflow/.local/lib/python3.12/site-packages/airflow/example_dags/example_branch_python_dop_operator_3.py took 0.264 seconds
[2026-06-19T17:17:48.686+0000] {processor.py:186} INFO - Started process (PID=1285) to work on /home/airflow/.local/lib/python3.12/site-packages/airflow/example_dags/example_branch_python_dop_operator_3.py
[2026-06-19T17:17:48.692+0000] {processor.py:914} INFO - Processing file /home/airflow/.local/lib/python3.12/site-packages/airflow/example_dags/example_branch_python_dop_operator_3.py for tasks to queue
[2026-06-19T17:17:48.700+0000] {logging_mixin.py:190} INFO - [2026-06-19T17:17:48.699+0000] {dagbag.py:588} INFO - Filling up the DagBag from /home/airflow/.local/lib/python3.12/site-packages/airflow/example_dags/example_branch_python_dop_operator_3.py
[2026-06-19T17:17:48.732+0000] {processor.py:925} INFO - DAG(s) 'example_branch_dop_operator_v3' retrieved from /home/airflow/.local/lib/python3.12/site-packages/airflow/example_dags/example_branch_python_dop_operator_3.py
[2026-06-19T17:17:48.782+0000] {logging_mixin.py:190} INFO - [2026-06-19T17:17:48.781+0000] {dag.py:3239} INFO - Sync 1 DAGs
[2026-06-19T17:17:48.849+0000] {logging_mixin.py:190} INFO - [2026-06-19T17:17:48.848+0000] {dag.py:4180} INFO - Setting next_dagrun for example_branch_dop_operator_v3 to 2026-06-19 17:16:00+00:00, run_after=2026-06-19 17:17:00+00:00
[2026-06-19T17:17:48.898+0000] {processor.py:208} INFO - Processing /home/airflow/.local/lib/python3.12/site-packages/airflow/example_dags/example_branch_python_dop_operator_3.py took 0.227 seconds
