[2026-06-19T16:38:42.068+0000] {processor.py:186} INFO - Started process (PID=72) to work on /home/airflow/.local/lib/python3.12/site-packages/airflow/example_dags/example_latest_only_with_trigger.py
[2026-06-19T16:38:42.075+0000] {processor.py:914} INFO - Processing file /home/airflow/.local/lib/python3.12/site-packages/airflow/example_dags/example_latest_only_with_trigger.py for tasks to queue
[2026-06-19T16:38:42.081+0000] {logging_mixin.py:190} INFO - [2026-06-19T16:38:42.080+0000] {dagbag.py:588} INFO - Filling up the DagBag from /home/airflow/.local/lib/python3.12/site-packages/airflow/example_dags/example_latest_only_with_trigger.py
[2026-06-19T16:38:42.113+0000] {processor.py:925} INFO - DAG(s) 'latest_only_with_trigger' retrieved from /home/airflow/.local/lib/python3.12/site-packages/airflow/example_dags/example_latest_only_with_trigger.py
[2026-06-19T16:38:42.211+0000] {logging_mixin.py:190} INFO - [2026-06-19T16:38:42.211+0000] {dag.py:3239} INFO - Sync 1 DAGs
[2026-06-19T16:38:42.292+0000] {logging_mixin.py:190} INFO - [2026-06-19T16:38:42.291+0000] {dag.py:4180} INFO - Setting next_dagrun for latest_only_with_trigger to 2026-06-19 12:00:00+00:00, run_after=2026-06-19 16:00:00+00:00
[2026-06-19T16:38:42.366+0000] {processor.py:208} INFO - Processing /home/airflow/.local/lib/python3.12/site-packages/airflow/example_dags/example_latest_only_with_trigger.py took 0.311 seconds
[2026-06-19T16:39:12.930+0000] {processor.py:186} INFO - Started process (PID=136) to work on /home/airflow/.local/lib/python3.12/site-packages/airflow/example_dags/example_latest_only_with_trigger.py
[2026-06-19T16:39:12.932+0000] {processor.py:914} INFO - Processing file /home/airflow/.local/lib/python3.12/site-packages/airflow/example_dags/example_latest_only_with_trigger.py for tasks to queue
[2026-06-19T16:39:12.935+0000] {logging_mixin.py:190} INFO - [2026-06-19T16:39:12.935+0000] {dagbag.py:588} INFO - Filling up the DagBag from /home/airflow/.local/lib/python3.12/site-packages/airflow/example_dags/example_latest_only_with_trigger.py
[2026-06-19T16:39:12.945+0000] {processor.py:925} INFO - DAG(s) 'latest_only_with_trigger' retrieved from /home/airflow/.local/lib/python3.12/site-packages/airflow/example_dags/example_latest_only_with_trigger.py
[2026-06-19T16:39:12.966+0000] {logging_mixin.py:190} INFO - [2026-06-19T16:39:12.966+0000] {dag.py:3239} INFO - Sync 1 DAGs
[2026-06-19T16:39:12.995+0000] {logging_mixin.py:190} INFO - [2026-06-19T16:39:12.995+0000] {dag.py:4180} INFO - Setting next_dagrun for latest_only_with_trigger to 2026-06-19 12:00:00+00:00, run_after=2026-06-19 16:00:00+00:00
[2026-06-19T16:39:13.018+0000] {processor.py:208} INFO - Processing /home/airflow/.local/lib/python3.12/site-packages/airflow/example_dags/example_latest_only_with_trigger.py took 0.096 seconds
[2026-06-19T16:39:44.242+0000] {processor.py:186} INFO - Started process (PID=200) to work on /home/airflow/.local/lib/python3.12/site-packages/airflow/example_dags/example_latest_only_with_trigger.py
[2026-06-19T16:39:44.248+0000] {processor.py:914} INFO - Processing file /home/airflow/.local/lib/python3.12/site-packages/airflow/example_dags/example_latest_only_with_trigger.py for tasks to queue
[2026-06-19T16:39:44.257+0000] {logging_mixin.py:190} INFO - [2026-06-19T16:39:44.256+0000] {dagbag.py:588} INFO - Filling up the DagBag from /home/airflow/.local/lib/python3.12/site-packages/airflow/example_dags/example_latest_only_with_trigger.py
[2026-06-19T16:39:44.277+0000] {processor.py:925} INFO - DAG(s) 'latest_only_with_trigger' retrieved from /home/airflow/.local/lib/python3.12/site-packages/airflow/example_dags/example_latest_only_with_trigger.py
[2026-06-19T16:39:44.324+0000] {logging_mixin.py:190} INFO - [2026-06-19T16:39:44.323+0000] {dag.py:3239} INFO - Sync 1 DAGs
[2026-06-19T16:39:44.388+0000] {logging_mixin.py:190} INFO - [2026-06-19T16:39:44.388+0000] {dag.py:4180} INFO - Setting next_dagrun for latest_only_with_trigger to 2026-06-19 12:00:00+00:00, run_after=2026-06-19 16:00:00+00:00
[2026-06-19T16:39:44.426+0000] {processor.py:208} INFO - Processing /home/airflow/.local/lib/python3.12/site-packages/airflow/example_dags/example_latest_only_with_trigger.py took 0.199 seconds
[2026-06-19T16:41:53.704+0000] {processor.py:186} INFO - Started process (PID=77) to work on /home/airflow/.local/lib/python3.12/site-packages/airflow/example_dags/example_latest_only_with_trigger.py
[2026-06-19T16:41:53.713+0000] {processor.py:914} INFO - Processing file /home/airflow/.local/lib/python3.12/site-packages/airflow/example_dags/example_latest_only_with_trigger.py for tasks to queue
[2026-06-19T16:41:53.743+0000] {logging_mixin.py:190} INFO - [2026-06-19T16:41:53.742+0000] {dagbag.py:588} INFO - Filling up the DagBag from /home/airflow/.local/lib/python3.12/site-packages/airflow/example_dags/example_latest_only_with_trigger.py
[2026-06-19T16:41:53.800+0000] {processor.py:925} INFO - DAG(s) 'latest_only_with_trigger' retrieved from /home/airflow/.local/lib/python3.12/site-packages/airflow/example_dags/example_latest_only_with_trigger.py
[2026-06-19T16:41:54.003+0000] {logging_mixin.py:190} INFO - [2026-06-19T16:41:54.003+0000] {dag.py:3239} INFO - Sync 1 DAGs
[2026-06-19T16:41:54.275+0000] {logging_mixin.py:190} INFO - [2026-06-19T16:41:54.274+0000] {dag.py:4180} INFO - Setting next_dagrun for latest_only_with_trigger to 2026-06-19 12:00:00+00:00, run_after=2026-06-19 16:00:00+00:00
[2026-06-19T16:41:54.418+0000] {processor.py:208} INFO - Processing /home/airflow/.local/lib/python3.12/site-packages/airflow/example_dags/example_latest_only_with_trigger.py took 0.758 seconds
[2026-06-19T16:42:28.842+0000] {processor.py:186} INFO - Started process (PID=148) to work on /home/airflow/.local/lib/python3.12/site-packages/airflow/example_dags/example_latest_only_with_trigger.py
[2026-06-19T16:42:28.848+0000] {processor.py:914} INFO - Processing file /home/airflow/.local/lib/python3.12/site-packages/airflow/example_dags/example_latest_only_with_trigger.py for tasks to queue
[2026-06-19T16:42:28.860+0000] {logging_mixin.py:190} INFO - [2026-06-19T16:42:28.859+0000] {dagbag.py:588} INFO - Filling up the DagBag from /home/airflow/.local/lib/python3.12/site-packages/airflow/example_dags/example_latest_only_with_trigger.py
[2026-06-19T16:42:28.916+0000] {processor.py:925} INFO - DAG(s) 'latest_only_with_trigger' retrieved from /home/airflow/.local/lib/python3.12/site-packages/airflow/example_dags/example_latest_only_with_trigger.py
[2026-06-19T16:42:29.031+0000] {logging_mixin.py:190} INFO - [2026-06-19T16:42:29.030+0000] {dag.py:3239} INFO - Sync 1 DAGs
[2026-06-19T16:42:29.158+0000] {logging_mixin.py:190} INFO - [2026-06-19T16:42:29.158+0000] {dag.py:4180} INFO - Setting next_dagrun for latest_only_with_trigger to 2026-06-19 12:00:00+00:00, run_after=2026-06-19 16:00:00+00:00
[2026-06-19T16:42:29.254+0000] {processor.py:208} INFO - Processing /home/airflow/.local/lib/python3.12/site-packages/airflow/example_dags/example_latest_only_with_trigger.py took 0.446 seconds
[2026-06-19T16:43:09.950+0000] {processor.py:186} INFO - Started process (PID=193) to work on /home/airflow/.local/lib/python3.12/site-packages/airflow/example_dags/example_latest_only_with_trigger.py
[2026-06-19T16:43:09.977+0000] {processor.py:914} INFO - Processing file /home/airflow/.local/lib/python3.12/site-packages/airflow/example_dags/example_latest_only_with_trigger.py for tasks to queue
[2026-06-19T16:43:09.998+0000] {logging_mixin.py:190} INFO - [2026-06-19T16:43:09.997+0000] {dagbag.py:588} INFO - Filling up the DagBag from /home/airflow/.local/lib/python3.12/site-packages/airflow/example_dags/example_latest_only_with_trigger.py
[2026-06-19T16:43:10.073+0000] {processor.py:925} INFO - DAG(s) 'latest_only_with_trigger' retrieved from /home/airflow/.local/lib/python3.12/site-packages/airflow/example_dags/example_latest_only_with_trigger.py
[2026-06-19T16:43:10.247+0000] {logging_mixin.py:190} INFO - [2026-06-19T16:43:10.246+0000] {dag.py:3239} INFO - Sync 1 DAGs
[2026-06-19T16:43:10.454+0000] {logging_mixin.py:190} INFO - [2026-06-19T16:43:10.453+0000] {dag.py:4180} INFO - Setting next_dagrun for latest_only_with_trigger to 2026-06-19 12:00:00+00:00, run_after=2026-06-19 16:00:00+00:00
[2026-06-19T16:43:11.280+0000] {processor.py:208} INFO - Processing /home/airflow/.local/lib/python3.12/site-packages/airflow/example_dags/example_latest_only_with_trigger.py took 1.379 seconds
[2026-06-19T16:43:45.057+0000] {processor.py:186} INFO - Started process (PID=248) to work on /home/airflow/.local/lib/python3.12/site-packages/airflow/example_dags/example_latest_only_with_trigger.py
[2026-06-19T16:43:45.067+0000] {processor.py:914} INFO - Processing file /home/airflow/.local/lib/python3.12/site-packages/airflow/example_dags/example_latest_only_with_trigger.py for tasks to queue
[2026-06-19T16:43:45.083+0000] {logging_mixin.py:190} INFO - [2026-06-19T16:43:45.082+0000] {dagbag.py:588} INFO - Filling up the DagBag from /home/airflow/.local/lib/python3.12/site-packages/airflow/example_dags/example_latest_only_with_trigger.py
[2026-06-19T16:43:45.108+0000] {processor.py:925} INFO - DAG(s) 'latest_only_with_trigger' retrieved from /home/airflow/.local/lib/python3.12/site-packages/airflow/example_dags/example_latest_only_with_trigger.py
[2026-06-19T16:43:45.232+0000] {logging_mixin.py:190} INFO - [2026-06-19T16:43:45.231+0000] {dag.py:3239} INFO - Sync 1 DAGs
[2026-06-19T16:43:45.412+0000] {logging_mixin.py:190} INFO - [2026-06-19T16:43:45.412+0000] {dag.py:4180} INFO - Setting next_dagrun for latest_only_with_trigger to 2026-06-19 12:00:00+00:00, run_after=2026-06-19 16:00:00+00:00
[2026-06-19T16:43:45.504+0000] {processor.py:208} INFO - Processing /home/airflow/.local/lib/python3.12/site-packages/airflow/example_dags/example_latest_only_with_trigger.py took 0.472 seconds
[2026-06-19T16:44:21.101+0000] {processor.py:186} INFO - Started process (PID=306) to work on /home/airflow/.local/lib/python3.12/site-packages/airflow/example_dags/example_latest_only_with_trigger.py
[2026-06-19T16:44:21.106+0000] {processor.py:914} INFO - Processing file /home/airflow/.local/lib/python3.12/site-packages/airflow/example_dags/example_latest_only_with_trigger.py for tasks to queue
[2026-06-19T16:44:21.120+0000] {logging_mixin.py:190} INFO - [2026-06-19T16:44:21.119+0000] {dagbag.py:588} INFO - Filling up the DagBag from /home/airflow/.local/lib/python3.12/site-packages/airflow/example_dags/example_latest_only_with_trigger.py
[2026-06-19T16:44:21.160+0000] {processor.py:925} INFO - DAG(s) 'latest_only_with_trigger' retrieved from /home/airflow/.local/lib/python3.12/site-packages/airflow/example_dags/example_latest_only_with_trigger.py
[2026-06-19T16:44:21.249+0000] {logging_mixin.py:190} INFO - [2026-06-19T16:44:21.248+0000] {dag.py:3239} INFO - Sync 1 DAGs
[2026-06-19T16:44:21.392+0000] {logging_mixin.py:190} INFO - [2026-06-19T16:44:21.391+0000] {dag.py:4180} INFO - Setting next_dagrun for latest_only_with_trigger to 2026-06-19 12:00:00+00:00, run_after=2026-06-19 16:00:00+00:00
[2026-06-19T16:44:21.526+0000] {processor.py:208} INFO - Processing /home/airflow/.local/lib/python3.12/site-packages/airflow/example_dags/example_latest_only_with_trigger.py took 0.462 seconds
[2026-06-19T16:44:51.785+0000] {processor.py:186} INFO - Started process (PID=369) to work on /home/airflow/.local/lib/python3.12/site-packages/airflow/example_dags/example_latest_only_with_trigger.py
[2026-06-19T16:44:51.798+0000] {processor.py:914} INFO - Processing file /home/airflow/.local/lib/python3.12/site-packages/airflow/example_dags/example_latest_only_with_trigger.py for tasks to queue
[2026-06-19T16:44:51.819+0000] {logging_mixin.py:190} INFO - [2026-06-19T16:44:51.818+0000] {dagbag.py:588} INFO - Filling up the DagBag from /home/airflow/.local/lib/python3.12/site-packages/airflow/example_dags/example_latest_only_with_trigger.py
[2026-06-19T16:44:51.861+0000] {processor.py:925} INFO - DAG(s) 'latest_only_with_trigger' retrieved from /home/airflow/.local/lib/python3.12/site-packages/airflow/example_dags/example_latest_only_with_trigger.py
[2026-06-19T16:44:51.946+0000] {logging_mixin.py:190} INFO - [2026-06-19T16:44:51.945+0000] {dag.py:3239} INFO - Sync 1 DAGs
[2026-06-19T16:44:52.050+0000] {logging_mixin.py:190} INFO - [2026-06-19T16:44:52.050+0000] {dag.py:4180} INFO - Setting next_dagrun for latest_only_with_trigger to 2026-06-19 12:00:00+00:00, run_after=2026-06-19 16:00:00+00:00
[2026-06-19T16:44:52.116+0000] {processor.py:208} INFO - Processing /home/airflow/.local/lib/python3.12/site-packages/airflow/example_dags/example_latest_only_with_trigger.py took 0.371 seconds
[2026-06-19T16:45:22.504+0000] {processor.py:186} INFO - Started process (PID=433) to work on /home/airflow/.local/lib/python3.12/site-packages/airflow/example_dags/example_latest_only_with_trigger.py
[2026-06-19T16:45:22.521+0000] {processor.py:914} INFO - Processing file /home/airflow/.local/lib/python3.12/site-packages/airflow/example_dags/example_latest_only_with_trigger.py for tasks to queue
[2026-06-19T16:45:22.541+0000] {logging_mixin.py:190} INFO - [2026-06-19T16:45:22.539+0000] {dagbag.py:588} INFO - Filling up the DagBag from /home/airflow/.local/lib/python3.12/site-packages/airflow/example_dags/example_latest_only_with_trigger.py
[2026-06-19T16:45:22.622+0000] {processor.py:925} INFO - DAG(s) 'latest_only_with_trigger' retrieved from /home/airflow/.local/lib/python3.12/site-packages/airflow/example_dags/example_latest_only_with_trigger.py
[2026-06-19T16:45:22.715+0000] {logging_mixin.py:190} INFO - [2026-06-19T16:45:22.714+0000] {dag.py:3239} INFO - Sync 1 DAGs
[2026-06-19T16:45:22.816+0000] {logging_mixin.py:190} INFO - [2026-06-19T16:45:22.816+0000] {dag.py:4180} INFO - Setting next_dagrun for latest_only_with_trigger to 2026-06-19 12:00:00+00:00, run_after=2026-06-19 16:00:00+00:00
[2026-06-19T16:45:22.893+0000] {processor.py:208} INFO - Processing /home/airflow/.local/lib/python3.12/site-packages/airflow/example_dags/example_latest_only_with_trigger.py took 0.436 seconds
[2026-06-19T16:45:53.245+0000] {processor.py:186} INFO - Started process (PID=497) to work on /home/airflow/.local/lib/python3.12/site-packages/airflow/example_dags/example_latest_only_with_trigger.py
[2026-06-19T16:45:53.250+0000] {processor.py:914} INFO - Processing file /home/airflow/.local/lib/python3.12/site-packages/airflow/example_dags/example_latest_only_with_trigger.py for tasks to queue
[2026-06-19T16:45:53.258+0000] {logging_mixin.py:190} INFO - [2026-06-19T16:45:53.257+0000] {dagbag.py:588} INFO - Filling up the DagBag from /home/airflow/.local/lib/python3.12/site-packages/airflow/example_dags/example_latest_only_with_trigger.py
[2026-06-19T16:45:53.282+0000] {processor.py:925} INFO - DAG(s) 'latest_only_with_trigger' retrieved from /home/airflow/.local/lib/python3.12/site-packages/airflow/example_dags/example_latest_only_with_trigger.py
[2026-06-19T16:45:53.383+0000] {logging_mixin.py:190} INFO - [2026-06-19T16:45:53.382+0000] {dag.py:3239} INFO - Sync 1 DAGs
[2026-06-19T16:45:53.461+0000] {logging_mixin.py:190} INFO - [2026-06-19T16:45:53.460+0000] {dag.py:4180} INFO - Setting next_dagrun for latest_only_with_trigger to 2026-06-19 12:00:00+00:00, run_after=2026-06-19 16:00:00+00:00
[2026-06-19T16:45:53.501+0000] {processor.py:208} INFO - Processing /home/airflow/.local/lib/python3.12/site-packages/airflow/example_dags/example_latest_only_with_trigger.py took 0.271 seconds
[2026-06-19T16:46:24.262+0000] {processor.py:186} INFO - Started process (PID=561) to work on /home/airflow/.local/lib/python3.12/site-packages/airflow/example_dags/example_latest_only_with_trigger.py
[2026-06-19T16:46:24.267+0000] {processor.py:914} INFO - Processing file /home/airflow/.local/lib/python3.12/site-packages/airflow/example_dags/example_latest_only_with_trigger.py for tasks to queue
[2026-06-19T16:46:24.275+0000] {logging_mixin.py:190} INFO - [2026-06-19T16:46:24.274+0000] {dagbag.py:588} INFO - Filling up the DagBag from /home/airflow/.local/lib/python3.12/site-packages/airflow/example_dags/example_latest_only_with_trigger.py
[2026-06-19T16:46:24.303+0000] {processor.py:925} INFO - DAG(s) 'latest_only_with_trigger' retrieved from /home/airflow/.local/lib/python3.12/site-packages/airflow/example_dags/example_latest_only_with_trigger.py
[2026-06-19T16:46:24.405+0000] {logging_mixin.py:190} INFO - [2026-06-19T16:46:24.404+0000] {dag.py:3239} INFO - Sync 1 DAGs
[2026-06-19T16:46:24.576+0000] {logging_mixin.py:190} INFO - [2026-06-19T16:46:24.576+0000] {dag.py:4180} INFO - Setting next_dagrun for latest_only_with_trigger to 2026-06-19 12:00:00+00:00, run_after=2026-06-19 16:00:00+00:00
[2026-06-19T16:46:24.683+0000] {processor.py:208} INFO - Processing /home/airflow/.local/lib/python3.12/site-packages/airflow/example_dags/example_latest_only_with_trigger.py took 0.440 seconds
[2026-06-19T16:46:57.672+0000] {processor.py:186} INFO - Started process (PID=624) to work on /home/airflow/.local/lib/python3.12/site-packages/airflow/example_dags/example_latest_only_with_trigger.py
[2026-06-19T16:46:57.680+0000] {processor.py:914} INFO - Processing file /home/airflow/.local/lib/python3.12/site-packages/airflow/example_dags/example_latest_only_with_trigger.py for tasks to queue
[2026-06-19T16:46:57.697+0000] {logging_mixin.py:190} INFO - [2026-06-19T16:46:57.695+0000] {dagbag.py:588} INFO - Filling up the DagBag from /home/airflow/.local/lib/python3.12/site-packages/airflow/example_dags/example_latest_only_with_trigger.py
[2026-06-19T16:46:57.744+0000] {processor.py:925} INFO - DAG(s) 'latest_only_with_trigger' retrieved from /home/airflow/.local/lib/python3.12/site-packages/airflow/example_dags/example_latest_only_with_trigger.py
[2026-06-19T16:46:57.852+0000] {logging_mixin.py:190} INFO - [2026-06-19T16:46:57.851+0000] {dag.py:3239} INFO - Sync 1 DAGs
[2026-06-19T16:46:57.984+0000] {logging_mixin.py:190} INFO - [2026-06-19T16:46:57.983+0000] {dag.py:4180} INFO - Setting next_dagrun for latest_only_with_trigger to 2026-06-19 12:00:00+00:00, run_after=2026-06-19 16:00:00+00:00
[2026-06-19T16:46:58.110+0000] {processor.py:208} INFO - Processing /home/airflow/.local/lib/python3.12/site-packages/airflow/example_dags/example_latest_only_with_trigger.py took 0.483 seconds
[2026-06-19T16:47:28.651+0000] {processor.py:186} INFO - Started process (PID=688) to work on /home/airflow/.local/lib/python3.12/site-packages/airflow/example_dags/example_latest_only_with_trigger.py
[2026-06-19T16:47:28.658+0000] {processor.py:914} INFO - Processing file /home/airflow/.local/lib/python3.12/site-packages/airflow/example_dags/example_latest_only_with_trigger.py for tasks to queue
[2026-06-19T16:47:28.668+0000] {logging_mixin.py:190} INFO - [2026-06-19T16:47:28.667+0000] {dagbag.py:588} INFO - Filling up the DagBag from /home/airflow/.local/lib/python3.12/site-packages/airflow/example_dags/example_latest_only_with_trigger.py
[2026-06-19T16:47:28.698+0000] {processor.py:925} INFO - DAG(s) 'latest_only_with_trigger' retrieved from /home/airflow/.local/lib/python3.12/site-packages/airflow/example_dags/example_latest_only_with_trigger.py
[2026-06-19T16:47:28.762+0000] {logging_mixin.py:190} INFO - [2026-06-19T16:47:28.761+0000] {dag.py:3239} INFO - Sync 1 DAGs
[2026-06-19T16:47:28.832+0000] {logging_mixin.py:190} INFO - [2026-06-19T16:47:28.830+0000] {dag.py:4180} INFO - Setting next_dagrun for latest_only_with_trigger to 2026-06-19 12:00:00+00:00, run_after=2026-06-19 16:00:00+00:00
[2026-06-19T16:47:28.883+0000] {processor.py:208} INFO - Processing /home/airflow/.local/lib/python3.12/site-packages/airflow/example_dags/example_latest_only_with_trigger.py took 0.257 seconds
[2026-06-19T16:48:00.472+0000] {processor.py:186} INFO - Started process (PID=758) to work on /home/airflow/.local/lib/python3.12/site-packages/airflow/example_dags/example_latest_only_with_trigger.py
[2026-06-19T16:48:00.478+0000] {processor.py:914} INFO - Processing file /home/airflow/.local/lib/python3.12/site-packages/airflow/example_dags/example_latest_only_with_trigger.py for tasks to queue
[2026-06-19T16:48:00.495+0000] {logging_mixin.py:190} INFO - [2026-06-19T16:48:00.494+0000] {dagbag.py:588} INFO - Filling up the DagBag from /home/airflow/.local/lib/python3.12/site-packages/airflow/example_dags/example_latest_only_with_trigger.py
[2026-06-19T16:48:00.533+0000] {processor.py:925} INFO - DAG(s) 'latest_only_with_trigger' retrieved from /home/airflow/.local/lib/python3.12/site-packages/airflow/example_dags/example_latest_only_with_trigger.py
[2026-06-19T16:48:00.631+0000] {logging_mixin.py:190} INFO - [2026-06-19T16:48:00.630+0000] {dag.py:3239} INFO - Sync 1 DAGs
[2026-06-19T16:48:00.733+0000] {logging_mixin.py:190} INFO - [2026-06-19T16:48:00.732+0000] {dag.py:4180} INFO - Setting next_dagrun for latest_only_with_trigger to 2026-06-19 12:00:00+00:00, run_after=2026-06-19 16:00:00+00:00
[2026-06-19T16:48:00.790+0000] {processor.py:208} INFO - Processing /home/airflow/.local/lib/python3.12/site-packages/airflow/example_dags/example_latest_only_with_trigger.py took 0.352 seconds
[2026-06-19T16:48:31.535+0000] {processor.py:186} INFO - Started process (PID=822) to work on /home/airflow/.local/lib/python3.12/site-packages/airflow/example_dags/example_latest_only_with_trigger.py
[2026-06-19T16:48:31.543+0000] {processor.py:914} INFO - Processing file /home/airflow/.local/lib/python3.12/site-packages/airflow/example_dags/example_latest_only_with_trigger.py for tasks to queue
[2026-06-19T16:48:31.552+0000] {logging_mixin.py:190} INFO - [2026-06-19T16:48:31.551+0000] {dagbag.py:588} INFO - Filling up the DagBag from /home/airflow/.local/lib/python3.12/site-packages/airflow/example_dags/example_latest_only_with_trigger.py
[2026-06-19T16:48:31.574+0000] {processor.py:925} INFO - DAG(s) 'latest_only_with_trigger' retrieved from /home/airflow/.local/lib/python3.12/site-packages/airflow/example_dags/example_latest_only_with_trigger.py
[2026-06-19T16:48:31.627+0000] {logging_mixin.py:190} INFO - [2026-06-19T16:48:31.627+0000] {dag.py:3239} INFO - Sync 1 DAGs
[2026-06-19T16:48:31.687+0000] {logging_mixin.py:190} INFO - [2026-06-19T16:48:31.686+0000] {dag.py:4180} INFO - Setting next_dagrun for latest_only_with_trigger to 2026-06-19 12:00:00+00:00, run_after=2026-06-19 16:00:00+00:00
[2026-06-19T16:48:31.731+0000] {processor.py:208} INFO - Processing /home/airflow/.local/lib/python3.12/site-packages/airflow/example_dags/example_latest_only_with_trigger.py took 0.215 seconds
[2026-06-19T16:49:02.609+0000] {processor.py:186} INFO - Started process (PID=887) to work on /home/airflow/.local/lib/python3.12/site-packages/airflow/example_dags/example_latest_only_with_trigger.py
[2026-06-19T16:49:02.614+0000] {processor.py:914} INFO - Processing file /home/airflow/.local/lib/python3.12/site-packages/airflow/example_dags/example_latest_only_with_trigger.py for tasks to queue
[2026-06-19T16:49:02.631+0000] {logging_mixin.py:190} INFO - [2026-06-19T16:49:02.624+0000] {dagbag.py:588} INFO - Filling up the DagBag from /home/airflow/.local/lib/python3.12/site-packages/airflow/example_dags/example_latest_only_with_trigger.py
[2026-06-19T16:49:02.699+0000] {processor.py:925} INFO - DAG(s) 'latest_only_with_trigger' retrieved from /home/airflow/.local/lib/python3.12/site-packages/airflow/example_dags/example_latest_only_with_trigger.py
[2026-06-19T16:49:02.810+0000] {logging_mixin.py:190} INFO - [2026-06-19T16:49:02.809+0000] {dag.py:3239} INFO - Sync 1 DAGs
[2026-06-19T16:49:02.927+0000] {logging_mixin.py:190} INFO - [2026-06-19T16:49:02.927+0000] {dag.py:4180} INFO - Setting next_dagrun for latest_only_with_trigger to 2026-06-19 12:00:00+00:00, run_after=2026-06-19 16:00:00+00:00
[2026-06-19T16:49:03.012+0000] {processor.py:208} INFO - Processing /home/airflow/.local/lib/python3.12/site-packages/airflow/example_dags/example_latest_only_with_trigger.py took 0.446 seconds
[2026-06-19T16:49:33.249+0000] {processor.py:186} INFO - Started process (PID=950) to work on /home/airflow/.local/lib/python3.12/site-packages/airflow/example_dags/example_latest_only_with_trigger.py
[2026-06-19T16:49:33.255+0000] {processor.py:914} INFO - Processing file /home/airflow/.local/lib/python3.12/site-packages/airflow/example_dags/example_latest_only_with_trigger.py for tasks to queue
[2026-06-19T16:49:33.265+0000] {logging_mixin.py:190} INFO - [2026-06-19T16:49:33.264+0000] {dagbag.py:588} INFO - Filling up the DagBag from /home/airflow/.local/lib/python3.12/site-packages/airflow/example_dags/example_latest_only_with_trigger.py
[2026-06-19T16:49:33.295+0000] {processor.py:925} INFO - DAG(s) 'latest_only_with_trigger' retrieved from /home/airflow/.local/lib/python3.12/site-packages/airflow/example_dags/example_latest_only_with_trigger.py
[2026-06-19T16:49:33.365+0000] {logging_mixin.py:190} INFO - [2026-06-19T16:49:33.365+0000] {dag.py:3239} INFO - Sync 1 DAGs
[2026-06-19T16:49:33.473+0000] {logging_mixin.py:190} INFO - [2026-06-19T16:49:33.472+0000] {dag.py:4180} INFO - Setting next_dagrun for latest_only_with_trigger to 2026-06-19 12:00:00+00:00, run_after=2026-06-19 16:00:00+00:00
[2026-06-19T16:49:33.533+0000] {processor.py:208} INFO - Processing /home/airflow/.local/lib/python3.12/site-packages/airflow/example_dags/example_latest_only_with_trigger.py took 0.308 seconds
[2026-06-19T16:50:03.694+0000] {processor.py:186} INFO - Started process (PID=1014) to work on /home/airflow/.local/lib/python3.12/site-packages/airflow/example_dags/example_latest_only_with_trigger.py
[2026-06-19T16:50:03.699+0000] {processor.py:914} INFO - Processing file /home/airflow/.local/lib/python3.12/site-packages/airflow/example_dags/example_latest_only_with_trigger.py for tasks to queue
[2026-06-19T16:50:03.708+0000] {logging_mixin.py:190} INFO - [2026-06-19T16:50:03.707+0000] {dagbag.py:588} INFO - Filling up the DagBag from /home/airflow/.local/lib/python3.12/site-packages/airflow/example_dags/example_latest_only_with_trigger.py
[2026-06-19T16:50:03.733+0000] {processor.py:925} INFO - DAG(s) 'latest_only_with_trigger' retrieved from /home/airflow/.local/lib/python3.12/site-packages/airflow/example_dags/example_latest_only_with_trigger.py
[2026-06-19T16:50:03.788+0000] {logging_mixin.py:190} INFO - [2026-06-19T16:50:03.788+0000] {dag.py:3239} INFO - Sync 1 DAGs
[2026-06-19T16:50:03.839+0000] {logging_mixin.py:190} INFO - [2026-06-19T16:50:03.839+0000] {dag.py:4180} INFO - Setting next_dagrun for latest_only_with_trigger to 2026-06-19 12:00:00+00:00, run_after=2026-06-19 16:00:00+00:00
[2026-06-19T16:50:03.879+0000] {processor.py:208} INFO - Processing /home/airflow/.local/lib/python3.12/site-packages/airflow/example_dags/example_latest_only_with_trigger.py took 0.202 seconds
[2026-06-19T16:50:34.331+0000] {processor.py:186} INFO - Started process (PID=1078) to work on /home/airflow/.local/lib/python3.12/site-packages/airflow/example_dags/example_latest_only_with_trigger.py
[2026-06-19T16:50:34.336+0000] {processor.py:914} INFO - Processing file /home/airflow/.local/lib/python3.12/site-packages/airflow/example_dags/example_latest_only_with_trigger.py for tasks to queue
[2026-06-19T16:50:34.349+0000] {logging_mixin.py:190} INFO - [2026-06-19T16:50:34.347+0000] {dagbag.py:588} INFO - Filling up the DagBag from /home/airflow/.local/lib/python3.12/site-packages/airflow/example_dags/example_latest_only_with_trigger.py
[2026-06-19T16:50:34.402+0000] {processor.py:925} INFO - DAG(s) 'latest_only_with_trigger' retrieved from /home/airflow/.local/lib/python3.12/site-packages/airflow/example_dags/example_latest_only_with_trigger.py
[2026-06-19T16:50:34.499+0000] {logging_mixin.py:190} INFO - [2026-06-19T16:50:34.498+0000] {dag.py:3239} INFO - Sync 1 DAGs
[2026-06-19T16:50:34.618+0000] {logging_mixin.py:190} INFO - [2026-06-19T16:50:34.618+0000] {dag.py:4180} INFO - Setting next_dagrun for latest_only_with_trigger to 2026-06-19 12:00:00+00:00, run_after=2026-06-19 16:00:00+00:00
[2026-06-19T16:50:34.706+0000] {processor.py:208} INFO - Processing /home/airflow/.local/lib/python3.12/site-packages/airflow/example_dags/example_latest_only_with_trigger.py took 0.398 seconds
[2026-06-19T16:51:05.706+0000] {processor.py:186} INFO - Started process (PID=1142) to work on /home/airflow/.local/lib/python3.12/site-packages/airflow/example_dags/example_latest_only_with_trigger.py
[2026-06-19T16:51:05.711+0000] {processor.py:914} INFO - Processing file /home/airflow/.local/lib/python3.12/site-packages/airflow/example_dags/example_latest_only_with_trigger.py for tasks to queue
[2026-06-19T16:51:05.726+0000] {logging_mixin.py:190} INFO - [2026-06-19T16:51:05.725+0000] {dagbag.py:588} INFO - Filling up the DagBag from /home/airflow/.local/lib/python3.12/site-packages/airflow/example_dags/example_latest_only_with_trigger.py
[2026-06-19T16:51:05.761+0000] {processor.py:925} INFO - DAG(s) 'latest_only_with_trigger' retrieved from /home/airflow/.local/lib/python3.12/site-packages/airflow/example_dags/example_latest_only_with_trigger.py
[2026-06-19T16:51:05.837+0000] {logging_mixin.py:190} INFO - [2026-06-19T16:51:05.836+0000] {dag.py:3239} INFO - Sync 1 DAGs
[2026-06-19T16:51:05.914+0000] {logging_mixin.py:190} INFO - [2026-06-19T16:51:05.913+0000] {dag.py:4180} INFO - Setting next_dagrun for latest_only_with_trigger to 2026-06-19 12:00:00+00:00, run_after=2026-06-19 16:00:00+00:00
[2026-06-19T16:51:05.989+0000] {processor.py:208} INFO - Processing /home/airflow/.local/lib/python3.12/site-packages/airflow/example_dags/example_latest_only_with_trigger.py took 0.303 seconds
[2026-06-19T16:51:36.541+0000] {processor.py:186} INFO - Started process (PID=1205) to work on /home/airflow/.local/lib/python3.12/site-packages/airflow/example_dags/example_latest_only_with_trigger.py
[2026-06-19T16:51:36.545+0000] {processor.py:914} INFO - Processing file /home/airflow/.local/lib/python3.12/site-packages/airflow/example_dags/example_latest_only_with_trigger.py for tasks to queue
[2026-06-19T16:51:36.552+0000] {logging_mixin.py:190} INFO - [2026-06-19T16:51:36.551+0000] {dagbag.py:588} INFO - Filling up the DagBag from /home/airflow/.local/lib/python3.12/site-packages/airflow/example_dags/example_latest_only_with_trigger.py
[2026-06-19T16:51:36.567+0000] {processor.py:925} INFO - DAG(s) 'latest_only_with_trigger' retrieved from /home/airflow/.local/lib/python3.12/site-packages/airflow/example_dags/example_latest_only_with_trigger.py
[2026-06-19T16:51:36.607+0000] {logging_mixin.py:190} INFO - [2026-06-19T16:51:36.606+0000] {dag.py:3239} INFO - Sync 1 DAGs
[2026-06-19T16:51:36.655+0000] {logging_mixin.py:190} INFO - [2026-06-19T16:51:36.655+0000] {dag.py:4180} INFO - Setting next_dagrun for latest_only_with_trigger to 2026-06-19 12:00:00+00:00, run_after=2026-06-19 16:00:00+00:00
[2026-06-19T16:51:36.695+0000] {processor.py:208} INFO - Processing /home/airflow/.local/lib/python3.12/site-packages/airflow/example_dags/example_latest_only_with_trigger.py took 0.167 seconds
[2026-06-19T16:52:07.082+0000] {processor.py:186} INFO - Started process (PID=1269) to work on /home/airflow/.local/lib/python3.12/site-packages/airflow/example_dags/example_latest_only_with_trigger.py
[2026-06-19T16:52:07.087+0000] {processor.py:914} INFO - Processing file /home/airflow/.local/lib/python3.12/site-packages/airflow/example_dags/example_latest_only_with_trigger.py for tasks to queue
[2026-06-19T16:52:07.098+0000] {logging_mixin.py:190} INFO - [2026-06-19T16:52:07.097+0000] {dagbag.py:588} INFO - Filling up the DagBag from /home/airflow/.local/lib/python3.12/site-packages/airflow/example_dags/example_latest_only_with_trigger.py
[2026-06-19T16:52:07.127+0000] {processor.py:925} INFO - DAG(s) 'latest_only_with_trigger' retrieved from /home/airflow/.local/lib/python3.12/site-packages/airflow/example_dags/example_latest_only_with_trigger.py
[2026-06-19T16:52:07.205+0000] {logging_mixin.py:190} INFO - [2026-06-19T16:52:07.205+0000] {dag.py:3239} INFO - Sync 1 DAGs
[2026-06-19T16:52:07.304+0000] {logging_mixin.py:190} INFO - [2026-06-19T16:52:07.303+0000] {dag.py:4180} INFO - Setting next_dagrun for latest_only_with_trigger to 2026-06-19 12:00:00+00:00, run_after=2026-06-19 16:00:00+00:00
[2026-06-19T16:52:07.401+0000] {processor.py:208} INFO - Processing /home/airflow/.local/lib/python3.12/site-packages/airflow/example_dags/example_latest_only_with_trigger.py took 0.342 seconds
[2026-06-19T16:52:38.624+0000] {processor.py:186} INFO - Started process (PID=1333) to work on /home/airflow/.local/lib/python3.12/site-packages/airflow/example_dags/example_latest_only_with_trigger.py
[2026-06-19T16:52:38.629+0000] {processor.py:914} INFO - Processing file /home/airflow/.local/lib/python3.12/site-packages/airflow/example_dags/example_latest_only_with_trigger.py for tasks to queue
[2026-06-19T16:52:38.637+0000] {logging_mixin.py:190} INFO - [2026-06-19T16:52:38.636+0000] {dagbag.py:588} INFO - Filling up the DagBag from /home/airflow/.local/lib/python3.12/site-packages/airflow/example_dags/example_latest_only_with_trigger.py
[2026-06-19T16:52:38.660+0000] {processor.py:925} INFO - DAG(s) 'latest_only_with_trigger' retrieved from /home/airflow/.local/lib/python3.12/site-packages/airflow/example_dags/example_latest_only_with_trigger.py
[2026-06-19T16:52:38.716+0000] {logging_mixin.py:190} INFO - [2026-06-19T16:52:38.715+0000] {dag.py:3239} INFO - Sync 1 DAGs
[2026-06-19T16:52:38.798+0000] {logging_mixin.py:190} INFO - [2026-06-19T16:52:38.798+0000] {dag.py:4180} INFO - Setting next_dagrun for latest_only_with_trigger to 2026-06-19 12:00:00+00:00, run_after=2026-06-19 16:00:00+00:00
[2026-06-19T16:52:38.863+0000] {processor.py:208} INFO - Processing /home/airflow/.local/lib/python3.12/site-packages/airflow/example_dags/example_latest_only_with_trigger.py took 0.255 seconds
[2026-06-19T16:53:10.699+0000] {processor.py:186} INFO - Started process (PID=1396) to work on /home/airflow/.local/lib/python3.12/site-packages/airflow/example_dags/example_latest_only_with_trigger.py
[2026-06-19T16:53:10.716+0000] {processor.py:914} INFO - Processing file /home/airflow/.local/lib/python3.12/site-packages/airflow/example_dags/example_latest_only_with_trigger.py for tasks to queue
[2026-06-19T16:53:10.741+0000] {logging_mixin.py:190} INFO - [2026-06-19T16:53:10.739+0000] {dagbag.py:588} INFO - Filling up the DagBag from /home/airflow/.local/lib/python3.12/site-packages/airflow/example_dags/example_latest_only_with_trigger.py
[2026-06-19T16:53:10.830+0000] {processor.py:925} INFO - DAG(s) 'latest_only_with_trigger' retrieved from /home/airflow/.local/lib/python3.12/site-packages/airflow/example_dags/example_latest_only_with_trigger.py
[2026-06-19T16:53:10.977+0000] {logging_mixin.py:190} INFO - [2026-06-19T16:53:10.976+0000] {dag.py:3239} INFO - Sync 1 DAGs
[2026-06-19T16:53:11.080+0000] {logging_mixin.py:190} INFO - [2026-06-19T16:53:11.080+0000] {dag.py:4180} INFO - Setting next_dagrun for latest_only_with_trigger to 2026-06-19 12:00:00+00:00, run_after=2026-06-19 16:00:00+00:00
[2026-06-19T16:53:11.140+0000] {processor.py:208} INFO - Processing /home/airflow/.local/lib/python3.12/site-packages/airflow/example_dags/example_latest_only_with_trigger.py took 0.491 seconds
[2026-06-19T16:53:42.025+0000] {processor.py:186} INFO - Started process (PID=1460) to work on /home/airflow/.local/lib/python3.12/site-packages/airflow/example_dags/example_latest_only_with_trigger.py
[2026-06-19T16:53:42.031+0000] {processor.py:914} INFO - Processing file /home/airflow/.local/lib/python3.12/site-packages/airflow/example_dags/example_latest_only_with_trigger.py for tasks to queue
[2026-06-19T16:53:42.046+0000] {logging_mixin.py:190} INFO - [2026-06-19T16:53:42.044+0000] {dagbag.py:588} INFO - Filling up the DagBag from /home/airflow/.local/lib/python3.12/site-packages/airflow/example_dags/example_latest_only_with_trigger.py
[2026-06-19T16:53:42.084+0000] {processor.py:925} INFO - DAG(s) 'latest_only_with_trigger' retrieved from /home/airflow/.local/lib/python3.12/site-packages/airflow/example_dags/example_latest_only_with_trigger.py
[2026-06-19T16:53:42.149+0000] {logging_mixin.py:190} INFO - [2026-06-19T16:53:42.148+0000] {dag.py:3239} INFO - Sync 1 DAGs
[2026-06-19T16:53:42.213+0000] {logging_mixin.py:190} INFO - [2026-06-19T16:53:42.213+0000] {dag.py:4180} INFO - Setting next_dagrun for latest_only_with_trigger to 2026-06-19 12:00:00+00:00, run_after=2026-06-19 16:00:00+00:00
[2026-06-19T16:53:42.267+0000] {processor.py:208} INFO - Processing /home/airflow/.local/lib/python3.12/site-packages/airflow/example_dags/example_latest_only_with_trigger.py took 0.266 seconds
[2026-06-19T16:54:12.833+0000] {processor.py:186} INFO - Started process (PID=1524) to work on /home/airflow/.local/lib/python3.12/site-packages/airflow/example_dags/example_latest_only_with_trigger.py
[2026-06-19T16:54:12.838+0000] {processor.py:914} INFO - Processing file /home/airflow/.local/lib/python3.12/site-packages/airflow/example_dags/example_latest_only_with_trigger.py for tasks to queue
[2026-06-19T16:54:12.849+0000] {logging_mixin.py:190} INFO - [2026-06-19T16:54:12.848+0000] {dagbag.py:588} INFO - Filling up the DagBag from /home/airflow/.local/lib/python3.12/site-packages/airflow/example_dags/example_latest_only_with_trigger.py
[2026-06-19T16:54:12.876+0000] {processor.py:925} INFO - DAG(s) 'latest_only_with_trigger' retrieved from /home/airflow/.local/lib/python3.12/site-packages/airflow/example_dags/example_latest_only_with_trigger.py
[2026-06-19T16:54:12.931+0000] {logging_mixin.py:190} INFO - [2026-06-19T16:54:12.930+0000] {dag.py:3239} INFO - Sync 1 DAGs
[2026-06-19T16:54:12.998+0000] {logging_mixin.py:190} INFO - [2026-06-19T16:54:12.997+0000] {dag.py:4180} INFO - Setting next_dagrun for latest_only_with_trigger to 2026-06-19 12:00:00+00:00, run_after=2026-06-19 16:00:00+00:00
[2026-06-19T16:54:13.039+0000] {processor.py:208} INFO - Processing /home/airflow/.local/lib/python3.12/site-packages/airflow/example_dags/example_latest_only_with_trigger.py took 0.228 seconds
[2026-06-19T16:54:43.311+0000] {processor.py:186} INFO - Started process (PID=1585) to work on /home/airflow/.local/lib/python3.12/site-packages/airflow/example_dags/example_latest_only_with_trigger.py
[2026-06-19T16:54:43.317+0000] {processor.py:914} INFO - Processing file /home/airflow/.local/lib/python3.12/site-packages/airflow/example_dags/example_latest_only_with_trigger.py for tasks to queue
[2026-06-19T16:54:43.326+0000] {logging_mixin.py:190} INFO - [2026-06-19T16:54:43.325+0000] {dagbag.py:588} INFO - Filling up the DagBag from /home/airflow/.local/lib/python3.12/site-packages/airflow/example_dags/example_latest_only_with_trigger.py
[2026-06-19T16:54:43.353+0000] {processor.py:925} INFO - DAG(s) 'latest_only_with_trigger' retrieved from /home/airflow/.local/lib/python3.12/site-packages/airflow/example_dags/example_latest_only_with_trigger.py
[2026-06-19T16:54:43.413+0000] {logging_mixin.py:190} INFO - [2026-06-19T16:54:43.412+0000] {dag.py:3239} INFO - Sync 1 DAGs
[2026-06-19T16:54:43.481+0000] {logging_mixin.py:190} INFO - [2026-06-19T16:54:43.481+0000] {dag.py:4180} INFO - Setting next_dagrun for latest_only_with_trigger to 2026-06-19 12:00:00+00:00, run_after=2026-06-19 16:00:00+00:00
[2026-06-19T16:54:43.535+0000] {processor.py:208} INFO - Processing /home/airflow/.local/lib/python3.12/site-packages/airflow/example_dags/example_latest_only_with_trigger.py took 0.244 seconds
[2026-06-19T16:55:15.761+0000] {processor.py:186} INFO - Started process (PID=1649) to work on /home/airflow/.local/lib/python3.12/site-packages/airflow/example_dags/example_latest_only_with_trigger.py
[2026-06-19T16:55:15.787+0000] {processor.py:914} INFO - Processing file /home/airflow/.local/lib/python3.12/site-packages/airflow/example_dags/example_latest_only_with_trigger.py for tasks to queue
[2026-06-19T16:55:15.814+0000] {logging_mixin.py:190} INFO - [2026-06-19T16:55:15.813+0000] {dagbag.py:588} INFO - Filling up the DagBag from /home/airflow/.local/lib/python3.12/site-packages/airflow/example_dags/example_latest_only_with_trigger.py
[2026-06-19T16:55:15.870+0000] {processor.py:925} INFO - DAG(s) 'latest_only_with_trigger' retrieved from /home/airflow/.local/lib/python3.12/site-packages/airflow/example_dags/example_latest_only_with_trigger.py
[2026-06-19T16:55:15.990+0000] {logging_mixin.py:190} INFO - [2026-06-19T16:55:15.989+0000] {dag.py:3239} INFO - Sync 1 DAGs
[2026-06-19T16:55:16.112+0000] {logging_mixin.py:190} INFO - [2026-06-19T16:55:16.112+0000] {dag.py:4180} INFO - Setting next_dagrun for latest_only_with_trigger to 2026-06-19 12:00:00+00:00, run_after=2026-06-19 16:00:00+00:00
[2026-06-19T16:55:16.206+0000] {processor.py:208} INFO - Processing /home/airflow/.local/lib/python3.12/site-packages/airflow/example_dags/example_latest_only_with_trigger.py took 0.492 seconds
[2026-06-19T16:55:46.863+0000] {processor.py:186} INFO - Started process (PID=1713) to work on /home/airflow/.local/lib/python3.12/site-packages/airflow/example_dags/example_latest_only_with_trigger.py
[2026-06-19T16:55:46.866+0000] {processor.py:914} INFO - Processing file /home/airflow/.local/lib/python3.12/site-packages/airflow/example_dags/example_latest_only_with_trigger.py for tasks to queue
[2026-06-19T16:55:46.869+0000] {logging_mixin.py:190} INFO - [2026-06-19T16:55:46.869+0000] {dagbag.py:588} INFO - Filling up the DagBag from /home/airflow/.local/lib/python3.12/site-packages/airflow/example_dags/example_latest_only_with_trigger.py
[2026-06-19T16:55:46.881+0000] {processor.py:925} INFO - DAG(s) 'latest_only_with_trigger' retrieved from /home/airflow/.local/lib/python3.12/site-packages/airflow/example_dags/example_latest_only_with_trigger.py
[2026-06-19T16:55:46.908+0000] {logging_mixin.py:190} INFO - [2026-06-19T16:55:46.908+0000] {dag.py:3239} INFO - Sync 1 DAGs
[2026-06-19T16:55:46.941+0000] {logging_mixin.py:190} INFO - [2026-06-19T16:55:46.941+0000] {dag.py:4180} INFO - Setting next_dagrun for latest_only_with_trigger to 2026-06-19 12:00:00+00:00, run_after=2026-06-19 16:00:00+00:00
[2026-06-19T16:55:46.963+0000] {processor.py:208} INFO - Processing /home/airflow/.local/lib/python3.12/site-packages/airflow/example_dags/example_latest_only_with_trigger.py took 0.110 seconds
[2026-06-19T16:56:17.240+0000] {processor.py:186} INFO - Started process (PID=1777) to work on /home/airflow/.local/lib/python3.12/site-packages/airflow/example_dags/example_latest_only_with_trigger.py
[2026-06-19T16:56:17.245+0000] {processor.py:914} INFO - Processing file /home/airflow/.local/lib/python3.12/site-packages/airflow/example_dags/example_latest_only_with_trigger.py for tasks to queue
[2026-06-19T16:56:17.256+0000] {logging_mixin.py:190} INFO - [2026-06-19T16:56:17.255+0000] {dagbag.py:588} INFO - Filling up the DagBag from /home/airflow/.local/lib/python3.12/site-packages/airflow/example_dags/example_latest_only_with_trigger.py
[2026-06-19T16:56:17.275+0000] {processor.py:925} INFO - DAG(s) 'latest_only_with_trigger' retrieved from /home/airflow/.local/lib/python3.12/site-packages/airflow/example_dags/example_latest_only_with_trigger.py
[2026-06-19T16:56:17.324+0000] {logging_mixin.py:190} INFO - [2026-06-19T16:56:17.324+0000] {dag.py:3239} INFO - Sync 1 DAGs
[2026-06-19T16:56:17.384+0000] {logging_mixin.py:190} INFO - [2026-06-19T16:56:17.384+0000] {dag.py:4180} INFO - Setting next_dagrun for latest_only_with_trigger to 2026-06-19 12:00:00+00:00, run_after=2026-06-19 16:00:00+00:00
[2026-06-19T16:56:17.437+0000] {processor.py:208} INFO - Processing /home/airflow/.local/lib/python3.12/site-packages/airflow/example_dags/example_latest_only_with_trigger.py took 0.212 seconds
[2026-06-19T16:56:47.772+0000] {processor.py:186} INFO - Started process (PID=1840) to work on /home/airflow/.local/lib/python3.12/site-packages/airflow/example_dags/example_latest_only_with_trigger.py
[2026-06-19T16:56:47.776+0000] {processor.py:914} INFO - Processing file /home/airflow/.local/lib/python3.12/site-packages/airflow/example_dags/example_latest_only_with_trigger.py for tasks to queue
[2026-06-19T16:56:47.782+0000] {logging_mixin.py:190} INFO - [2026-06-19T16:56:47.781+0000] {dagbag.py:588} INFO - Filling up the DagBag from /home/airflow/.local/lib/python3.12/site-packages/airflow/example_dags/example_latest_only_with_trigger.py
[2026-06-19T16:56:47.801+0000] {processor.py:925} INFO - DAG(s) 'latest_only_with_trigger' retrieved from /home/airflow/.local/lib/python3.12/site-packages/airflow/example_dags/example_latest_only_with_trigger.py
[2026-06-19T16:56:47.851+0000] {logging_mixin.py:190} INFO - [2026-06-19T16:56:47.851+0000] {dag.py:3239} INFO - Sync 1 DAGs
[2026-06-19T16:56:47.906+0000] {logging_mixin.py:190} INFO - [2026-06-19T16:56:47.906+0000] {dag.py:4180} INFO - Setting next_dagrun for latest_only_with_trigger to 2026-06-19 12:00:00+00:00, run_after=2026-06-19 16:00:00+00:00
[2026-06-19T16:56:47.955+0000] {processor.py:208} INFO - Processing /home/airflow/.local/lib/python3.12/site-packages/airflow/example_dags/example_latest_only_with_trigger.py took 0.194 seconds
[2026-06-19T16:57:18.923+0000] {processor.py:186} INFO - Started process (PID=1903) to work on /home/airflow/.local/lib/python3.12/site-packages/airflow/example_dags/example_latest_only_with_trigger.py
[2026-06-19T16:57:18.930+0000] {processor.py:914} INFO - Processing file /home/airflow/.local/lib/python3.12/site-packages/airflow/example_dags/example_latest_only_with_trigger.py for tasks to queue
[2026-06-19T16:57:18.945+0000] {logging_mixin.py:190} INFO - [2026-06-19T16:57:18.944+0000] {dagbag.py:588} INFO - Filling up the DagBag from /home/airflow/.local/lib/python3.12/site-packages/airflow/example_dags/example_latest_only_with_trigger.py
[2026-06-19T16:57:18.979+0000] {processor.py:925} INFO - DAG(s) 'latest_only_with_trigger' retrieved from /home/airflow/.local/lib/python3.12/site-packages/airflow/example_dags/example_latest_only_with_trigger.py
[2026-06-19T16:57:19.066+0000] {logging_mixin.py:190} INFO - [2026-06-19T16:57:19.065+0000] {dag.py:3239} INFO - Sync 1 DAGs
[2026-06-19T16:57:19.198+0000] {logging_mixin.py:190} INFO - [2026-06-19T16:57:19.198+0000] {dag.py:4180} INFO - Setting next_dagrun for latest_only_with_trigger to 2026-06-19 12:00:00+00:00, run_after=2026-06-19 16:00:00+00:00
[2026-06-19T16:57:19.280+0000] {processor.py:208} INFO - Processing /home/airflow/.local/lib/python3.12/site-packages/airflow/example_dags/example_latest_only_with_trigger.py took 0.392 seconds
[2026-06-19T16:57:49.751+0000] {processor.py:186} INFO - Started process (PID=1966) to work on /home/airflow/.local/lib/python3.12/site-packages/airflow/example_dags/example_latest_only_with_trigger.py
[2026-06-19T16:57:49.753+0000] {processor.py:914} INFO - Processing file /home/airflow/.local/lib/python3.12/site-packages/airflow/example_dags/example_latest_only_with_trigger.py for tasks to queue
[2026-06-19T16:57:49.756+0000] {logging_mixin.py:190} INFO - [2026-06-19T16:57:49.756+0000] {dagbag.py:588} INFO - Filling up the DagBag from /home/airflow/.local/lib/python3.12/site-packages/airflow/example_dags/example_latest_only_with_trigger.py
[2026-06-19T16:57:49.764+0000] {processor.py:925} INFO - DAG(s) 'latest_only_with_trigger' retrieved from /home/airflow/.local/lib/python3.12/site-packages/airflow/example_dags/example_latest_only_with_trigger.py
[2026-06-19T16:57:49.789+0000] {logging_mixin.py:190} INFO - [2026-06-19T16:57:49.789+0000] {dag.py:3239} INFO - Sync 1 DAGs
[2026-06-19T16:57:49.817+0000] {logging_mixin.py:190} INFO - [2026-06-19T16:57:49.817+0000] {dag.py:4180} INFO - Setting next_dagrun for latest_only_with_trigger to 2026-06-19 12:00:00+00:00, run_after=2026-06-19 16:00:00+00:00
[2026-06-19T16:57:49.838+0000] {processor.py:208} INFO - Processing /home/airflow/.local/lib/python3.12/site-packages/airflow/example_dags/example_latest_only_with_trigger.py took 0.093 seconds
[2026-06-19T16:58:20.157+0000] {processor.py:186} INFO - Started process (PID=2031) to work on /home/airflow/.local/lib/python3.12/site-packages/airflow/example_dags/example_latest_only_with_trigger.py
[2026-06-19T16:58:20.160+0000] {processor.py:914} INFO - Processing file /home/airflow/.local/lib/python3.12/site-packages/airflow/example_dags/example_latest_only_with_trigger.py for tasks to queue
[2026-06-19T16:58:20.166+0000] {logging_mixin.py:190} INFO - [2026-06-19T16:58:20.165+0000] {dagbag.py:588} INFO - Filling up the DagBag from /home/airflow/.local/lib/python3.12/site-packages/airflow/example_dags/example_latest_only_with_trigger.py
[2026-06-19T16:58:20.179+0000] {processor.py:925} INFO - DAG(s) 'latest_only_with_trigger' retrieved from /home/airflow/.local/lib/python3.12/site-packages/airflow/example_dags/example_latest_only_with_trigger.py
[2026-06-19T16:58:20.215+0000] {logging_mixin.py:190} INFO - [2026-06-19T16:58:20.215+0000] {dag.py:3239} INFO - Sync 1 DAGs
[2026-06-19T16:58:20.263+0000] {logging_mixin.py:190} INFO - [2026-06-19T16:58:20.262+0000] {dag.py:4180} INFO - Setting next_dagrun for latest_only_with_trigger to 2026-06-19 12:00:00+00:00, run_after=2026-06-19 16:00:00+00:00
[2026-06-19T16:58:20.331+0000] {processor.py:208} INFO - Processing /home/airflow/.local/lib/python3.12/site-packages/airflow/example_dags/example_latest_only_with_trigger.py took 0.183 seconds
[2026-06-19T16:58:50.541+0000] {processor.py:186} INFO - Started process (PID=2095) to work on /home/airflow/.local/lib/python3.12/site-packages/airflow/example_dags/example_latest_only_with_trigger.py
[2026-06-19T16:58:50.545+0000] {processor.py:914} INFO - Processing file /home/airflow/.local/lib/python3.12/site-packages/airflow/example_dags/example_latest_only_with_trigger.py for tasks to queue
[2026-06-19T16:58:50.552+0000] {logging_mixin.py:190} INFO - [2026-06-19T16:58:50.551+0000] {dagbag.py:588} INFO - Filling up the DagBag from /home/airflow/.local/lib/python3.12/site-packages/airflow/example_dags/example_latest_only_with_trigger.py
[2026-06-19T16:58:50.570+0000] {processor.py:925} INFO - DAG(s) 'latest_only_with_trigger' retrieved from /home/airflow/.local/lib/python3.12/site-packages/airflow/example_dags/example_latest_only_with_trigger.py
[2026-06-19T16:58:50.605+0000] {logging_mixin.py:190} INFO - [2026-06-19T16:58:50.605+0000] {dag.py:3239} INFO - Sync 1 DAGs
[2026-06-19T16:58:50.651+0000] {logging_mixin.py:190} INFO - [2026-06-19T16:58:50.651+0000] {dag.py:4180} INFO - Setting next_dagrun for latest_only_with_trigger to 2026-06-19 12:00:00+00:00, run_after=2026-06-19 16:00:00+00:00
[2026-06-19T16:58:50.688+0000] {processor.py:208} INFO - Processing /home/airflow/.local/lib/python3.12/site-packages/airflow/example_dags/example_latest_only_with_trigger.py took 0.158 seconds
[2026-06-19T16:59:20.789+0000] {processor.py:186} INFO - Started process (PID=2159) to work on /home/airflow/.local/lib/python3.12/site-packages/airflow/example_dags/example_latest_only_with_trigger.py
[2026-06-19T16:59:20.793+0000] {processor.py:914} INFO - Processing file /home/airflow/.local/lib/python3.12/site-packages/airflow/example_dags/example_latest_only_with_trigger.py for tasks to queue
[2026-06-19T16:59:20.799+0000] {logging_mixin.py:190} INFO - [2026-06-19T16:59:20.798+0000] {dagbag.py:588} INFO - Filling up the DagBag from /home/airflow/.local/lib/python3.12/site-packages/airflow/example_dags/example_latest_only_with_trigger.py
[2026-06-19T16:59:20.810+0000] {processor.py:925} INFO - DAG(s) 'latest_only_with_trigger' retrieved from /home/airflow/.local/lib/python3.12/site-packages/airflow/example_dags/example_latest_only_with_trigger.py
[2026-06-19T16:59:20.841+0000] {logging_mixin.py:190} INFO - [2026-06-19T16:59:20.840+0000] {dag.py:3239} INFO - Sync 1 DAGs
[2026-06-19T16:59:20.877+0000] {logging_mixin.py:190} INFO - [2026-06-19T16:59:20.877+0000] {dag.py:4180} INFO - Setting next_dagrun for latest_only_with_trigger to 2026-06-19 12:00:00+00:00, run_after=2026-06-19 16:00:00+00:00
[2026-06-19T16:59:20.910+0000] {processor.py:208} INFO - Processing /home/airflow/.local/lib/python3.12/site-packages/airflow/example_dags/example_latest_only_with_trigger.py took 0.127 seconds
[2026-06-19T16:59:51.737+0000] {processor.py:186} INFO - Started process (PID=2222) to work on /home/airflow/.local/lib/python3.12/site-packages/airflow/example_dags/example_latest_only_with_trigger.py
[2026-06-19T16:59:51.741+0000] {processor.py:914} INFO - Processing file /home/airflow/.local/lib/python3.12/site-packages/airflow/example_dags/example_latest_only_with_trigger.py for tasks to queue
[2026-06-19T16:59:51.746+0000] {logging_mixin.py:190} INFO - [2026-06-19T16:59:51.746+0000] {dagbag.py:588} INFO - Filling up the DagBag from /home/airflow/.local/lib/python3.12/site-packages/airflow/example_dags/example_latest_only_with_trigger.py
[2026-06-19T16:59:51.758+0000] {processor.py:925} INFO - DAG(s) 'latest_only_with_trigger' retrieved from /home/airflow/.local/lib/python3.12/site-packages/airflow/example_dags/example_latest_only_with_trigger.py
[2026-06-19T16:59:51.791+0000] {logging_mixin.py:190} INFO - [2026-06-19T16:59:51.790+0000] {dag.py:3239} INFO - Sync 1 DAGs
[2026-06-19T16:59:51.827+0000] {logging_mixin.py:190} INFO - [2026-06-19T16:59:51.826+0000] {dag.py:4180} INFO - Setting next_dagrun for latest_only_with_trigger to 2026-06-19 12:00:00+00:00, run_after=2026-06-19 16:00:00+00:00
[2026-06-19T16:59:51.853+0000] {processor.py:208} INFO - Processing /home/airflow/.local/lib/python3.12/site-packages/airflow/example_dags/example_latest_only_with_trigger.py took 0.125 seconds
[2026-06-19T17:00:22.777+0000] {processor.py:186} INFO - Started process (PID=2286) to work on /home/airflow/.local/lib/python3.12/site-packages/airflow/example_dags/example_latest_only_with_trigger.py
[2026-06-19T17:00:22.785+0000] {processor.py:914} INFO - Processing file /home/airflow/.local/lib/python3.12/site-packages/airflow/example_dags/example_latest_only_with_trigger.py for tasks to queue
[2026-06-19T17:00:22.798+0000] {logging_mixin.py:190} INFO - [2026-06-19T17:00:22.797+0000] {dagbag.py:588} INFO - Filling up the DagBag from /home/airflow/.local/lib/python3.12/site-packages/airflow/example_dags/example_latest_only_with_trigger.py
[2026-06-19T17:00:22.854+0000] {processor.py:925} INFO - DAG(s) 'latest_only_with_trigger' retrieved from /home/airflow/.local/lib/python3.12/site-packages/airflow/example_dags/example_latest_only_with_trigger.py
[2026-06-19T17:00:22.977+0000] {logging_mixin.py:190} INFO - [2026-06-19T17:00:22.976+0000] {dag.py:3239} INFO - Sync 1 DAGs
[2026-06-19T17:00:23.104+0000] {logging_mixin.py:190} INFO - [2026-06-19T17:00:23.101+0000] {dag.py:4180} INFO - Setting next_dagrun for latest_only_with_trigger to 2026-06-19 12:00:00+00:00, run_after=2026-06-19 16:00:00+00:00
[2026-06-19T17:00:23.170+0000] {processor.py:208} INFO - Processing /home/airflow/.local/lib/python3.12/site-packages/airflow/example_dags/example_latest_only_with_trigger.py took 0.426 seconds
[2026-06-19T17:00:53.844+0000] {processor.py:186} INFO - Started process (PID=2350) to work on /home/airflow/.local/lib/python3.12/site-packages/airflow/example_dags/example_latest_only_with_trigger.py
[2026-06-19T17:00:53.847+0000] {processor.py:914} INFO - Processing file /home/airflow/.local/lib/python3.12/site-packages/airflow/example_dags/example_latest_only_with_trigger.py for tasks to queue
[2026-06-19T17:00:53.853+0000] {logging_mixin.py:190} INFO - [2026-06-19T17:00:53.852+0000] {dagbag.py:588} INFO - Filling up the DagBag from /home/airflow/.local/lib/python3.12/site-packages/airflow/example_dags/example_latest_only_with_trigger.py
[2026-06-19T17:00:53.870+0000] {processor.py:925} INFO - DAG(s) 'latest_only_with_trigger' retrieved from /home/airflow/.local/lib/python3.12/site-packages/airflow/example_dags/example_latest_only_with_trigger.py
[2026-06-19T17:00:53.911+0000] {logging_mixin.py:190} INFO - [2026-06-19T17:00:53.911+0000] {dag.py:3239} INFO - Sync 1 DAGs
[2026-06-19T17:00:53.960+0000] {logging_mixin.py:190} INFO - [2026-06-19T17:00:53.959+0000] {dag.py:4180} INFO - Setting next_dagrun for latest_only_with_trigger to 2026-06-19 12:00:00+00:00, run_after=2026-06-19 16:00:00+00:00
[2026-06-19T17:00:53.997+0000] {processor.py:208} INFO - Processing /home/airflow/.local/lib/python3.12/site-packages/airflow/example_dags/example_latest_only_with_trigger.py took 0.166 seconds
[2026-06-19T17:01:24.175+0000] {processor.py:186} INFO - Started process (PID=2414) to work on /home/airflow/.local/lib/python3.12/site-packages/airflow/example_dags/example_latest_only_with_trigger.py
[2026-06-19T17:01:24.177+0000] {processor.py:914} INFO - Processing file /home/airflow/.local/lib/python3.12/site-packages/airflow/example_dags/example_latest_only_with_trigger.py for tasks to queue
[2026-06-19T17:01:24.181+0000] {logging_mixin.py:190} INFO - [2026-06-19T17:01:24.180+0000] {dagbag.py:588} INFO - Filling up the DagBag from /home/airflow/.local/lib/python3.12/site-packages/airflow/example_dags/example_latest_only_with_trigger.py
[2026-06-19T17:01:24.191+0000] {processor.py:925} INFO - DAG(s) 'latest_only_with_trigger' retrieved from /home/airflow/.local/lib/python3.12/site-packages/airflow/example_dags/example_latest_only_with_trigger.py
[2026-06-19T17:01:24.215+0000] {logging_mixin.py:190} INFO - [2026-06-19T17:01:24.215+0000] {dag.py:3239} INFO - Sync 1 DAGs
[2026-06-19T17:01:24.245+0000] {logging_mixin.py:190} INFO - [2026-06-19T17:01:24.245+0000] {dag.py:4180} INFO - Setting next_dagrun for latest_only_with_trigger to 2026-06-19 12:00:00+00:00, run_after=2026-06-19 16:00:00+00:00
[2026-06-19T17:01:24.266+0000] {processor.py:208} INFO - Processing /home/airflow/.local/lib/python3.12/site-packages/airflow/example_dags/example_latest_only_with_trigger.py took 0.096 seconds
[2026-06-19T17:01:54.942+0000] {processor.py:186} INFO - Started process (PID=2478) to work on /home/airflow/.local/lib/python3.12/site-packages/airflow/example_dags/example_latest_only_with_trigger.py
[2026-06-19T17:01:54.946+0000] {processor.py:914} INFO - Processing file /home/airflow/.local/lib/python3.12/site-packages/airflow/example_dags/example_latest_only_with_trigger.py for tasks to queue
[2026-06-19T17:01:54.952+0000] {logging_mixin.py:190} INFO - [2026-06-19T17:01:54.951+0000] {dagbag.py:588} INFO - Filling up the DagBag from /home/airflow/.local/lib/python3.12/site-packages/airflow/example_dags/example_latest_only_with_trigger.py
[2026-06-19T17:01:54.971+0000] {processor.py:925} INFO - DAG(s) 'latest_only_with_trigger' retrieved from /home/airflow/.local/lib/python3.12/site-packages/airflow/example_dags/example_latest_only_with_trigger.py
[2026-06-19T17:01:55.014+0000] {logging_mixin.py:190} INFO - [2026-06-19T17:01:55.013+0000] {dag.py:3239} INFO - Sync 1 DAGs
[2026-06-19T17:01:55.067+0000] {logging_mixin.py:190} INFO - [2026-06-19T17:01:55.067+0000] {dag.py:4180} INFO - Setting next_dagrun for latest_only_with_trigger to 2026-06-19 12:00:00+00:00, run_after=2026-06-19 16:00:00+00:00
[2026-06-19T17:01:55.103+0000] {processor.py:208} INFO - Processing /home/airflow/.local/lib/python3.12/site-packages/airflow/example_dags/example_latest_only_with_trigger.py took 0.175 seconds
[2026-06-19T17:02:25.291+0000] {processor.py:186} INFO - Started process (PID=2542) to work on /home/airflow/.local/lib/python3.12/site-packages/airflow/example_dags/example_latest_only_with_trigger.py
[2026-06-19T17:02:25.294+0000] {processor.py:914} INFO - Processing file /home/airflow/.local/lib/python3.12/site-packages/airflow/example_dags/example_latest_only_with_trigger.py for tasks to queue
[2026-06-19T17:02:25.299+0000] {logging_mixin.py:190} INFO - [2026-06-19T17:02:25.298+0000] {dagbag.py:588} INFO - Filling up the DagBag from /home/airflow/.local/lib/python3.12/site-packages/airflow/example_dags/example_latest_only_with_trigger.py
[2026-06-19T17:02:25.314+0000] {processor.py:925} INFO - DAG(s) 'latest_only_with_trigger' retrieved from /home/airflow/.local/lib/python3.12/site-packages/airflow/example_dags/example_latest_only_with_trigger.py
[2026-06-19T17:02:25.347+0000] {logging_mixin.py:190} INFO - [2026-06-19T17:02:25.346+0000] {dag.py:3239} INFO - Sync 1 DAGs
[2026-06-19T17:02:25.381+0000] {logging_mixin.py:190} INFO - [2026-06-19T17:02:25.380+0000] {dag.py:4180} INFO - Setting next_dagrun for latest_only_with_trigger to 2026-06-19 12:00:00+00:00, run_after=2026-06-19 16:00:00+00:00
[2026-06-19T17:02:25.413+0000] {processor.py:208} INFO - Processing /home/airflow/.local/lib/python3.12/site-packages/airflow/example_dags/example_latest_only_with_trigger.py took 0.131 seconds
[2026-06-19T17:04:23.750+0000] {processor.py:186} INFO - Started process (PID=77) to work on /home/airflow/.local/lib/python3.12/site-packages/airflow/example_dags/example_latest_only_with_trigger.py
[2026-06-19T17:04:23.754+0000] {processor.py:914} INFO - Processing file /home/airflow/.local/lib/python3.12/site-packages/airflow/example_dags/example_latest_only_with_trigger.py for tasks to queue
[2026-06-19T17:04:23.764+0000] {logging_mixin.py:190} INFO - [2026-06-19T17:04:23.763+0000] {dagbag.py:588} INFO - Filling up the DagBag from /home/airflow/.local/lib/python3.12/site-packages/airflow/example_dags/example_latest_only_with_trigger.py
[2026-06-19T17:04:23.797+0000] {processor.py:925} INFO - DAG(s) 'latest_only_with_trigger' retrieved from /home/airflow/.local/lib/python3.12/site-packages/airflow/example_dags/example_latest_only_with_trigger.py
[2026-06-19T17:04:23.879+0000] {logging_mixin.py:190} INFO - [2026-06-19T17:04:23.878+0000] {dag.py:3239} INFO - Sync 1 DAGs
[2026-06-19T17:04:23.949+0000] {logging_mixin.py:190} INFO - [2026-06-19T17:04:23.948+0000] {dag.py:4180} INFO - Setting next_dagrun for latest_only_with_trigger to 2026-06-19 12:00:00+00:00, run_after=2026-06-19 16:00:00+00:00
[2026-06-19T17:04:23.989+0000] {processor.py:208} INFO - Processing /home/airflow/.local/lib/python3.12/site-packages/airflow/example_dags/example_latest_only_with_trigger.py took 0.264 seconds
[2026-06-19T17:04:54.826+0000] {processor.py:186} INFO - Started process (PID=141) to work on /home/airflow/.local/lib/python3.12/site-packages/airflow/example_dags/example_latest_only_with_trigger.py
[2026-06-19T17:04:54.838+0000] {processor.py:914} INFO - Processing file /home/airflow/.local/lib/python3.12/site-packages/airflow/example_dags/example_latest_only_with_trigger.py for tasks to queue
[2026-06-19T17:04:54.848+0000] {logging_mixin.py:190} INFO - [2026-06-19T17:04:54.847+0000] {dagbag.py:588} INFO - Filling up the DagBag from /home/airflow/.local/lib/python3.12/site-packages/airflow/example_dags/example_latest_only_with_trigger.py
[2026-06-19T17:04:54.885+0000] {processor.py:925} INFO - DAG(s) 'latest_only_with_trigger' retrieved from /home/airflow/.local/lib/python3.12/site-packages/airflow/example_dags/example_latest_only_with_trigger.py
[2026-06-19T17:04:54.957+0000] {logging_mixin.py:190} INFO - [2026-06-19T17:04:54.956+0000] {dag.py:3239} INFO - Sync 1 DAGs
[2026-06-19T17:04:55.041+0000] {logging_mixin.py:190} INFO - [2026-06-19T17:04:55.041+0000] {dag.py:4180} INFO - Setting next_dagrun for latest_only_with_trigger to 2026-06-19 12:00:00+00:00, run_after=2026-06-19 16:00:00+00:00
[2026-06-19T17:04:55.095+0000] {processor.py:208} INFO - Processing /home/airflow/.local/lib/python3.12/site-packages/airflow/example_dags/example_latest_only_with_trigger.py took 0.290 seconds
[2026-06-19T17:05:25.822+0000] {processor.py:186} INFO - Started process (PID=205) to work on /home/airflow/.local/lib/python3.12/site-packages/airflow/example_dags/example_latest_only_with_trigger.py
[2026-06-19T17:05:25.828+0000] {processor.py:914} INFO - Processing file /home/airflow/.local/lib/python3.12/site-packages/airflow/example_dags/example_latest_only_with_trigger.py for tasks to queue
[2026-06-19T17:05:25.832+0000] {logging_mixin.py:190} INFO - [2026-06-19T17:05:25.832+0000] {dagbag.py:588} INFO - Filling up the DagBag from /home/airflow/.local/lib/python3.12/site-packages/airflow/example_dags/example_latest_only_with_trigger.py
[2026-06-19T17:05:25.840+0000] {processor.py:925} INFO - DAG(s) 'latest_only_with_trigger' retrieved from /home/airflow/.local/lib/python3.12/site-packages/airflow/example_dags/example_latest_only_with_trigger.py
[2026-06-19T17:05:25.863+0000] {logging_mixin.py:190} INFO - [2026-06-19T17:05:25.863+0000] {dag.py:3239} INFO - Sync 1 DAGs
[2026-06-19T17:05:25.885+0000] {logging_mixin.py:190} INFO - [2026-06-19T17:05:25.885+0000] {dag.py:4180} INFO - Setting next_dagrun for latest_only_with_trigger to 2026-06-19 12:00:00+00:00, run_after=2026-06-19 16:00:00+00:00
[2026-06-19T17:05:25.904+0000] {processor.py:208} INFO - Processing /home/airflow/.local/lib/python3.12/site-packages/airflow/example_dags/example_latest_only_with_trigger.py took 0.087 seconds
[2026-06-19T17:05:57.468+0000] {processor.py:186} INFO - Started process (PID=269) to work on /home/airflow/.local/lib/python3.12/site-packages/airflow/example_dags/example_latest_only_with_trigger.py
[2026-06-19T17:05:57.518+0000] {processor.py:914} INFO - Processing file /home/airflow/.local/lib/python3.12/site-packages/airflow/example_dags/example_latest_only_with_trigger.py for tasks to queue
[2026-06-19T17:05:57.539+0000] {logging_mixin.py:190} INFO - [2026-06-19T17:05:57.538+0000] {dagbag.py:588} INFO - Filling up the DagBag from /home/airflow/.local/lib/python3.12/site-packages/airflow/example_dags/example_latest_only_with_trigger.py
[2026-06-19T17:05:57.601+0000] {processor.py:925} INFO - DAG(s) 'latest_only_with_trigger' retrieved from /home/airflow/.local/lib/python3.12/site-packages/airflow/example_dags/example_latest_only_with_trigger.py
[2026-06-19T17:05:57.745+0000] {logging_mixin.py:190} INFO - [2026-06-19T17:05:57.745+0000] {dag.py:3239} INFO - Sync 1 DAGs
[2026-06-19T17:05:57.865+0000] {logging_mixin.py:190} INFO - [2026-06-19T17:05:57.864+0000] {dag.py:4180} INFO - Setting next_dagrun for latest_only_with_trigger to 2026-06-19 12:00:00+00:00, run_after=2026-06-19 16:00:00+00:00
[2026-06-19T17:05:57.938+0000] {processor.py:208} INFO - Processing /home/airflow/.local/lib/python3.12/site-packages/airflow/example_dags/example_latest_only_with_trigger.py took 0.539 seconds
[2026-06-19T17:07:58.649+0000] {processor.py:186} INFO - Started process (PID=77) to work on /home/airflow/.local/lib/python3.12/site-packages/airflow/example_dags/example_latest_only_with_trigger.py
[2026-06-19T17:07:58.655+0000] {processor.py:914} INFO - Processing file /home/airflow/.local/lib/python3.12/site-packages/airflow/example_dags/example_latest_only_with_trigger.py for tasks to queue
[2026-06-19T17:07:58.666+0000] {logging_mixin.py:190} INFO - [2026-06-19T17:07:58.665+0000] {dagbag.py:588} INFO - Filling up the DagBag from /home/airflow/.local/lib/python3.12/site-packages/airflow/example_dags/example_latest_only_with_trigger.py
[2026-06-19T17:07:58.702+0000] {processor.py:925} INFO - DAG(s) 'latest_only_with_trigger' retrieved from /home/airflow/.local/lib/python3.12/site-packages/airflow/example_dags/example_latest_only_with_trigger.py
[2026-06-19T17:07:58.800+0000] {logging_mixin.py:190} INFO - [2026-06-19T17:07:58.800+0000] {dag.py:3239} INFO - Sync 1 DAGs
[2026-06-19T17:07:58.878+0000] {logging_mixin.py:190} INFO - [2026-06-19T17:07:58.877+0000] {dag.py:4180} INFO - Setting next_dagrun for latest_only_with_trigger to 2026-06-19 12:00:00+00:00, run_after=2026-06-19 16:00:00+00:00
[2026-06-19T17:07:58.931+0000] {processor.py:208} INFO - Processing /home/airflow/.local/lib/python3.12/site-packages/airflow/example_dags/example_latest_only_with_trigger.py took 0.307 seconds
[2026-06-19T17:08:29.056+0000] {processor.py:186} INFO - Started process (PID=141) to work on /home/airflow/.local/lib/python3.12/site-packages/airflow/example_dags/example_latest_only_with_trigger.py
[2026-06-19T17:08:29.060+0000] {processor.py:914} INFO - Processing file /home/airflow/.local/lib/python3.12/site-packages/airflow/example_dags/example_latest_only_with_trigger.py for tasks to queue
[2026-06-19T17:08:29.067+0000] {logging_mixin.py:190} INFO - [2026-06-19T17:08:29.066+0000] {dagbag.py:588} INFO - Filling up the DagBag from /home/airflow/.local/lib/python3.12/site-packages/airflow/example_dags/example_latest_only_with_trigger.py
[2026-06-19T17:08:29.084+0000] {processor.py:925} INFO - DAG(s) 'latest_only_with_trigger' retrieved from /home/airflow/.local/lib/python3.12/site-packages/airflow/example_dags/example_latest_only_with_trigger.py
[2026-06-19T17:08:29.126+0000] {logging_mixin.py:190} INFO - [2026-06-19T17:08:29.125+0000] {dag.py:3239} INFO - Sync 1 DAGs
[2026-06-19T17:08:29.174+0000] {logging_mixin.py:190} INFO - [2026-06-19T17:08:29.173+0000] {dag.py:4180} INFO - Setting next_dagrun for latest_only_with_trigger to 2026-06-19 12:00:00+00:00, run_after=2026-06-19 16:00:00+00:00
[2026-06-19T17:08:29.224+0000] {processor.py:208} INFO - Processing /home/airflow/.local/lib/python3.12/site-packages/airflow/example_dags/example_latest_only_with_trigger.py took 0.178 seconds
[2026-06-19T17:08:59.416+0000] {processor.py:186} INFO - Started process (PID=205) to work on /home/airflow/.local/lib/python3.12/site-packages/airflow/example_dags/example_latest_only_with_trigger.py
[2026-06-19T17:08:59.419+0000] {processor.py:914} INFO - Processing file /home/airflow/.local/lib/python3.12/site-packages/airflow/example_dags/example_latest_only_with_trigger.py for tasks to queue
[2026-06-19T17:08:59.424+0000] {logging_mixin.py:190} INFO - [2026-06-19T17:08:59.424+0000] {dagbag.py:588} INFO - Filling up the DagBag from /home/airflow/.local/lib/python3.12/site-packages/airflow/example_dags/example_latest_only_with_trigger.py
[2026-06-19T17:08:59.436+0000] {processor.py:925} INFO - DAG(s) 'latest_only_with_trigger' retrieved from /home/airflow/.local/lib/python3.12/site-packages/airflow/example_dags/example_latest_only_with_trigger.py
[2026-06-19T17:08:59.460+0000] {logging_mixin.py:190} INFO - [2026-06-19T17:08:59.460+0000] {dag.py:3239} INFO - Sync 1 DAGs
[2026-06-19T17:08:59.484+0000] {logging_mixin.py:190} INFO - [2026-06-19T17:08:59.484+0000] {dag.py:4180} INFO - Setting next_dagrun for latest_only_with_trigger to 2026-06-19 12:00:00+00:00, run_after=2026-06-19 16:00:00+00:00
[2026-06-19T17:08:59.507+0000] {processor.py:208} INFO - Processing /home/airflow/.local/lib/python3.12/site-packages/airflow/example_dags/example_latest_only_with_trigger.py took 0.100 seconds
[2026-06-19T17:09:31.097+0000] {processor.py:186} INFO - Started process (PID=269) to work on /home/airflow/.local/lib/python3.12/site-packages/airflow/example_dags/example_latest_only_with_trigger.py
[2026-06-19T17:09:31.111+0000] {processor.py:914} INFO - Processing file /home/airflow/.local/lib/python3.12/site-packages/airflow/example_dags/example_latest_only_with_trigger.py for tasks to queue
[2026-06-19T17:09:31.121+0000] {logging_mixin.py:190} INFO - [2026-06-19T17:09:31.120+0000] {dagbag.py:588} INFO - Filling up the DagBag from /home/airflow/.local/lib/python3.12/site-packages/airflow/example_dags/example_latest_only_with_trigger.py
[2026-06-19T17:09:31.156+0000] {processor.py:925} INFO - DAG(s) 'latest_only_with_trigger' retrieved from /home/airflow/.local/lib/python3.12/site-packages/airflow/example_dags/example_latest_only_with_trigger.py
[2026-06-19T17:09:31.229+0000] {logging_mixin.py:190} INFO - [2026-06-19T17:09:31.229+0000] {dag.py:3239} INFO - Sync 1 DAGs
[2026-06-19T17:09:31.363+0000] {logging_mixin.py:190} INFO - [2026-06-19T17:09:31.362+0000] {dag.py:4180} INFO - Setting next_dagrun for latest_only_with_trigger to 2026-06-19 12:00:00+00:00, run_after=2026-06-19 16:00:00+00:00
[2026-06-19T17:09:31.477+0000] {processor.py:208} INFO - Processing /home/airflow/.local/lib/python3.12/site-packages/airflow/example_dags/example_latest_only_with_trigger.py took 0.400 seconds
[2026-06-19T17:10:02.015+0000] {processor.py:186} INFO - Started process (PID=333) to work on /home/airflow/.local/lib/python3.12/site-packages/airflow/example_dags/example_latest_only_with_trigger.py
[2026-06-19T17:10:02.020+0000] {processor.py:914} INFO - Processing file /home/airflow/.local/lib/python3.12/site-packages/airflow/example_dags/example_latest_only_with_trigger.py for tasks to queue
[2026-06-19T17:10:02.030+0000] {logging_mixin.py:190} INFO - [2026-06-19T17:10:02.029+0000] {dagbag.py:588} INFO - Filling up the DagBag from /home/airflow/.local/lib/python3.12/site-packages/airflow/example_dags/example_latest_only_with_trigger.py
[2026-06-19T17:10:02.066+0000] {processor.py:925} INFO - DAG(s) 'latest_only_with_trigger' retrieved from /home/airflow/.local/lib/python3.12/site-packages/airflow/example_dags/example_latest_only_with_trigger.py
[2026-06-19T17:10:02.152+0000] {logging_mixin.py:190} INFO - [2026-06-19T17:10:02.151+0000] {dag.py:3239} INFO - Sync 1 DAGs
[2026-06-19T17:10:02.232+0000] {logging_mixin.py:190} INFO - [2026-06-19T17:10:02.232+0000] {dag.py:4180} INFO - Setting next_dagrun for latest_only_with_trigger to 2026-06-19 12:00:00+00:00, run_after=2026-06-19 16:00:00+00:00
[2026-06-19T17:10:02.277+0000] {processor.py:208} INFO - Processing /home/airflow/.local/lib/python3.12/site-packages/airflow/example_dags/example_latest_only_with_trigger.py took 0.276 seconds
[2026-06-19T17:10:32.739+0000] {processor.py:186} INFO - Started process (PID=398) to work on /home/airflow/.local/lib/python3.12/site-packages/airflow/example_dags/example_latest_only_with_trigger.py
[2026-06-19T17:10:32.741+0000] {processor.py:914} INFO - Processing file /home/airflow/.local/lib/python3.12/site-packages/airflow/example_dags/example_latest_only_with_trigger.py for tasks to queue
[2026-06-19T17:10:32.744+0000] {logging_mixin.py:190} INFO - [2026-06-19T17:10:32.743+0000] {dagbag.py:588} INFO - Filling up the DagBag from /home/airflow/.local/lib/python3.12/site-packages/airflow/example_dags/example_latest_only_with_trigger.py
[2026-06-19T17:10:32.752+0000] {processor.py:925} INFO - DAG(s) 'latest_only_with_trigger' retrieved from /home/airflow/.local/lib/python3.12/site-packages/airflow/example_dags/example_latest_only_with_trigger.py
[2026-06-19T17:10:32.776+0000] {logging_mixin.py:190} INFO - [2026-06-19T17:10:32.775+0000] {dag.py:3239} INFO - Sync 1 DAGs
[2026-06-19T17:10:32.804+0000] {logging_mixin.py:190} INFO - [2026-06-19T17:10:32.804+0000] {dag.py:4180} INFO - Setting next_dagrun for latest_only_with_trigger to 2026-06-19 12:00:00+00:00, run_after=2026-06-19 16:00:00+00:00
[2026-06-19T17:10:32.826+0000] {processor.py:208} INFO - Processing /home/airflow/.local/lib/python3.12/site-packages/airflow/example_dags/example_latest_only_with_trigger.py took 0.092 seconds
[2026-06-19T17:11:03.074+0000] {processor.py:186} INFO - Started process (PID=462) to work on /home/airflow/.local/lib/python3.12/site-packages/airflow/example_dags/example_latest_only_with_trigger.py
[2026-06-19T17:11:03.077+0000] {processor.py:914} INFO - Processing file /home/airflow/.local/lib/python3.12/site-packages/airflow/example_dags/example_latest_only_with_trigger.py for tasks to queue
[2026-06-19T17:11:03.080+0000] {logging_mixin.py:190} INFO - [2026-06-19T17:11:03.080+0000] {dagbag.py:588} INFO - Filling up the DagBag from /home/airflow/.local/lib/python3.12/site-packages/airflow/example_dags/example_latest_only_with_trigger.py
[2026-06-19T17:11:03.088+0000] {processor.py:925} INFO - DAG(s) 'latest_only_with_trigger' retrieved from /home/airflow/.local/lib/python3.12/site-packages/airflow/example_dags/example_latest_only_with_trigger.py
[2026-06-19T17:11:03.112+0000] {logging_mixin.py:190} INFO - [2026-06-19T17:11:03.112+0000] {dag.py:3239} INFO - Sync 1 DAGs
[2026-06-19T17:11:03.138+0000] {logging_mixin.py:190} INFO - [2026-06-19T17:11:03.138+0000] {dag.py:4180} INFO - Setting next_dagrun for latest_only_with_trigger to 2026-06-19 12:00:00+00:00, run_after=2026-06-19 16:00:00+00:00
[2026-06-19T17:11:03.160+0000] {processor.py:208} INFO - Processing /home/airflow/.local/lib/python3.12/site-packages/airflow/example_dags/example_latest_only_with_trigger.py took 0.093 seconds
[2026-06-19T17:11:33.354+0000] {processor.py:186} INFO - Started process (PID=526) to work on /home/airflow/.local/lib/python3.12/site-packages/airflow/example_dags/example_latest_only_with_trigger.py
[2026-06-19T17:11:33.357+0000] {processor.py:914} INFO - Processing file /home/airflow/.local/lib/python3.12/site-packages/airflow/example_dags/example_latest_only_with_trigger.py for tasks to queue
[2026-06-19T17:11:33.361+0000] {logging_mixin.py:190} INFO - [2026-06-19T17:11:33.360+0000] {dagbag.py:588} INFO - Filling up the DagBag from /home/airflow/.local/lib/python3.12/site-packages/airflow/example_dags/example_latest_only_with_trigger.py
[2026-06-19T17:11:33.370+0000] {processor.py:925} INFO - DAG(s) 'latest_only_with_trigger' retrieved from /home/airflow/.local/lib/python3.12/site-packages/airflow/example_dags/example_latest_only_with_trigger.py
[2026-06-19T17:11:33.393+0000] {logging_mixin.py:190} INFO - [2026-06-19T17:11:33.392+0000] {dag.py:3239} INFO - Sync 1 DAGs
[2026-06-19T17:11:33.416+0000] {logging_mixin.py:190} INFO - [2026-06-19T17:11:33.416+0000] {dag.py:4180} INFO - Setting next_dagrun for latest_only_with_trigger to 2026-06-19 12:00:00+00:00, run_after=2026-06-19 16:00:00+00:00
[2026-06-19T17:11:33.435+0000] {processor.py:208} INFO - Processing /home/airflow/.local/lib/python3.12/site-packages/airflow/example_dags/example_latest_only_with_trigger.py took 0.088 seconds
[2026-06-19T17:12:04.143+0000] {processor.py:186} INFO - Started process (PID=590) to work on /home/airflow/.local/lib/python3.12/site-packages/airflow/example_dags/example_latest_only_with_trigger.py
[2026-06-19T17:12:04.150+0000] {processor.py:914} INFO - Processing file /home/airflow/.local/lib/python3.12/site-packages/airflow/example_dags/example_latest_only_with_trigger.py for tasks to queue
[2026-06-19T17:12:04.178+0000] {logging_mixin.py:190} INFO - [2026-06-19T17:12:04.177+0000] {dagbag.py:588} INFO - Filling up the DagBag from /home/airflow/.local/lib/python3.12/site-packages/airflow/example_dags/example_latest_only_with_trigger.py
[2026-06-19T17:12:04.221+0000] {processor.py:925} INFO - DAG(s) 'latest_only_with_trigger' retrieved from /home/airflow/.local/lib/python3.12/site-packages/airflow/example_dags/example_latest_only_with_trigger.py
[2026-06-19T17:12:04.299+0000] {logging_mixin.py:190} INFO - [2026-06-19T17:12:04.298+0000] {dag.py:3239} INFO - Sync 1 DAGs
[2026-06-19T17:12:04.370+0000] {logging_mixin.py:190} INFO - [2026-06-19T17:12:04.369+0000] {dag.py:4180} INFO - Setting next_dagrun for latest_only_with_trigger to 2026-06-19 12:00:00+00:00, run_after=2026-06-19 16:00:00+00:00
[2026-06-19T17:12:04.472+0000] {processor.py:208} INFO - Processing /home/airflow/.local/lib/python3.12/site-packages/airflow/example_dags/example_latest_only_with_trigger.py took 0.366 seconds
[2026-06-19T17:12:35.578+0000] {processor.py:186} INFO - Started process (PID=654) to work on /home/airflow/.local/lib/python3.12/site-packages/airflow/example_dags/example_latest_only_with_trigger.py
[2026-06-19T17:12:35.588+0000] {processor.py:914} INFO - Processing file /home/airflow/.local/lib/python3.12/site-packages/airflow/example_dags/example_latest_only_with_trigger.py for tasks to queue
[2026-06-19T17:12:35.608+0000] {logging_mixin.py:190} INFO - [2026-06-19T17:12:35.602+0000] {dagbag.py:588} INFO - Filling up the DagBag from /home/airflow/.local/lib/python3.12/site-packages/airflow/example_dags/example_latest_only_with_trigger.py
[2026-06-19T17:12:35.652+0000] {processor.py:925} INFO - DAG(s) 'latest_only_with_trigger' retrieved from /home/airflow/.local/lib/python3.12/site-packages/airflow/example_dags/example_latest_only_with_trigger.py
[2026-06-19T17:12:35.722+0000] {logging_mixin.py:190} INFO - [2026-06-19T17:12:35.721+0000] {dag.py:3239} INFO - Sync 1 DAGs
[2026-06-19T17:12:35.775+0000] {logging_mixin.py:190} INFO - [2026-06-19T17:12:35.775+0000] {dag.py:4180} INFO - Setting next_dagrun for latest_only_with_trigger to 2026-06-19 12:00:00+00:00, run_after=2026-06-19 16:00:00+00:00
[2026-06-19T17:12:35.893+0000] {processor.py:208} INFO - Processing /home/airflow/.local/lib/python3.12/site-packages/airflow/example_dags/example_latest_only_with_trigger.py took 0.348 seconds
[2026-06-19T17:13:06.102+0000] {processor.py:186} INFO - Started process (PID=718) to work on /home/airflow/.local/lib/python3.12/site-packages/airflow/example_dags/example_latest_only_with_trigger.py
[2026-06-19T17:13:06.105+0000] {processor.py:914} INFO - Processing file /home/airflow/.local/lib/python3.12/site-packages/airflow/example_dags/example_latest_only_with_trigger.py for tasks to queue
[2026-06-19T17:13:06.111+0000] {logging_mixin.py:190} INFO - [2026-06-19T17:13:06.110+0000] {dagbag.py:588} INFO - Filling up the DagBag from /home/airflow/.local/lib/python3.12/site-packages/airflow/example_dags/example_latest_only_with_trigger.py
[2026-06-19T17:13:06.128+0000] {processor.py:925} INFO - DAG(s) 'latest_only_with_trigger' retrieved from /home/airflow/.local/lib/python3.12/site-packages/airflow/example_dags/example_latest_only_with_trigger.py
[2026-06-19T17:13:06.160+0000] {logging_mixin.py:190} INFO - [2026-06-19T17:13:06.159+0000] {dag.py:3239} INFO - Sync 1 DAGs
[2026-06-19T17:13:06.198+0000] {logging_mixin.py:190} INFO - [2026-06-19T17:13:06.198+0000] {dag.py:4180} INFO - Setting next_dagrun for latest_only_with_trigger to 2026-06-19 12:00:00+00:00, run_after=2026-06-19 16:00:00+00:00
[2026-06-19T17:13:06.240+0000] {processor.py:208} INFO - Processing /home/airflow/.local/lib/python3.12/site-packages/airflow/example_dags/example_latest_only_with_trigger.py took 0.148 seconds
[2026-06-19T17:13:40.851+0000] {processor.py:186} INFO - Started process (PID=787) to work on /home/airflow/.local/lib/python3.12/site-packages/airflow/example_dags/example_latest_only_with_trigger.py
[2026-06-19T17:13:40.878+0000] {processor.py:914} INFO - Processing file /home/airflow/.local/lib/python3.12/site-packages/airflow/example_dags/example_latest_only_with_trigger.py for tasks to queue
[2026-06-19T17:13:40.895+0000] {logging_mixin.py:190} INFO - [2026-06-19T17:13:40.891+0000] {dagbag.py:588} INFO - Filling up the DagBag from /home/airflow/.local/lib/python3.12/site-packages/airflow/example_dags/example_latest_only_with_trigger.py
[2026-06-19T17:13:40.934+0000] {processor.py:925} INFO - DAG(s) 'latest_only_with_trigger' retrieved from /home/airflow/.local/lib/python3.12/site-packages/airflow/example_dags/example_latest_only_with_trigger.py
[2026-06-19T17:13:41.033+0000] {logging_mixin.py:190} INFO - [2026-06-19T17:13:41.033+0000] {dag.py:3239} INFO - Sync 1 DAGs
[2026-06-19T17:13:41.189+0000] {logging_mixin.py:190} INFO - [2026-06-19T17:13:41.186+0000] {dag.py:4180} INFO - Setting next_dagrun for latest_only_with_trigger to 2026-06-19 12:00:00+00:00, run_after=2026-06-19 16:00:00+00:00
[2026-06-19T17:13:41.338+0000] {processor.py:208} INFO - Processing /home/airflow/.local/lib/python3.12/site-packages/airflow/example_dags/example_latest_only_with_trigger.py took 0.542 seconds
[2026-06-19T17:14:13.103+0000] {processor.py:186} INFO - Started process (PID=851) to work on /home/airflow/.local/lib/python3.12/site-packages/airflow/example_dags/example_latest_only_with_trigger.py
[2026-06-19T17:14:13.109+0000] {processor.py:914} INFO - Processing file /home/airflow/.local/lib/python3.12/site-packages/airflow/example_dags/example_latest_only_with_trigger.py for tasks to queue
[2026-06-19T17:14:13.120+0000] {logging_mixin.py:190} INFO - [2026-06-19T17:14:13.119+0000] {dagbag.py:588} INFO - Filling up the DagBag from /home/airflow/.local/lib/python3.12/site-packages/airflow/example_dags/example_latest_only_with_trigger.py
[2026-06-19T17:14:13.148+0000] {processor.py:925} INFO - DAG(s) 'latest_only_with_trigger' retrieved from /home/airflow/.local/lib/python3.12/site-packages/airflow/example_dags/example_latest_only_with_trigger.py
[2026-06-19T17:14:13.211+0000] {logging_mixin.py:190} INFO - [2026-06-19T17:14:13.210+0000] {dag.py:3239} INFO - Sync 1 DAGs
[2026-06-19T17:14:13.295+0000] {logging_mixin.py:190} INFO - [2026-06-19T17:14:13.294+0000] {dag.py:4180} INFO - Setting next_dagrun for latest_only_with_trigger to 2026-06-19 12:00:00+00:00, run_after=2026-06-19 16:00:00+00:00
[2026-06-19T17:14:13.364+0000] {processor.py:208} INFO - Processing /home/airflow/.local/lib/python3.12/site-packages/airflow/example_dags/example_latest_only_with_trigger.py took 0.283 seconds
[2026-06-19T17:14:46.455+0000] {processor.py:186} INFO - Started process (PID=909) to work on /home/airflow/.local/lib/python3.12/site-packages/airflow/example_dags/example_latest_only_with_trigger.py
[2026-06-19T17:14:46.468+0000] {processor.py:914} INFO - Processing file /home/airflow/.local/lib/python3.12/site-packages/airflow/example_dags/example_latest_only_with_trigger.py for tasks to queue
[2026-06-19T17:14:46.481+0000] {logging_mixin.py:190} INFO - [2026-06-19T17:14:46.480+0000] {dagbag.py:588} INFO - Filling up the DagBag from /home/airflow/.local/lib/python3.12/site-packages/airflow/example_dags/example_latest_only_with_trigger.py
[2026-06-19T17:14:46.533+0000] {processor.py:925} INFO - DAG(s) 'latest_only_with_trigger' retrieved from /home/airflow/.local/lib/python3.12/site-packages/airflow/example_dags/example_latest_only_with_trigger.py
[2026-06-19T17:14:46.618+0000] {logging_mixin.py:190} INFO - [2026-06-19T17:14:46.618+0000] {dag.py:3239} INFO - Sync 1 DAGs
[2026-06-19T17:14:46.742+0000] {logging_mixin.py:190} INFO - [2026-06-19T17:14:46.741+0000] {dag.py:4180} INFO - Setting next_dagrun for latest_only_with_trigger to 2026-06-19 12:00:00+00:00, run_after=2026-06-19 16:00:00+00:00
[2026-06-19T17:14:46.823+0000] {processor.py:208} INFO - Processing /home/airflow/.local/lib/python3.12/site-packages/airflow/example_dags/example_latest_only_with_trigger.py took 0.400 seconds
[2026-06-19T17:15:17.176+0000] {processor.py:186} INFO - Started process (PID=973) to work on /home/airflow/.local/lib/python3.12/site-packages/airflow/example_dags/example_latest_only_with_trigger.py
[2026-06-19T17:15:17.181+0000] {processor.py:914} INFO - Processing file /home/airflow/.local/lib/python3.12/site-packages/airflow/example_dags/example_latest_only_with_trigger.py for tasks to queue
[2026-06-19T17:15:17.189+0000] {logging_mixin.py:190} INFO - [2026-06-19T17:15:17.189+0000] {dagbag.py:588} INFO - Filling up the DagBag from /home/airflow/.local/lib/python3.12/site-packages/airflow/example_dags/example_latest_only_with_trigger.py
[2026-06-19T17:15:17.221+0000] {processor.py:925} INFO - DAG(s) 'latest_only_with_trigger' retrieved from /home/airflow/.local/lib/python3.12/site-packages/airflow/example_dags/example_latest_only_with_trigger.py
[2026-06-19T17:15:17.314+0000] {logging_mixin.py:190} INFO - [2026-06-19T17:15:17.313+0000] {dag.py:3239} INFO - Sync 1 DAGs
[2026-06-19T17:15:17.403+0000] {logging_mixin.py:190} INFO - [2026-06-19T17:15:17.403+0000] {dag.py:4180} INFO - Setting next_dagrun for latest_only_with_trigger to 2026-06-19 12:00:00+00:00, run_after=2026-06-19 16:00:00+00:00
[2026-06-19T17:15:17.468+0000] {processor.py:208} INFO - Processing /home/airflow/.local/lib/python3.12/site-packages/airflow/example_dags/example_latest_only_with_trigger.py took 0.308 seconds
[2026-06-19T17:15:47.799+0000] {processor.py:186} INFO - Started process (PID=1036) to work on /home/airflow/.local/lib/python3.12/site-packages/airflow/example_dags/example_latest_only_with_trigger.py
[2026-06-19T17:15:47.802+0000] {processor.py:914} INFO - Processing file /home/airflow/.local/lib/python3.12/site-packages/airflow/example_dags/example_latest_only_with_trigger.py for tasks to queue
[2026-06-19T17:15:47.809+0000] {logging_mixin.py:190} INFO - [2026-06-19T17:15:47.808+0000] {dagbag.py:588} INFO - Filling up the DagBag from /home/airflow/.local/lib/python3.12/site-packages/airflow/example_dags/example_latest_only_with_trigger.py
[2026-06-19T17:15:47.830+0000] {processor.py:925} INFO - DAG(s) 'latest_only_with_trigger' retrieved from /home/airflow/.local/lib/python3.12/site-packages/airflow/example_dags/example_latest_only_with_trigger.py
[2026-06-19T17:15:47.878+0000] {logging_mixin.py:190} INFO - [2026-06-19T17:15:47.878+0000] {dag.py:3239} INFO - Sync 1 DAGs
[2026-06-19T17:15:47.926+0000] {logging_mixin.py:190} INFO - [2026-06-19T17:15:47.926+0000] {dag.py:4180} INFO - Setting next_dagrun for latest_only_with_trigger to 2026-06-19 12:00:00+00:00, run_after=2026-06-19 16:00:00+00:00
[2026-06-19T17:15:47.958+0000] {processor.py:208} INFO - Processing /home/airflow/.local/lib/python3.12/site-packages/airflow/example_dags/example_latest_only_with_trigger.py took 0.175 seconds
[2026-06-19T17:16:18.403+0000] {processor.py:186} INFO - Started process (PID=1101) to work on /home/airflow/.local/lib/python3.12/site-packages/airflow/example_dags/example_latest_only_with_trigger.py
[2026-06-19T17:16:18.409+0000] {processor.py:914} INFO - Processing file /home/airflow/.local/lib/python3.12/site-packages/airflow/example_dags/example_latest_only_with_trigger.py for tasks to queue
[2026-06-19T17:16:18.420+0000] {logging_mixin.py:190} INFO - [2026-06-19T17:16:18.419+0000] {dagbag.py:588} INFO - Filling up the DagBag from /home/airflow/.local/lib/python3.12/site-packages/airflow/example_dags/example_latest_only_with_trigger.py
[2026-06-19T17:16:18.440+0000] {processor.py:925} INFO - DAG(s) 'latest_only_with_trigger' retrieved from /home/airflow/.local/lib/python3.12/site-packages/airflow/example_dags/example_latest_only_with_trigger.py
[2026-06-19T17:16:18.501+0000] {logging_mixin.py:190} INFO - [2026-06-19T17:16:18.501+0000] {dag.py:3239} INFO - Sync 1 DAGs
[2026-06-19T17:16:18.546+0000] {logging_mixin.py:190} INFO - [2026-06-19T17:16:18.546+0000] {dag.py:4180} INFO - Setting next_dagrun for latest_only_with_trigger to 2026-06-19 12:00:00+00:00, run_after=2026-06-19 16:00:00+00:00
[2026-06-19T17:16:18.583+0000] {processor.py:208} INFO - Processing /home/airflow/.local/lib/python3.12/site-packages/airflow/example_dags/example_latest_only_with_trigger.py took 0.194 seconds
[2026-06-19T17:16:49.003+0000] {processor.py:186} INFO - Started process (PID=1165) to work on /home/airflow/.local/lib/python3.12/site-packages/airflow/example_dags/example_latest_only_with_trigger.py
[2026-06-19T17:16:49.006+0000] {processor.py:914} INFO - Processing file /home/airflow/.local/lib/python3.12/site-packages/airflow/example_dags/example_latest_only_with_trigger.py for tasks to queue
[2026-06-19T17:16:49.014+0000] {logging_mixin.py:190} INFO - [2026-06-19T17:16:49.014+0000] {dagbag.py:588} INFO - Filling up the DagBag from /home/airflow/.local/lib/python3.12/site-packages/airflow/example_dags/example_latest_only_with_trigger.py
[2026-06-19T17:16:49.028+0000] {processor.py:925} INFO - DAG(s) 'latest_only_with_trigger' retrieved from /home/airflow/.local/lib/python3.12/site-packages/airflow/example_dags/example_latest_only_with_trigger.py
[2026-06-19T17:16:49.059+0000] {logging_mixin.py:190} INFO - [2026-06-19T17:16:49.059+0000] {dag.py:3239} INFO - Sync 1 DAGs
[2026-06-19T17:16:49.097+0000] {logging_mixin.py:190} INFO - [2026-06-19T17:16:49.097+0000] {dag.py:4180} INFO - Setting next_dagrun for latest_only_with_trigger to 2026-06-19 12:00:00+00:00, run_after=2026-06-19 16:00:00+00:00
[2026-06-19T17:16:49.128+0000] {processor.py:208} INFO - Processing /home/airflow/.local/lib/python3.12/site-packages/airflow/example_dags/example_latest_only_with_trigger.py took 0.137 seconds
[2026-06-19T17:17:20.215+0000] {processor.py:186} INFO - Started process (PID=1229) to work on /home/airflow/.local/lib/python3.12/site-packages/airflow/example_dags/example_latest_only_with_trigger.py
[2026-06-19T17:17:20.219+0000] {processor.py:914} INFO - Processing file /home/airflow/.local/lib/python3.12/site-packages/airflow/example_dags/example_latest_only_with_trigger.py for tasks to queue
[2026-06-19T17:17:20.227+0000] {logging_mixin.py:190} INFO - [2026-06-19T17:17:20.226+0000] {dagbag.py:588} INFO - Filling up the DagBag from /home/airflow/.local/lib/python3.12/site-packages/airflow/example_dags/example_latest_only_with_trigger.py
[2026-06-19T17:17:20.251+0000] {processor.py:925} INFO - DAG(s) 'latest_only_with_trigger' retrieved from /home/airflow/.local/lib/python3.12/site-packages/airflow/example_dags/example_latest_only_with_trigger.py
[2026-06-19T17:17:20.300+0000] {logging_mixin.py:190} INFO - [2026-06-19T17:17:20.300+0000] {dag.py:3239} INFO - Sync 1 DAGs
[2026-06-19T17:17:20.342+0000] {logging_mixin.py:190} INFO - [2026-06-19T17:17:20.342+0000] {dag.py:4180} INFO - Setting next_dagrun for latest_only_with_trigger to 2026-06-19 12:00:00+00:00, run_after=2026-06-19 16:00:00+00:00
[2026-06-19T17:17:20.375+0000] {processor.py:208} INFO - Processing /home/airflow/.local/lib/python3.12/site-packages/airflow/example_dags/example_latest_only_with_trigger.py took 0.176 seconds
[2026-06-19T17:17:51.198+0000] {processor.py:186} INFO - Started process (PID=1292) to work on /home/airflow/.local/lib/python3.12/site-packages/airflow/example_dags/example_latest_only_with_trigger.py
[2026-06-19T17:17:51.203+0000] {processor.py:914} INFO - Processing file /home/airflow/.local/lib/python3.12/site-packages/airflow/example_dags/example_latest_only_with_trigger.py for tasks to queue
[2026-06-19T17:17:51.210+0000] {logging_mixin.py:190} INFO - [2026-06-19T17:17:51.210+0000] {dagbag.py:588} INFO - Filling up the DagBag from /home/airflow/.local/lib/python3.12/site-packages/airflow/example_dags/example_latest_only_with_trigger.py
[2026-06-19T17:17:51.232+0000] {processor.py:925} INFO - DAG(s) 'latest_only_with_trigger' retrieved from /home/airflow/.local/lib/python3.12/site-packages/airflow/example_dags/example_latest_only_with_trigger.py
[2026-06-19T17:17:51.285+0000] {logging_mixin.py:190} INFO - [2026-06-19T17:17:51.284+0000] {dag.py:3239} INFO - Sync 1 DAGs
[2026-06-19T17:17:51.339+0000] {logging_mixin.py:190} INFO - [2026-06-19T17:17:51.338+0000] {dag.py:4180} INFO - Setting next_dagrun for latest_only_with_trigger to 2026-06-19 12:00:00+00:00, run_after=2026-06-19 16:00:00+00:00
[2026-06-19T17:17:51.385+0000] {processor.py:208} INFO - Processing /home/airflow/.local/lib/python3.12/site-packages/airflow/example_dags/example_latest_only_with_trigger.py took 0.199 seconds
