[2026-06-19T16:38:42.823+0000] {processor.py:186} INFO - Started process (PID=75) to work on /home/airflow/.local/lib/python3.12/site-packages/airflow/example_dags/example_sla_dag.py
[2026-06-19T16:38:42.832+0000] {processor.py:914} INFO - Processing file /home/airflow/.local/lib/python3.12/site-packages/airflow/example_dags/example_sla_dag.py for tasks to queue
[2026-06-19T16:38:42.842+0000] {logging_mixin.py:190} INFO - [2026-06-19T16:38:42.841+0000] {dagbag.py:588} INFO - Filling up the DagBag from /home/airflow/.local/lib/python3.12/site-packages/airflow/example_dags/example_sla_dag.py
[2026-06-19T16:38:42.887+0000] {processor.py:925} INFO - DAG(s) 'example_sla_dag' retrieved from /home/airflow/.local/lib/python3.12/site-packages/airflow/example_dags/example_sla_dag.py
[2026-06-19T16:38:42.977+0000] {logging_mixin.py:190} INFO - [2026-06-19T16:38:42.976+0000] {dag.py:3239} INFO - Sync 1 DAGs
[2026-06-19T16:38:43.041+0000] {logging_mixin.py:190} INFO - [2026-06-19T16:38:43.041+0000] {dag.py:4180} INFO - Setting next_dagrun for example_sla_dag to 2026-06-19 16:36:00+00:00, run_after=2026-06-19 16:38:00+00:00
[2026-06-19T16:38:43.073+0000] {processor.py:208} INFO - Processing /home/airflow/.local/lib/python3.12/site-packages/airflow/example_dags/example_sla_dag.py took 0.271 seconds
[2026-06-19T16:39:13.143+0000] {processor.py:186} INFO - Started process (PID=138) to work on /home/airflow/.local/lib/python3.12/site-packages/airflow/example_dags/example_sla_dag.py
[2026-06-19T16:39:13.146+0000] {processor.py:914} INFO - Processing file /home/airflow/.local/lib/python3.12/site-packages/airflow/example_dags/example_sla_dag.py for tasks to queue
[2026-06-19T16:39:13.149+0000] {logging_mixin.py:190} INFO - [2026-06-19T16:39:13.149+0000] {dagbag.py:588} INFO - Filling up the DagBag from /home/airflow/.local/lib/python3.12/site-packages/airflow/example_dags/example_sla_dag.py
[2026-06-19T16:39:13.165+0000] {processor.py:925} INFO - DAG(s) 'example_sla_dag' retrieved from /home/airflow/.local/lib/python3.12/site-packages/airflow/example_dags/example_sla_dag.py
[2026-06-19T16:39:13.188+0000] {logging_mixin.py:190} INFO - [2026-06-19T16:39:13.187+0000] {dag.py:3239} INFO - Sync 1 DAGs
[2026-06-19T16:39:13.215+0000] {logging_mixin.py:190} INFO - [2026-06-19T16:39:13.215+0000] {dag.py:4180} INFO - Setting next_dagrun for example_sla_dag to 2026-06-19 16:36:00+00:00, run_after=2026-06-19 16:38:00+00:00
[2026-06-19T16:39:13.235+0000] {processor.py:208} INFO - Processing /home/airflow/.local/lib/python3.12/site-packages/airflow/example_dags/example_sla_dag.py took 0.099 seconds
[2026-06-19T16:39:44.509+0000] {processor.py:186} INFO - Started process (PID=202) to work on /home/airflow/.local/lib/python3.12/site-packages/airflow/example_dags/example_sla_dag.py
[2026-06-19T16:39:44.513+0000] {processor.py:914} INFO - Processing file /home/airflow/.local/lib/python3.12/site-packages/airflow/example_dags/example_sla_dag.py for tasks to queue
[2026-06-19T16:39:44.520+0000] {logging_mixin.py:190} INFO - [2026-06-19T16:39:44.519+0000] {dagbag.py:588} INFO - Filling up the DagBag from /home/airflow/.local/lib/python3.12/site-packages/airflow/example_dags/example_sla_dag.py
[2026-06-19T16:39:44.555+0000] {processor.py:925} INFO - DAG(s) 'example_sla_dag' retrieved from /home/airflow/.local/lib/python3.12/site-packages/airflow/example_dags/example_sla_dag.py
[2026-06-19T16:39:44.649+0000] {logging_mixin.py:190} INFO - [2026-06-19T16:39:44.649+0000] {dag.py:3239} INFO - Sync 1 DAGs
[2026-06-19T16:39:44.806+0000] {logging_mixin.py:190} INFO - [2026-06-19T16:39:44.805+0000] {dag.py:4180} INFO - Setting next_dagrun for example_sla_dag to 2026-06-19 16:36:00+00:00, run_after=2026-06-19 16:38:00+00:00
[2026-06-19T16:39:44.854+0000] {processor.py:208} INFO - Processing /home/airflow/.local/lib/python3.12/site-packages/airflow/example_dags/example_sla_dag.py took 0.359 seconds
[2026-06-19T16:41:55.434+0000] {processor.py:186} INFO - Started process (PID=86) to work on /home/airflow/.local/lib/python3.12/site-packages/airflow/example_dags/example_sla_dag.py
[2026-06-19T16:41:55.445+0000] {processor.py:914} INFO - Processing file /home/airflow/.local/lib/python3.12/site-packages/airflow/example_dags/example_sla_dag.py for tasks to queue
[2026-06-19T16:41:55.472+0000] {logging_mixin.py:190} INFO - [2026-06-19T16:41:55.471+0000] {dagbag.py:588} INFO - Filling up the DagBag from /home/airflow/.local/lib/python3.12/site-packages/airflow/example_dags/example_sla_dag.py
[2026-06-19T16:41:55.671+0000] {processor.py:925} INFO - DAG(s) 'example_sla_dag' retrieved from /home/airflow/.local/lib/python3.12/site-packages/airflow/example_dags/example_sla_dag.py
[2026-06-19T16:41:55.901+0000] {logging_mixin.py:190} INFO - [2026-06-19T16:41:55.900+0000] {dag.py:3239} INFO - Sync 1 DAGs
[2026-06-19T16:41:56.197+0000] {logging_mixin.py:190} INFO - [2026-06-19T16:41:56.196+0000] {dag.py:4180} INFO - Setting next_dagrun for example_sla_dag to 2026-06-19 16:38:00+00:00, run_after=2026-06-19 16:40:00+00:00
[2026-06-19T16:41:56.328+0000] {processor.py:208} INFO - Processing /home/airflow/.local/lib/python3.12/site-packages/airflow/example_dags/example_sla_dag.py took 0.978 seconds
[2026-06-19T16:42:29.443+0000] {processor.py:186} INFO - Started process (PID=150) to work on /home/airflow/.local/lib/python3.12/site-packages/airflow/example_dags/example_sla_dag.py
[2026-06-19T16:42:29.451+0000] {processor.py:914} INFO - Processing file /home/airflow/.local/lib/python3.12/site-packages/airflow/example_dags/example_sla_dag.py for tasks to queue
[2026-06-19T16:42:29.470+0000] {logging_mixin.py:190} INFO - [2026-06-19T16:42:29.469+0000] {dagbag.py:588} INFO - Filling up the DagBag from /home/airflow/.local/lib/python3.12/site-packages/airflow/example_dags/example_sla_dag.py
[2026-06-19T16:42:29.549+0000] {processor.py:925} INFO - DAG(s) 'example_sla_dag' retrieved from /home/airflow/.local/lib/python3.12/site-packages/airflow/example_dags/example_sla_dag.py
[2026-06-19T16:42:29.646+0000] {logging_mixin.py:190} INFO - [2026-06-19T16:42:29.645+0000] {dag.py:3239} INFO - Sync 1 DAGs
[2026-06-19T16:42:29.802+0000] {logging_mixin.py:190} INFO - [2026-06-19T16:42:29.801+0000] {dag.py:4180} INFO - Setting next_dagrun for example_sla_dag to 2026-06-19 16:40:00+00:00, run_after=2026-06-19 16:42:00+00:00
[2026-06-19T16:42:29.986+0000] {processor.py:208} INFO - Processing /home/airflow/.local/lib/python3.12/site-packages/airflow/example_dags/example_sla_dag.py took 0.579 seconds
[2026-06-19T16:43:11.469+0000] {processor.py:186} INFO - Started process (PID=195) to work on /home/airflow/.local/lib/python3.12/site-packages/airflow/example_dags/example_sla_dag.py
[2026-06-19T16:43:11.533+0000] {processor.py:914} INFO - Processing file /home/airflow/.local/lib/python3.12/site-packages/airflow/example_dags/example_sla_dag.py for tasks to queue
[2026-06-19T16:43:11.645+0000] {logging_mixin.py:190} INFO - [2026-06-19T16:43:11.644+0000] {dagbag.py:588} INFO - Filling up the DagBag from /home/airflow/.local/lib/python3.12/site-packages/airflow/example_dags/example_sla_dag.py
[2026-06-19T16:43:11.764+0000] {processor.py:925} INFO - DAG(s) 'example_sla_dag' retrieved from /home/airflow/.local/lib/python3.12/site-packages/airflow/example_dags/example_sla_dag.py
[2026-06-19T16:43:12.170+0000] {logging_mixin.py:190} INFO - [2026-06-19T16:43:12.161+0000] {dag.py:3239} INFO - Sync 1 DAGs
[2026-06-19T16:43:12.428+0000] {logging_mixin.py:190} INFO - [2026-06-19T16:43:12.427+0000] {dag.py:4180} INFO - Setting next_dagrun for example_sla_dag to 2026-06-19 16:40:00+00:00, run_after=2026-06-19 16:42:00+00:00
[2026-06-19T16:43:12.981+0000] {processor.py:208} INFO - Processing /home/airflow/.local/lib/python3.12/site-packages/airflow/example_dags/example_sla_dag.py took 1.547 seconds
[2026-06-19T16:43:49.584+0000] {processor.py:186} INFO - Started process (PID=259) to work on /home/airflow/.local/lib/python3.12/site-packages/airflow/example_dags/example_sla_dag.py
[2026-06-19T16:43:49.591+0000] {processor.py:914} INFO - Processing file /home/airflow/.local/lib/python3.12/site-packages/airflow/example_dags/example_sla_dag.py for tasks to queue
[2026-06-19T16:43:49.614+0000] {logging_mixin.py:190} INFO - [2026-06-19T16:43:49.613+0000] {dagbag.py:588} INFO - Filling up the DagBag from /home/airflow/.local/lib/python3.12/site-packages/airflow/example_dags/example_sla_dag.py
[2026-06-19T16:43:49.651+0000] {processor.py:925} INFO - DAG(s) 'example_sla_dag' retrieved from /home/airflow/.local/lib/python3.12/site-packages/airflow/example_dags/example_sla_dag.py
[2026-06-19T16:43:49.731+0000] {logging_mixin.py:190} INFO - [2026-06-19T16:43:49.731+0000] {dag.py:3239} INFO - Sync 1 DAGs
[2026-06-19T16:43:49.832+0000] {logging_mixin.py:190} INFO - [2026-06-19T16:43:49.831+0000] {dag.py:4180} INFO - Setting next_dagrun for example_sla_dag to 2026-06-19 16:40:00+00:00, run_after=2026-06-19 16:42:00+00:00
[2026-06-19T16:43:49.934+0000] {processor.py:208} INFO - Processing /home/airflow/.local/lib/python3.12/site-packages/airflow/example_dags/example_sla_dag.py took 0.402 seconds
[2026-06-19T16:44:28.940+0000] {processor.py:186} INFO - Started process (PID=324) to work on /home/airflow/.local/lib/python3.12/site-packages/airflow/example_dags/example_sla_dag.py
[2026-06-19T16:44:28.947+0000] {processor.py:914} INFO - Processing file /home/airflow/.local/lib/python3.12/site-packages/airflow/example_dags/example_sla_dag.py for tasks to queue
[2026-06-19T16:44:28.968+0000] {logging_mixin.py:190} INFO - [2026-06-19T16:44:28.967+0000] {dagbag.py:588} INFO - Filling up the DagBag from /home/airflow/.local/lib/python3.12/site-packages/airflow/example_dags/example_sla_dag.py
[2026-06-19T16:44:29.067+0000] {processor.py:925} INFO - DAG(s) 'example_sla_dag' retrieved from /home/airflow/.local/lib/python3.12/site-packages/airflow/example_dags/example_sla_dag.py
[2026-06-19T16:44:29.203+0000] {logging_mixin.py:190} INFO - [2026-06-19T16:44:29.202+0000] {dag.py:3239} INFO - Sync 1 DAGs
[2026-06-19T16:44:29.320+0000] {logging_mixin.py:190} INFO - [2026-06-19T16:44:29.320+0000] {dag.py:4180} INFO - Setting next_dagrun for example_sla_dag to 2026-06-19 16:42:00+00:00, run_after=2026-06-19 16:44:00+00:00
[2026-06-19T16:44:29.447+0000] {processor.py:208} INFO - Processing /home/airflow/.local/lib/python3.12/site-packages/airflow/example_dags/example_sla_dag.py took 0.562 seconds
[2026-06-19T16:44:59.588+0000] {processor.py:186} INFO - Started process (PID=388) to work on /home/airflow/.local/lib/python3.12/site-packages/airflow/example_dags/example_sla_dag.py
[2026-06-19T16:44:59.593+0000] {processor.py:914} INFO - Processing file /home/airflow/.local/lib/python3.12/site-packages/airflow/example_dags/example_sla_dag.py for tasks to queue
[2026-06-19T16:44:59.602+0000] {logging_mixin.py:190} INFO - [2026-06-19T16:44:59.601+0000] {dagbag.py:588} INFO - Filling up the DagBag from /home/airflow/.local/lib/python3.12/site-packages/airflow/example_dags/example_sla_dag.py
[2026-06-19T16:44:59.633+0000] {processor.py:925} INFO - DAG(s) 'example_sla_dag' retrieved from /home/airflow/.local/lib/python3.12/site-packages/airflow/example_dags/example_sla_dag.py
[2026-06-19T16:44:59.708+0000] {logging_mixin.py:190} INFO - [2026-06-19T16:44:59.707+0000] {dag.py:3239} INFO - Sync 1 DAGs
[2026-06-19T16:44:59.807+0000] {logging_mixin.py:190} INFO - [2026-06-19T16:44:59.807+0000] {dag.py:4180} INFO - Setting next_dagrun for example_sla_dag to 2026-06-19 16:42:00+00:00, run_after=2026-06-19 16:44:00+00:00
[2026-06-19T16:44:59.859+0000] {processor.py:208} INFO - Processing /home/airflow/.local/lib/python3.12/site-packages/airflow/example_dags/example_sla_dag.py took 0.296 seconds
[2026-06-19T16:45:31.596+0000] {processor.py:186} INFO - Started process (PID=452) to work on /home/airflow/.local/lib/python3.12/site-packages/airflow/example_dags/example_sla_dag.py
[2026-06-19T16:45:31.604+0000] {processor.py:914} INFO - Processing file /home/airflow/.local/lib/python3.12/site-packages/airflow/example_dags/example_sla_dag.py for tasks to queue
[2026-06-19T16:45:31.620+0000] {logging_mixin.py:190} INFO - [2026-06-19T16:45:31.618+0000] {dagbag.py:588} INFO - Filling up the DagBag from /home/airflow/.local/lib/python3.12/site-packages/airflow/example_dags/example_sla_dag.py
[2026-06-19T16:45:31.704+0000] {processor.py:925} INFO - DAG(s) 'example_sla_dag' retrieved from /home/airflow/.local/lib/python3.12/site-packages/airflow/example_dags/example_sla_dag.py
[2026-06-19T16:45:31.879+0000] {logging_mixin.py:190} INFO - [2026-06-19T16:45:31.879+0000] {dag.py:3239} INFO - Sync 1 DAGs
[2026-06-19T16:45:32.049+0000] {logging_mixin.py:190} INFO - [2026-06-19T16:45:32.048+0000] {dag.py:4180} INFO - Setting next_dagrun for example_sla_dag to 2026-06-19 16:42:00+00:00, run_after=2026-06-19 16:44:00+00:00
[2026-06-19T16:45:32.156+0000] {processor.py:208} INFO - Processing /home/airflow/.local/lib/python3.12/site-packages/airflow/example_dags/example_sla_dag.py took 0.590 seconds
[2026-06-19T16:46:02.565+0000] {processor.py:186} INFO - Started process (PID=515) to work on /home/airflow/.local/lib/python3.12/site-packages/airflow/example_dags/example_sla_dag.py
[2026-06-19T16:46:02.569+0000] {processor.py:914} INFO - Processing file /home/airflow/.local/lib/python3.12/site-packages/airflow/example_dags/example_sla_dag.py for tasks to queue
[2026-06-19T16:46:02.584+0000] {logging_mixin.py:190} INFO - [2026-06-19T16:46:02.582+0000] {dagbag.py:588} INFO - Filling up the DagBag from /home/airflow/.local/lib/python3.12/site-packages/airflow/example_dags/example_sla_dag.py
[2026-06-19T16:46:02.641+0000] {processor.py:925} INFO - DAG(s) 'example_sla_dag' retrieved from /home/airflow/.local/lib/python3.12/site-packages/airflow/example_dags/example_sla_dag.py
[2026-06-19T16:46:02.731+0000] {logging_mixin.py:190} INFO - [2026-06-19T16:46:02.720+0000] {dag.py:3239} INFO - Sync 1 DAGs
[2026-06-19T16:46:02.857+0000] {logging_mixin.py:190} INFO - [2026-06-19T16:46:02.856+0000] {dag.py:4180} INFO - Setting next_dagrun for example_sla_dag to 2026-06-19 16:44:00+00:00, run_after=2026-06-19 16:46:00+00:00
[2026-06-19T16:46:02.923+0000] {processor.py:208} INFO - Processing /home/airflow/.local/lib/python3.12/site-packages/airflow/example_dags/example_sla_dag.py took 0.375 seconds
[2026-06-19T16:46:33.634+0000] {processor.py:186} INFO - Started process (PID=578) to work on /home/airflow/.local/lib/python3.12/site-packages/airflow/example_dags/example_sla_dag.py
[2026-06-19T16:46:33.639+0000] {processor.py:914} INFO - Processing file /home/airflow/.local/lib/python3.12/site-packages/airflow/example_dags/example_sla_dag.py for tasks to queue
[2026-06-19T16:46:33.650+0000] {logging_mixin.py:190} INFO - [2026-06-19T16:46:33.649+0000] {dagbag.py:588} INFO - Filling up the DagBag from /home/airflow/.local/lib/python3.12/site-packages/airflow/example_dags/example_sla_dag.py
[2026-06-19T16:46:33.692+0000] {processor.py:925} INFO - DAG(s) 'example_sla_dag' retrieved from /home/airflow/.local/lib/python3.12/site-packages/airflow/example_dags/example_sla_dag.py
[2026-06-19T16:46:33.745+0000] {logging_mixin.py:190} INFO - [2026-06-19T16:46:33.744+0000] {dag.py:3239} INFO - Sync 1 DAGs
[2026-06-19T16:46:33.822+0000] {logging_mixin.py:190} INFO - [2026-06-19T16:46:33.821+0000] {dag.py:4180} INFO - Setting next_dagrun for example_sla_dag to 2026-06-19 16:44:00+00:00, run_after=2026-06-19 16:46:00+00:00
[2026-06-19T16:46:33.870+0000] {processor.py:208} INFO - Processing /home/airflow/.local/lib/python3.12/site-packages/airflow/example_dags/example_sla_dag.py took 0.257 seconds
[2026-06-19T16:47:04.752+0000] {processor.py:186} INFO - Started process (PID=642) to work on /home/airflow/.local/lib/python3.12/site-packages/airflow/example_dags/example_sla_dag.py
[2026-06-19T16:47:04.760+0000] {processor.py:914} INFO - Processing file /home/airflow/.local/lib/python3.12/site-packages/airflow/example_dags/example_sla_dag.py for tasks to queue
[2026-06-19T16:47:04.769+0000] {logging_mixin.py:190} INFO - [2026-06-19T16:47:04.767+0000] {dagbag.py:588} INFO - Filling up the DagBag from /home/airflow/.local/lib/python3.12/site-packages/airflow/example_dags/example_sla_dag.py
[2026-06-19T16:47:04.796+0000] {processor.py:925} INFO - DAG(s) 'example_sla_dag' retrieved from /home/airflow/.local/lib/python3.12/site-packages/airflow/example_dags/example_sla_dag.py
[2026-06-19T16:47:04.842+0000] {logging_mixin.py:190} INFO - [2026-06-19T16:47:04.841+0000] {dag.py:3239} INFO - Sync 1 DAGs
[2026-06-19T16:47:04.910+0000] {logging_mixin.py:190} INFO - [2026-06-19T16:47:04.909+0000] {dag.py:4180} INFO - Setting next_dagrun for example_sla_dag to 2026-06-19 16:44:00+00:00, run_after=2026-06-19 16:46:00+00:00
[2026-06-19T16:47:04.960+0000] {processor.py:208} INFO - Processing /home/airflow/.local/lib/python3.12/site-packages/airflow/example_dags/example_sla_dag.py took 0.227 seconds
[2026-06-19T16:47:35.880+0000] {processor.py:186} INFO - Started process (PID=706) to work on /home/airflow/.local/lib/python3.12/site-packages/airflow/example_dags/example_sla_dag.py
[2026-06-19T16:47:35.884+0000] {processor.py:914} INFO - Processing file /home/airflow/.local/lib/python3.12/site-packages/airflow/example_dags/example_sla_dag.py for tasks to queue
[2026-06-19T16:47:35.891+0000] {logging_mixin.py:190} INFO - [2026-06-19T16:47:35.890+0000] {dagbag.py:588} INFO - Filling up the DagBag from /home/airflow/.local/lib/python3.12/site-packages/airflow/example_dags/example_sla_dag.py
[2026-06-19T16:47:35.932+0000] {processor.py:925} INFO - DAG(s) 'example_sla_dag' retrieved from /home/airflow/.local/lib/python3.12/site-packages/airflow/example_dags/example_sla_dag.py
[2026-06-19T16:47:35.989+0000] {logging_mixin.py:190} INFO - [2026-06-19T16:47:35.988+0000] {dag.py:3239} INFO - Sync 1 DAGs
[2026-06-19T16:47:36.061+0000] {logging_mixin.py:190} INFO - [2026-06-19T16:47:36.061+0000] {dag.py:4180} INFO - Setting next_dagrun for example_sla_dag to 2026-06-19 16:44:00+00:00, run_after=2026-06-19 16:46:00+00:00
[2026-06-19T16:47:36.104+0000] {processor.py:208} INFO - Processing /home/airflow/.local/lib/python3.12/site-packages/airflow/example_dags/example_sla_dag.py took 0.240 seconds
[2026-06-19T16:48:06.971+0000] {processor.py:186} INFO - Started process (PID=770) to work on /home/airflow/.local/lib/python3.12/site-packages/airflow/example_dags/example_sla_dag.py
[2026-06-19T16:48:06.975+0000] {processor.py:914} INFO - Processing file /home/airflow/.local/lib/python3.12/site-packages/airflow/example_dags/example_sla_dag.py for tasks to queue
[2026-06-19T16:48:06.983+0000] {logging_mixin.py:190} INFO - [2026-06-19T16:48:06.982+0000] {dagbag.py:588} INFO - Filling up the DagBag from /home/airflow/.local/lib/python3.12/site-packages/airflow/example_dags/example_sla_dag.py
[2026-06-19T16:48:07.017+0000] {processor.py:925} INFO - DAG(s) 'example_sla_dag' retrieved from /home/airflow/.local/lib/python3.12/site-packages/airflow/example_dags/example_sla_dag.py
[2026-06-19T16:48:07.063+0000] {logging_mixin.py:190} INFO - [2026-06-19T16:48:07.062+0000] {dag.py:3239} INFO - Sync 1 DAGs
[2026-06-19T16:48:07.144+0000] {logging_mixin.py:190} INFO - [2026-06-19T16:48:07.143+0000] {dag.py:4180} INFO - Setting next_dagrun for example_sla_dag to 2026-06-19 16:46:00+00:00, run_after=2026-06-19 16:48:00+00:00
[2026-06-19T16:48:07.200+0000] {processor.py:208} INFO - Processing /home/airflow/.local/lib/python3.12/site-packages/airflow/example_dags/example_sla_dag.py took 0.246 seconds
[2026-06-19T16:48:38.008+0000] {processor.py:186} INFO - Started process (PID=835) to work on /home/airflow/.local/lib/python3.12/site-packages/airflow/example_dags/example_sla_dag.py
[2026-06-19T16:48:38.011+0000] {processor.py:914} INFO - Processing file /home/airflow/.local/lib/python3.12/site-packages/airflow/example_dags/example_sla_dag.py for tasks to queue
[2026-06-19T16:48:38.017+0000] {logging_mixin.py:190} INFO - [2026-06-19T16:48:38.016+0000] {dagbag.py:588} INFO - Filling up the DagBag from /home/airflow/.local/lib/python3.12/site-packages/airflow/example_dags/example_sla_dag.py
[2026-06-19T16:48:38.041+0000] {processor.py:925} INFO - DAG(s) 'example_sla_dag' retrieved from /home/airflow/.local/lib/python3.12/site-packages/airflow/example_dags/example_sla_dag.py
[2026-06-19T16:48:38.089+0000] {logging_mixin.py:190} INFO - [2026-06-19T16:48:38.089+0000] {dag.py:3239} INFO - Sync 1 DAGs
[2026-06-19T16:48:38.146+0000] {logging_mixin.py:190} INFO - [2026-06-19T16:48:38.145+0000] {dag.py:4180} INFO - Setting next_dagrun for example_sla_dag to 2026-06-19 16:46:00+00:00, run_after=2026-06-19 16:48:00+00:00
[2026-06-19T16:48:38.183+0000] {processor.py:208} INFO - Processing /home/airflow/.local/lib/python3.12/site-packages/airflow/example_dags/example_sla_dag.py took 0.190 seconds
[2026-06-19T16:49:12.760+0000] {processor.py:186} INFO - Started process (PID=900) to work on /home/airflow/.local/lib/python3.12/site-packages/airflow/example_dags/example_sla_dag.py
[2026-06-19T16:49:12.766+0000] {processor.py:914} INFO - Processing file /home/airflow/.local/lib/python3.12/site-packages/airflow/example_dags/example_sla_dag.py for tasks to queue
[2026-06-19T16:49:12.785+0000] {logging_mixin.py:190} INFO - [2026-06-19T16:49:12.784+0000] {dagbag.py:588} INFO - Filling up the DagBag from /home/airflow/.local/lib/python3.12/site-packages/airflow/example_dags/example_sla_dag.py
[2026-06-19T16:49:12.860+0000] {processor.py:925} INFO - DAG(s) 'example_sla_dag' retrieved from /home/airflow/.local/lib/python3.12/site-packages/airflow/example_dags/example_sla_dag.py
[2026-06-19T16:49:13.000+0000] {logging_mixin.py:190} INFO - [2026-06-19T16:49:13.000+0000] {dag.py:3239} INFO - Sync 1 DAGs
[2026-06-19T16:49:13.176+0000] {logging_mixin.py:190} INFO - [2026-06-19T16:49:13.175+0000] {dag.py:4180} INFO - Setting next_dagrun for example_sla_dag to 2026-06-19 16:46:00+00:00, run_after=2026-06-19 16:48:00+00:00
[2026-06-19T16:49:13.307+0000] {processor.py:208} INFO - Processing /home/airflow/.local/lib/python3.12/site-packages/airflow/example_dags/example_sla_dag.py took 0.586 seconds
[2026-06-19T16:49:43.434+0000] {processor.py:186} INFO - Started process (PID=963) to work on /home/airflow/.local/lib/python3.12/site-packages/airflow/example_dags/example_sla_dag.py
[2026-06-19T16:49:43.438+0000] {processor.py:914} INFO - Processing file /home/airflow/.local/lib/python3.12/site-packages/airflow/example_dags/example_sla_dag.py for tasks to queue
[2026-06-19T16:49:43.453+0000] {logging_mixin.py:190} INFO - [2026-06-19T16:49:43.452+0000] {dagbag.py:588} INFO - Filling up the DagBag from /home/airflow/.local/lib/python3.12/site-packages/airflow/example_dags/example_sla_dag.py
[2026-06-19T16:49:43.481+0000] {processor.py:925} INFO - DAG(s) 'example_sla_dag' retrieved from /home/airflow/.local/lib/python3.12/site-packages/airflow/example_dags/example_sla_dag.py
[2026-06-19T16:49:43.536+0000] {logging_mixin.py:190} INFO - [2026-06-19T16:49:43.533+0000] {dag.py:3239} INFO - Sync 1 DAGs
[2026-06-19T16:49:43.598+0000] {logging_mixin.py:190} INFO - [2026-06-19T16:49:43.597+0000] {dag.py:4180} INFO - Setting next_dagrun for example_sla_dag to 2026-06-19 16:46:00+00:00, run_after=2026-06-19 16:48:00+00:00
[2026-06-19T16:49:43.647+0000] {processor.py:208} INFO - Processing /home/airflow/.local/lib/python3.12/site-packages/airflow/example_dags/example_sla_dag.py took 0.226 seconds
[2026-06-19T16:50:13.886+0000] {processor.py:186} INFO - Started process (PID=1026) to work on /home/airflow/.local/lib/python3.12/site-packages/airflow/example_dags/example_sla_dag.py
[2026-06-19T16:50:13.891+0000] {processor.py:914} INFO - Processing file /home/airflow/.local/lib/python3.12/site-packages/airflow/example_dags/example_sla_dag.py for tasks to queue
[2026-06-19T16:50:13.901+0000] {logging_mixin.py:190} INFO - [2026-06-19T16:50:13.900+0000] {dagbag.py:588} INFO - Filling up the DagBag from /home/airflow/.local/lib/python3.12/site-packages/airflow/example_dags/example_sla_dag.py
[2026-06-19T16:50:13.932+0000] {processor.py:925} INFO - DAG(s) 'example_sla_dag' retrieved from /home/airflow/.local/lib/python3.12/site-packages/airflow/example_dags/example_sla_dag.py
[2026-06-19T16:50:13.985+0000] {logging_mixin.py:190} INFO - [2026-06-19T16:50:13.984+0000] {dag.py:3239} INFO - Sync 1 DAGs
[2026-06-19T16:50:14.051+0000] {logging_mixin.py:190} INFO - [2026-06-19T16:50:14.051+0000] {dag.py:4180} INFO - Setting next_dagrun for example_sla_dag to 2026-06-19 16:48:00+00:00, run_after=2026-06-19 16:50:00+00:00
[2026-06-19T16:50:14.096+0000] {processor.py:208} INFO - Processing /home/airflow/.local/lib/python3.12/site-packages/airflow/example_dags/example_sla_dag.py took 0.227 seconds
[2026-06-19T16:50:44.576+0000] {processor.py:186} INFO - Started process (PID=1090) to work on /home/airflow/.local/lib/python3.12/site-packages/airflow/example_dags/example_sla_dag.py
[2026-06-19T16:50:44.579+0000] {processor.py:914} INFO - Processing file /home/airflow/.local/lib/python3.12/site-packages/airflow/example_dags/example_sla_dag.py for tasks to queue
[2026-06-19T16:50:44.586+0000] {logging_mixin.py:190} INFO - [2026-06-19T16:50:44.586+0000] {dagbag.py:588} INFO - Filling up the DagBag from /home/airflow/.local/lib/python3.12/site-packages/airflow/example_dags/example_sla_dag.py
[2026-06-19T16:50:44.614+0000] {processor.py:925} INFO - DAG(s) 'example_sla_dag' retrieved from /home/airflow/.local/lib/python3.12/site-packages/airflow/example_dags/example_sla_dag.py
[2026-06-19T16:50:44.658+0000] {logging_mixin.py:190} INFO - [2026-06-19T16:50:44.657+0000] {dag.py:3239} INFO - Sync 1 DAGs
[2026-06-19T16:50:44.710+0000] {logging_mixin.py:190} INFO - [2026-06-19T16:50:44.710+0000] {dag.py:4180} INFO - Setting next_dagrun for example_sla_dag to 2026-06-19 16:48:00+00:00, run_after=2026-06-19 16:50:00+00:00
[2026-06-19T16:50:44.747+0000] {processor.py:208} INFO - Processing /home/airflow/.local/lib/python3.12/site-packages/airflow/example_dags/example_sla_dag.py took 0.187 seconds
[2026-06-19T16:51:15.365+0000] {processor.py:186} INFO - Started process (PID=1154) to work on /home/airflow/.local/lib/python3.12/site-packages/airflow/example_dags/example_sla_dag.py
[2026-06-19T16:51:15.369+0000] {processor.py:914} INFO - Processing file /home/airflow/.local/lib/python3.12/site-packages/airflow/example_dags/example_sla_dag.py for tasks to queue
[2026-06-19T16:51:15.376+0000] {logging_mixin.py:190} INFO - [2026-06-19T16:51:15.375+0000] {dagbag.py:588} INFO - Filling up the DagBag from /home/airflow/.local/lib/python3.12/site-packages/airflow/example_dags/example_sla_dag.py
[2026-06-19T16:51:15.399+0000] {processor.py:925} INFO - DAG(s) 'example_sla_dag' retrieved from /home/airflow/.local/lib/python3.12/site-packages/airflow/example_dags/example_sla_dag.py
[2026-06-19T16:51:15.438+0000] {logging_mixin.py:190} INFO - [2026-06-19T16:51:15.437+0000] {dag.py:3239} INFO - Sync 1 DAGs
[2026-06-19T16:51:15.482+0000] {logging_mixin.py:190} INFO - [2026-06-19T16:51:15.482+0000] {dag.py:4180} INFO - Setting next_dagrun for example_sla_dag to 2026-06-19 16:48:00+00:00, run_after=2026-06-19 16:50:00+00:00
[2026-06-19T16:51:15.518+0000] {processor.py:208} INFO - Processing /home/airflow/.local/lib/python3.12/site-packages/airflow/example_dags/example_sla_dag.py took 0.162 seconds
[2026-06-19T16:51:46.228+0000] {processor.py:186} INFO - Started process (PID=1218) to work on /home/airflow/.local/lib/python3.12/site-packages/airflow/example_dags/example_sla_dag.py
[2026-06-19T16:51:46.268+0000] {processor.py:914} INFO - Processing file /home/airflow/.local/lib/python3.12/site-packages/airflow/example_dags/example_sla_dag.py for tasks to queue
[2026-06-19T16:51:46.296+0000] {logging_mixin.py:190} INFO - [2026-06-19T16:51:46.295+0000] {dagbag.py:588} INFO - Filling up the DagBag from /home/airflow/.local/lib/python3.12/site-packages/airflow/example_dags/example_sla_dag.py
[2026-06-19T16:51:46.401+0000] {processor.py:925} INFO - DAG(s) 'example_sla_dag' retrieved from /home/airflow/.local/lib/python3.12/site-packages/airflow/example_dags/example_sla_dag.py
[2026-06-19T16:51:46.482+0000] {logging_mixin.py:190} INFO - [2026-06-19T16:51:46.482+0000] {dag.py:3239} INFO - Sync 1 DAGs
[2026-06-19T16:51:46.624+0000] {logging_mixin.py:190} INFO - [2026-06-19T16:51:46.623+0000] {dag.py:4180} INFO - Setting next_dagrun for example_sla_dag to 2026-06-19 16:48:00+00:00, run_after=2026-06-19 16:50:00+00:00
[2026-06-19T16:51:46.794+0000] {processor.py:208} INFO - Processing /home/airflow/.local/lib/python3.12/site-packages/airflow/example_dags/example_sla_dag.py took 0.597 seconds
[2026-06-19T16:52:16.892+0000] {processor.py:186} INFO - Started process (PID=1281) to work on /home/airflow/.local/lib/python3.12/site-packages/airflow/example_dags/example_sla_dag.py
[2026-06-19T16:52:16.896+0000] {processor.py:914} INFO - Processing file /home/airflow/.local/lib/python3.12/site-packages/airflow/example_dags/example_sla_dag.py for tasks to queue
[2026-06-19T16:52:16.902+0000] {logging_mixin.py:190} INFO - [2026-06-19T16:52:16.901+0000] {dagbag.py:588} INFO - Filling up the DagBag from /home/airflow/.local/lib/python3.12/site-packages/airflow/example_dags/example_sla_dag.py
[2026-06-19T16:52:16.927+0000] {processor.py:925} INFO - DAG(s) 'example_sla_dag' retrieved from /home/airflow/.local/lib/python3.12/site-packages/airflow/example_dags/example_sla_dag.py
[2026-06-19T16:52:16.964+0000] {logging_mixin.py:190} INFO - [2026-06-19T16:52:16.963+0000] {dag.py:3239} INFO - Sync 1 DAGs
[2026-06-19T16:52:17.007+0000] {logging_mixin.py:190} INFO - [2026-06-19T16:52:17.007+0000] {dag.py:4180} INFO - Setting next_dagrun for example_sla_dag to 2026-06-19 16:50:00+00:00, run_after=2026-06-19 16:52:00+00:00
[2026-06-19T16:52:17.039+0000] {processor.py:208} INFO - Processing /home/airflow/.local/lib/python3.12/site-packages/airflow/example_dags/example_sla_dag.py took 0.158 seconds
[2026-06-19T16:52:47.995+0000] {processor.py:186} INFO - Started process (PID=1345) to work on /home/airflow/.local/lib/python3.12/site-packages/airflow/example_dags/example_sla_dag.py
[2026-06-19T16:52:48.021+0000] {processor.py:914} INFO - Processing file /home/airflow/.local/lib/python3.12/site-packages/airflow/example_dags/example_sla_dag.py for tasks to queue
[2026-06-19T16:52:48.036+0000] {logging_mixin.py:190} INFO - [2026-06-19T16:52:48.034+0000] {dagbag.py:588} INFO - Filling up the DagBag from /home/airflow/.local/lib/python3.12/site-packages/airflow/example_dags/example_sla_dag.py
[2026-06-19T16:52:48.094+0000] {processor.py:925} INFO - DAG(s) 'example_sla_dag' retrieved from /home/airflow/.local/lib/python3.12/site-packages/airflow/example_dags/example_sla_dag.py
[2026-06-19T16:52:48.253+0000] {logging_mixin.py:190} INFO - [2026-06-19T16:52:48.252+0000] {dag.py:3239} INFO - Sync 1 DAGs
[2026-06-19T16:52:48.486+0000] {logging_mixin.py:190} INFO - [2026-06-19T16:52:48.475+0000] {dag.py:4180} INFO - Setting next_dagrun for example_sla_dag to 2026-06-19 16:50:00+00:00, run_after=2026-06-19 16:52:00+00:00
[2026-06-19T16:52:48.612+0000] {processor.py:208} INFO - Processing /home/airflow/.local/lib/python3.12/site-packages/airflow/example_dags/example_sla_dag.py took 0.655 seconds
[2026-06-19T16:53:18.816+0000] {processor.py:186} INFO - Started process (PID=1409) to work on /home/airflow/.local/lib/python3.12/site-packages/airflow/example_dags/example_sla_dag.py
[2026-06-19T16:53:18.823+0000] {processor.py:914} INFO - Processing file /home/airflow/.local/lib/python3.12/site-packages/airflow/example_dags/example_sla_dag.py for tasks to queue
[2026-06-19T16:53:18.833+0000] {logging_mixin.py:190} INFO - [2026-06-19T16:53:18.832+0000] {dagbag.py:588} INFO - Filling up the DagBag from /home/airflow/.local/lib/python3.12/site-packages/airflow/example_dags/example_sla_dag.py
[2026-06-19T16:53:18.903+0000] {processor.py:925} INFO - DAG(s) 'example_sla_dag' retrieved from /home/airflow/.local/lib/python3.12/site-packages/airflow/example_dags/example_sla_dag.py
[2026-06-19T16:53:18.984+0000] {logging_mixin.py:190} INFO - [2026-06-19T16:53:18.984+0000] {dag.py:3239} INFO - Sync 1 DAGs
[2026-06-19T16:53:19.084+0000] {logging_mixin.py:190} INFO - [2026-06-19T16:53:19.084+0000] {dag.py:4180} INFO - Setting next_dagrun for example_sla_dag to 2026-06-19 16:50:00+00:00, run_after=2026-06-19 16:52:00+00:00
[2026-06-19T16:53:19.147+0000] {processor.py:208} INFO - Processing /home/airflow/.local/lib/python3.12/site-packages/airflow/example_dags/example_sla_dag.py took 0.364 seconds
[2026-06-19T16:53:49.399+0000] {processor.py:186} INFO - Started process (PID=1473) to work on /home/airflow/.local/lib/python3.12/site-packages/airflow/example_dags/example_sla_dag.py
[2026-06-19T16:53:49.403+0000] {processor.py:914} INFO - Processing file /home/airflow/.local/lib/python3.12/site-packages/airflow/example_dags/example_sla_dag.py for tasks to queue
[2026-06-19T16:53:49.413+0000] {logging_mixin.py:190} INFO - [2026-06-19T16:53:49.412+0000] {dagbag.py:588} INFO - Filling up the DagBag from /home/airflow/.local/lib/python3.12/site-packages/airflow/example_dags/example_sla_dag.py
[2026-06-19T16:53:49.448+0000] {processor.py:925} INFO - DAG(s) 'example_sla_dag' retrieved from /home/airflow/.local/lib/python3.12/site-packages/airflow/example_dags/example_sla_dag.py
[2026-06-19T16:53:49.496+0000] {logging_mixin.py:190} INFO - [2026-06-19T16:53:49.495+0000] {dag.py:3239} INFO - Sync 1 DAGs
[2026-06-19T16:53:49.556+0000] {logging_mixin.py:190} INFO - [2026-06-19T16:53:49.556+0000] {dag.py:4180} INFO - Setting next_dagrun for example_sla_dag to 2026-06-19 16:50:00+00:00, run_after=2026-06-19 16:52:00+00:00
[2026-06-19T16:53:49.595+0000] {processor.py:208} INFO - Processing /home/airflow/.local/lib/python3.12/site-packages/airflow/example_dags/example_sla_dag.py took 0.218 seconds
[2026-06-19T16:54:20.379+0000] {processor.py:186} INFO - Started process (PID=1536) to work on /home/airflow/.local/lib/python3.12/site-packages/airflow/example_dags/example_sla_dag.py
[2026-06-19T16:54:20.382+0000] {processor.py:914} INFO - Processing file /home/airflow/.local/lib/python3.12/site-packages/airflow/example_dags/example_sla_dag.py for tasks to queue
[2026-06-19T16:54:20.389+0000] {logging_mixin.py:190} INFO - [2026-06-19T16:54:20.388+0000] {dagbag.py:588} INFO - Filling up the DagBag from /home/airflow/.local/lib/python3.12/site-packages/airflow/example_dags/example_sla_dag.py
[2026-06-19T16:54:20.412+0000] {processor.py:925} INFO - DAG(s) 'example_sla_dag' retrieved from /home/airflow/.local/lib/python3.12/site-packages/airflow/example_dags/example_sla_dag.py
[2026-06-19T16:54:20.457+0000] {logging_mixin.py:190} INFO - [2026-06-19T16:54:20.456+0000] {dag.py:3239} INFO - Sync 1 DAGs
[2026-06-19T16:54:20.516+0000] {logging_mixin.py:190} INFO - [2026-06-19T16:54:20.515+0000] {dag.py:4180} INFO - Setting next_dagrun for example_sla_dag to 2026-06-19 16:52:00+00:00, run_after=2026-06-19 16:54:00+00:00
[2026-06-19T16:54:20.553+0000] {processor.py:208} INFO - Processing /home/airflow/.local/lib/python3.12/site-packages/airflow/example_dags/example_sla_dag.py took 0.189 seconds
[2026-06-19T16:54:50.902+0000] {processor.py:186} INFO - Started process (PID=1600) to work on /home/airflow/.local/lib/python3.12/site-packages/airflow/example_dags/example_sla_dag.py
[2026-06-19T16:54:50.911+0000] {processor.py:914} INFO - Processing file /home/airflow/.local/lib/python3.12/site-packages/airflow/example_dags/example_sla_dag.py for tasks to queue
[2026-06-19T16:54:50.919+0000] {logging_mixin.py:190} INFO - [2026-06-19T16:54:50.918+0000] {dagbag.py:588} INFO - Filling up the DagBag from /home/airflow/.local/lib/python3.12/site-packages/airflow/example_dags/example_sla_dag.py
[2026-06-19T16:54:50.942+0000] {processor.py:925} INFO - DAG(s) 'example_sla_dag' retrieved from /home/airflow/.local/lib/python3.12/site-packages/airflow/example_dags/example_sla_dag.py
[2026-06-19T16:54:50.983+0000] {logging_mixin.py:190} INFO - [2026-06-19T16:54:50.983+0000] {dag.py:3239} INFO - Sync 1 DAGs
[2026-06-19T16:54:51.039+0000] {logging_mixin.py:190} INFO - [2026-06-19T16:54:51.039+0000] {dag.py:4180} INFO - Setting next_dagrun for example_sla_dag to 2026-06-19 16:52:00+00:00, run_after=2026-06-19 16:54:00+00:00
[2026-06-19T16:54:51.079+0000] {processor.py:208} INFO - Processing /home/airflow/.local/lib/python3.12/site-packages/airflow/example_dags/example_sla_dag.py took 0.187 seconds
[2026-06-19T16:55:21.372+0000] {processor.py:186} INFO - Started process (PID=1664) to work on /home/airflow/.local/lib/python3.12/site-packages/airflow/example_dags/example_sla_dag.py
[2026-06-19T16:55:21.377+0000] {processor.py:914} INFO - Processing file /home/airflow/.local/lib/python3.12/site-packages/airflow/example_dags/example_sla_dag.py for tasks to queue
[2026-06-19T16:55:21.387+0000] {logging_mixin.py:190} INFO - [2026-06-19T16:55:21.386+0000] {dagbag.py:588} INFO - Filling up the DagBag from /home/airflow/.local/lib/python3.12/site-packages/airflow/example_dags/example_sla_dag.py
[2026-06-19T16:55:21.420+0000] {processor.py:925} INFO - DAG(s) 'example_sla_dag' retrieved from /home/airflow/.local/lib/python3.12/site-packages/airflow/example_dags/example_sla_dag.py
[2026-06-19T16:55:21.483+0000] {logging_mixin.py:190} INFO - [2026-06-19T16:55:21.482+0000] {dag.py:3239} INFO - Sync 1 DAGs
[2026-06-19T16:55:21.563+0000] {logging_mixin.py:190} INFO - [2026-06-19T16:55:21.562+0000] {dag.py:4180} INFO - Setting next_dagrun for example_sla_dag to 2026-06-19 16:52:00+00:00, run_after=2026-06-19 16:54:00+00:00
[2026-06-19T16:55:21.626+0000] {processor.py:208} INFO - Processing /home/airflow/.local/lib/python3.12/site-packages/airflow/example_dags/example_sla_dag.py took 0.275 seconds
[2026-06-19T16:55:51.926+0000] {processor.py:186} INFO - Started process (PID=1726) to work on /home/airflow/.local/lib/python3.12/site-packages/airflow/example_dags/example_sla_dag.py
[2026-06-19T16:55:51.929+0000] {processor.py:914} INFO - Processing file /home/airflow/.local/lib/python3.12/site-packages/airflow/example_dags/example_sla_dag.py for tasks to queue
[2026-06-19T16:55:51.934+0000] {logging_mixin.py:190} INFO - [2026-06-19T16:55:51.934+0000] {dagbag.py:588} INFO - Filling up the DagBag from /home/airflow/.local/lib/python3.12/site-packages/airflow/example_dags/example_sla_dag.py
[2026-06-19T16:55:51.952+0000] {processor.py:925} INFO - DAG(s) 'example_sla_dag' retrieved from /home/airflow/.local/lib/python3.12/site-packages/airflow/example_dags/example_sla_dag.py
[2026-06-19T16:55:51.983+0000] {logging_mixin.py:190} INFO - [2026-06-19T16:55:51.983+0000] {dag.py:3239} INFO - Sync 1 DAGs
[2026-06-19T16:55:52.021+0000] {logging_mixin.py:190} INFO - [2026-06-19T16:55:52.021+0000] {dag.py:4180} INFO - Setting next_dagrun for example_sla_dag to 2026-06-19 16:52:00+00:00, run_after=2026-06-19 16:54:00+00:00
[2026-06-19T16:55:52.048+0000] {processor.py:208} INFO - Processing /home/airflow/.local/lib/python3.12/site-packages/airflow/example_dags/example_sla_dag.py took 0.129 seconds
[2026-06-19T16:56:22.670+0000] {processor.py:186} INFO - Started process (PID=1790) to work on /home/airflow/.local/lib/python3.12/site-packages/airflow/example_dags/example_sla_dag.py
[2026-06-19T16:56:22.672+0000] {processor.py:914} INFO - Processing file /home/airflow/.local/lib/python3.12/site-packages/airflow/example_dags/example_sla_dag.py for tasks to queue
[2026-06-19T16:56:22.675+0000] {logging_mixin.py:190} INFO - [2026-06-19T16:56:22.675+0000] {dagbag.py:588} INFO - Filling up the DagBag from /home/airflow/.local/lib/python3.12/site-packages/airflow/example_dags/example_sla_dag.py
[2026-06-19T16:56:22.688+0000] {processor.py:925} INFO - DAG(s) 'example_sla_dag' retrieved from /home/airflow/.local/lib/python3.12/site-packages/airflow/example_dags/example_sla_dag.py
[2026-06-19T16:56:22.709+0000] {logging_mixin.py:190} INFO - [2026-06-19T16:56:22.709+0000] {dag.py:3239} INFO - Sync 1 DAGs
[2026-06-19T16:56:22.735+0000] {logging_mixin.py:190} INFO - [2026-06-19T16:56:22.735+0000] {dag.py:4180} INFO - Setting next_dagrun for example_sla_dag to 2026-06-19 16:54:00+00:00, run_after=2026-06-19 16:56:00+00:00
[2026-06-19T16:56:22.759+0000] {processor.py:208} INFO - Processing /home/airflow/.local/lib/python3.12/site-packages/airflow/example_dags/example_sla_dag.py took 0.096 seconds
[2026-06-19T16:56:53.651+0000] {processor.py:186} INFO - Started process (PID=1854) to work on /home/airflow/.local/lib/python3.12/site-packages/airflow/example_dags/example_sla_dag.py
[2026-06-19T16:56:53.653+0000] {processor.py:914} INFO - Processing file /home/airflow/.local/lib/python3.12/site-packages/airflow/example_dags/example_sla_dag.py for tasks to queue
[2026-06-19T16:56:53.657+0000] {logging_mixin.py:190} INFO - [2026-06-19T16:56:53.657+0000] {dagbag.py:588} INFO - Filling up the DagBag from /home/airflow/.local/lib/python3.12/site-packages/airflow/example_dags/example_sla_dag.py
[2026-06-19T16:56:53.671+0000] {processor.py:925} INFO - DAG(s) 'example_sla_dag' retrieved from /home/airflow/.local/lib/python3.12/site-packages/airflow/example_dags/example_sla_dag.py
[2026-06-19T16:56:53.696+0000] {logging_mixin.py:190} INFO - [2026-06-19T16:56:53.696+0000] {dag.py:3239} INFO - Sync 1 DAGs
[2026-06-19T16:56:53.728+0000] {logging_mixin.py:190} INFO - [2026-06-19T16:56:53.728+0000] {dag.py:4180} INFO - Setting next_dagrun for example_sla_dag to 2026-06-19 16:54:00+00:00, run_after=2026-06-19 16:56:00+00:00
[2026-06-19T16:56:53.750+0000] {processor.py:208} INFO - Processing /home/airflow/.local/lib/python3.12/site-packages/airflow/example_dags/example_sla_dag.py took 0.105 seconds
[2026-06-19T16:57:23.974+0000] {processor.py:186} INFO - Started process (PID=1917) to work on /home/airflow/.local/lib/python3.12/site-packages/airflow/example_dags/example_sla_dag.py
[2026-06-19T16:57:23.985+0000] {processor.py:914} INFO - Processing file /home/airflow/.local/lib/python3.12/site-packages/airflow/example_dags/example_sla_dag.py for tasks to queue
[2026-06-19T16:57:23.990+0000] {logging_mixin.py:190} INFO - [2026-06-19T16:57:23.990+0000] {dagbag.py:588} INFO - Filling up the DagBag from /home/airflow/.local/lib/python3.12/site-packages/airflow/example_dags/example_sla_dag.py
[2026-06-19T16:57:24.010+0000] {processor.py:925} INFO - DAG(s) 'example_sla_dag' retrieved from /home/airflow/.local/lib/python3.12/site-packages/airflow/example_dags/example_sla_dag.py
[2026-06-19T16:57:24.045+0000] {logging_mixin.py:190} INFO - [2026-06-19T16:57:24.045+0000] {dag.py:3239} INFO - Sync 1 DAGs
[2026-06-19T16:57:24.089+0000] {logging_mixin.py:190} INFO - [2026-06-19T16:57:24.088+0000] {dag.py:4180} INFO - Setting next_dagrun for example_sla_dag to 2026-06-19 16:54:00+00:00, run_after=2026-06-19 16:56:00+00:00
[2026-06-19T16:57:24.123+0000] {processor.py:208} INFO - Processing /home/airflow/.local/lib/python3.12/site-packages/airflow/example_dags/example_sla_dag.py took 0.158 seconds
[2026-06-19T16:57:54.401+0000] {processor.py:186} INFO - Started process (PID=1981) to work on /home/airflow/.local/lib/python3.12/site-packages/airflow/example_dags/example_sla_dag.py
[2026-06-19T16:57:54.404+0000] {processor.py:914} INFO - Processing file /home/airflow/.local/lib/python3.12/site-packages/airflow/example_dags/example_sla_dag.py for tasks to queue
[2026-06-19T16:57:54.412+0000] {logging_mixin.py:190} INFO - [2026-06-19T16:57:54.411+0000] {dagbag.py:588} INFO - Filling up the DagBag from /home/airflow/.local/lib/python3.12/site-packages/airflow/example_dags/example_sla_dag.py
[2026-06-19T16:57:54.452+0000] {processor.py:925} INFO - DAG(s) 'example_sla_dag' retrieved from /home/airflow/.local/lib/python3.12/site-packages/airflow/example_dags/example_sla_dag.py
[2026-06-19T16:57:54.494+0000] {logging_mixin.py:190} INFO - [2026-06-19T16:57:54.493+0000] {dag.py:3239} INFO - Sync 1 DAGs
[2026-06-19T16:57:54.558+0000] {logging_mixin.py:190} INFO - [2026-06-19T16:57:54.557+0000] {dag.py:4180} INFO - Setting next_dagrun for example_sla_dag to 2026-06-19 16:54:00+00:00, run_after=2026-06-19 16:56:00+00:00
[2026-06-19T16:57:54.612+0000] {processor.py:208} INFO - Processing /home/airflow/.local/lib/python3.12/site-packages/airflow/example_dags/example_sla_dag.py took 0.227 seconds
[2026-06-19T16:58:25.424+0000] {processor.py:186} INFO - Started process (PID=2046) to work on /home/airflow/.local/lib/python3.12/site-packages/airflow/example_dags/example_sla_dag.py
[2026-06-19T16:58:25.428+0000] {processor.py:914} INFO - Processing file /home/airflow/.local/lib/python3.12/site-packages/airflow/example_dags/example_sla_dag.py for tasks to queue
[2026-06-19T16:58:25.436+0000] {logging_mixin.py:190} INFO - [2026-06-19T16:58:25.435+0000] {dagbag.py:588} INFO - Filling up the DagBag from /home/airflow/.local/lib/python3.12/site-packages/airflow/example_dags/example_sla_dag.py
[2026-06-19T16:58:25.458+0000] {processor.py:925} INFO - DAG(s) 'example_sla_dag' retrieved from /home/airflow/.local/lib/python3.12/site-packages/airflow/example_dags/example_sla_dag.py
[2026-06-19T16:58:25.498+0000] {logging_mixin.py:190} INFO - [2026-06-19T16:58:25.498+0000] {dag.py:3239} INFO - Sync 1 DAGs
[2026-06-19T16:58:25.544+0000] {logging_mixin.py:190} INFO - [2026-06-19T16:58:25.544+0000] {dag.py:4180} INFO - Setting next_dagrun for example_sla_dag to 2026-06-19 16:56:00+00:00, run_after=2026-06-19 16:58:00+00:00
[2026-06-19T16:58:25.578+0000] {processor.py:208} INFO - Processing /home/airflow/.local/lib/python3.12/site-packages/airflow/example_dags/example_sla_dag.py took 0.166 seconds
[2026-06-19T16:58:55.985+0000] {processor.py:186} INFO - Started process (PID=2109) to work on /home/airflow/.local/lib/python3.12/site-packages/airflow/example_dags/example_sla_dag.py
[2026-06-19T16:58:55.987+0000] {processor.py:914} INFO - Processing file /home/airflow/.local/lib/python3.12/site-packages/airflow/example_dags/example_sla_dag.py for tasks to queue
[2026-06-19T16:58:55.991+0000] {logging_mixin.py:190} INFO - [2026-06-19T16:58:55.991+0000] {dagbag.py:588} INFO - Filling up the DagBag from /home/airflow/.local/lib/python3.12/site-packages/airflow/example_dags/example_sla_dag.py
[2026-06-19T16:58:56.007+0000] {processor.py:925} INFO - DAG(s) 'example_sla_dag' retrieved from /home/airflow/.local/lib/python3.12/site-packages/airflow/example_dags/example_sla_dag.py
[2026-06-19T16:58:56.028+0000] {logging_mixin.py:190} INFO - [2026-06-19T16:58:56.027+0000] {dag.py:3239} INFO - Sync 1 DAGs
[2026-06-19T16:58:56.057+0000] {logging_mixin.py:190} INFO - [2026-06-19T16:58:56.057+0000] {dag.py:4180} INFO - Setting next_dagrun for example_sla_dag to 2026-06-19 16:56:00+00:00, run_after=2026-06-19 16:58:00+00:00
[2026-06-19T16:58:56.077+0000] {processor.py:208} INFO - Processing /home/airflow/.local/lib/python3.12/site-packages/airflow/example_dags/example_sla_dag.py took 0.098 seconds
[2026-06-19T16:59:26.900+0000] {processor.py:186} INFO - Started process (PID=2173) to work on /home/airflow/.local/lib/python3.12/site-packages/airflow/example_dags/example_sla_dag.py
[2026-06-19T16:59:26.903+0000] {processor.py:914} INFO - Processing file /home/airflow/.local/lib/python3.12/site-packages/airflow/example_dags/example_sla_dag.py for tasks to queue
[2026-06-19T16:59:26.909+0000] {logging_mixin.py:190} INFO - [2026-06-19T16:59:26.908+0000] {dagbag.py:588} INFO - Filling up the DagBag from /home/airflow/.local/lib/python3.12/site-packages/airflow/example_dags/example_sla_dag.py
[2026-06-19T16:59:26.942+0000] {processor.py:925} INFO - DAG(s) 'example_sla_dag' retrieved from /home/airflow/.local/lib/python3.12/site-packages/airflow/example_dags/example_sla_dag.py
[2026-06-19T16:59:26.974+0000] {logging_mixin.py:190} INFO - [2026-06-19T16:59:26.974+0000] {dag.py:3239} INFO - Sync 1 DAGs
[2026-06-19T16:59:27.021+0000] {logging_mixin.py:190} INFO - [2026-06-19T16:59:27.021+0000] {dag.py:4180} INFO - Setting next_dagrun for example_sla_dag to 2026-06-19 16:56:00+00:00, run_after=2026-06-19 16:58:00+00:00
[2026-06-19T16:59:27.054+0000] {processor.py:208} INFO - Processing /home/airflow/.local/lib/python3.12/site-packages/airflow/example_dags/example_sla_dag.py took 0.164 seconds
[2026-06-19T16:59:57.321+0000] {processor.py:186} INFO - Started process (PID=2237) to work on /home/airflow/.local/lib/python3.12/site-packages/airflow/example_dags/example_sla_dag.py
[2026-06-19T16:59:57.323+0000] {processor.py:914} INFO - Processing file /home/airflow/.local/lib/python3.12/site-packages/airflow/example_dags/example_sla_dag.py for tasks to queue
[2026-06-19T16:59:57.327+0000] {logging_mixin.py:190} INFO - [2026-06-19T16:59:57.326+0000] {dagbag.py:588} INFO - Filling up the DagBag from /home/airflow/.local/lib/python3.12/site-packages/airflow/example_dags/example_sla_dag.py
[2026-06-19T16:59:57.340+0000] {processor.py:925} INFO - DAG(s) 'example_sla_dag' retrieved from /home/airflow/.local/lib/python3.12/site-packages/airflow/example_dags/example_sla_dag.py
[2026-06-19T16:59:57.364+0000] {logging_mixin.py:190} INFO - [2026-06-19T16:59:57.363+0000] {dag.py:3239} INFO - Sync 1 DAGs
[2026-06-19T16:59:57.396+0000] {logging_mixin.py:190} INFO - [2026-06-19T16:59:57.395+0000] {dag.py:4180} INFO - Setting next_dagrun for example_sla_dag to 2026-06-19 16:56:00+00:00, run_after=2026-06-19 16:58:00+00:00
[2026-06-19T16:59:57.419+0000] {processor.py:208} INFO - Processing /home/airflow/.local/lib/python3.12/site-packages/airflow/example_dags/example_sla_dag.py took 0.103 seconds
[2026-06-19T17:00:27.614+0000] {processor.py:186} INFO - Started process (PID=2301) to work on /home/airflow/.local/lib/python3.12/site-packages/airflow/example_dags/example_sla_dag.py
[2026-06-19T17:00:27.619+0000] {processor.py:914} INFO - Processing file /home/airflow/.local/lib/python3.12/site-packages/airflow/example_dags/example_sla_dag.py for tasks to queue
[2026-06-19T17:00:27.628+0000] {logging_mixin.py:190} INFO - [2026-06-19T17:00:27.626+0000] {dagbag.py:588} INFO - Filling up the DagBag from /home/airflow/.local/lib/python3.12/site-packages/airflow/example_dags/example_sla_dag.py
[2026-06-19T17:00:27.670+0000] {processor.py:925} INFO - DAG(s) 'example_sla_dag' retrieved from /home/airflow/.local/lib/python3.12/site-packages/airflow/example_dags/example_sla_dag.py
[2026-06-19T17:00:27.728+0000] {logging_mixin.py:190} INFO - [2026-06-19T17:00:27.727+0000] {dag.py:3239} INFO - Sync 1 DAGs
[2026-06-19T17:00:27.791+0000] {logging_mixin.py:190} INFO - [2026-06-19T17:00:27.791+0000] {dag.py:4180} INFO - Setting next_dagrun for example_sla_dag to 2026-06-19 16:58:00+00:00, run_after=2026-06-19 17:00:00+00:00
[2026-06-19T17:00:27.836+0000] {processor.py:208} INFO - Processing /home/airflow/.local/lib/python3.12/site-packages/airflow/example_dags/example_sla_dag.py took 0.240 seconds
[2026-06-19T17:00:58.797+0000] {processor.py:186} INFO - Started process (PID=2365) to work on /home/airflow/.local/lib/python3.12/site-packages/airflow/example_dags/example_sla_dag.py
[2026-06-19T17:00:58.801+0000] {processor.py:914} INFO - Processing file /home/airflow/.local/lib/python3.12/site-packages/airflow/example_dags/example_sla_dag.py for tasks to queue
[2026-06-19T17:00:58.809+0000] {logging_mixin.py:190} INFO - [2026-06-19T17:00:58.808+0000] {dagbag.py:588} INFO - Filling up the DagBag from /home/airflow/.local/lib/python3.12/site-packages/airflow/example_dags/example_sla_dag.py
[2026-06-19T17:00:58.831+0000] {processor.py:925} INFO - DAG(s) 'example_sla_dag' retrieved from /home/airflow/.local/lib/python3.12/site-packages/airflow/example_dags/example_sla_dag.py
[2026-06-19T17:00:58.875+0000] {logging_mixin.py:190} INFO - [2026-06-19T17:00:58.874+0000] {dag.py:3239} INFO - Sync 1 DAGs
[2026-06-19T17:00:58.927+0000] {logging_mixin.py:190} INFO - [2026-06-19T17:00:58.927+0000] {dag.py:4180} INFO - Setting next_dagrun for example_sla_dag to 2026-06-19 16:58:00+00:00, run_after=2026-06-19 17:00:00+00:00
[2026-06-19T17:00:58.965+0000] {processor.py:208} INFO - Processing /home/airflow/.local/lib/python3.12/site-packages/airflow/example_dags/example_sla_dag.py took 0.185 seconds
[2026-06-19T17:01:29.094+0000] {processor.py:186} INFO - Started process (PID=2427) to work on /home/airflow/.local/lib/python3.12/site-packages/airflow/example_dags/example_sla_dag.py
[2026-06-19T17:01:29.099+0000] {processor.py:914} INFO - Processing file /home/airflow/.local/lib/python3.12/site-packages/airflow/example_dags/example_sla_dag.py for tasks to queue
[2026-06-19T17:01:29.108+0000] {logging_mixin.py:190} INFO - [2026-06-19T17:01:29.107+0000] {dagbag.py:588} INFO - Filling up the DagBag from /home/airflow/.local/lib/python3.12/site-packages/airflow/example_dags/example_sla_dag.py
[2026-06-19T17:01:29.133+0000] {processor.py:925} INFO - DAG(s) 'example_sla_dag' retrieved from /home/airflow/.local/lib/python3.12/site-packages/airflow/example_dags/example_sla_dag.py
[2026-06-19T17:01:29.178+0000] {logging_mixin.py:190} INFO - [2026-06-19T17:01:29.178+0000] {dag.py:3239} INFO - Sync 1 DAGs
[2026-06-19T17:01:29.239+0000] {logging_mixin.py:190} INFO - [2026-06-19T17:01:29.238+0000] {dag.py:4180} INFO - Setting next_dagrun for example_sla_dag to 2026-06-19 16:58:00+00:00, run_after=2026-06-19 17:00:00+00:00
[2026-06-19T17:01:29.280+0000] {processor.py:208} INFO - Processing /home/airflow/.local/lib/python3.12/site-packages/airflow/example_dags/example_sla_dag.py took 0.199 seconds
[2026-06-19T17:01:59.541+0000] {processor.py:186} INFO - Started process (PID=2490) to work on /home/airflow/.local/lib/python3.12/site-packages/airflow/example_dags/example_sla_dag.py
[2026-06-19T17:01:59.545+0000] {processor.py:914} INFO - Processing file /home/airflow/.local/lib/python3.12/site-packages/airflow/example_dags/example_sla_dag.py for tasks to queue
[2026-06-19T17:01:59.553+0000] {logging_mixin.py:190} INFO - [2026-06-19T17:01:59.552+0000] {dagbag.py:588} INFO - Filling up the DagBag from /home/airflow/.local/lib/python3.12/site-packages/airflow/example_dags/example_sla_dag.py
[2026-06-19T17:01:59.575+0000] {processor.py:925} INFO - DAG(s) 'example_sla_dag' retrieved from /home/airflow/.local/lib/python3.12/site-packages/airflow/example_dags/example_sla_dag.py
[2026-06-19T17:01:59.613+0000] {logging_mixin.py:190} INFO - [2026-06-19T17:01:59.612+0000] {dag.py:3239} INFO - Sync 1 DAGs
[2026-06-19T17:01:59.663+0000] {logging_mixin.py:190} INFO - [2026-06-19T17:01:59.663+0000] {dag.py:4180} INFO - Setting next_dagrun for example_sla_dag to 2026-06-19 16:58:00+00:00, run_after=2026-06-19 17:00:00+00:00
[2026-06-19T17:01:59.693+0000] {processor.py:208} INFO - Processing /home/airflow/.local/lib/python3.12/site-packages/airflow/example_dags/example_sla_dag.py took 0.167 seconds
[2026-06-19T17:02:30.329+0000] {processor.py:186} INFO - Started process (PID=2554) to work on /home/airflow/.local/lib/python3.12/site-packages/airflow/example_dags/example_sla_dag.py
[2026-06-19T17:02:30.331+0000] {processor.py:914} INFO - Processing file /home/airflow/.local/lib/python3.12/site-packages/airflow/example_dags/example_sla_dag.py for tasks to queue
[2026-06-19T17:02:30.335+0000] {logging_mixin.py:190} INFO - [2026-06-19T17:02:30.335+0000] {dagbag.py:588} INFO - Filling up the DagBag from /home/airflow/.local/lib/python3.12/site-packages/airflow/example_dags/example_sla_dag.py
[2026-06-19T17:02:30.346+0000] {processor.py:925} INFO - DAG(s) 'example_sla_dag' retrieved from /home/airflow/.local/lib/python3.12/site-packages/airflow/example_dags/example_sla_dag.py
[2026-06-19T17:02:30.370+0000] {logging_mixin.py:190} INFO - [2026-06-19T17:02:30.370+0000] {dag.py:3239} INFO - Sync 1 DAGs
[2026-06-19T17:02:30.404+0000] {logging_mixin.py:190} INFO - [2026-06-19T17:02:30.404+0000] {dag.py:4180} INFO - Setting next_dagrun for example_sla_dag to 2026-06-19 17:00:00+00:00, run_after=2026-06-19 17:02:00+00:00
[2026-06-19T17:02:30.448+0000] {processor.py:208} INFO - Processing /home/airflow/.local/lib/python3.12/site-packages/airflow/example_dags/example_sla_dag.py took 0.125 seconds
[2026-06-19T17:04:24.448+0000] {processor.py:186} INFO - Started process (PID=80) to work on /home/airflow/.local/lib/python3.12/site-packages/airflow/example_dags/example_sla_dag.py
[2026-06-19T17:04:24.460+0000] {processor.py:914} INFO - Processing file /home/airflow/.local/lib/python3.12/site-packages/airflow/example_dags/example_sla_dag.py for tasks to queue
[2026-06-19T17:04:24.477+0000] {logging_mixin.py:190} INFO - [2026-06-19T17:04:24.476+0000] {dagbag.py:588} INFO - Filling up the DagBag from /home/airflow/.local/lib/python3.12/site-packages/airflow/example_dags/example_sla_dag.py
[2026-06-19T17:04:24.523+0000] {processor.py:925} INFO - DAG(s) 'example_sla_dag' retrieved from /home/airflow/.local/lib/python3.12/site-packages/airflow/example_dags/example_sla_dag.py
[2026-06-19T17:04:24.608+0000] {logging_mixin.py:190} INFO - [2026-06-19T17:04:24.606+0000] {dag.py:3239} INFO - Sync 1 DAGs
[2026-06-19T17:04:24.708+0000] {logging_mixin.py:190} INFO - [2026-06-19T17:04:24.708+0000] {dag.py:4180} INFO - Setting next_dagrun for example_sla_dag to 2026-06-19 17:02:00+00:00, run_after=2026-06-19 17:04:00+00:00
[2026-06-19T17:04:24.780+0000] {processor.py:208} INFO - Processing /home/airflow/.local/lib/python3.12/site-packages/airflow/example_dags/example_sla_dag.py took 0.355 seconds
[2026-06-19T17:04:55.181+0000] {processor.py:186} INFO - Started process (PID=143) to work on /home/airflow/.local/lib/python3.12/site-packages/airflow/example_dags/example_sla_dag.py
[2026-06-19T17:04:55.191+0000] {processor.py:914} INFO - Processing file /home/airflow/.local/lib/python3.12/site-packages/airflow/example_dags/example_sla_dag.py for tasks to queue
[2026-06-19T17:04:55.199+0000] {logging_mixin.py:190} INFO - [2026-06-19T17:04:55.198+0000] {dagbag.py:588} INFO - Filling up the DagBag from /home/airflow/.local/lib/python3.12/site-packages/airflow/example_dags/example_sla_dag.py
[2026-06-19T17:04:55.242+0000] {processor.py:925} INFO - DAG(s) 'example_sla_dag' retrieved from /home/airflow/.local/lib/python3.12/site-packages/airflow/example_dags/example_sla_dag.py
[2026-06-19T17:04:55.306+0000] {logging_mixin.py:190} INFO - [2026-06-19T17:04:55.305+0000] {dag.py:3239} INFO - Sync 1 DAGs
[2026-06-19T17:04:55.380+0000] {logging_mixin.py:190} INFO - [2026-06-19T17:04:55.380+0000] {dag.py:4180} INFO - Setting next_dagrun for example_sla_dag to 2026-06-19 17:02:00+00:00, run_after=2026-06-19 17:04:00+00:00
[2026-06-19T17:04:55.430+0000] {processor.py:208} INFO - Processing /home/airflow/.local/lib/python3.12/site-packages/airflow/example_dags/example_sla_dag.py took 0.268 seconds
[2026-06-19T17:05:26.071+0000] {processor.py:186} INFO - Started process (PID=207) to work on /home/airflow/.local/lib/python3.12/site-packages/airflow/example_dags/example_sla_dag.py
[2026-06-19T17:05:26.073+0000] {processor.py:914} INFO - Processing file /home/airflow/.local/lib/python3.12/site-packages/airflow/example_dags/example_sla_dag.py for tasks to queue
[2026-06-19T17:05:26.077+0000] {logging_mixin.py:190} INFO - [2026-06-19T17:05:26.076+0000] {dagbag.py:588} INFO - Filling up the DagBag from /home/airflow/.local/lib/python3.12/site-packages/airflow/example_dags/example_sla_dag.py
[2026-06-19T17:05:26.088+0000] {processor.py:925} INFO - DAG(s) 'example_sla_dag' retrieved from /home/airflow/.local/lib/python3.12/site-packages/airflow/example_dags/example_sla_dag.py
[2026-06-19T17:05:26.113+0000] {logging_mixin.py:190} INFO - [2026-06-19T17:05:26.113+0000] {dag.py:3239} INFO - Sync 1 DAGs
[2026-06-19T17:05:26.143+0000] {logging_mixin.py:190} INFO - [2026-06-19T17:05:26.143+0000] {dag.py:4180} INFO - Setting next_dagrun for example_sla_dag to 2026-06-19 17:02:00+00:00, run_after=2026-06-19 17:04:00+00:00
[2026-06-19T17:05:26.161+0000] {processor.py:208} INFO - Processing /home/airflow/.local/lib/python3.12/site-packages/airflow/example_dags/example_sla_dag.py took 0.096 seconds
[2026-06-19T17:05:58.218+0000] {processor.py:186} INFO - Started process (PID=271) to work on /home/airflow/.local/lib/python3.12/site-packages/airflow/example_dags/example_sla_dag.py
[2026-06-19T17:05:58.226+0000] {processor.py:914} INFO - Processing file /home/airflow/.local/lib/python3.12/site-packages/airflow/example_dags/example_sla_dag.py for tasks to queue
[2026-06-19T17:05:58.261+0000] {logging_mixin.py:190} INFO - [2026-06-19T17:05:58.259+0000] {dagbag.py:588} INFO - Filling up the DagBag from /home/airflow/.local/lib/python3.12/site-packages/airflow/example_dags/example_sla_dag.py
[2026-06-19T17:05:58.409+0000] {processor.py:925} INFO - DAG(s) 'example_sla_dag' retrieved from /home/airflow/.local/lib/python3.12/site-packages/airflow/example_dags/example_sla_dag.py
[2026-06-19T17:05:58.502+0000] {logging_mixin.py:190} INFO - [2026-06-19T17:05:58.501+0000] {dag.py:3239} INFO - Sync 1 DAGs
[2026-06-19T17:05:58.598+0000] {logging_mixin.py:190} INFO - [2026-06-19T17:05:58.597+0000] {dag.py:4180} INFO - Setting next_dagrun for example_sla_dag to 2026-06-19 17:02:00+00:00, run_after=2026-06-19 17:04:00+00:00
[2026-06-19T17:05:58.733+0000] {processor.py:208} INFO - Processing /home/airflow/.local/lib/python3.12/site-packages/airflow/example_dags/example_sla_dag.py took 0.564 seconds
[2026-06-19T17:07:59.137+0000] {processor.py:186} INFO - Started process (PID=80) to work on /home/airflow/.local/lib/python3.12/site-packages/airflow/example_dags/example_sla_dag.py
[2026-06-19T17:07:59.141+0000] {processor.py:914} INFO - Processing file /home/airflow/.local/lib/python3.12/site-packages/airflow/example_dags/example_sla_dag.py for tasks to queue
[2026-06-19T17:07:59.150+0000] {logging_mixin.py:190} INFO - [2026-06-19T17:07:59.149+0000] {dagbag.py:588} INFO - Filling up the DagBag from /home/airflow/.local/lib/python3.12/site-packages/airflow/example_dags/example_sla_dag.py
[2026-06-19T17:07:59.182+0000] {processor.py:925} INFO - DAG(s) 'example_sla_dag' retrieved from /home/airflow/.local/lib/python3.12/site-packages/airflow/example_dags/example_sla_dag.py
[2026-06-19T17:07:59.259+0000] {logging_mixin.py:190} INFO - [2026-06-19T17:07:59.258+0000] {dag.py:3239} INFO - Sync 1 DAGs
[2026-06-19T17:07:59.337+0000] {logging_mixin.py:190} INFO - [2026-06-19T17:07:59.337+0000] {dag.py:4180} INFO - Setting next_dagrun for example_sla_dag to 2026-06-19 17:04:00+00:00, run_after=2026-06-19 17:06:00+00:00
[2026-06-19T17:07:59.379+0000] {processor.py:208} INFO - Processing /home/airflow/.local/lib/python3.12/site-packages/airflow/example_dags/example_sla_dag.py took 0.262 seconds
[2026-06-19T17:08:30.301+0000] {processor.py:186} INFO - Started process (PID=143) to work on /home/airflow/.local/lib/python3.12/site-packages/airflow/example_dags/example_sla_dag.py
[2026-06-19T17:08:30.311+0000] {processor.py:914} INFO - Processing file /home/airflow/.local/lib/python3.12/site-packages/airflow/example_dags/example_sla_dag.py for tasks to queue
[2026-06-19T17:08:30.314+0000] {logging_mixin.py:190} INFO - [2026-06-19T17:08:30.314+0000] {dagbag.py:588} INFO - Filling up the DagBag from /home/airflow/.local/lib/python3.12/site-packages/airflow/example_dags/example_sla_dag.py
[2026-06-19T17:08:30.326+0000] {processor.py:925} INFO - DAG(s) 'example_sla_dag' retrieved from /home/airflow/.local/lib/python3.12/site-packages/airflow/example_dags/example_sla_dag.py
[2026-06-19T17:08:30.351+0000] {logging_mixin.py:190} INFO - [2026-06-19T17:08:30.350+0000] {dag.py:3239} INFO - Sync 1 DAGs
[2026-06-19T17:08:30.382+0000] {logging_mixin.py:190} INFO - [2026-06-19T17:08:30.382+0000] {dag.py:4180} INFO - Setting next_dagrun for example_sla_dag to 2026-06-19 17:06:00+00:00, run_after=2026-06-19 17:08:00+00:00
[2026-06-19T17:08:30.405+0000] {processor.py:208} INFO - Processing /home/airflow/.local/lib/python3.12/site-packages/airflow/example_dags/example_sla_dag.py took 0.111 seconds
[2026-06-19T17:09:00.561+0000] {processor.py:186} INFO - Started process (PID=207) to work on /home/airflow/.local/lib/python3.12/site-packages/airflow/example_dags/example_sla_dag.py
[2026-06-19T17:09:00.571+0000] {processor.py:914} INFO - Processing file /home/airflow/.local/lib/python3.12/site-packages/airflow/example_dags/example_sla_dag.py for tasks to queue
[2026-06-19T17:09:00.574+0000] {logging_mixin.py:190} INFO - [2026-06-19T17:09:00.574+0000] {dagbag.py:588} INFO - Filling up the DagBag from /home/airflow/.local/lib/python3.12/site-packages/airflow/example_dags/example_sla_dag.py
[2026-06-19T17:09:00.584+0000] {processor.py:925} INFO - DAG(s) 'example_sla_dag' retrieved from /home/airflow/.local/lib/python3.12/site-packages/airflow/example_dags/example_sla_dag.py
[2026-06-19T17:09:00.606+0000] {logging_mixin.py:190} INFO - [2026-06-19T17:09:00.606+0000] {dag.py:3239} INFO - Sync 1 DAGs
[2026-06-19T17:09:00.635+0000] {logging_mixin.py:190} INFO - [2026-06-19T17:09:00.634+0000] {dag.py:4180} INFO - Setting next_dagrun for example_sla_dag to 2026-06-19 17:06:00+00:00, run_after=2026-06-19 17:08:00+00:00
[2026-06-19T17:09:00.658+0000] {processor.py:208} INFO - Processing /home/airflow/.local/lib/python3.12/site-packages/airflow/example_dags/example_sla_dag.py took 0.102 seconds
[2026-06-19T17:09:31.689+0000] {processor.py:186} INFO - Started process (PID=271) to work on /home/airflow/.local/lib/python3.12/site-packages/airflow/example_dags/example_sla_dag.py
[2026-06-19T17:09:31.700+0000] {processor.py:914} INFO - Processing file /home/airflow/.local/lib/python3.12/site-packages/airflow/example_dags/example_sla_dag.py for tasks to queue
[2026-06-19T17:09:31.722+0000] {logging_mixin.py:190} INFO - [2026-06-19T17:09:31.721+0000] {dagbag.py:588} INFO - Filling up the DagBag from /home/airflow/.local/lib/python3.12/site-packages/airflow/example_dags/example_sla_dag.py
[2026-06-19T17:09:31.798+0000] {processor.py:925} INFO - DAG(s) 'example_sla_dag' retrieved from /home/airflow/.local/lib/python3.12/site-packages/airflow/example_dags/example_sla_dag.py
[2026-06-19T17:09:31.910+0000] {logging_mixin.py:190} INFO - [2026-06-19T17:09:31.909+0000] {dag.py:3239} INFO - Sync 1 DAGs
[2026-06-19T17:09:32.041+0000] {logging_mixin.py:190} INFO - [2026-06-19T17:09:32.041+0000] {dag.py:4180} INFO - Setting next_dagrun for example_sla_dag to 2026-06-19 17:06:00+00:00, run_after=2026-06-19 17:08:00+00:00
[2026-06-19T17:09:32.124+0000] {processor.py:208} INFO - Processing /home/airflow/.local/lib/python3.12/site-packages/airflow/example_dags/example_sla_dag.py took 0.469 seconds
[2026-06-19T17:10:02.392+0000] {processor.py:186} INFO - Started process (PID=335) to work on /home/airflow/.local/lib/python3.12/site-packages/airflow/example_dags/example_sla_dag.py
[2026-06-19T17:10:02.403+0000] {processor.py:914} INFO - Processing file /home/airflow/.local/lib/python3.12/site-packages/airflow/example_dags/example_sla_dag.py for tasks to queue
[2026-06-19T17:10:02.413+0000] {logging_mixin.py:190} INFO - [2026-06-19T17:10:02.412+0000] {dagbag.py:588} INFO - Filling up the DagBag from /home/airflow/.local/lib/python3.12/site-packages/airflow/example_dags/example_sla_dag.py
[2026-06-19T17:10:02.459+0000] {processor.py:925} INFO - DAG(s) 'example_sla_dag' retrieved from /home/airflow/.local/lib/python3.12/site-packages/airflow/example_dags/example_sla_dag.py
[2026-06-19T17:10:02.521+0000] {logging_mixin.py:190} INFO - [2026-06-19T17:10:02.521+0000] {dag.py:3239} INFO - Sync 1 DAGs
[2026-06-19T17:10:02.601+0000] {logging_mixin.py:190} INFO - [2026-06-19T17:10:02.600+0000] {dag.py:4180} INFO - Setting next_dagrun for example_sla_dag to 2026-06-19 17:08:00+00:00, run_after=2026-06-19 17:10:00+00:00
[2026-06-19T17:10:02.658+0000] {processor.py:208} INFO - Processing /home/airflow/.local/lib/python3.12/site-packages/airflow/example_dags/example_sla_dag.py took 0.290 seconds
[2026-06-19T17:10:32.995+0000] {processor.py:186} INFO - Started process (PID=400) to work on /home/airflow/.local/lib/python3.12/site-packages/airflow/example_dags/example_sla_dag.py
[2026-06-19T17:10:32.997+0000] {processor.py:914} INFO - Processing file /home/airflow/.local/lib/python3.12/site-packages/airflow/example_dags/example_sla_dag.py for tasks to queue
[2026-06-19T17:10:33.001+0000] {logging_mixin.py:190} INFO - [2026-06-19T17:10:33.000+0000] {dagbag.py:588} INFO - Filling up the DagBag from /home/airflow/.local/lib/python3.12/site-packages/airflow/example_dags/example_sla_dag.py
[2026-06-19T17:10:33.013+0000] {processor.py:925} INFO - DAG(s) 'example_sla_dag' retrieved from /home/airflow/.local/lib/python3.12/site-packages/airflow/example_dags/example_sla_dag.py
[2026-06-19T17:10:33.032+0000] {logging_mixin.py:190} INFO - [2026-06-19T17:10:33.032+0000] {dag.py:3239} INFO - Sync 1 DAGs
[2026-06-19T17:10:33.061+0000] {logging_mixin.py:190} INFO - [2026-06-19T17:10:33.061+0000] {dag.py:4180} INFO - Setting next_dagrun for example_sla_dag to 2026-06-19 17:08:00+00:00, run_after=2026-06-19 17:10:00+00:00
[2026-06-19T17:10:33.083+0000] {processor.py:208} INFO - Processing /home/airflow/.local/lib/python3.12/site-packages/airflow/example_dags/example_sla_dag.py took 0.094 seconds
[2026-06-19T17:11:03.367+0000] {processor.py:186} INFO - Started process (PID=464) to work on /home/airflow/.local/lib/python3.12/site-packages/airflow/example_dags/example_sla_dag.py
[2026-06-19T17:11:03.370+0000] {processor.py:914} INFO - Processing file /home/airflow/.local/lib/python3.12/site-packages/airflow/example_dags/example_sla_dag.py for tasks to queue
[2026-06-19T17:11:03.375+0000] {logging_mixin.py:190} INFO - [2026-06-19T17:11:03.375+0000] {dagbag.py:588} INFO - Filling up the DagBag from /home/airflow/.local/lib/python3.12/site-packages/airflow/example_dags/example_sla_dag.py
[2026-06-19T17:11:03.402+0000] {processor.py:925} INFO - DAG(s) 'example_sla_dag' retrieved from /home/airflow/.local/lib/python3.12/site-packages/airflow/example_dags/example_sla_dag.py
[2026-06-19T17:11:03.439+0000] {logging_mixin.py:190} INFO - [2026-06-19T17:11:03.439+0000] {dag.py:3239} INFO - Sync 1 DAGs
[2026-06-19T17:11:03.488+0000] {logging_mixin.py:190} INFO - [2026-06-19T17:11:03.488+0000] {dag.py:4180} INFO - Setting next_dagrun for example_sla_dag to 2026-06-19 17:08:00+00:00, run_after=2026-06-19 17:10:00+00:00
[2026-06-19T17:11:03.529+0000] {processor.py:208} INFO - Processing /home/airflow/.local/lib/python3.12/site-packages/airflow/example_dags/example_sla_dag.py took 0.171 seconds
[2026-06-19T17:11:33.596+0000] {processor.py:186} INFO - Started process (PID=528) to work on /home/airflow/.local/lib/python3.12/site-packages/airflow/example_dags/example_sla_dag.py
[2026-06-19T17:11:33.598+0000] {processor.py:914} INFO - Processing file /home/airflow/.local/lib/python3.12/site-packages/airflow/example_dags/example_sla_dag.py for tasks to queue
[2026-06-19T17:11:33.601+0000] {logging_mixin.py:190} INFO - [2026-06-19T17:11:33.601+0000] {dagbag.py:588} INFO - Filling up the DagBag from /home/airflow/.local/lib/python3.12/site-packages/airflow/example_dags/example_sla_dag.py
[2026-06-19T17:11:33.613+0000] {processor.py:925} INFO - DAG(s) 'example_sla_dag' retrieved from /home/airflow/.local/lib/python3.12/site-packages/airflow/example_dags/example_sla_dag.py
[2026-06-19T17:11:33.637+0000] {logging_mixin.py:190} INFO - [2026-06-19T17:11:33.636+0000] {dag.py:3239} INFO - Sync 1 DAGs
[2026-06-19T17:11:33.670+0000] {logging_mixin.py:190} INFO - [2026-06-19T17:11:33.670+0000] {dag.py:4180} INFO - Setting next_dagrun for example_sla_dag to 2026-06-19 17:08:00+00:00, run_after=2026-06-19 17:10:00+00:00
[2026-06-19T17:11:33.695+0000] {processor.py:208} INFO - Processing /home/airflow/.local/lib/python3.12/site-packages/airflow/example_dags/example_sla_dag.py took 0.106 seconds
[2026-06-19T17:12:05.060+0000] {processor.py:186} INFO - Started process (PID=592) to work on /home/airflow/.local/lib/python3.12/site-packages/airflow/example_dags/example_sla_dag.py
[2026-06-19T17:12:05.066+0000] {processor.py:914} INFO - Processing file /home/airflow/.local/lib/python3.12/site-packages/airflow/example_dags/example_sla_dag.py for tasks to queue
[2026-06-19T17:12:05.081+0000] {logging_mixin.py:190} INFO - [2026-06-19T17:12:05.078+0000] {dagbag.py:588} INFO - Filling up the DagBag from /home/airflow/.local/lib/python3.12/site-packages/airflow/example_dags/example_sla_dag.py
[2026-06-19T17:12:05.137+0000] {processor.py:925} INFO - DAG(s) 'example_sla_dag' retrieved from /home/airflow/.local/lib/python3.12/site-packages/airflow/example_dags/example_sla_dag.py
[2026-06-19T17:12:05.211+0000] {logging_mixin.py:190} INFO - [2026-06-19T17:12:05.211+0000] {dag.py:3239} INFO - Sync 1 DAGs
[2026-06-19T17:12:05.308+0000] {logging_mixin.py:190} INFO - [2026-06-19T17:12:05.308+0000] {dag.py:4180} INFO - Setting next_dagrun for example_sla_dag to 2026-06-19 17:10:00+00:00, run_after=2026-06-19 17:12:00+00:00
[2026-06-19T17:12:05.375+0000] {processor.py:208} INFO - Processing /home/airflow/.local/lib/python3.12/site-packages/airflow/example_dags/example_sla_dag.py took 0.348 seconds
[2026-06-19T17:12:36.058+0000] {processor.py:186} INFO - Started process (PID=656) to work on /home/airflow/.local/lib/python3.12/site-packages/airflow/example_dags/example_sla_dag.py
[2026-06-19T17:12:36.065+0000] {processor.py:914} INFO - Processing file /home/airflow/.local/lib/python3.12/site-packages/airflow/example_dags/example_sla_dag.py for tasks to queue
[2026-06-19T17:12:36.074+0000] {logging_mixin.py:190} INFO - [2026-06-19T17:12:36.073+0000] {dagbag.py:588} INFO - Filling up the DagBag from /home/airflow/.local/lib/python3.12/site-packages/airflow/example_dags/example_sla_dag.py
[2026-06-19T17:12:36.118+0000] {processor.py:925} INFO - DAG(s) 'example_sla_dag' retrieved from /home/airflow/.local/lib/python3.12/site-packages/airflow/example_dags/example_sla_dag.py
[2026-06-19T17:12:36.174+0000] {logging_mixin.py:190} INFO - [2026-06-19T17:12:36.173+0000] {dag.py:3239} INFO - Sync 1 DAGs
[2026-06-19T17:12:36.253+0000] {logging_mixin.py:190} INFO - [2026-06-19T17:12:36.252+0000] {dag.py:4180} INFO - Setting next_dagrun for example_sla_dag to 2026-06-19 17:10:00+00:00, run_after=2026-06-19 17:12:00+00:00
[2026-06-19T17:12:36.295+0000] {processor.py:208} INFO - Processing /home/airflow/.local/lib/python3.12/site-packages/airflow/example_dags/example_sla_dag.py took 0.262 seconds
[2026-06-19T17:13:07.134+0000] {processor.py:186} INFO - Started process (PID=720) to work on /home/airflow/.local/lib/python3.12/site-packages/airflow/example_dags/example_sla_dag.py
[2026-06-19T17:13:07.136+0000] {processor.py:914} INFO - Processing file /home/airflow/.local/lib/python3.12/site-packages/airflow/example_dags/example_sla_dag.py for tasks to queue
[2026-06-19T17:13:07.140+0000] {logging_mixin.py:190} INFO - [2026-06-19T17:13:07.139+0000] {dagbag.py:588} INFO - Filling up the DagBag from /home/airflow/.local/lib/python3.12/site-packages/airflow/example_dags/example_sla_dag.py
[2026-06-19T17:13:07.152+0000] {processor.py:925} INFO - DAG(s) 'example_sla_dag' retrieved from /home/airflow/.local/lib/python3.12/site-packages/airflow/example_dags/example_sla_dag.py
[2026-06-19T17:13:07.175+0000] {logging_mixin.py:190} INFO - [2026-06-19T17:13:07.175+0000] {dag.py:3239} INFO - Sync 1 DAGs
[2026-06-19T17:13:07.203+0000] {logging_mixin.py:190} INFO - [2026-06-19T17:13:07.202+0000] {dag.py:4180} INFO - Setting next_dagrun for example_sla_dag to 2026-06-19 17:10:00+00:00, run_after=2026-06-19 17:12:00+00:00
[2026-06-19T17:13:07.220+0000] {processor.py:208} INFO - Processing /home/airflow/.local/lib/python3.12/site-packages/airflow/example_dags/example_sla_dag.py took 0.093 seconds
[2026-06-19T17:13:42.407+0000] {processor.py:186} INFO - Started process (PID=789) to work on /home/airflow/.local/lib/python3.12/site-packages/airflow/example_dags/example_sla_dag.py
[2026-06-19T17:13:42.411+0000] {processor.py:914} INFO - Processing file /home/airflow/.local/lib/python3.12/site-packages/airflow/example_dags/example_sla_dag.py for tasks to queue
[2026-06-19T17:13:42.422+0000] {logging_mixin.py:190} INFO - [2026-06-19T17:13:42.421+0000] {dagbag.py:588} INFO - Filling up the DagBag from /home/airflow/.local/lib/python3.12/site-packages/airflow/example_dags/example_sla_dag.py
[2026-06-19T17:13:42.531+0000] {processor.py:925} INFO - DAG(s) 'example_sla_dag' retrieved from /home/airflow/.local/lib/python3.12/site-packages/airflow/example_dags/example_sla_dag.py
[2026-06-19T17:13:42.662+0000] {logging_mixin.py:190} INFO - [2026-06-19T17:13:42.661+0000] {dag.py:3239} INFO - Sync 1 DAGs
[2026-06-19T17:13:42.872+0000] {logging_mixin.py:190} INFO - [2026-06-19T17:13:42.871+0000] {dag.py:4180} INFO - Setting next_dagrun for example_sla_dag to 2026-06-19 17:10:00+00:00, run_after=2026-06-19 17:12:00+00:00
[2026-06-19T17:13:42.990+0000] {processor.py:208} INFO - Processing /home/airflow/.local/lib/python3.12/site-packages/airflow/example_dags/example_sla_dag.py took 0.614 seconds
[2026-06-19T17:14:13.166+0000] {processor.py:186} INFO - Started process (PID=852) to work on /home/airflow/.local/lib/python3.12/site-packages/airflow/example_dags/example_sla_dag.py
[2026-06-19T17:14:13.171+0000] {processor.py:914} INFO - Processing file /home/airflow/.local/lib/python3.12/site-packages/airflow/example_dags/example_sla_dag.py for tasks to queue
[2026-06-19T17:14:13.184+0000] {logging_mixin.py:190} INFO - [2026-06-19T17:14:13.183+0000] {dagbag.py:588} INFO - Filling up the DagBag from /home/airflow/.local/lib/python3.12/site-packages/airflow/example_dags/example_sla_dag.py
[2026-06-19T17:14:13.224+0000] {processor.py:925} INFO - DAG(s) 'example_sla_dag' retrieved from /home/airflow/.local/lib/python3.12/site-packages/airflow/example_dags/example_sla_dag.py
[2026-06-19T17:14:13.291+0000] {logging_mixin.py:190} INFO - [2026-06-19T17:14:13.290+0000] {dag.py:3239} INFO - Sync 1 DAGs
[2026-06-19T17:14:13.375+0000] {logging_mixin.py:190} INFO - [2026-06-19T17:14:13.375+0000] {dag.py:4180} INFO - Setting next_dagrun for example_sla_dag to 2026-06-19 17:12:00+00:00, run_after=2026-06-19 17:14:00+00:00
[2026-06-19T17:14:13.443+0000] {processor.py:208} INFO - Processing /home/airflow/.local/lib/python3.12/site-packages/airflow/example_dags/example_sla_dag.py took 0.304 seconds
[2026-06-19T17:14:47.014+0000] {processor.py:186} INFO - Started process (PID=911) to work on /home/airflow/.local/lib/python3.12/site-packages/airflow/example_dags/example_sla_dag.py
[2026-06-19T17:14:47.021+0000] {processor.py:914} INFO - Processing file /home/airflow/.local/lib/python3.12/site-packages/airflow/example_dags/example_sla_dag.py for tasks to queue
[2026-06-19T17:14:47.035+0000] {logging_mixin.py:190} INFO - [2026-06-19T17:14:47.034+0000] {dagbag.py:588} INFO - Filling up the DagBag from /home/airflow/.local/lib/python3.12/site-packages/airflow/example_dags/example_sla_dag.py
[2026-06-19T17:14:47.099+0000] {processor.py:925} INFO - DAG(s) 'example_sla_dag' retrieved from /home/airflow/.local/lib/python3.12/site-packages/airflow/example_dags/example_sla_dag.py
[2026-06-19T17:14:47.203+0000] {logging_mixin.py:190} INFO - [2026-06-19T17:14:47.202+0000] {dag.py:3239} INFO - Sync 1 DAGs
[2026-06-19T17:14:47.325+0000] {logging_mixin.py:190} INFO - [2026-06-19T17:14:47.325+0000] {dag.py:4180} INFO - Setting next_dagrun for example_sla_dag to 2026-06-19 17:12:00+00:00, run_after=2026-06-19 17:14:00+00:00
[2026-06-19T17:14:47.460+0000] {processor.py:208} INFO - Processing /home/airflow/.local/lib/python3.12/site-packages/airflow/example_dags/example_sla_dag.py took 0.489 seconds
[2026-06-19T17:15:18.216+0000] {processor.py:186} INFO - Started process (PID=975) to work on /home/airflow/.local/lib/python3.12/site-packages/airflow/example_dags/example_sla_dag.py
[2026-06-19T17:15:18.223+0000] {processor.py:914} INFO - Processing file /home/airflow/.local/lib/python3.12/site-packages/airflow/example_dags/example_sla_dag.py for tasks to queue
[2026-06-19T17:15:18.234+0000] {logging_mixin.py:190} INFO - [2026-06-19T17:15:18.233+0000] {dagbag.py:588} INFO - Filling up the DagBag from /home/airflow/.local/lib/python3.12/site-packages/airflow/example_dags/example_sla_dag.py
[2026-06-19T17:15:18.290+0000] {processor.py:925} INFO - DAG(s) 'example_sla_dag' retrieved from /home/airflow/.local/lib/python3.12/site-packages/airflow/example_dags/example_sla_dag.py
[2026-06-19T17:15:18.393+0000] {logging_mixin.py:190} INFO - [2026-06-19T17:15:18.392+0000] {dag.py:3239} INFO - Sync 1 DAGs
[2026-06-19T17:15:18.495+0000] {logging_mixin.py:190} INFO - [2026-06-19T17:15:18.494+0000] {dag.py:4180} INFO - Setting next_dagrun for example_sla_dag to 2026-06-19 17:12:00+00:00, run_after=2026-06-19 17:14:00+00:00
[2026-06-19T17:15:18.554+0000] {processor.py:208} INFO - Processing /home/airflow/.local/lib/python3.12/site-packages/airflow/example_dags/example_sla_dag.py took 0.365 seconds
[2026-06-19T17:15:48.919+0000] {processor.py:186} INFO - Started process (PID=1038) to work on /home/airflow/.local/lib/python3.12/site-packages/airflow/example_dags/example_sla_dag.py
[2026-06-19T17:15:48.924+0000] {processor.py:914} INFO - Processing file /home/airflow/.local/lib/python3.12/site-packages/airflow/example_dags/example_sla_dag.py for tasks to queue
[2026-06-19T17:15:48.931+0000] {logging_mixin.py:190} INFO - [2026-06-19T17:15:48.930+0000] {dagbag.py:588} INFO - Filling up the DagBag from /home/airflow/.local/lib/python3.12/site-packages/airflow/example_dags/example_sla_dag.py
[2026-06-19T17:15:48.951+0000] {processor.py:925} INFO - DAG(s) 'example_sla_dag' retrieved from /home/airflow/.local/lib/python3.12/site-packages/airflow/example_dags/example_sla_dag.py
[2026-06-19T17:15:48.988+0000] {logging_mixin.py:190} INFO - [2026-06-19T17:15:48.987+0000] {dag.py:3239} INFO - Sync 1 DAGs
[2026-06-19T17:15:49.035+0000] {logging_mixin.py:190} INFO - [2026-06-19T17:15:49.034+0000] {dag.py:4180} INFO - Setting next_dagrun for example_sla_dag to 2026-06-19 17:12:00+00:00, run_after=2026-06-19 17:14:00+00:00
[2026-06-19T17:15:49.064+0000] {processor.py:208} INFO - Processing /home/airflow/.local/lib/python3.12/site-packages/airflow/example_dags/example_sla_dag.py took 0.157 seconds
[2026-06-19T17:16:19.528+0000] {processor.py:186} INFO - Started process (PID=1103) to work on /home/airflow/.local/lib/python3.12/site-packages/airflow/example_dags/example_sla_dag.py
[2026-06-19T17:16:19.542+0000] {processor.py:914} INFO - Processing file /home/airflow/.local/lib/python3.12/site-packages/airflow/example_dags/example_sla_dag.py for tasks to queue
[2026-06-19T17:16:19.549+0000] {logging_mixin.py:190} INFO - [2026-06-19T17:16:19.548+0000] {dagbag.py:588} INFO - Filling up the DagBag from /home/airflow/.local/lib/python3.12/site-packages/airflow/example_dags/example_sla_dag.py
[2026-06-19T17:16:19.569+0000] {processor.py:925} INFO - DAG(s) 'example_sla_dag' retrieved from /home/airflow/.local/lib/python3.12/site-packages/airflow/example_dags/example_sla_dag.py
[2026-06-19T17:16:19.600+0000] {logging_mixin.py:190} INFO - [2026-06-19T17:16:19.600+0000] {dag.py:3239} INFO - Sync 1 DAGs
[2026-06-19T17:16:19.637+0000] {logging_mixin.py:190} INFO - [2026-06-19T17:16:19.637+0000] {dag.py:4180} INFO - Setting next_dagrun for example_sla_dag to 2026-06-19 17:14:00+00:00, run_after=2026-06-19 17:16:00+00:00
[2026-06-19T17:16:19.667+0000] {processor.py:208} INFO - Processing /home/airflow/.local/lib/python3.12/site-packages/airflow/example_dags/example_sla_dag.py took 0.151 seconds
[2026-06-19T17:16:50.185+0000] {processor.py:186} INFO - Started process (PID=1167) to work on /home/airflow/.local/lib/python3.12/site-packages/airflow/example_dags/example_sla_dag.py
[2026-06-19T17:16:50.190+0000] {processor.py:914} INFO - Processing file /home/airflow/.local/lib/python3.12/site-packages/airflow/example_dags/example_sla_dag.py for tasks to queue
[2026-06-19T17:16:50.198+0000] {logging_mixin.py:190} INFO - [2026-06-19T17:16:50.197+0000] {dagbag.py:588} INFO - Filling up the DagBag from /home/airflow/.local/lib/python3.12/site-packages/airflow/example_dags/example_sla_dag.py
[2026-06-19T17:16:50.225+0000] {processor.py:925} INFO - DAG(s) 'example_sla_dag' retrieved from /home/airflow/.local/lib/python3.12/site-packages/airflow/example_dags/example_sla_dag.py
[2026-06-19T17:16:50.272+0000] {logging_mixin.py:190} INFO - [2026-06-19T17:16:50.271+0000] {dag.py:3239} INFO - Sync 1 DAGs
[2026-06-19T17:16:50.336+0000] {logging_mixin.py:190} INFO - [2026-06-19T17:16:50.336+0000] {dag.py:4180} INFO - Setting next_dagrun for example_sla_dag to 2026-06-19 17:14:00+00:00, run_after=2026-06-19 17:16:00+00:00
[2026-06-19T17:16:50.382+0000] {processor.py:208} INFO - Processing /home/airflow/.local/lib/python3.12/site-packages/airflow/example_dags/example_sla_dag.py took 0.211 seconds
[2026-06-19T17:17:20.671+0000] {processor.py:186} INFO - Started process (PID=1231) to work on /home/airflow/.local/lib/python3.12/site-packages/airflow/example_dags/example_sla_dag.py
[2026-06-19T17:17:20.677+0000] {processor.py:914} INFO - Processing file /home/airflow/.local/lib/python3.12/site-packages/airflow/example_dags/example_sla_dag.py for tasks to queue
[2026-06-19T17:17:20.685+0000] {logging_mixin.py:190} INFO - [2026-06-19T17:17:20.684+0000] {dagbag.py:588} INFO - Filling up the DagBag from /home/airflow/.local/lib/python3.12/site-packages/airflow/example_dags/example_sla_dag.py
[2026-06-19T17:17:20.713+0000] {processor.py:925} INFO - DAG(s) 'example_sla_dag' retrieved from /home/airflow/.local/lib/python3.12/site-packages/airflow/example_dags/example_sla_dag.py
[2026-06-19T17:17:20.764+0000] {logging_mixin.py:190} INFO - [2026-06-19T17:17:20.763+0000] {dag.py:3239} INFO - Sync 1 DAGs
[2026-06-19T17:17:20.839+0000] {logging_mixin.py:190} INFO - [2026-06-19T17:17:20.838+0000] {dag.py:4180} INFO - Setting next_dagrun for example_sla_dag to 2026-06-19 17:14:00+00:00, run_after=2026-06-19 17:16:00+00:00
[2026-06-19T17:17:20.874+0000] {processor.py:208} INFO - Processing /home/airflow/.local/lib/python3.12/site-packages/airflow/example_dags/example_sla_dag.py took 0.221 seconds
[2026-06-19T17:17:52.353+0000] {processor.py:186} INFO - Started process (PID=1295) to work on /home/airflow/.local/lib/python3.12/site-packages/airflow/example_dags/example_sla_dag.py
[2026-06-19T17:17:52.359+0000] {processor.py:914} INFO - Processing file /home/airflow/.local/lib/python3.12/site-packages/airflow/example_dags/example_sla_dag.py for tasks to queue
[2026-06-19T17:17:52.368+0000] {logging_mixin.py:190} INFO - [2026-06-19T17:17:52.367+0000] {dagbag.py:588} INFO - Filling up the DagBag from /home/airflow/.local/lib/python3.12/site-packages/airflow/example_dags/example_sla_dag.py
[2026-06-19T17:17:52.403+0000] {processor.py:925} INFO - DAG(s) 'example_sla_dag' retrieved from /home/airflow/.local/lib/python3.12/site-packages/airflow/example_dags/example_sla_dag.py
[2026-06-19T17:17:52.457+0000] {logging_mixin.py:190} INFO - [2026-06-19T17:17:52.456+0000] {dag.py:3239} INFO - Sync 1 DAGs
[2026-06-19T17:17:52.524+0000] {logging_mixin.py:190} INFO - [2026-06-19T17:17:52.524+0000] {dag.py:4180} INFO - Setting next_dagrun for example_sla_dag to 2026-06-19 17:14:00+00:00, run_after=2026-06-19 17:16:00+00:00
[2026-06-19T17:17:52.561+0000] {processor.py:208} INFO - Processing /home/airflow/.local/lib/python3.12/site-packages/airflow/example_dags/example_sla_dag.py took 0.227 seconds
