[2026-06-19T16:38:53.308+0000] {processor.py:186} INFO - Started process (PID=113) to work on /home/airflow/.local/lib/python3.12/site-packages/airflow/example_dags/example_sensors.py
[2026-06-19T16:38:53.311+0000] {processor.py:914} INFO - Processing file /home/airflow/.local/lib/python3.12/site-packages/airflow/example_dags/example_sensors.py for tasks to queue
[2026-06-19T16:38:53.316+0000] {logging_mixin.py:190} INFO - [2026-06-19T16:38:53.315+0000] {dagbag.py:588} INFO - Filling up the DagBag from /home/airflow/.local/lib/python3.12/site-packages/airflow/example_dags/example_sensors.py
[2026-06-19T16:38:53.334+0000] {processor.py:925} INFO - DAG(s) 'example_sensors' retrieved from /home/airflow/.local/lib/python3.12/site-packages/airflow/example_dags/example_sensors.py
[2026-06-19T16:38:53.366+0000] {logging_mixin.py:190} INFO - [2026-06-19T16:38:53.365+0000] {dag.py:3239} INFO - Sync 1 DAGs
[2026-06-19T16:38:53.387+0000] {logging_mixin.py:190} INFO - [2026-06-19T16:38:53.387+0000] {dag.py:4180} INFO - Setting next_dagrun for example_sensors to None, run_after=None
[2026-06-19T16:38:53.413+0000] {processor.py:208} INFO - Processing /home/airflow/.local/lib/python3.12/site-packages/airflow/example_dags/example_sensors.py took 0.112 seconds
[2026-06-19T16:39:27.350+0000] {processor.py:186} INFO - Started process (PID=177) to work on /home/airflow/.local/lib/python3.12/site-packages/airflow/example_dags/example_sensors.py
[2026-06-19T16:39:27.355+0000] {processor.py:914} INFO - Processing file /home/airflow/.local/lib/python3.12/site-packages/airflow/example_dags/example_sensors.py for tasks to queue
[2026-06-19T16:39:27.364+0000] {logging_mixin.py:190} INFO - [2026-06-19T16:39:27.363+0000] {dagbag.py:588} INFO - Filling up the DagBag from /home/airflow/.local/lib/python3.12/site-packages/airflow/example_dags/example_sensors.py
[2026-06-19T16:39:27.409+0000] {processor.py:925} INFO - DAG(s) 'example_sensors' retrieved from /home/airflow/.local/lib/python3.12/site-packages/airflow/example_dags/example_sensors.py
[2026-06-19T16:39:27.502+0000] {logging_mixin.py:190} INFO - [2026-06-19T16:39:27.499+0000] {dag.py:3239} INFO - Sync 1 DAGs
[2026-06-19T16:39:27.563+0000] {logging_mixin.py:190} INFO - [2026-06-19T16:39:27.562+0000] {dag.py:4180} INFO - Setting next_dagrun for example_sensors to None, run_after=None
[2026-06-19T16:39:27.646+0000] {processor.py:208} INFO - Processing /home/airflow/.local/lib/python3.12/site-packages/airflow/example_dags/example_sensors.py took 0.314 seconds
[2026-06-19T16:39:58.745+0000] {processor.py:186} INFO - Started process (PID=241) to work on /home/airflow/.local/lib/python3.12/site-packages/airflow/example_dags/example_sensors.py
[2026-06-19T16:39:58.749+0000] {processor.py:914} INFO - Processing file /home/airflow/.local/lib/python3.12/site-packages/airflow/example_dags/example_sensors.py for tasks to queue
[2026-06-19T16:39:58.762+0000] {logging_mixin.py:190} INFO - [2026-06-19T16:39:58.760+0000] {dagbag.py:588} INFO - Filling up the DagBag from /home/airflow/.local/lib/python3.12/site-packages/airflow/example_dags/example_sensors.py
[2026-06-19T16:39:58.793+0000] {processor.py:925} INFO - DAG(s) 'example_sensors' retrieved from /home/airflow/.local/lib/python3.12/site-packages/airflow/example_dags/example_sensors.py
[2026-06-19T16:39:58.845+0000] {logging_mixin.py:190} INFO - [2026-06-19T16:39:58.845+0000] {dag.py:3239} INFO - Sync 1 DAGs
[2026-06-19T16:39:58.878+0000] {logging_mixin.py:190} INFO - [2026-06-19T16:39:58.877+0000] {dag.py:4180} INFO - Setting next_dagrun for example_sensors to None, run_after=None
[2026-06-19T16:39:58.918+0000] {processor.py:208} INFO - Processing /home/airflow/.local/lib/python3.12/site-packages/airflow/example_dags/example_sensors.py took 0.191 seconds
[2026-06-19T16:42:23.088+0000] {processor.py:186} INFO - Started process (PID=124) to work on /home/airflow/.local/lib/python3.12/site-packages/airflow/example_dags/example_sensors.py
[2026-06-19T16:42:23.093+0000] {processor.py:914} INFO - Processing file /home/airflow/.local/lib/python3.12/site-packages/airflow/example_dags/example_sensors.py for tasks to queue
[2026-06-19T16:42:23.100+0000] {logging_mixin.py:190} INFO - [2026-06-19T16:42:23.099+0000] {dagbag.py:588} INFO - Filling up the DagBag from /home/airflow/.local/lib/python3.12/site-packages/airflow/example_dags/example_sensors.py
[2026-06-19T16:42:23.139+0000] {processor.py:925} INFO - DAG(s) 'example_sensors' retrieved from /home/airflow/.local/lib/python3.12/site-packages/airflow/example_dags/example_sensors.py
[2026-06-19T16:42:23.206+0000] {logging_mixin.py:190} INFO - [2026-06-19T16:42:23.206+0000] {dag.py:3239} INFO - Sync 1 DAGs
[2026-06-19T16:42:23.248+0000] {logging_mixin.py:190} INFO - [2026-06-19T16:42:23.247+0000] {dag.py:4180} INFO - Setting next_dagrun for example_sensors to None, run_after=None
[2026-06-19T16:42:23.298+0000] {processor.py:208} INFO - Processing /home/airflow/.local/lib/python3.12/site-packages/airflow/example_dags/example_sensors.py took 0.233 seconds
[2026-06-19T16:43:26.018+0000] {processor.py:186} INFO - Started process (PID=212) to work on /home/airflow/.local/lib/python3.12/site-packages/airflow/example_dags/example_sensors.py
[2026-06-19T16:43:26.033+0000] {processor.py:914} INFO - Processing file /home/airflow/.local/lib/python3.12/site-packages/airflow/example_dags/example_sensors.py for tasks to queue
[2026-06-19T16:43:26.065+0000] {logging_mixin.py:190} INFO - [2026-06-19T16:43:26.056+0000] {dagbag.py:588} INFO - Filling up the DagBag from /home/airflow/.local/lib/python3.12/site-packages/airflow/example_dags/example_sensors.py
[2026-06-19T16:43:26.241+0000] {processor.py:925} INFO - DAG(s) 'example_sensors' retrieved from /home/airflow/.local/lib/python3.12/site-packages/airflow/example_dags/example_sensors.py
[2026-06-19T16:43:26.518+0000] {logging_mixin.py:190} INFO - [2026-06-19T16:43:26.517+0000] {dag.py:3239} INFO - Sync 1 DAGs
[2026-06-19T16:43:26.625+0000] {logging_mixin.py:190} INFO - [2026-06-19T16:43:26.624+0000] {dag.py:4180} INFO - Setting next_dagrun for example_sensors to None, run_after=None
[2026-06-19T16:43:26.824+0000] {processor.py:208} INFO - Processing /home/airflow/.local/lib/python3.12/site-packages/airflow/example_dags/example_sensors.py took 0.891 seconds
[2026-06-19T16:44:04.831+0000] {processor.py:186} INFO - Started process (PID=282) to work on /home/airflow/.local/lib/python3.12/site-packages/airflow/example_dags/example_sensors.py
[2026-06-19T16:44:04.854+0000] {processor.py:914} INFO - Processing file /home/airflow/.local/lib/python3.12/site-packages/airflow/example_dags/example_sensors.py for tasks to queue
[2026-06-19T16:44:04.876+0000] {logging_mixin.py:190} INFO - [2026-06-19T16:44:04.874+0000] {dagbag.py:588} INFO - Filling up the DagBag from /home/airflow/.local/lib/python3.12/site-packages/airflow/example_dags/example_sensors.py
[2026-06-19T16:44:04.989+0000] {processor.py:925} INFO - DAG(s) 'example_sensors' retrieved from /home/airflow/.local/lib/python3.12/site-packages/airflow/example_dags/example_sensors.py
[2026-06-19T16:44:05.222+0000] {logging_mixin.py:190} INFO - [2026-06-19T16:44:05.212+0000] {dag.py:3239} INFO - Sync 1 DAGs
[2026-06-19T16:44:05.342+0000] {logging_mixin.py:190} INFO - [2026-06-19T16:44:05.341+0000] {dag.py:4180} INFO - Setting next_dagrun for example_sensors to None, run_after=None
[2026-06-19T16:44:05.558+0000] {processor.py:208} INFO - Processing /home/airflow/.local/lib/python3.12/site-packages/airflow/example_dags/example_sensors.py took 0.798 seconds
[2026-06-19T16:44:35.721+0000] {processor.py:186} INFO - Started process (PID=345) to work on /home/airflow/.local/lib/python3.12/site-packages/airflow/example_dags/example_sensors.py
[2026-06-19T16:44:35.725+0000] {processor.py:914} INFO - Processing file /home/airflow/.local/lib/python3.12/site-packages/airflow/example_dags/example_sensors.py for tasks to queue
[2026-06-19T16:44:35.732+0000] {logging_mixin.py:190} INFO - [2026-06-19T16:44:35.731+0000] {dagbag.py:588} INFO - Filling up the DagBag from /home/airflow/.local/lib/python3.12/site-packages/airflow/example_dags/example_sensors.py
[2026-06-19T16:44:35.765+0000] {processor.py:925} INFO - DAG(s) 'example_sensors' retrieved from /home/airflow/.local/lib/python3.12/site-packages/airflow/example_dags/example_sensors.py
[2026-06-19T16:44:35.846+0000] {logging_mixin.py:190} INFO - [2026-06-19T16:44:35.845+0000] {dag.py:3239} INFO - Sync 1 DAGs
[2026-06-19T16:44:35.890+0000] {logging_mixin.py:190} INFO - [2026-06-19T16:44:35.889+0000] {dag.py:4180} INFO - Setting next_dagrun for example_sensors to None, run_after=None
[2026-06-19T16:44:35.961+0000] {processor.py:208} INFO - Processing /home/airflow/.local/lib/python3.12/site-packages/airflow/example_dags/example_sensors.py took 0.256 seconds
[2026-06-19T16:45:11.423+0000] {processor.py:186} INFO - Started process (PID=411) to work on /home/airflow/.local/lib/python3.12/site-packages/airflow/example_dags/example_sensors.py
[2026-06-19T16:45:11.429+0000] {processor.py:914} INFO - Processing file /home/airflow/.local/lib/python3.12/site-packages/airflow/example_dags/example_sensors.py for tasks to queue
[2026-06-19T16:45:11.441+0000] {logging_mixin.py:190} INFO - [2026-06-19T16:45:11.439+0000] {dagbag.py:588} INFO - Filling up the DagBag from /home/airflow/.local/lib/python3.12/site-packages/airflow/example_dags/example_sensors.py
[2026-06-19T16:45:11.506+0000] {processor.py:925} INFO - DAG(s) 'example_sensors' retrieved from /home/airflow/.local/lib/python3.12/site-packages/airflow/example_dags/example_sensors.py
[2026-06-19T16:45:11.632+0000] {logging_mixin.py:190} INFO - [2026-06-19T16:45:11.631+0000] {dag.py:3239} INFO - Sync 1 DAGs
[2026-06-19T16:45:11.704+0000] {logging_mixin.py:190} INFO - [2026-06-19T16:45:11.703+0000] {dag.py:4180} INFO - Setting next_dagrun for example_sensors to None, run_after=None
[2026-06-19T16:45:11.781+0000] {processor.py:208} INFO - Processing /home/airflow/.local/lib/python3.12/site-packages/airflow/example_dags/example_sensors.py took 0.384 seconds
[2026-06-19T16:45:42.636+0000] {processor.py:186} INFO - Started process (PID=474) to work on /home/airflow/.local/lib/python3.12/site-packages/airflow/example_dags/example_sensors.py
[2026-06-19T16:45:42.645+0000] {processor.py:914} INFO - Processing file /home/airflow/.local/lib/python3.12/site-packages/airflow/example_dags/example_sensors.py for tasks to queue
[2026-06-19T16:45:42.659+0000] {logging_mixin.py:190} INFO - [2026-06-19T16:45:42.654+0000] {dagbag.py:588} INFO - Filling up the DagBag from /home/airflow/.local/lib/python3.12/site-packages/airflow/example_dags/example_sensors.py
[2026-06-19T16:45:42.704+0000] {processor.py:925} INFO - DAG(s) 'example_sensors' retrieved from /home/airflow/.local/lib/python3.12/site-packages/airflow/example_dags/example_sensors.py
[2026-06-19T16:45:42.768+0000] {logging_mixin.py:190} INFO - [2026-06-19T16:45:42.767+0000] {dag.py:3239} INFO - Sync 1 DAGs
[2026-06-19T16:45:42.798+0000] {logging_mixin.py:190} INFO - [2026-06-19T16:45:42.797+0000] {dag.py:4180} INFO - Setting next_dagrun for example_sensors to None, run_after=None
[2026-06-19T16:45:42.887+0000] {processor.py:208} INFO - Processing /home/airflow/.local/lib/python3.12/site-packages/airflow/example_dags/example_sensors.py took 0.271 seconds
[2026-06-19T16:46:14.793+0000] {processor.py:186} INFO - Started process (PID=538) to work on /home/airflow/.local/lib/python3.12/site-packages/airflow/example_dags/example_sensors.py
[2026-06-19T16:46:14.800+0000] {processor.py:914} INFO - Processing file /home/airflow/.local/lib/python3.12/site-packages/airflow/example_dags/example_sensors.py for tasks to queue
[2026-06-19T16:46:14.822+0000] {logging_mixin.py:190} INFO - [2026-06-19T16:46:14.821+0000] {dagbag.py:588} INFO - Filling up the DagBag from /home/airflow/.local/lib/python3.12/site-packages/airflow/example_dags/example_sensors.py
[2026-06-19T16:46:14.916+0000] {processor.py:925} INFO - DAG(s) 'example_sensors' retrieved from /home/airflow/.local/lib/python3.12/site-packages/airflow/example_dags/example_sensors.py
[2026-06-19T16:46:15.064+0000] {logging_mixin.py:190} INFO - [2026-06-19T16:46:15.063+0000] {dag.py:3239} INFO - Sync 1 DAGs
[2026-06-19T16:46:15.168+0000] {logging_mixin.py:190} INFO - [2026-06-19T16:46:15.168+0000] {dag.py:4180} INFO - Setting next_dagrun for example_sensors to None, run_after=None
[2026-06-19T16:46:15.234+0000] {processor.py:208} INFO - Processing /home/airflow/.local/lib/python3.12/site-packages/airflow/example_dags/example_sensors.py took 0.483 seconds
[2026-06-19T16:46:45.659+0000] {processor.py:186} INFO - Started process (PID=601) to work on /home/airflow/.local/lib/python3.12/site-packages/airflow/example_dags/example_sensors.py
[2026-06-19T16:46:45.663+0000] {processor.py:914} INFO - Processing file /home/airflow/.local/lib/python3.12/site-packages/airflow/example_dags/example_sensors.py for tasks to queue
[2026-06-19T16:46:45.671+0000] {logging_mixin.py:190} INFO - [2026-06-19T16:46:45.670+0000] {dagbag.py:588} INFO - Filling up the DagBag from /home/airflow/.local/lib/python3.12/site-packages/airflow/example_dags/example_sensors.py
[2026-06-19T16:46:45.703+0000] {processor.py:925} INFO - DAG(s) 'example_sensors' retrieved from /home/airflow/.local/lib/python3.12/site-packages/airflow/example_dags/example_sensors.py
[2026-06-19T16:46:45.774+0000] {logging_mixin.py:190} INFO - [2026-06-19T16:46:45.773+0000] {dag.py:3239} INFO - Sync 1 DAGs
[2026-06-19T16:46:45.811+0000] {logging_mixin.py:190} INFO - [2026-06-19T16:46:45.810+0000] {dag.py:4180} INFO - Setting next_dagrun for example_sensors to None, run_after=None
[2026-06-19T16:46:45.858+0000] {processor.py:208} INFO - Processing /home/airflow/.local/lib/python3.12/site-packages/airflow/example_dags/example_sensors.py took 0.215 seconds
[2026-06-19T16:47:16.261+0000] {processor.py:186} INFO - Started process (PID=665) to work on /home/airflow/.local/lib/python3.12/site-packages/airflow/example_dags/example_sensors.py
[2026-06-19T16:47:16.264+0000] {processor.py:914} INFO - Processing file /home/airflow/.local/lib/python3.12/site-packages/airflow/example_dags/example_sensors.py for tasks to queue
[2026-06-19T16:47:16.269+0000] {logging_mixin.py:190} INFO - [2026-06-19T16:47:16.269+0000] {dagbag.py:588} INFO - Filling up the DagBag from /home/airflow/.local/lib/python3.12/site-packages/airflow/example_dags/example_sensors.py
[2026-06-19T16:47:16.294+0000] {processor.py:925} INFO - DAG(s) 'example_sensors' retrieved from /home/airflow/.local/lib/python3.12/site-packages/airflow/example_dags/example_sensors.py
[2026-06-19T16:47:16.357+0000] {logging_mixin.py:190} INFO - [2026-06-19T16:47:16.356+0000] {dag.py:3239} INFO - Sync 1 DAGs
[2026-06-19T16:47:16.412+0000] {logging_mixin.py:190} INFO - [2026-06-19T16:47:16.411+0000] {dag.py:4180} INFO - Setting next_dagrun for example_sensors to None, run_after=None
[2026-06-19T16:47:16.478+0000] {processor.py:208} INFO - Processing /home/airflow/.local/lib/python3.12/site-packages/airflow/example_dags/example_sensors.py took 0.228 seconds
[2026-06-19T16:47:46.817+0000] {processor.py:186} INFO - Started process (PID=729) to work on /home/airflow/.local/lib/python3.12/site-packages/airflow/example_dags/example_sensors.py
[2026-06-19T16:47:46.822+0000] {processor.py:914} INFO - Processing file /home/airflow/.local/lib/python3.12/site-packages/airflow/example_dags/example_sensors.py for tasks to queue
[2026-06-19T16:47:46.830+0000] {logging_mixin.py:190} INFO - [2026-06-19T16:47:46.829+0000] {dagbag.py:588} INFO - Filling up the DagBag from /home/airflow/.local/lib/python3.12/site-packages/airflow/example_dags/example_sensors.py
[2026-06-19T16:47:46.870+0000] {processor.py:925} INFO - DAG(s) 'example_sensors' retrieved from /home/airflow/.local/lib/python3.12/site-packages/airflow/example_dags/example_sensors.py
[2026-06-19T16:47:46.947+0000] {logging_mixin.py:190} INFO - [2026-06-19T16:47:46.946+0000] {dag.py:3239} INFO - Sync 1 DAGs
[2026-06-19T16:47:46.990+0000] {logging_mixin.py:190} INFO - [2026-06-19T16:47:46.989+0000] {dag.py:4180} INFO - Setting next_dagrun for example_sensors to None, run_after=None
[2026-06-19T16:47:47.042+0000] {processor.py:208} INFO - Processing /home/airflow/.local/lib/python3.12/site-packages/airflow/example_dags/example_sensors.py took 0.242 seconds
[2026-06-19T16:48:19.440+0000] {processor.py:186} INFO - Started process (PID=794) to work on /home/airflow/.local/lib/python3.12/site-packages/airflow/example_dags/example_sensors.py
[2026-06-19T16:48:19.447+0000] {processor.py:914} INFO - Processing file /home/airflow/.local/lib/python3.12/site-packages/airflow/example_dags/example_sensors.py for tasks to queue
[2026-06-19T16:48:19.457+0000] {logging_mixin.py:190} INFO - [2026-06-19T16:48:19.455+0000] {dagbag.py:588} INFO - Filling up the DagBag from /home/airflow/.local/lib/python3.12/site-packages/airflow/example_dags/example_sensors.py
[2026-06-19T16:48:19.500+0000] {processor.py:925} INFO - DAG(s) 'example_sensors' retrieved from /home/airflow/.local/lib/python3.12/site-packages/airflow/example_dags/example_sensors.py
[2026-06-19T16:48:19.608+0000] {logging_mixin.py:190} INFO - [2026-06-19T16:48:19.607+0000] {dag.py:3239} INFO - Sync 1 DAGs
[2026-06-19T16:48:19.670+0000] {logging_mixin.py:190} INFO - [2026-06-19T16:48:19.670+0000] {dag.py:4180} INFO - Setting next_dagrun for example_sensors to None, run_after=None
[2026-06-19T16:48:19.731+0000] {processor.py:208} INFO - Processing /home/airflow/.local/lib/python3.12/site-packages/airflow/example_dags/example_sensors.py took 0.313 seconds
[2026-06-19T16:48:53.011+0000] {processor.py:186} INFO - Started process (PID=861) to work on /home/airflow/.local/lib/python3.12/site-packages/airflow/example_dags/example_sensors.py
[2026-06-19T16:48:53.028+0000] {processor.py:914} INFO - Processing file /home/airflow/.local/lib/python3.12/site-packages/airflow/example_dags/example_sensors.py for tasks to queue
[2026-06-19T16:48:53.040+0000] {logging_mixin.py:190} INFO - [2026-06-19T16:48:53.039+0000] {dagbag.py:588} INFO - Filling up the DagBag from /home/airflow/.local/lib/python3.12/site-packages/airflow/example_dags/example_sensors.py
[2026-06-19T16:48:53.084+0000] {processor.py:925} INFO - DAG(s) 'example_sensors' retrieved from /home/airflow/.local/lib/python3.12/site-packages/airflow/example_dags/example_sensors.py
[2026-06-19T16:48:53.154+0000] {logging_mixin.py:190} INFO - [2026-06-19T16:48:53.153+0000] {dag.py:3239} INFO - Sync 1 DAGs
[2026-06-19T16:48:53.194+0000] {logging_mixin.py:190} INFO - [2026-06-19T16:48:53.193+0000] {dag.py:4180} INFO - Setting next_dagrun for example_sensors to None, run_after=None
[2026-06-19T16:48:53.279+0000] {processor.py:208} INFO - Processing /home/airflow/.local/lib/python3.12/site-packages/airflow/example_dags/example_sensors.py took 0.364 seconds
[2026-06-19T16:49:23.800+0000] {processor.py:186} INFO - Started process (PID=926) to work on /home/airflow/.local/lib/python3.12/site-packages/airflow/example_dags/example_sensors.py
[2026-06-19T16:49:23.803+0000] {processor.py:914} INFO - Processing file /home/airflow/.local/lib/python3.12/site-packages/airflow/example_dags/example_sensors.py for tasks to queue
[2026-06-19T16:49:23.812+0000] {logging_mixin.py:190} INFO - [2026-06-19T16:49:23.810+0000] {dagbag.py:588} INFO - Filling up the DagBag from /home/airflow/.local/lib/python3.12/site-packages/airflow/example_dags/example_sensors.py
[2026-06-19T16:49:23.848+0000] {processor.py:925} INFO - DAG(s) 'example_sensors' retrieved from /home/airflow/.local/lib/python3.12/site-packages/airflow/example_dags/example_sensors.py
[2026-06-19T16:49:23.918+0000] {logging_mixin.py:190} INFO - [2026-06-19T16:49:23.917+0000] {dag.py:3239} INFO - Sync 1 DAGs
[2026-06-19T16:49:23.961+0000] {logging_mixin.py:190} INFO - [2026-06-19T16:49:23.960+0000] {dag.py:4180} INFO - Setting next_dagrun for example_sensors to None, run_after=None
[2026-06-19T16:49:24.019+0000] {processor.py:208} INFO - Processing /home/airflow/.local/lib/python3.12/site-packages/airflow/example_dags/example_sensors.py took 0.238 seconds
[2026-06-19T16:49:56.353+0000] {processor.py:186} INFO - Started process (PID=989) to work on /home/airflow/.local/lib/python3.12/site-packages/airflow/example_dags/example_sensors.py
[2026-06-19T16:49:56.361+0000] {processor.py:914} INFO - Processing file /home/airflow/.local/lib/python3.12/site-packages/airflow/example_dags/example_sensors.py for tasks to queue
[2026-06-19T16:49:56.374+0000] {logging_mixin.py:190} INFO - [2026-06-19T16:49:56.373+0000] {dagbag.py:588} INFO - Filling up the DagBag from /home/airflow/.local/lib/python3.12/site-packages/airflow/example_dags/example_sensors.py
[2026-06-19T16:49:56.413+0000] {processor.py:925} INFO - DAG(s) 'example_sensors' retrieved from /home/airflow/.local/lib/python3.12/site-packages/airflow/example_dags/example_sensors.py
[2026-06-19T16:49:56.517+0000] {logging_mixin.py:190} INFO - [2026-06-19T16:49:56.510+0000] {dag.py:3239} INFO - Sync 1 DAGs
[2026-06-19T16:49:56.568+0000] {logging_mixin.py:190} INFO - [2026-06-19T16:49:56.567+0000] {dag.py:4180} INFO - Setting next_dagrun for example_sensors to None, run_after=None
[2026-06-19T16:49:56.675+0000] {processor.py:208} INFO - Processing /home/airflow/.local/lib/python3.12/site-packages/airflow/example_dags/example_sensors.py took 0.340 seconds
[2026-06-19T16:50:27.699+0000] {processor.py:186} INFO - Started process (PID=1053) to work on /home/airflow/.local/lib/python3.12/site-packages/airflow/example_dags/example_sensors.py
[2026-06-19T16:50:27.704+0000] {processor.py:914} INFO - Processing file /home/airflow/.local/lib/python3.12/site-packages/airflow/example_dags/example_sensors.py for tasks to queue
[2026-06-19T16:50:27.717+0000] {logging_mixin.py:190} INFO - [2026-06-19T16:50:27.715+0000] {dagbag.py:588} INFO - Filling up the DagBag from /home/airflow/.local/lib/python3.12/site-packages/airflow/example_dags/example_sensors.py
[2026-06-19T16:50:27.764+0000] {processor.py:925} INFO - DAG(s) 'example_sensors' retrieved from /home/airflow/.local/lib/python3.12/site-packages/airflow/example_dags/example_sensors.py
[2026-06-19T16:50:27.868+0000] {logging_mixin.py:190} INFO - [2026-06-19T16:50:27.868+0000] {dag.py:3239} INFO - Sync 1 DAGs
[2026-06-19T16:50:27.933+0000] {logging_mixin.py:190} INFO - [2026-06-19T16:50:27.932+0000] {dag.py:4180} INFO - Setting next_dagrun for example_sensors to None, run_after=None
[2026-06-19T16:50:28.001+0000] {processor.py:208} INFO - Processing /home/airflow/.local/lib/python3.12/site-packages/airflow/example_dags/example_sensors.py took 0.338 seconds
[2026-06-19T16:50:58.399+0000] {processor.py:186} INFO - Started process (PID=1117) to work on /home/airflow/.local/lib/python3.12/site-packages/airflow/example_dags/example_sensors.py
[2026-06-19T16:50:58.406+0000] {processor.py:914} INFO - Processing file /home/airflow/.local/lib/python3.12/site-packages/airflow/example_dags/example_sensors.py for tasks to queue
[2026-06-19T16:50:58.417+0000] {logging_mixin.py:190} INFO - [2026-06-19T16:50:58.416+0000] {dagbag.py:588} INFO - Filling up the DagBag from /home/airflow/.local/lib/python3.12/site-packages/airflow/example_dags/example_sensors.py
[2026-06-19T16:50:58.455+0000] {processor.py:925} INFO - DAG(s) 'example_sensors' retrieved from /home/airflow/.local/lib/python3.12/site-packages/airflow/example_dags/example_sensors.py
[2026-06-19T16:50:58.530+0000] {logging_mixin.py:190} INFO - [2026-06-19T16:50:58.529+0000] {dag.py:3239} INFO - Sync 1 DAGs
[2026-06-19T16:50:58.572+0000] {logging_mixin.py:190} INFO - [2026-06-19T16:50:58.572+0000] {dag.py:4180} INFO - Setting next_dagrun for example_sensors to None, run_after=None
[2026-06-19T16:50:58.627+0000] {processor.py:208} INFO - Processing /home/airflow/.local/lib/python3.12/site-packages/airflow/example_dags/example_sensors.py took 0.247 seconds
[2026-06-19T16:51:30.145+0000] {processor.py:186} INFO - Started process (PID=1181) to work on /home/airflow/.local/lib/python3.12/site-packages/airflow/example_dags/example_sensors.py
[2026-06-19T16:51:30.149+0000] {processor.py:914} INFO - Processing file /home/airflow/.local/lib/python3.12/site-packages/airflow/example_dags/example_sensors.py for tasks to queue
[2026-06-19T16:51:30.160+0000] {logging_mixin.py:190} INFO - [2026-06-19T16:51:30.159+0000] {dagbag.py:588} INFO - Filling up the DagBag from /home/airflow/.local/lib/python3.12/site-packages/airflow/example_dags/example_sensors.py
[2026-06-19T16:51:30.193+0000] {processor.py:925} INFO - DAG(s) 'example_sensors' retrieved from /home/airflow/.local/lib/python3.12/site-packages/airflow/example_dags/example_sensors.py
[2026-06-19T16:51:30.295+0000] {logging_mixin.py:190} INFO - [2026-06-19T16:51:30.294+0000] {dag.py:3239} INFO - Sync 1 DAGs
[2026-06-19T16:51:30.400+0000] {logging_mixin.py:190} INFO - [2026-06-19T16:51:30.399+0000] {dag.py:4180} INFO - Setting next_dagrun for example_sensors to None, run_after=None
[2026-06-19T16:51:30.664+0000] {processor.py:208} INFO - Processing /home/airflow/.local/lib/python3.12/site-packages/airflow/example_dags/example_sensors.py took 0.539 seconds
[2026-06-19T16:52:02.063+0000] {processor.py:186} INFO - Started process (PID=1251) to work on /home/airflow/.local/lib/python3.12/site-packages/airflow/example_dags/example_sensors.py
[2026-06-19T16:52:02.068+0000] {processor.py:914} INFO - Processing file /home/airflow/.local/lib/python3.12/site-packages/airflow/example_dags/example_sensors.py for tasks to queue
[2026-06-19T16:52:02.078+0000] {logging_mixin.py:190} INFO - [2026-06-19T16:52:02.077+0000] {dagbag.py:588} INFO - Filling up the DagBag from /home/airflow/.local/lib/python3.12/site-packages/airflow/example_dags/example_sensors.py
[2026-06-19T16:52:02.120+0000] {processor.py:925} INFO - DAG(s) 'example_sensors' retrieved from /home/airflow/.local/lib/python3.12/site-packages/airflow/example_dags/example_sensors.py
[2026-06-19T16:52:02.207+0000] {logging_mixin.py:190} INFO - [2026-06-19T16:52:02.206+0000] {dag.py:3239} INFO - Sync 1 DAGs
[2026-06-19T16:52:02.359+0000] {logging_mixin.py:190} INFO - [2026-06-19T16:52:02.358+0000] {dag.py:4180} INFO - Setting next_dagrun for example_sensors to None, run_after=None
[2026-06-19T16:52:02.424+0000] {processor.py:208} INFO - Processing /home/airflow/.local/lib/python3.12/site-packages/airflow/example_dags/example_sensors.py took 0.383 seconds
[2026-06-19T16:52:33.105+0000] {processor.py:186} INFO - Started process (PID=1315) to work on /home/airflow/.local/lib/python3.12/site-packages/airflow/example_dags/example_sensors.py
[2026-06-19T16:52:33.119+0000] {processor.py:914} INFO - Processing file /home/airflow/.local/lib/python3.12/site-packages/airflow/example_dags/example_sensors.py for tasks to queue
[2026-06-19T16:52:33.130+0000] {logging_mixin.py:190} INFO - [2026-06-19T16:52:33.129+0000] {dagbag.py:588} INFO - Filling up the DagBag from /home/airflow/.local/lib/python3.12/site-packages/airflow/example_dags/example_sensors.py
[2026-06-19T16:52:33.204+0000] {processor.py:925} INFO - DAG(s) 'example_sensors' retrieved from /home/airflow/.local/lib/python3.12/site-packages/airflow/example_dags/example_sensors.py
[2026-06-19T16:52:33.289+0000] {logging_mixin.py:190} INFO - [2026-06-19T16:52:33.288+0000] {dag.py:3239} INFO - Sync 1 DAGs
[2026-06-19T16:52:33.363+0000] {logging_mixin.py:190} INFO - [2026-06-19T16:52:33.361+0000] {dag.py:4180} INFO - Setting next_dagrun for example_sensors to None, run_after=None
[2026-06-19T16:52:33.496+0000] {processor.py:208} INFO - Processing /home/airflow/.local/lib/python3.12/site-packages/airflow/example_dags/example_sensors.py took 0.426 seconds
[2026-06-19T16:53:03.780+0000] {processor.py:186} INFO - Started process (PID=1378) to work on /home/airflow/.local/lib/python3.12/site-packages/airflow/example_dags/example_sensors.py
[2026-06-19T16:53:03.784+0000] {processor.py:914} INFO - Processing file /home/airflow/.local/lib/python3.12/site-packages/airflow/example_dags/example_sensors.py for tasks to queue
[2026-06-19T16:53:03.795+0000] {logging_mixin.py:190} INFO - [2026-06-19T16:53:03.794+0000] {dagbag.py:588} INFO - Filling up the DagBag from /home/airflow/.local/lib/python3.12/site-packages/airflow/example_dags/example_sensors.py
[2026-06-19T16:53:03.823+0000] {processor.py:925} INFO - DAG(s) 'example_sensors' retrieved from /home/airflow/.local/lib/python3.12/site-packages/airflow/example_dags/example_sensors.py
[2026-06-19T16:53:03.922+0000] {logging_mixin.py:190} INFO - [2026-06-19T16:53:03.921+0000] {dag.py:3239} INFO - Sync 1 DAGs
[2026-06-19T16:53:04.005+0000] {logging_mixin.py:190} INFO - [2026-06-19T16:53:04.004+0000] {dag.py:4180} INFO - Setting next_dagrun for example_sensors to None, run_after=None
[2026-06-19T16:53:04.078+0000] {processor.py:208} INFO - Processing /home/airflow/.local/lib/python3.12/site-packages/airflow/example_dags/example_sensors.py took 0.318 seconds
[2026-06-19T16:53:35.780+0000] {processor.py:186} INFO - Started process (PID=1442) to work on /home/airflow/.local/lib/python3.12/site-packages/airflow/example_dags/example_sensors.py
[2026-06-19T16:53:35.970+0000] {processor.py:914} INFO - Processing file /home/airflow/.local/lib/python3.12/site-packages/airflow/example_dags/example_sensors.py for tasks to queue
[2026-06-19T16:53:36.104+0000] {logging_mixin.py:190} INFO - [2026-06-19T16:53:36.103+0000] {dagbag.py:588} INFO - Filling up the DagBag from /home/airflow/.local/lib/python3.12/site-packages/airflow/example_dags/example_sensors.py
[2026-06-19T16:53:36.243+0000] {processor.py:925} INFO - DAG(s) 'example_sensors' retrieved from /home/airflow/.local/lib/python3.12/site-packages/airflow/example_dags/example_sensors.py
[2026-06-19T16:53:36.472+0000] {logging_mixin.py:190} INFO - [2026-06-19T16:53:36.471+0000] {dag.py:3239} INFO - Sync 1 DAGs
[2026-06-19T16:53:36.568+0000] {logging_mixin.py:190} INFO - [2026-06-19T16:53:36.567+0000] {dag.py:4180} INFO - Setting next_dagrun for example_sensors to None, run_after=None
[2026-06-19T16:53:36.683+0000] {processor.py:208} INFO - Processing /home/airflow/.local/lib/python3.12/site-packages/airflow/example_dags/example_sensors.py took 0.970 seconds
[2026-06-19T16:54:07.941+0000] {processor.py:186} INFO - Started process (PID=1506) to work on /home/airflow/.local/lib/python3.12/site-packages/airflow/example_dags/example_sensors.py
[2026-06-19T16:54:07.948+0000] {processor.py:914} INFO - Processing file /home/airflow/.local/lib/python3.12/site-packages/airflow/example_dags/example_sensors.py for tasks to queue
[2026-06-19T16:54:07.967+0000] {logging_mixin.py:190} INFO - [2026-06-19T16:54:07.966+0000] {dagbag.py:588} INFO - Filling up the DagBag from /home/airflow/.local/lib/python3.12/site-packages/airflow/example_dags/example_sensors.py
[2026-06-19T16:54:08.026+0000] {processor.py:925} INFO - DAG(s) 'example_sensors' retrieved from /home/airflow/.local/lib/python3.12/site-packages/airflow/example_dags/example_sensors.py
[2026-06-19T16:54:08.155+0000] {logging_mixin.py:190} INFO - [2026-06-19T16:54:08.145+0000] {dag.py:3239} INFO - Sync 1 DAGs
[2026-06-19T16:54:08.220+0000] {logging_mixin.py:190} INFO - [2026-06-19T16:54:08.220+0000] {dag.py:4180} INFO - Setting next_dagrun for example_sensors to None, run_after=None
[2026-06-19T16:54:08.320+0000] {processor.py:208} INFO - Processing /home/airflow/.local/lib/python3.12/site-packages/airflow/example_dags/example_sensors.py took 0.424 seconds
[2026-06-19T16:54:38.605+0000] {processor.py:186} INFO - Started process (PID=1570) to work on /home/airflow/.local/lib/python3.12/site-packages/airflow/example_dags/example_sensors.py
[2026-06-19T16:54:38.608+0000] {processor.py:914} INFO - Processing file /home/airflow/.local/lib/python3.12/site-packages/airflow/example_dags/example_sensors.py for tasks to queue
[2026-06-19T16:54:38.617+0000] {logging_mixin.py:190} INFO - [2026-06-19T16:54:38.616+0000] {dagbag.py:588} INFO - Filling up the DagBag from /home/airflow/.local/lib/python3.12/site-packages/airflow/example_dags/example_sensors.py
[2026-06-19T16:54:38.659+0000] {processor.py:925} INFO - DAG(s) 'example_sensors' retrieved from /home/airflow/.local/lib/python3.12/site-packages/airflow/example_dags/example_sensors.py
[2026-06-19T16:54:38.754+0000] {logging_mixin.py:190} INFO - [2026-06-19T16:54:38.753+0000] {dag.py:3239} INFO - Sync 1 DAGs
[2026-06-19T16:54:38.813+0000] {logging_mixin.py:190} INFO - [2026-06-19T16:54:38.812+0000] {dag.py:4180} INFO - Setting next_dagrun for example_sensors to None, run_after=None
[2026-06-19T16:54:38.867+0000] {processor.py:208} INFO - Processing /home/airflow/.local/lib/python3.12/site-packages/airflow/example_dags/example_sensors.py took 0.282 seconds
[2026-06-19T16:55:09.592+0000] {processor.py:186} INFO - Started process (PID=1634) to work on /home/airflow/.local/lib/python3.12/site-packages/airflow/example_dags/example_sensors.py
[2026-06-19T16:55:09.597+0000] {processor.py:914} INFO - Processing file /home/airflow/.local/lib/python3.12/site-packages/airflow/example_dags/example_sensors.py for tasks to queue
[2026-06-19T16:55:09.610+0000] {logging_mixin.py:190} INFO - [2026-06-19T16:55:09.609+0000] {dagbag.py:588} INFO - Filling up the DagBag from /home/airflow/.local/lib/python3.12/site-packages/airflow/example_dags/example_sensors.py
[2026-06-19T16:55:09.650+0000] {processor.py:925} INFO - DAG(s) 'example_sensors' retrieved from /home/airflow/.local/lib/python3.12/site-packages/airflow/example_dags/example_sensors.py
[2026-06-19T16:55:09.873+0000] {logging_mixin.py:190} INFO - [2026-06-19T16:55:09.872+0000] {dag.py:3239} INFO - Sync 1 DAGs
[2026-06-19T16:55:09.987+0000] {logging_mixin.py:190} INFO - [2026-06-19T16:55:09.987+0000] {dag.py:4180} INFO - Setting next_dagrun for example_sensors to None, run_after=None
[2026-06-19T16:55:10.100+0000] {processor.py:208} INFO - Processing /home/airflow/.local/lib/python3.12/site-packages/airflow/example_dags/example_sensors.py took 0.529 seconds
[2026-06-19T16:55:40.371+0000] {processor.py:186} INFO - Started process (PID=1697) to work on /home/airflow/.local/lib/python3.12/site-packages/airflow/example_dags/example_sensors.py
[2026-06-19T16:55:40.383+0000] {processor.py:914} INFO - Processing file /home/airflow/.local/lib/python3.12/site-packages/airflow/example_dags/example_sensors.py for tasks to queue
[2026-06-19T16:55:40.393+0000] {logging_mixin.py:190} INFO - [2026-06-19T16:55:40.392+0000] {dagbag.py:588} INFO - Filling up the DagBag from /home/airflow/.local/lib/python3.12/site-packages/airflow/example_dags/example_sensors.py
[2026-06-19T16:55:40.462+0000] {processor.py:925} INFO - DAG(s) 'example_sensors' retrieved from /home/airflow/.local/lib/python3.12/site-packages/airflow/example_dags/example_sensors.py
[2026-06-19T16:55:40.554+0000] {logging_mixin.py:190} INFO - [2026-06-19T16:55:40.553+0000] {dag.py:3239} INFO - Sync 1 DAGs
[2026-06-19T16:55:40.602+0000] {logging_mixin.py:190} INFO - [2026-06-19T16:55:40.601+0000] {dag.py:4180} INFO - Setting next_dagrun for example_sensors to None, run_after=None
[2026-06-19T16:55:40.654+0000] {processor.py:208} INFO - Processing /home/airflow/.local/lib/python3.12/site-packages/airflow/example_dags/example_sensors.py took 0.309 seconds
[2026-06-19T16:56:11.034+0000] {processor.py:186} INFO - Started process (PID=1761) to work on /home/airflow/.local/lib/python3.12/site-packages/airflow/example_dags/example_sensors.py
[2026-06-19T16:56:11.039+0000] {processor.py:914} INFO - Processing file /home/airflow/.local/lib/python3.12/site-packages/airflow/example_dags/example_sensors.py for tasks to queue
[2026-06-19T16:56:11.046+0000] {logging_mixin.py:190} INFO - [2026-06-19T16:56:11.045+0000] {dagbag.py:588} INFO - Filling up the DagBag from /home/airflow/.local/lib/python3.12/site-packages/airflow/example_dags/example_sensors.py
[2026-06-19T16:56:11.072+0000] {processor.py:925} INFO - DAG(s) 'example_sensors' retrieved from /home/airflow/.local/lib/python3.12/site-packages/airflow/example_dags/example_sensors.py
[2026-06-19T16:56:11.136+0000] {logging_mixin.py:190} INFO - [2026-06-19T16:56:11.136+0000] {dag.py:3239} INFO - Sync 1 DAGs
[2026-06-19T16:56:11.171+0000] {logging_mixin.py:190} INFO - [2026-06-19T16:56:11.170+0000] {dag.py:4180} INFO - Setting next_dagrun for example_sensors to None, run_after=None
[2026-06-19T16:56:11.219+0000] {processor.py:208} INFO - Processing /home/airflow/.local/lib/python3.12/site-packages/airflow/example_dags/example_sensors.py took 0.199 seconds
[2026-06-19T16:56:41.491+0000] {processor.py:186} INFO - Started process (PID=1825) to work on /home/airflow/.local/lib/python3.12/site-packages/airflow/example_dags/example_sensors.py
[2026-06-19T16:56:41.494+0000] {processor.py:914} INFO - Processing file /home/airflow/.local/lib/python3.12/site-packages/airflow/example_dags/example_sensors.py for tasks to queue
[2026-06-19T16:56:41.499+0000] {logging_mixin.py:190} INFO - [2026-06-19T16:56:41.499+0000] {dagbag.py:588} INFO - Filling up the DagBag from /home/airflow/.local/lib/python3.12/site-packages/airflow/example_dags/example_sensors.py
[2026-06-19T16:56:41.516+0000] {processor.py:925} INFO - DAG(s) 'example_sensors' retrieved from /home/airflow/.local/lib/python3.12/site-packages/airflow/example_dags/example_sensors.py
[2026-06-19T16:56:41.557+0000] {logging_mixin.py:190} INFO - [2026-06-19T16:56:41.557+0000] {dag.py:3239} INFO - Sync 1 DAGs
[2026-06-19T16:56:41.583+0000] {logging_mixin.py:190} INFO - [2026-06-19T16:56:41.583+0000] {dag.py:4180} INFO - Setting next_dagrun for example_sensors to None, run_after=None
[2026-06-19T16:56:41.615+0000] {processor.py:208} INFO - Processing /home/airflow/.local/lib/python3.12/site-packages/airflow/example_dags/example_sensors.py took 0.135 seconds
[2026-06-19T16:57:12.573+0000] {processor.py:186} INFO - Started process (PID=1889) to work on /home/airflow/.local/lib/python3.12/site-packages/airflow/example_dags/example_sensors.py
[2026-06-19T16:57:12.580+0000] {processor.py:914} INFO - Processing file /home/airflow/.local/lib/python3.12/site-packages/airflow/example_dags/example_sensors.py for tasks to queue
[2026-06-19T16:57:12.589+0000] {logging_mixin.py:190} INFO - [2026-06-19T16:57:12.588+0000] {dagbag.py:588} INFO - Filling up the DagBag from /home/airflow/.local/lib/python3.12/site-packages/airflow/example_dags/example_sensors.py
[2026-06-19T16:57:12.627+0000] {processor.py:925} INFO - DAG(s) 'example_sensors' retrieved from /home/airflow/.local/lib/python3.12/site-packages/airflow/example_dags/example_sensors.py
[2026-06-19T16:57:12.718+0000] {logging_mixin.py:190} INFO - [2026-06-19T16:57:12.717+0000] {dag.py:3239} INFO - Sync 1 DAGs
[2026-06-19T16:57:12.773+0000] {logging_mixin.py:190} INFO - [2026-06-19T16:57:12.773+0000] {dag.py:4180} INFO - Setting next_dagrun for example_sensors to None, run_after=None
[2026-06-19T16:57:12.849+0000] {processor.py:208} INFO - Processing /home/airflow/.local/lib/python3.12/site-packages/airflow/example_dags/example_sensors.py took 0.296 seconds
[2026-06-19T16:57:43.393+0000] {processor.py:186} INFO - Started process (PID=1952) to work on /home/airflow/.local/lib/python3.12/site-packages/airflow/example_dags/example_sensors.py
[2026-06-19T16:57:43.395+0000] {processor.py:914} INFO - Processing file /home/airflow/.local/lib/python3.12/site-packages/airflow/example_dags/example_sensors.py for tasks to queue
[2026-06-19T16:57:43.399+0000] {logging_mixin.py:190} INFO - [2026-06-19T16:57:43.398+0000] {dagbag.py:588} INFO - Filling up the DagBag from /home/airflow/.local/lib/python3.12/site-packages/airflow/example_dags/example_sensors.py
[2026-06-19T16:57:43.413+0000] {processor.py:925} INFO - DAG(s) 'example_sensors' retrieved from /home/airflow/.local/lib/python3.12/site-packages/airflow/example_dags/example_sensors.py
[2026-06-19T16:57:43.440+0000] {logging_mixin.py:190} INFO - [2026-06-19T16:57:43.439+0000] {dag.py:3239} INFO - Sync 1 DAGs
[2026-06-19T16:57:43.456+0000] {logging_mixin.py:190} INFO - [2026-06-19T16:57:43.456+0000] {dag.py:4180} INFO - Setting next_dagrun for example_sensors to None, run_after=None
[2026-06-19T16:57:43.481+0000] {processor.py:208} INFO - Processing /home/airflow/.local/lib/python3.12/site-packages/airflow/example_dags/example_sensors.py took 0.093 seconds
[2026-06-19T16:58:14.359+0000] {processor.py:186} INFO - Started process (PID=2017) to work on /home/airflow/.local/lib/python3.12/site-packages/airflow/example_dags/example_sensors.py
[2026-06-19T16:58:14.361+0000] {processor.py:914} INFO - Processing file /home/airflow/.local/lib/python3.12/site-packages/airflow/example_dags/example_sensors.py for tasks to queue
[2026-06-19T16:58:14.365+0000] {logging_mixin.py:190} INFO - [2026-06-19T16:58:14.364+0000] {dagbag.py:588} INFO - Filling up the DagBag from /home/airflow/.local/lib/python3.12/site-packages/airflow/example_dags/example_sensors.py
[2026-06-19T16:58:14.379+0000] {processor.py:925} INFO - DAG(s) 'example_sensors' retrieved from /home/airflow/.local/lib/python3.12/site-packages/airflow/example_dags/example_sensors.py
[2026-06-19T16:58:14.409+0000] {logging_mixin.py:190} INFO - [2026-06-19T16:58:14.409+0000] {dag.py:3239} INFO - Sync 1 DAGs
[2026-06-19T16:58:14.426+0000] {logging_mixin.py:190} INFO - [2026-06-19T16:58:14.426+0000] {dag.py:4180} INFO - Setting next_dagrun for example_sensors to None, run_after=None
[2026-06-19T16:58:14.450+0000] {processor.py:208} INFO - Processing /home/airflow/.local/lib/python3.12/site-packages/airflow/example_dags/example_sensors.py took 0.100 seconds
[2026-06-19T16:58:44.678+0000] {processor.py:186} INFO - Started process (PID=2080) to work on /home/airflow/.local/lib/python3.12/site-packages/airflow/example_dags/example_sensors.py
[2026-06-19T16:58:44.681+0000] {processor.py:914} INFO - Processing file /home/airflow/.local/lib/python3.12/site-packages/airflow/example_dags/example_sensors.py for tasks to queue
[2026-06-19T16:58:44.688+0000] {logging_mixin.py:190} INFO - [2026-06-19T16:58:44.688+0000] {dagbag.py:588} INFO - Filling up the DagBag from /home/airflow/.local/lib/python3.12/site-packages/airflow/example_dags/example_sensors.py
[2026-06-19T16:58:44.710+0000] {processor.py:925} INFO - DAG(s) 'example_sensors' retrieved from /home/airflow/.local/lib/python3.12/site-packages/airflow/example_dags/example_sensors.py
[2026-06-19T16:58:44.768+0000] {logging_mixin.py:190} INFO - [2026-06-19T16:58:44.767+0000] {dag.py:3239} INFO - Sync 1 DAGs
[2026-06-19T16:58:44.803+0000] {logging_mixin.py:190} INFO - [2026-06-19T16:58:44.802+0000] {dag.py:4180} INFO - Setting next_dagrun for example_sensors to None, run_after=None
[2026-06-19T16:58:44.842+0000] {processor.py:208} INFO - Processing /home/airflow/.local/lib/python3.12/site-packages/airflow/example_dags/example_sensors.py took 0.174 seconds
[2026-06-19T16:59:15.448+0000] {processor.py:186} INFO - Started process (PID=2144) to work on /home/airflow/.local/lib/python3.12/site-packages/airflow/example_dags/example_sensors.py
[2026-06-19T16:59:15.450+0000] {processor.py:914} INFO - Processing file /home/airflow/.local/lib/python3.12/site-packages/airflow/example_dags/example_sensors.py for tasks to queue
[2026-06-19T16:59:15.454+0000] {logging_mixin.py:190} INFO - [2026-06-19T16:59:15.453+0000] {dagbag.py:588} INFO - Filling up the DagBag from /home/airflow/.local/lib/python3.12/site-packages/airflow/example_dags/example_sensors.py
[2026-06-19T16:59:15.469+0000] {processor.py:925} INFO - DAG(s) 'example_sensors' retrieved from /home/airflow/.local/lib/python3.12/site-packages/airflow/example_dags/example_sensors.py
[2026-06-19T16:59:15.496+0000] {logging_mixin.py:190} INFO - [2026-06-19T16:59:15.496+0000] {dag.py:3239} INFO - Sync 1 DAGs
[2026-06-19T16:59:15.514+0000] {logging_mixin.py:190} INFO - [2026-06-19T16:59:15.513+0000] {dag.py:4180} INFO - Setting next_dagrun for example_sensors to None, run_after=None
[2026-06-19T16:59:15.541+0000] {processor.py:208} INFO - Processing /home/airflow/.local/lib/python3.12/site-packages/airflow/example_dags/example_sensors.py took 0.100 seconds
[2026-06-19T16:59:46.161+0000] {processor.py:186} INFO - Started process (PID=2208) to work on /home/airflow/.local/lib/python3.12/site-packages/airflow/example_dags/example_sensors.py
[2026-06-19T16:59:46.167+0000] {processor.py:914} INFO - Processing file /home/airflow/.local/lib/python3.12/site-packages/airflow/example_dags/example_sensors.py for tasks to queue
[2026-06-19T16:59:46.185+0000] {logging_mixin.py:190} INFO - [2026-06-19T16:59:46.184+0000] {dagbag.py:588} INFO - Filling up the DagBag from /home/airflow/.local/lib/python3.12/site-packages/airflow/example_dags/example_sensors.py
[2026-06-19T16:59:46.220+0000] {processor.py:925} INFO - DAG(s) 'example_sensors' retrieved from /home/airflow/.local/lib/python3.12/site-packages/airflow/example_dags/example_sensors.py
[2026-06-19T16:59:46.296+0000] {logging_mixin.py:190} INFO - [2026-06-19T16:59:46.296+0000] {dag.py:3239} INFO - Sync 1 DAGs
[2026-06-19T16:59:46.340+0000] {logging_mixin.py:190} INFO - [2026-06-19T16:59:46.339+0000] {dag.py:4180} INFO - Setting next_dagrun for example_sensors to None, run_after=None
[2026-06-19T16:59:46.390+0000] {processor.py:208} INFO - Processing /home/airflow/.local/lib/python3.12/site-packages/airflow/example_dags/example_sensors.py took 0.246 seconds
[2026-06-19T17:00:16.827+0000] {processor.py:186} INFO - Started process (PID=2272) to work on /home/airflow/.local/lib/python3.12/site-packages/airflow/example_dags/example_sensors.py
[2026-06-19T17:00:16.830+0000] {processor.py:914} INFO - Processing file /home/airflow/.local/lib/python3.12/site-packages/airflow/example_dags/example_sensors.py for tasks to queue
[2026-06-19T17:00:16.839+0000] {logging_mixin.py:190} INFO - [2026-06-19T17:00:16.838+0000] {dagbag.py:588} INFO - Filling up the DagBag from /home/airflow/.local/lib/python3.12/site-packages/airflow/example_dags/example_sensors.py
[2026-06-19T17:00:16.877+0000] {processor.py:925} INFO - DAG(s) 'example_sensors' retrieved from /home/airflow/.local/lib/python3.12/site-packages/airflow/example_dags/example_sensors.py
[2026-06-19T17:00:16.934+0000] {logging_mixin.py:190} INFO - [2026-06-19T17:00:16.934+0000] {dag.py:3239} INFO - Sync 1 DAGs
[2026-06-19T17:00:16.967+0000] {logging_mixin.py:190} INFO - [2026-06-19T17:00:16.966+0000] {dag.py:4180} INFO - Setting next_dagrun for example_sensors to None, run_after=None
[2026-06-19T17:00:17.005+0000] {processor.py:208} INFO - Processing /home/airflow/.local/lib/python3.12/site-packages/airflow/example_dags/example_sensors.py took 0.195 seconds
[2026-06-19T17:00:47.473+0000] {processor.py:186} INFO - Started process (PID=2336) to work on /home/airflow/.local/lib/python3.12/site-packages/airflow/example_dags/example_sensors.py
[2026-06-19T17:00:47.476+0000] {processor.py:914} INFO - Processing file /home/airflow/.local/lib/python3.12/site-packages/airflow/example_dags/example_sensors.py for tasks to queue
[2026-06-19T17:00:47.480+0000] {logging_mixin.py:190} INFO - [2026-06-19T17:00:47.480+0000] {dagbag.py:588} INFO - Filling up the DagBag from /home/airflow/.local/lib/python3.12/site-packages/airflow/example_dags/example_sensors.py
[2026-06-19T17:00:47.497+0000] {processor.py:925} INFO - DAG(s) 'example_sensors' retrieved from /home/airflow/.local/lib/python3.12/site-packages/airflow/example_dags/example_sensors.py
[2026-06-19T17:00:47.526+0000] {logging_mixin.py:190} INFO - [2026-06-19T17:00:47.526+0000] {dag.py:3239} INFO - Sync 1 DAGs
[2026-06-19T17:00:47.542+0000] {logging_mixin.py:190} INFO - [2026-06-19T17:00:47.542+0000] {dag.py:4180} INFO - Setting next_dagrun for example_sensors to None, run_after=None
[2026-06-19T17:00:47.568+0000] {processor.py:208} INFO - Processing /home/airflow/.local/lib/python3.12/site-packages/airflow/example_dags/example_sensors.py took 0.103 seconds
[2026-06-19T17:01:17.970+0000] {processor.py:186} INFO - Started process (PID=2400) to work on /home/airflow/.local/lib/python3.12/site-packages/airflow/example_dags/example_sensors.py
[2026-06-19T17:01:17.974+0000] {processor.py:914} INFO - Processing file /home/airflow/.local/lib/python3.12/site-packages/airflow/example_dags/example_sensors.py for tasks to queue
[2026-06-19T17:01:17.979+0000] {logging_mixin.py:190} INFO - [2026-06-19T17:01:17.978+0000] {dagbag.py:588} INFO - Filling up the DagBag from /home/airflow/.local/lib/python3.12/site-packages/airflow/example_dags/example_sensors.py
[2026-06-19T17:01:17.997+0000] {processor.py:925} INFO - DAG(s) 'example_sensors' retrieved from /home/airflow/.local/lib/python3.12/site-packages/airflow/example_dags/example_sensors.py
[2026-06-19T17:01:18.034+0000] {logging_mixin.py:190} INFO - [2026-06-19T17:01:18.034+0000] {dag.py:3239} INFO - Sync 1 DAGs
[2026-06-19T17:01:18.059+0000] {logging_mixin.py:190} INFO - [2026-06-19T17:01:18.059+0000] {dag.py:4180} INFO - Setting next_dagrun for example_sensors to None, run_after=None
[2026-06-19T17:01:18.091+0000] {processor.py:208} INFO - Processing /home/airflow/.local/lib/python3.12/site-packages/airflow/example_dags/example_sensors.py took 0.129 seconds
[2026-06-19T17:01:48.455+0000] {processor.py:186} INFO - Started process (PID=2464) to work on /home/airflow/.local/lib/python3.12/site-packages/airflow/example_dags/example_sensors.py
[2026-06-19T17:01:48.458+0000] {processor.py:914} INFO - Processing file /home/airflow/.local/lib/python3.12/site-packages/airflow/example_dags/example_sensors.py for tasks to queue
[2026-06-19T17:01:48.463+0000] {logging_mixin.py:190} INFO - [2026-06-19T17:01:48.462+0000] {dagbag.py:588} INFO - Filling up the DagBag from /home/airflow/.local/lib/python3.12/site-packages/airflow/example_dags/example_sensors.py
[2026-06-19T17:01:48.483+0000] {processor.py:925} INFO - DAG(s) 'example_sensors' retrieved from /home/airflow/.local/lib/python3.12/site-packages/airflow/example_dags/example_sensors.py
[2026-06-19T17:01:48.528+0000] {logging_mixin.py:190} INFO - [2026-06-19T17:01:48.528+0000] {dag.py:3239} INFO - Sync 1 DAGs
[2026-06-19T17:01:48.558+0000] {logging_mixin.py:190} INFO - [2026-06-19T17:01:48.558+0000] {dag.py:4180} INFO - Setting next_dagrun for example_sensors to None, run_after=None
[2026-06-19T17:01:48.590+0000] {processor.py:208} INFO - Processing /home/airflow/.local/lib/python3.12/site-packages/airflow/example_dags/example_sensors.py took 0.145 seconds
[2026-06-19T17:02:18.879+0000] {processor.py:186} INFO - Started process (PID=2528) to work on /home/airflow/.local/lib/python3.12/site-packages/airflow/example_dags/example_sensors.py
[2026-06-19T17:02:18.882+0000] {processor.py:914} INFO - Processing file /home/airflow/.local/lib/python3.12/site-packages/airflow/example_dags/example_sensors.py for tasks to queue
[2026-06-19T17:02:18.887+0000] {logging_mixin.py:190} INFO - [2026-06-19T17:02:18.886+0000] {dagbag.py:588} INFO - Filling up the DagBag from /home/airflow/.local/lib/python3.12/site-packages/airflow/example_dags/example_sensors.py
[2026-06-19T17:02:18.905+0000] {processor.py:925} INFO - DAG(s) 'example_sensors' retrieved from /home/airflow/.local/lib/python3.12/site-packages/airflow/example_dags/example_sensors.py
[2026-06-19T17:02:18.936+0000] {logging_mixin.py:190} INFO - [2026-06-19T17:02:18.935+0000] {dag.py:3239} INFO - Sync 1 DAGs
[2026-06-19T17:02:18.954+0000] {logging_mixin.py:190} INFO - [2026-06-19T17:02:18.954+0000] {dag.py:4180} INFO - Setting next_dagrun for example_sensors to None, run_after=None
[2026-06-19T17:02:18.980+0000] {processor.py:208} INFO - Processing /home/airflow/.local/lib/python3.12/site-packages/airflow/example_dags/example_sensors.py took 0.110 seconds
[2026-06-19T17:02:49.667+0000] {processor.py:186} INFO - Started process (PID=2592) to work on /home/airflow/.local/lib/python3.12/site-packages/airflow/example_dags/example_sensors.py
[2026-06-19T17:02:49.683+0000] {processor.py:914} INFO - Processing file /home/airflow/.local/lib/python3.12/site-packages/airflow/example_dags/example_sensors.py for tasks to queue
[2026-06-19T17:02:49.716+0000] {logging_mixin.py:190} INFO - [2026-06-19T17:02:49.714+0000] {dagbag.py:588} INFO - Filling up the DagBag from /home/airflow/.local/lib/python3.12/site-packages/airflow/example_dags/example_sensors.py
[2026-06-19T17:02:49.846+0000] {processor.py:925} INFO - DAG(s) 'example_sensors' retrieved from /home/airflow/.local/lib/python3.12/site-packages/airflow/example_dags/example_sensors.py
[2026-06-19T17:02:50.054+0000] {logging_mixin.py:190} INFO - [2026-06-19T17:02:50.053+0000] {dag.py:3239} INFO - Sync 1 DAGs
[2026-06-19T17:02:50.172+0000] {logging_mixin.py:190} INFO - [2026-06-19T17:02:50.164+0000] {dag.py:4180} INFO - Setting next_dagrun for example_sensors to None, run_after=None
[2026-06-19T17:02:50.279+0000] {processor.py:208} INFO - Processing /home/airflow/.local/lib/python3.12/site-packages/airflow/example_dags/example_sensors.py took 0.709 seconds
[2026-06-19T17:04:34.631+0000] {processor.py:186} INFO - Started process (PID=118) to work on /home/airflow/.local/lib/python3.12/site-packages/airflow/example_dags/example_sensors.py
[2026-06-19T17:04:34.635+0000] {processor.py:914} INFO - Processing file /home/airflow/.local/lib/python3.12/site-packages/airflow/example_dags/example_sensors.py for tasks to queue
[2026-06-19T17:04:34.642+0000] {logging_mixin.py:190} INFO - [2026-06-19T17:04:34.641+0000] {dagbag.py:588} INFO - Filling up the DagBag from /home/airflow/.local/lib/python3.12/site-packages/airflow/example_dags/example_sensors.py
[2026-06-19T17:04:34.677+0000] {processor.py:925} INFO - DAG(s) 'example_sensors' retrieved from /home/airflow/.local/lib/python3.12/site-packages/airflow/example_dags/example_sensors.py
[2026-06-19T17:04:34.752+0000] {logging_mixin.py:190} INFO - [2026-06-19T17:04:34.751+0000] {dag.py:3239} INFO - Sync 1 DAGs
[2026-06-19T17:04:34.797+0000] {logging_mixin.py:190} INFO - [2026-06-19T17:04:34.797+0000] {dag.py:4180} INFO - Setting next_dagrun for example_sensors to None, run_after=None
[2026-06-19T17:04:34.844+0000] {processor.py:208} INFO - Processing /home/airflow/.local/lib/python3.12/site-packages/airflow/example_dags/example_sensors.py took 0.227 seconds
[2026-06-19T17:05:07.019+0000] {processor.py:186} INFO - Started process (PID=188) to work on /home/airflow/.local/lib/python3.12/site-packages/airflow/example_dags/example_sensors.py
[2026-06-19T17:05:07.023+0000] {processor.py:914} INFO - Processing file /home/airflow/.local/lib/python3.12/site-packages/airflow/example_dags/example_sensors.py for tasks to queue
[2026-06-19T17:05:07.031+0000] {logging_mixin.py:190} INFO - [2026-06-19T17:05:07.030+0000] {dagbag.py:588} INFO - Filling up the DagBag from /home/airflow/.local/lib/python3.12/site-packages/airflow/example_dags/example_sensors.py
[2026-06-19T17:05:07.058+0000] {processor.py:925} INFO - DAG(s) 'example_sensors' retrieved from /home/airflow/.local/lib/python3.12/site-packages/airflow/example_dags/example_sensors.py
[2026-06-19T17:05:07.179+0000] {logging_mixin.py:190} INFO - [2026-06-19T17:05:07.179+0000] {dag.py:3239} INFO - Sync 1 DAGs
[2026-06-19T17:05:07.283+0000] {logging_mixin.py:190} INFO - [2026-06-19T17:05:07.283+0000] {dag.py:4180} INFO - Setting next_dagrun for example_sensors to None, run_after=None
[2026-06-19T17:05:07.402+0000] {processor.py:208} INFO - Processing /home/airflow/.local/lib/python3.12/site-packages/airflow/example_dags/example_sensors.py took 0.400 seconds
[2026-06-19T17:05:39.434+0000] {processor.py:186} INFO - Started process (PID=252) to work on /home/airflow/.local/lib/python3.12/site-packages/airflow/example_dags/example_sensors.py
[2026-06-19T17:05:39.439+0000] {processor.py:914} INFO - Processing file /home/airflow/.local/lib/python3.12/site-packages/airflow/example_dags/example_sensors.py for tasks to queue
[2026-06-19T17:05:39.454+0000] {logging_mixin.py:190} INFO - [2026-06-19T17:05:39.453+0000] {dagbag.py:588} INFO - Filling up the DagBag from /home/airflow/.local/lib/python3.12/site-packages/airflow/example_dags/example_sensors.py
[2026-06-19T17:05:39.503+0000] {processor.py:925} INFO - DAG(s) 'example_sensors' retrieved from /home/airflow/.local/lib/python3.12/site-packages/airflow/example_dags/example_sensors.py
[2026-06-19T17:05:39.587+0000] {logging_mixin.py:190} INFO - [2026-06-19T17:05:39.586+0000] {dag.py:3239} INFO - Sync 1 DAGs
[2026-06-19T17:05:39.633+0000] {logging_mixin.py:190} INFO - [2026-06-19T17:05:39.633+0000] {dag.py:4180} INFO - Setting next_dagrun for example_sensors to None, run_after=None
[2026-06-19T17:05:39.720+0000] {processor.py:208} INFO - Processing /home/airflow/.local/lib/python3.12/site-packages/airflow/example_dags/example_sensors.py took 0.307 seconds
[2026-06-19T17:06:15.980+0000] {processor.py:186} INFO - Started process (PID=316) to work on /home/airflow/.local/lib/python3.12/site-packages/airflow/example_dags/example_sensors.py
[2026-06-19T17:06:15.995+0000] {processor.py:914} INFO - Processing file /home/airflow/.local/lib/python3.12/site-packages/airflow/example_dags/example_sensors.py for tasks to queue
[2026-06-19T17:06:16.024+0000] {logging_mixin.py:190} INFO - [2026-06-19T17:06:16.023+0000] {dagbag.py:588} INFO - Filling up the DagBag from /home/airflow/.local/lib/python3.12/site-packages/airflow/example_dags/example_sensors.py
[2026-06-19T17:06:16.092+0000] {processor.py:925} INFO - DAG(s) 'example_sensors' retrieved from /home/airflow/.local/lib/python3.12/site-packages/airflow/example_dags/example_sensors.py
[2026-06-19T17:06:16.337+0000] {logging_mixin.py:190} INFO - [2026-06-19T17:06:16.332+0000] {dag.py:3239} INFO - Sync 1 DAGs
[2026-06-19T17:06:16.423+0000] {logging_mixin.py:190} INFO - [2026-06-19T17:06:16.422+0000] {dag.py:4180} INFO - Setting next_dagrun for example_sensors to None, run_after=None
[2026-06-19T17:06:16.520+0000] {processor.py:208} INFO - Processing /home/airflow/.local/lib/python3.12/site-packages/airflow/example_dags/example_sensors.py took 0.589 seconds
[2026-06-19T17:08:12.437+0000] {processor.py:186} INFO - Started process (PID=124) to work on /home/airflow/.local/lib/python3.12/site-packages/airflow/example_dags/example_sensors.py
[2026-06-19T17:08:12.444+0000] {processor.py:914} INFO - Processing file /home/airflow/.local/lib/python3.12/site-packages/airflow/example_dags/example_sensors.py for tasks to queue
[2026-06-19T17:08:12.458+0000] {logging_mixin.py:190} INFO - [2026-06-19T17:08:12.457+0000] {dagbag.py:588} INFO - Filling up the DagBag from /home/airflow/.local/lib/python3.12/site-packages/airflow/example_dags/example_sensors.py
[2026-06-19T17:08:12.538+0000] {processor.py:925} INFO - DAG(s) 'example_sensors' retrieved from /home/airflow/.local/lib/python3.12/site-packages/airflow/example_dags/example_sensors.py
[2026-06-19T17:08:12.686+0000] {logging_mixin.py:190} INFO - [2026-06-19T17:08:12.685+0000] {dag.py:3239} INFO - Sync 1 DAGs
[2026-06-19T17:08:12.813+0000] {logging_mixin.py:190} INFO - [2026-06-19T17:08:12.812+0000] {dag.py:4180} INFO - Setting next_dagrun for example_sensors to None, run_after=None
[2026-06-19T17:08:12.914+0000] {processor.py:208} INFO - Processing /home/airflow/.local/lib/python3.12/site-packages/airflow/example_dags/example_sensors.py took 0.524 seconds
[2026-06-19T17:08:43.412+0000] {processor.py:186} INFO - Started process (PID=188) to work on /home/airflow/.local/lib/python3.12/site-packages/airflow/example_dags/example_sensors.py
[2026-06-19T17:08:43.416+0000] {processor.py:914} INFO - Processing file /home/airflow/.local/lib/python3.12/site-packages/airflow/example_dags/example_sensors.py for tasks to queue
[2026-06-19T17:08:43.426+0000] {logging_mixin.py:190} INFO - [2026-06-19T17:08:43.425+0000] {dagbag.py:588} INFO - Filling up the DagBag from /home/airflow/.local/lib/python3.12/site-packages/airflow/example_dags/example_sensors.py
[2026-06-19T17:08:43.475+0000] {processor.py:925} INFO - DAG(s) 'example_sensors' retrieved from /home/airflow/.local/lib/python3.12/site-packages/airflow/example_dags/example_sensors.py
[2026-06-19T17:08:43.557+0000] {logging_mixin.py:190} INFO - [2026-06-19T17:08:43.556+0000] {dag.py:3239} INFO - Sync 1 DAGs
[2026-06-19T17:08:43.596+0000] {logging_mixin.py:190} INFO - [2026-06-19T17:08:43.596+0000] {dag.py:4180} INFO - Setting next_dagrun for example_sensors to None, run_after=None
[2026-06-19T17:08:43.645+0000] {processor.py:208} INFO - Processing /home/airflow/.local/lib/python3.12/site-packages/airflow/example_dags/example_sensors.py took 0.257 seconds
[2026-06-19T17:09:14.014+0000] {processor.py:186} INFO - Started process (PID=251) to work on /home/airflow/.local/lib/python3.12/site-packages/airflow/example_dags/example_sensors.py
[2026-06-19T17:09:14.018+0000] {processor.py:914} INFO - Processing file /home/airflow/.local/lib/python3.12/site-packages/airflow/example_dags/example_sensors.py for tasks to queue
[2026-06-19T17:09:14.023+0000] {logging_mixin.py:190} INFO - [2026-06-19T17:09:14.022+0000] {dagbag.py:588} INFO - Filling up the DagBag from /home/airflow/.local/lib/python3.12/site-packages/airflow/example_dags/example_sensors.py
[2026-06-19T17:09:14.039+0000] {processor.py:925} INFO - DAG(s) 'example_sensors' retrieved from /home/airflow/.local/lib/python3.12/site-packages/airflow/example_dags/example_sensors.py
[2026-06-19T17:09:14.077+0000] {logging_mixin.py:190} INFO - [2026-06-19T17:09:14.077+0000] {dag.py:3239} INFO - Sync 1 DAGs
[2026-06-19T17:09:14.098+0000] {logging_mixin.py:190} INFO - [2026-06-19T17:09:14.097+0000] {dag.py:4180} INFO - Setting next_dagrun for example_sensors to None, run_after=None
[2026-06-19T17:09:14.127+0000] {processor.py:208} INFO - Processing /home/airflow/.local/lib/python3.12/site-packages/airflow/example_dags/example_sensors.py took 0.122 seconds
[2026-06-19T17:09:45.033+0000] {processor.py:186} INFO - Started process (PID=315) to work on /home/airflow/.local/lib/python3.12/site-packages/airflow/example_dags/example_sensors.py
[2026-06-19T17:09:45.040+0000] {processor.py:914} INFO - Processing file /home/airflow/.local/lib/python3.12/site-packages/airflow/example_dags/example_sensors.py for tasks to queue
[2026-06-19T17:09:45.049+0000] {logging_mixin.py:190} INFO - [2026-06-19T17:09:45.048+0000] {dagbag.py:588} INFO - Filling up the DagBag from /home/airflow/.local/lib/python3.12/site-packages/airflow/example_dags/example_sensors.py
[2026-06-19T17:09:45.091+0000] {processor.py:925} INFO - DAG(s) 'example_sensors' retrieved from /home/airflow/.local/lib/python3.12/site-packages/airflow/example_dags/example_sensors.py
[2026-06-19T17:09:45.205+0000] {logging_mixin.py:190} INFO - [2026-06-19T17:09:45.204+0000] {dag.py:3239} INFO - Sync 1 DAGs
[2026-06-19T17:09:45.250+0000] {logging_mixin.py:190} INFO - [2026-06-19T17:09:45.250+0000] {dag.py:4180} INFO - Setting next_dagrun for example_sensors to None, run_after=None
[2026-06-19T17:09:45.307+0000] {processor.py:208} INFO - Processing /home/airflow/.local/lib/python3.12/site-packages/airflow/example_dags/example_sensors.py took 0.290 seconds
[2026-06-19T17:10:21.288+0000] {processor.py:186} INFO - Started process (PID=381) to work on /home/airflow/.local/lib/python3.12/site-packages/airflow/example_dags/example_sensors.py
[2026-06-19T17:10:21.294+0000] {processor.py:914} INFO - Processing file /home/airflow/.local/lib/python3.12/site-packages/airflow/example_dags/example_sensors.py for tasks to queue
[2026-06-19T17:10:21.301+0000] {logging_mixin.py:190} INFO - [2026-06-19T17:10:21.300+0000] {dagbag.py:588} INFO - Filling up the DagBag from /home/airflow/.local/lib/python3.12/site-packages/airflow/example_dags/example_sensors.py
[2026-06-19T17:10:21.326+0000] {processor.py:925} INFO - DAG(s) 'example_sensors' retrieved from /home/airflow/.local/lib/python3.12/site-packages/airflow/example_dags/example_sensors.py
[2026-06-19T17:10:21.375+0000] {logging_mixin.py:190} INFO - [2026-06-19T17:10:21.374+0000] {dag.py:3239} INFO - Sync 1 DAGs
[2026-06-19T17:10:21.399+0000] {logging_mixin.py:190} INFO - [2026-06-19T17:10:21.399+0000] {dag.py:4180} INFO - Setting next_dagrun for example_sensors to None, run_after=None
[2026-06-19T17:10:21.430+0000] {processor.py:208} INFO - Processing /home/airflow/.local/lib/python3.12/site-packages/airflow/example_dags/example_sensors.py took 0.156 seconds
[2026-06-19T17:10:53.273+0000] {processor.py:186} INFO - Started process (PID=445) to work on /home/airflow/.local/lib/python3.12/site-packages/airflow/example_dags/example_sensors.py
[2026-06-19T17:10:53.277+0000] {processor.py:914} INFO - Processing file /home/airflow/.local/lib/python3.12/site-packages/airflow/example_dags/example_sensors.py for tasks to queue
[2026-06-19T17:10:53.283+0000] {logging_mixin.py:190} INFO - [2026-06-19T17:10:53.283+0000] {dagbag.py:588} INFO - Filling up the DagBag from /home/airflow/.local/lib/python3.12/site-packages/airflow/example_dags/example_sensors.py
[2026-06-19T17:10:53.308+0000] {processor.py:925} INFO - DAG(s) 'example_sensors' retrieved from /home/airflow/.local/lib/python3.12/site-packages/airflow/example_dags/example_sensors.py
[2026-06-19T17:10:53.358+0000] {logging_mixin.py:190} INFO - [2026-06-19T17:10:53.358+0000] {dag.py:3239} INFO - Sync 1 DAGs
[2026-06-19T17:10:53.385+0000] {logging_mixin.py:190} INFO - [2026-06-19T17:10:53.385+0000] {dag.py:4180} INFO - Setting next_dagrun for example_sensors to None, run_after=None
[2026-06-19T17:10:53.418+0000] {processor.py:208} INFO - Processing /home/airflow/.local/lib/python3.12/site-packages/airflow/example_dags/example_sensors.py took 0.155 seconds
[2026-06-19T17:11:26.063+0000] {processor.py:186} INFO - Started process (PID=509) to work on /home/airflow/.local/lib/python3.12/site-packages/airflow/example_dags/example_sensors.py
[2026-06-19T17:11:26.077+0000] {processor.py:914} INFO - Processing file /home/airflow/.local/lib/python3.12/site-packages/airflow/example_dags/example_sensors.py for tasks to queue
[2026-06-19T17:11:26.086+0000] {logging_mixin.py:190} INFO - [2026-06-19T17:11:26.085+0000] {dagbag.py:588} INFO - Filling up the DagBag from /home/airflow/.local/lib/python3.12/site-packages/airflow/example_dags/example_sensors.py
[2026-06-19T17:11:26.120+0000] {processor.py:925} INFO - DAG(s) 'example_sensors' retrieved from /home/airflow/.local/lib/python3.12/site-packages/airflow/example_dags/example_sensors.py
[2026-06-19T17:11:26.233+0000] {logging_mixin.py:190} INFO - [2026-06-19T17:11:26.233+0000] {dag.py:3239} INFO - Sync 1 DAGs
[2026-06-19T17:11:26.303+0000] {logging_mixin.py:190} INFO - [2026-06-19T17:11:26.302+0000] {dag.py:4180} INFO - Setting next_dagrun for example_sensors to None, run_after=None
[2026-06-19T17:11:26.367+0000] {processor.py:208} INFO - Processing /home/airflow/.local/lib/python3.12/site-packages/airflow/example_dags/example_sensors.py took 0.329 seconds
[2026-06-19T17:11:57.080+0000] {processor.py:186} INFO - Started process (PID=573) to work on /home/airflow/.local/lib/python3.12/site-packages/airflow/example_dags/example_sensors.py
[2026-06-19T17:11:57.087+0000] {processor.py:914} INFO - Processing file /home/airflow/.local/lib/python3.12/site-packages/airflow/example_dags/example_sensors.py for tasks to queue
[2026-06-19T17:11:57.096+0000] {logging_mixin.py:190} INFO - [2026-06-19T17:11:57.095+0000] {dagbag.py:588} INFO - Filling up the DagBag from /home/airflow/.local/lib/python3.12/site-packages/airflow/example_dags/example_sensors.py
[2026-06-19T17:11:57.138+0000] {processor.py:925} INFO - DAG(s) 'example_sensors' retrieved from /home/airflow/.local/lib/python3.12/site-packages/airflow/example_dags/example_sensors.py
[2026-06-19T17:11:57.256+0000] {logging_mixin.py:190} INFO - [2026-06-19T17:11:57.255+0000] {dag.py:3239} INFO - Sync 1 DAGs
[2026-06-19T17:11:57.308+0000] {logging_mixin.py:190} INFO - [2026-06-19T17:11:57.307+0000] {dag.py:4180} INFO - Setting next_dagrun for example_sensors to None, run_after=None
[2026-06-19T17:11:57.355+0000] {processor.py:208} INFO - Processing /home/airflow/.local/lib/python3.12/site-packages/airflow/example_dags/example_sensors.py took 0.298 seconds
[2026-06-19T17:12:27.657+0000] {processor.py:186} INFO - Started process (PID=636) to work on /home/airflow/.local/lib/python3.12/site-packages/airflow/example_dags/example_sensors.py
[2026-06-19T17:12:27.662+0000] {processor.py:914} INFO - Processing file /home/airflow/.local/lib/python3.12/site-packages/airflow/example_dags/example_sensors.py for tasks to queue
[2026-06-19T17:12:27.670+0000] {logging_mixin.py:190} INFO - [2026-06-19T17:12:27.669+0000] {dagbag.py:588} INFO - Filling up the DagBag from /home/airflow/.local/lib/python3.12/site-packages/airflow/example_dags/example_sensors.py
[2026-06-19T17:12:27.705+0000] {processor.py:925} INFO - DAG(s) 'example_sensors' retrieved from /home/airflow/.local/lib/python3.12/site-packages/airflow/example_dags/example_sensors.py
[2026-06-19T17:12:27.803+0000] {logging_mixin.py:190} INFO - [2026-06-19T17:12:27.803+0000] {dag.py:3239} INFO - Sync 1 DAGs
[2026-06-19T17:12:27.889+0000] {logging_mixin.py:190} INFO - [2026-06-19T17:12:27.888+0000] {dag.py:4180} INFO - Setting next_dagrun for example_sensors to None, run_after=None
[2026-06-19T17:12:27.957+0000] {processor.py:208} INFO - Processing /home/airflow/.local/lib/python3.12/site-packages/airflow/example_dags/example_sensors.py took 0.315 seconds
[2026-06-19T17:12:58.596+0000] {processor.py:186} INFO - Started process (PID=700) to work on /home/airflow/.local/lib/python3.12/site-packages/airflow/example_dags/example_sensors.py
[2026-06-19T17:12:58.599+0000] {processor.py:914} INFO - Processing file /home/airflow/.local/lib/python3.12/site-packages/airflow/example_dags/example_sensors.py for tasks to queue
[2026-06-19T17:12:58.605+0000] {logging_mixin.py:190} INFO - [2026-06-19T17:12:58.604+0000] {dagbag.py:588} INFO - Filling up the DagBag from /home/airflow/.local/lib/python3.12/site-packages/airflow/example_dags/example_sensors.py
[2026-06-19T17:12:58.628+0000] {processor.py:925} INFO - DAG(s) 'example_sensors' retrieved from /home/airflow/.local/lib/python3.12/site-packages/airflow/example_dags/example_sensors.py
[2026-06-19T17:12:58.673+0000] {logging_mixin.py:190} INFO - [2026-06-19T17:12:58.672+0000] {dag.py:3239} INFO - Sync 1 DAGs
[2026-06-19T17:12:58.695+0000] {logging_mixin.py:190} INFO - [2026-06-19T17:12:58.694+0000] {dag.py:4180} INFO - Setting next_dagrun for example_sensors to None, run_after=None
[2026-06-19T17:12:58.722+0000] {processor.py:208} INFO - Processing /home/airflow/.local/lib/python3.12/site-packages/airflow/example_dags/example_sensors.py took 0.134 seconds
[2026-06-19T17:13:33.589+0000] {processor.py:186} INFO - Started process (PID=764) to work on /home/airflow/.local/lib/python3.12/site-packages/airflow/example_dags/example_sensors.py
[2026-06-19T17:13:33.604+0000] {processor.py:914} INFO - Processing file /home/airflow/.local/lib/python3.12/site-packages/airflow/example_dags/example_sensors.py for tasks to queue
[2026-06-19T17:13:33.619+0000] {logging_mixin.py:190} INFO - [2026-06-19T17:13:33.618+0000] {dagbag.py:588} INFO - Filling up the DagBag from /home/airflow/.local/lib/python3.12/site-packages/airflow/example_dags/example_sensors.py
[2026-06-19T17:13:33.713+0000] {processor.py:925} INFO - DAG(s) 'example_sensors' retrieved from /home/airflow/.local/lib/python3.12/site-packages/airflow/example_dags/example_sensors.py
[2026-06-19T17:13:33.876+0000] {logging_mixin.py:190} INFO - [2026-06-19T17:13:33.875+0000] {dag.py:3239} INFO - Sync 1 DAGs
[2026-06-19T17:13:33.979+0000] {logging_mixin.py:190} INFO - [2026-06-19T17:13:33.978+0000] {dag.py:4180} INFO - Setting next_dagrun for example_sensors to None, run_after=None
[2026-06-19T17:13:34.088+0000] {processor.py:208} INFO - Processing /home/airflow/.local/lib/python3.12/site-packages/airflow/example_dags/example_sensors.py took 0.542 seconds
[2026-06-19T17:14:08.747+0000] {processor.py:186} INFO - Started process (PID=834) to work on /home/airflow/.local/lib/python3.12/site-packages/airflow/example_dags/example_sensors.py
[2026-06-19T17:14:08.763+0000] {processor.py:914} INFO - Processing file /home/airflow/.local/lib/python3.12/site-packages/airflow/example_dags/example_sensors.py for tasks to queue
[2026-06-19T17:14:08.796+0000] {logging_mixin.py:190} INFO - [2026-06-19T17:14:08.787+0000] {dagbag.py:588} INFO - Filling up the DagBag from /home/airflow/.local/lib/python3.12/site-packages/airflow/example_dags/example_sensors.py
[2026-06-19T17:14:08.960+0000] {processor.py:925} INFO - DAG(s) 'example_sensors' retrieved from /home/airflow/.local/lib/python3.12/site-packages/airflow/example_dags/example_sensors.py
[2026-06-19T17:14:09.147+0000] {logging_mixin.py:190} INFO - [2026-06-19T17:14:09.142+0000] {dag.py:3239} INFO - Sync 1 DAGs
[2026-06-19T17:14:09.262+0000] {logging_mixin.py:190} INFO - [2026-06-19T17:14:09.261+0000] {dag.py:4180} INFO - Setting next_dagrun for example_sensors to None, run_after=None
[2026-06-19T17:14:09.343+0000] {processor.py:208} INFO - Processing /home/airflow/.local/lib/python3.12/site-packages/airflow/example_dags/example_sensors.py took 0.648 seconds
[2026-06-19T17:14:40.973+0000] {processor.py:186} INFO - Started process (PID=897) to work on /home/airflow/.local/lib/python3.12/site-packages/airflow/example_dags/example_sensors.py
[2026-06-19T17:14:40.992+0000] {processor.py:914} INFO - Processing file /home/airflow/.local/lib/python3.12/site-packages/airflow/example_dags/example_sensors.py for tasks to queue
[2026-06-19T17:14:41.024+0000] {logging_mixin.py:190} INFO - [2026-06-19T17:14:41.016+0000] {dagbag.py:588} INFO - Filling up the DagBag from /home/airflow/.local/lib/python3.12/site-packages/airflow/example_dags/example_sensors.py
[2026-06-19T17:14:41.083+0000] {processor.py:925} INFO - DAG(s) 'example_sensors' retrieved from /home/airflow/.local/lib/python3.12/site-packages/airflow/example_dags/example_sensors.py
[2026-06-19T17:14:41.229+0000] {logging_mixin.py:190} INFO - [2026-06-19T17:14:41.229+0000] {dag.py:3239} INFO - Sync 1 DAGs
[2026-06-19T17:14:41.291+0000] {logging_mixin.py:190} INFO - [2026-06-19T17:14:41.290+0000] {dag.py:4180} INFO - Setting next_dagrun for example_sensors to None, run_after=None
[2026-06-19T17:14:41.364+0000] {processor.py:208} INFO - Processing /home/airflow/.local/lib/python3.12/site-packages/airflow/example_dags/example_sensors.py took 0.445 seconds
[2026-06-19T17:15:13.142+0000] {processor.py:186} INFO - Started process (PID=962) to work on /home/airflow/.local/lib/python3.12/site-packages/airflow/example_dags/example_sensors.py
[2026-06-19T17:15:13.147+0000] {processor.py:914} INFO - Processing file /home/airflow/.local/lib/python3.12/site-packages/airflow/example_dags/example_sensors.py for tasks to queue
[2026-06-19T17:15:13.155+0000] {logging_mixin.py:190} INFO - [2026-06-19T17:15:13.154+0000] {dagbag.py:588} INFO - Filling up the DagBag from /home/airflow/.local/lib/python3.12/site-packages/airflow/example_dags/example_sensors.py
[2026-06-19T17:15:13.203+0000] {processor.py:925} INFO - DAG(s) 'example_sensors' retrieved from /home/airflow/.local/lib/python3.12/site-packages/airflow/example_dags/example_sensors.py
[2026-06-19T17:15:13.280+0000] {logging_mixin.py:190} INFO - [2026-06-19T17:15:13.279+0000] {dag.py:3239} INFO - Sync 1 DAGs
[2026-06-19T17:15:13.330+0000] {logging_mixin.py:190} INFO - [2026-06-19T17:15:13.329+0000] {dag.py:4180} INFO - Setting next_dagrun for example_sensors to None, run_after=None
[2026-06-19T17:15:13.382+0000] {processor.py:208} INFO - Processing /home/airflow/.local/lib/python3.12/site-packages/airflow/example_dags/example_sensors.py took 0.258 seconds
[2026-06-19T17:15:44.090+0000] {processor.py:186} INFO - Started process (PID=1026) to work on /home/airflow/.local/lib/python3.12/site-packages/airflow/example_dags/example_sensors.py
[2026-06-19T17:15:44.096+0000] {processor.py:914} INFO - Processing file /home/airflow/.local/lib/python3.12/site-packages/airflow/example_dags/example_sensors.py for tasks to queue
[2026-06-19T17:15:44.103+0000] {logging_mixin.py:190} INFO - [2026-06-19T17:15:44.102+0000] {dagbag.py:588} INFO - Filling up the DagBag from /home/airflow/.local/lib/python3.12/site-packages/airflow/example_dags/example_sensors.py
[2026-06-19T17:15:44.132+0000] {processor.py:925} INFO - DAG(s) 'example_sensors' retrieved from /home/airflow/.local/lib/python3.12/site-packages/airflow/example_dags/example_sensors.py
[2026-06-19T17:15:44.195+0000] {logging_mixin.py:190} INFO - [2026-06-19T17:15:44.194+0000] {dag.py:3239} INFO - Sync 1 DAGs
[2026-06-19T17:15:44.223+0000] {logging_mixin.py:190} INFO - [2026-06-19T17:15:44.223+0000] {dag.py:4180} INFO - Setting next_dagrun for example_sensors to None, run_after=None
[2026-06-19T17:15:44.265+0000] {processor.py:208} INFO - Processing /home/airflow/.local/lib/python3.12/site-packages/airflow/example_dags/example_sensors.py took 0.191 seconds
[2026-06-19T17:16:14.379+0000] {processor.py:186} INFO - Started process (PID=1090) to work on /home/airflow/.local/lib/python3.12/site-packages/airflow/example_dags/example_sensors.py
[2026-06-19T17:16:14.383+0000] {processor.py:914} INFO - Processing file /home/airflow/.local/lib/python3.12/site-packages/airflow/example_dags/example_sensors.py for tasks to queue
[2026-06-19T17:16:14.389+0000] {logging_mixin.py:190} INFO - [2026-06-19T17:16:14.388+0000] {dagbag.py:588} INFO - Filling up the DagBag from /home/airflow/.local/lib/python3.12/site-packages/airflow/example_dags/example_sensors.py
[2026-06-19T17:16:14.409+0000] {processor.py:925} INFO - DAG(s) 'example_sensors' retrieved from /home/airflow/.local/lib/python3.12/site-packages/airflow/example_dags/example_sensors.py
[2026-06-19T17:16:14.447+0000] {logging_mixin.py:190} INFO - [2026-06-19T17:16:14.446+0000] {dag.py:3239} INFO - Sync 1 DAGs
[2026-06-19T17:16:14.467+0000] {logging_mixin.py:190} INFO - [2026-06-19T17:16:14.466+0000] {dag.py:4180} INFO - Setting next_dagrun for example_sensors to None, run_after=None
[2026-06-19T17:16:14.495+0000] {processor.py:208} INFO - Processing /home/airflow/.local/lib/python3.12/site-packages/airflow/example_dags/example_sensors.py took 0.124 seconds
[2026-06-19T17:16:45.366+0000] {processor.py:186} INFO - Started process (PID=1154) to work on /home/airflow/.local/lib/python3.12/site-packages/airflow/example_dags/example_sensors.py
[2026-06-19T17:16:45.368+0000] {processor.py:914} INFO - Processing file /home/airflow/.local/lib/python3.12/site-packages/airflow/example_dags/example_sensors.py for tasks to queue
[2026-06-19T17:16:45.374+0000] {logging_mixin.py:190} INFO - [2026-06-19T17:16:45.373+0000] {dagbag.py:588} INFO - Filling up the DagBag from /home/airflow/.local/lib/python3.12/site-packages/airflow/example_dags/example_sensors.py
[2026-06-19T17:16:45.397+0000] {processor.py:925} INFO - DAG(s) 'example_sensors' retrieved from /home/airflow/.local/lib/python3.12/site-packages/airflow/example_dags/example_sensors.py
[2026-06-19T17:16:45.456+0000] {logging_mixin.py:190} INFO - [2026-06-19T17:16:45.455+0000] {dag.py:3239} INFO - Sync 1 DAGs
[2026-06-19T17:16:45.509+0000] {logging_mixin.py:190} INFO - [2026-06-19T17:16:45.508+0000] {dag.py:4180} INFO - Setting next_dagrun for example_sensors to None, run_after=None
[2026-06-19T17:16:45.550+0000] {processor.py:208} INFO - Processing /home/airflow/.local/lib/python3.12/site-packages/airflow/example_dags/example_sensors.py took 0.194 seconds
[2026-06-19T17:17:16.541+0000] {processor.py:186} INFO - Started process (PID=1218) to work on /home/airflow/.local/lib/python3.12/site-packages/airflow/example_dags/example_sensors.py
[2026-06-19T17:17:16.546+0000] {processor.py:914} INFO - Processing file /home/airflow/.local/lib/python3.12/site-packages/airflow/example_dags/example_sensors.py for tasks to queue
[2026-06-19T17:17:16.553+0000] {logging_mixin.py:190} INFO - [2026-06-19T17:17:16.553+0000] {dagbag.py:588} INFO - Filling up the DagBag from /home/airflow/.local/lib/python3.12/site-packages/airflow/example_dags/example_sensors.py
[2026-06-19T17:17:16.586+0000] {processor.py:925} INFO - DAG(s) 'example_sensors' retrieved from /home/airflow/.local/lib/python3.12/site-packages/airflow/example_dags/example_sensors.py
[2026-06-19T17:17:16.649+0000] {logging_mixin.py:190} INFO - [2026-06-19T17:17:16.648+0000] {dag.py:3239} INFO - Sync 1 DAGs
[2026-06-19T17:17:16.685+0000] {logging_mixin.py:190} INFO - [2026-06-19T17:17:16.684+0000] {dag.py:4180} INFO - Setting next_dagrun for example_sensors to None, run_after=None
[2026-06-19T17:17:16.728+0000] {processor.py:208} INFO - Processing /home/airflow/.local/lib/python3.12/site-packages/airflow/example_dags/example_sensors.py took 0.207 seconds
[2026-06-19T17:17:48.281+0000] {processor.py:186} INFO - Started process (PID=1283) to work on /home/airflow/.local/lib/python3.12/site-packages/airflow/example_dags/example_sensors.py
[2026-06-19T17:17:48.288+0000] {processor.py:914} INFO - Processing file /home/airflow/.local/lib/python3.12/site-packages/airflow/example_dags/example_sensors.py for tasks to queue
[2026-06-19T17:17:48.297+0000] {logging_mixin.py:190} INFO - [2026-06-19T17:17:48.296+0000] {dagbag.py:588} INFO - Filling up the DagBag from /home/airflow/.local/lib/python3.12/site-packages/airflow/example_dags/example_sensors.py
[2026-06-19T17:17:48.343+0000] {processor.py:925} INFO - DAG(s) 'example_sensors' retrieved from /home/airflow/.local/lib/python3.12/site-packages/airflow/example_dags/example_sensors.py
[2026-06-19T17:17:48.471+0000] {logging_mixin.py:190} INFO - [2026-06-19T17:17:48.470+0000] {dag.py:3239} INFO - Sync 1 DAGs
[2026-06-19T17:17:48.521+0000] {logging_mixin.py:190} INFO - [2026-06-19T17:17:48.521+0000] {dag.py:4180} INFO - Setting next_dagrun for example_sensors to None, run_after=None
[2026-06-19T17:17:48.583+0000] {processor.py:208} INFO - Processing /home/airflow/.local/lib/python3.12/site-packages/airflow/example_dags/example_sensors.py took 0.320 seconds
