[2026-06-19T16:38:50.714+0000] {processor.py:186} INFO - Started process (PID=102) to work on /home/airflow/.local/lib/python3.12/site-packages/airflow/example_dags/example_dag_decorator.py
[2026-06-19T16:38:50.720+0000] {processor.py:914} INFO - Processing file /home/airflow/.local/lib/python3.12/site-packages/airflow/example_dags/example_dag_decorator.py for tasks to queue
[2026-06-19T16:38:50.737+0000] {logging_mixin.py:190} INFO - [2026-06-19T16:38:50.734+0000] {dagbag.py:588} INFO - Filling up the DagBag from /home/airflow/.local/lib/python3.12/site-packages/airflow/example_dags/example_dag_decorator.py
[2026-06-19T16:38:51.040+0000] {processor.py:925} INFO - DAG(s) 'example_dag_decorator' retrieved from /home/airflow/.local/lib/python3.12/site-packages/airflow/example_dags/example_dag_decorator.py
[2026-06-19T16:38:51.294+0000] {logging_mixin.py:190} INFO - [2026-06-19T16:38:51.294+0000] {dag.py:3239} INFO - Sync 1 DAGs
[2026-06-19T16:38:51.339+0000] {logging_mixin.py:190} INFO - [2026-06-19T16:38:51.339+0000] {dag.py:4180} INFO - Setting next_dagrun for example_dag_decorator to None, run_after=None
[2026-06-19T16:38:51.385+0000] {processor.py:208} INFO - Processing /home/airflow/.local/lib/python3.12/site-packages/airflow/example_dags/example_dag_decorator.py took 0.683 seconds
[2026-06-19T16:39:23.237+0000] {processor.py:186} INFO - Started process (PID=166) to work on /home/airflow/.local/lib/python3.12/site-packages/airflow/example_dags/example_dag_decorator.py
[2026-06-19T16:39:23.241+0000] {processor.py:914} INFO - Processing file /home/airflow/.local/lib/python3.12/site-packages/airflow/example_dags/example_dag_decorator.py for tasks to queue
[2026-06-19T16:39:23.248+0000] {logging_mixin.py:190} INFO - [2026-06-19T16:39:23.247+0000] {dagbag.py:588} INFO - Filling up the DagBag from /home/airflow/.local/lib/python3.12/site-packages/airflow/example_dags/example_dag_decorator.py
[2026-06-19T16:39:23.585+0000] {processor.py:925} INFO - DAG(s) 'example_dag_decorator' retrieved from /home/airflow/.local/lib/python3.12/site-packages/airflow/example_dags/example_dag_decorator.py
[2026-06-19T16:39:24.008+0000] {logging_mixin.py:190} INFO - [2026-06-19T16:39:24.007+0000] {dag.py:3239} INFO - Sync 1 DAGs
[2026-06-19T16:39:24.057+0000] {logging_mixin.py:190} INFO - [2026-06-19T16:39:24.056+0000] {dag.py:4180} INFO - Setting next_dagrun for example_dag_decorator to None, run_after=None
[2026-06-19T16:39:24.108+0000] {processor.py:208} INFO - Processing /home/airflow/.local/lib/python3.12/site-packages/airflow/example_dags/example_dag_decorator.py took 0.892 seconds
[2026-06-19T16:39:54.666+0000] {processor.py:186} INFO - Started process (PID=230) to work on /home/airflow/.local/lib/python3.12/site-packages/airflow/example_dags/example_dag_decorator.py
[2026-06-19T16:39:54.670+0000] {processor.py:914} INFO - Processing file /home/airflow/.local/lib/python3.12/site-packages/airflow/example_dags/example_dag_decorator.py for tasks to queue
[2026-06-19T16:39:54.679+0000] {logging_mixin.py:190} INFO - [2026-06-19T16:39:54.679+0000] {dagbag.py:588} INFO - Filling up the DagBag from /home/airflow/.local/lib/python3.12/site-packages/airflow/example_dags/example_dag_decorator.py
[2026-06-19T16:39:54.920+0000] {processor.py:925} INFO - DAG(s) 'example_dag_decorator' retrieved from /home/airflow/.local/lib/python3.12/site-packages/airflow/example_dags/example_dag_decorator.py
[2026-06-19T16:39:55.242+0000] {logging_mixin.py:190} INFO - [2026-06-19T16:39:55.242+0000] {dag.py:3239} INFO - Sync 1 DAGs
[2026-06-19T16:39:55.273+0000] {logging_mixin.py:190} INFO - [2026-06-19T16:39:55.272+0000] {dag.py:4180} INFO - Setting next_dagrun for example_dag_decorator to None, run_after=None
[2026-06-19T16:39:55.325+0000] {processor.py:208} INFO - Processing /home/airflow/.local/lib/python3.12/site-packages/airflow/example_dags/example_dag_decorator.py took 0.680 seconds
[2026-06-19T16:42:14.814+0000] {processor.py:186} INFO - Started process (PID=113) to work on /home/airflow/.local/lib/python3.12/site-packages/airflow/example_dags/example_dag_decorator.py
[2026-06-19T16:42:14.820+0000] {processor.py:914} INFO - Processing file /home/airflow/.local/lib/python3.12/site-packages/airflow/example_dags/example_dag_decorator.py for tasks to queue
[2026-06-19T16:42:14.838+0000] {logging_mixin.py:190} INFO - [2026-06-19T16:42:14.837+0000] {dagbag.py:588} INFO - Filling up the DagBag from /home/airflow/.local/lib/python3.12/site-packages/airflow/example_dags/example_dag_decorator.py
[2026-06-19T16:42:16.742+0000] {processor.py:925} INFO - DAG(s) 'example_dag_decorator' retrieved from /home/airflow/.local/lib/python3.12/site-packages/airflow/example_dags/example_dag_decorator.py
[2026-06-19T16:42:17.346+0000] {logging_mixin.py:190} INFO - [2026-06-19T16:42:17.339+0000] {dag.py:3239} INFO - Sync 1 DAGs
[2026-06-19T16:42:17.390+0000] {logging_mixin.py:190} INFO - [2026-06-19T16:42:17.390+0000] {dag.py:4180} INFO - Setting next_dagrun for example_dag_decorator to None, run_after=None
[2026-06-19T16:42:17.451+0000] {processor.py:208} INFO - Processing /home/airflow/.local/lib/python3.12/site-packages/airflow/example_dags/example_dag_decorator.py took 2.679 seconds
[2026-06-19T16:43:16.808+0000] {processor.py:186} INFO - Started process (PID=203) to work on /home/airflow/.local/lib/python3.12/site-packages/airflow/example_dags/example_dag_decorator.py
[2026-06-19T16:43:16.818+0000] {processor.py:914} INFO - Processing file /home/airflow/.local/lib/python3.12/site-packages/airflow/example_dags/example_dag_decorator.py for tasks to queue
[2026-06-19T16:43:16.830+0000] {logging_mixin.py:190} INFO - [2026-06-19T16:43:16.830+0000] {dagbag.py:588} INFO - Filling up the DagBag from /home/airflow/.local/lib/python3.12/site-packages/airflow/example_dags/example_dag_decorator.py
[2026-06-19T16:43:17.560+0000] {processor.py:925} INFO - DAG(s) 'example_dag_decorator' retrieved from /home/airflow/.local/lib/python3.12/site-packages/airflow/example_dags/example_dag_decorator.py
[2026-06-19T16:43:18.177+0000] {logging_mixin.py:190} INFO - [2026-06-19T16:43:18.172+0000] {dag.py:3239} INFO - Sync 1 DAGs
[2026-06-19T16:43:18.241+0000] {logging_mixin.py:190} INFO - [2026-06-19T16:43:18.240+0000] {dag.py:4180} INFO - Setting next_dagrun for example_dag_decorator to None, run_after=None
[2026-06-19T16:43:18.369+0000] {processor.py:208} INFO - Processing /home/airflow/.local/lib/python3.12/site-packages/airflow/example_dags/example_dag_decorator.py took 1.612 seconds
[2026-06-19T16:43:53.060+0000] {processor.py:186} INFO - Started process (PID=267) to work on /home/airflow/.local/lib/python3.12/site-packages/airflow/example_dags/example_dag_decorator.py
[2026-06-19T16:43:53.073+0000] {processor.py:914} INFO - Processing file /home/airflow/.local/lib/python3.12/site-packages/airflow/example_dags/example_dag_decorator.py for tasks to queue
[2026-06-19T16:43:53.096+0000] {logging_mixin.py:190} INFO - [2026-06-19T16:43:53.095+0000] {dagbag.py:588} INFO - Filling up the DagBag from /home/airflow/.local/lib/python3.12/site-packages/airflow/example_dags/example_dag_decorator.py
[2026-06-19T16:43:53.940+0000] {processor.py:925} INFO - DAG(s) 'example_dag_decorator' retrieved from /home/airflow/.local/lib/python3.12/site-packages/airflow/example_dags/example_dag_decorator.py
[2026-06-19T16:43:54.729+0000] {logging_mixin.py:190} INFO - [2026-06-19T16:43:54.718+0000] {dag.py:3239} INFO - Sync 1 DAGs
[2026-06-19T16:43:54.829+0000] {logging_mixin.py:190} INFO - [2026-06-19T16:43:54.828+0000] {dag.py:4180} INFO - Setting next_dagrun for example_dag_decorator to None, run_after=None
[2026-06-19T16:43:54.955+0000] {processor.py:208} INFO - Processing /home/airflow/.local/lib/python3.12/site-packages/airflow/example_dags/example_dag_decorator.py took 1.916 seconds
[2026-06-19T16:44:31.357+0000] {processor.py:186} INFO - Started process (PID=334) to work on /home/airflow/.local/lib/python3.12/site-packages/airflow/example_dags/example_dag_decorator.py
[2026-06-19T16:44:31.369+0000] {processor.py:914} INFO - Processing file /home/airflow/.local/lib/python3.12/site-packages/airflow/example_dags/example_dag_decorator.py for tasks to queue
[2026-06-19T16:44:31.389+0000] {logging_mixin.py:190} INFO - [2026-06-19T16:44:31.388+0000] {dagbag.py:588} INFO - Filling up the DagBag from /home/airflow/.local/lib/python3.12/site-packages/airflow/example_dags/example_dag_decorator.py
[2026-06-19T16:44:31.750+0000] {processor.py:925} INFO - DAG(s) 'example_dag_decorator' retrieved from /home/airflow/.local/lib/python3.12/site-packages/airflow/example_dags/example_dag_decorator.py
[2026-06-19T16:44:32.058+0000] {logging_mixin.py:190} INFO - [2026-06-19T16:44:32.058+0000] {dag.py:3239} INFO - Sync 1 DAGs
[2026-06-19T16:44:32.087+0000] {logging_mixin.py:190} INFO - [2026-06-19T16:44:32.086+0000] {dag.py:4180} INFO - Setting next_dagrun for example_dag_decorator to None, run_after=None
[2026-06-19T16:44:32.152+0000] {processor.py:208} INFO - Processing /home/airflow/.local/lib/python3.12/site-packages/airflow/example_dags/example_dag_decorator.py took 0.831 seconds
[2026-06-19T16:45:04.354+0000] {processor.py:186} INFO - Started process (PID=398) to work on /home/airflow/.local/lib/python3.12/site-packages/airflow/example_dags/example_dag_decorator.py
[2026-06-19T16:45:04.415+0000] {processor.py:914} INFO - Processing file /home/airflow/.local/lib/python3.12/site-packages/airflow/example_dags/example_dag_decorator.py for tasks to queue
[2026-06-19T16:45:04.491+0000] {logging_mixin.py:190} INFO - [2026-06-19T16:45:04.490+0000] {dagbag.py:588} INFO - Filling up the DagBag from /home/airflow/.local/lib/python3.12/site-packages/airflow/example_dags/example_dag_decorator.py
[2026-06-19T16:45:05.478+0000] {processor.py:925} INFO - DAG(s) 'example_dag_decorator' retrieved from /home/airflow/.local/lib/python3.12/site-packages/airflow/example_dags/example_dag_decorator.py
[2026-06-19T16:45:06.239+0000] {logging_mixin.py:190} INFO - [2026-06-19T16:45:06.239+0000] {dag.py:3239} INFO - Sync 1 DAGs
[2026-06-19T16:45:06.437+0000] {logging_mixin.py:190} INFO - [2026-06-19T16:45:06.432+0000] {dag.py:4180} INFO - Setting next_dagrun for example_dag_decorator to None, run_after=None
[2026-06-19T16:45:06.608+0000] {processor.py:208} INFO - Processing /home/airflow/.local/lib/python3.12/site-packages/airflow/example_dags/example_dag_decorator.py took 2.322 seconds
[2026-06-19T16:45:37.464+0000] {processor.py:186} INFO - Started process (PID=464) to work on /home/airflow/.local/lib/python3.12/site-packages/airflow/example_dags/example_dag_decorator.py
[2026-06-19T16:45:37.470+0000] {processor.py:914} INFO - Processing file /home/airflow/.local/lib/python3.12/site-packages/airflow/example_dags/example_dag_decorator.py for tasks to queue
[2026-06-19T16:45:37.479+0000] {logging_mixin.py:190} INFO - [2026-06-19T16:45:37.478+0000] {dagbag.py:588} INFO - Filling up the DagBag from /home/airflow/.local/lib/python3.12/site-packages/airflow/example_dags/example_dag_decorator.py
[2026-06-19T16:45:37.804+0000] {processor.py:925} INFO - DAG(s) 'example_dag_decorator' retrieved from /home/airflow/.local/lib/python3.12/site-packages/airflow/example_dags/example_dag_decorator.py
[2026-06-19T16:45:38.049+0000] {logging_mixin.py:190} INFO - [2026-06-19T16:45:38.048+0000] {dag.py:3239} INFO - Sync 1 DAGs
[2026-06-19T16:45:38.081+0000] {logging_mixin.py:190} INFO - [2026-06-19T16:45:38.080+0000] {dag.py:4180} INFO - Setting next_dagrun for example_dag_decorator to None, run_after=None
[2026-06-19T16:45:38.126+0000] {processor.py:208} INFO - Processing /home/airflow/.local/lib/python3.12/site-packages/airflow/example_dags/example_dag_decorator.py took 0.694 seconds
[2026-06-19T16:46:08.489+0000] {processor.py:186} INFO - Started process (PID=528) to work on /home/airflow/.local/lib/python3.12/site-packages/airflow/example_dags/example_dag_decorator.py
[2026-06-19T16:46:08.496+0000] {processor.py:914} INFO - Processing file /home/airflow/.local/lib/python3.12/site-packages/airflow/example_dags/example_dag_decorator.py for tasks to queue
[2026-06-19T16:46:08.516+0000] {logging_mixin.py:190} INFO - [2026-06-19T16:46:08.515+0000] {dagbag.py:588} INFO - Filling up the DagBag from /home/airflow/.local/lib/python3.12/site-packages/airflow/example_dags/example_dag_decorator.py
[2026-06-19T16:46:09.090+0000] {processor.py:925} INFO - DAG(s) 'example_dag_decorator' retrieved from /home/airflow/.local/lib/python3.12/site-packages/airflow/example_dags/example_dag_decorator.py
[2026-06-19T16:46:10.268+0000] {logging_mixin.py:190} INFO - [2026-06-19T16:46:10.267+0000] {dag.py:3239} INFO - Sync 1 DAGs
[2026-06-19T16:46:10.328+0000] {logging_mixin.py:190} INFO - [2026-06-19T16:46:10.328+0000] {dag.py:4180} INFO - Setting next_dagrun for example_dag_decorator to None, run_after=None
[2026-06-19T16:46:10.438+0000] {processor.py:208} INFO - Processing /home/airflow/.local/lib/python3.12/site-packages/airflow/example_dags/example_dag_decorator.py took 1.982 seconds
[2026-06-19T16:46:40.655+0000] {processor.py:186} INFO - Started process (PID=591) to work on /home/airflow/.local/lib/python3.12/site-packages/airflow/example_dags/example_dag_decorator.py
[2026-06-19T16:46:40.664+0000] {processor.py:914} INFO - Processing file /home/airflow/.local/lib/python3.12/site-packages/airflow/example_dags/example_dag_decorator.py for tasks to queue
[2026-06-19T16:46:40.677+0000] {logging_mixin.py:190} INFO - [2026-06-19T16:46:40.676+0000] {dagbag.py:588} INFO - Filling up the DagBag from /home/airflow/.local/lib/python3.12/site-packages/airflow/example_dags/example_dag_decorator.py
[2026-06-19T16:46:41.318+0000] {processor.py:925} INFO - DAG(s) 'example_dag_decorator' retrieved from /home/airflow/.local/lib/python3.12/site-packages/airflow/example_dags/example_dag_decorator.py
[2026-06-19T16:46:41.961+0000] {logging_mixin.py:190} INFO - [2026-06-19T16:46:41.960+0000] {dag.py:3239} INFO - Sync 1 DAGs
[2026-06-19T16:46:42.016+0000] {logging_mixin.py:190} INFO - [2026-06-19T16:46:42.015+0000] {dag.py:4180} INFO - Setting next_dagrun for example_dag_decorator to None, run_after=None
[2026-06-19T16:46:42.094+0000] {processor.py:208} INFO - Processing /home/airflow/.local/lib/python3.12/site-packages/airflow/example_dags/example_dag_decorator.py took 1.486 seconds
[2026-06-19T16:47:12.585+0000] {processor.py:186} INFO - Started process (PID=657) to work on /home/airflow/.local/lib/python3.12/site-packages/airflow/example_dags/example_dag_decorator.py
[2026-06-19T16:47:12.589+0000] {processor.py:914} INFO - Processing file /home/airflow/.local/lib/python3.12/site-packages/airflow/example_dags/example_dag_decorator.py for tasks to queue
[2026-06-19T16:47:12.598+0000] {logging_mixin.py:190} INFO - [2026-06-19T16:47:12.597+0000] {dagbag.py:588} INFO - Filling up the DagBag from /home/airflow/.local/lib/python3.12/site-packages/airflow/example_dags/example_dag_decorator.py
[2026-06-19T16:47:12.916+0000] {processor.py:925} INFO - DAG(s) 'example_dag_decorator' retrieved from /home/airflow/.local/lib/python3.12/site-packages/airflow/example_dags/example_dag_decorator.py
[2026-06-19T16:47:13.354+0000] {logging_mixin.py:190} INFO - [2026-06-19T16:47:13.353+0000] {dag.py:3239} INFO - Sync 1 DAGs
[2026-06-19T16:47:13.385+0000] {logging_mixin.py:190} INFO - [2026-06-19T16:47:13.385+0000] {dag.py:4180} INFO - Setting next_dagrun for example_dag_decorator to None, run_after=None
[2026-06-19T16:47:13.431+0000] {processor.py:208} INFO - Processing /home/airflow/.local/lib/python3.12/site-packages/airflow/example_dags/example_dag_decorator.py took 0.864 seconds
[2026-06-19T16:47:44.096+0000] {processor.py:186} INFO - Started process (PID=722) to work on /home/airflow/.local/lib/python3.12/site-packages/airflow/example_dags/example_dag_decorator.py
[2026-06-19T16:47:44.101+0000] {processor.py:914} INFO - Processing file /home/airflow/.local/lib/python3.12/site-packages/airflow/example_dags/example_dag_decorator.py for tasks to queue
[2026-06-19T16:47:44.113+0000] {logging_mixin.py:190} INFO - [2026-06-19T16:47:44.111+0000] {dagbag.py:588} INFO - Filling up the DagBag from /home/airflow/.local/lib/python3.12/site-packages/airflow/example_dags/example_dag_decorator.py
[2026-06-19T16:47:44.996+0000] {processor.py:925} INFO - DAG(s) 'example_dag_decorator' retrieved from /home/airflow/.local/lib/python3.12/site-packages/airflow/example_dags/example_dag_decorator.py
[2026-06-19T16:47:45.472+0000] {logging_mixin.py:190} INFO - [2026-06-19T16:47:45.471+0000] {dag.py:3239} INFO - Sync 1 DAGs
[2026-06-19T16:47:45.528+0000] {logging_mixin.py:190} INFO - [2026-06-19T16:47:45.527+0000] {dag.py:4180} INFO - Setting next_dagrun for example_dag_decorator to None, run_after=None
[2026-06-19T16:47:45.586+0000] {processor.py:208} INFO - Processing /home/airflow/.local/lib/python3.12/site-packages/airflow/example_dags/example_dag_decorator.py took 1.515 seconds
[2026-06-19T16:48:15.735+0000] {processor.py:186} INFO - Started process (PID=785) to work on /home/airflow/.local/lib/python3.12/site-packages/airflow/example_dags/example_dag_decorator.py
[2026-06-19T16:48:15.744+0000] {processor.py:914} INFO - Processing file /home/airflow/.local/lib/python3.12/site-packages/airflow/example_dags/example_dag_decorator.py for tasks to queue
[2026-06-19T16:48:15.766+0000] {logging_mixin.py:190} INFO - [2026-06-19T16:48:15.765+0000] {dagbag.py:588} INFO - Filling up the DagBag from /home/airflow/.local/lib/python3.12/site-packages/airflow/example_dags/example_dag_decorator.py
[2026-06-19T16:48:16.270+0000] {processor.py:925} INFO - DAG(s) 'example_dag_decorator' retrieved from /home/airflow/.local/lib/python3.12/site-packages/airflow/example_dags/example_dag_decorator.py
[2026-06-19T16:48:16.609+0000] {logging_mixin.py:190} INFO - [2026-06-19T16:48:16.609+0000] {dag.py:3239} INFO - Sync 1 DAGs
[2026-06-19T16:48:16.648+0000] {logging_mixin.py:190} INFO - [2026-06-19T16:48:16.648+0000] {dag.py:4180} INFO - Setting next_dagrun for example_dag_decorator to None, run_after=None
[2026-06-19T16:48:16.705+0000] {processor.py:208} INFO - Processing /home/airflow/.local/lib/python3.12/site-packages/airflow/example_dags/example_dag_decorator.py took 1.006 seconds
[2026-06-19T16:48:47.204+0000] {processor.py:186} INFO - Started process (PID=850) to work on /home/airflow/.local/lib/python3.12/site-packages/airflow/example_dags/example_dag_decorator.py
[2026-06-19T16:48:47.211+0000] {processor.py:914} INFO - Processing file /home/airflow/.local/lib/python3.12/site-packages/airflow/example_dags/example_dag_decorator.py for tasks to queue
[2026-06-19T16:48:47.221+0000] {logging_mixin.py:190} INFO - [2026-06-19T16:48:47.220+0000] {dagbag.py:588} INFO - Filling up the DagBag from /home/airflow/.local/lib/python3.12/site-packages/airflow/example_dags/example_dag_decorator.py
[2026-06-19T16:48:47.611+0000] {processor.py:925} INFO - DAG(s) 'example_dag_decorator' retrieved from /home/airflow/.local/lib/python3.12/site-packages/airflow/example_dags/example_dag_decorator.py
[2026-06-19T16:48:48.100+0000] {logging_mixin.py:190} INFO - [2026-06-19T16:48:48.099+0000] {dag.py:3239} INFO - Sync 1 DAGs
[2026-06-19T16:48:48.154+0000] {logging_mixin.py:190} INFO - [2026-06-19T16:48:48.154+0000] {dag.py:4180} INFO - Setting next_dagrun for example_dag_decorator to None, run_after=None
[2026-06-19T16:48:48.220+0000] {processor.py:208} INFO - Processing /home/airflow/.local/lib/python3.12/site-packages/airflow/example_dags/example_dag_decorator.py took 1.038 seconds
[2026-06-19T16:49:20.070+0000] {processor.py:186} INFO - Started process (PID=916) to work on /home/airflow/.local/lib/python3.12/site-packages/airflow/example_dags/example_dag_decorator.py
[2026-06-19T16:49:20.076+0000] {processor.py:914} INFO - Processing file /home/airflow/.local/lib/python3.12/site-packages/airflow/example_dags/example_dag_decorator.py for tasks to queue
[2026-06-19T16:49:20.086+0000] {logging_mixin.py:190} INFO - [2026-06-19T16:49:20.085+0000] {dagbag.py:588} INFO - Filling up the DagBag from /home/airflow/.local/lib/python3.12/site-packages/airflow/example_dags/example_dag_decorator.py
[2026-06-19T16:49:20.519+0000] {processor.py:925} INFO - DAG(s) 'example_dag_decorator' retrieved from /home/airflow/.local/lib/python3.12/site-packages/airflow/example_dags/example_dag_decorator.py
[2026-06-19T16:49:21.008+0000] {logging_mixin.py:190} INFO - [2026-06-19T16:49:21.007+0000] {dag.py:3239} INFO - Sync 1 DAGs
[2026-06-19T16:49:21.370+0000] {logging_mixin.py:190} INFO - [2026-06-19T16:49:21.370+0000] {dag.py:4180} INFO - Setting next_dagrun for example_dag_decorator to None, run_after=None
[2026-06-19T16:49:21.418+0000] {processor.py:208} INFO - Processing /home/airflow/.local/lib/python3.12/site-packages/airflow/example_dags/example_dag_decorator.py took 1.370 seconds
[2026-06-19T16:49:53.384+0000] {processor.py:186} INFO - Started process (PID=983) to work on /home/airflow/.local/lib/python3.12/site-packages/airflow/example_dags/example_dag_decorator.py
[2026-06-19T16:49:53.390+0000] {processor.py:914} INFO - Processing file /home/airflow/.local/lib/python3.12/site-packages/airflow/example_dags/example_dag_decorator.py for tasks to queue
[2026-06-19T16:49:53.398+0000] {logging_mixin.py:190} INFO - [2026-06-19T16:49:53.397+0000] {dagbag.py:588} INFO - Filling up the DagBag from /home/airflow/.local/lib/python3.12/site-packages/airflow/example_dags/example_dag_decorator.py
[2026-06-19T16:49:53.808+0000] {processor.py:925} INFO - DAG(s) 'example_dag_decorator' retrieved from /home/airflow/.local/lib/python3.12/site-packages/airflow/example_dags/example_dag_decorator.py
[2026-06-19T16:49:54.309+0000] {logging_mixin.py:190} INFO - [2026-06-19T16:49:54.308+0000] {dag.py:3239} INFO - Sync 1 DAGs
[2026-06-19T16:49:54.380+0000] {logging_mixin.py:190} INFO - [2026-06-19T16:49:54.379+0000] {dag.py:4180} INFO - Setting next_dagrun for example_dag_decorator to None, run_after=None
[2026-06-19T16:49:54.447+0000] {processor.py:208} INFO - Processing /home/airflow/.local/lib/python3.12/site-packages/airflow/example_dags/example_dag_decorator.py took 1.079 seconds
[2026-06-19T16:50:24.663+0000] {processor.py:186} INFO - Started process (PID=1046) to work on /home/airflow/.local/lib/python3.12/site-packages/airflow/example_dags/example_dag_decorator.py
[2026-06-19T16:50:24.668+0000] {processor.py:914} INFO - Processing file /home/airflow/.local/lib/python3.12/site-packages/airflow/example_dags/example_dag_decorator.py for tasks to queue
[2026-06-19T16:50:24.676+0000] {logging_mixin.py:190} INFO - [2026-06-19T16:50:24.675+0000] {dagbag.py:588} INFO - Filling up the DagBag from /home/airflow/.local/lib/python3.12/site-packages/airflow/example_dags/example_dag_decorator.py
[2026-06-19T16:50:25.031+0000] {processor.py:925} INFO - DAG(s) 'example_dag_decorator' retrieved from /home/airflow/.local/lib/python3.12/site-packages/airflow/example_dags/example_dag_decorator.py
[2026-06-19T16:50:25.457+0000] {logging_mixin.py:190} INFO - [2026-06-19T16:50:25.456+0000] {dag.py:3239} INFO - Sync 1 DAGs
[2026-06-19T16:50:25.513+0000] {logging_mixin.py:190} INFO - [2026-06-19T16:50:25.513+0000] {dag.py:4180} INFO - Setting next_dagrun for example_dag_decorator to None, run_after=None
[2026-06-19T16:50:25.567+0000] {processor.py:208} INFO - Processing /home/airflow/.local/lib/python3.12/site-packages/airflow/example_dags/example_dag_decorator.py took 0.922 seconds
[2026-06-19T16:50:55.837+0000] {processor.py:186} INFO - Started process (PID=1110) to work on /home/airflow/.local/lib/python3.12/site-packages/airflow/example_dags/example_dag_decorator.py
[2026-06-19T16:50:55.841+0000] {processor.py:914} INFO - Processing file /home/airflow/.local/lib/python3.12/site-packages/airflow/example_dags/example_dag_decorator.py for tasks to queue
[2026-06-19T16:50:55.849+0000] {logging_mixin.py:190} INFO - [2026-06-19T16:50:55.848+0000] {dagbag.py:588} INFO - Filling up the DagBag from /home/airflow/.local/lib/python3.12/site-packages/airflow/example_dags/example_dag_decorator.py
[2026-06-19T16:50:56.066+0000] {processor.py:925} INFO - DAG(s) 'example_dag_decorator' retrieved from /home/airflow/.local/lib/python3.12/site-packages/airflow/example_dags/example_dag_decorator.py
[2026-06-19T16:50:56.391+0000] {logging_mixin.py:190} INFO - [2026-06-19T16:50:56.391+0000] {dag.py:3239} INFO - Sync 1 DAGs
[2026-06-19T16:50:56.421+0000] {logging_mixin.py:190} INFO - [2026-06-19T16:50:56.421+0000] {dag.py:4180} INFO - Setting next_dagrun for example_dag_decorator to None, run_after=None
[2026-06-19T16:50:56.478+0000] {processor.py:208} INFO - Processing /home/airflow/.local/lib/python3.12/site-packages/airflow/example_dags/example_dag_decorator.py took 0.656 seconds
[2026-06-19T16:51:26.692+0000] {processor.py:186} INFO - Started process (PID=1174) to work on /home/airflow/.local/lib/python3.12/site-packages/airflow/example_dags/example_dag_decorator.py
[2026-06-19T16:51:26.698+0000] {processor.py:914} INFO - Processing file /home/airflow/.local/lib/python3.12/site-packages/airflow/example_dags/example_dag_decorator.py for tasks to queue
[2026-06-19T16:51:26.717+0000] {logging_mixin.py:190} INFO - [2026-06-19T16:51:26.715+0000] {dagbag.py:588} INFO - Filling up the DagBag from /home/airflow/.local/lib/python3.12/site-packages/airflow/example_dags/example_dag_decorator.py
[2026-06-19T16:51:27.292+0000] {processor.py:925} INFO - DAG(s) 'example_dag_decorator' retrieved from /home/airflow/.local/lib/python3.12/site-packages/airflow/example_dags/example_dag_decorator.py
[2026-06-19T16:51:27.787+0000] {logging_mixin.py:190} INFO - [2026-06-19T16:51:27.787+0000] {dag.py:3239} INFO - Sync 1 DAGs
[2026-06-19T16:51:27.831+0000] {logging_mixin.py:190} INFO - [2026-06-19T16:51:27.831+0000] {dag.py:4180} INFO - Setting next_dagrun for example_dag_decorator to None, run_after=None
[2026-06-19T16:51:27.885+0000] {processor.py:208} INFO - Processing /home/airflow/.local/lib/python3.12/site-packages/airflow/example_dags/example_dag_decorator.py took 1.245 seconds
[2026-06-19T16:51:58.314+0000] {processor.py:186} INFO - Started process (PID=1237) to work on /home/airflow/.local/lib/python3.12/site-packages/airflow/example_dags/example_dag_decorator.py
[2026-06-19T16:51:58.318+0000] {processor.py:914} INFO - Processing file /home/airflow/.local/lib/python3.12/site-packages/airflow/example_dags/example_dag_decorator.py for tasks to queue
[2026-06-19T16:51:58.323+0000] {logging_mixin.py:190} INFO - [2026-06-19T16:51:58.323+0000] {dagbag.py:588} INFO - Filling up the DagBag from /home/airflow/.local/lib/python3.12/site-packages/airflow/example_dags/example_dag_decorator.py
[2026-06-19T16:51:58.482+0000] {processor.py:925} INFO - DAG(s) 'example_dag_decorator' retrieved from /home/airflow/.local/lib/python3.12/site-packages/airflow/example_dags/example_dag_decorator.py
[2026-06-19T16:51:58.682+0000] {logging_mixin.py:190} INFO - [2026-06-19T16:51:58.681+0000] {dag.py:3239} INFO - Sync 1 DAGs
[2026-06-19T16:51:58.705+0000] {logging_mixin.py:190} INFO - [2026-06-19T16:51:58.705+0000] {dag.py:4180} INFO - Setting next_dagrun for example_dag_decorator to None, run_after=None
[2026-06-19T16:51:58.740+0000] {processor.py:208} INFO - Processing /home/airflow/.local/lib/python3.12/site-packages/airflow/example_dags/example_dag_decorator.py took 0.435 seconds
[2026-06-19T16:52:29.195+0000] {processor.py:186} INFO - Started process (PID=1301) to work on /home/airflow/.local/lib/python3.12/site-packages/airflow/example_dags/example_dag_decorator.py
[2026-06-19T16:52:29.201+0000] {processor.py:914} INFO - Processing file /home/airflow/.local/lib/python3.12/site-packages/airflow/example_dags/example_dag_decorator.py for tasks to queue
[2026-06-19T16:52:29.214+0000] {logging_mixin.py:190} INFO - [2026-06-19T16:52:29.213+0000] {dagbag.py:588} INFO - Filling up the DagBag from /home/airflow/.local/lib/python3.12/site-packages/airflow/example_dags/example_dag_decorator.py
[2026-06-19T16:52:29.664+0000] {processor.py:925} INFO - DAG(s) 'example_dag_decorator' retrieved from /home/airflow/.local/lib/python3.12/site-packages/airflow/example_dags/example_dag_decorator.py
[2026-06-19T16:52:30.197+0000] {logging_mixin.py:190} INFO - [2026-06-19T16:52:30.195+0000] {dag.py:3239} INFO - Sync 1 DAGs
[2026-06-19T16:52:30.282+0000] {logging_mixin.py:190} INFO - [2026-06-19T16:52:30.281+0000] {dag.py:4180} INFO - Setting next_dagrun for example_dag_decorator to None, run_after=None
[2026-06-19T16:52:30.369+0000] {processor.py:208} INFO - Processing /home/airflow/.local/lib/python3.12/site-packages/airflow/example_dags/example_dag_decorator.py took 1.191 seconds
[2026-06-19T16:53:00.891+0000] {processor.py:186} INFO - Started process (PID=1367) to work on /home/airflow/.local/lib/python3.12/site-packages/airflow/example_dags/example_dag_decorator.py
[2026-06-19T16:53:00.901+0000] {processor.py:914} INFO - Processing file /home/airflow/.local/lib/python3.12/site-packages/airflow/example_dags/example_dag_decorator.py for tasks to queue
[2026-06-19T16:53:00.910+0000] {logging_mixin.py:190} INFO - [2026-06-19T16:53:00.909+0000] {dagbag.py:588} INFO - Filling up the DagBag from /home/airflow/.local/lib/python3.12/site-packages/airflow/example_dags/example_dag_decorator.py
[2026-06-19T16:53:01.204+0000] {processor.py:925} INFO - DAG(s) 'example_dag_decorator' retrieved from /home/airflow/.local/lib/python3.12/site-packages/airflow/example_dags/example_dag_decorator.py
[2026-06-19T16:53:01.463+0000] {logging_mixin.py:190} INFO - [2026-06-19T16:53:01.462+0000] {dag.py:3239} INFO - Sync 1 DAGs
[2026-06-19T16:53:01.497+0000] {logging_mixin.py:190} INFO - [2026-06-19T16:53:01.496+0000] {dag.py:4180} INFO - Setting next_dagrun for example_dag_decorator to None, run_after=None
[2026-06-19T16:53:01.549+0000] {processor.py:208} INFO - Processing /home/airflow/.local/lib/python3.12/site-packages/airflow/example_dags/example_dag_decorator.py took 0.675 seconds
[2026-06-19T16:53:32.356+0000] {processor.py:186} INFO - Started process (PID=1437) to work on /home/airflow/.local/lib/python3.12/site-packages/airflow/example_dags/example_dag_decorator.py
[2026-06-19T16:53:32.387+0000] {processor.py:914} INFO - Processing file /home/airflow/.local/lib/python3.12/site-packages/airflow/example_dags/example_dag_decorator.py for tasks to queue
[2026-06-19T16:53:32.460+0000] {logging_mixin.py:190} INFO - [2026-06-19T16:53:32.452+0000] {dagbag.py:588} INFO - Filling up the DagBag from /home/airflow/.local/lib/python3.12/site-packages/airflow/example_dags/example_dag_decorator.py
[2026-06-19T16:53:33.454+0000] {processor.py:925} INFO - DAG(s) 'example_dag_decorator' retrieved from /home/airflow/.local/lib/python3.12/site-packages/airflow/example_dags/example_dag_decorator.py
[2026-06-19T16:53:34.100+0000] {logging_mixin.py:190} INFO - [2026-06-19T16:53:34.096+0000] {dag.py:3239} INFO - Sync 1 DAGs
[2026-06-19T16:53:34.200+0000] {logging_mixin.py:190} INFO - [2026-06-19T16:53:34.199+0000] {dag.py:4180} INFO - Setting next_dagrun for example_dag_decorator to None, run_after=None
[2026-06-19T16:53:34.299+0000] {processor.py:208} INFO - Processing /home/airflow/.local/lib/python3.12/site-packages/airflow/example_dags/example_dag_decorator.py took 1.969 seconds
[2026-06-19T16:54:04.602+0000] {processor.py:186} INFO - Started process (PID=1500) to work on /home/airflow/.local/lib/python3.12/site-packages/airflow/example_dags/example_dag_decorator.py
[2026-06-19T16:54:04.606+0000] {processor.py:914} INFO - Processing file /home/airflow/.local/lib/python3.12/site-packages/airflow/example_dags/example_dag_decorator.py for tasks to queue
[2026-06-19T16:54:04.616+0000] {logging_mixin.py:190} INFO - [2026-06-19T16:54:04.613+0000] {dagbag.py:588} INFO - Filling up the DagBag from /home/airflow/.local/lib/python3.12/site-packages/airflow/example_dags/example_dag_decorator.py
[2026-06-19T16:54:04.943+0000] {processor.py:925} INFO - DAG(s) 'example_dag_decorator' retrieved from /home/airflow/.local/lib/python3.12/site-packages/airflow/example_dags/example_dag_decorator.py
[2026-06-19T16:54:05.262+0000] {logging_mixin.py:190} INFO - [2026-06-19T16:54:05.261+0000] {dag.py:3239} INFO - Sync 1 DAGs
[2026-06-19T16:54:05.305+0000] {logging_mixin.py:190} INFO - [2026-06-19T16:54:05.305+0000] {dag.py:4180} INFO - Setting next_dagrun for example_dag_decorator to None, run_after=None
[2026-06-19T16:54:05.351+0000] {processor.py:208} INFO - Processing /home/airflow/.local/lib/python3.12/site-packages/airflow/example_dags/example_dag_decorator.py took 0.767 seconds
[2026-06-19T16:54:35.793+0000] {processor.py:186} INFO - Started process (PID=1564) to work on /home/airflow/.local/lib/python3.12/site-packages/airflow/example_dags/example_dag_decorator.py
[2026-06-19T16:54:35.797+0000] {processor.py:914} INFO - Processing file /home/airflow/.local/lib/python3.12/site-packages/airflow/example_dags/example_dag_decorator.py for tasks to queue
[2026-06-19T16:54:35.803+0000] {logging_mixin.py:190} INFO - [2026-06-19T16:54:35.802+0000] {dagbag.py:588} INFO - Filling up the DagBag from /home/airflow/.local/lib/python3.12/site-packages/airflow/example_dags/example_dag_decorator.py
[2026-06-19T16:54:36.018+0000] {processor.py:925} INFO - DAG(s) 'example_dag_decorator' retrieved from /home/airflow/.local/lib/python3.12/site-packages/airflow/example_dags/example_dag_decorator.py
[2026-06-19T16:54:36.219+0000] {logging_mixin.py:190} INFO - [2026-06-19T16:54:36.218+0000] {dag.py:3239} INFO - Sync 1 DAGs
[2026-06-19T16:54:36.246+0000] {logging_mixin.py:190} INFO - [2026-06-19T16:54:36.246+0000] {dag.py:4180} INFO - Setting next_dagrun for example_dag_decorator to None, run_after=None
[2026-06-19T16:54:36.283+0000] {processor.py:208} INFO - Processing /home/airflow/.local/lib/python3.12/site-packages/airflow/example_dags/example_dag_decorator.py took 0.501 seconds
[2026-06-19T16:55:06.625+0000] {processor.py:186} INFO - Started process (PID=1628) to work on /home/airflow/.local/lib/python3.12/site-packages/airflow/example_dags/example_dag_decorator.py
[2026-06-19T16:55:06.632+0000] {processor.py:914} INFO - Processing file /home/airflow/.local/lib/python3.12/site-packages/airflow/example_dags/example_dag_decorator.py for tasks to queue
[2026-06-19T16:55:06.640+0000] {logging_mixin.py:190} INFO - [2026-06-19T16:55:06.639+0000] {dagbag.py:588} INFO - Filling up the DagBag from /home/airflow/.local/lib/python3.12/site-packages/airflow/example_dags/example_dag_decorator.py
[2026-06-19T16:55:07.073+0000] {processor.py:925} INFO - DAG(s) 'example_dag_decorator' retrieved from /home/airflow/.local/lib/python3.12/site-packages/airflow/example_dags/example_dag_decorator.py
[2026-06-19T16:55:07.497+0000] {logging_mixin.py:190} INFO - [2026-06-19T16:55:07.496+0000] {dag.py:3239} INFO - Sync 1 DAGs
[2026-06-19T16:55:07.597+0000] {logging_mixin.py:190} INFO - [2026-06-19T16:55:07.592+0000] {dag.py:4180} INFO - Setting next_dagrun for example_dag_decorator to None, run_after=None
[2026-06-19T16:55:07.670+0000] {processor.py:208} INFO - Processing /home/airflow/.local/lib/python3.12/site-packages/airflow/example_dags/example_dag_decorator.py took 1.064 seconds
[2026-06-19T16:55:38.802+0000] {processor.py:186} INFO - Started process (PID=1695) to work on /home/airflow/.local/lib/python3.12/site-packages/airflow/example_dags/example_dag_decorator.py
[2026-06-19T16:55:38.816+0000] {processor.py:914} INFO - Processing file /home/airflow/.local/lib/python3.12/site-packages/airflow/example_dags/example_dag_decorator.py for tasks to queue
[2026-06-19T16:55:38.825+0000] {logging_mixin.py:190} INFO - [2026-06-19T16:55:38.824+0000] {dagbag.py:588} INFO - Filling up the DagBag from /home/airflow/.local/lib/python3.12/site-packages/airflow/example_dags/example_dag_decorator.py
[2026-06-19T16:55:39.119+0000] {processor.py:925} INFO - DAG(s) 'example_dag_decorator' retrieved from /home/airflow/.local/lib/python3.12/site-packages/airflow/example_dags/example_dag_decorator.py
[2026-06-19T16:55:39.550+0000] {logging_mixin.py:190} INFO - [2026-06-19T16:55:39.549+0000] {dag.py:3239} INFO - Sync 1 DAGs
[2026-06-19T16:55:39.596+0000] {logging_mixin.py:190} INFO - [2026-06-19T16:55:39.595+0000] {dag.py:4180} INFO - Setting next_dagrun for example_dag_decorator to None, run_after=None
[2026-06-19T16:55:39.662+0000] {processor.py:208} INFO - Processing /home/airflow/.local/lib/python3.12/site-packages/airflow/example_dags/example_dag_decorator.py took 0.889 seconds
[2026-06-19T16:56:10.352+0000] {processor.py:186} INFO - Started process (PID=1759) to work on /home/airflow/.local/lib/python3.12/site-packages/airflow/example_dags/example_dag_decorator.py
[2026-06-19T16:56:10.358+0000] {processor.py:914} INFO - Processing file /home/airflow/.local/lib/python3.12/site-packages/airflow/example_dags/example_dag_decorator.py for tasks to queue
[2026-06-19T16:56:10.368+0000] {logging_mixin.py:190} INFO - [2026-06-19T16:56:10.367+0000] {dagbag.py:588} INFO - Filling up the DagBag from /home/airflow/.local/lib/python3.12/site-packages/airflow/example_dags/example_dag_decorator.py
[2026-06-19T16:56:10.629+0000] {processor.py:925} INFO - DAG(s) 'example_dag_decorator' retrieved from /home/airflow/.local/lib/python3.12/site-packages/airflow/example_dags/example_dag_decorator.py
[2026-06-19T16:56:10.893+0000] {logging_mixin.py:190} INFO - [2026-06-19T16:56:10.892+0000] {dag.py:3239} INFO - Sync 1 DAGs
[2026-06-19T16:56:10.915+0000] {logging_mixin.py:190} INFO - [2026-06-19T16:56:10.914+0000] {dag.py:4180} INFO - Setting next_dagrun for example_dag_decorator to None, run_after=None
[2026-06-19T16:56:10.950+0000] {processor.py:208} INFO - Processing /home/airflow/.local/lib/python3.12/site-packages/airflow/example_dags/example_dag_decorator.py took 0.611 seconds
[2026-06-19T16:56:41.025+0000] {processor.py:186} INFO - Started process (PID=1824) to work on /home/airflow/.local/lib/python3.12/site-packages/airflow/example_dags/example_dag_decorator.py
[2026-06-19T16:56:41.027+0000] {processor.py:914} INFO - Processing file /home/airflow/.local/lib/python3.12/site-packages/airflow/example_dags/example_dag_decorator.py for tasks to queue
[2026-06-19T16:56:41.031+0000] {logging_mixin.py:190} INFO - [2026-06-19T16:56:41.031+0000] {dagbag.py:588} INFO - Filling up the DagBag from /home/airflow/.local/lib/python3.12/site-packages/airflow/example_dags/example_dag_decorator.py
[2026-06-19T16:56:41.194+0000] {processor.py:925} INFO - DAG(s) 'example_dag_decorator' retrieved from /home/airflow/.local/lib/python3.12/site-packages/airflow/example_dags/example_dag_decorator.py
[2026-06-19T16:56:41.369+0000] {logging_mixin.py:190} INFO - [2026-06-19T16:56:41.369+0000] {dag.py:3239} INFO - Sync 1 DAGs
[2026-06-19T16:56:41.389+0000] {logging_mixin.py:190} INFO - [2026-06-19T16:56:41.389+0000] {dag.py:4180} INFO - Setting next_dagrun for example_dag_decorator to None, run_after=None
[2026-06-19T16:56:41.421+0000] {processor.py:208} INFO - Processing /home/airflow/.local/lib/python3.12/site-packages/airflow/example_dags/example_dag_decorator.py took 0.403 seconds
[2026-06-19T16:57:11.693+0000] {processor.py:186} INFO - Started process (PID=1888) to work on /home/airflow/.local/lib/python3.12/site-packages/airflow/example_dags/example_dag_decorator.py
[2026-06-19T16:57:11.697+0000] {processor.py:914} INFO - Processing file /home/airflow/.local/lib/python3.12/site-packages/airflow/example_dags/example_dag_decorator.py for tasks to queue
[2026-06-19T16:57:11.703+0000] {logging_mixin.py:190} INFO - [2026-06-19T16:57:11.702+0000] {dagbag.py:588} INFO - Filling up the DagBag from /home/airflow/.local/lib/python3.12/site-packages/airflow/example_dags/example_dag_decorator.py
[2026-06-19T16:57:12.007+0000] {processor.py:925} INFO - DAG(s) 'example_dag_decorator' retrieved from /home/airflow/.local/lib/python3.12/site-packages/airflow/example_dags/example_dag_decorator.py
[2026-06-19T16:57:12.405+0000] {logging_mixin.py:190} INFO - [2026-06-19T16:57:12.405+0000] {dag.py:3239} INFO - Sync 1 DAGs
[2026-06-19T16:57:12.435+0000] {logging_mixin.py:190} INFO - [2026-06-19T16:57:12.435+0000] {dag.py:4180} INFO - Setting next_dagrun for example_dag_decorator to None, run_after=None
[2026-06-19T16:57:12.486+0000] {processor.py:208} INFO - Processing /home/airflow/.local/lib/python3.12/site-packages/airflow/example_dags/example_dag_decorator.py took 0.808 seconds
[2026-06-19T16:57:43.392+0000] {processor.py:186} INFO - Started process (PID=1951) to work on /home/airflow/.local/lib/python3.12/site-packages/airflow/example_dags/example_dag_decorator.py
[2026-06-19T16:57:43.394+0000] {processor.py:914} INFO - Processing file /home/airflow/.local/lib/python3.12/site-packages/airflow/example_dags/example_dag_decorator.py for tasks to queue
[2026-06-19T16:57:43.398+0000] {logging_mixin.py:190} INFO - [2026-06-19T16:57:43.397+0000] {dagbag.py:588} INFO - Filling up the DagBag from /home/airflow/.local/lib/python3.12/site-packages/airflow/example_dags/example_dag_decorator.py
[2026-06-19T16:57:43.509+0000] {processor.py:925} INFO - DAG(s) 'example_dag_decorator' retrieved from /home/airflow/.local/lib/python3.12/site-packages/airflow/example_dags/example_dag_decorator.py
[2026-06-19T16:57:43.633+0000] {logging_mixin.py:190} INFO - [2026-06-19T16:57:43.632+0000] {dag.py:3239} INFO - Sync 1 DAGs
[2026-06-19T16:57:43.652+0000] {logging_mixin.py:190} INFO - [2026-06-19T16:57:43.652+0000] {dag.py:4180} INFO - Setting next_dagrun for example_dag_decorator to None, run_after=None
[2026-06-19T16:57:43.678+0000] {processor.py:208} INFO - Processing /home/airflow/.local/lib/python3.12/site-packages/airflow/example_dags/example_dag_decorator.py took 0.292 seconds
[2026-06-19T16:58:14.356+0000] {processor.py:186} INFO - Started process (PID=2016) to work on /home/airflow/.local/lib/python3.12/site-packages/airflow/example_dags/example_dag_decorator.py
[2026-06-19T16:58:14.359+0000] {processor.py:914} INFO - Processing file /home/airflow/.local/lib/python3.12/site-packages/airflow/example_dags/example_dag_decorator.py for tasks to queue
[2026-06-19T16:58:14.363+0000] {logging_mixin.py:190} INFO - [2026-06-19T16:58:14.362+0000] {dagbag.py:588} INFO - Filling up the DagBag from /home/airflow/.local/lib/python3.12/site-packages/airflow/example_dags/example_dag_decorator.py
[2026-06-19T16:58:14.487+0000] {processor.py:925} INFO - DAG(s) 'example_dag_decorator' retrieved from /home/airflow/.local/lib/python3.12/site-packages/airflow/example_dags/example_dag_decorator.py
[2026-06-19T16:58:14.649+0000] {logging_mixin.py:190} INFO - [2026-06-19T16:58:14.648+0000] {dag.py:3239} INFO - Sync 1 DAGs
[2026-06-19T16:58:14.669+0000] {logging_mixin.py:190} INFO - [2026-06-19T16:58:14.669+0000] {dag.py:4180} INFO - Setting next_dagrun for example_dag_decorator to None, run_after=None
[2026-06-19T16:58:14.701+0000] {processor.py:208} INFO - Processing /home/airflow/.local/lib/python3.12/site-packages/airflow/example_dags/example_dag_decorator.py took 0.352 seconds
[2026-06-19T16:58:44.901+0000] {processor.py:186} INFO - Started process (PID=2082) to work on /home/airflow/.local/lib/python3.12/site-packages/airflow/example_dags/example_dag_decorator.py
[2026-06-19T16:58:44.903+0000] {processor.py:914} INFO - Processing file /home/airflow/.local/lib/python3.12/site-packages/airflow/example_dags/example_dag_decorator.py for tasks to queue
[2026-06-19T16:58:44.908+0000] {logging_mixin.py:190} INFO - [2026-06-19T16:58:44.907+0000] {dagbag.py:588} INFO - Filling up the DagBag from /home/airflow/.local/lib/python3.12/site-packages/airflow/example_dags/example_dag_decorator.py
[2026-06-19T16:58:45.245+0000] {processor.py:925} INFO - DAG(s) 'example_dag_decorator' retrieved from /home/airflow/.local/lib/python3.12/site-packages/airflow/example_dags/example_dag_decorator.py
[2026-06-19T16:58:45.621+0000] {logging_mixin.py:190} INFO - [2026-06-19T16:58:45.621+0000] {dag.py:3239} INFO - Sync 1 DAGs
[2026-06-19T16:58:45.651+0000] {logging_mixin.py:190} INFO - [2026-06-19T16:58:45.651+0000] {dag.py:4180} INFO - Setting next_dagrun for example_dag_decorator to None, run_after=None
[2026-06-19T16:58:45.697+0000] {processor.py:208} INFO - Processing /home/airflow/.local/lib/python3.12/site-packages/airflow/example_dags/example_dag_decorator.py took 0.804 seconds
[2026-06-19T16:59:16.554+0000] {processor.py:186} INFO - Started process (PID=2146) to work on /home/airflow/.local/lib/python3.12/site-packages/airflow/example_dags/example_dag_decorator.py
[2026-06-19T16:59:16.563+0000] {processor.py:914} INFO - Processing file /home/airflow/.local/lib/python3.12/site-packages/airflow/example_dags/example_dag_decorator.py for tasks to queue
[2026-06-19T16:59:16.566+0000] {logging_mixin.py:190} INFO - [2026-06-19T16:59:16.566+0000] {dagbag.py:588} INFO - Filling up the DagBag from /home/airflow/.local/lib/python3.12/site-packages/airflow/example_dags/example_dag_decorator.py
[2026-06-19T16:59:16.646+0000] {processor.py:925} INFO - DAG(s) 'example_dag_decorator' retrieved from /home/airflow/.local/lib/python3.12/site-packages/airflow/example_dags/example_dag_decorator.py
[2026-06-19T16:59:16.735+0000] {logging_mixin.py:190} INFO - [2026-06-19T16:59:16.735+0000] {dag.py:3239} INFO - Sync 1 DAGs
[2026-06-19T16:59:16.749+0000] {logging_mixin.py:190} INFO - [2026-06-19T16:59:16.749+0000] {dag.py:4180} INFO - Setting next_dagrun for example_dag_decorator to None, run_after=None
[2026-06-19T16:59:16.765+0000] {processor.py:208} INFO - Processing /home/airflow/.local/lib/python3.12/site-packages/airflow/example_dags/example_dag_decorator.py took 0.216 seconds
[2026-06-19T16:59:47.460+0000] {processor.py:186} INFO - Started process (PID=2210) to work on /home/airflow/.local/lib/python3.12/site-packages/airflow/example_dags/example_dag_decorator.py
[2026-06-19T16:59:47.465+0000] {processor.py:914} INFO - Processing file /home/airflow/.local/lib/python3.12/site-packages/airflow/example_dags/example_dag_decorator.py for tasks to queue
[2026-06-19T16:59:47.472+0000] {logging_mixin.py:190} INFO - [2026-06-19T16:59:47.471+0000] {dagbag.py:588} INFO - Filling up the DagBag from /home/airflow/.local/lib/python3.12/site-packages/airflow/example_dags/example_dag_decorator.py
[2026-06-19T16:59:47.650+0000] {processor.py:925} INFO - DAG(s) 'example_dag_decorator' retrieved from /home/airflow/.local/lib/python3.12/site-packages/airflow/example_dags/example_dag_decorator.py
[2026-06-19T16:59:47.846+0000] {logging_mixin.py:190} INFO - [2026-06-19T16:59:47.846+0000] {dag.py:3239} INFO - Sync 1 DAGs
[2026-06-19T16:59:47.869+0000] {logging_mixin.py:190} INFO - [2026-06-19T16:59:47.869+0000] {dag.py:4180} INFO - Setting next_dagrun for example_dag_decorator to None, run_after=None
[2026-06-19T16:59:47.900+0000] {processor.py:208} INFO - Processing /home/airflow/.local/lib/python3.12/site-packages/airflow/example_dags/example_dag_decorator.py took 0.452 seconds
[2026-06-19T17:00:18.125+0000] {processor.py:186} INFO - Started process (PID=2274) to work on /home/airflow/.local/lib/python3.12/site-packages/airflow/example_dags/example_dag_decorator.py
[2026-06-19T17:00:18.134+0000] {processor.py:914} INFO - Processing file /home/airflow/.local/lib/python3.12/site-packages/airflow/example_dags/example_dag_decorator.py for tasks to queue
[2026-06-19T17:00:18.142+0000] {logging_mixin.py:190} INFO - [2026-06-19T17:00:18.140+0000] {dagbag.py:588} INFO - Filling up the DagBag from /home/airflow/.local/lib/python3.12/site-packages/airflow/example_dags/example_dag_decorator.py
[2026-06-19T17:00:18.414+0000] {processor.py:925} INFO - DAG(s) 'example_dag_decorator' retrieved from /home/airflow/.local/lib/python3.12/site-packages/airflow/example_dags/example_dag_decorator.py
[2026-06-19T17:00:18.823+0000] {logging_mixin.py:190} INFO - [2026-06-19T17:00:18.822+0000] {dag.py:3239} INFO - Sync 1 DAGs
[2026-06-19T17:00:19.602+0000] {logging_mixin.py:190} INFO - [2026-06-19T17:00:19.601+0000] {dag.py:4180} INFO - Setting next_dagrun for example_dag_decorator to None, run_after=None
[2026-06-19T17:00:19.705+0000] {processor.py:208} INFO - Processing /home/airflow/.local/lib/python3.12/site-packages/airflow/example_dags/example_dag_decorator.py took 1.596 seconds
[2026-06-19T17:00:50.671+0000] {processor.py:186} INFO - Started process (PID=2340) to work on /home/airflow/.local/lib/python3.12/site-packages/airflow/example_dags/example_dag_decorator.py
[2026-06-19T17:00:50.674+0000] {processor.py:914} INFO - Processing file /home/airflow/.local/lib/python3.12/site-packages/airflow/example_dags/example_dag_decorator.py for tasks to queue
[2026-06-19T17:00:50.677+0000] {logging_mixin.py:190} INFO - [2026-06-19T17:00:50.677+0000] {dagbag.py:588} INFO - Filling up the DagBag from /home/airflow/.local/lib/python3.12/site-packages/airflow/example_dags/example_dag_decorator.py
[2026-06-19T17:00:50.786+0000] {processor.py:925} INFO - DAG(s) 'example_dag_decorator' retrieved from /home/airflow/.local/lib/python3.12/site-packages/airflow/example_dags/example_dag_decorator.py
[2026-06-19T17:00:50.925+0000] {logging_mixin.py:190} INFO - [2026-06-19T17:00:50.925+0000] {dag.py:3239} INFO - Sync 1 DAGs
[2026-06-19T17:00:51.153+0000] {logging_mixin.py:190} INFO - [2026-06-19T17:00:51.153+0000] {dag.py:4180} INFO - Setting next_dagrun for example_dag_decorator to None, run_after=None
[2026-06-19T17:00:51.183+0000] {processor.py:208} INFO - Processing /home/airflow/.local/lib/python3.12/site-packages/airflow/example_dags/example_dag_decorator.py took 0.518 seconds
[2026-06-19T17:01:21.348+0000] {processor.py:186} INFO - Started process (PID=2406) to work on /home/airflow/.local/lib/python3.12/site-packages/airflow/example_dags/example_dag_decorator.py
[2026-06-19T17:01:21.351+0000] {processor.py:914} INFO - Processing file /home/airflow/.local/lib/python3.12/site-packages/airflow/example_dags/example_dag_decorator.py for tasks to queue
[2026-06-19T17:01:21.357+0000] {logging_mixin.py:190} INFO - [2026-06-19T17:01:21.355+0000] {dagbag.py:588} INFO - Filling up the DagBag from /home/airflow/.local/lib/python3.12/site-packages/airflow/example_dags/example_dag_decorator.py
[2026-06-19T17:01:21.557+0000] {processor.py:925} INFO - DAG(s) 'example_dag_decorator' retrieved from /home/airflow/.local/lib/python3.12/site-packages/airflow/example_dags/example_dag_decorator.py
[2026-06-19T17:01:21.771+0000] {logging_mixin.py:190} INFO - [2026-06-19T17:01:21.769+0000] {dag.py:3239} INFO - Sync 1 DAGs
[2026-06-19T17:01:21.808+0000] {logging_mixin.py:190} INFO - [2026-06-19T17:01:21.808+0000] {dag.py:4180} INFO - Setting next_dagrun for example_dag_decorator to None, run_after=None
[2026-06-19T17:01:22.124+0000] {processor.py:208} INFO - Processing /home/airflow/.local/lib/python3.12/site-packages/airflow/example_dags/example_dag_decorator.py took 0.787 seconds
[2026-06-19T17:01:53.204+0000] {processor.py:186} INFO - Started process (PID=2474) to work on /home/airflow/.local/lib/python3.12/site-packages/airflow/example_dags/example_dag_decorator.py
[2026-06-19T17:01:53.207+0000] {processor.py:914} INFO - Processing file /home/airflow/.local/lib/python3.12/site-packages/airflow/example_dags/example_dag_decorator.py for tasks to queue
[2026-06-19T17:01:53.216+0000] {logging_mixin.py:190} INFO - [2026-06-19T17:01:53.215+0000] {dagbag.py:588} INFO - Filling up the DagBag from /home/airflow/.local/lib/python3.12/site-packages/airflow/example_dags/example_dag_decorator.py
[2026-06-19T17:01:53.431+0000] {processor.py:925} INFO - DAG(s) 'example_dag_decorator' retrieved from /home/airflow/.local/lib/python3.12/site-packages/airflow/example_dags/example_dag_decorator.py
[2026-06-19T17:01:53.722+0000] {logging_mixin.py:190} INFO - [2026-06-19T17:01:53.721+0000] {dag.py:3239} INFO - Sync 1 DAGs
[2026-06-19T17:01:53.765+0000] {logging_mixin.py:190} INFO - [2026-06-19T17:01:53.765+0000] {dag.py:4180} INFO - Setting next_dagrun for example_dag_decorator to None, run_after=None
[2026-06-19T17:01:53.815+0000] {processor.py:208} INFO - Processing /home/airflow/.local/lib/python3.12/site-packages/airflow/example_dags/example_dag_decorator.py took 0.623 seconds
[2026-06-19T17:02:24.529+0000] {processor.py:186} INFO - Started process (PID=2539) to work on /home/airflow/.local/lib/python3.12/site-packages/airflow/example_dags/example_dag_decorator.py
[2026-06-19T17:02:24.533+0000] {processor.py:914} INFO - Processing file /home/airflow/.local/lib/python3.12/site-packages/airflow/example_dags/example_dag_decorator.py for tasks to queue
[2026-06-19T17:02:24.538+0000] {logging_mixin.py:190} INFO - [2026-06-19T17:02:24.537+0000] {dagbag.py:588} INFO - Filling up the DagBag from /home/airflow/.local/lib/python3.12/site-packages/airflow/example_dags/example_dag_decorator.py
[2026-06-19T17:02:24.721+0000] {processor.py:925} INFO - DAG(s) 'example_dag_decorator' retrieved from /home/airflow/.local/lib/python3.12/site-packages/airflow/example_dags/example_dag_decorator.py
[2026-06-19T17:02:25.173+0000] {logging_mixin.py:190} INFO - [2026-06-19T17:02:25.173+0000] {dag.py:3239} INFO - Sync 1 DAGs
[2026-06-19T17:02:25.189+0000] {logging_mixin.py:190} INFO - [2026-06-19T17:02:25.188+0000] {dag.py:4180} INFO - Setting next_dagrun for example_dag_decorator to None, run_after=None
[2026-06-19T17:02:25.213+0000] {processor.py:208} INFO - Processing /home/airflow/.local/lib/python3.12/site-packages/airflow/example_dags/example_dag_decorator.py took 0.695 seconds
[2026-06-19T17:04:31.416+0000] {processor.py:186} INFO - Started process (PID=107) to work on /home/airflow/.local/lib/python3.12/site-packages/airflow/example_dags/example_dag_decorator.py
[2026-06-19T17:04:31.421+0000] {processor.py:914} INFO - Processing file /home/airflow/.local/lib/python3.12/site-packages/airflow/example_dags/example_dag_decorator.py for tasks to queue
[2026-06-19T17:04:31.428+0000] {logging_mixin.py:190} INFO - [2026-06-19T17:04:31.428+0000] {dagbag.py:588} INFO - Filling up the DagBag from /home/airflow/.local/lib/python3.12/site-packages/airflow/example_dags/example_dag_decorator.py
[2026-06-19T17:04:32.233+0000] {processor.py:925} INFO - DAG(s) 'example_dag_decorator' retrieved from /home/airflow/.local/lib/python3.12/site-packages/airflow/example_dags/example_dag_decorator.py
[2026-06-19T17:04:32.456+0000] {logging_mixin.py:190} INFO - [2026-06-19T17:04:32.455+0000] {dag.py:3239} INFO - Sync 1 DAGs
[2026-06-19T17:04:32.479+0000] {logging_mixin.py:190} INFO - [2026-06-19T17:04:32.478+0000] {dag.py:4180} INFO - Setting next_dagrun for example_dag_decorator to None, run_after=None
[2026-06-19T17:04:32.511+0000] {processor.py:208} INFO - Processing /home/airflow/.local/lib/python3.12/site-packages/airflow/example_dags/example_dag_decorator.py took 1.106 seconds
[2026-06-19T17:05:03.457+0000] {processor.py:186} INFO - Started process (PID=171) to work on /home/airflow/.local/lib/python3.12/site-packages/airflow/example_dags/example_dag_decorator.py
[2026-06-19T17:05:03.462+0000] {processor.py:914} INFO - Processing file /home/airflow/.local/lib/python3.12/site-packages/airflow/example_dags/example_dag_decorator.py for tasks to queue
[2026-06-19T17:05:03.472+0000] {logging_mixin.py:190} INFO - [2026-06-19T17:05:03.471+0000] {dagbag.py:588} INFO - Filling up the DagBag from /home/airflow/.local/lib/python3.12/site-packages/airflow/example_dags/example_dag_decorator.py
[2026-06-19T17:05:03.757+0000] {processor.py:925} INFO - DAG(s) 'example_dag_decorator' retrieved from /home/airflow/.local/lib/python3.12/site-packages/airflow/example_dags/example_dag_decorator.py
[2026-06-19T17:05:04.034+0000] {logging_mixin.py:190} INFO - [2026-06-19T17:05:04.034+0000] {dag.py:3239} INFO - Sync 1 DAGs
[2026-06-19T17:05:04.076+0000] {logging_mixin.py:190} INFO - [2026-06-19T17:05:04.075+0000] {dag.py:4180} INFO - Setting next_dagrun for example_dag_decorator to None, run_after=None
[2026-06-19T17:05:04.111+0000] {processor.py:208} INFO - Processing /home/airflow/.local/lib/python3.12/site-packages/airflow/example_dags/example_dag_decorator.py took 0.672 seconds
[2026-06-19T17:05:34.250+0000] {processor.py:186} INFO - Started process (PID=236) to work on /home/airflow/.local/lib/python3.12/site-packages/airflow/example_dags/example_dag_decorator.py
[2026-06-19T17:05:34.254+0000] {processor.py:914} INFO - Processing file /home/airflow/.local/lib/python3.12/site-packages/airflow/example_dags/example_dag_decorator.py for tasks to queue
[2026-06-19T17:05:34.262+0000] {logging_mixin.py:190} INFO - [2026-06-19T17:05:34.261+0000] {dagbag.py:588} INFO - Filling up the DagBag from /home/airflow/.local/lib/python3.12/site-packages/airflow/example_dags/example_dag_decorator.py
[2026-06-19T17:05:34.508+0000] {processor.py:925} INFO - DAG(s) 'example_dag_decorator' retrieved from /home/airflow/.local/lib/python3.12/site-packages/airflow/example_dags/example_dag_decorator.py
[2026-06-19T17:05:34.717+0000] {logging_mixin.py:190} INFO - [2026-06-19T17:05:34.717+0000] {dag.py:3239} INFO - Sync 1 DAGs
[2026-06-19T17:05:34.741+0000] {logging_mixin.py:190} INFO - [2026-06-19T17:05:34.741+0000] {dag.py:4180} INFO - Setting next_dagrun for example_dag_decorator to None, run_after=None
[2026-06-19T17:05:34.777+0000] {processor.py:208} INFO - Processing /home/airflow/.local/lib/python3.12/site-packages/airflow/example_dags/example_dag_decorator.py took 0.541 seconds
[2026-06-19T17:06:10.146+0000] {processor.py:186} INFO - Started process (PID=305) to work on /home/airflow/.local/lib/python3.12/site-packages/airflow/example_dags/example_dag_decorator.py
[2026-06-19T17:06:10.155+0000] {processor.py:914} INFO - Processing file /home/airflow/.local/lib/python3.12/site-packages/airflow/example_dags/example_dag_decorator.py for tasks to queue
[2026-06-19T17:06:10.168+0000] {logging_mixin.py:190} INFO - [2026-06-19T17:06:10.167+0000] {dagbag.py:588} INFO - Filling up the DagBag from /home/airflow/.local/lib/python3.12/site-packages/airflow/example_dags/example_dag_decorator.py
[2026-06-19T17:06:10.464+0000] {processor.py:925} INFO - DAG(s) 'example_dag_decorator' retrieved from /home/airflow/.local/lib/python3.12/site-packages/airflow/example_dags/example_dag_decorator.py
[2026-06-19T17:06:10.752+0000] {logging_mixin.py:190} INFO - [2026-06-19T17:06:10.752+0000] {dag.py:3239} INFO - Sync 1 DAGs
[2026-06-19T17:06:10.787+0000] {logging_mixin.py:190} INFO - [2026-06-19T17:06:10.786+0000] {dag.py:4180} INFO - Setting next_dagrun for example_dag_decorator to None, run_after=None
[2026-06-19T17:06:10.825+0000] {processor.py:208} INFO - Processing /home/airflow/.local/lib/python3.12/site-packages/airflow/example_dags/example_dag_decorator.py took 0.708 seconds
[2026-06-19T17:08:06.538+0000] {processor.py:186} INFO - Started process (PID=107) to work on /home/airflow/.local/lib/python3.12/site-packages/airflow/example_dags/example_dag_decorator.py
[2026-06-19T17:08:06.554+0000] {processor.py:914} INFO - Processing file /home/airflow/.local/lib/python3.12/site-packages/airflow/example_dags/example_dag_decorator.py for tasks to queue
[2026-06-19T17:08:06.565+0000] {logging_mixin.py:190} INFO - [2026-06-19T17:08:06.563+0000] {dagbag.py:588} INFO - Filling up the DagBag from /home/airflow/.local/lib/python3.12/site-packages/airflow/example_dags/example_dag_decorator.py
[2026-06-19T17:08:07.718+0000] {processor.py:925} INFO - DAG(s) 'example_dag_decorator' retrieved from /home/airflow/.local/lib/python3.12/site-packages/airflow/example_dags/example_dag_decorator.py
[2026-06-19T17:08:08.104+0000] {logging_mixin.py:190} INFO - [2026-06-19T17:08:08.104+0000] {dag.py:3239} INFO - Sync 1 DAGs
[2026-06-19T17:08:08.151+0000] {logging_mixin.py:190} INFO - [2026-06-19T17:08:08.151+0000] {dag.py:4180} INFO - Setting next_dagrun for example_dag_decorator to None, run_after=None
[2026-06-19T17:08:08.251+0000] {processor.py:208} INFO - Processing /home/airflow/.local/lib/python3.12/site-packages/airflow/example_dags/example_dag_decorator.py took 1.743 seconds
[2026-06-19T17:08:38.467+0000] {processor.py:186} INFO - Started process (PID=179) to work on /home/airflow/.local/lib/python3.12/site-packages/airflow/example_dags/example_dag_decorator.py
[2026-06-19T17:08:38.474+0000] {processor.py:914} INFO - Processing file /home/airflow/.local/lib/python3.12/site-packages/airflow/example_dags/example_dag_decorator.py for tasks to queue
[2026-06-19T17:08:38.482+0000] {logging_mixin.py:190} INFO - [2026-06-19T17:08:38.481+0000] {dagbag.py:588} INFO - Filling up the DagBag from /home/airflow/.local/lib/python3.12/site-packages/airflow/example_dags/example_dag_decorator.py
[2026-06-19T17:08:38.718+0000] {processor.py:925} INFO - DAG(s) 'example_dag_decorator' retrieved from /home/airflow/.local/lib/python3.12/site-packages/airflow/example_dags/example_dag_decorator.py
[2026-06-19T17:08:38.955+0000] {logging_mixin.py:190} INFO - [2026-06-19T17:08:38.954+0000] {dag.py:3239} INFO - Sync 1 DAGs
[2026-06-19T17:08:38.980+0000] {logging_mixin.py:190} INFO - [2026-06-19T17:08:38.980+0000] {dag.py:4180} INFO - Setting next_dagrun for example_dag_decorator to None, run_after=None
[2026-06-19T17:08:39.029+0000] {processor.py:208} INFO - Processing /home/airflow/.local/lib/python3.12/site-packages/airflow/example_dags/example_dag_decorator.py took 0.577 seconds
[2026-06-19T17:09:09.468+0000] {processor.py:186} INFO - Started process (PID=243) to work on /home/airflow/.local/lib/python3.12/site-packages/airflow/example_dags/example_dag_decorator.py
[2026-06-19T17:09:09.472+0000] {processor.py:914} INFO - Processing file /home/airflow/.local/lib/python3.12/site-packages/airflow/example_dags/example_dag_decorator.py for tasks to queue
[2026-06-19T17:09:09.477+0000] {logging_mixin.py:190} INFO - [2026-06-19T17:09:09.477+0000] {dagbag.py:588} INFO - Filling up the DagBag from /home/airflow/.local/lib/python3.12/site-packages/airflow/example_dags/example_dag_decorator.py
[2026-06-19T17:09:09.642+0000] {processor.py:925} INFO - DAG(s) 'example_dag_decorator' retrieved from /home/airflow/.local/lib/python3.12/site-packages/airflow/example_dags/example_dag_decorator.py
[2026-06-19T17:09:09.819+0000] {logging_mixin.py:190} INFO - [2026-06-19T17:09:09.819+0000] {dag.py:3239} INFO - Sync 1 DAGs
[2026-06-19T17:09:09.836+0000] {logging_mixin.py:190} INFO - [2026-06-19T17:09:09.835+0000] {dag.py:4180} INFO - Setting next_dagrun for example_dag_decorator to None, run_after=None
[2026-06-19T17:09:09.863+0000] {processor.py:208} INFO - Processing /home/airflow/.local/lib/python3.12/site-packages/airflow/example_dags/example_dag_decorator.py took 0.406 seconds
[2026-06-19T17:09:41.677+0000] {processor.py:186} INFO - Started process (PID=307) to work on /home/airflow/.local/lib/python3.12/site-packages/airflow/example_dags/example_dag_decorator.py
[2026-06-19T17:09:41.682+0000] {processor.py:914} INFO - Processing file /home/airflow/.local/lib/python3.12/site-packages/airflow/example_dags/example_dag_decorator.py for tasks to queue
[2026-06-19T17:09:41.694+0000] {logging_mixin.py:190} INFO - [2026-06-19T17:09:41.693+0000] {dagbag.py:588} INFO - Filling up the DagBag from /home/airflow/.local/lib/python3.12/site-packages/airflow/example_dags/example_dag_decorator.py
[2026-06-19T17:09:42.041+0000] {processor.py:925} INFO - DAG(s) 'example_dag_decorator' retrieved from /home/airflow/.local/lib/python3.12/site-packages/airflow/example_dags/example_dag_decorator.py
[2026-06-19T17:09:42.340+0000] {logging_mixin.py:190} INFO - [2026-06-19T17:09:42.339+0000] {dag.py:3239} INFO - Sync 1 DAGs
[2026-06-19T17:09:42.378+0000] {logging_mixin.py:190} INFO - [2026-06-19T17:09:42.378+0000] {dag.py:4180} INFO - Setting next_dagrun for example_dag_decorator to None, run_after=None
[2026-06-19T17:09:42.424+0000] {processor.py:208} INFO - Processing /home/airflow/.local/lib/python3.12/site-packages/airflow/example_dags/example_dag_decorator.py took 0.769 seconds
[2026-06-19T17:10:17.191+0000] {processor.py:186} INFO - Started process (PID=370) to work on /home/airflow/.local/lib/python3.12/site-packages/airflow/example_dags/example_dag_decorator.py
[2026-06-19T17:10:17.196+0000] {processor.py:914} INFO - Processing file /home/airflow/.local/lib/python3.12/site-packages/airflow/example_dags/example_dag_decorator.py for tasks to queue
[2026-06-19T17:10:17.207+0000] {logging_mixin.py:190} INFO - [2026-06-19T17:10:17.206+0000] {dagbag.py:588} INFO - Filling up the DagBag from /home/airflow/.local/lib/python3.12/site-packages/airflow/example_dags/example_dag_decorator.py
[2026-06-19T17:10:17.598+0000] {processor.py:925} INFO - DAG(s) 'example_dag_decorator' retrieved from /home/airflow/.local/lib/python3.12/site-packages/airflow/example_dags/example_dag_decorator.py
[2026-06-19T17:10:18.164+0000] {logging_mixin.py:190} INFO - [2026-06-19T17:10:18.161+0000] {dag.py:3239} INFO - Sync 1 DAGs
[2026-06-19T17:10:18.241+0000] {logging_mixin.py:190} INFO - [2026-06-19T17:10:18.241+0000] {dag.py:4180} INFO - Setting next_dagrun for example_dag_decorator to None, run_after=None
[2026-06-19T17:10:18.334+0000] {processor.py:208} INFO - Processing /home/airflow/.local/lib/python3.12/site-packages/airflow/example_dags/example_dag_decorator.py took 1.162 seconds
[2026-06-19T17:10:48.679+0000] {processor.py:186} INFO - Started process (PID=435) to work on /home/airflow/.local/lib/python3.12/site-packages/airflow/example_dags/example_dag_decorator.py
[2026-06-19T17:10:48.683+0000] {processor.py:914} INFO - Processing file /home/airflow/.local/lib/python3.12/site-packages/airflow/example_dags/example_dag_decorator.py for tasks to queue
[2026-06-19T17:10:48.690+0000] {logging_mixin.py:190} INFO - [2026-06-19T17:10:48.689+0000] {dagbag.py:588} INFO - Filling up the DagBag from /home/airflow/.local/lib/python3.12/site-packages/airflow/example_dags/example_dag_decorator.py
[2026-06-19T17:10:48.868+0000] {processor.py:925} INFO - DAG(s) 'example_dag_decorator' retrieved from /home/airflow/.local/lib/python3.12/site-packages/airflow/example_dags/example_dag_decorator.py
[2026-06-19T17:10:49.100+0000] {logging_mixin.py:190} INFO - [2026-06-19T17:10:49.100+0000] {dag.py:3239} INFO - Sync 1 DAGs
[2026-06-19T17:10:49.121+0000] {logging_mixin.py:190} INFO - [2026-06-19T17:10:49.121+0000] {dag.py:4180} INFO - Setting next_dagrun for example_dag_decorator to None, run_after=None
[2026-06-19T17:10:49.163+0000] {processor.py:208} INFO - Processing /home/airflow/.local/lib/python3.12/site-packages/airflow/example_dags/example_dag_decorator.py took 0.496 seconds
[2026-06-19T17:11:19.572+0000] {processor.py:186} INFO - Started process (PID=499) to work on /home/airflow/.local/lib/python3.12/site-packages/airflow/example_dags/example_dag_decorator.py
[2026-06-19T17:11:19.589+0000] {processor.py:914} INFO - Processing file /home/airflow/.local/lib/python3.12/site-packages/airflow/example_dags/example_dag_decorator.py for tasks to queue
[2026-06-19T17:11:19.605+0000] {logging_mixin.py:190} INFO - [2026-06-19T17:11:19.604+0000] {dagbag.py:588} INFO - Filling up the DagBag from /home/airflow/.local/lib/python3.12/site-packages/airflow/example_dags/example_dag_decorator.py
[2026-06-19T17:11:19.969+0000] {processor.py:925} INFO - DAG(s) 'example_dag_decorator' retrieved from /home/airflow/.local/lib/python3.12/site-packages/airflow/example_dags/example_dag_decorator.py
[2026-06-19T17:11:20.408+0000] {logging_mixin.py:190} INFO - [2026-06-19T17:11:20.407+0000] {dag.py:3239} INFO - Sync 1 DAGs
[2026-06-19T17:11:20.477+0000] {logging_mixin.py:190} INFO - [2026-06-19T17:11:20.476+0000] {dag.py:4180} INFO - Setting next_dagrun for example_dag_decorator to None, run_after=None
[2026-06-19T17:11:20.572+0000] {processor.py:208} INFO - Processing /home/airflow/.local/lib/python3.12/site-packages/airflow/example_dags/example_dag_decorator.py took 1.033 seconds
[2026-06-19T17:11:51.429+0000] {processor.py:186} INFO - Started process (PID=562) to work on /home/airflow/.local/lib/python3.12/site-packages/airflow/example_dags/example_dag_decorator.py
[2026-06-19T17:11:51.431+0000] {processor.py:914} INFO - Processing file /home/airflow/.local/lib/python3.12/site-packages/airflow/example_dags/example_dag_decorator.py for tasks to queue
[2026-06-19T17:11:51.436+0000] {logging_mixin.py:190} INFO - [2026-06-19T17:11:51.436+0000] {dagbag.py:588} INFO - Filling up the DagBag from /home/airflow/.local/lib/python3.12/site-packages/airflow/example_dags/example_dag_decorator.py
[2026-06-19T17:11:51.592+0000] {processor.py:925} INFO - DAG(s) 'example_dag_decorator' retrieved from /home/airflow/.local/lib/python3.12/site-packages/airflow/example_dags/example_dag_decorator.py
[2026-06-19T17:11:51.813+0000] {logging_mixin.py:190} INFO - [2026-06-19T17:11:51.813+0000] {dag.py:3239} INFO - Sync 1 DAGs
[2026-06-19T17:11:51.848+0000] {logging_mixin.py:190} INFO - [2026-06-19T17:11:51.847+0000] {dag.py:4180} INFO - Setting next_dagrun for example_dag_decorator to None, run_after=None
[2026-06-19T17:11:51.901+0000] {processor.py:208} INFO - Processing /home/airflow/.local/lib/python3.12/site-packages/airflow/example_dags/example_dag_decorator.py took 0.481 seconds
[2026-06-19T17:12:22.385+0000] {processor.py:186} INFO - Started process (PID=626) to work on /home/airflow/.local/lib/python3.12/site-packages/airflow/example_dags/example_dag_decorator.py
[2026-06-19T17:12:22.395+0000] {processor.py:914} INFO - Processing file /home/airflow/.local/lib/python3.12/site-packages/airflow/example_dags/example_dag_decorator.py for tasks to queue
[2026-06-19T17:12:22.405+0000] {logging_mixin.py:190} INFO - [2026-06-19T17:12:22.404+0000] {dagbag.py:588} INFO - Filling up the DagBag from /home/airflow/.local/lib/python3.12/site-packages/airflow/example_dags/example_dag_decorator.py
[2026-06-19T17:12:22.829+0000] {processor.py:925} INFO - DAG(s) 'example_dag_decorator' retrieved from /home/airflow/.local/lib/python3.12/site-packages/airflow/example_dags/example_dag_decorator.py
[2026-06-19T17:12:23.332+0000] {logging_mixin.py:190} INFO - [2026-06-19T17:12:23.331+0000] {dag.py:3239} INFO - Sync 1 DAGs
[2026-06-19T17:12:23.388+0000] {logging_mixin.py:190} INFO - [2026-06-19T17:12:23.387+0000] {dag.py:4180} INFO - Setting next_dagrun for example_dag_decorator to None, run_after=None
[2026-06-19T17:12:23.490+0000] {processor.py:208} INFO - Processing /home/airflow/.local/lib/python3.12/site-packages/airflow/example_dags/example_dag_decorator.py took 1.129 seconds
[2026-06-19T17:12:54.533+0000] {processor.py:186} INFO - Started process (PID=690) to work on /home/airflow/.local/lib/python3.12/site-packages/airflow/example_dags/example_dag_decorator.py
[2026-06-19T17:12:54.536+0000] {processor.py:914} INFO - Processing file /home/airflow/.local/lib/python3.12/site-packages/airflow/example_dags/example_dag_decorator.py for tasks to queue
[2026-06-19T17:12:54.541+0000] {logging_mixin.py:190} INFO - [2026-06-19T17:12:54.540+0000] {dagbag.py:588} INFO - Filling up the DagBag from /home/airflow/.local/lib/python3.12/site-packages/airflow/example_dags/example_dag_decorator.py
[2026-06-19T17:12:54.645+0000] {processor.py:925} INFO - DAG(s) 'example_dag_decorator' retrieved from /home/airflow/.local/lib/python3.12/site-packages/airflow/example_dags/example_dag_decorator.py
[2026-06-19T17:12:54.766+0000] {logging_mixin.py:190} INFO - [2026-06-19T17:12:54.766+0000] {dag.py:3239} INFO - Sync 1 DAGs
[2026-06-19T17:12:54.779+0000] {logging_mixin.py:190} INFO - [2026-06-19T17:12:54.779+0000] {dag.py:4180} INFO - Setting next_dagrun for example_dag_decorator to None, run_after=None
[2026-06-19T17:12:54.811+0000] {processor.py:208} INFO - Processing /home/airflow/.local/lib/python3.12/site-packages/airflow/example_dags/example_dag_decorator.py took 0.286 seconds
[2026-06-19T17:13:25.430+0000] {processor.py:186} INFO - Started process (PID=753) to work on /home/airflow/.local/lib/python3.12/site-packages/airflow/example_dags/example_dag_decorator.py
[2026-06-19T17:13:25.434+0000] {processor.py:914} INFO - Processing file /home/airflow/.local/lib/python3.12/site-packages/airflow/example_dags/example_dag_decorator.py for tasks to queue
[2026-06-19T17:13:25.444+0000] {logging_mixin.py:190} INFO - [2026-06-19T17:13:25.442+0000] {dagbag.py:588} INFO - Filling up the DagBag from /home/airflow/.local/lib/python3.12/site-packages/airflow/example_dags/example_dag_decorator.py
[2026-06-19T17:13:25.777+0000] {processor.py:925} INFO - DAG(s) 'example_dag_decorator' retrieved from /home/airflow/.local/lib/python3.12/site-packages/airflow/example_dags/example_dag_decorator.py
[2026-06-19T17:13:26.350+0000] {logging_mixin.py:190} INFO - [2026-06-19T17:13:26.350+0000] {dag.py:3239} INFO - Sync 1 DAGs
[2026-06-19T17:13:26.411+0000] {logging_mixin.py:190} INFO - [2026-06-19T17:13:26.411+0000] {dag.py:4180} INFO - Setting next_dagrun for example_dag_decorator to None, run_after=None
[2026-06-19T17:13:26.518+0000] {processor.py:208} INFO - Processing /home/airflow/.local/lib/python3.12/site-packages/airflow/example_dags/example_dag_decorator.py took 1.105 seconds
[2026-06-19T17:13:56.870+0000] {processor.py:186} INFO - Started process (PID=818) to work on /home/airflow/.local/lib/python3.12/site-packages/airflow/example_dags/example_dag_decorator.py
[2026-06-19T17:13:56.888+0000] {processor.py:914} INFO - Processing file /home/airflow/.local/lib/python3.12/site-packages/airflow/example_dags/example_dag_decorator.py for tasks to queue
[2026-06-19T17:13:56.898+0000] {logging_mixin.py:190} INFO - [2026-06-19T17:13:56.896+0000] {dagbag.py:588} INFO - Filling up the DagBag from /home/airflow/.local/lib/python3.12/site-packages/airflow/example_dags/example_dag_decorator.py
[2026-06-19T17:13:57.331+0000] {processor.py:925} INFO - DAG(s) 'example_dag_decorator' retrieved from /home/airflow/.local/lib/python3.12/site-packages/airflow/example_dags/example_dag_decorator.py
[2026-06-19T17:13:57.906+0000] {logging_mixin.py:190} INFO - [2026-06-19T17:13:57.905+0000] {dag.py:3239} INFO - Sync 1 DAGs
[2026-06-19T17:13:57.992+0000] {logging_mixin.py:190} INFO - [2026-06-19T17:13:57.991+0000] {dag.py:4180} INFO - Setting next_dagrun for example_dag_decorator to None, run_after=None
[2026-06-19T17:13:58.145+0000] {processor.py:208} INFO - Processing /home/airflow/.local/lib/python3.12/site-packages/airflow/example_dags/example_dag_decorator.py took 1.310 seconds
[2026-06-19T17:14:28.551+0000] {processor.py:186} INFO - Started process (PID=881) to work on /home/airflow/.local/lib/python3.12/site-packages/airflow/example_dags/example_dag_decorator.py
[2026-06-19T17:14:28.556+0000] {processor.py:914} INFO - Processing file /home/airflow/.local/lib/python3.12/site-packages/airflow/example_dags/example_dag_decorator.py for tasks to queue
[2026-06-19T17:14:28.562+0000] {logging_mixin.py:190} INFO - [2026-06-19T17:14:28.561+0000] {dagbag.py:588} INFO - Filling up the DagBag from /home/airflow/.local/lib/python3.12/site-packages/airflow/example_dags/example_dag_decorator.py
[2026-06-19T17:14:28.690+0000] {processor.py:925} INFO - DAG(s) 'example_dag_decorator' retrieved from /home/airflow/.local/lib/python3.12/site-packages/airflow/example_dags/example_dag_decorator.py
[2026-06-19T17:14:28.824+0000] {logging_mixin.py:190} INFO - [2026-06-19T17:14:28.824+0000] {dag.py:3239} INFO - Sync 1 DAGs
[2026-06-19T17:14:28.840+0000] {logging_mixin.py:190} INFO - [2026-06-19T17:14:28.839+0000] {dag.py:4180} INFO - Setting next_dagrun for example_dag_decorator to None, run_after=None
[2026-06-19T17:14:28.861+0000] {processor.py:208} INFO - Processing /home/airflow/.local/lib/python3.12/site-packages/airflow/example_dags/example_dag_decorator.py took 0.318 seconds
[2026-06-19T17:14:59.341+0000] {processor.py:186} INFO - Started process (PID=945) to work on /home/airflow/.local/lib/python3.12/site-packages/airflow/example_dags/example_dag_decorator.py
[2026-06-19T17:14:59.343+0000] {processor.py:914} INFO - Processing file /home/airflow/.local/lib/python3.12/site-packages/airflow/example_dags/example_dag_decorator.py for tasks to queue
[2026-06-19T17:14:59.347+0000] {logging_mixin.py:190} INFO - [2026-06-19T17:14:59.346+0000] {dagbag.py:588} INFO - Filling up the DagBag from /home/airflow/.local/lib/python3.12/site-packages/airflow/example_dags/example_dag_decorator.py
[2026-06-19T17:14:59.483+0000] {processor.py:925} INFO - DAG(s) 'example_dag_decorator' retrieved from /home/airflow/.local/lib/python3.12/site-packages/airflow/example_dags/example_dag_decorator.py
[2026-06-19T17:14:59.659+0000] {logging_mixin.py:190} INFO - [2026-06-19T17:14:59.658+0000] {dag.py:3239} INFO - Sync 1 DAGs
[2026-06-19T17:14:59.678+0000] {logging_mixin.py:190} INFO - [2026-06-19T17:14:59.678+0000] {dag.py:4180} INFO - Setting next_dagrun for example_dag_decorator to None, run_after=None
[2026-06-19T17:14:59.712+0000] {processor.py:208} INFO - Processing /home/airflow/.local/lib/python3.12/site-packages/airflow/example_dags/example_dag_decorator.py took 0.377 seconds
[2026-06-19T17:15:29.783+0000] {processor.py:186} INFO - Started process (PID=1009) to work on /home/airflow/.local/lib/python3.12/site-packages/airflow/example_dags/example_dag_decorator.py
[2026-06-19T17:15:29.786+0000] {processor.py:914} INFO - Processing file /home/airflow/.local/lib/python3.12/site-packages/airflow/example_dags/example_dag_decorator.py for tasks to queue
[2026-06-19T17:15:29.791+0000] {logging_mixin.py:190} INFO - [2026-06-19T17:15:29.791+0000] {dagbag.py:588} INFO - Filling up the DagBag from /home/airflow/.local/lib/python3.12/site-packages/airflow/example_dags/example_dag_decorator.py
[2026-06-19T17:15:30.136+0000] {processor.py:925} INFO - DAG(s) 'example_dag_decorator' retrieved from /home/airflow/.local/lib/python3.12/site-packages/airflow/example_dags/example_dag_decorator.py
[2026-06-19T17:15:30.376+0000] {logging_mixin.py:190} INFO - [2026-06-19T17:15:30.376+0000] {dag.py:3239} INFO - Sync 1 DAGs
[2026-06-19T17:15:30.403+0000] {logging_mixin.py:190} INFO - [2026-06-19T17:15:30.403+0000] {dag.py:4180} INFO - Setting next_dagrun for example_dag_decorator to None, run_after=None
[2026-06-19T17:15:30.440+0000] {processor.py:208} INFO - Processing /home/airflow/.local/lib/python3.12/site-packages/airflow/example_dags/example_dag_decorator.py took 0.667 seconds
[2026-06-19T17:16:00.762+0000] {processor.py:186} INFO - Started process (PID=1073) to work on /home/airflow/.local/lib/python3.12/site-packages/airflow/example_dags/example_dag_decorator.py
[2026-06-19T17:16:00.773+0000] {processor.py:914} INFO - Processing file /home/airflow/.local/lib/python3.12/site-packages/airflow/example_dags/example_dag_decorator.py for tasks to queue
[2026-06-19T17:16:00.792+0000] {logging_mixin.py:190} INFO - [2026-06-19T17:16:00.791+0000] {dagbag.py:588} INFO - Filling up the DagBag from /home/airflow/.local/lib/python3.12/site-packages/airflow/example_dags/example_dag_decorator.py
[2026-06-19T17:16:01.142+0000] {processor.py:925} INFO - DAG(s) 'example_dag_decorator' retrieved from /home/airflow/.local/lib/python3.12/site-packages/airflow/example_dags/example_dag_decorator.py
[2026-06-19T17:16:01.512+0000] {logging_mixin.py:190} INFO - [2026-06-19T17:16:01.511+0000] {dag.py:3239} INFO - Sync 1 DAGs
[2026-06-19T17:16:01.564+0000] {logging_mixin.py:190} INFO - [2026-06-19T17:16:01.564+0000] {dag.py:4180} INFO - Setting next_dagrun for example_dag_decorator to None, run_after=None
[2026-06-19T17:16:01.642+0000] {processor.py:208} INFO - Processing /home/airflow/.local/lib/python3.12/site-packages/airflow/example_dags/example_dag_decorator.py took 0.907 seconds
[2026-06-19T17:16:32.593+0000] {processor.py:186} INFO - Started process (PID=1137) to work on /home/airflow/.local/lib/python3.12/site-packages/airflow/example_dags/example_dag_decorator.py
[2026-06-19T17:16:32.597+0000] {processor.py:914} INFO - Processing file /home/airflow/.local/lib/python3.12/site-packages/airflow/example_dags/example_dag_decorator.py for tasks to queue
[2026-06-19T17:16:32.603+0000] {logging_mixin.py:190} INFO - [2026-06-19T17:16:32.603+0000] {dagbag.py:588} INFO - Filling up the DagBag from /home/airflow/.local/lib/python3.12/site-packages/airflow/example_dags/example_dag_decorator.py
[2026-06-19T17:16:32.786+0000] {processor.py:925} INFO - DAG(s) 'example_dag_decorator' retrieved from /home/airflow/.local/lib/python3.12/site-packages/airflow/example_dags/example_dag_decorator.py
[2026-06-19T17:16:32.984+0000] {logging_mixin.py:190} INFO - [2026-06-19T17:16:32.984+0000] {dag.py:3239} INFO - Sync 1 DAGs
[2026-06-19T17:16:33.012+0000] {logging_mixin.py:190} INFO - [2026-06-19T17:16:33.011+0000] {dag.py:4180} INFO - Setting next_dagrun for example_dag_decorator to None, run_after=None
[2026-06-19T17:16:33.037+0000] {processor.py:208} INFO - Processing /home/airflow/.local/lib/python3.12/site-packages/airflow/example_dags/example_dag_decorator.py took 0.457 seconds
[2026-06-19T17:17:03.300+0000] {processor.py:186} INFO - Started process (PID=1202) to work on /home/airflow/.local/lib/python3.12/site-packages/airflow/example_dags/example_dag_decorator.py
[2026-06-19T17:17:03.308+0000] {processor.py:914} INFO - Processing file /home/airflow/.local/lib/python3.12/site-packages/airflow/example_dags/example_dag_decorator.py for tasks to queue
[2026-06-19T17:17:03.317+0000] {logging_mixin.py:190} INFO - [2026-06-19T17:17:03.316+0000] {dagbag.py:588} INFO - Filling up the DagBag from /home/airflow/.local/lib/python3.12/site-packages/airflow/example_dags/example_dag_decorator.py
[2026-06-19T17:17:03.559+0000] {processor.py:925} INFO - DAG(s) 'example_dag_decorator' retrieved from /home/airflow/.local/lib/python3.12/site-packages/airflow/example_dags/example_dag_decorator.py
[2026-06-19T17:17:03.803+0000] {logging_mixin.py:190} INFO - [2026-06-19T17:17:03.803+0000] {dag.py:3239} INFO - Sync 1 DAGs
[2026-06-19T17:17:03.833+0000] {logging_mixin.py:190} INFO - [2026-06-19T17:17:03.833+0000] {dag.py:4180} INFO - Setting next_dagrun for example_dag_decorator to None, run_after=None
[2026-06-19T17:17:03.875+0000] {processor.py:208} INFO - Processing /home/airflow/.local/lib/python3.12/site-packages/airflow/example_dags/example_dag_decorator.py took 0.593 seconds
[2026-06-19T17:17:33.985+0000] {processor.py:186} INFO - Started process (PID=1266) to work on /home/airflow/.local/lib/python3.12/site-packages/airflow/example_dags/example_dag_decorator.py
[2026-06-19T17:17:33.988+0000] {processor.py:914} INFO - Processing file /home/airflow/.local/lib/python3.12/site-packages/airflow/example_dags/example_dag_decorator.py for tasks to queue
[2026-06-19T17:17:33.991+0000] {logging_mixin.py:190} INFO - [2026-06-19T17:17:33.990+0000] {dagbag.py:588} INFO - Filling up the DagBag from /home/airflow/.local/lib/python3.12/site-packages/airflow/example_dags/example_dag_decorator.py
[2026-06-19T17:17:34.085+0000] {processor.py:925} INFO - DAG(s) 'example_dag_decorator' retrieved from /home/airflow/.local/lib/python3.12/site-packages/airflow/example_dags/example_dag_decorator.py
[2026-06-19T17:17:34.201+0000] {logging_mixin.py:190} INFO - [2026-06-19T17:17:34.201+0000] {dag.py:3239} INFO - Sync 1 DAGs
[2026-06-19T17:17:34.215+0000] {logging_mixin.py:190} INFO - [2026-06-19T17:17:34.214+0000] {dag.py:4180} INFO - Setting next_dagrun for example_dag_decorator to None, run_after=None
[2026-06-19T17:17:34.241+0000] {processor.py:208} INFO - Processing /home/airflow/.local/lib/python3.12/site-packages/airflow/example_dags/example_dag_decorator.py took 0.261 seconds
[2026-06-19T17:18:04.893+0000] {processor.py:186} INFO - Started process (PID=1329) to work on /home/airflow/.local/lib/python3.12/site-packages/airflow/example_dags/example_dag_decorator.py
[2026-06-19T17:18:04.899+0000] {processor.py:914} INFO - Processing file /home/airflow/.local/lib/python3.12/site-packages/airflow/example_dags/example_dag_decorator.py for tasks to queue
[2026-06-19T17:18:04.909+0000] {logging_mixin.py:190} INFO - [2026-06-19T17:18:04.908+0000] {dagbag.py:588} INFO - Filling up the DagBag from /home/airflow/.local/lib/python3.12/site-packages/airflow/example_dags/example_dag_decorator.py
[2026-06-19T17:18:05.085+0000] {processor.py:925} INFO - DAG(s) 'example_dag_decorator' retrieved from /home/airflow/.local/lib/python3.12/site-packages/airflow/example_dags/example_dag_decorator.py
[2026-06-19T17:18:05.381+0000] {logging_mixin.py:190} INFO - [2026-06-19T17:18:05.381+0000] {dag.py:3239} INFO - Sync 1 DAGs
[2026-06-19T17:18:05.401+0000] {logging_mixin.py:190} INFO - [2026-06-19T17:18:05.400+0000] {dag.py:4180} INFO - Setting next_dagrun for example_dag_decorator to None, run_after=None
[2026-06-19T17:18:05.432+0000] {processor.py:208} INFO - Processing /home/airflow/.local/lib/python3.12/site-packages/airflow/example_dags/example_dag_decorator.py took 0.551 seconds
