[2026-06-19T16:38:41.578+0000] {processor.py:186} INFO - Started process (PID=70) to work on /home/airflow/.local/lib/python3.12/site-packages/airflow/example_dags/example_workday_timetable.py
[2026-06-19T16:38:41.580+0000] {processor.py:914} INFO - Processing file /home/airflow/.local/lib/python3.12/site-packages/airflow/example_dags/example_workday_timetable.py for tasks to queue
[2026-06-19T16:38:41.594+0000] {logging_mixin.py:190} INFO - [2026-06-19T16:38:41.593+0000] {dagbag.py:588} INFO - Filling up the DagBag from /home/airflow/.local/lib/python3.12/site-packages/airflow/example_dags/example_workday_timetable.py
[2026-06-19T16:38:41.614+0000] {processor.py:925} INFO - DAG(s) 'example_workday_timetable' retrieved from /home/airflow/.local/lib/python3.12/site-packages/airflow/example_dags/example_workday_timetable.py
[2026-06-19T16:38:41.725+0000] {logging_mixin.py:190} INFO - [2026-06-19T16:38:41.725+0000] {dag.py:3239} INFO - Sync 1 DAGs
[2026-06-19T16:38:41.926+0000] {logging_mixin.py:190} INFO - [2026-06-19T16:38:41.925+0000] {dag.py:4180} INFO - Setting next_dagrun for example_workday_timetable to 2021-01-04 00:00:00+00:00, run_after=2021-01-05 00:00:00+00:00
[2026-06-19T16:38:41.971+0000] {processor.py:208} INFO - Processing /home/airflow/.local/lib/python3.12/site-packages/airflow/example_dags/example_workday_timetable.py took 0.412 seconds
[2026-06-19T16:39:12.762+0000] {processor.py:186} INFO - Started process (PID=134) to work on /home/airflow/.local/lib/python3.12/site-packages/airflow/example_dags/example_workday_timetable.py
[2026-06-19T16:39:12.764+0000] {processor.py:914} INFO - Processing file /home/airflow/.local/lib/python3.12/site-packages/airflow/example_dags/example_workday_timetable.py for tasks to queue
[2026-06-19T16:39:12.767+0000] {logging_mixin.py:190} INFO - [2026-06-19T16:39:12.767+0000] {dagbag.py:588} INFO - Filling up the DagBag from /home/airflow/.local/lib/python3.12/site-packages/airflow/example_dags/example_workday_timetable.py
[2026-06-19T16:39:12.776+0000] {processor.py:925} INFO - DAG(s) 'example_workday_timetable' retrieved from /home/airflow/.local/lib/python3.12/site-packages/airflow/example_dags/example_workday_timetable.py
[2026-06-19T16:39:12.800+0000] {logging_mixin.py:190} INFO - [2026-06-19T16:39:12.800+0000] {dag.py:3239} INFO - Sync 1 DAGs
[2026-06-19T16:39:12.866+0000] {logging_mixin.py:190} INFO - [2026-06-19T16:39:12.865+0000] {dag.py:4180} INFO - Setting next_dagrun for example_workday_timetable to 2021-01-04 00:00:00+00:00, run_after=2021-01-05 00:00:00+00:00
[2026-06-19T16:39:12.886+0000] {processor.py:208} INFO - Processing /home/airflow/.local/lib/python3.12/site-packages/airflow/example_dags/example_workday_timetable.py took 0.131 seconds
[2026-06-19T16:39:43.688+0000] {processor.py:186} INFO - Started process (PID=198) to work on /home/airflow/.local/lib/python3.12/site-packages/airflow/example_dags/example_workday_timetable.py
[2026-06-19T16:39:43.692+0000] {processor.py:914} INFO - Processing file /home/airflow/.local/lib/python3.12/site-packages/airflow/example_dags/example_workday_timetable.py for tasks to queue
[2026-06-19T16:39:43.700+0000] {logging_mixin.py:190} INFO - [2026-06-19T16:39:43.699+0000] {dagbag.py:588} INFO - Filling up the DagBag from /home/airflow/.local/lib/python3.12/site-packages/airflow/example_dags/example_workday_timetable.py
[2026-06-19T16:39:43.741+0000] {processor.py:925} INFO - DAG(s) 'example_workday_timetable' retrieved from /home/airflow/.local/lib/python3.12/site-packages/airflow/example_dags/example_workday_timetable.py
[2026-06-19T16:39:43.872+0000] {logging_mixin.py:190} INFO - [2026-06-19T16:39:43.871+0000] {dag.py:3239} INFO - Sync 1 DAGs
[2026-06-19T16:39:44.098+0000] {logging_mixin.py:190} INFO - [2026-06-19T16:39:44.098+0000] {dag.py:4180} INFO - Setting next_dagrun for example_workday_timetable to 2021-01-04 00:00:00+00:00, run_after=2021-01-05 00:00:00+00:00
[2026-06-19T16:39:44.146+0000] {processor.py:208} INFO - Processing /home/airflow/.local/lib/python3.12/site-packages/airflow/example_dags/example_workday_timetable.py took 0.483 seconds
[2026-06-19T16:41:52.465+0000] {processor.py:186} INFO - Started process (PID=75) to work on /home/airflow/.local/lib/python3.12/site-packages/airflow/example_dags/example_workday_timetable.py
[2026-06-19T16:41:52.471+0000] {processor.py:914} INFO - Processing file /home/airflow/.local/lib/python3.12/site-packages/airflow/example_dags/example_workday_timetable.py for tasks to queue
[2026-06-19T16:41:52.490+0000] {logging_mixin.py:190} INFO - [2026-06-19T16:41:52.486+0000] {dagbag.py:588} INFO - Filling up the DagBag from /home/airflow/.local/lib/python3.12/site-packages/airflow/example_dags/example_workday_timetable.py
[2026-06-19T16:41:52.537+0000] {processor.py:925} INFO - DAG(s) 'example_workday_timetable' retrieved from /home/airflow/.local/lib/python3.12/site-packages/airflow/example_dags/example_workday_timetable.py
[2026-06-19T16:41:52.750+0000] {logging_mixin.py:190} INFO - [2026-06-19T16:41:52.749+0000] {dag.py:3239} INFO - Sync 1 DAGs
[2026-06-19T16:41:53.248+0000] {logging_mixin.py:190} INFO - [2026-06-19T16:41:53.247+0000] {dag.py:4180} INFO - Setting next_dagrun for example_workday_timetable to 2021-01-04 00:00:00+00:00, run_after=2021-01-05 00:00:00+00:00
[2026-06-19T16:41:53.452+0000] {processor.py:208} INFO - Processing /home/airflow/.local/lib/python3.12/site-packages/airflow/example_dags/example_workday_timetable.py took 1.021 seconds
[2026-06-19T16:42:27.596+0000] {processor.py:186} INFO - Started process (PID=146) to work on /home/airflow/.local/lib/python3.12/site-packages/airflow/example_dags/example_workday_timetable.py
[2026-06-19T16:42:27.618+0000] {processor.py:914} INFO - Processing file /home/airflow/.local/lib/python3.12/site-packages/airflow/example_dags/example_workday_timetable.py for tasks to queue
[2026-06-19T16:42:27.647+0000] {logging_mixin.py:190} INFO - [2026-06-19T16:42:27.646+0000] {dagbag.py:588} INFO - Filling up the DagBag from /home/airflow/.local/lib/python3.12/site-packages/airflow/example_dags/example_workday_timetable.py
[2026-06-19T16:42:27.719+0000] {processor.py:925} INFO - DAG(s) 'example_workday_timetable' retrieved from /home/airflow/.local/lib/python3.12/site-packages/airflow/example_dags/example_workday_timetable.py
[2026-06-19T16:42:27.867+0000] {logging_mixin.py:190} INFO - [2026-06-19T16:42:27.866+0000] {dag.py:3239} INFO - Sync 1 DAGs
[2026-06-19T16:42:28.493+0000] {logging_mixin.py:190} INFO - [2026-06-19T16:42:28.492+0000] {dag.py:4180} INFO - Setting next_dagrun for example_workday_timetable to 2021-01-04 00:00:00+00:00, run_after=2021-01-05 00:00:00+00:00
[2026-06-19T16:42:28.638+0000] {processor.py:208} INFO - Processing /home/airflow/.local/lib/python3.12/site-packages/airflow/example_dags/example_workday_timetable.py took 1.096 seconds
[2026-06-19T16:43:08.531+0000] {processor.py:186} INFO - Started process (PID=191) to work on /home/airflow/.local/lib/python3.12/site-packages/airflow/example_dags/example_workday_timetable.py
[2026-06-19T16:43:08.546+0000] {processor.py:914} INFO - Processing file /home/airflow/.local/lib/python3.12/site-packages/airflow/example_dags/example_workday_timetable.py for tasks to queue
[2026-06-19T16:43:08.565+0000] {logging_mixin.py:190} INFO - [2026-06-19T16:43:08.564+0000] {dagbag.py:588} INFO - Filling up the DagBag from /home/airflow/.local/lib/python3.12/site-packages/airflow/example_dags/example_workday_timetable.py
[2026-06-19T16:43:08.632+0000] {processor.py:925} INFO - DAG(s) 'example_workday_timetable' retrieved from /home/airflow/.local/lib/python3.12/site-packages/airflow/example_dags/example_workday_timetable.py
[2026-06-19T16:43:08.794+0000] {logging_mixin.py:190} INFO - [2026-06-19T16:43:08.793+0000] {dag.py:3239} INFO - Sync 1 DAGs
[2026-06-19T16:43:09.609+0000] {logging_mixin.py:190} INFO - [2026-06-19T16:43:09.608+0000] {dag.py:4180} INFO - Setting next_dagrun for example_workday_timetable to 2021-01-04 00:00:00+00:00, run_after=2021-01-05 00:00:00+00:00
[2026-06-19T16:43:09.830+0000] {processor.py:208} INFO - Processing /home/airflow/.local/lib/python3.12/site-packages/airflow/example_dags/example_workday_timetable.py took 1.365 seconds
[2026-06-19T16:43:44.091+0000] {processor.py:186} INFO - Started process (PID=246) to work on /home/airflow/.local/lib/python3.12/site-packages/airflow/example_dags/example_workday_timetable.py
[2026-06-19T16:43:44.122+0000] {processor.py:914} INFO - Processing file /home/airflow/.local/lib/python3.12/site-packages/airflow/example_dags/example_workday_timetable.py for tasks to queue
[2026-06-19T16:43:44.134+0000] {logging_mixin.py:190} INFO - [2026-06-19T16:43:44.133+0000] {dagbag.py:588} INFO - Filling up the DagBag from /home/airflow/.local/lib/python3.12/site-packages/airflow/example_dags/example_workday_timetable.py
[2026-06-19T16:43:44.158+0000] {processor.py:925} INFO - DAG(s) 'example_workday_timetable' retrieved from /home/airflow/.local/lib/python3.12/site-packages/airflow/example_dags/example_workday_timetable.py
[2026-06-19T16:43:44.280+0000] {logging_mixin.py:190} INFO - [2026-06-19T16:43:44.278+0000] {dag.py:3239} INFO - Sync 1 DAGs
[2026-06-19T16:43:44.652+0000] {logging_mixin.py:190} INFO - [2026-06-19T16:43:44.652+0000] {dag.py:4180} INFO - Setting next_dagrun for example_workday_timetable to 2021-01-04 00:00:00+00:00, run_after=2021-01-05 00:00:00+00:00
[2026-06-19T16:43:44.775+0000] {processor.py:208} INFO - Processing /home/airflow/.local/lib/python3.12/site-packages/airflow/example_dags/example_workday_timetable.py took 0.711 seconds
[2026-06-19T16:44:20.277+0000] {processor.py:186} INFO - Started process (PID=304) to work on /home/airflow/.local/lib/python3.12/site-packages/airflow/example_dags/example_workday_timetable.py
[2026-06-19T16:44:20.281+0000] {processor.py:914} INFO - Processing file /home/airflow/.local/lib/python3.12/site-packages/airflow/example_dags/example_workday_timetable.py for tasks to queue
[2026-06-19T16:44:20.307+0000] {logging_mixin.py:190} INFO - [2026-06-19T16:44:20.306+0000] {dagbag.py:588} INFO - Filling up the DagBag from /home/airflow/.local/lib/python3.12/site-packages/airflow/example_dags/example_workday_timetable.py
[2026-06-19T16:44:20.345+0000] {processor.py:925} INFO - DAG(s) 'example_workday_timetable' retrieved from /home/airflow/.local/lib/python3.12/site-packages/airflow/example_dags/example_workday_timetable.py
[2026-06-19T16:44:20.476+0000] {logging_mixin.py:190} INFO - [2026-06-19T16:44:20.470+0000] {dag.py:3239} INFO - Sync 1 DAGs
[2026-06-19T16:44:20.824+0000] {logging_mixin.py:190} INFO - [2026-06-19T16:44:20.824+0000] {dag.py:4180} INFO - Setting next_dagrun for example_workday_timetable to 2021-01-04 00:00:00+00:00, run_after=2021-01-05 00:00:00+00:00
[2026-06-19T16:44:20.909+0000] {processor.py:208} INFO - Processing /home/airflow/.local/lib/python3.12/site-packages/airflow/example_dags/example_workday_timetable.py took 0.676 seconds
[2026-06-19T16:44:51.351+0000] {processor.py:186} INFO - Started process (PID=367) to work on /home/airflow/.local/lib/python3.12/site-packages/airflow/example_dags/example_workday_timetable.py
[2026-06-19T16:44:51.359+0000] {processor.py:914} INFO - Processing file /home/airflow/.local/lib/python3.12/site-packages/airflow/example_dags/example_workday_timetable.py for tasks to queue
[2026-06-19T16:44:51.374+0000] {logging_mixin.py:190} INFO - [2026-06-19T16:44:51.372+0000] {dagbag.py:588} INFO - Filling up the DagBag from /home/airflow/.local/lib/python3.12/site-packages/airflow/example_dags/example_workday_timetable.py
[2026-06-19T16:44:51.402+0000] {processor.py:925} INFO - DAG(s) 'example_workday_timetable' retrieved from /home/airflow/.local/lib/python3.12/site-packages/airflow/example_dags/example_workday_timetable.py
[2026-06-19T16:44:51.469+0000] {logging_mixin.py:190} INFO - [2026-06-19T16:44:51.468+0000] {dag.py:3239} INFO - Sync 1 DAGs
[2026-06-19T16:44:51.751+0000] {logging_mixin.py:190} INFO - [2026-06-19T16:44:51.749+0000] {dag.py:4180} INFO - Setting next_dagrun for example_workday_timetable to 2021-01-04 00:00:00+00:00, run_after=2021-01-05 00:00:00+00:00
[2026-06-19T16:44:51.844+0000] {processor.py:208} INFO - Processing /home/airflow/.local/lib/python3.12/site-packages/airflow/example_dags/example_workday_timetable.py took 0.527 seconds
[2026-06-19T16:45:22.066+0000] {processor.py:186} INFO - Started process (PID=431) to work on /home/airflow/.local/lib/python3.12/site-packages/airflow/example_dags/example_workday_timetable.py
[2026-06-19T16:45:22.073+0000] {processor.py:914} INFO - Processing file /home/airflow/.local/lib/python3.12/site-packages/airflow/example_dags/example_workday_timetable.py for tasks to queue
[2026-06-19T16:45:22.082+0000] {logging_mixin.py:190} INFO - [2026-06-19T16:45:22.081+0000] {dagbag.py:588} INFO - Filling up the DagBag from /home/airflow/.local/lib/python3.12/site-packages/airflow/example_dags/example_workday_timetable.py
[2026-06-19T16:45:22.109+0000] {processor.py:925} INFO - DAG(s) 'example_workday_timetable' retrieved from /home/airflow/.local/lib/python3.12/site-packages/airflow/example_dags/example_workday_timetable.py
[2026-06-19T16:45:22.175+0000] {logging_mixin.py:190} INFO - [2026-06-19T16:45:22.174+0000] {dag.py:3239} INFO - Sync 1 DAGs
[2026-06-19T16:45:22.435+0000] {logging_mixin.py:190} INFO - [2026-06-19T16:45:22.435+0000] {dag.py:4180} INFO - Setting next_dagrun for example_workday_timetable to 2021-01-04 00:00:00+00:00, run_after=2021-01-05 00:00:00+00:00
[2026-06-19T16:45:22.540+0000] {processor.py:208} INFO - Processing /home/airflow/.local/lib/python3.12/site-packages/airflow/example_dags/example_workday_timetable.py took 0.497 seconds
[2026-06-19T16:45:52.869+0000] {processor.py:186} INFO - Started process (PID=496) to work on /home/airflow/.local/lib/python3.12/site-packages/airflow/example_dags/example_workday_timetable.py
[2026-06-19T16:45:52.873+0000] {processor.py:914} INFO - Processing file /home/airflow/.local/lib/python3.12/site-packages/airflow/example_dags/example_workday_timetable.py for tasks to queue
[2026-06-19T16:45:52.879+0000] {logging_mixin.py:190} INFO - [2026-06-19T16:45:52.878+0000] {dagbag.py:588} INFO - Filling up the DagBag from /home/airflow/.local/lib/python3.12/site-packages/airflow/example_dags/example_workday_timetable.py
[2026-06-19T16:45:52.892+0000] {processor.py:925} INFO - DAG(s) 'example_workday_timetable' retrieved from /home/airflow/.local/lib/python3.12/site-packages/airflow/example_dags/example_workday_timetable.py
[2026-06-19T16:45:52.930+0000] {logging_mixin.py:190} INFO - [2026-06-19T16:45:52.930+0000] {dag.py:3239} INFO - Sync 1 DAGs
[2026-06-19T16:45:53.098+0000] {logging_mixin.py:190} INFO - [2026-06-19T16:45:53.097+0000] {dag.py:4180} INFO - Setting next_dagrun for example_workday_timetable to 2021-01-04 00:00:00+00:00, run_after=2021-01-05 00:00:00+00:00
[2026-06-19T16:45:53.143+0000] {processor.py:208} INFO - Processing /home/airflow/.local/lib/python3.12/site-packages/airflow/example_dags/example_workday_timetable.py took 0.285 seconds
[2026-06-19T16:46:23.715+0000] {processor.py:186} INFO - Started process (PID=560) to work on /home/airflow/.local/lib/python3.12/site-packages/airflow/example_dags/example_workday_timetable.py
[2026-06-19T16:46:23.722+0000] {processor.py:914} INFO - Processing file /home/airflow/.local/lib/python3.12/site-packages/airflow/example_dags/example_workday_timetable.py for tasks to queue
[2026-06-19T16:46:23.735+0000] {logging_mixin.py:190} INFO - [2026-06-19T16:46:23.733+0000] {dagbag.py:588} INFO - Filling up the DagBag from /home/airflow/.local/lib/python3.12/site-packages/airflow/example_dags/example_workday_timetable.py
[2026-06-19T16:46:23.785+0000] {processor.py:925} INFO - DAG(s) 'example_workday_timetable' retrieved from /home/airflow/.local/lib/python3.12/site-packages/airflow/example_dags/example_workday_timetable.py
[2026-06-19T16:46:23.888+0000] {logging_mixin.py:190} INFO - [2026-06-19T16:46:23.887+0000] {dag.py:3239} INFO - Sync 1 DAGs
[2026-06-19T16:46:24.108+0000] {logging_mixin.py:190} INFO - [2026-06-19T16:46:24.108+0000] {dag.py:4180} INFO - Setting next_dagrun for example_workday_timetable to 2021-01-04 00:00:00+00:00, run_after=2021-01-05 00:00:00+00:00
[2026-06-19T16:46:24.171+0000] {processor.py:208} INFO - Processing /home/airflow/.local/lib/python3.12/site-packages/airflow/example_dags/example_workday_timetable.py took 0.475 seconds
[2026-06-19T16:46:56.569+0000] {processor.py:186} INFO - Started process (PID=622) to work on /home/airflow/.local/lib/python3.12/site-packages/airflow/example_dags/example_workday_timetable.py
[2026-06-19T16:46:56.588+0000] {processor.py:914} INFO - Processing file /home/airflow/.local/lib/python3.12/site-packages/airflow/example_dags/example_workday_timetable.py for tasks to queue
[2026-06-19T16:46:56.607+0000] {logging_mixin.py:190} INFO - [2026-06-19T16:46:56.606+0000] {dagbag.py:588} INFO - Filling up the DagBag from /home/airflow/.local/lib/python3.12/site-packages/airflow/example_dags/example_workday_timetable.py
[2026-06-19T16:46:56.629+0000] {processor.py:925} INFO - DAG(s) 'example_workday_timetable' retrieved from /home/airflow/.local/lib/python3.12/site-packages/airflow/example_dags/example_workday_timetable.py
[2026-06-19T16:46:56.741+0000] {logging_mixin.py:190} INFO - [2026-06-19T16:46:56.740+0000] {dag.py:3239} INFO - Sync 1 DAGs
[2026-06-19T16:46:57.237+0000] {logging_mixin.py:190} INFO - [2026-06-19T16:46:57.236+0000] {dag.py:4180} INFO - Setting next_dagrun for example_workday_timetable to 2021-01-04 00:00:00+00:00, run_after=2021-01-05 00:00:00+00:00
[2026-06-19T16:46:57.398+0000] {processor.py:208} INFO - Processing /home/airflow/.local/lib/python3.12/site-packages/airflow/example_dags/example_workday_timetable.py took 0.847 seconds
[2026-06-19T16:47:28.163+0000] {processor.py:186} INFO - Started process (PID=686) to work on /home/airflow/.local/lib/python3.12/site-packages/airflow/example_dags/example_workday_timetable.py
[2026-06-19T16:47:28.168+0000] {processor.py:914} INFO - Processing file /home/airflow/.local/lib/python3.12/site-packages/airflow/example_dags/example_workday_timetable.py for tasks to queue
[2026-06-19T16:47:28.179+0000] {logging_mixin.py:190} INFO - [2026-06-19T16:47:28.177+0000] {dagbag.py:588} INFO - Filling up the DagBag from /home/airflow/.local/lib/python3.12/site-packages/airflow/example_dags/example_workday_timetable.py
[2026-06-19T16:47:28.206+0000] {processor.py:925} INFO - DAG(s) 'example_workday_timetable' retrieved from /home/airflow/.local/lib/python3.12/site-packages/airflow/example_dags/example_workday_timetable.py
[2026-06-19T16:47:28.269+0000] {logging_mixin.py:190} INFO - [2026-06-19T16:47:28.268+0000] {dag.py:3239} INFO - Sync 1 DAGs
[2026-06-19T16:47:28.452+0000] {logging_mixin.py:190} INFO - [2026-06-19T16:47:28.452+0000] {dag.py:4180} INFO - Setting next_dagrun for example_workday_timetable to 2021-01-04 00:00:00+00:00, run_after=2021-01-05 00:00:00+00:00
[2026-06-19T16:47:28.507+0000] {processor.py:208} INFO - Processing /home/airflow/.local/lib/python3.12/site-packages/airflow/example_dags/example_workday_timetable.py took 0.371 seconds
[2026-06-19T16:47:59.374+0000] {processor.py:186} INFO - Started process (PID=756) to work on /home/airflow/.local/lib/python3.12/site-packages/airflow/example_dags/example_workday_timetable.py
[2026-06-19T16:47:59.380+0000] {processor.py:914} INFO - Processing file /home/airflow/.local/lib/python3.12/site-packages/airflow/example_dags/example_workday_timetable.py for tasks to queue
[2026-06-19T16:47:59.390+0000] {logging_mixin.py:190} INFO - [2026-06-19T16:47:59.389+0000] {dagbag.py:588} INFO - Filling up the DagBag from /home/airflow/.local/lib/python3.12/site-packages/airflow/example_dags/example_workday_timetable.py
[2026-06-19T16:47:59.411+0000] {processor.py:925} INFO - DAG(s) 'example_workday_timetable' retrieved from /home/airflow/.local/lib/python3.12/site-packages/airflow/example_dags/example_workday_timetable.py
[2026-06-19T16:47:59.488+0000] {logging_mixin.py:190} INFO - [2026-06-19T16:47:59.487+0000] {dag.py:3239} INFO - Sync 1 DAGs
[2026-06-19T16:47:59.700+0000] {logging_mixin.py:190} INFO - [2026-06-19T16:47:59.700+0000] {dag.py:4180} INFO - Setting next_dagrun for example_workday_timetable to 2021-01-04 00:00:00+00:00, run_after=2021-01-05 00:00:00+00:00
[2026-06-19T16:47:59.745+0000] {processor.py:208} INFO - Processing /home/airflow/.local/lib/python3.12/site-packages/airflow/example_dags/example_workday_timetable.py took 0.389 seconds
[2026-06-19T16:48:29.952+0000] {processor.py:186} INFO - Started process (PID=820) to work on /home/airflow/.local/lib/python3.12/site-packages/airflow/example_dags/example_workday_timetable.py
[2026-06-19T16:48:29.968+0000] {processor.py:914} INFO - Processing file /home/airflow/.local/lib/python3.12/site-packages/airflow/example_dags/example_workday_timetable.py for tasks to queue
[2026-06-19T16:48:29.984+0000] {logging_mixin.py:190} INFO - [2026-06-19T16:48:29.983+0000] {dagbag.py:588} INFO - Filling up the DagBag from /home/airflow/.local/lib/python3.12/site-packages/airflow/example_dags/example_workday_timetable.py
[2026-06-19T16:48:30.044+0000] {processor.py:925} INFO - DAG(s) 'example_workday_timetable' retrieved from /home/airflow/.local/lib/python3.12/site-packages/airflow/example_dags/example_workday_timetable.py
[2026-06-19T16:48:30.139+0000] {logging_mixin.py:190} INFO - [2026-06-19T16:48:30.139+0000] {dag.py:3239} INFO - Sync 1 DAGs
[2026-06-19T16:48:30.342+0000] {logging_mixin.py:190} INFO - [2026-06-19T16:48:30.341+0000] {dag.py:4180} INFO - Setting next_dagrun for example_workday_timetable to 2021-01-04 00:00:00+00:00, run_after=2021-01-05 00:00:00+00:00
[2026-06-19T16:48:30.394+0000] {processor.py:208} INFO - Processing /home/airflow/.local/lib/python3.12/site-packages/airflow/example_dags/example_workday_timetable.py took 0.466 seconds
[2026-06-19T16:49:01.305+0000] {processor.py:186} INFO - Started process (PID=885) to work on /home/airflow/.local/lib/python3.12/site-packages/airflow/example_dags/example_workday_timetable.py
[2026-06-19T16:49:01.311+0000] {processor.py:914} INFO - Processing file /home/airflow/.local/lib/python3.12/site-packages/airflow/example_dags/example_workday_timetable.py for tasks to queue
[2026-06-19T16:49:01.333+0000] {logging_mixin.py:190} INFO - [2026-06-19T16:49:01.325+0000] {dagbag.py:588} INFO - Filling up the DagBag from /home/airflow/.local/lib/python3.12/site-packages/airflow/example_dags/example_workday_timetable.py
[2026-06-19T16:49:01.371+0000] {processor.py:925} INFO - DAG(s) 'example_workday_timetable' retrieved from /home/airflow/.local/lib/python3.12/site-packages/airflow/example_dags/example_workday_timetable.py
[2026-06-19T16:49:01.467+0000] {logging_mixin.py:190} INFO - [2026-06-19T16:49:01.466+0000] {dag.py:3239} INFO - Sync 1 DAGs
[2026-06-19T16:49:01.850+0000] {logging_mixin.py:190} INFO - [2026-06-19T16:49:01.849+0000] {dag.py:4180} INFO - Setting next_dagrun for example_workday_timetable to 2021-01-04 00:00:00+00:00, run_after=2021-01-05 00:00:00+00:00
[2026-06-19T16:49:01.991+0000] {processor.py:208} INFO - Processing /home/airflow/.local/lib/python3.12/site-packages/airflow/example_dags/example_workday_timetable.py took 0.714 seconds
[2026-06-19T16:49:32.225+0000] {processor.py:186} INFO - Started process (PID=948) to work on /home/airflow/.local/lib/python3.12/site-packages/airflow/example_dags/example_workday_timetable.py
[2026-06-19T16:49:32.235+0000] {processor.py:914} INFO - Processing file /home/airflow/.local/lib/python3.12/site-packages/airflow/example_dags/example_workday_timetable.py for tasks to queue
[2026-06-19T16:49:32.256+0000] {logging_mixin.py:190} INFO - [2026-06-19T16:49:32.255+0000] {dagbag.py:588} INFO - Filling up the DagBag from /home/airflow/.local/lib/python3.12/site-packages/airflow/example_dags/example_workday_timetable.py
[2026-06-19T16:49:32.286+0000] {processor.py:925} INFO - DAG(s) 'example_workday_timetable' retrieved from /home/airflow/.local/lib/python3.12/site-packages/airflow/example_dags/example_workday_timetable.py
[2026-06-19T16:49:32.394+0000] {logging_mixin.py:190} INFO - [2026-06-19T16:49:32.393+0000] {dag.py:3239} INFO - Sync 1 DAGs
[2026-06-19T16:49:32.746+0000] {logging_mixin.py:190} INFO - [2026-06-19T16:49:32.745+0000] {dag.py:4180} INFO - Setting next_dagrun for example_workday_timetable to 2021-01-04 00:00:00+00:00, run_after=2021-01-05 00:00:00+00:00
[2026-06-19T16:49:32.817+0000] {processor.py:208} INFO - Processing /home/airflow/.local/lib/python3.12/site-packages/airflow/example_dags/example_workday_timetable.py took 0.627 seconds
[2026-06-19T16:50:03.465+0000] {processor.py:186} INFO - Started process (PID=1012) to work on /home/airflow/.local/lib/python3.12/site-packages/airflow/example_dags/example_workday_timetable.py
[2026-06-19T16:50:03.470+0000] {processor.py:914} INFO - Processing file /home/airflow/.local/lib/python3.12/site-packages/airflow/example_dags/example_workday_timetable.py for tasks to queue
[2026-06-19T16:50:03.477+0000] {logging_mixin.py:190} INFO - [2026-06-19T16:50:03.475+0000] {dagbag.py:588} INFO - Filling up the DagBag from /home/airflow/.local/lib/python3.12/site-packages/airflow/example_dags/example_workday_timetable.py
[2026-06-19T16:50:03.492+0000] {processor.py:925} INFO - DAG(s) 'example_workday_timetable' retrieved from /home/airflow/.local/lib/python3.12/site-packages/airflow/example_dags/example_workday_timetable.py
[2026-06-19T16:50:03.543+0000] {logging_mixin.py:190} INFO - [2026-06-19T16:50:03.542+0000] {dag.py:3239} INFO - Sync 1 DAGs
[2026-06-19T16:50:03.695+0000] {logging_mixin.py:190} INFO - [2026-06-19T16:50:03.694+0000] {dag.py:4180} INFO - Setting next_dagrun for example_workday_timetable to 2021-01-04 00:00:00+00:00, run_after=2021-01-05 00:00:00+00:00
[2026-06-19T16:50:03.739+0000] {processor.py:208} INFO - Processing /home/airflow/.local/lib/python3.12/site-packages/airflow/example_dags/example_workday_timetable.py took 0.287 seconds
[2026-06-19T16:50:34.084+0000] {processor.py:186} INFO - Started process (PID=1077) to work on /home/airflow/.local/lib/python3.12/site-packages/airflow/example_dags/example_workday_timetable.py
[2026-06-19T16:50:34.094+0000] {processor.py:914} INFO - Processing file /home/airflow/.local/lib/python3.12/site-packages/airflow/example_dags/example_workday_timetable.py for tasks to queue
[2026-06-19T16:50:34.111+0000] {logging_mixin.py:190} INFO - [2026-06-19T16:50:34.109+0000] {dagbag.py:588} INFO - Filling up the DagBag from /home/airflow/.local/lib/python3.12/site-packages/airflow/example_dags/example_workday_timetable.py
[2026-06-19T16:50:34.144+0000] {processor.py:925} INFO - DAG(s) 'example_workday_timetable' retrieved from /home/airflow/.local/lib/python3.12/site-packages/airflow/example_dags/example_workday_timetable.py
[2026-06-19T16:50:34.235+0000] {logging_mixin.py:190} INFO - [2026-06-19T16:50:34.234+0000] {dag.py:3239} INFO - Sync 1 DAGs
[2026-06-19T16:50:34.549+0000] {logging_mixin.py:190} INFO - [2026-06-19T16:50:34.549+0000] {dag.py:4180} INFO - Setting next_dagrun for example_workday_timetable to 2021-01-04 00:00:00+00:00, run_after=2021-01-05 00:00:00+00:00
[2026-06-19T16:50:34.621+0000] {processor.py:208} INFO - Processing /home/airflow/.local/lib/python3.12/site-packages/airflow/example_dags/example_workday_timetable.py took 0.563 seconds
[2026-06-19T16:51:05.074+0000] {processor.py:186} INFO - Started process (PID=1141) to work on /home/airflow/.local/lib/python3.12/site-packages/airflow/example_dags/example_workday_timetable.py
[2026-06-19T16:51:05.082+0000] {processor.py:914} INFO - Processing file /home/airflow/.local/lib/python3.12/site-packages/airflow/example_dags/example_workday_timetable.py for tasks to queue
[2026-06-19T16:51:05.104+0000] {logging_mixin.py:190} INFO - [2026-06-19T16:51:05.102+0000] {dagbag.py:588} INFO - Filling up the DagBag from /home/airflow/.local/lib/python3.12/site-packages/airflow/example_dags/example_workday_timetable.py
[2026-06-19T16:51:05.145+0000] {processor.py:925} INFO - DAG(s) 'example_workday_timetable' retrieved from /home/airflow/.local/lib/python3.12/site-packages/airflow/example_dags/example_workday_timetable.py
[2026-06-19T16:51:05.267+0000] {logging_mixin.py:190} INFO - [2026-06-19T16:51:05.266+0000] {dag.py:3239} INFO - Sync 1 DAGs
[2026-06-19T16:51:05.500+0000] {logging_mixin.py:190} INFO - [2026-06-19T16:51:05.499+0000] {dag.py:4180} INFO - Setting next_dagrun for example_workday_timetable to 2021-01-04 00:00:00+00:00, run_after=2021-01-05 00:00:00+00:00
[2026-06-19T16:51:05.588+0000] {processor.py:208} INFO - Processing /home/airflow/.local/lib/python3.12/site-packages/airflow/example_dags/example_workday_timetable.py took 0.539 seconds
[2026-06-19T16:51:36.535+0000] {processor.py:186} INFO - Started process (PID=1204) to work on /home/airflow/.local/lib/python3.12/site-packages/airflow/example_dags/example_workday_timetable.py
[2026-06-19T16:51:36.537+0000] {processor.py:914} INFO - Processing file /home/airflow/.local/lib/python3.12/site-packages/airflow/example_dags/example_workday_timetable.py for tasks to queue
[2026-06-19T16:51:36.546+0000] {logging_mixin.py:190} INFO - [2026-06-19T16:51:36.545+0000] {dagbag.py:588} INFO - Filling up the DagBag from /home/airflow/.local/lib/python3.12/site-packages/airflow/example_dags/example_workday_timetable.py
[2026-06-19T16:51:36.561+0000] {processor.py:925} INFO - DAG(s) 'example_workday_timetable' retrieved from /home/airflow/.local/lib/python3.12/site-packages/airflow/example_dags/example_workday_timetable.py
[2026-06-19T16:51:36.600+0000] {logging_mixin.py:190} INFO - [2026-06-19T16:51:36.600+0000] {dag.py:3239} INFO - Sync 1 DAGs
[2026-06-19T16:51:36.742+0000] {logging_mixin.py:190} INFO - [2026-06-19T16:51:36.742+0000] {dag.py:4180} INFO - Setting next_dagrun for example_workday_timetable to 2021-01-04 00:00:00+00:00, run_after=2021-01-05 00:00:00+00:00
[2026-06-19T16:51:36.785+0000] {processor.py:208} INFO - Processing /home/airflow/.local/lib/python3.12/site-packages/airflow/example_dags/example_workday_timetable.py took 0.263 seconds
[2026-06-19T16:52:07.085+0000] {processor.py:186} INFO - Started process (PID=1268) to work on /home/airflow/.local/lib/python3.12/site-packages/airflow/example_dags/example_workday_timetable.py
[2026-06-19T16:52:07.091+0000] {processor.py:914} INFO - Processing file /home/airflow/.local/lib/python3.12/site-packages/airflow/example_dags/example_workday_timetable.py for tasks to queue
[2026-06-19T16:52:07.107+0000] {logging_mixin.py:190} INFO - [2026-06-19T16:52:07.106+0000] {dagbag.py:588} INFO - Filling up the DagBag from /home/airflow/.local/lib/python3.12/site-packages/airflow/example_dags/example_workday_timetable.py
[2026-06-19T16:52:07.140+0000] {processor.py:925} INFO - DAG(s) 'example_workday_timetable' retrieved from /home/airflow/.local/lib/python3.12/site-packages/airflow/example_dags/example_workday_timetable.py
[2026-06-19T16:52:07.239+0000] {logging_mixin.py:190} INFO - [2026-06-19T16:52:07.238+0000] {dag.py:3239} INFO - Sync 1 DAGs
[2026-06-19T16:52:07.582+0000] {logging_mixin.py:190} INFO - [2026-06-19T16:52:07.581+0000] {dag.py:4180} INFO - Setting next_dagrun for example_workday_timetable to 2021-01-04 00:00:00+00:00, run_after=2021-01-05 00:00:00+00:00
[2026-06-19T16:52:07.673+0000] {processor.py:208} INFO - Processing /home/airflow/.local/lib/python3.12/site-packages/airflow/example_dags/example_workday_timetable.py took 0.616 seconds
[2026-06-19T16:52:38.173+0000] {processor.py:186} INFO - Started process (PID=1332) to work on /home/airflow/.local/lib/python3.12/site-packages/airflow/example_dags/example_workday_timetable.py
[2026-06-19T16:52:38.178+0000] {processor.py:914} INFO - Processing file /home/airflow/.local/lib/python3.12/site-packages/airflow/example_dags/example_workday_timetable.py for tasks to queue
[2026-06-19T16:52:38.188+0000] {logging_mixin.py:190} INFO - [2026-06-19T16:52:38.187+0000] {dagbag.py:588} INFO - Filling up the DagBag from /home/airflow/.local/lib/python3.12/site-packages/airflow/example_dags/example_workday_timetable.py
[2026-06-19T16:52:38.216+0000] {processor.py:925} INFO - DAG(s) 'example_workday_timetable' retrieved from /home/airflow/.local/lib/python3.12/site-packages/airflow/example_dags/example_workday_timetable.py
[2026-06-19T16:52:38.297+0000] {logging_mixin.py:190} INFO - [2026-06-19T16:52:38.296+0000] {dag.py:3239} INFO - Sync 1 DAGs
[2026-06-19T16:52:38.484+0000] {logging_mixin.py:190} INFO - [2026-06-19T16:52:38.483+0000] {dag.py:4180} INFO - Setting next_dagrun for example_workday_timetable to 2021-01-04 00:00:00+00:00, run_after=2021-01-05 00:00:00+00:00
[2026-06-19T16:52:38.525+0000] {processor.py:208} INFO - Processing /home/airflow/.local/lib/python3.12/site-packages/airflow/example_dags/example_workday_timetable.py took 0.375 seconds
[2026-06-19T16:53:09.327+0000] {processor.py:186} INFO - Started process (PID=1392) to work on /home/airflow/.local/lib/python3.12/site-packages/airflow/example_dags/example_workday_timetable.py
[2026-06-19T16:53:09.342+0000] {processor.py:914} INFO - Processing file /home/airflow/.local/lib/python3.12/site-packages/airflow/example_dags/example_workday_timetable.py for tasks to queue
[2026-06-19T16:53:09.355+0000] {logging_mixin.py:190} INFO - [2026-06-19T16:53:09.354+0000] {dagbag.py:588} INFO - Filling up the DagBag from /home/airflow/.local/lib/python3.12/site-packages/airflow/example_dags/example_workday_timetable.py
[2026-06-19T16:53:09.402+0000] {processor.py:925} INFO - DAG(s) 'example_workday_timetable' retrieved from /home/airflow/.local/lib/python3.12/site-packages/airflow/example_dags/example_workday_timetable.py
[2026-06-19T16:53:09.488+0000] {logging_mixin.py:190} INFO - [2026-06-19T16:53:09.488+0000] {dag.py:3239} INFO - Sync 1 DAGs
[2026-06-19T16:53:09.870+0000] {logging_mixin.py:190} INFO - [2026-06-19T16:53:09.868+0000] {dag.py:4180} INFO - Setting next_dagrun for example_workday_timetable to 2021-01-04 00:00:00+00:00, run_after=2021-01-05 00:00:00+00:00
[2026-06-19T16:53:09.942+0000] {processor.py:208} INFO - Processing /home/airflow/.local/lib/python3.12/site-packages/airflow/example_dags/example_workday_timetable.py took 0.638 seconds
[2026-06-19T16:53:41.192+0000] {processor.py:186} INFO - Started process (PID=1456) to work on /home/airflow/.local/lib/python3.12/site-packages/airflow/example_dags/example_workday_timetable.py
[2026-06-19T16:53:41.196+0000] {processor.py:914} INFO - Processing file /home/airflow/.local/lib/python3.12/site-packages/airflow/example_dags/example_workday_timetable.py for tasks to queue
[2026-06-19T16:53:41.204+0000] {logging_mixin.py:190} INFO - [2026-06-19T16:53:41.203+0000] {dagbag.py:588} INFO - Filling up the DagBag from /home/airflow/.local/lib/python3.12/site-packages/airflow/example_dags/example_workday_timetable.py
[2026-06-19T16:53:41.224+0000] {processor.py:925} INFO - DAG(s) 'example_workday_timetable' retrieved from /home/airflow/.local/lib/python3.12/site-packages/airflow/example_dags/example_workday_timetable.py
[2026-06-19T16:53:41.335+0000] {logging_mixin.py:190} INFO - [2026-06-19T16:53:41.335+0000] {dag.py:3239} INFO - Sync 1 DAGs
[2026-06-19T16:53:41.473+0000] {logging_mixin.py:190} INFO - [2026-06-19T16:53:41.473+0000] {dag.py:4180} INFO - Setting next_dagrun for example_workday_timetable to 2021-01-04 00:00:00+00:00, run_after=2021-01-05 00:00:00+00:00
[2026-06-19T16:53:41.519+0000] {processor.py:208} INFO - Processing /home/airflow/.local/lib/python3.12/site-packages/airflow/example_dags/example_workday_timetable.py took 0.339 seconds
[2026-06-19T16:54:11.768+0000] {processor.py:186} INFO - Started process (PID=1519) to work on /home/airflow/.local/lib/python3.12/site-packages/airflow/example_dags/example_workday_timetable.py
[2026-06-19T16:54:11.771+0000] {processor.py:914} INFO - Processing file /home/airflow/.local/lib/python3.12/site-packages/airflow/example_dags/example_workday_timetable.py for tasks to queue
[2026-06-19T16:54:11.778+0000] {logging_mixin.py:190} INFO - [2026-06-19T16:54:11.777+0000] {dagbag.py:588} INFO - Filling up the DagBag from /home/airflow/.local/lib/python3.12/site-packages/airflow/example_dags/example_workday_timetable.py
[2026-06-19T16:54:11.795+0000] {processor.py:925} INFO - DAG(s) 'example_workday_timetable' retrieved from /home/airflow/.local/lib/python3.12/site-packages/airflow/example_dags/example_workday_timetable.py
[2026-06-19T16:54:11.833+0000] {logging_mixin.py:190} INFO - [2026-06-19T16:54:11.832+0000] {dag.py:3239} INFO - Sync 1 DAGs
[2026-06-19T16:54:11.969+0000] {logging_mixin.py:190} INFO - [2026-06-19T16:54:11.968+0000] {dag.py:4180} INFO - Setting next_dagrun for example_workday_timetable to 2021-01-04 00:00:00+00:00, run_after=2021-01-05 00:00:00+00:00
[2026-06-19T16:54:12.018+0000] {processor.py:208} INFO - Processing /home/airflow/.local/lib/python3.12/site-packages/airflow/example_dags/example_workday_timetable.py took 0.261 seconds
[2026-06-19T16:54:42.222+0000] {processor.py:186} INFO - Started process (PID=1583) to work on /home/airflow/.local/lib/python3.12/site-packages/airflow/example_dags/example_workday_timetable.py
[2026-06-19T16:54:42.227+0000] {processor.py:914} INFO - Processing file /home/airflow/.local/lib/python3.12/site-packages/airflow/example_dags/example_workday_timetable.py for tasks to queue
[2026-06-19T16:54:42.235+0000] {logging_mixin.py:190} INFO - [2026-06-19T16:54:42.234+0000] {dagbag.py:588} INFO - Filling up the DagBag from /home/airflow/.local/lib/python3.12/site-packages/airflow/example_dags/example_workday_timetable.py
[2026-06-19T16:54:42.246+0000] {processor.py:925} INFO - DAG(s) 'example_workday_timetable' retrieved from /home/airflow/.local/lib/python3.12/site-packages/airflow/example_dags/example_workday_timetable.py
[2026-06-19T16:54:42.281+0000] {logging_mixin.py:190} INFO - [2026-06-19T16:54:42.280+0000] {dag.py:3239} INFO - Sync 1 DAGs
[2026-06-19T16:54:42.391+0000] {logging_mixin.py:190} INFO - [2026-06-19T16:54:42.391+0000] {dag.py:4180} INFO - Setting next_dagrun for example_workday_timetable to 2021-01-04 00:00:00+00:00, run_after=2021-01-05 00:00:00+00:00
[2026-06-19T16:54:42.420+0000] {processor.py:208} INFO - Processing /home/airflow/.local/lib/python3.12/site-packages/airflow/example_dags/example_workday_timetable.py took 0.208 seconds
[2026-06-19T16:55:14.878+0000] {processor.py:186} INFO - Started process (PID=1644) to work on /home/airflow/.local/lib/python3.12/site-packages/airflow/example_dags/example_workday_timetable.py
[2026-06-19T16:55:14.883+0000] {processor.py:914} INFO - Processing file /home/airflow/.local/lib/python3.12/site-packages/airflow/example_dags/example_workday_timetable.py for tasks to queue
[2026-06-19T16:55:14.894+0000] {logging_mixin.py:190} INFO - [2026-06-19T16:55:14.892+0000] {dagbag.py:588} INFO - Filling up the DagBag from /home/airflow/.local/lib/python3.12/site-packages/airflow/example_dags/example_workday_timetable.py
[2026-06-19T16:55:14.929+0000] {processor.py:925} INFO - DAG(s) 'example_workday_timetable' retrieved from /home/airflow/.local/lib/python3.12/site-packages/airflow/example_dags/example_workday_timetable.py
[2026-06-19T16:55:15.005+0000] {logging_mixin.py:190} INFO - [2026-06-19T16:55:15.003+0000] {dag.py:3239} INFO - Sync 1 DAGs
[2026-06-19T16:55:15.244+0000] {logging_mixin.py:190} INFO - [2026-06-19T16:55:15.234+0000] {dag.py:4180} INFO - Setting next_dagrun for example_workday_timetable to 2021-01-04 00:00:00+00:00, run_after=2021-01-05 00:00:00+00:00
[2026-06-19T16:55:15.330+0000] {processor.py:208} INFO - Processing /home/airflow/.local/lib/python3.12/site-packages/airflow/example_dags/example_workday_timetable.py took 0.474 seconds
[2026-06-19T16:55:45.593+0000] {processor.py:186} INFO - Started process (PID=1708) to work on /home/airflow/.local/lib/python3.12/site-packages/airflow/example_dags/example_workday_timetable.py
[2026-06-19T16:55:45.599+0000] {processor.py:914} INFO - Processing file /home/airflow/.local/lib/python3.12/site-packages/airflow/example_dags/example_workday_timetable.py for tasks to queue
[2026-06-19T16:55:45.603+0000] {logging_mixin.py:190} INFO - [2026-06-19T16:55:45.602+0000] {dagbag.py:588} INFO - Filling up the DagBag from /home/airflow/.local/lib/python3.12/site-packages/airflow/example_dags/example_workday_timetable.py
[2026-06-19T16:55:45.610+0000] {processor.py:925} INFO - DAG(s) 'example_workday_timetable' retrieved from /home/airflow/.local/lib/python3.12/site-packages/airflow/example_dags/example_workday_timetable.py
[2026-06-19T16:55:45.631+0000] {logging_mixin.py:190} INFO - [2026-06-19T16:55:45.631+0000] {dag.py:3239} INFO - Sync 1 DAGs
[2026-06-19T16:55:45.690+0000] {logging_mixin.py:190} INFO - [2026-06-19T16:55:45.690+0000] {dag.py:4180} INFO - Setting next_dagrun for example_workday_timetable to 2021-01-04 00:00:00+00:00, run_after=2021-01-05 00:00:00+00:00
[2026-06-19T16:55:45.711+0000] {processor.py:208} INFO - Processing /home/airflow/.local/lib/python3.12/site-packages/airflow/example_dags/example_workday_timetable.py took 0.123 seconds
[2026-06-19T16:56:16.359+0000] {processor.py:186} INFO - Started process (PID=1772) to work on /home/airflow/.local/lib/python3.12/site-packages/airflow/example_dags/example_workday_timetable.py
[2026-06-19T16:56:16.365+0000] {processor.py:914} INFO - Processing file /home/airflow/.local/lib/python3.12/site-packages/airflow/example_dags/example_workday_timetable.py for tasks to queue
[2026-06-19T16:56:16.375+0000] {logging_mixin.py:190} INFO - [2026-06-19T16:56:16.374+0000] {dagbag.py:588} INFO - Filling up the DagBag from /home/airflow/.local/lib/python3.12/site-packages/airflow/example_dags/example_workday_timetable.py
[2026-06-19T16:56:16.399+0000] {processor.py:925} INFO - DAG(s) 'example_workday_timetable' retrieved from /home/airflow/.local/lib/python3.12/site-packages/airflow/example_dags/example_workday_timetable.py
[2026-06-19T16:56:16.471+0000] {logging_mixin.py:190} INFO - [2026-06-19T16:56:16.470+0000] {dag.py:3239} INFO - Sync 1 DAGs
[2026-06-19T16:56:16.729+0000] {logging_mixin.py:190} INFO - [2026-06-19T16:56:16.728+0000] {dag.py:4180} INFO - Setting next_dagrun for example_workday_timetable to 2021-01-04 00:00:00+00:00, run_after=2021-01-05 00:00:00+00:00
[2026-06-19T16:56:16.785+0000] {processor.py:208} INFO - Processing /home/airflow/.local/lib/python3.12/site-packages/airflow/example_dags/example_workday_timetable.py took 0.445 seconds
[2026-06-19T16:56:46.908+0000] {processor.py:186} INFO - Started process (PID=1835) to work on /home/airflow/.local/lib/python3.12/site-packages/airflow/example_dags/example_workday_timetable.py
[2026-06-19T16:56:46.910+0000] {processor.py:914} INFO - Processing file /home/airflow/.local/lib/python3.12/site-packages/airflow/example_dags/example_workday_timetable.py for tasks to queue
[2026-06-19T16:56:46.914+0000] {logging_mixin.py:190} INFO - [2026-06-19T16:56:46.914+0000] {dagbag.py:588} INFO - Filling up the DagBag from /home/airflow/.local/lib/python3.12/site-packages/airflow/example_dags/example_workday_timetable.py
[2026-06-19T16:56:46.924+0000] {processor.py:925} INFO - DAG(s) 'example_workday_timetable' retrieved from /home/airflow/.local/lib/python3.12/site-packages/airflow/example_dags/example_workday_timetable.py
[2026-06-19T16:56:46.954+0000] {logging_mixin.py:190} INFO - [2026-06-19T16:56:46.954+0000] {dag.py:3239} INFO - Sync 1 DAGs
[2026-06-19T16:56:47.046+0000] {logging_mixin.py:190} INFO - [2026-06-19T16:56:47.046+0000] {dag.py:4180} INFO - Setting next_dagrun for example_workday_timetable to 2021-01-04 00:00:00+00:00, run_after=2021-01-05 00:00:00+00:00
[2026-06-19T16:56:47.076+0000] {processor.py:208} INFO - Processing /home/airflow/.local/lib/python3.12/site-packages/airflow/example_dags/example_workday_timetable.py took 0.175 seconds
[2026-06-19T16:57:17.671+0000] {processor.py:186} INFO - Started process (PID=1899) to work on /home/airflow/.local/lib/python3.12/site-packages/airflow/example_dags/example_workday_timetable.py
[2026-06-19T16:57:17.677+0000] {processor.py:914} INFO - Processing file /home/airflow/.local/lib/python3.12/site-packages/airflow/example_dags/example_workday_timetable.py for tasks to queue
[2026-06-19T16:57:17.688+0000] {logging_mixin.py:190} INFO - [2026-06-19T16:57:17.687+0000] {dagbag.py:588} INFO - Filling up the DagBag from /home/airflow/.local/lib/python3.12/site-packages/airflow/example_dags/example_workday_timetable.py
[2026-06-19T16:57:17.714+0000] {processor.py:925} INFO - DAG(s) 'example_workday_timetable' retrieved from /home/airflow/.local/lib/python3.12/site-packages/airflow/example_dags/example_workday_timetable.py
[2026-06-19T16:57:17.810+0000] {logging_mixin.py:190} INFO - [2026-06-19T16:57:17.809+0000] {dag.py:3239} INFO - Sync 1 DAGs
[2026-06-19T16:57:18.175+0000] {logging_mixin.py:190} INFO - [2026-06-19T16:57:18.174+0000] {dag.py:4180} INFO - Setting next_dagrun for example_workday_timetable to 2021-01-04 00:00:00+00:00, run_after=2021-01-05 00:00:00+00:00
[2026-06-19T16:57:18.252+0000] {processor.py:208} INFO - Processing /home/airflow/.local/lib/python3.12/site-packages/airflow/example_dags/example_workday_timetable.py took 0.621 seconds
[2026-06-19T16:57:48.566+0000] {processor.py:186} INFO - Started process (PID=1963) to work on /home/airflow/.local/lib/python3.12/site-packages/airflow/example_dags/example_workday_timetable.py
[2026-06-19T16:57:48.568+0000] {processor.py:914} INFO - Processing file /home/airflow/.local/lib/python3.12/site-packages/airflow/example_dags/example_workday_timetable.py for tasks to queue
[2026-06-19T16:57:48.571+0000] {logging_mixin.py:190} INFO - [2026-06-19T16:57:48.571+0000] {dagbag.py:588} INFO - Filling up the DagBag from /home/airflow/.local/lib/python3.12/site-packages/airflow/example_dags/example_workday_timetable.py
[2026-06-19T16:57:48.580+0000] {processor.py:925} INFO - DAG(s) 'example_workday_timetable' retrieved from /home/airflow/.local/lib/python3.12/site-packages/airflow/example_dags/example_workday_timetable.py
[2026-06-19T16:57:48.602+0000] {logging_mixin.py:190} INFO - [2026-06-19T16:57:48.602+0000] {dag.py:3239} INFO - Sync 1 DAGs
[2026-06-19T16:57:48.664+0000] {logging_mixin.py:190} INFO - [2026-06-19T16:57:48.664+0000] {dag.py:4180} INFO - Setting next_dagrun for example_workday_timetable to 2021-01-04 00:00:00+00:00, run_after=2021-01-05 00:00:00+00:00
[2026-06-19T16:57:48.684+0000] {processor.py:208} INFO - Processing /home/airflow/.local/lib/python3.12/site-packages/airflow/example_dags/example_workday_timetable.py took 0.123 seconds
[2026-06-19T16:58:18.939+0000] {processor.py:186} INFO - Started process (PID=2028) to work on /home/airflow/.local/lib/python3.12/site-packages/airflow/example_dags/example_workday_timetable.py
[2026-06-19T16:58:18.943+0000] {processor.py:914} INFO - Processing file /home/airflow/.local/lib/python3.12/site-packages/airflow/example_dags/example_workday_timetable.py for tasks to queue
[2026-06-19T16:58:18.949+0000] {logging_mixin.py:190} INFO - [2026-06-19T16:58:18.949+0000] {dagbag.py:588} INFO - Filling up the DagBag from /home/airflow/.local/lib/python3.12/site-packages/airflow/example_dags/example_workday_timetable.py
[2026-06-19T16:58:18.962+0000] {processor.py:925} INFO - DAG(s) 'example_workday_timetable' retrieved from /home/airflow/.local/lib/python3.12/site-packages/airflow/example_dags/example_workday_timetable.py
[2026-06-19T16:58:19.005+0000] {logging_mixin.py:190} INFO - [2026-06-19T16:58:19.003+0000] {dag.py:3239} INFO - Sync 1 DAGs
[2026-06-19T16:58:19.204+0000] {logging_mixin.py:190} INFO - [2026-06-19T16:58:19.203+0000] {dag.py:4180} INFO - Setting next_dagrun for example_workday_timetable to 2021-01-04 00:00:00+00:00, run_after=2021-01-05 00:00:00+00:00
[2026-06-19T16:58:19.304+0000] {processor.py:208} INFO - Processing /home/airflow/.local/lib/python3.12/site-packages/airflow/example_dags/example_workday_timetable.py took 0.378 seconds
[2026-06-19T16:58:49.424+0000] {processor.py:186} INFO - Started process (PID=2093) to work on /home/airflow/.local/lib/python3.12/site-packages/airflow/example_dags/example_workday_timetable.py
[2026-06-19T16:58:49.428+0000] {processor.py:914} INFO - Processing file /home/airflow/.local/lib/python3.12/site-packages/airflow/example_dags/example_workday_timetable.py for tasks to queue
[2026-06-19T16:58:49.435+0000] {logging_mixin.py:190} INFO - [2026-06-19T16:58:49.434+0000] {dagbag.py:588} INFO - Filling up the DagBag from /home/airflow/.local/lib/python3.12/site-packages/airflow/example_dags/example_workday_timetable.py
[2026-06-19T16:58:49.453+0000] {processor.py:925} INFO - DAG(s) 'example_workday_timetable' retrieved from /home/airflow/.local/lib/python3.12/site-packages/airflow/example_dags/example_workday_timetable.py
[2026-06-19T16:58:49.487+0000] {logging_mixin.py:190} INFO - [2026-06-19T16:58:49.486+0000] {dag.py:3239} INFO - Sync 1 DAGs
[2026-06-19T16:58:49.677+0000] {logging_mixin.py:190} INFO - [2026-06-19T16:58:49.676+0000] {dag.py:4180} INFO - Setting next_dagrun for example_workday_timetable to 2021-01-04 00:00:00+00:00, run_after=2021-01-05 00:00:00+00:00
[2026-06-19T16:58:49.744+0000] {processor.py:208} INFO - Processing /home/airflow/.local/lib/python3.12/site-packages/airflow/example_dags/example_workday_timetable.py took 0.335 seconds
[2026-06-19T16:59:20.053+0000] {processor.py:186} INFO - Started process (PID=2157) to work on /home/airflow/.local/lib/python3.12/site-packages/airflow/example_dags/example_workday_timetable.py
[2026-06-19T16:59:20.055+0000] {processor.py:914} INFO - Processing file /home/airflow/.local/lib/python3.12/site-packages/airflow/example_dags/example_workday_timetable.py for tasks to queue
[2026-06-19T16:59:20.059+0000] {logging_mixin.py:190} INFO - [2026-06-19T16:59:20.058+0000] {dagbag.py:588} INFO - Filling up the DagBag from /home/airflow/.local/lib/python3.12/site-packages/airflow/example_dags/example_workday_timetable.py
[2026-06-19T16:59:20.065+0000] {processor.py:925} INFO - DAG(s) 'example_workday_timetable' retrieved from /home/airflow/.local/lib/python3.12/site-packages/airflow/example_dags/example_workday_timetable.py
[2026-06-19T16:59:20.085+0000] {logging_mixin.py:190} INFO - [2026-06-19T16:59:20.085+0000] {dag.py:3239} INFO - Sync 1 DAGs
[2026-06-19T16:59:20.154+0000] {logging_mixin.py:190} INFO - [2026-06-19T16:59:20.154+0000] {dag.py:4180} INFO - Setting next_dagrun for example_workday_timetable to 2021-01-04 00:00:00+00:00, run_after=2021-01-05 00:00:00+00:00
[2026-06-19T16:59:20.176+0000] {processor.py:208} INFO - Processing /home/airflow/.local/lib/python3.12/site-packages/airflow/example_dags/example_workday_timetable.py took 0.128 seconds
[2026-06-19T16:59:50.415+0000] {processor.py:186} INFO - Started process (PID=2219) to work on /home/airflow/.local/lib/python3.12/site-packages/airflow/example_dags/example_workday_timetable.py
[2026-06-19T16:59:50.419+0000] {processor.py:914} INFO - Processing file /home/airflow/.local/lib/python3.12/site-packages/airflow/example_dags/example_workday_timetable.py for tasks to queue
[2026-06-19T16:59:50.425+0000] {logging_mixin.py:190} INFO - [2026-06-19T16:59:50.424+0000] {dagbag.py:588} INFO - Filling up the DagBag from /home/airflow/.local/lib/python3.12/site-packages/airflow/example_dags/example_workday_timetable.py
[2026-06-19T16:59:50.437+0000] {processor.py:925} INFO - DAG(s) 'example_workday_timetable' retrieved from /home/airflow/.local/lib/python3.12/site-packages/airflow/example_dags/example_workday_timetable.py
[2026-06-19T16:59:50.470+0000] {logging_mixin.py:190} INFO - [2026-06-19T16:59:50.469+0000] {dag.py:3239} INFO - Sync 1 DAGs
[2026-06-19T16:59:50.615+0000] {logging_mixin.py:190} INFO - [2026-06-19T16:59:50.614+0000] {dag.py:4180} INFO - Setting next_dagrun for example_workday_timetable to 2021-01-04 00:00:00+00:00, run_after=2021-01-05 00:00:00+00:00
[2026-06-19T16:59:50.655+0000] {processor.py:208} INFO - Processing /home/airflow/.local/lib/python3.12/site-packages/airflow/example_dags/example_workday_timetable.py took 0.248 seconds
[2026-06-19T17:00:22.144+0000] {processor.py:186} INFO - Started process (PID=2283) to work on /home/airflow/.local/lib/python3.12/site-packages/airflow/example_dags/example_workday_timetable.py
[2026-06-19T17:00:22.150+0000] {processor.py:914} INFO - Processing file /home/airflow/.local/lib/python3.12/site-packages/airflow/example_dags/example_workday_timetable.py for tasks to queue
[2026-06-19T17:00:22.163+0000] {logging_mixin.py:190} INFO - [2026-06-19T17:00:22.162+0000] {dagbag.py:588} INFO - Filling up the DagBag from /home/airflow/.local/lib/python3.12/site-packages/airflow/example_dags/example_workday_timetable.py
[2026-06-19T17:00:22.203+0000] {processor.py:925} INFO - DAG(s) 'example_workday_timetable' retrieved from /home/airflow/.local/lib/python3.12/site-packages/airflow/example_dags/example_workday_timetable.py
[2026-06-19T17:00:22.276+0000] {logging_mixin.py:190} INFO - [2026-06-19T17:00:22.275+0000] {dag.py:3239} INFO - Sync 1 DAGs
[2026-06-19T17:00:22.525+0000] {logging_mixin.py:190} INFO - [2026-06-19T17:00:22.524+0000] {dag.py:4180} INFO - Setting next_dagrun for example_workday_timetable to 2021-01-04 00:00:00+00:00, run_after=2021-01-05 00:00:00+00:00
[2026-06-19T17:00:22.600+0000] {processor.py:208} INFO - Processing /home/airflow/.local/lib/python3.12/site-packages/airflow/example_dags/example_workday_timetable.py took 0.488 seconds
[2026-06-19T17:00:52.706+0000] {processor.py:186} INFO - Started process (PID=2347) to work on /home/airflow/.local/lib/python3.12/site-packages/airflow/example_dags/example_workday_timetable.py
[2026-06-19T17:00:52.709+0000] {processor.py:914} INFO - Processing file /home/airflow/.local/lib/python3.12/site-packages/airflow/example_dags/example_workday_timetable.py for tasks to queue
[2026-06-19T17:00:52.718+0000] {logging_mixin.py:190} INFO - [2026-06-19T17:00:52.717+0000] {dagbag.py:588} INFO - Filling up the DagBag from /home/airflow/.local/lib/python3.12/site-packages/airflow/example_dags/example_workday_timetable.py
[2026-06-19T17:00:52.735+0000] {processor.py:925} INFO - DAG(s) 'example_workday_timetable' retrieved from /home/airflow/.local/lib/python3.12/site-packages/airflow/example_dags/example_workday_timetable.py
[2026-06-19T17:00:52.778+0000] {logging_mixin.py:190} INFO - [2026-06-19T17:00:52.777+0000] {dag.py:3239} INFO - Sync 1 DAGs
[2026-06-19T17:00:52.876+0000] {logging_mixin.py:190} INFO - [2026-06-19T17:00:52.876+0000] {dag.py:4180} INFO - Setting next_dagrun for example_workday_timetable to 2021-01-04 00:00:00+00:00, run_after=2021-01-05 00:00:00+00:00
[2026-06-19T17:00:52.906+0000] {processor.py:208} INFO - Processing /home/airflow/.local/lib/python3.12/site-packages/airflow/example_dags/example_workday_timetable.py took 0.215 seconds
[2026-06-19T17:01:23.043+0000] {processor.py:186} INFO - Started process (PID=2412) to work on /home/airflow/.local/lib/python3.12/site-packages/airflow/example_dags/example_workday_timetable.py
[2026-06-19T17:01:23.047+0000] {processor.py:914} INFO - Processing file /home/airflow/.local/lib/python3.12/site-packages/airflow/example_dags/example_workday_timetable.py for tasks to queue
[2026-06-19T17:01:23.052+0000] {logging_mixin.py:190} INFO - [2026-06-19T17:01:23.051+0000] {dagbag.py:588} INFO - Filling up the DagBag from /home/airflow/.local/lib/python3.12/site-packages/airflow/example_dags/example_workday_timetable.py
[2026-06-19T17:01:23.064+0000] {processor.py:925} INFO - DAG(s) 'example_workday_timetable' retrieved from /home/airflow/.local/lib/python3.12/site-packages/airflow/example_dags/example_workday_timetable.py
[2026-06-19T17:01:23.094+0000] {logging_mixin.py:190} INFO - [2026-06-19T17:01:23.094+0000] {dag.py:3239} INFO - Sync 1 DAGs
[2026-06-19T17:01:23.175+0000] {logging_mixin.py:190} INFO - [2026-06-19T17:01:23.175+0000] {dag.py:4180} INFO - Setting next_dagrun for example_workday_timetable to 2021-01-04 00:00:00+00:00, run_after=2021-01-05 00:00:00+00:00
[2026-06-19T17:01:23.200+0000] {processor.py:208} INFO - Processing /home/airflow/.local/lib/python3.12/site-packages/airflow/example_dags/example_workday_timetable.py took 0.165 seconds
[2026-06-19T17:01:53.436+0000] {processor.py:186} INFO - Started process (PID=2475) to work on /home/airflow/.local/lib/python3.12/site-packages/airflow/example_dags/example_workday_timetable.py
[2026-06-19T17:01:53.440+0000] {processor.py:914} INFO - Processing file /home/airflow/.local/lib/python3.12/site-packages/airflow/example_dags/example_workday_timetable.py for tasks to queue
[2026-06-19T17:01:53.448+0000] {logging_mixin.py:190} INFO - [2026-06-19T17:01:53.447+0000] {dagbag.py:588} INFO - Filling up the DagBag from /home/airflow/.local/lib/python3.12/site-packages/airflow/example_dags/example_workday_timetable.py
[2026-06-19T17:01:53.468+0000] {processor.py:925} INFO - DAG(s) 'example_workday_timetable' retrieved from /home/airflow/.local/lib/python3.12/site-packages/airflow/example_dags/example_workday_timetable.py
[2026-06-19T17:01:53.522+0000] {logging_mixin.py:190} INFO - [2026-06-19T17:01:53.522+0000] {dag.py:3239} INFO - Sync 1 DAGs
[2026-06-19T17:01:53.676+0000] {logging_mixin.py:190} INFO - [2026-06-19T17:01:53.675+0000] {dag.py:4180} INFO - Setting next_dagrun for example_workday_timetable to 2021-01-04 00:00:00+00:00, run_after=2021-01-05 00:00:00+00:00
[2026-06-19T17:01:53.717+0000] {processor.py:208} INFO - Processing /home/airflow/.local/lib/python3.12/site-packages/airflow/example_dags/example_workday_timetable.py took 0.294 seconds
[2026-06-19T17:02:24.526+0000] {processor.py:186} INFO - Started process (PID=2538) to work on /home/airflow/.local/lib/python3.12/site-packages/airflow/example_dags/example_workday_timetable.py
[2026-06-19T17:02:24.529+0000] {processor.py:914} INFO - Processing file /home/airflow/.local/lib/python3.12/site-packages/airflow/example_dags/example_workday_timetable.py for tasks to queue
[2026-06-19T17:02:24.534+0000] {logging_mixin.py:190} INFO - [2026-06-19T17:02:24.534+0000] {dagbag.py:588} INFO - Filling up the DagBag from /home/airflow/.local/lib/python3.12/site-packages/airflow/example_dags/example_workday_timetable.py
[2026-06-19T17:02:24.545+0000] {processor.py:925} INFO - DAG(s) 'example_workday_timetable' retrieved from /home/airflow/.local/lib/python3.12/site-packages/airflow/example_dags/example_workday_timetable.py
[2026-06-19T17:02:24.576+0000] {logging_mixin.py:190} INFO - [2026-06-19T17:02:24.576+0000] {dag.py:3239} INFO - Sync 1 DAGs
[2026-06-19T17:02:24.685+0000] {logging_mixin.py:190} INFO - [2026-06-19T17:02:24.685+0000] {dag.py:4180} INFO - Setting next_dagrun for example_workday_timetable to 2021-01-04 00:00:00+00:00, run_after=2021-01-05 00:00:00+00:00
[2026-06-19T17:02:24.720+0000] {processor.py:208} INFO - Processing /home/airflow/.local/lib/python3.12/site-packages/airflow/example_dags/example_workday_timetable.py took 0.202 seconds
[2026-06-19T17:04:23.349+0000] {processor.py:186} INFO - Started process (PID=75) to work on /home/airflow/.local/lib/python3.12/site-packages/airflow/example_dags/example_workday_timetable.py
[2026-06-19T17:04:23.353+0000] {processor.py:914} INFO - Processing file /home/airflow/.local/lib/python3.12/site-packages/airflow/example_dags/example_workday_timetable.py for tasks to queue
[2026-06-19T17:04:23.359+0000] {logging_mixin.py:190} INFO - [2026-06-19T17:04:23.359+0000] {dagbag.py:588} INFO - Filling up the DagBag from /home/airflow/.local/lib/python3.12/site-packages/airflow/example_dags/example_workday_timetable.py
[2026-06-19T17:04:23.377+0000] {processor.py:925} INFO - DAG(s) 'example_workday_timetable' retrieved from /home/airflow/.local/lib/python3.12/site-packages/airflow/example_dags/example_workday_timetable.py
[2026-06-19T17:04:23.450+0000] {logging_mixin.py:190} INFO - [2026-06-19T17:04:23.450+0000] {dag.py:3239} INFO - Sync 1 DAGs
[2026-06-19T17:04:23.618+0000] {logging_mixin.py:190} INFO - [2026-06-19T17:04:23.617+0000] {dag.py:4180} INFO - Setting next_dagrun for example_workday_timetable to 2021-01-04 00:00:00+00:00, run_after=2021-01-05 00:00:00+00:00
[2026-06-19T17:04:23.661+0000] {processor.py:208} INFO - Processing /home/airflow/.local/lib/python3.12/site-packages/airflow/example_dags/example_workday_timetable.py took 0.327 seconds
[2026-06-19T17:04:54.313+0000] {processor.py:186} INFO - Started process (PID=139) to work on /home/airflow/.local/lib/python3.12/site-packages/airflow/example_dags/example_workday_timetable.py
[2026-06-19T17:04:54.326+0000] {processor.py:914} INFO - Processing file /home/airflow/.local/lib/python3.12/site-packages/airflow/example_dags/example_workday_timetable.py for tasks to queue
[2026-06-19T17:04:54.333+0000] {logging_mixin.py:190} INFO - [2026-06-19T17:04:54.332+0000] {dagbag.py:588} INFO - Filling up the DagBag from /home/airflow/.local/lib/python3.12/site-packages/airflow/example_dags/example_workday_timetable.py
[2026-06-19T17:04:54.352+0000] {processor.py:925} INFO - DAG(s) 'example_workday_timetable' retrieved from /home/airflow/.local/lib/python3.12/site-packages/airflow/example_dags/example_workday_timetable.py
[2026-06-19T17:04:54.403+0000] {logging_mixin.py:190} INFO - [2026-06-19T17:04:54.402+0000] {dag.py:3239} INFO - Sync 1 DAGs
[2026-06-19T17:04:54.648+0000] {logging_mixin.py:190} INFO - [2026-06-19T17:04:54.648+0000] {dag.py:4180} INFO - Setting next_dagrun for example_workday_timetable to 2021-01-04 00:00:00+00:00, run_after=2021-01-05 00:00:00+00:00
[2026-06-19T17:04:54.694+0000] {processor.py:208} INFO - Processing /home/airflow/.local/lib/python3.12/site-packages/airflow/example_dags/example_workday_timetable.py took 0.404 seconds
[2026-06-19T17:05:24.797+0000] {processor.py:186} INFO - Started process (PID=203) to work on /home/airflow/.local/lib/python3.12/site-packages/airflow/example_dags/example_workday_timetable.py
[2026-06-19T17:05:24.799+0000] {processor.py:914} INFO - Processing file /home/airflow/.local/lib/python3.12/site-packages/airflow/example_dags/example_workday_timetable.py for tasks to queue
[2026-06-19T17:05:24.802+0000] {logging_mixin.py:190} INFO - [2026-06-19T17:05:24.801+0000] {dagbag.py:588} INFO - Filling up the DagBag from /home/airflow/.local/lib/python3.12/site-packages/airflow/example_dags/example_workday_timetable.py
[2026-06-19T17:05:24.807+0000] {processor.py:925} INFO - DAG(s) 'example_workday_timetable' retrieved from /home/airflow/.local/lib/python3.12/site-packages/airflow/example_dags/example_workday_timetable.py
[2026-06-19T17:05:24.827+0000] {logging_mixin.py:190} INFO - [2026-06-19T17:05:24.827+0000] {dag.py:3239} INFO - Sync 1 DAGs
[2026-06-19T17:05:24.885+0000] {logging_mixin.py:190} INFO - [2026-06-19T17:05:24.885+0000] {dag.py:4180} INFO - Setting next_dagrun for example_workday_timetable to 2021-01-04 00:00:00+00:00, run_after=2021-01-05 00:00:00+00:00
[2026-06-19T17:05:24.904+0000] {processor.py:208} INFO - Processing /home/airflow/.local/lib/python3.12/site-packages/airflow/example_dags/example_workday_timetable.py took 0.119 seconds
[2026-06-19T17:05:56.536+0000] {processor.py:186} INFO - Started process (PID=267) to work on /home/airflow/.local/lib/python3.12/site-packages/airflow/example_dags/example_workday_timetable.py
[2026-06-19T17:05:56.542+0000] {processor.py:914} INFO - Processing file /home/airflow/.local/lib/python3.12/site-packages/airflow/example_dags/example_workday_timetable.py for tasks to queue
[2026-06-19T17:05:56.555+0000] {logging_mixin.py:190} INFO - [2026-06-19T17:05:56.554+0000] {dagbag.py:588} INFO - Filling up the DagBag from /home/airflow/.local/lib/python3.12/site-packages/airflow/example_dags/example_workday_timetable.py
[2026-06-19T17:05:56.600+0000] {processor.py:925} INFO - DAG(s) 'example_workday_timetable' retrieved from /home/airflow/.local/lib/python3.12/site-packages/airflow/example_dags/example_workday_timetable.py
[2026-06-19T17:05:56.674+0000] {logging_mixin.py:190} INFO - [2026-06-19T17:05:56.674+0000] {dag.py:3239} INFO - Sync 1 DAGs
[2026-06-19T17:05:57.175+0000] {logging_mixin.py:190} INFO - [2026-06-19T17:05:57.174+0000] {dag.py:4180} INFO - Setting next_dagrun for example_workday_timetable to 2021-01-04 00:00:00+00:00, run_after=2021-01-05 00:00:00+00:00
[2026-06-19T17:05:57.263+0000] {processor.py:208} INFO - Processing /home/airflow/.local/lib/python3.12/site-packages/airflow/example_dags/example_workday_timetable.py took 0.771 seconds
[2026-06-19T17:07:58.210+0000] {processor.py:186} INFO - Started process (PID=75) to work on /home/airflow/.local/lib/python3.12/site-packages/airflow/example_dags/example_workday_timetable.py
[2026-06-19T17:07:58.214+0000] {processor.py:914} INFO - Processing file /home/airflow/.local/lib/python3.12/site-packages/airflow/example_dags/example_workday_timetable.py for tasks to queue
[2026-06-19T17:07:58.226+0000] {logging_mixin.py:190} INFO - [2026-06-19T17:07:58.225+0000] {dagbag.py:588} INFO - Filling up the DagBag from /home/airflow/.local/lib/python3.12/site-packages/airflow/example_dags/example_workday_timetable.py
[2026-06-19T17:07:58.256+0000] {processor.py:925} INFO - DAG(s) 'example_workday_timetable' retrieved from /home/airflow/.local/lib/python3.12/site-packages/airflow/example_dags/example_workday_timetable.py
[2026-06-19T17:07:58.348+0000] {logging_mixin.py:190} INFO - [2026-06-19T17:07:58.347+0000] {dag.py:3239} INFO - Sync 1 DAGs
[2026-06-19T17:07:58.512+0000] {logging_mixin.py:190} INFO - [2026-06-19T17:07:58.512+0000] {dag.py:4180} INFO - Setting next_dagrun for example_workday_timetable to 2021-01-04 00:00:00+00:00, run_after=2021-01-05 00:00:00+00:00
[2026-06-19T17:07:58.556+0000] {processor.py:208} INFO - Processing /home/airflow/.local/lib/python3.12/site-packages/airflow/example_dags/example_workday_timetable.py took 0.367 seconds
[2026-06-19T17:08:28.838+0000] {processor.py:186} INFO - Started process (PID=139) to work on /home/airflow/.local/lib/python3.12/site-packages/airflow/example_dags/example_workday_timetable.py
[2026-06-19T17:08:28.842+0000] {processor.py:914} INFO - Processing file /home/airflow/.local/lib/python3.12/site-packages/airflow/example_dags/example_workday_timetable.py for tasks to queue
[2026-06-19T17:08:28.849+0000] {logging_mixin.py:190} INFO - [2026-06-19T17:08:28.848+0000] {dagbag.py:588} INFO - Filling up the DagBag from /home/airflow/.local/lib/python3.12/site-packages/airflow/example_dags/example_workday_timetable.py
[2026-06-19T17:08:28.866+0000] {processor.py:925} INFO - DAG(s) 'example_workday_timetable' retrieved from /home/airflow/.local/lib/python3.12/site-packages/airflow/example_dags/example_workday_timetable.py
[2026-06-19T17:08:28.912+0000] {logging_mixin.py:190} INFO - [2026-06-19T17:08:28.912+0000] {dag.py:3239} INFO - Sync 1 DAGs
[2026-06-19T17:08:29.045+0000] {logging_mixin.py:190} INFO - [2026-06-19T17:08:29.044+0000] {dag.py:4180} INFO - Setting next_dagrun for example_workday_timetable to 2021-01-04 00:00:00+00:00, run_after=2021-01-05 00:00:00+00:00
[2026-06-19T17:08:29.078+0000] {processor.py:208} INFO - Processing /home/airflow/.local/lib/python3.12/site-packages/airflow/example_dags/example_workday_timetable.py took 0.253 seconds
[2026-06-19T17:08:59.215+0000] {processor.py:186} INFO - Started process (PID=204) to work on /home/airflow/.local/lib/python3.12/site-packages/airflow/example_dags/example_workday_timetable.py
[2026-06-19T17:08:59.221+0000] {processor.py:914} INFO - Processing file /home/airflow/.local/lib/python3.12/site-packages/airflow/example_dags/example_workday_timetable.py for tasks to queue
[2026-06-19T17:08:59.225+0000] {logging_mixin.py:190} INFO - [2026-06-19T17:08:59.224+0000] {dagbag.py:588} INFO - Filling up the DagBag from /home/airflow/.local/lib/python3.12/site-packages/airflow/example_dags/example_workday_timetable.py
[2026-06-19T17:08:59.232+0000] {processor.py:925} INFO - DAG(s) 'example_workday_timetable' retrieved from /home/airflow/.local/lib/python3.12/site-packages/airflow/example_dags/example_workday_timetable.py
[2026-06-19T17:08:59.258+0000] {logging_mixin.py:190} INFO - [2026-06-19T17:08:59.258+0000] {dag.py:3239} INFO - Sync 1 DAGs
[2026-06-19T17:08:59.323+0000] {logging_mixin.py:190} INFO - [2026-06-19T17:08:59.323+0000] {dag.py:4180} INFO - Setting next_dagrun for example_workday_timetable to 2021-01-04 00:00:00+00:00, run_after=2021-01-05 00:00:00+00:00
[2026-06-19T17:08:59.361+0000] {processor.py:208} INFO - Processing /home/airflow/.local/lib/python3.12/site-packages/airflow/example_dags/example_workday_timetable.py took 0.152 seconds
[2026-06-19T17:09:30.240+0000] {processor.py:186} INFO - Started process (PID=267) to work on /home/airflow/.local/lib/python3.12/site-packages/airflow/example_dags/example_workday_timetable.py
[2026-06-19T17:09:30.245+0000] {processor.py:914} INFO - Processing file /home/airflow/.local/lib/python3.12/site-packages/airflow/example_dags/example_workday_timetable.py for tasks to queue
[2026-06-19T17:09:30.255+0000] {logging_mixin.py:190} INFO - [2026-06-19T17:09:30.252+0000] {dagbag.py:588} INFO - Filling up the DagBag from /home/airflow/.local/lib/python3.12/site-packages/airflow/example_dags/example_workday_timetable.py
[2026-06-19T17:09:30.274+0000] {processor.py:925} INFO - DAG(s) 'example_workday_timetable' retrieved from /home/airflow/.local/lib/python3.12/site-packages/airflow/example_dags/example_workday_timetable.py
[2026-06-19T17:09:30.344+0000] {logging_mixin.py:190} INFO - [2026-06-19T17:09:30.343+0000] {dag.py:3239} INFO - Sync 1 DAGs
[2026-06-19T17:09:30.808+0000] {logging_mixin.py:190} INFO - [2026-06-19T17:09:30.807+0000] {dag.py:4180} INFO - Setting next_dagrun for example_workday_timetable to 2021-01-04 00:00:00+00:00, run_after=2021-01-05 00:00:00+00:00
[2026-06-19T17:09:30.931+0000] {processor.py:208} INFO - Processing /home/airflow/.local/lib/python3.12/site-packages/airflow/example_dags/example_workday_timetable.py took 0.712 seconds
[2026-06-19T17:10:01.269+0000] {processor.py:186} INFO - Started process (PID=331) to work on /home/airflow/.local/lib/python3.12/site-packages/airflow/example_dags/example_workday_timetable.py
[2026-06-19T17:10:01.274+0000] {processor.py:914} INFO - Processing file /home/airflow/.local/lib/python3.12/site-packages/airflow/example_dags/example_workday_timetable.py for tasks to queue
[2026-06-19T17:10:01.280+0000] {logging_mixin.py:190} INFO - [2026-06-19T17:10:01.280+0000] {dagbag.py:588} INFO - Filling up the DagBag from /home/airflow/.local/lib/python3.12/site-packages/airflow/example_dags/example_workday_timetable.py
[2026-06-19T17:10:01.294+0000] {processor.py:925} INFO - DAG(s) 'example_workday_timetable' retrieved from /home/airflow/.local/lib/python3.12/site-packages/airflow/example_dags/example_workday_timetable.py
[2026-06-19T17:10:01.333+0000] {logging_mixin.py:190} INFO - [2026-06-19T17:10:01.333+0000] {dag.py:3239} INFO - Sync 1 DAGs
[2026-06-19T17:10:01.497+0000] {logging_mixin.py:190} INFO - [2026-06-19T17:10:01.497+0000] {dag.py:4180} INFO - Setting next_dagrun for example_workday_timetable to 2021-01-04 00:00:00+00:00, run_after=2021-01-05 00:00:00+00:00
[2026-06-19T17:10:01.556+0000] {processor.py:208} INFO - Processing /home/airflow/.local/lib/python3.12/site-packages/airflow/example_dags/example_workday_timetable.py took 0.298 seconds
[2026-06-19T17:10:31.676+0000] {processor.py:186} INFO - Started process (PID=396) to work on /home/airflow/.local/lib/python3.12/site-packages/airflow/example_dags/example_workday_timetable.py
[2026-06-19T17:10:31.678+0000] {processor.py:914} INFO - Processing file /home/airflow/.local/lib/python3.12/site-packages/airflow/example_dags/example_workday_timetable.py for tasks to queue
[2026-06-19T17:10:31.683+0000] {logging_mixin.py:190} INFO - [2026-06-19T17:10:31.682+0000] {dagbag.py:588} INFO - Filling up the DagBag from /home/airflow/.local/lib/python3.12/site-packages/airflow/example_dags/example_workday_timetable.py
[2026-06-19T17:10:31.691+0000] {processor.py:925} INFO - DAG(s) 'example_workday_timetable' retrieved from /home/airflow/.local/lib/python3.12/site-packages/airflow/example_dags/example_workday_timetable.py
[2026-06-19T17:10:31.717+0000] {logging_mixin.py:190} INFO - [2026-06-19T17:10:31.717+0000] {dag.py:3239} INFO - Sync 1 DAGs
[2026-06-19T17:10:31.788+0000] {logging_mixin.py:190} INFO - [2026-06-19T17:10:31.788+0000] {dag.py:4180} INFO - Setting next_dagrun for example_workday_timetable to 2021-01-04 00:00:00+00:00, run_after=2021-01-05 00:00:00+00:00
[2026-06-19T17:10:31.807+0000] {processor.py:208} INFO - Processing /home/airflow/.local/lib/python3.12/site-packages/airflow/example_dags/example_workday_timetable.py took 0.137 seconds
[2026-06-19T17:11:01.905+0000] {processor.py:186} INFO - Started process (PID=460) to work on /home/airflow/.local/lib/python3.12/site-packages/airflow/example_dags/example_workday_timetable.py
[2026-06-19T17:11:01.908+0000] {processor.py:914} INFO - Processing file /home/airflow/.local/lib/python3.12/site-packages/airflow/example_dags/example_workday_timetable.py for tasks to queue
[2026-06-19T17:11:01.911+0000] {logging_mixin.py:190} INFO - [2026-06-19T17:11:01.911+0000] {dagbag.py:588} INFO - Filling up the DagBag from /home/airflow/.local/lib/python3.12/site-packages/airflow/example_dags/example_workday_timetable.py
[2026-06-19T17:11:01.919+0000] {processor.py:925} INFO - DAG(s) 'example_workday_timetable' retrieved from /home/airflow/.local/lib/python3.12/site-packages/airflow/example_dags/example_workday_timetable.py
[2026-06-19T17:11:01.945+0000] {logging_mixin.py:190} INFO - [2026-06-19T17:11:01.945+0000] {dag.py:3239} INFO - Sync 1 DAGs
[2026-06-19T17:11:02.015+0000] {logging_mixin.py:190} INFO - [2026-06-19T17:11:02.015+0000] {dag.py:4180} INFO - Setting next_dagrun for example_workday_timetable to 2021-01-04 00:00:00+00:00, run_after=2021-01-05 00:00:00+00:00
[2026-06-19T17:11:02.046+0000] {processor.py:208} INFO - Processing /home/airflow/.local/lib/python3.12/site-packages/airflow/example_dags/example_workday_timetable.py took 0.146 seconds
[2026-06-19T17:11:32.164+0000] {processor.py:186} INFO - Started process (PID=524) to work on /home/airflow/.local/lib/python3.12/site-packages/airflow/example_dags/example_workday_timetable.py
[2026-06-19T17:11:32.178+0000] {processor.py:914} INFO - Processing file /home/airflow/.local/lib/python3.12/site-packages/airflow/example_dags/example_workday_timetable.py for tasks to queue
[2026-06-19T17:11:32.182+0000] {logging_mixin.py:190} INFO - [2026-06-19T17:11:32.181+0000] {dagbag.py:588} INFO - Filling up the DagBag from /home/airflow/.local/lib/python3.12/site-packages/airflow/example_dags/example_workday_timetable.py
[2026-06-19T17:11:32.195+0000] {processor.py:925} INFO - DAG(s) 'example_workday_timetable' retrieved from /home/airflow/.local/lib/python3.12/site-packages/airflow/example_dags/example_workday_timetable.py
[2026-06-19T17:11:32.223+0000] {logging_mixin.py:190} INFO - [2026-06-19T17:11:32.223+0000] {dag.py:3239} INFO - Sync 1 DAGs
[2026-06-19T17:11:32.296+0000] {logging_mixin.py:190} INFO - [2026-06-19T17:11:32.296+0000] {dag.py:4180} INFO - Setting next_dagrun for example_workday_timetable to 2021-01-04 00:00:00+00:00, run_after=2021-01-05 00:00:00+00:00
[2026-06-19T17:11:32.323+0000] {processor.py:208} INFO - Processing /home/airflow/.local/lib/python3.12/site-packages/airflow/example_dags/example_workday_timetable.py took 0.165 seconds
[2026-06-19T17:12:03.204+0000] {processor.py:186} INFO - Started process (PID=588) to work on /home/airflow/.local/lib/python3.12/site-packages/airflow/example_dags/example_workday_timetable.py
[2026-06-19T17:12:03.210+0000] {processor.py:914} INFO - Processing file /home/airflow/.local/lib/python3.12/site-packages/airflow/example_dags/example_workday_timetable.py for tasks to queue
[2026-06-19T17:12:03.223+0000] {logging_mixin.py:190} INFO - [2026-06-19T17:12:03.222+0000] {dagbag.py:588} INFO - Filling up the DagBag from /home/airflow/.local/lib/python3.12/site-packages/airflow/example_dags/example_workday_timetable.py
[2026-06-19T17:12:03.249+0000] {processor.py:925} INFO - DAG(s) 'example_workday_timetable' retrieved from /home/airflow/.local/lib/python3.12/site-packages/airflow/example_dags/example_workday_timetable.py
[2026-06-19T17:12:03.326+0000] {logging_mixin.py:190} INFO - [2026-06-19T17:12:03.326+0000] {dag.py:3239} INFO - Sync 1 DAGs
[2026-06-19T17:12:03.730+0000] {logging_mixin.py:190} INFO - [2026-06-19T17:12:03.729+0000] {dag.py:4180} INFO - Setting next_dagrun for example_workday_timetable to 2021-01-04 00:00:00+00:00, run_after=2021-01-05 00:00:00+00:00
[2026-06-19T17:12:03.933+0000] {processor.py:208} INFO - Processing /home/airflow/.local/lib/python3.12/site-packages/airflow/example_dags/example_workday_timetable.py took 0.753 seconds
[2026-06-19T17:12:34.456+0000] {processor.py:186} INFO - Started process (PID=652) to work on /home/airflow/.local/lib/python3.12/site-packages/airflow/example_dags/example_workday_timetable.py
[2026-06-19T17:12:34.459+0000] {processor.py:914} INFO - Processing file /home/airflow/.local/lib/python3.12/site-packages/airflow/example_dags/example_workday_timetable.py for tasks to queue
[2026-06-19T17:12:34.464+0000] {logging_mixin.py:190} INFO - [2026-06-19T17:12:34.463+0000] {dagbag.py:588} INFO - Filling up the DagBag from /home/airflow/.local/lib/python3.12/site-packages/airflow/example_dags/example_workday_timetable.py
[2026-06-19T17:12:34.476+0000] {processor.py:925} INFO - DAG(s) 'example_workday_timetable' retrieved from /home/airflow/.local/lib/python3.12/site-packages/airflow/example_dags/example_workday_timetable.py
[2026-06-19T17:12:34.512+0000] {logging_mixin.py:190} INFO - [2026-06-19T17:12:34.511+0000] {dag.py:3239} INFO - Sync 1 DAGs
[2026-06-19T17:12:34.848+0000] {logging_mixin.py:190} INFO - [2026-06-19T17:12:34.848+0000] {dag.py:4180} INFO - Setting next_dagrun for example_workday_timetable to 2021-01-04 00:00:00+00:00, run_after=2021-01-05 00:00:00+00:00
[2026-06-19T17:12:34.926+0000] {processor.py:208} INFO - Processing /home/airflow/.local/lib/python3.12/site-packages/airflow/example_dags/example_workday_timetable.py took 0.479 seconds
[2026-06-19T17:13:05.754+0000] {processor.py:186} INFO - Started process (PID=716) to work on /home/airflow/.local/lib/python3.12/site-packages/airflow/example_dags/example_workday_timetable.py
[2026-06-19T17:13:05.757+0000] {processor.py:914} INFO - Processing file /home/airflow/.local/lib/python3.12/site-packages/airflow/example_dags/example_workday_timetable.py for tasks to queue
[2026-06-19T17:13:05.760+0000] {logging_mixin.py:190} INFO - [2026-06-19T17:13:05.759+0000] {dagbag.py:588} INFO - Filling up the DagBag from /home/airflow/.local/lib/python3.12/site-packages/airflow/example_dags/example_workday_timetable.py
[2026-06-19T17:13:05.766+0000] {processor.py:925} INFO - DAG(s) 'example_workday_timetable' retrieved from /home/airflow/.local/lib/python3.12/site-packages/airflow/example_dags/example_workday_timetable.py
[2026-06-19T17:13:05.791+0000] {logging_mixin.py:190} INFO - [2026-06-19T17:13:05.790+0000] {dag.py:3239} INFO - Sync 1 DAGs
[2026-06-19T17:13:05.874+0000] {logging_mixin.py:190} INFO - [2026-06-19T17:13:05.874+0000] {dag.py:4180} INFO - Setting next_dagrun for example_workday_timetable to 2021-01-04 00:00:00+00:00, run_after=2021-01-05 00:00:00+00:00
[2026-06-19T17:13:05.906+0000] {processor.py:208} INFO - Processing /home/airflow/.local/lib/python3.12/site-packages/airflow/example_dags/example_workday_timetable.py took 0.158 seconds
[2026-06-19T17:13:39.769+0000] {processor.py:186} INFO - Started process (PID=785) to work on /home/airflow/.local/lib/python3.12/site-packages/airflow/example_dags/example_workday_timetable.py
[2026-06-19T17:13:39.785+0000] {processor.py:914} INFO - Processing file /home/airflow/.local/lib/python3.12/site-packages/airflow/example_dags/example_workday_timetable.py for tasks to queue
[2026-06-19T17:13:39.806+0000] {logging_mixin.py:190} INFO - [2026-06-19T17:13:39.805+0000] {dagbag.py:588} INFO - Filling up the DagBag from /home/airflow/.local/lib/python3.12/site-packages/airflow/example_dags/example_workday_timetable.py
[2026-06-19T17:13:39.852+0000] {processor.py:925} INFO - DAG(s) 'example_workday_timetable' retrieved from /home/airflow/.local/lib/python3.12/site-packages/airflow/example_dags/example_workday_timetable.py
[2026-06-19T17:13:39.928+0000] {logging_mixin.py:190} INFO - [2026-06-19T17:13:39.927+0000] {dag.py:3239} INFO - Sync 1 DAGs
[2026-06-19T17:13:40.365+0000] {logging_mixin.py:190} INFO - [2026-06-19T17:13:40.355+0000] {dag.py:4180} INFO - Setting next_dagrun for example_workday_timetable to 2021-01-04 00:00:00+00:00, run_after=2021-01-05 00:00:00+00:00
[2026-06-19T17:13:40.505+0000] {processor.py:208} INFO - Processing /home/airflow/.local/lib/python3.12/site-packages/airflow/example_dags/example_workday_timetable.py took 0.771 seconds
[2026-06-19T17:14:12.651+0000] {processor.py:186} INFO - Started process (PID=849) to work on /home/airflow/.local/lib/python3.12/site-packages/airflow/example_dags/example_workday_timetable.py
[2026-06-19T17:14:12.659+0000] {processor.py:914} INFO - Processing file /home/airflow/.local/lib/python3.12/site-packages/airflow/example_dags/example_workday_timetable.py for tasks to queue
[2026-06-19T17:14:12.673+0000] {logging_mixin.py:190} INFO - [2026-06-19T17:14:12.672+0000] {dagbag.py:588} INFO - Filling up the DagBag from /home/airflow/.local/lib/python3.12/site-packages/airflow/example_dags/example_workday_timetable.py
[2026-06-19T17:14:12.697+0000] {processor.py:925} INFO - DAG(s) 'example_workday_timetable' retrieved from /home/airflow/.local/lib/python3.12/site-packages/airflow/example_dags/example_workday_timetable.py
[2026-06-19T17:14:12.766+0000] {logging_mixin.py:190} INFO - [2026-06-19T17:14:12.765+0000] {dag.py:3239} INFO - Sync 1 DAGs
[2026-06-19T17:14:12.982+0000] {logging_mixin.py:190} INFO - [2026-06-19T17:14:12.981+0000] {dag.py:4180} INFO - Setting next_dagrun for example_workday_timetable to 2021-01-04 00:00:00+00:00, run_after=2021-01-05 00:00:00+00:00
[2026-06-19T17:14:13.046+0000] {processor.py:208} INFO - Processing /home/airflow/.local/lib/python3.12/site-packages/airflow/example_dags/example_workday_timetable.py took 0.421 seconds
[2026-06-19T17:14:45.581+0000] {processor.py:186} INFO - Started process (PID=907) to work on /home/airflow/.local/lib/python3.12/site-packages/airflow/example_dags/example_workday_timetable.py
[2026-06-19T17:14:45.591+0000] {processor.py:914} INFO - Processing file /home/airflow/.local/lib/python3.12/site-packages/airflow/example_dags/example_workday_timetable.py for tasks to queue
[2026-06-19T17:14:45.602+0000] {logging_mixin.py:190} INFO - [2026-06-19T17:14:45.601+0000] {dagbag.py:588} INFO - Filling up the DagBag from /home/airflow/.local/lib/python3.12/site-packages/airflow/example_dags/example_workday_timetable.py
[2026-06-19T17:14:45.670+0000] {processor.py:925} INFO - DAG(s) 'example_workday_timetable' retrieved from /home/airflow/.local/lib/python3.12/site-packages/airflow/example_dags/example_workday_timetable.py
[2026-06-19T17:14:45.798+0000] {logging_mixin.py:190} INFO - [2026-06-19T17:14:45.797+0000] {dag.py:3239} INFO - Sync 1 DAGs
[2026-06-19T17:14:46.221+0000] {logging_mixin.py:190} INFO - [2026-06-19T17:14:46.220+0000] {dag.py:4180} INFO - Setting next_dagrun for example_workday_timetable to 2021-01-04 00:00:00+00:00, run_after=2021-01-05 00:00:00+00:00
[2026-06-19T17:14:46.296+0000] {processor.py:208} INFO - Processing /home/airflow/.local/lib/python3.12/site-packages/airflow/example_dags/example_workday_timetable.py took 0.744 seconds
[2026-06-19T17:15:16.565+0000] {processor.py:186} INFO - Started process (PID=970) to work on /home/airflow/.local/lib/python3.12/site-packages/airflow/example_dags/example_workday_timetable.py
[2026-06-19T17:15:16.569+0000] {processor.py:914} INFO - Processing file /home/airflow/.local/lib/python3.12/site-packages/airflow/example_dags/example_workday_timetable.py for tasks to queue
[2026-06-19T17:15:16.577+0000] {logging_mixin.py:190} INFO - [2026-06-19T17:15:16.576+0000] {dagbag.py:588} INFO - Filling up the DagBag from /home/airflow/.local/lib/python3.12/site-packages/airflow/example_dags/example_workday_timetable.py
[2026-06-19T17:15:16.597+0000] {processor.py:925} INFO - DAG(s) 'example_workday_timetable' retrieved from /home/airflow/.local/lib/python3.12/site-packages/airflow/example_dags/example_workday_timetable.py
[2026-06-19T17:15:16.640+0000] {logging_mixin.py:190} INFO - [2026-06-19T17:15:16.640+0000] {dag.py:3239} INFO - Sync 1 DAGs
[2026-06-19T17:15:16.773+0000] {logging_mixin.py:190} INFO - [2026-06-19T17:15:16.772+0000] {dag.py:4180} INFO - Setting next_dagrun for example_workday_timetable to 2021-01-04 00:00:00+00:00, run_after=2021-01-05 00:00:00+00:00
[2026-06-19T17:15:16.815+0000] {processor.py:208} INFO - Processing /home/airflow/.local/lib/python3.12/site-packages/airflow/example_dags/example_workday_timetable.py took 0.267 seconds
[2026-06-19T17:15:47.614+0000] {processor.py:186} INFO - Started process (PID=1034) to work on /home/airflow/.local/lib/python3.12/site-packages/airflow/example_dags/example_workday_timetable.py
[2026-06-19T17:15:47.618+0000] {processor.py:914} INFO - Processing file /home/airflow/.local/lib/python3.12/site-packages/airflow/example_dags/example_workday_timetable.py for tasks to queue
[2026-06-19T17:15:47.624+0000] {logging_mixin.py:190} INFO - [2026-06-19T17:15:47.623+0000] {dagbag.py:588} INFO - Filling up the DagBag from /home/airflow/.local/lib/python3.12/site-packages/airflow/example_dags/example_workday_timetable.py
[2026-06-19T17:15:47.638+0000] {processor.py:925} INFO - DAG(s) 'example_workday_timetable' retrieved from /home/airflow/.local/lib/python3.12/site-packages/airflow/example_dags/example_workday_timetable.py
[2026-06-19T17:15:47.670+0000] {logging_mixin.py:190} INFO - [2026-06-19T17:15:47.670+0000] {dag.py:3239} INFO - Sync 1 DAGs
[2026-06-19T17:15:47.787+0000] {logging_mixin.py:190} INFO - [2026-06-19T17:15:47.786+0000] {dag.py:4180} INFO - Setting next_dagrun for example_workday_timetable to 2021-01-04 00:00:00+00:00, run_after=2021-01-05 00:00:00+00:00
[2026-06-19T17:15:47.827+0000] {processor.py:208} INFO - Processing /home/airflow/.local/lib/python3.12/site-packages/airflow/example_dags/example_workday_timetable.py took 0.225 seconds
[2026-06-19T17:16:18.186+0000] {processor.py:186} INFO - Started process (PID=1099) to work on /home/airflow/.local/lib/python3.12/site-packages/airflow/example_dags/example_workday_timetable.py
[2026-06-19T17:16:18.202+0000] {processor.py:914} INFO - Processing file /home/airflow/.local/lib/python3.12/site-packages/airflow/example_dags/example_workday_timetable.py for tasks to queue
[2026-06-19T17:16:18.208+0000] {logging_mixin.py:190} INFO - [2026-06-19T17:16:18.207+0000] {dagbag.py:588} INFO - Filling up the DagBag from /home/airflow/.local/lib/python3.12/site-packages/airflow/example_dags/example_workday_timetable.py
[2026-06-19T17:16:18.219+0000] {processor.py:925} INFO - DAG(s) 'example_workday_timetable' retrieved from /home/airflow/.local/lib/python3.12/site-packages/airflow/example_dags/example_workday_timetable.py
[2026-06-19T17:16:18.254+0000] {logging_mixin.py:190} INFO - [2026-06-19T17:16:18.253+0000] {dag.py:3239} INFO - Sync 1 DAGs
[2026-06-19T17:16:18.385+0000] {logging_mixin.py:190} INFO - [2026-06-19T17:16:18.384+0000] {dag.py:4180} INFO - Setting next_dagrun for example_workday_timetable to 2021-01-04 00:00:00+00:00, run_after=2021-01-05 00:00:00+00:00
[2026-06-19T17:16:18.436+0000] {processor.py:208} INFO - Processing /home/airflow/.local/lib/python3.12/site-packages/airflow/example_dags/example_workday_timetable.py took 0.258 seconds
[2026-06-19T17:16:48.771+0000] {processor.py:186} INFO - Started process (PID=1163) to work on /home/airflow/.local/lib/python3.12/site-packages/airflow/example_dags/example_workday_timetable.py
[2026-06-19T17:16:48.773+0000] {processor.py:914} INFO - Processing file /home/airflow/.local/lib/python3.12/site-packages/airflow/example_dags/example_workday_timetable.py for tasks to queue
[2026-06-19T17:16:48.778+0000] {logging_mixin.py:190} INFO - [2026-06-19T17:16:48.777+0000] {dagbag.py:588} INFO - Filling up the DagBag from /home/airflow/.local/lib/python3.12/site-packages/airflow/example_dags/example_workday_timetable.py
[2026-06-19T17:16:48.788+0000] {processor.py:925} INFO - DAG(s) 'example_workday_timetable' retrieved from /home/airflow/.local/lib/python3.12/site-packages/airflow/example_dags/example_workday_timetable.py
[2026-06-19T17:16:48.815+0000] {logging_mixin.py:190} INFO - [2026-06-19T17:16:48.815+0000] {dag.py:3239} INFO - Sync 1 DAGs
[2026-06-19T17:16:48.908+0000] {logging_mixin.py:190} INFO - [2026-06-19T17:16:48.907+0000] {dag.py:4180} INFO - Setting next_dagrun for example_workday_timetable to 2021-01-04 00:00:00+00:00, run_after=2021-01-05 00:00:00+00:00
[2026-06-19T17:16:48.942+0000] {processor.py:208} INFO - Processing /home/airflow/.local/lib/python3.12/site-packages/airflow/example_dags/example_workday_timetable.py took 0.178 seconds
[2026-06-19T17:17:19.780+0000] {processor.py:186} INFO - Started process (PID=1227) to work on /home/airflow/.local/lib/python3.12/site-packages/airflow/example_dags/example_workday_timetable.py
[2026-06-19T17:17:19.784+0000] {processor.py:914} INFO - Processing file /home/airflow/.local/lib/python3.12/site-packages/airflow/example_dags/example_workday_timetable.py for tasks to queue
[2026-06-19T17:17:19.790+0000] {logging_mixin.py:190} INFO - [2026-06-19T17:17:19.789+0000] {dagbag.py:588} INFO - Filling up the DagBag from /home/airflow/.local/lib/python3.12/site-packages/airflow/example_dags/example_workday_timetable.py
[2026-06-19T17:17:19.802+0000] {processor.py:925} INFO - DAG(s) 'example_workday_timetable' retrieved from /home/airflow/.local/lib/python3.12/site-packages/airflow/example_dags/example_workday_timetable.py
[2026-06-19T17:17:19.838+0000] {logging_mixin.py:190} INFO - [2026-06-19T17:17:19.838+0000] {dag.py:3239} INFO - Sync 1 DAGs
[2026-06-19T17:17:19.944+0000] {logging_mixin.py:190} INFO - [2026-06-19T17:17:19.944+0000] {dag.py:4180} INFO - Setting next_dagrun for example_workday_timetable to 2021-01-04 00:00:00+00:00, run_after=2021-01-05 00:00:00+00:00
[2026-06-19T17:17:19.976+0000] {processor.py:208} INFO - Processing /home/airflow/.local/lib/python3.12/site-packages/airflow/example_dags/example_workday_timetable.py took 0.205 seconds
[2026-06-19T17:17:50.210+0000] {processor.py:186} INFO - Started process (PID=1290) to work on /home/airflow/.local/lib/python3.12/site-packages/airflow/example_dags/example_workday_timetable.py
[2026-06-19T17:17:50.217+0000] {processor.py:914} INFO - Processing file /home/airflow/.local/lib/python3.12/site-packages/airflow/example_dags/example_workday_timetable.py for tasks to queue
[2026-06-19T17:17:50.226+0000] {logging_mixin.py:190} INFO - [2026-06-19T17:17:50.225+0000] {dagbag.py:588} INFO - Filling up the DagBag from /home/airflow/.local/lib/python3.12/site-packages/airflow/example_dags/example_workday_timetable.py
[2026-06-19T17:17:50.258+0000] {processor.py:925} INFO - DAG(s) 'example_workday_timetable' retrieved from /home/airflow/.local/lib/python3.12/site-packages/airflow/example_dags/example_workday_timetable.py
[2026-06-19T17:17:50.328+0000] {logging_mixin.py:190} INFO - [2026-06-19T17:17:50.327+0000] {dag.py:3239} INFO - Sync 1 DAGs
[2026-06-19T17:17:50.553+0000] {logging_mixin.py:190} INFO - [2026-06-19T17:17:50.552+0000] {dag.py:4180} INFO - Setting next_dagrun for example_workday_timetable to 2021-01-04 00:00:00+00:00, run_after=2021-01-05 00:00:00+00:00
[2026-06-19T17:17:50.617+0000] {processor.py:208} INFO - Processing /home/airflow/.local/lib/python3.12/site-packages/airflow/example_dags/example_workday_timetable.py took 0.429 seconds
