[2026-06-19T16:38:52.793+0000] {processor.py:186} INFO - Started process (PID=109) to work on /home/airflow/.local/lib/python3.12/site-packages/airflow/example_dags/example_display_name.py
[2026-06-19T16:38:52.795+0000] {processor.py:914} INFO - Processing file /home/airflow/.local/lib/python3.12/site-packages/airflow/example_dags/example_display_name.py for tasks to queue
[2026-06-19T16:38:52.799+0000] {logging_mixin.py:190} INFO - [2026-06-19T16:38:52.798+0000] {dagbag.py:588} INFO - Filling up the DagBag from /home/airflow/.local/lib/python3.12/site-packages/airflow/example_dags/example_display_name.py
[2026-06-19T16:38:52.813+0000] {processor.py:925} INFO - DAG(s) 'example_display_name' retrieved from /home/airflow/.local/lib/python3.12/site-packages/airflow/example_dags/example_display_name.py
[2026-06-19T16:38:52.851+0000] {logging_mixin.py:190} INFO - [2026-06-19T16:38:52.851+0000] {dag.py:3239} INFO - Sync 1 DAGs
[2026-06-19T16:38:52.873+0000] {logging_mixin.py:190} INFO - [2026-06-19T16:38:52.872+0000] {dag.py:4180} INFO - Setting next_dagrun for example_display_name to None, run_after=None
[2026-06-19T16:38:52.897+0000] {processor.py:208} INFO - Processing /home/airflow/.local/lib/python3.12/site-packages/airflow/example_dags/example_display_name.py took 0.114 seconds
[2026-06-19T16:39:26.347+0000] {processor.py:186} INFO - Started process (PID=173) to work on /home/airflow/.local/lib/python3.12/site-packages/airflow/example_dags/example_display_name.py
[2026-06-19T16:39:26.350+0000] {processor.py:914} INFO - Processing file /home/airflow/.local/lib/python3.12/site-packages/airflow/example_dags/example_display_name.py for tasks to queue
[2026-06-19T16:39:26.359+0000] {logging_mixin.py:190} INFO - [2026-06-19T16:39:26.358+0000] {dagbag.py:588} INFO - Filling up the DagBag from /home/airflow/.local/lib/python3.12/site-packages/airflow/example_dags/example_display_name.py
[2026-06-19T16:39:26.379+0000] {processor.py:925} INFO - DAG(s) 'example_display_name' retrieved from /home/airflow/.local/lib/python3.12/site-packages/airflow/example_dags/example_display_name.py
[2026-06-19T16:39:26.425+0000] {logging_mixin.py:190} INFO - [2026-06-19T16:39:26.424+0000] {dag.py:3239} INFO - Sync 1 DAGs
[2026-06-19T16:39:26.474+0000] {logging_mixin.py:190} INFO - [2026-06-19T16:39:26.473+0000] {dag.py:4180} INFO - Setting next_dagrun for example_display_name to None, run_after=None
[2026-06-19T16:39:26.555+0000] {processor.py:208} INFO - Processing /home/airflow/.local/lib/python3.12/site-packages/airflow/example_dags/example_display_name.py took 0.223 seconds
[2026-06-19T16:39:58.149+0000] {processor.py:186} INFO - Started process (PID=237) to work on /home/airflow/.local/lib/python3.12/site-packages/airflow/example_dags/example_display_name.py
[2026-06-19T16:39:58.152+0000] {processor.py:914} INFO - Processing file /home/airflow/.local/lib/python3.12/site-packages/airflow/example_dags/example_display_name.py for tasks to queue
[2026-06-19T16:39:58.158+0000] {logging_mixin.py:190} INFO - [2026-06-19T16:39:58.157+0000] {dagbag.py:588} INFO - Filling up the DagBag from /home/airflow/.local/lib/python3.12/site-packages/airflow/example_dags/example_display_name.py
[2026-06-19T16:39:58.180+0000] {processor.py:925} INFO - DAG(s) 'example_display_name' retrieved from /home/airflow/.local/lib/python3.12/site-packages/airflow/example_dags/example_display_name.py
[2026-06-19T16:39:58.232+0000] {logging_mixin.py:190} INFO - [2026-06-19T16:39:58.231+0000] {dag.py:3239} INFO - Sync 1 DAGs
[2026-06-19T16:39:58.273+0000] {logging_mixin.py:190} INFO - [2026-06-19T16:39:58.273+0000] {dag.py:4180} INFO - Setting next_dagrun for example_display_name to None, run_after=None
[2026-06-19T16:39:58.334+0000] {processor.py:208} INFO - Processing /home/airflow/.local/lib/python3.12/site-packages/airflow/example_dags/example_display_name.py took 0.200 seconds
[2026-06-19T16:42:21.076+0000] {processor.py:186} INFO - Started process (PID=120) to work on /home/airflow/.local/lib/python3.12/site-packages/airflow/example_dags/example_display_name.py
[2026-06-19T16:42:21.091+0000] {processor.py:914} INFO - Processing file /home/airflow/.local/lib/python3.12/site-packages/airflow/example_dags/example_display_name.py for tasks to queue
[2026-06-19T16:42:21.112+0000] {logging_mixin.py:190} INFO - [2026-06-19T16:42:21.110+0000] {dagbag.py:588} INFO - Filling up the DagBag from /home/airflow/.local/lib/python3.12/site-packages/airflow/example_dags/example_display_name.py
[2026-06-19T16:42:21.165+0000] {processor.py:925} INFO - DAG(s) 'example_display_name' retrieved from /home/airflow/.local/lib/python3.12/site-packages/airflow/example_dags/example_display_name.py
[2026-06-19T16:42:21.281+0000] {logging_mixin.py:190} INFO - [2026-06-19T16:42:21.280+0000] {dag.py:3239} INFO - Sync 1 DAGs
[2026-06-19T16:42:21.343+0000] {logging_mixin.py:190} INFO - [2026-06-19T16:42:21.342+0000] {dag.py:4180} INFO - Setting next_dagrun for example_display_name to None, run_after=None
[2026-06-19T16:42:21.420+0000] {processor.py:208} INFO - Processing /home/airflow/.local/lib/python3.12/site-packages/airflow/example_dags/example_display_name.py took 0.387 seconds
[2026-06-19T16:43:23.081+0000] {processor.py:186} INFO - Started process (PID=208) to work on /home/airflow/.local/lib/python3.12/site-packages/airflow/example_dags/example_display_name.py
[2026-06-19T16:43:23.100+0000] {processor.py:914} INFO - Processing file /home/airflow/.local/lib/python3.12/site-packages/airflow/example_dags/example_display_name.py for tasks to queue
[2026-06-19T16:43:23.118+0000] {logging_mixin.py:190} INFO - [2026-06-19T16:43:23.117+0000] {dagbag.py:588} INFO - Filling up the DagBag from /home/airflow/.local/lib/python3.12/site-packages/airflow/example_dags/example_display_name.py
[2026-06-19T16:43:23.280+0000] {processor.py:925} INFO - DAG(s) 'example_display_name' retrieved from /home/airflow/.local/lib/python3.12/site-packages/airflow/example_dags/example_display_name.py
[2026-06-19T16:43:23.467+0000] {logging_mixin.py:190} INFO - [2026-06-19T16:43:23.466+0000] {dag.py:3239} INFO - Sync 1 DAGs
[2026-06-19T16:43:23.627+0000] {logging_mixin.py:190} INFO - [2026-06-19T16:43:23.626+0000] {dag.py:4180} INFO - Setting next_dagrun for example_display_name to None, run_after=None
[2026-06-19T16:43:23.878+0000] {processor.py:208} INFO - Processing /home/airflow/.local/lib/python3.12/site-packages/airflow/example_dags/example_display_name.py took 0.870 seconds
[2026-06-19T16:44:00.289+0000] {processor.py:186} INFO - Started process (PID=278) to work on /home/airflow/.local/lib/python3.12/site-packages/airflow/example_dags/example_display_name.py
[2026-06-19T16:44:00.327+0000] {processor.py:914} INFO - Processing file /home/airflow/.local/lib/python3.12/site-packages/airflow/example_dags/example_display_name.py for tasks to queue
[2026-06-19T16:44:00.385+0000] {logging_mixin.py:190} INFO - [2026-06-19T16:44:00.384+0000] {dagbag.py:588} INFO - Filling up the DagBag from /home/airflow/.local/lib/python3.12/site-packages/airflow/example_dags/example_display_name.py
[2026-06-19T16:44:00.468+0000] {processor.py:925} INFO - DAG(s) 'example_display_name' retrieved from /home/airflow/.local/lib/python3.12/site-packages/airflow/example_dags/example_display_name.py
[2026-06-19T16:44:00.795+0000] {logging_mixin.py:190} INFO - [2026-06-19T16:44:00.794+0000] {dag.py:3239} INFO - Sync 1 DAGs
[2026-06-19T16:44:00.970+0000] {logging_mixin.py:190} INFO - [2026-06-19T16:44:00.969+0000] {dag.py:4180} INFO - Setting next_dagrun for example_display_name to None, run_after=None
[2026-06-19T16:44:01.307+0000] {processor.py:208} INFO - Processing /home/airflow/.local/lib/python3.12/site-packages/airflow/example_dags/example_display_name.py took 1.083 seconds
[2026-06-19T16:44:32.667+0000] {processor.py:186} INFO - Started process (PID=340) to work on /home/airflow/.local/lib/python3.12/site-packages/airflow/example_dags/example_display_name.py
[2026-06-19T16:44:32.672+0000] {processor.py:914} INFO - Processing file /home/airflow/.local/lib/python3.12/site-packages/airflow/example_dags/example_display_name.py for tasks to queue
[2026-06-19T16:44:32.684+0000] {logging_mixin.py:190} INFO - [2026-06-19T16:44:32.683+0000] {dagbag.py:588} INFO - Filling up the DagBag from /home/airflow/.local/lib/python3.12/site-packages/airflow/example_dags/example_display_name.py
[2026-06-19T16:44:32.719+0000] {processor.py:925} INFO - DAG(s) 'example_display_name' retrieved from /home/airflow/.local/lib/python3.12/site-packages/airflow/example_dags/example_display_name.py
[2026-06-19T16:44:32.807+0000] {logging_mixin.py:190} INFO - [2026-06-19T16:44:32.806+0000] {dag.py:3239} INFO - Sync 1 DAGs
[2026-06-19T16:44:32.869+0000] {logging_mixin.py:190} INFO - [2026-06-19T16:44:32.868+0000] {dag.py:4180} INFO - Setting next_dagrun for example_display_name to None, run_after=None
[2026-06-19T16:44:32.925+0000] {processor.py:208} INFO - Processing /home/airflow/.local/lib/python3.12/site-packages/airflow/example_dags/example_display_name.py took 0.281 seconds
[2026-06-19T16:45:08.220+0000] {processor.py:186} INFO - Started process (PID=404) to work on /home/airflow/.local/lib/python3.12/site-packages/airflow/example_dags/example_display_name.py
[2026-06-19T16:45:08.225+0000] {processor.py:914} INFO - Processing file /home/airflow/.local/lib/python3.12/site-packages/airflow/example_dags/example_display_name.py for tasks to queue
[2026-06-19T16:45:08.237+0000] {logging_mixin.py:190} INFO - [2026-06-19T16:45:08.235+0000] {dagbag.py:588} INFO - Filling up the DagBag from /home/airflow/.local/lib/python3.12/site-packages/airflow/example_dags/example_display_name.py
[2026-06-19T16:45:08.287+0000] {processor.py:925} INFO - DAG(s) 'example_display_name' retrieved from /home/airflow/.local/lib/python3.12/site-packages/airflow/example_dags/example_display_name.py
[2026-06-19T16:45:08.446+0000] {logging_mixin.py:190} INFO - [2026-06-19T16:45:08.435+0000] {dag.py:3239} INFO - Sync 1 DAGs
[2026-06-19T16:45:08.548+0000] {logging_mixin.py:190} INFO - [2026-06-19T16:45:08.547+0000] {dag.py:4180} INFO - Setting next_dagrun for example_display_name to None, run_after=None
[2026-06-19T16:45:08.682+0000] {processor.py:208} INFO - Processing /home/airflow/.local/lib/python3.12/site-packages/airflow/example_dags/example_display_name.py took 0.493 seconds
[2026-06-19T16:45:39.252+0000] {processor.py:186} INFO - Started process (PID=467) to work on /home/airflow/.local/lib/python3.12/site-packages/airflow/example_dags/example_display_name.py
[2026-06-19T16:45:39.257+0000] {processor.py:914} INFO - Processing file /home/airflow/.local/lib/python3.12/site-packages/airflow/example_dags/example_display_name.py for tasks to queue
[2026-06-19T16:45:39.263+0000] {logging_mixin.py:190} INFO - [2026-06-19T16:45:39.262+0000] {dagbag.py:588} INFO - Filling up the DagBag from /home/airflow/.local/lib/python3.12/site-packages/airflow/example_dags/example_display_name.py
[2026-06-19T16:45:39.279+0000] {processor.py:925} INFO - DAG(s) 'example_display_name' retrieved from /home/airflow/.local/lib/python3.12/site-packages/airflow/example_dags/example_display_name.py
[2026-06-19T16:45:39.319+0000] {logging_mixin.py:190} INFO - [2026-06-19T16:45:39.318+0000] {dag.py:3239} INFO - Sync 1 DAGs
[2026-06-19T16:45:39.350+0000] {logging_mixin.py:190} INFO - [2026-06-19T16:45:39.350+0000] {dag.py:4180} INFO - Setting next_dagrun for example_display_name to None, run_after=None
[2026-06-19T16:45:39.384+0000] {processor.py:208} INFO - Processing /home/airflow/.local/lib/python3.12/site-packages/airflow/example_dags/example_display_name.py took 0.143 seconds
[2026-06-19T16:46:10.302+0000] {processor.py:186} INFO - Started process (PID=531) to work on /home/airflow/.local/lib/python3.12/site-packages/airflow/example_dags/example_display_name.py
[2026-06-19T16:46:10.308+0000] {processor.py:914} INFO - Processing file /home/airflow/.local/lib/python3.12/site-packages/airflow/example_dags/example_display_name.py for tasks to queue
[2026-06-19T16:46:10.328+0000] {logging_mixin.py:190} INFO - [2026-06-19T16:46:10.326+0000] {dagbag.py:588} INFO - Filling up the DagBag from /home/airflow/.local/lib/python3.12/site-packages/airflow/example_dags/example_display_name.py
[2026-06-19T16:46:10.389+0000] {processor.py:925} INFO - DAG(s) 'example_display_name' retrieved from /home/airflow/.local/lib/python3.12/site-packages/airflow/example_dags/example_display_name.py
[2026-06-19T16:46:10.518+0000] {logging_mixin.py:190} INFO - [2026-06-19T16:46:10.517+0000] {dag.py:3239} INFO - Sync 1 DAGs
[2026-06-19T16:46:10.603+0000] {logging_mixin.py:190} INFO - [2026-06-19T16:46:10.602+0000] {dag.py:4180} INFO - Setting next_dagrun for example_display_name to None, run_after=None
[2026-06-19T16:46:10.742+0000] {processor.py:208} INFO - Processing /home/airflow/.local/lib/python3.12/site-packages/airflow/example_dags/example_display_name.py took 0.477 seconds
[2026-06-19T16:46:42.339+0000] {processor.py:186} INFO - Started process (PID=595) to work on /home/airflow/.local/lib/python3.12/site-packages/airflow/example_dags/example_display_name.py
[2026-06-19T16:46:42.347+0000] {processor.py:914} INFO - Processing file /home/airflow/.local/lib/python3.12/site-packages/airflow/example_dags/example_display_name.py for tasks to queue
[2026-06-19T16:46:42.365+0000] {logging_mixin.py:190} INFO - [2026-06-19T16:46:42.363+0000] {dagbag.py:588} INFO - Filling up the DagBag from /home/airflow/.local/lib/python3.12/site-packages/airflow/example_dags/example_display_name.py
[2026-06-19T16:46:42.429+0000] {processor.py:925} INFO - DAG(s) 'example_display_name' retrieved from /home/airflow/.local/lib/python3.12/site-packages/airflow/example_dags/example_display_name.py
[2026-06-19T16:46:42.577+0000] {logging_mixin.py:190} INFO - [2026-06-19T16:46:42.568+0000] {dag.py:3239} INFO - Sync 1 DAGs
[2026-06-19T16:46:42.667+0000] {logging_mixin.py:190} INFO - [2026-06-19T16:46:42.666+0000] {dag.py:4180} INFO - Setting next_dagrun for example_display_name to None, run_after=None
[2026-06-19T16:46:42.809+0000] {processor.py:208} INFO - Processing /home/airflow/.local/lib/python3.12/site-packages/airflow/example_dags/example_display_name.py took 0.505 seconds
[2026-06-19T16:47:13.219+0000] {processor.py:186} INFO - Started process (PID=659) to work on /home/airflow/.local/lib/python3.12/site-packages/airflow/example_dags/example_display_name.py
[2026-06-19T16:47:13.224+0000] {processor.py:914} INFO - Processing file /home/airflow/.local/lib/python3.12/site-packages/airflow/example_dags/example_display_name.py for tasks to queue
[2026-06-19T16:47:13.240+0000] {logging_mixin.py:190} INFO - [2026-06-19T16:47:13.238+0000] {dagbag.py:588} INFO - Filling up the DagBag from /home/airflow/.local/lib/python3.12/site-packages/airflow/example_dags/example_display_name.py
[2026-06-19T16:47:13.274+0000] {processor.py:925} INFO - DAG(s) 'example_display_name' retrieved from /home/airflow/.local/lib/python3.12/site-packages/airflow/example_dags/example_display_name.py
[2026-06-19T16:47:13.338+0000] {logging_mixin.py:190} INFO - [2026-06-19T16:47:13.337+0000] {dag.py:3239} INFO - Sync 1 DAGs
[2026-06-19T16:47:13.387+0000] {logging_mixin.py:190} INFO - [2026-06-19T16:47:13.387+0000] {dag.py:4180} INFO - Setting next_dagrun for example_display_name to None, run_after=None
[2026-06-19T16:47:13.432+0000] {processor.py:208} INFO - Processing /home/airflow/.local/lib/python3.12/site-packages/airflow/example_dags/example_display_name.py took 0.240 seconds
[2026-06-19T16:47:45.722+0000] {processor.py:186} INFO - Started process (PID=723) to work on /home/airflow/.local/lib/python3.12/site-packages/airflow/example_dags/example_display_name.py
[2026-06-19T16:47:45.743+0000] {processor.py:914} INFO - Processing file /home/airflow/.local/lib/python3.12/site-packages/airflow/example_dags/example_display_name.py for tasks to queue
[2026-06-19T16:47:45.761+0000] {logging_mixin.py:190} INFO - [2026-06-19T16:47:45.760+0000] {dagbag.py:588} INFO - Filling up the DagBag from /home/airflow/.local/lib/python3.12/site-packages/airflow/example_dags/example_display_name.py
[2026-06-19T16:47:45.795+0000] {processor.py:925} INFO - DAG(s) 'example_display_name' retrieved from /home/airflow/.local/lib/python3.12/site-packages/airflow/example_dags/example_display_name.py
[2026-06-19T16:47:45.856+0000] {logging_mixin.py:190} INFO - [2026-06-19T16:47:45.855+0000] {dag.py:3239} INFO - Sync 1 DAGs
[2026-06-19T16:47:45.904+0000] {logging_mixin.py:190} INFO - [2026-06-19T16:47:45.903+0000] {dag.py:4180} INFO - Setting next_dagrun for example_display_name to None, run_after=None
[2026-06-19T16:47:45.960+0000] {processor.py:208} INFO - Processing /home/airflow/.local/lib/python3.12/site-packages/airflow/example_dags/example_display_name.py took 0.264 seconds
[2026-06-19T16:48:16.817+0000] {processor.py:186} INFO - Started process (PID=787) to work on /home/airflow/.local/lib/python3.12/site-packages/airflow/example_dags/example_display_name.py
[2026-06-19T16:48:16.824+0000] {processor.py:914} INFO - Processing file /home/airflow/.local/lib/python3.12/site-packages/airflow/example_dags/example_display_name.py for tasks to queue
[2026-06-19T16:48:16.846+0000] {logging_mixin.py:190} INFO - [2026-06-19T16:48:16.845+0000] {dagbag.py:588} INFO - Filling up the DagBag from /home/airflow/.local/lib/python3.12/site-packages/airflow/example_dags/example_display_name.py
[2026-06-19T16:48:16.891+0000] {processor.py:925} INFO - DAG(s) 'example_display_name' retrieved from /home/airflow/.local/lib/python3.12/site-packages/airflow/example_dags/example_display_name.py
[2026-06-19T16:48:17.005+0000] {logging_mixin.py:190} INFO - [2026-06-19T16:48:17.000+0000] {dag.py:3239} INFO - Sync 1 DAGs
[2026-06-19T16:48:17.083+0000] {logging_mixin.py:190} INFO - [2026-06-19T16:48:17.083+0000] {dag.py:4180} INFO - Setting next_dagrun for example_display_name to None, run_after=None
[2026-06-19T16:48:17.189+0000] {processor.py:208} INFO - Processing /home/airflow/.local/lib/python3.12/site-packages/airflow/example_dags/example_display_name.py took 0.396 seconds
[2026-06-19T16:48:47.675+0000] {processor.py:186} INFO - Started process (PID=851) to work on /home/airflow/.local/lib/python3.12/site-packages/airflow/example_dags/example_display_name.py
[2026-06-19T16:48:47.680+0000] {processor.py:914} INFO - Processing file /home/airflow/.local/lib/python3.12/site-packages/airflow/example_dags/example_display_name.py for tasks to queue
[2026-06-19T16:48:47.694+0000] {logging_mixin.py:190} INFO - [2026-06-19T16:48:47.693+0000] {dagbag.py:588} INFO - Filling up the DagBag from /home/airflow/.local/lib/python3.12/site-packages/airflow/example_dags/example_display_name.py
[2026-06-19T16:48:47.735+0000] {processor.py:925} INFO - DAG(s) 'example_display_name' retrieved from /home/airflow/.local/lib/python3.12/site-packages/airflow/example_dags/example_display_name.py
[2026-06-19T16:48:47.817+0000] {logging_mixin.py:190} INFO - [2026-06-19T16:48:47.815+0000] {dag.py:3239} INFO - Sync 1 DAGs
[2026-06-19T16:48:47.888+0000] {logging_mixin.py:190} INFO - [2026-06-19T16:48:47.887+0000] {dag.py:4180} INFO - Setting next_dagrun for example_display_name to None, run_after=None
[2026-06-19T16:48:47.959+0000] {processor.py:208} INFO - Processing /home/airflow/.local/lib/python3.12/site-packages/airflow/example_dags/example_display_name.py took 0.310 seconds
[2026-06-19T16:49:20.748+0000] {processor.py:186} INFO - Started process (PID=917) to work on /home/airflow/.local/lib/python3.12/site-packages/airflow/example_dags/example_display_name.py
[2026-06-19T16:49:20.753+0000] {processor.py:914} INFO - Processing file /home/airflow/.local/lib/python3.12/site-packages/airflow/example_dags/example_display_name.py for tasks to queue
[2026-06-19T16:49:20.763+0000] {logging_mixin.py:190} INFO - [2026-06-19T16:49:20.762+0000] {dagbag.py:588} INFO - Filling up the DagBag from /home/airflow/.local/lib/python3.12/site-packages/airflow/example_dags/example_display_name.py
[2026-06-19T16:49:20.790+0000] {processor.py:925} INFO - DAG(s) 'example_display_name' retrieved from /home/airflow/.local/lib/python3.12/site-packages/airflow/example_dags/example_display_name.py
[2026-06-19T16:49:20.859+0000] {logging_mixin.py:190} INFO - [2026-06-19T16:49:20.858+0000] {dag.py:3239} INFO - Sync 1 DAGs
[2026-06-19T16:49:20.926+0000] {logging_mixin.py:190} INFO - [2026-06-19T16:49:20.925+0000] {dag.py:4180} INFO - Setting next_dagrun for example_display_name to None, run_after=None
[2026-06-19T16:49:20.997+0000] {processor.py:208} INFO - Processing /home/airflow/.local/lib/python3.12/site-packages/airflow/example_dags/example_display_name.py took 0.276 seconds
[2026-06-19T16:49:51.259+0000] {processor.py:186} INFO - Started process (PID=980) to work on /home/airflow/.local/lib/python3.12/site-packages/airflow/example_dags/example_display_name.py
[2026-06-19T16:49:51.267+0000] {processor.py:914} INFO - Processing file /home/airflow/.local/lib/python3.12/site-packages/airflow/example_dags/example_display_name.py for tasks to queue
[2026-06-19T16:49:51.289+0000] {logging_mixin.py:190} INFO - [2026-06-19T16:49:51.288+0000] {dagbag.py:588} INFO - Filling up the DagBag from /home/airflow/.local/lib/python3.12/site-packages/airflow/example_dags/example_display_name.py
[2026-06-19T16:49:51.345+0000] {processor.py:925} INFO - DAG(s) 'example_display_name' retrieved from /home/airflow/.local/lib/python3.12/site-packages/airflow/example_dags/example_display_name.py
[2026-06-19T16:49:51.451+0000] {logging_mixin.py:190} INFO - [2026-06-19T16:49:51.450+0000] {dag.py:3239} INFO - Sync 1 DAGs
[2026-06-19T16:49:51.798+0000] {logging_mixin.py:190} INFO - [2026-06-19T16:49:51.795+0000] {dag.py:4180} INFO - Setting next_dagrun for example_display_name to None, run_after=None
[2026-06-19T16:49:52.135+0000] {processor.py:208} INFO - Processing /home/airflow/.local/lib/python3.12/site-packages/airflow/example_dags/example_display_name.py took 0.906 seconds
[2026-06-19T16:50:22.392+0000] {processor.py:186} INFO - Started process (PID=1043) to work on /home/airflow/.local/lib/python3.12/site-packages/airflow/example_dags/example_display_name.py
[2026-06-19T16:50:22.396+0000] {processor.py:914} INFO - Processing file /home/airflow/.local/lib/python3.12/site-packages/airflow/example_dags/example_display_name.py for tasks to queue
[2026-06-19T16:50:22.403+0000] {logging_mixin.py:190} INFO - [2026-06-19T16:50:22.402+0000] {dagbag.py:588} INFO - Filling up the DagBag from /home/airflow/.local/lib/python3.12/site-packages/airflow/example_dags/example_display_name.py
[2026-06-19T16:50:22.423+0000] {processor.py:925} INFO - DAG(s) 'example_display_name' retrieved from /home/airflow/.local/lib/python3.12/site-packages/airflow/example_dags/example_display_name.py
[2026-06-19T16:50:22.478+0000] {logging_mixin.py:190} INFO - [2026-06-19T16:50:22.477+0000] {dag.py:3239} INFO - Sync 1 DAGs
[2026-06-19T16:50:22.520+0000] {logging_mixin.py:190} INFO - [2026-06-19T16:50:22.519+0000] {dag.py:4180} INFO - Setting next_dagrun for example_display_name to None, run_after=None
[2026-06-19T16:50:22.560+0000] {processor.py:208} INFO - Processing /home/airflow/.local/lib/python3.12/site-packages/airflow/example_dags/example_display_name.py took 0.180 seconds
[2026-06-19T16:50:53.597+0000] {processor.py:186} INFO - Started process (PID=1107) to work on /home/airflow/.local/lib/python3.12/site-packages/airflow/example_dags/example_display_name.py
[2026-06-19T16:50:53.603+0000] {processor.py:914} INFO - Processing file /home/airflow/.local/lib/python3.12/site-packages/airflow/example_dags/example_display_name.py for tasks to queue
[2026-06-19T16:50:53.614+0000] {logging_mixin.py:190} INFO - [2026-06-19T16:50:53.613+0000] {dagbag.py:588} INFO - Filling up the DagBag from /home/airflow/.local/lib/python3.12/site-packages/airflow/example_dags/example_display_name.py
[2026-06-19T16:50:53.648+0000] {processor.py:925} INFO - DAG(s) 'example_display_name' retrieved from /home/airflow/.local/lib/python3.12/site-packages/airflow/example_dags/example_display_name.py
[2026-06-19T16:50:53.711+0000] {logging_mixin.py:190} INFO - [2026-06-19T16:50:53.710+0000] {dag.py:3239} INFO - Sync 1 DAGs
[2026-06-19T16:50:53.761+0000] {logging_mixin.py:190} INFO - [2026-06-19T16:50:53.761+0000] {dag.py:4180} INFO - Setting next_dagrun for example_display_name to None, run_after=None
[2026-06-19T16:50:53.821+0000] {processor.py:208} INFO - Processing /home/airflow/.local/lib/python3.12/site-packages/airflow/example_dags/example_display_name.py took 0.250 seconds
[2026-06-19T16:51:24.141+0000] {processor.py:186} INFO - Started process (PID=1170) to work on /home/airflow/.local/lib/python3.12/site-packages/airflow/example_dags/example_display_name.py
[2026-06-19T16:51:24.148+0000] {processor.py:914} INFO - Processing file /home/airflow/.local/lib/python3.12/site-packages/airflow/example_dags/example_display_name.py for tasks to queue
[2026-06-19T16:51:24.158+0000] {logging_mixin.py:190} INFO - [2026-06-19T16:51:24.157+0000] {dagbag.py:588} INFO - Filling up the DagBag from /home/airflow/.local/lib/python3.12/site-packages/airflow/example_dags/example_display_name.py
[2026-06-19T16:51:24.188+0000] {processor.py:925} INFO - DAG(s) 'example_display_name' retrieved from /home/airflow/.local/lib/python3.12/site-packages/airflow/example_dags/example_display_name.py
[2026-06-19T16:51:24.258+0000] {logging_mixin.py:190} INFO - [2026-06-19T16:51:24.257+0000] {dag.py:3239} INFO - Sync 1 DAGs
[2026-06-19T16:51:24.310+0000] {logging_mixin.py:190} INFO - [2026-06-19T16:51:24.310+0000] {dag.py:4180} INFO - Setting next_dagrun for example_display_name to None, run_after=None
[2026-06-19T16:51:24.363+0000] {processor.py:208} INFO - Processing /home/airflow/.local/lib/python3.12/site-packages/airflow/example_dags/example_display_name.py took 0.247 seconds
[2026-06-19T16:51:54.465+0000] {processor.py:186} INFO - Started process (PID=1233) to work on /home/airflow/.local/lib/python3.12/site-packages/airflow/example_dags/example_display_name.py
[2026-06-19T16:51:54.469+0000] {processor.py:914} INFO - Processing file /home/airflow/.local/lib/python3.12/site-packages/airflow/example_dags/example_display_name.py for tasks to queue
[2026-06-19T16:51:54.476+0000] {logging_mixin.py:190} INFO - [2026-06-19T16:51:54.475+0000] {dagbag.py:588} INFO - Filling up the DagBag from /home/airflow/.local/lib/python3.12/site-packages/airflow/example_dags/example_display_name.py
[2026-06-19T16:51:54.492+0000] {processor.py:925} INFO - DAG(s) 'example_display_name' retrieved from /home/airflow/.local/lib/python3.12/site-packages/airflow/example_dags/example_display_name.py
[2026-06-19T16:51:54.541+0000] {logging_mixin.py:190} INFO - [2026-06-19T16:51:54.540+0000] {dag.py:3239} INFO - Sync 1 DAGs
[2026-06-19T16:51:54.573+0000] {logging_mixin.py:190} INFO - [2026-06-19T16:51:54.573+0000] {dag.py:4180} INFO - Setting next_dagrun for example_display_name to None, run_after=None
[2026-06-19T16:51:54.617+0000] {processor.py:208} INFO - Processing /home/airflow/.local/lib/python3.12/site-packages/airflow/example_dags/example_display_name.py took 0.163 seconds
[2026-06-19T16:52:26.726+0000] {processor.py:186} INFO - Started process (PID=1299) to work on /home/airflow/.local/lib/python3.12/site-packages/airflow/example_dags/example_display_name.py
[2026-06-19T16:52:26.736+0000] {processor.py:914} INFO - Processing file /home/airflow/.local/lib/python3.12/site-packages/airflow/example_dags/example_display_name.py for tasks to queue
[2026-06-19T16:52:26.752+0000] {logging_mixin.py:190} INFO - [2026-06-19T16:52:26.751+0000] {dagbag.py:588} INFO - Filling up the DagBag from /home/airflow/.local/lib/python3.12/site-packages/airflow/example_dags/example_display_name.py
[2026-06-19T16:52:26.769+0000] {processor.py:925} INFO - DAG(s) 'example_display_name' retrieved from /home/airflow/.local/lib/python3.12/site-packages/airflow/example_dags/example_display_name.py
[2026-06-19T16:52:26.809+0000] {logging_mixin.py:190} INFO - [2026-06-19T16:52:26.808+0000] {dag.py:3239} INFO - Sync 1 DAGs
[2026-06-19T16:52:26.854+0000] {logging_mixin.py:190} INFO - [2026-06-19T16:52:26.853+0000] {dag.py:4180} INFO - Setting next_dagrun for example_display_name to None, run_after=None
[2026-06-19T16:52:26.915+0000] {processor.py:208} INFO - Processing /home/airflow/.local/lib/python3.12/site-packages/airflow/example_dags/example_display_name.py took 0.200 seconds
[2026-06-19T16:52:58.326+0000] {processor.py:186} INFO - Started process (PID=1364) to work on /home/airflow/.local/lib/python3.12/site-packages/airflow/example_dags/example_display_name.py
[2026-06-19T16:52:58.337+0000] {processor.py:914} INFO - Processing file /home/airflow/.local/lib/python3.12/site-packages/airflow/example_dags/example_display_name.py for tasks to queue
[2026-06-19T16:52:58.356+0000] {logging_mixin.py:190} INFO - [2026-06-19T16:52:58.352+0000] {dagbag.py:588} INFO - Filling up the DagBag from /home/airflow/.local/lib/python3.12/site-packages/airflow/example_dags/example_display_name.py
[2026-06-19T16:52:58.400+0000] {processor.py:925} INFO - DAG(s) 'example_display_name' retrieved from /home/airflow/.local/lib/python3.12/site-packages/airflow/example_dags/example_display_name.py
[2026-06-19T16:52:58.460+0000] {logging_mixin.py:190} INFO - [2026-06-19T16:52:58.460+0000] {dag.py:3239} INFO - Sync 1 DAGs
[2026-06-19T16:52:58.502+0000] {logging_mixin.py:190} INFO - [2026-06-19T16:52:58.502+0000] {dag.py:4180} INFO - Setting next_dagrun for example_display_name to None, run_after=None
[2026-06-19T16:52:59.067+0000] {processor.py:208} INFO - Processing /home/airflow/.local/lib/python3.12/site-packages/airflow/example_dags/example_display_name.py took 0.777 seconds
[2026-06-19T16:53:29.313+0000] {processor.py:186} INFO - Started process (PID=1427) to work on /home/airflow/.local/lib/python3.12/site-packages/airflow/example_dags/example_display_name.py
[2026-06-19T16:53:29.320+0000] {processor.py:914} INFO - Processing file /home/airflow/.local/lib/python3.12/site-packages/airflow/example_dags/example_display_name.py for tasks to queue
[2026-06-19T16:53:29.340+0000] {logging_mixin.py:190} INFO - [2026-06-19T16:53:29.336+0000] {dagbag.py:588} INFO - Filling up the DagBag from /home/airflow/.local/lib/python3.12/site-packages/airflow/example_dags/example_display_name.py
[2026-06-19T16:53:29.390+0000] {processor.py:925} INFO - DAG(s) 'example_display_name' retrieved from /home/airflow/.local/lib/python3.12/site-packages/airflow/example_dags/example_display_name.py
[2026-06-19T16:53:29.477+0000] {logging_mixin.py:190} INFO - [2026-06-19T16:53:29.476+0000] {dag.py:3239} INFO - Sync 1 DAGs
[2026-06-19T16:53:29.551+0000] {logging_mixin.py:190} INFO - [2026-06-19T16:53:29.550+0000] {dag.py:4180} INFO - Setting next_dagrun for example_display_name to None, run_after=None
[2026-06-19T16:53:29.619+0000] {processor.py:208} INFO - Processing /home/airflow/.local/lib/python3.12/site-packages/airflow/example_dags/example_display_name.py took 0.327 seconds
[2026-06-19T16:54:00.725+0000] {processor.py:186} INFO - Started process (PID=1491) to work on /home/airflow/.local/lib/python3.12/site-packages/airflow/example_dags/example_display_name.py
[2026-06-19T16:54:00.729+0000] {processor.py:914} INFO - Processing file /home/airflow/.local/lib/python3.12/site-packages/airflow/example_dags/example_display_name.py for tasks to queue
[2026-06-19T16:54:00.738+0000] {logging_mixin.py:190} INFO - [2026-06-19T16:54:00.737+0000] {dagbag.py:588} INFO - Filling up the DagBag from /home/airflow/.local/lib/python3.12/site-packages/airflow/example_dags/example_display_name.py
[2026-06-19T16:54:00.766+0000] {processor.py:925} INFO - DAG(s) 'example_display_name' retrieved from /home/airflow/.local/lib/python3.12/site-packages/airflow/example_dags/example_display_name.py
[2026-06-19T16:54:00.814+0000] {logging_mixin.py:190} INFO - [2026-06-19T16:54:00.814+0000] {dag.py:3239} INFO - Sync 1 DAGs
[2026-06-19T16:54:00.856+0000] {logging_mixin.py:190} INFO - [2026-06-19T16:54:00.855+0000] {dag.py:4180} INFO - Setting next_dagrun for example_display_name to None, run_after=None
[2026-06-19T16:54:00.955+0000] {processor.py:208} INFO - Processing /home/airflow/.local/lib/python3.12/site-packages/airflow/example_dags/example_display_name.py took 0.253 seconds
[2026-06-19T16:54:31.164+0000] {processor.py:186} INFO - Started process (PID=1555) to work on /home/airflow/.local/lib/python3.12/site-packages/airflow/example_dags/example_display_name.py
[2026-06-19T16:54:31.167+0000] {processor.py:914} INFO - Processing file /home/airflow/.local/lib/python3.12/site-packages/airflow/example_dags/example_display_name.py for tasks to queue
[2026-06-19T16:54:31.174+0000] {logging_mixin.py:190} INFO - [2026-06-19T16:54:31.173+0000] {dagbag.py:588} INFO - Filling up the DagBag from /home/airflow/.local/lib/python3.12/site-packages/airflow/example_dags/example_display_name.py
[2026-06-19T16:54:31.201+0000] {processor.py:925} INFO - DAG(s) 'example_display_name' retrieved from /home/airflow/.local/lib/python3.12/site-packages/airflow/example_dags/example_display_name.py
[2026-06-19T16:54:31.254+0000] {logging_mixin.py:190} INFO - [2026-06-19T16:54:31.254+0000] {dag.py:3239} INFO - Sync 1 DAGs
[2026-06-19T16:54:31.287+0000] {logging_mixin.py:190} INFO - [2026-06-19T16:54:31.287+0000] {dag.py:4180} INFO - Setting next_dagrun for example_display_name to None, run_after=None
[2026-06-19T16:54:31.328+0000] {processor.py:208} INFO - Processing /home/airflow/.local/lib/python3.12/site-packages/airflow/example_dags/example_display_name.py took 0.182 seconds
[2026-06-19T16:55:01.957+0000] {processor.py:186} INFO - Started process (PID=1624) to work on /home/airflow/.local/lib/python3.12/site-packages/airflow/example_dags/example_display_name.py
[2026-06-19T16:55:01.977+0000] {processor.py:914} INFO - Processing file /home/airflow/.local/lib/python3.12/site-packages/airflow/example_dags/example_display_name.py for tasks to queue
[2026-06-19T16:55:02.031+0000] {logging_mixin.py:190} INFO - [2026-06-19T16:55:02.029+0000] {dagbag.py:588} INFO - Filling up the DagBag from /home/airflow/.local/lib/python3.12/site-packages/airflow/example_dags/example_display_name.py
[2026-06-19T16:55:02.071+0000] {processor.py:925} INFO - DAG(s) 'example_display_name' retrieved from /home/airflow/.local/lib/python3.12/site-packages/airflow/example_dags/example_display_name.py
[2026-06-19T16:55:02.137+0000] {logging_mixin.py:190} INFO - [2026-06-19T16:55:02.136+0000] {dag.py:3239} INFO - Sync 1 DAGs
[2026-06-19T16:55:02.206+0000] {logging_mixin.py:190} INFO - [2026-06-19T16:55:02.205+0000] {dag.py:4180} INFO - Setting next_dagrun for example_display_name to None, run_after=None
[2026-06-19T16:55:02.316+0000] {processor.py:208} INFO - Processing /home/airflow/.local/lib/python3.12/site-packages/airflow/example_dags/example_display_name.py took 0.396 seconds
[2026-06-19T16:55:32.847+0000] {processor.py:186} INFO - Started process (PID=1688) to work on /home/airflow/.local/lib/python3.12/site-packages/airflow/example_dags/example_display_name.py
[2026-06-19T16:55:32.851+0000] {processor.py:914} INFO - Processing file /home/airflow/.local/lib/python3.12/site-packages/airflow/example_dags/example_display_name.py for tasks to queue
[2026-06-19T16:55:32.858+0000] {logging_mixin.py:190} INFO - [2026-06-19T16:55:32.857+0000] {dagbag.py:588} INFO - Filling up the DagBag from /home/airflow/.local/lib/python3.12/site-packages/airflow/example_dags/example_display_name.py
[2026-06-19T16:55:32.873+0000] {processor.py:925} INFO - DAG(s) 'example_display_name' retrieved from /home/airflow/.local/lib/python3.12/site-packages/airflow/example_dags/example_display_name.py
[2026-06-19T16:55:32.909+0000] {logging_mixin.py:190} INFO - [2026-06-19T16:55:32.908+0000] {dag.py:3239} INFO - Sync 1 DAGs
[2026-06-19T16:55:32.940+0000] {logging_mixin.py:190} INFO - [2026-06-19T16:55:32.940+0000] {dag.py:4180} INFO - Setting next_dagrun for example_display_name to None, run_after=None
[2026-06-19T16:55:32.975+0000] {processor.py:208} INFO - Processing /home/airflow/.local/lib/python3.12/site-packages/airflow/example_dags/example_display_name.py took 0.140 seconds
[2026-06-19T16:56:04.327+0000] {processor.py:186} INFO - Started process (PID=1752) to work on /home/airflow/.local/lib/python3.12/site-packages/airflow/example_dags/example_display_name.py
[2026-06-19T16:56:04.338+0000] {processor.py:914} INFO - Processing file /home/airflow/.local/lib/python3.12/site-packages/airflow/example_dags/example_display_name.py for tasks to queue
[2026-06-19T16:56:04.365+0000] {logging_mixin.py:190} INFO - [2026-06-19T16:56:04.364+0000] {dagbag.py:588} INFO - Filling up the DagBag from /home/airflow/.local/lib/python3.12/site-packages/airflow/example_dags/example_display_name.py
[2026-06-19T16:56:04.408+0000] {processor.py:925} INFO - DAG(s) 'example_display_name' retrieved from /home/airflow/.local/lib/python3.12/site-packages/airflow/example_dags/example_display_name.py
[2026-06-19T16:56:04.469+0000] {logging_mixin.py:190} INFO - [2026-06-19T16:56:04.468+0000] {dag.py:3239} INFO - Sync 1 DAGs
[2026-06-19T16:56:04.527+0000] {logging_mixin.py:190} INFO - [2026-06-19T16:56:04.527+0000] {dag.py:4180} INFO - Setting next_dagrun for example_display_name to None, run_after=None
[2026-06-19T16:56:04.584+0000] {processor.py:208} INFO - Processing /home/airflow/.local/lib/python3.12/site-packages/airflow/example_dags/example_display_name.py took 0.293 seconds
[2026-06-19T16:56:35.509+0000] {processor.py:186} INFO - Started process (PID=1817) to work on /home/airflow/.local/lib/python3.12/site-packages/airflow/example_dags/example_display_name.py
[2026-06-19T16:56:35.511+0000] {processor.py:914} INFO - Processing file /home/airflow/.local/lib/python3.12/site-packages/airflow/example_dags/example_display_name.py for tasks to queue
[2026-06-19T16:56:35.516+0000] {logging_mixin.py:190} INFO - [2026-06-19T16:56:35.515+0000] {dagbag.py:588} INFO - Filling up the DagBag from /home/airflow/.local/lib/python3.12/site-packages/airflow/example_dags/example_display_name.py
[2026-06-19T16:56:35.528+0000] {processor.py:925} INFO - DAG(s) 'example_display_name' retrieved from /home/airflow/.local/lib/python3.12/site-packages/airflow/example_dags/example_display_name.py
[2026-06-19T16:56:35.563+0000] {logging_mixin.py:190} INFO - [2026-06-19T16:56:35.563+0000] {dag.py:3239} INFO - Sync 1 DAGs
[2026-06-19T16:56:35.588+0000] {logging_mixin.py:190} INFO - [2026-06-19T16:56:35.587+0000] {dag.py:4180} INFO - Setting next_dagrun for example_display_name to None, run_after=None
[2026-06-19T16:56:35.620+0000] {processor.py:208} INFO - Processing /home/airflow/.local/lib/python3.12/site-packages/airflow/example_dags/example_display_name.py took 0.118 seconds
[2026-06-19T16:57:05.886+0000] {processor.py:186} INFO - Started process (PID=1881) to work on /home/airflow/.local/lib/python3.12/site-packages/airflow/example_dags/example_display_name.py
[2026-06-19T16:57:05.888+0000] {processor.py:914} INFO - Processing file /home/airflow/.local/lib/python3.12/site-packages/airflow/example_dags/example_display_name.py for tasks to queue
[2026-06-19T16:57:05.893+0000] {logging_mixin.py:190} INFO - [2026-06-19T16:57:05.892+0000] {dagbag.py:588} INFO - Filling up the DagBag from /home/airflow/.local/lib/python3.12/site-packages/airflow/example_dags/example_display_name.py
[2026-06-19T16:57:05.903+0000] {processor.py:925} INFO - DAG(s) 'example_display_name' retrieved from /home/airflow/.local/lib/python3.12/site-packages/airflow/example_dags/example_display_name.py
[2026-06-19T16:57:05.927+0000] {logging_mixin.py:190} INFO - [2026-06-19T16:57:05.926+0000] {dag.py:3239} INFO - Sync 1 DAGs
[2026-06-19T16:57:05.944+0000] {logging_mixin.py:190} INFO - [2026-06-19T16:57:05.944+0000] {dag.py:4180} INFO - Setting next_dagrun for example_display_name to None, run_after=None
[2026-06-19T16:57:05.965+0000] {processor.py:208} INFO - Processing /home/airflow/.local/lib/python3.12/site-packages/airflow/example_dags/example_display_name.py took 0.085 seconds
[2026-06-19T16:57:36.030+0000] {processor.py:186} INFO - Started process (PID=1945) to work on /home/airflow/.local/lib/python3.12/site-packages/airflow/example_dags/example_display_name.py
[2026-06-19T16:57:36.034+0000] {processor.py:914} INFO - Processing file /home/airflow/.local/lib/python3.12/site-packages/airflow/example_dags/example_display_name.py for tasks to queue
[2026-06-19T16:57:36.039+0000] {logging_mixin.py:190} INFO - [2026-06-19T16:57:36.039+0000] {dagbag.py:588} INFO - Filling up the DagBag from /home/airflow/.local/lib/python3.12/site-packages/airflow/example_dags/example_display_name.py
[2026-06-19T16:57:36.049+0000] {processor.py:925} INFO - DAG(s) 'example_display_name' retrieved from /home/airflow/.local/lib/python3.12/site-packages/airflow/example_dags/example_display_name.py
[2026-06-19T16:57:36.072+0000] {logging_mixin.py:190} INFO - [2026-06-19T16:57:36.072+0000] {dag.py:3239} INFO - Sync 1 DAGs
[2026-06-19T16:57:36.093+0000] {logging_mixin.py:190} INFO - [2026-06-19T16:57:36.092+0000] {dag.py:4180} INFO - Setting next_dagrun for example_display_name to None, run_after=None
[2026-06-19T16:57:36.115+0000] {processor.py:208} INFO - Processing /home/airflow/.local/lib/python3.12/site-packages/airflow/example_dags/example_display_name.py took 0.091 seconds
[2026-06-19T16:58:06.694+0000] {processor.py:186} INFO - Started process (PID=2010) to work on /home/airflow/.local/lib/python3.12/site-packages/airflow/example_dags/example_display_name.py
[2026-06-19T16:58:06.697+0000] {processor.py:914} INFO - Processing file /home/airflow/.local/lib/python3.12/site-packages/airflow/example_dags/example_display_name.py for tasks to queue
[2026-06-19T16:58:06.702+0000] {logging_mixin.py:190} INFO - [2026-06-19T16:58:06.702+0000] {dagbag.py:588} INFO - Filling up the DagBag from /home/airflow/.local/lib/python3.12/site-packages/airflow/example_dags/example_display_name.py
[2026-06-19T16:58:06.721+0000] {processor.py:925} INFO - DAG(s) 'example_display_name' retrieved from /home/airflow/.local/lib/python3.12/site-packages/airflow/example_dags/example_display_name.py
[2026-06-19T16:58:06.825+0000] {logging_mixin.py:190} INFO - [2026-06-19T16:58:06.824+0000] {dag.py:3239} INFO - Sync 1 DAGs
[2026-06-19T16:58:06.906+0000] {logging_mixin.py:190} INFO - [2026-06-19T16:58:06.905+0000] {dag.py:4180} INFO - Setting next_dagrun for example_display_name to None, run_after=None
[2026-06-19T16:58:06.948+0000] {processor.py:208} INFO - Processing /home/airflow/.local/lib/python3.12/site-packages/airflow/example_dags/example_display_name.py took 0.267 seconds
[2026-06-19T16:58:37.213+0000] {processor.py:186} INFO - Started process (PID=2074) to work on /home/airflow/.local/lib/python3.12/site-packages/airflow/example_dags/example_display_name.py
[2026-06-19T16:58:37.216+0000] {processor.py:914} INFO - Processing file /home/airflow/.local/lib/python3.12/site-packages/airflow/example_dags/example_display_name.py for tasks to queue
[2026-06-19T16:58:37.224+0000] {logging_mixin.py:190} INFO - [2026-06-19T16:58:37.224+0000] {dagbag.py:588} INFO - Filling up the DagBag from /home/airflow/.local/lib/python3.12/site-packages/airflow/example_dags/example_display_name.py
[2026-06-19T16:58:37.243+0000] {processor.py:925} INFO - DAG(s) 'example_display_name' retrieved from /home/airflow/.local/lib/python3.12/site-packages/airflow/example_dags/example_display_name.py
[2026-06-19T16:58:37.277+0000] {logging_mixin.py:190} INFO - [2026-06-19T16:58:37.276+0000] {dag.py:3239} INFO - Sync 1 DAGs
[2026-06-19T16:58:37.308+0000] {logging_mixin.py:190} INFO - [2026-06-19T16:58:37.307+0000] {dag.py:4180} INFO - Setting next_dagrun for example_display_name to None, run_after=None
[2026-06-19T16:58:37.342+0000] {processor.py:208} INFO - Processing /home/airflow/.local/lib/python3.12/site-packages/airflow/example_dags/example_display_name.py took 0.141 seconds
[2026-06-19T16:59:07.927+0000] {processor.py:186} INFO - Started process (PID=2138) to work on /home/airflow/.local/lib/python3.12/site-packages/airflow/example_dags/example_display_name.py
[2026-06-19T16:59:07.930+0000] {processor.py:914} INFO - Processing file /home/airflow/.local/lib/python3.12/site-packages/airflow/example_dags/example_display_name.py for tasks to queue
[2026-06-19T16:59:07.934+0000] {logging_mixin.py:190} INFO - [2026-06-19T16:59:07.933+0000] {dagbag.py:588} INFO - Filling up the DagBag from /home/airflow/.local/lib/python3.12/site-packages/airflow/example_dags/example_display_name.py
[2026-06-19T16:59:07.943+0000] {processor.py:925} INFO - DAG(s) 'example_display_name' retrieved from /home/airflow/.local/lib/python3.12/site-packages/airflow/example_dags/example_display_name.py
[2026-06-19T16:59:07.967+0000] {logging_mixin.py:190} INFO - [2026-06-19T16:59:07.966+0000] {dag.py:3239} INFO - Sync 1 DAGs
[2026-06-19T16:59:07.990+0000] {logging_mixin.py:190} INFO - [2026-06-19T16:59:07.990+0000] {dag.py:4180} INFO - Setting next_dagrun for example_display_name to None, run_after=None
[2026-06-19T16:59:08.014+0000] {processor.py:208} INFO - Processing /home/airflow/.local/lib/python3.12/site-packages/airflow/example_dags/example_display_name.py took 0.094 seconds
[2026-06-19T16:59:38.233+0000] {processor.py:186} INFO - Started process (PID=2202) to work on /home/airflow/.local/lib/python3.12/site-packages/airflow/example_dags/example_display_name.py
[2026-06-19T16:59:38.247+0000] {processor.py:914} INFO - Processing file /home/airflow/.local/lib/python3.12/site-packages/airflow/example_dags/example_display_name.py for tasks to queue
[2026-06-19T16:59:38.259+0000] {logging_mixin.py:190} INFO - [2026-06-19T16:59:38.257+0000] {dagbag.py:588} INFO - Filling up the DagBag from /home/airflow/.local/lib/python3.12/site-packages/airflow/example_dags/example_display_name.py
[2026-06-19T16:59:38.292+0000] {processor.py:925} INFO - DAG(s) 'example_display_name' retrieved from /home/airflow/.local/lib/python3.12/site-packages/airflow/example_dags/example_display_name.py
[2026-06-19T16:59:38.363+0000] {logging_mixin.py:190} INFO - [2026-06-19T16:59:38.363+0000] {dag.py:3239} INFO - Sync 1 DAGs
[2026-06-19T16:59:38.425+0000] {logging_mixin.py:190} INFO - [2026-06-19T16:59:38.425+0000] {dag.py:4180} INFO - Setting next_dagrun for example_display_name to None, run_after=None
[2026-06-19T16:59:38.486+0000] {processor.py:208} INFO - Processing /home/airflow/.local/lib/python3.12/site-packages/airflow/example_dags/example_display_name.py took 0.274 seconds
[2026-06-19T17:00:09.286+0000] {processor.py:186} INFO - Started process (PID=2266) to work on /home/airflow/.local/lib/python3.12/site-packages/airflow/example_dags/example_display_name.py
[2026-06-19T17:00:09.290+0000] {processor.py:914} INFO - Processing file /home/airflow/.local/lib/python3.12/site-packages/airflow/example_dags/example_display_name.py for tasks to queue
[2026-06-19T17:00:09.298+0000] {logging_mixin.py:190} INFO - [2026-06-19T17:00:09.297+0000] {dagbag.py:588} INFO - Filling up the DagBag from /home/airflow/.local/lib/python3.12/site-packages/airflow/example_dags/example_display_name.py
[2026-06-19T17:00:09.318+0000] {processor.py:925} INFO - DAG(s) 'example_display_name' retrieved from /home/airflow/.local/lib/python3.12/site-packages/airflow/example_dags/example_display_name.py
[2026-06-19T17:00:09.351+0000] {logging_mixin.py:190} INFO - [2026-06-19T17:00:09.351+0000] {dag.py:3239} INFO - Sync 1 DAGs
[2026-06-19T17:00:09.381+0000] {logging_mixin.py:190} INFO - [2026-06-19T17:00:09.381+0000] {dag.py:4180} INFO - Setting next_dagrun for example_display_name to None, run_after=None
[2026-06-19T17:00:09.415+0000] {processor.py:208} INFO - Processing /home/airflow/.local/lib/python3.12/site-packages/airflow/example_dags/example_display_name.py took 0.138 seconds
[2026-06-19T17:00:39.988+0000] {processor.py:186} INFO - Started process (PID=2330) to work on /home/airflow/.local/lib/python3.12/site-packages/airflow/example_dags/example_display_name.py
[2026-06-19T17:00:39.993+0000] {processor.py:914} INFO - Processing file /home/airflow/.local/lib/python3.12/site-packages/airflow/example_dags/example_display_name.py for tasks to queue
[2026-06-19T17:00:40.000+0000] {logging_mixin.py:190} INFO - [2026-06-19T17:00:40.000+0000] {dagbag.py:588} INFO - Filling up the DagBag from /home/airflow/.local/lib/python3.12/site-packages/airflow/example_dags/example_display_name.py
[2026-06-19T17:00:40.031+0000] {processor.py:925} INFO - DAG(s) 'example_display_name' retrieved from /home/airflow/.local/lib/python3.12/site-packages/airflow/example_dags/example_display_name.py
[2026-06-19T17:00:40.067+0000] {logging_mixin.py:190} INFO - [2026-06-19T17:00:40.066+0000] {dag.py:3239} INFO - Sync 1 DAGs
[2026-06-19T17:00:40.102+0000] {logging_mixin.py:190} INFO - [2026-06-19T17:00:40.101+0000] {dag.py:4180} INFO - Setting next_dagrun for example_display_name to None, run_after=None
[2026-06-19T17:00:40.151+0000] {processor.py:208} INFO - Processing /home/airflow/.local/lib/python3.12/site-packages/airflow/example_dags/example_display_name.py took 0.178 seconds
[2026-06-19T17:01:10.305+0000] {processor.py:186} INFO - Started process (PID=2393) to work on /home/airflow/.local/lib/python3.12/site-packages/airflow/example_dags/example_display_name.py
[2026-06-19T17:01:10.308+0000] {processor.py:914} INFO - Processing file /home/airflow/.local/lib/python3.12/site-packages/airflow/example_dags/example_display_name.py for tasks to queue
[2026-06-19T17:01:10.316+0000] {logging_mixin.py:190} INFO - [2026-06-19T17:01:10.315+0000] {dagbag.py:588} INFO - Filling up the DagBag from /home/airflow/.local/lib/python3.12/site-packages/airflow/example_dags/example_display_name.py
[2026-06-19T17:01:10.336+0000] {processor.py:925} INFO - DAG(s) 'example_display_name' retrieved from /home/airflow/.local/lib/python3.12/site-packages/airflow/example_dags/example_display_name.py
[2026-06-19T17:01:10.374+0000] {logging_mixin.py:190} INFO - [2026-06-19T17:01:10.373+0000] {dag.py:3239} INFO - Sync 1 DAGs
[2026-06-19T17:01:10.405+0000] {logging_mixin.py:190} INFO - [2026-06-19T17:01:10.404+0000] {dag.py:4180} INFO - Setting next_dagrun for example_display_name to None, run_after=None
[2026-06-19T17:01:10.436+0000] {processor.py:208} INFO - Processing /home/airflow/.local/lib/python3.12/site-packages/airflow/example_dags/example_display_name.py took 0.142 seconds
[2026-06-19T17:01:41.099+0000] {processor.py:186} INFO - Started process (PID=2457) to work on /home/airflow/.local/lib/python3.12/site-packages/airflow/example_dags/example_display_name.py
[2026-06-19T17:01:41.104+0000] {processor.py:914} INFO - Processing file /home/airflow/.local/lib/python3.12/site-packages/airflow/example_dags/example_display_name.py for tasks to queue
[2026-06-19T17:01:41.112+0000] {logging_mixin.py:190} INFO - [2026-06-19T17:01:41.111+0000] {dagbag.py:588} INFO - Filling up the DagBag from /home/airflow/.local/lib/python3.12/site-packages/airflow/example_dags/example_display_name.py
[2026-06-19T17:01:41.134+0000] {processor.py:925} INFO - DAG(s) 'example_display_name' retrieved from /home/airflow/.local/lib/python3.12/site-packages/airflow/example_dags/example_display_name.py
[2026-06-19T17:01:41.188+0000] {logging_mixin.py:190} INFO - [2026-06-19T17:01:41.187+0000] {dag.py:3239} INFO - Sync 1 DAGs
[2026-06-19T17:01:41.224+0000] {logging_mixin.py:190} INFO - [2026-06-19T17:01:41.223+0000] {dag.py:4180} INFO - Setting next_dagrun for example_display_name to None, run_after=None
[2026-06-19T17:01:41.274+0000] {processor.py:208} INFO - Processing /home/airflow/.local/lib/python3.12/site-packages/airflow/example_dags/example_display_name.py took 0.191 seconds
[2026-06-19T17:02:11.752+0000] {processor.py:186} INFO - Started process (PID=2520) to work on /home/airflow/.local/lib/python3.12/site-packages/airflow/example_dags/example_display_name.py
[2026-06-19T17:02:11.756+0000] {processor.py:914} INFO - Processing file /home/airflow/.local/lib/python3.12/site-packages/airflow/example_dags/example_display_name.py for tasks to queue
[2026-06-19T17:02:11.763+0000] {logging_mixin.py:190} INFO - [2026-06-19T17:02:11.762+0000] {dagbag.py:588} INFO - Filling up the DagBag from /home/airflow/.local/lib/python3.12/site-packages/airflow/example_dags/example_display_name.py
[2026-06-19T17:02:11.785+0000] {processor.py:925} INFO - DAG(s) 'example_display_name' retrieved from /home/airflow/.local/lib/python3.12/site-packages/airflow/example_dags/example_display_name.py
[2026-06-19T17:02:11.837+0000] {logging_mixin.py:190} INFO - [2026-06-19T17:02:11.836+0000] {dag.py:3239} INFO - Sync 1 DAGs
[2026-06-19T17:02:11.873+0000] {logging_mixin.py:190} INFO - [2026-06-19T17:02:11.872+0000] {dag.py:4180} INFO - Setting next_dagrun for example_display_name to None, run_after=None
[2026-06-19T17:02:11.926+0000] {processor.py:208} INFO - Processing /home/airflow/.local/lib/python3.12/site-packages/airflow/example_dags/example_display_name.py took 0.187 seconds
[2026-06-19T17:02:42.230+0000] {processor.py:186} INFO - Started process (PID=2583) to work on /home/airflow/.local/lib/python3.12/site-packages/airflow/example_dags/example_display_name.py
[2026-06-19T17:02:42.235+0000] {processor.py:914} INFO - Processing file /home/airflow/.local/lib/python3.12/site-packages/airflow/example_dags/example_display_name.py for tasks to queue
[2026-06-19T17:02:42.244+0000] {logging_mixin.py:190} INFO - [2026-06-19T17:02:42.243+0000] {dagbag.py:588} INFO - Filling up the DagBag from /home/airflow/.local/lib/python3.12/site-packages/airflow/example_dags/example_display_name.py
[2026-06-19T17:02:42.277+0000] {processor.py:925} INFO - DAG(s) 'example_display_name' retrieved from /home/airflow/.local/lib/python3.12/site-packages/airflow/example_dags/example_display_name.py
[2026-06-19T17:02:42.347+0000] {logging_mixin.py:190} INFO - [2026-06-19T17:02:42.346+0000] {dag.py:3239} INFO - Sync 1 DAGs
[2026-06-19T17:02:42.411+0000] {logging_mixin.py:190} INFO - [2026-06-19T17:02:42.410+0000] {dag.py:4180} INFO - Setting next_dagrun for example_display_name to None, run_after=None
[2026-06-19T17:02:42.468+0000] {processor.py:208} INFO - Processing /home/airflow/.local/lib/python3.12/site-packages/airflow/example_dags/example_display_name.py took 0.253 seconds
[2026-06-19T17:04:33.890+0000] {processor.py:186} INFO - Started process (PID=114) to work on /home/airflow/.local/lib/python3.12/site-packages/airflow/example_dags/example_display_name.py
[2026-06-19T17:04:33.894+0000] {processor.py:914} INFO - Processing file /home/airflow/.local/lib/python3.12/site-packages/airflow/example_dags/example_display_name.py for tasks to queue
[2026-06-19T17:04:33.902+0000] {logging_mixin.py:190} INFO - [2026-06-19T17:04:33.901+0000] {dagbag.py:588} INFO - Filling up the DagBag from /home/airflow/.local/lib/python3.12/site-packages/airflow/example_dags/example_display_name.py
[2026-06-19T17:04:33.927+0000] {processor.py:925} INFO - DAG(s) 'example_display_name' retrieved from /home/airflow/.local/lib/python3.12/site-packages/airflow/example_dags/example_display_name.py
[2026-06-19T17:04:33.973+0000] {logging_mixin.py:190} INFO - [2026-06-19T17:04:33.973+0000] {dag.py:3239} INFO - Sync 1 DAGs
[2026-06-19T17:04:34.012+0000] {logging_mixin.py:190} INFO - [2026-06-19T17:04:34.011+0000] {dag.py:4180} INFO - Setting next_dagrun for example_display_name to None, run_after=None
[2026-06-19T17:04:34.049+0000] {processor.py:208} INFO - Processing /home/airflow/.local/lib/python3.12/site-packages/airflow/example_dags/example_display_name.py took 0.171 seconds
[2026-06-19T17:05:06.420+0000] {processor.py:186} INFO - Started process (PID=184) to work on /home/airflow/.local/lib/python3.12/site-packages/airflow/example_dags/example_display_name.py
[2026-06-19T17:05:06.425+0000] {processor.py:914} INFO - Processing file /home/airflow/.local/lib/python3.12/site-packages/airflow/example_dags/example_display_name.py for tasks to queue
[2026-06-19T17:05:06.438+0000] {logging_mixin.py:190} INFO - [2026-06-19T17:05:06.437+0000] {dagbag.py:588} INFO - Filling up the DagBag from /home/airflow/.local/lib/python3.12/site-packages/airflow/example_dags/example_display_name.py
[2026-06-19T17:05:06.478+0000] {processor.py:925} INFO - DAG(s) 'example_display_name' retrieved from /home/airflow/.local/lib/python3.12/site-packages/airflow/example_dags/example_display_name.py
[2026-06-19T17:05:06.535+0000] {logging_mixin.py:190} INFO - [2026-06-19T17:05:06.535+0000] {dag.py:3239} INFO - Sync 1 DAGs
[2026-06-19T17:05:06.580+0000] {logging_mixin.py:190} INFO - [2026-06-19T17:05:06.580+0000] {dag.py:4180} INFO - Setting next_dagrun for example_display_name to None, run_after=None
[2026-06-19T17:05:06.625+0000] {processor.py:208} INFO - Processing /home/airflow/.local/lib/python3.12/site-packages/airflow/example_dags/example_display_name.py took 0.229 seconds
[2026-06-19T17:05:38.574+0000] {processor.py:186} INFO - Started process (PID=248) to work on /home/airflow/.local/lib/python3.12/site-packages/airflow/example_dags/example_display_name.py
[2026-06-19T17:05:38.582+0000] {processor.py:914} INFO - Processing file /home/airflow/.local/lib/python3.12/site-packages/airflow/example_dags/example_display_name.py for tasks to queue
[2026-06-19T17:05:38.590+0000] {logging_mixin.py:190} INFO - [2026-06-19T17:05:38.588+0000] {dagbag.py:588} INFO - Filling up the DagBag from /home/airflow/.local/lib/python3.12/site-packages/airflow/example_dags/example_display_name.py
[2026-06-19T17:05:38.624+0000] {processor.py:925} INFO - DAG(s) 'example_display_name' retrieved from /home/airflow/.local/lib/python3.12/site-packages/airflow/example_dags/example_display_name.py
[2026-06-19T17:05:38.711+0000] {logging_mixin.py:190} INFO - [2026-06-19T17:05:38.711+0000] {dag.py:3239} INFO - Sync 1 DAGs
[2026-06-19T17:05:38.885+0000] {logging_mixin.py:190} INFO - [2026-06-19T17:05:38.884+0000] {dag.py:4180} INFO - Setting next_dagrun for example_display_name to None, run_after=None
[2026-06-19T17:05:38.947+0000] {processor.py:208} INFO - Processing /home/airflow/.local/lib/python3.12/site-packages/airflow/example_dags/example_display_name.py took 0.397 seconds
[2026-06-19T17:06:14.446+0000] {processor.py:186} INFO - Started process (PID=312) to work on /home/airflow/.local/lib/python3.12/site-packages/airflow/example_dags/example_display_name.py
[2026-06-19T17:06:14.482+0000] {processor.py:914} INFO - Processing file /home/airflow/.local/lib/python3.12/site-packages/airflow/example_dags/example_display_name.py for tasks to queue
[2026-06-19T17:06:14.498+0000] {logging_mixin.py:190} INFO - [2026-06-19T17:06:14.497+0000] {dagbag.py:588} INFO - Filling up the DagBag from /home/airflow/.local/lib/python3.12/site-packages/airflow/example_dags/example_display_name.py
[2026-06-19T17:06:14.545+0000] {processor.py:925} INFO - DAG(s) 'example_display_name' retrieved from /home/airflow/.local/lib/python3.12/site-packages/airflow/example_dags/example_display_name.py
[2026-06-19T17:06:14.689+0000] {logging_mixin.py:190} INFO - [2026-06-19T17:06:14.688+0000] {dag.py:3239} INFO - Sync 1 DAGs
[2026-06-19T17:06:14.832+0000] {logging_mixin.py:190} INFO - [2026-06-19T17:06:14.831+0000] {dag.py:4180} INFO - Setting next_dagrun for example_display_name to None, run_after=None
[2026-06-19T17:06:14.964+0000] {processor.py:208} INFO - Processing /home/airflow/.local/lib/python3.12/site-packages/airflow/example_dags/example_display_name.py took 0.553 seconds
[2026-06-19T17:08:11.040+0000] {processor.py:186} INFO - Started process (PID=120) to work on /home/airflow/.local/lib/python3.12/site-packages/airflow/example_dags/example_display_name.py
[2026-06-19T17:08:11.054+0000] {processor.py:914} INFO - Processing file /home/airflow/.local/lib/python3.12/site-packages/airflow/example_dags/example_display_name.py for tasks to queue
[2026-06-19T17:08:11.066+0000] {logging_mixin.py:190} INFO - [2026-06-19T17:08:11.065+0000] {dagbag.py:588} INFO - Filling up the DagBag from /home/airflow/.local/lib/python3.12/site-packages/airflow/example_dags/example_display_name.py
[2026-06-19T17:08:11.109+0000] {processor.py:925} INFO - DAG(s) 'example_display_name' retrieved from /home/airflow/.local/lib/python3.12/site-packages/airflow/example_dags/example_display_name.py
[2026-06-19T17:08:11.177+0000] {logging_mixin.py:190} INFO - [2026-06-19T17:08:11.177+0000] {dag.py:3239} INFO - Sync 1 DAGs
[2026-06-19T17:08:11.237+0000] {logging_mixin.py:190} INFO - [2026-06-19T17:08:11.237+0000] {dag.py:4180} INFO - Setting next_dagrun for example_display_name to None, run_after=None
[2026-06-19T17:08:11.321+0000] {processor.py:208} INFO - Processing /home/airflow/.local/lib/python3.12/site-packages/airflow/example_dags/example_display_name.py took 0.321 seconds
[2026-06-19T17:08:42.418+0000] {processor.py:186} INFO - Started process (PID=184) to work on /home/airflow/.local/lib/python3.12/site-packages/airflow/example_dags/example_display_name.py
[2026-06-19T17:08:42.426+0000] {processor.py:914} INFO - Processing file /home/airflow/.local/lib/python3.12/site-packages/airflow/example_dags/example_display_name.py for tasks to queue
[2026-06-19T17:08:42.440+0000] {logging_mixin.py:190} INFO - [2026-06-19T17:08:42.438+0000] {dagbag.py:588} INFO - Filling up the DagBag from /home/airflow/.local/lib/python3.12/site-packages/airflow/example_dags/example_display_name.py
[2026-06-19T17:08:42.463+0000] {processor.py:925} INFO - DAG(s) 'example_display_name' retrieved from /home/airflow/.local/lib/python3.12/site-packages/airflow/example_dags/example_display_name.py
[2026-06-19T17:08:42.502+0000] {logging_mixin.py:190} INFO - [2026-06-19T17:08:42.502+0000] {dag.py:3239} INFO - Sync 1 DAGs
[2026-06-19T17:08:42.532+0000] {logging_mixin.py:190} INFO - [2026-06-19T17:08:42.531+0000] {dag.py:4180} INFO - Setting next_dagrun for example_display_name to None, run_after=None
[2026-06-19T17:08:42.559+0000] {processor.py:208} INFO - Processing /home/airflow/.local/lib/python3.12/site-packages/airflow/example_dags/example_display_name.py took 0.161 seconds
[2026-06-19T17:09:12.705+0000] {processor.py:186} INFO - Started process (PID=247) to work on /home/airflow/.local/lib/python3.12/site-packages/airflow/example_dags/example_display_name.py
[2026-06-19T17:09:12.709+0000] {processor.py:914} INFO - Processing file /home/airflow/.local/lib/python3.12/site-packages/airflow/example_dags/example_display_name.py for tasks to queue
[2026-06-19T17:09:12.714+0000] {logging_mixin.py:190} INFO - [2026-06-19T17:09:12.713+0000] {dagbag.py:588} INFO - Filling up the DagBag from /home/airflow/.local/lib/python3.12/site-packages/airflow/example_dags/example_display_name.py
[2026-06-19T17:09:12.729+0000] {processor.py:925} INFO - DAG(s) 'example_display_name' retrieved from /home/airflow/.local/lib/python3.12/site-packages/airflow/example_dags/example_display_name.py
[2026-06-19T17:09:12.762+0000] {logging_mixin.py:190} INFO - [2026-06-19T17:09:12.761+0000] {dag.py:3239} INFO - Sync 1 DAGs
[2026-06-19T17:09:12.783+0000] {logging_mixin.py:190} INFO - [2026-06-19T17:09:12.782+0000] {dag.py:4180} INFO - Setting next_dagrun for example_display_name to None, run_after=None
[2026-06-19T17:09:12.808+0000] {processor.py:208} INFO - Processing /home/airflow/.local/lib/python3.12/site-packages/airflow/example_dags/example_display_name.py took 0.113 seconds
[2026-06-19T17:09:43.434+0000] {processor.py:186} INFO - Started process (PID=311) to work on /home/airflow/.local/lib/python3.12/site-packages/airflow/example_dags/example_display_name.py
[2026-06-19T17:09:43.438+0000] {processor.py:914} INFO - Processing file /home/airflow/.local/lib/python3.12/site-packages/airflow/example_dags/example_display_name.py for tasks to queue
[2026-06-19T17:09:43.444+0000] {logging_mixin.py:190} INFO - [2026-06-19T17:09:43.443+0000] {dagbag.py:588} INFO - Filling up the DagBag from /home/airflow/.local/lib/python3.12/site-packages/airflow/example_dags/example_display_name.py
[2026-06-19T17:09:43.458+0000] {processor.py:925} INFO - DAG(s) 'example_display_name' retrieved from /home/airflow/.local/lib/python3.12/site-packages/airflow/example_dags/example_display_name.py
[2026-06-19T17:09:43.494+0000] {logging_mixin.py:190} INFO - [2026-06-19T17:09:43.493+0000] {dag.py:3239} INFO - Sync 1 DAGs
[2026-06-19T17:09:43.514+0000] {logging_mixin.py:190} INFO - [2026-06-19T17:09:43.514+0000] {dag.py:4180} INFO - Setting next_dagrun for example_display_name to None, run_after=None
[2026-06-19T17:09:43.545+0000] {processor.py:208} INFO - Processing /home/airflow/.local/lib/python3.12/site-packages/airflow/example_dags/example_display_name.py took 0.120 seconds
[2026-06-19T17:10:20.817+0000] {processor.py:186} INFO - Started process (PID=377) to work on /home/airflow/.local/lib/python3.12/site-packages/airflow/example_dags/example_display_name.py
[2026-06-19T17:10:20.820+0000] {processor.py:914} INFO - Processing file /home/airflow/.local/lib/python3.12/site-packages/airflow/example_dags/example_display_name.py for tasks to queue
[2026-06-19T17:10:20.826+0000] {logging_mixin.py:190} INFO - [2026-06-19T17:10:20.826+0000] {dagbag.py:588} INFO - Filling up the DagBag from /home/airflow/.local/lib/python3.12/site-packages/airflow/example_dags/example_display_name.py
[2026-06-19T17:10:20.845+0000] {processor.py:925} INFO - DAG(s) 'example_display_name' retrieved from /home/airflow/.local/lib/python3.12/site-packages/airflow/example_dags/example_display_name.py
[2026-06-19T17:10:20.882+0000] {logging_mixin.py:190} INFO - [2026-06-19T17:10:20.881+0000] {dag.py:3239} INFO - Sync 1 DAGs
[2026-06-19T17:10:20.911+0000] {logging_mixin.py:190} INFO - [2026-06-19T17:10:20.910+0000] {dag.py:4180} INFO - Setting next_dagrun for example_display_name to None, run_after=None
[2026-06-19T17:10:20.942+0000] {processor.py:208} INFO - Processing /home/airflow/.local/lib/python3.12/site-packages/airflow/example_dags/example_display_name.py took 0.136 seconds
[2026-06-19T17:10:52.668+0000] {processor.py:186} INFO - Started process (PID=441) to work on /home/airflow/.local/lib/python3.12/site-packages/airflow/example_dags/example_display_name.py
[2026-06-19T17:10:52.673+0000] {processor.py:914} INFO - Processing file /home/airflow/.local/lib/python3.12/site-packages/airflow/example_dags/example_display_name.py for tasks to queue
[2026-06-19T17:10:52.680+0000] {logging_mixin.py:190} INFO - [2026-06-19T17:10:52.680+0000] {dagbag.py:588} INFO - Filling up the DagBag from /home/airflow/.local/lib/python3.12/site-packages/airflow/example_dags/example_display_name.py
[2026-06-19T17:10:52.697+0000] {processor.py:925} INFO - DAG(s) 'example_display_name' retrieved from /home/airflow/.local/lib/python3.12/site-packages/airflow/example_dags/example_display_name.py
[2026-06-19T17:10:52.733+0000] {logging_mixin.py:190} INFO - [2026-06-19T17:10:52.733+0000] {dag.py:3239} INFO - Sync 1 DAGs
[2026-06-19T17:10:52.759+0000] {logging_mixin.py:190} INFO - [2026-06-19T17:10:52.759+0000] {dag.py:4180} INFO - Setting next_dagrun for example_display_name to None, run_after=None
[2026-06-19T17:10:52.788+0000] {processor.py:208} INFO - Processing /home/airflow/.local/lib/python3.12/site-packages/airflow/example_dags/example_display_name.py took 0.133 seconds
[2026-06-19T17:11:25.155+0000] {processor.py:186} INFO - Started process (PID=505) to work on /home/airflow/.local/lib/python3.12/site-packages/airflow/example_dags/example_display_name.py
[2026-06-19T17:11:25.161+0000] {processor.py:914} INFO - Processing file /home/airflow/.local/lib/python3.12/site-packages/airflow/example_dags/example_display_name.py for tasks to queue
[2026-06-19T17:11:25.175+0000] {logging_mixin.py:190} INFO - [2026-06-19T17:11:25.172+0000] {dagbag.py:588} INFO - Filling up the DagBag from /home/airflow/.local/lib/python3.12/site-packages/airflow/example_dags/example_display_name.py
[2026-06-19T17:11:25.211+0000] {processor.py:925} INFO - DAG(s) 'example_display_name' retrieved from /home/airflow/.local/lib/python3.12/site-packages/airflow/example_dags/example_display_name.py
[2026-06-19T17:11:25.331+0000] {logging_mixin.py:190} INFO - [2026-06-19T17:11:25.330+0000] {dag.py:3239} INFO - Sync 1 DAGs
[2026-06-19T17:11:25.417+0000] {logging_mixin.py:190} INFO - [2026-06-19T17:11:25.417+0000] {dag.py:4180} INFO - Setting next_dagrun for example_display_name to None, run_after=None
[2026-06-19T17:11:25.501+0000] {processor.py:208} INFO - Processing /home/airflow/.local/lib/python3.12/site-packages/airflow/example_dags/example_display_name.py took 0.371 seconds
[2026-06-19T17:11:56.019+0000] {processor.py:186} INFO - Started process (PID=569) to work on /home/airflow/.local/lib/python3.12/site-packages/airflow/example_dags/example_display_name.py
[2026-06-19T17:11:56.021+0000] {processor.py:914} INFO - Processing file /home/airflow/.local/lib/python3.12/site-packages/airflow/example_dags/example_display_name.py for tasks to queue
[2026-06-19T17:11:56.025+0000] {logging_mixin.py:190} INFO - [2026-06-19T17:11:56.024+0000] {dagbag.py:588} INFO - Filling up the DagBag from /home/airflow/.local/lib/python3.12/site-packages/airflow/example_dags/example_display_name.py
[2026-06-19T17:11:56.041+0000] {processor.py:925} INFO - DAG(s) 'example_display_name' retrieved from /home/airflow/.local/lib/python3.12/site-packages/airflow/example_dags/example_display_name.py
[2026-06-19T17:11:56.076+0000] {logging_mixin.py:190} INFO - [2026-06-19T17:11:56.075+0000] {dag.py:3239} INFO - Sync 1 DAGs
[2026-06-19T17:11:56.102+0000] {logging_mixin.py:190} INFO - [2026-06-19T17:11:56.102+0000] {dag.py:4180} INFO - Setting next_dagrun for example_display_name to None, run_after=None
[2026-06-19T17:11:56.137+0000] {processor.py:208} INFO - Processing /home/airflow/.local/lib/python3.12/site-packages/airflow/example_dags/example_display_name.py took 0.127 seconds
[2026-06-19T17:12:26.917+0000] {processor.py:186} INFO - Started process (PID=632) to work on /home/airflow/.local/lib/python3.12/site-packages/airflow/example_dags/example_display_name.py
[2026-06-19T17:12:26.921+0000] {processor.py:914} INFO - Processing file /home/airflow/.local/lib/python3.12/site-packages/airflow/example_dags/example_display_name.py for tasks to queue
[2026-06-19T17:12:26.927+0000] {logging_mixin.py:190} INFO - [2026-06-19T17:12:26.926+0000] {dagbag.py:588} INFO - Filling up the DagBag from /home/airflow/.local/lib/python3.12/site-packages/airflow/example_dags/example_display_name.py
[2026-06-19T17:12:26.945+0000] {processor.py:925} INFO - DAG(s) 'example_display_name' retrieved from /home/airflow/.local/lib/python3.12/site-packages/airflow/example_dags/example_display_name.py
[2026-06-19T17:12:26.978+0000] {logging_mixin.py:190} INFO - [2026-06-19T17:12:26.978+0000] {dag.py:3239} INFO - Sync 1 DAGs
[2026-06-19T17:12:27.000+0000] {logging_mixin.py:190} INFO - [2026-06-19T17:12:27.000+0000] {dag.py:4180} INFO - Setting next_dagrun for example_display_name to None, run_after=None
[2026-06-19T17:12:27.032+0000] {processor.py:208} INFO - Processing /home/airflow/.local/lib/python3.12/site-packages/airflow/example_dags/example_display_name.py took 0.127 seconds
[2026-06-19T17:12:57.117+0000] {processor.py:186} INFO - Started process (PID=695) to work on /home/airflow/.local/lib/python3.12/site-packages/airflow/example_dags/example_display_name.py
[2026-06-19T17:12:57.120+0000] {processor.py:914} INFO - Processing file /home/airflow/.local/lib/python3.12/site-packages/airflow/example_dags/example_display_name.py for tasks to queue
[2026-06-19T17:12:57.123+0000] {logging_mixin.py:190} INFO - [2026-06-19T17:12:57.123+0000] {dagbag.py:588} INFO - Filling up the DagBag from /home/airflow/.local/lib/python3.12/site-packages/airflow/example_dags/example_display_name.py
[2026-06-19T17:12:57.135+0000] {processor.py:925} INFO - DAG(s) 'example_display_name' retrieved from /home/airflow/.local/lib/python3.12/site-packages/airflow/example_dags/example_display_name.py
[2026-06-19T17:12:57.162+0000] {logging_mixin.py:190} INFO - [2026-06-19T17:12:57.162+0000] {dag.py:3239} INFO - Sync 1 DAGs
[2026-06-19T17:12:57.178+0000] {logging_mixin.py:190} INFO - [2026-06-19T17:12:57.178+0000] {dag.py:4180} INFO - Setting next_dagrun for example_display_name to None, run_after=None
[2026-06-19T17:12:57.199+0000] {processor.py:208} INFO - Processing /home/airflow/.local/lib/python3.12/site-packages/airflow/example_dags/example_display_name.py took 0.089 seconds
[2026-06-19T17:13:31.120+0000] {processor.py:186} INFO - Started process (PID=759) to work on /home/airflow/.local/lib/python3.12/site-packages/airflow/example_dags/example_display_name.py
[2026-06-19T17:13:31.125+0000] {processor.py:914} INFO - Processing file /home/airflow/.local/lib/python3.12/site-packages/airflow/example_dags/example_display_name.py for tasks to queue
[2026-06-19T17:13:31.134+0000] {logging_mixin.py:190} INFO - [2026-06-19T17:13:31.133+0000] {dagbag.py:588} INFO - Filling up the DagBag from /home/airflow/.local/lib/python3.12/site-packages/airflow/example_dags/example_display_name.py
[2026-06-19T17:13:31.179+0000] {processor.py:925} INFO - DAG(s) 'example_display_name' retrieved from /home/airflow/.local/lib/python3.12/site-packages/airflow/example_dags/example_display_name.py
[2026-06-19T17:13:31.292+0000] {logging_mixin.py:190} INFO - [2026-06-19T17:13:31.291+0000] {dag.py:3239} INFO - Sync 1 DAGs
[2026-06-19T17:13:31.399+0000] {logging_mixin.py:190} INFO - [2026-06-19T17:13:31.398+0000] {dag.py:4180} INFO - Setting next_dagrun for example_display_name to None, run_after=None
[2026-06-19T17:13:31.524+0000] {processor.py:208} INFO - Processing /home/airflow/.local/lib/python3.12/site-packages/airflow/example_dags/example_display_name.py took 0.421 seconds
[2026-06-19T17:14:06.039+0000] {processor.py:186} INFO - Started process (PID=823) to work on /home/airflow/.local/lib/python3.12/site-packages/airflow/example_dags/example_display_name.py
[2026-06-19T17:14:06.054+0000] {processor.py:914} INFO - Processing file /home/airflow/.local/lib/python3.12/site-packages/airflow/example_dags/example_display_name.py for tasks to queue
[2026-06-19T17:14:06.079+0000] {logging_mixin.py:190} INFO - [2026-06-19T17:14:06.077+0000] {dagbag.py:588} INFO - Filling up the DagBag from /home/airflow/.local/lib/python3.12/site-packages/airflow/example_dags/example_display_name.py
[2026-06-19T17:14:06.156+0000] {processor.py:925} INFO - DAG(s) 'example_display_name' retrieved from /home/airflow/.local/lib/python3.12/site-packages/airflow/example_dags/example_display_name.py
[2026-06-19T17:14:06.265+0000] {logging_mixin.py:190} INFO - [2026-06-19T17:14:06.264+0000] {dag.py:3239} INFO - Sync 1 DAGs
[2026-06-19T17:14:06.333+0000] {logging_mixin.py:190} INFO - [2026-06-19T17:14:06.332+0000] {dag.py:4180} INFO - Setting next_dagrun for example_display_name to None, run_after=None
[2026-06-19T17:14:06.491+0000] {processor.py:208} INFO - Processing /home/airflow/.local/lib/python3.12/site-packages/airflow/example_dags/example_display_name.py took 0.478 seconds
[2026-06-19T17:14:38.805+0000] {processor.py:186} INFO - Started process (PID=893) to work on /home/airflow/.local/lib/python3.12/site-packages/airflow/example_dags/example_display_name.py
[2026-06-19T17:14:38.818+0000] {processor.py:914} INFO - Processing file /home/airflow/.local/lib/python3.12/site-packages/airflow/example_dags/example_display_name.py for tasks to queue
[2026-06-19T17:14:38.838+0000] {logging_mixin.py:190} INFO - [2026-06-19T17:14:38.837+0000] {dagbag.py:588} INFO - Filling up the DagBag from /home/airflow/.local/lib/python3.12/site-packages/airflow/example_dags/example_display_name.py
[2026-06-19T17:14:38.903+0000] {processor.py:925} INFO - DAG(s) 'example_display_name' retrieved from /home/airflow/.local/lib/python3.12/site-packages/airflow/example_dags/example_display_name.py
[2026-06-19T17:14:39.020+0000] {logging_mixin.py:190} INFO - [2026-06-19T17:14:39.020+0000] {dag.py:3239} INFO - Sync 1 DAGs
[2026-06-19T17:14:39.137+0000] {logging_mixin.py:190} INFO - [2026-06-19T17:14:39.137+0000] {dag.py:4180} INFO - Setting next_dagrun for example_display_name to None, run_after=None
[2026-06-19T17:14:39.296+0000] {processor.py:208} INFO - Processing /home/airflow/.local/lib/python3.12/site-packages/airflow/example_dags/example_display_name.py took 0.509 seconds
[2026-06-19T17:15:09.625+0000] {processor.py:186} INFO - Started process (PID=956) to work on /home/airflow/.local/lib/python3.12/site-packages/airflow/example_dags/example_display_name.py
[2026-06-19T17:15:09.629+0000] {processor.py:914} INFO - Processing file /home/airflow/.local/lib/python3.12/site-packages/airflow/example_dags/example_display_name.py for tasks to queue
[2026-06-19T17:15:09.639+0000] {logging_mixin.py:190} INFO - [2026-06-19T17:15:09.638+0000] {dagbag.py:588} INFO - Filling up the DagBag from /home/airflow/.local/lib/python3.12/site-packages/airflow/example_dags/example_display_name.py
[2026-06-19T17:15:09.670+0000] {processor.py:925} INFO - DAG(s) 'example_display_name' retrieved from /home/airflow/.local/lib/python3.12/site-packages/airflow/example_dags/example_display_name.py
[2026-06-19T17:15:09.756+0000] {logging_mixin.py:190} INFO - [2026-06-19T17:15:09.756+0000] {dag.py:3239} INFO - Sync 1 DAGs
[2026-06-19T17:15:09.808+0000] {logging_mixin.py:190} INFO - [2026-06-19T17:15:09.807+0000] {dag.py:4180} INFO - Setting next_dagrun for example_display_name to None, run_after=None
[2026-06-19T17:15:09.852+0000] {processor.py:208} INFO - Processing /home/airflow/.local/lib/python3.12/site-packages/airflow/example_dags/example_display_name.py took 0.240 seconds
[2026-06-19T17:15:40.029+0000] {processor.py:186} INFO - Started process (PID=1019) to work on /home/airflow/.local/lib/python3.12/site-packages/airflow/example_dags/example_display_name.py
[2026-06-19T17:15:40.033+0000] {processor.py:914} INFO - Processing file /home/airflow/.local/lib/python3.12/site-packages/airflow/example_dags/example_display_name.py for tasks to queue
[2026-06-19T17:15:40.039+0000] {logging_mixin.py:190} INFO - [2026-06-19T17:15:40.038+0000] {dagbag.py:588} INFO - Filling up the DagBag from /home/airflow/.local/lib/python3.12/site-packages/airflow/example_dags/example_display_name.py
[2026-06-19T17:15:40.049+0000] {processor.py:925} INFO - DAG(s) 'example_display_name' retrieved from /home/airflow/.local/lib/python3.12/site-packages/airflow/example_dags/example_display_name.py
[2026-06-19T17:15:40.077+0000] {logging_mixin.py:190} INFO - [2026-06-19T17:15:40.077+0000] {dag.py:3239} INFO - Sync 1 DAGs
[2026-06-19T17:15:40.102+0000] {logging_mixin.py:190} INFO - [2026-06-19T17:15:40.102+0000] {dag.py:4180} INFO - Setting next_dagrun for example_display_name to None, run_after=None
[2026-06-19T17:15:40.128+0000] {processor.py:208} INFO - Processing /home/airflow/.local/lib/python3.12/site-packages/airflow/example_dags/example_display_name.py took 0.106 seconds
[2026-06-19T17:16:10.383+0000] {processor.py:186} INFO - Started process (PID=1084) to work on /home/airflow/.local/lib/python3.12/site-packages/airflow/example_dags/example_display_name.py
[2026-06-19T17:16:10.387+0000] {processor.py:914} INFO - Processing file /home/airflow/.local/lib/python3.12/site-packages/airflow/example_dags/example_display_name.py for tasks to queue
[2026-06-19T17:16:10.392+0000] {logging_mixin.py:190} INFO - [2026-06-19T17:16:10.391+0000] {dagbag.py:588} INFO - Filling up the DagBag from /home/airflow/.local/lib/python3.12/site-packages/airflow/example_dags/example_display_name.py
[2026-06-19T17:16:10.402+0000] {processor.py:925} INFO - DAG(s) 'example_display_name' retrieved from /home/airflow/.local/lib/python3.12/site-packages/airflow/example_dags/example_display_name.py
[2026-06-19T17:16:10.430+0000] {logging_mixin.py:190} INFO - [2026-06-19T17:16:10.430+0000] {dag.py:3239} INFO - Sync 1 DAGs
[2026-06-19T17:16:10.448+0000] {logging_mixin.py:190} INFO - [2026-06-19T17:16:10.448+0000] {dag.py:4180} INFO - Setting next_dagrun for example_display_name to None, run_after=None
[2026-06-19T17:16:10.472+0000] {processor.py:208} INFO - Processing /home/airflow/.local/lib/python3.12/site-packages/airflow/example_dags/example_display_name.py took 0.097 seconds
[2026-06-19T17:16:40.856+0000] {processor.py:186} INFO - Started process (PID=1148) to work on /home/airflow/.local/lib/python3.12/site-packages/airflow/example_dags/example_display_name.py
[2026-06-19T17:16:40.858+0000] {processor.py:914} INFO - Processing file /home/airflow/.local/lib/python3.12/site-packages/airflow/example_dags/example_display_name.py for tasks to queue
[2026-06-19T17:16:40.861+0000] {logging_mixin.py:190} INFO - [2026-06-19T17:16:40.861+0000] {dagbag.py:588} INFO - Filling up the DagBag from /home/airflow/.local/lib/python3.12/site-packages/airflow/example_dags/example_display_name.py
[2026-06-19T17:16:40.872+0000] {processor.py:925} INFO - DAG(s) 'example_display_name' retrieved from /home/airflow/.local/lib/python3.12/site-packages/airflow/example_dags/example_display_name.py
[2026-06-19T17:16:40.895+0000] {logging_mixin.py:190} INFO - [2026-06-19T17:16:40.895+0000] {dag.py:3239} INFO - Sync 1 DAGs
[2026-06-19T17:16:40.913+0000] {logging_mixin.py:190} INFO - [2026-06-19T17:16:40.913+0000] {dag.py:4180} INFO - Setting next_dagrun for example_display_name to None, run_after=None
[2026-06-19T17:16:40.934+0000] {processor.py:208} INFO - Processing /home/airflow/.local/lib/python3.12/site-packages/airflow/example_dags/example_display_name.py took 0.084 seconds
[2026-06-19T17:17:11.683+0000] {processor.py:186} INFO - Started process (PID=1212) to work on /home/airflow/.local/lib/python3.12/site-packages/airflow/example_dags/example_display_name.py
[2026-06-19T17:17:11.687+0000] {processor.py:914} INFO - Processing file /home/airflow/.local/lib/python3.12/site-packages/airflow/example_dags/example_display_name.py for tasks to queue
[2026-06-19T17:17:11.693+0000] {logging_mixin.py:190} INFO - [2026-06-19T17:17:11.692+0000] {dagbag.py:588} INFO - Filling up the DagBag from /home/airflow/.local/lib/python3.12/site-packages/airflow/example_dags/example_display_name.py
[2026-06-19T17:17:11.710+0000] {processor.py:925} INFO - DAG(s) 'example_display_name' retrieved from /home/airflow/.local/lib/python3.12/site-packages/airflow/example_dags/example_display_name.py
[2026-06-19T17:17:11.746+0000] {logging_mixin.py:190} INFO - [2026-06-19T17:17:11.745+0000] {dag.py:3239} INFO - Sync 1 DAGs
[2026-06-19T17:17:11.775+0000] {logging_mixin.py:190} INFO - [2026-06-19T17:17:11.774+0000] {dag.py:4180} INFO - Setting next_dagrun for example_display_name to None, run_after=None
[2026-06-19T17:17:11.809+0000] {processor.py:208} INFO - Processing /home/airflow/.local/lib/python3.12/site-packages/airflow/example_dags/example_display_name.py took 0.138 seconds
[2026-06-19T17:17:42.257+0000] {processor.py:186} INFO - Started process (PID=1276) to work on /home/airflow/.local/lib/python3.12/site-packages/airflow/example_dags/example_display_name.py
[2026-06-19T17:17:42.263+0000] {processor.py:914} INFO - Processing file /home/airflow/.local/lib/python3.12/site-packages/airflow/example_dags/example_display_name.py for tasks to queue
[2026-06-19T17:17:42.275+0000] {logging_mixin.py:190} INFO - [2026-06-19T17:17:42.274+0000] {dagbag.py:588} INFO - Filling up the DagBag from /home/airflow/.local/lib/python3.12/site-packages/airflow/example_dags/example_display_name.py
[2026-06-19T17:17:42.312+0000] {processor.py:925} INFO - DAG(s) 'example_display_name' retrieved from /home/airflow/.local/lib/python3.12/site-packages/airflow/example_dags/example_display_name.py
[2026-06-19T17:17:42.385+0000] {logging_mixin.py:190} INFO - [2026-06-19T17:17:42.384+0000] {dag.py:3239} INFO - Sync 1 DAGs
[2026-06-19T17:17:42.470+0000] {logging_mixin.py:190} INFO - [2026-06-19T17:17:42.470+0000] {dag.py:4180} INFO - Setting next_dagrun for example_display_name to None, run_after=None
[2026-06-19T17:17:42.541+0000] {processor.py:208} INFO - Processing /home/airflow/.local/lib/python3.12/site-packages/airflow/example_dags/example_display_name.py took 0.305 seconds
