[2026-06-19T16:38:53.657+0000] {processor.py:186} INFO - Started process (PID=117) to work on /home/airflow/.local/lib/python3.12/site-packages/airflow/example_dags/tutorial_taskflow_templates.py
[2026-06-19T16:38:53.660+0000] {processor.py:914} INFO - Processing file /home/airflow/.local/lib/python3.12/site-packages/airflow/example_dags/tutorial_taskflow_templates.py for tasks to queue
[2026-06-19T16:38:53.666+0000] {logging_mixin.py:190} INFO - [2026-06-19T16:38:53.666+0000] {dagbag.py:588} INFO - Filling up the DagBag from /home/airflow/.local/lib/python3.12/site-packages/airflow/example_dags/tutorial_taskflow_templates.py
[2026-06-19T16:38:53.696+0000] {processor.py:925} INFO - DAG(s) 'tutorial_taskflow_templates' retrieved from /home/airflow/.local/lib/python3.12/site-packages/airflow/example_dags/tutorial_taskflow_templates.py
[2026-06-19T16:38:53.739+0000] {logging_mixin.py:190} INFO - [2026-06-19T16:38:53.739+0000] {dag.py:3239} INFO - Sync 1 DAGs
[2026-06-19T16:38:53.785+0000] {logging_mixin.py:190} INFO - [2026-06-19T16:38:53.784+0000] {dag.py:4180} INFO - Setting next_dagrun for tutorial_taskflow_templates to 2026-06-18 00:00:00+00:00, run_after=2026-06-19 00:00:00+00:00
[2026-06-19T16:38:53.815+0000] {processor.py:208} INFO - Processing /home/airflow/.local/lib/python3.12/site-packages/airflow/example_dags/tutorial_taskflow_templates.py took 0.167 seconds
[2026-06-19T16:39:28.303+0000] {processor.py:186} INFO - Started process (PID=181) to work on /home/airflow/.local/lib/python3.12/site-packages/airflow/example_dags/tutorial_taskflow_templates.py
[2026-06-19T16:39:28.310+0000] {processor.py:914} INFO - Processing file /home/airflow/.local/lib/python3.12/site-packages/airflow/example_dags/tutorial_taskflow_templates.py for tasks to queue
[2026-06-19T16:39:28.324+0000] {logging_mixin.py:190} INFO - [2026-06-19T16:39:28.323+0000] {dagbag.py:588} INFO - Filling up the DagBag from /home/airflow/.local/lib/python3.12/site-packages/airflow/example_dags/tutorial_taskflow_templates.py
[2026-06-19T16:39:28.365+0000] {processor.py:925} INFO - DAG(s) 'tutorial_taskflow_templates' retrieved from /home/airflow/.local/lib/python3.12/site-packages/airflow/example_dags/tutorial_taskflow_templates.py
[2026-06-19T16:39:28.444+0000] {logging_mixin.py:190} INFO - [2026-06-19T16:39:28.444+0000] {dag.py:3239} INFO - Sync 1 DAGs
[2026-06-19T16:39:28.532+0000] {logging_mixin.py:190} INFO - [2026-06-19T16:39:28.531+0000] {dag.py:4180} INFO - Setting next_dagrun for tutorial_taskflow_templates to 2026-06-18 00:00:00+00:00, run_after=2026-06-19 00:00:00+00:00
[2026-06-19T16:39:28.583+0000] {processor.py:208} INFO - Processing /home/airflow/.local/lib/python3.12/site-packages/airflow/example_dags/tutorial_taskflow_templates.py took 0.307 seconds
[2026-06-19T16:39:59.531+0000] {processor.py:186} INFO - Started process (PID=245) to work on /home/airflow/.local/lib/python3.12/site-packages/airflow/example_dags/tutorial_taskflow_templates.py
[2026-06-19T16:39:59.536+0000] {processor.py:914} INFO - Processing file /home/airflow/.local/lib/python3.12/site-packages/airflow/example_dags/tutorial_taskflow_templates.py for tasks to queue
[2026-06-19T16:39:59.544+0000] {logging_mixin.py:190} INFO - [2026-06-19T16:39:59.543+0000] {dagbag.py:588} INFO - Filling up the DagBag from /home/airflow/.local/lib/python3.12/site-packages/airflow/example_dags/tutorial_taskflow_templates.py
[2026-06-19T16:39:59.573+0000] {processor.py:925} INFO - DAG(s) 'tutorial_taskflow_templates' retrieved from /home/airflow/.local/lib/python3.12/site-packages/airflow/example_dags/tutorial_taskflow_templates.py
[2026-06-19T16:39:59.617+0000] {logging_mixin.py:190} INFO - [2026-06-19T16:39:59.616+0000] {dag.py:3239} INFO - Sync 1 DAGs
[2026-06-19T16:39:59.688+0000] {logging_mixin.py:190} INFO - [2026-06-19T16:39:59.688+0000] {dag.py:4180} INFO - Setting next_dagrun for tutorial_taskflow_templates to 2026-06-18 00:00:00+00:00, run_after=2026-06-19 00:00:00+00:00
[2026-06-19T16:39:59.728+0000] {processor.py:208} INFO - Processing /home/airflow/.local/lib/python3.12/site-packages/airflow/example_dags/tutorial_taskflow_templates.py took 0.214 seconds
[2026-06-19T16:42:23.730+0000] {processor.py:186} INFO - Started process (PID=128) to work on /home/airflow/.local/lib/python3.12/site-packages/airflow/example_dags/tutorial_taskflow_templates.py
[2026-06-19T16:42:23.736+0000] {processor.py:914} INFO - Processing file /home/airflow/.local/lib/python3.12/site-packages/airflow/example_dags/tutorial_taskflow_templates.py for tasks to queue
[2026-06-19T16:42:23.746+0000] {logging_mixin.py:190} INFO - [2026-06-19T16:42:23.745+0000] {dagbag.py:588} INFO - Filling up the DagBag from /home/airflow/.local/lib/python3.12/site-packages/airflow/example_dags/tutorial_taskflow_templates.py
[2026-06-19T16:42:23.819+0000] {processor.py:925} INFO - DAG(s) 'tutorial_taskflow_templates' retrieved from /home/airflow/.local/lib/python3.12/site-packages/airflow/example_dags/tutorial_taskflow_templates.py
[2026-06-19T16:42:23.967+0000] {logging_mixin.py:190} INFO - [2026-06-19T16:42:23.966+0000] {dag.py:3239} INFO - Sync 1 DAGs
[2026-06-19T16:42:24.137+0000] {logging_mixin.py:190} INFO - [2026-06-19T16:42:24.136+0000] {dag.py:4180} INFO - Setting next_dagrun for tutorial_taskflow_templates to 2026-06-18 00:00:00+00:00, run_after=2026-06-19 00:00:00+00:00
[2026-06-19T16:42:24.235+0000] {processor.py:208} INFO - Processing /home/airflow/.local/lib/python3.12/site-packages/airflow/example_dags/tutorial_taskflow_templates.py took 0.524 seconds
[2026-06-19T16:43:28.246+0000] {processor.py:186} INFO - Started process (PID=222) to work on /home/airflow/.local/lib/python3.12/site-packages/airflow/example_dags/tutorial_taskflow_templates.py
[2026-06-19T16:43:28.251+0000] {processor.py:914} INFO - Processing file /home/airflow/.local/lib/python3.12/site-packages/airflow/example_dags/tutorial_taskflow_templates.py for tasks to queue
[2026-06-19T16:43:28.291+0000] {logging_mixin.py:190} INFO - [2026-06-19T16:43:28.289+0000] {dagbag.py:588} INFO - Filling up the DagBag from /home/airflow/.local/lib/python3.12/site-packages/airflow/example_dags/tutorial_taskflow_templates.py
[2026-06-19T16:43:28.420+0000] {processor.py:925} INFO - DAG(s) 'tutorial_taskflow_templates' retrieved from /home/airflow/.local/lib/python3.12/site-packages/airflow/example_dags/tutorial_taskflow_templates.py
[2026-06-19T16:43:28.562+0000] {logging_mixin.py:190} INFO - [2026-06-19T16:43:28.561+0000] {dag.py:3239} INFO - Sync 1 DAGs
[2026-06-19T16:43:28.748+0000] {logging_mixin.py:190} INFO - [2026-06-19T16:43:28.747+0000] {dag.py:4180} INFO - Setting next_dagrun for tutorial_taskflow_templates to 2026-06-18 00:00:00+00:00, run_after=2026-06-19 00:00:00+00:00
[2026-06-19T16:43:28.852+0000] {processor.py:208} INFO - Processing /home/airflow/.local/lib/python3.12/site-packages/airflow/example_dags/tutorial_taskflow_templates.py took 0.673 seconds
[2026-06-19T16:44:13.832+0000] {processor.py:186} INFO - Started process (PID=293) to work on /home/airflow/.local/lib/python3.12/site-packages/airflow/example_dags/tutorial_taskflow_templates.py
[2026-06-19T16:44:13.856+0000] {processor.py:914} INFO - Processing file /home/airflow/.local/lib/python3.12/site-packages/airflow/example_dags/tutorial_taskflow_templates.py for tasks to queue
[2026-06-19T16:44:13.879+0000] {logging_mixin.py:190} INFO - [2026-06-19T16:44:13.878+0000] {dagbag.py:588} INFO - Filling up the DagBag from /home/airflow/.local/lib/python3.12/site-packages/airflow/example_dags/tutorial_taskflow_templates.py
[2026-06-19T16:44:14.037+0000] {processor.py:925} INFO - DAG(s) 'tutorial_taskflow_templates' retrieved from /home/airflow/.local/lib/python3.12/site-packages/airflow/example_dags/tutorial_taskflow_templates.py
[2026-06-19T16:44:14.211+0000] {logging_mixin.py:190} INFO - [2026-06-19T16:44:14.206+0000] {dag.py:3239} INFO - Sync 1 DAGs
[2026-06-19T16:44:14.495+0000] {logging_mixin.py:190} INFO - [2026-06-19T16:44:14.494+0000] {dag.py:4180} INFO - Setting next_dagrun for tutorial_taskflow_templates to 2026-06-18 00:00:00+00:00, run_after=2026-06-19 00:00:00+00:00
[2026-06-19T16:44:14.698+0000] {processor.py:208} INFO - Processing /home/airflow/.local/lib/python3.12/site-packages/airflow/example_dags/tutorial_taskflow_templates.py took 0.920 seconds
[2026-06-19T16:44:45.434+0000] {processor.py:186} INFO - Started process (PID=356) to work on /home/airflow/.local/lib/python3.12/site-packages/airflow/example_dags/tutorial_taskflow_templates.py
[2026-06-19T16:44:45.448+0000] {processor.py:914} INFO - Processing file /home/airflow/.local/lib/python3.12/site-packages/airflow/example_dags/tutorial_taskflow_templates.py for tasks to queue
[2026-06-19T16:44:45.467+0000] {logging_mixin.py:190} INFO - [2026-06-19T16:44:45.466+0000] {dagbag.py:588} INFO - Filling up the DagBag from /home/airflow/.local/lib/python3.12/site-packages/airflow/example_dags/tutorial_taskflow_templates.py
[2026-06-19T16:44:45.542+0000] {processor.py:925} INFO - DAG(s) 'tutorial_taskflow_templates' retrieved from /home/airflow/.local/lib/python3.12/site-packages/airflow/example_dags/tutorial_taskflow_templates.py
[2026-06-19T16:44:45.630+0000] {logging_mixin.py:190} INFO - [2026-06-19T16:44:45.629+0000] {dag.py:3239} INFO - Sync 1 DAGs
[2026-06-19T16:44:45.712+0000] {logging_mixin.py:190} INFO - [2026-06-19T16:44:45.712+0000] {dag.py:4180} INFO - Setting next_dagrun for tutorial_taskflow_templates to 2026-06-18 00:00:00+00:00, run_after=2026-06-19 00:00:00+00:00
[2026-06-19T16:44:45.770+0000] {processor.py:208} INFO - Processing /home/airflow/.local/lib/python3.12/site-packages/airflow/example_dags/tutorial_taskflow_templates.py took 0.361 seconds
[2026-06-19T16:45:16.076+0000] {processor.py:186} INFO - Started process (PID=419) to work on /home/airflow/.local/lib/python3.12/site-packages/airflow/example_dags/tutorial_taskflow_templates.py
[2026-06-19T16:45:16.289+0000] {processor.py:914} INFO - Processing file /home/airflow/.local/lib/python3.12/site-packages/airflow/example_dags/tutorial_taskflow_templates.py for tasks to queue
[2026-06-19T16:45:16.297+0000] {logging_mixin.py:190} INFO - [2026-06-19T16:45:16.296+0000] {dagbag.py:588} INFO - Filling up the DagBag from /home/airflow/.local/lib/python3.12/site-packages/airflow/example_dags/tutorial_taskflow_templates.py
[2026-06-19T16:45:16.336+0000] {processor.py:925} INFO - DAG(s) 'tutorial_taskflow_templates' retrieved from /home/airflow/.local/lib/python3.12/site-packages/airflow/example_dags/tutorial_taskflow_templates.py
[2026-06-19T16:45:16.393+0000] {logging_mixin.py:190} INFO - [2026-06-19T16:45:16.392+0000] {dag.py:3239} INFO - Sync 1 DAGs
[2026-06-19T16:45:16.458+0000] {logging_mixin.py:190} INFO - [2026-06-19T16:45:16.458+0000] {dag.py:4180} INFO - Setting next_dagrun for tutorial_taskflow_templates to 2026-06-18 00:00:00+00:00, run_after=2026-06-19 00:00:00+00:00
[2026-06-19T16:45:16.543+0000] {processor.py:208} INFO - Processing /home/airflow/.local/lib/python3.12/site-packages/airflow/example_dags/tutorial_taskflow_templates.py took 0.486 seconds
[2026-06-19T16:45:46.764+0000] {processor.py:186} INFO - Started process (PID=483) to work on /home/airflow/.local/lib/python3.12/site-packages/airflow/example_dags/tutorial_taskflow_templates.py
[2026-06-19T16:45:46.768+0000] {processor.py:914} INFO - Processing file /home/airflow/.local/lib/python3.12/site-packages/airflow/example_dags/tutorial_taskflow_templates.py for tasks to queue
[2026-06-19T16:45:46.774+0000] {logging_mixin.py:190} INFO - [2026-06-19T16:45:46.773+0000] {dagbag.py:588} INFO - Filling up the DagBag from /home/airflow/.local/lib/python3.12/site-packages/airflow/example_dags/tutorial_taskflow_templates.py
[2026-06-19T16:45:46.799+0000] {processor.py:925} INFO - DAG(s) 'tutorial_taskflow_templates' retrieved from /home/airflow/.local/lib/python3.12/site-packages/airflow/example_dags/tutorial_taskflow_templates.py
[2026-06-19T16:45:46.841+0000] {logging_mixin.py:190} INFO - [2026-06-19T16:45:46.841+0000] {dag.py:3239} INFO - Sync 1 DAGs
[2026-06-19T16:45:46.890+0000] {logging_mixin.py:190} INFO - [2026-06-19T16:45:46.890+0000] {dag.py:4180} INFO - Setting next_dagrun for tutorial_taskflow_templates to 2026-06-18 00:00:00+00:00, run_after=2026-06-19 00:00:00+00:00
[2026-06-19T16:45:46.929+0000] {processor.py:208} INFO - Processing /home/airflow/.local/lib/python3.12/site-packages/airflow/example_dags/tutorial_taskflow_templates.py took 0.178 seconds
[2026-06-19T16:46:18.539+0000] {processor.py:186} INFO - Started process (PID=547) to work on /home/airflow/.local/lib/python3.12/site-packages/airflow/example_dags/tutorial_taskflow_templates.py
[2026-06-19T16:46:18.544+0000] {processor.py:914} INFO - Processing file /home/airflow/.local/lib/python3.12/site-packages/airflow/example_dags/tutorial_taskflow_templates.py for tasks to queue
[2026-06-19T16:46:18.554+0000] {logging_mixin.py:190} INFO - [2026-06-19T16:46:18.553+0000] {dagbag.py:588} INFO - Filling up the DagBag from /home/airflow/.local/lib/python3.12/site-packages/airflow/example_dags/tutorial_taskflow_templates.py
[2026-06-19T16:46:18.593+0000] {processor.py:925} INFO - DAG(s) 'tutorial_taskflow_templates' retrieved from /home/airflow/.local/lib/python3.12/site-packages/airflow/example_dags/tutorial_taskflow_templates.py
[2026-06-19T16:46:18.648+0000] {logging_mixin.py:190} INFO - [2026-06-19T16:46:18.648+0000] {dag.py:3239} INFO - Sync 1 DAGs
[2026-06-19T16:46:18.716+0000] {logging_mixin.py:190} INFO - [2026-06-19T16:46:18.716+0000] {dag.py:4180} INFO - Setting next_dagrun for tutorial_taskflow_templates to 2026-06-18 00:00:00+00:00, run_after=2026-06-19 00:00:00+00:00
[2026-06-19T16:46:18.767+0000] {processor.py:208} INFO - Processing /home/airflow/.local/lib/python3.12/site-packages/airflow/example_dags/tutorial_taskflow_templates.py took 0.245 seconds
[2026-06-19T16:46:52.287+0000] {processor.py:186} INFO - Started process (PID=611) to work on /home/airflow/.local/lib/python3.12/site-packages/airflow/example_dags/tutorial_taskflow_templates.py
[2026-06-19T16:46:52.296+0000] {processor.py:914} INFO - Processing file /home/airflow/.local/lib/python3.12/site-packages/airflow/example_dags/tutorial_taskflow_templates.py for tasks to queue
[2026-06-19T16:46:52.310+0000] {logging_mixin.py:190} INFO - [2026-06-19T16:46:52.309+0000] {dagbag.py:588} INFO - Filling up the DagBag from /home/airflow/.local/lib/python3.12/site-packages/airflow/example_dags/tutorial_taskflow_templates.py
[2026-06-19T16:46:52.413+0000] {processor.py:925} INFO - DAG(s) 'tutorial_taskflow_templates' retrieved from /home/airflow/.local/lib/python3.12/site-packages/airflow/example_dags/tutorial_taskflow_templates.py
[2026-06-19T16:46:52.514+0000] {logging_mixin.py:190} INFO - [2026-06-19T16:46:52.511+0000] {dag.py:3239} INFO - Sync 1 DAGs
[2026-06-19T16:46:52.617+0000] {logging_mixin.py:190} INFO - [2026-06-19T16:46:52.616+0000] {dag.py:4180} INFO - Setting next_dagrun for tutorial_taskflow_templates to 2026-06-18 00:00:00+00:00, run_after=2026-06-19 00:00:00+00:00
[2026-06-19T16:46:52.717+0000] {processor.py:208} INFO - Processing /home/airflow/.local/lib/python3.12/site-packages/airflow/example_dags/tutorial_taskflow_templates.py took 0.466 seconds
[2026-06-19T16:47:23.355+0000] {processor.py:186} INFO - Started process (PID=674) to work on /home/airflow/.local/lib/python3.12/site-packages/airflow/example_dags/tutorial_taskflow_templates.py
[2026-06-19T16:47:23.360+0000] {processor.py:914} INFO - Processing file /home/airflow/.local/lib/python3.12/site-packages/airflow/example_dags/tutorial_taskflow_templates.py for tasks to queue
[2026-06-19T16:47:23.378+0000] {logging_mixin.py:190} INFO - [2026-06-19T16:47:23.376+0000] {dagbag.py:588} INFO - Filling up the DagBag from /home/airflow/.local/lib/python3.12/site-packages/airflow/example_dags/tutorial_taskflow_templates.py
[2026-06-19T16:47:23.468+0000] {processor.py:925} INFO - DAG(s) 'tutorial_taskflow_templates' retrieved from /home/airflow/.local/lib/python3.12/site-packages/airflow/example_dags/tutorial_taskflow_templates.py
[2026-06-19T16:47:23.635+0000] {logging_mixin.py:190} INFO - [2026-06-19T16:47:23.634+0000] {dag.py:3239} INFO - Sync 1 DAGs
[2026-06-19T16:47:23.784+0000] {logging_mixin.py:190} INFO - [2026-06-19T16:47:23.783+0000] {dag.py:4180} INFO - Setting next_dagrun for tutorial_taskflow_templates to 2026-06-18 00:00:00+00:00, run_after=2026-06-19 00:00:00+00:00
[2026-06-19T16:47:23.882+0000] {processor.py:208} INFO - Processing /home/airflow/.local/lib/python3.12/site-packages/airflow/example_dags/tutorial_taskflow_templates.py took 0.553 seconds
[2026-06-19T16:47:54.039+0000] {processor.py:186} INFO - Started process (PID=737) to work on /home/airflow/.local/lib/python3.12/site-packages/airflow/example_dags/tutorial_taskflow_templates.py
[2026-06-19T16:47:54.044+0000] {processor.py:914} INFO - Processing file /home/airflow/.local/lib/python3.12/site-packages/airflow/example_dags/tutorial_taskflow_templates.py for tasks to queue
[2026-06-19T16:47:54.051+0000] {logging_mixin.py:190} INFO - [2026-06-19T16:47:54.051+0000] {dagbag.py:588} INFO - Filling up the DagBag from /home/airflow/.local/lib/python3.12/site-packages/airflow/example_dags/tutorial_taskflow_templates.py
[2026-06-19T16:47:54.087+0000] {processor.py:925} INFO - DAG(s) 'tutorial_taskflow_templates' retrieved from /home/airflow/.local/lib/python3.12/site-packages/airflow/example_dags/tutorial_taskflow_templates.py
[2026-06-19T16:47:54.134+0000] {logging_mixin.py:190} INFO - [2026-06-19T16:47:54.134+0000] {dag.py:3239} INFO - Sync 1 DAGs
[2026-06-19T16:47:54.185+0000] {logging_mixin.py:190} INFO - [2026-06-19T16:47:54.185+0000] {dag.py:4180} INFO - Setting next_dagrun for tutorial_taskflow_templates to 2026-06-18 00:00:00+00:00, run_after=2026-06-19 00:00:00+00:00
[2026-06-19T16:47:54.227+0000] {processor.py:208} INFO - Processing /home/airflow/.local/lib/python3.12/site-packages/airflow/example_dags/tutorial_taskflow_templates.py took 0.205 seconds
[2026-06-19T16:48:24.379+0000] {processor.py:186} INFO - Started process (PID=801) to work on /home/airflow/.local/lib/python3.12/site-packages/airflow/example_dags/tutorial_taskflow_templates.py
[2026-06-19T16:48:24.387+0000] {processor.py:914} INFO - Processing file /home/airflow/.local/lib/python3.12/site-packages/airflow/example_dags/tutorial_taskflow_templates.py for tasks to queue
[2026-06-19T16:48:24.393+0000] {logging_mixin.py:190} INFO - [2026-06-19T16:48:24.393+0000] {dagbag.py:588} INFO - Filling up the DagBag from /home/airflow/.local/lib/python3.12/site-packages/airflow/example_dags/tutorial_taskflow_templates.py
[2026-06-19T16:48:24.430+0000] {processor.py:925} INFO - DAG(s) 'tutorial_taskflow_templates' retrieved from /home/airflow/.local/lib/python3.12/site-packages/airflow/example_dags/tutorial_taskflow_templates.py
[2026-06-19T16:48:24.489+0000] {logging_mixin.py:190} INFO - [2026-06-19T16:48:24.488+0000] {dag.py:3239} INFO - Sync 1 DAGs
[2026-06-19T16:48:24.595+0000] {logging_mixin.py:190} INFO - [2026-06-19T16:48:24.594+0000] {dag.py:4180} INFO - Setting next_dagrun for tutorial_taskflow_templates to 2026-06-18 00:00:00+00:00, run_after=2026-06-19 00:00:00+00:00
[2026-06-19T16:48:24.666+0000] {processor.py:208} INFO - Processing /home/airflow/.local/lib/python3.12/site-packages/airflow/example_dags/tutorial_taskflow_templates.py took 0.298 seconds
[2026-06-19T16:48:55.116+0000] {processor.py:186} INFO - Started process (PID=866) to work on /home/airflow/.local/lib/python3.12/site-packages/airflow/example_dags/tutorial_taskflow_templates.py
[2026-06-19T16:48:55.124+0000] {processor.py:914} INFO - Processing file /home/airflow/.local/lib/python3.12/site-packages/airflow/example_dags/tutorial_taskflow_templates.py for tasks to queue
[2026-06-19T16:48:55.137+0000] {logging_mixin.py:190} INFO - [2026-06-19T16:48:55.135+0000] {dagbag.py:588} INFO - Filling up the DagBag from /home/airflow/.local/lib/python3.12/site-packages/airflow/example_dags/tutorial_taskflow_templates.py
[2026-06-19T16:48:55.247+0000] {processor.py:925} INFO - DAG(s) 'tutorial_taskflow_templates' retrieved from /home/airflow/.local/lib/python3.12/site-packages/airflow/example_dags/tutorial_taskflow_templates.py
[2026-06-19T16:48:55.360+0000] {logging_mixin.py:190} INFO - [2026-06-19T16:48:55.359+0000] {dag.py:3239} INFO - Sync 1 DAGs
[2026-06-19T16:48:55.467+0000] {logging_mixin.py:190} INFO - [2026-06-19T16:48:55.466+0000] {dag.py:4180} INFO - Setting next_dagrun for tutorial_taskflow_templates to 2026-06-18 00:00:00+00:00, run_after=2026-06-19 00:00:00+00:00
[2026-06-19T16:48:55.556+0000] {processor.py:208} INFO - Processing /home/airflow/.local/lib/python3.12/site-packages/airflow/example_dags/tutorial_taskflow_templates.py took 0.465 seconds
[2026-06-19T16:49:26.140+0000] {processor.py:186} INFO - Started process (PID=931) to work on /home/airflow/.local/lib/python3.12/site-packages/airflow/example_dags/tutorial_taskflow_templates.py
[2026-06-19T16:49:26.143+0000] {processor.py:914} INFO - Processing file /home/airflow/.local/lib/python3.12/site-packages/airflow/example_dags/tutorial_taskflow_templates.py for tasks to queue
[2026-06-19T16:49:26.149+0000] {logging_mixin.py:190} INFO - [2026-06-19T16:49:26.149+0000] {dagbag.py:588} INFO - Filling up the DagBag from /home/airflow/.local/lib/python3.12/site-packages/airflow/example_dags/tutorial_taskflow_templates.py
[2026-06-19T16:49:26.184+0000] {processor.py:925} INFO - DAG(s) 'tutorial_taskflow_templates' retrieved from /home/airflow/.local/lib/python3.12/site-packages/airflow/example_dags/tutorial_taskflow_templates.py
[2026-06-19T16:49:26.237+0000] {logging_mixin.py:190} INFO - [2026-06-19T16:49:26.235+0000] {dag.py:3239} INFO - Sync 1 DAGs
[2026-06-19T16:49:26.311+0000] {logging_mixin.py:190} INFO - [2026-06-19T16:49:26.311+0000] {dag.py:4180} INFO - Setting next_dagrun for tutorial_taskflow_templates to 2026-06-18 00:00:00+00:00, run_after=2026-06-19 00:00:00+00:00
[2026-06-19T16:49:26.352+0000] {processor.py:208} INFO - Processing /home/airflow/.local/lib/python3.12/site-packages/airflow/example_dags/tutorial_taskflow_templates.py took 0.226 seconds
[2026-06-19T16:49:58.440+0000] {processor.py:186} INFO - Started process (PID=995) to work on /home/airflow/.local/lib/python3.12/site-packages/airflow/example_dags/tutorial_taskflow_templates.py
[2026-06-19T16:49:58.447+0000] {processor.py:914} INFO - Processing file /home/airflow/.local/lib/python3.12/site-packages/airflow/example_dags/tutorial_taskflow_templates.py for tasks to queue
[2026-06-19T16:49:58.460+0000] {logging_mixin.py:190} INFO - [2026-06-19T16:49:58.459+0000] {dagbag.py:588} INFO - Filling up the DagBag from /home/airflow/.local/lib/python3.12/site-packages/airflow/example_dags/tutorial_taskflow_templates.py
[2026-06-19T16:49:58.512+0000] {processor.py:925} INFO - DAG(s) 'tutorial_taskflow_templates' retrieved from /home/airflow/.local/lib/python3.12/site-packages/airflow/example_dags/tutorial_taskflow_templates.py
[2026-06-19T16:49:58.588+0000] {logging_mixin.py:190} INFO - [2026-06-19T16:49:58.587+0000] {dag.py:3239} INFO - Sync 1 DAGs
[2026-06-19T16:49:58.673+0000] {logging_mixin.py:190} INFO - [2026-06-19T16:49:58.672+0000] {dag.py:4180} INFO - Setting next_dagrun for tutorial_taskflow_templates to 2026-06-18 00:00:00+00:00, run_after=2026-06-19 00:00:00+00:00
[2026-06-19T16:49:58.724+0000] {processor.py:208} INFO - Processing /home/airflow/.local/lib/python3.12/site-packages/airflow/example_dags/tutorial_taskflow_templates.py took 0.305 seconds
[2026-06-19T16:50:28.919+0000] {processor.py:186} INFO - Started process (PID=1058) to work on /home/airflow/.local/lib/python3.12/site-packages/airflow/example_dags/tutorial_taskflow_templates.py
[2026-06-19T16:50:28.960+0000] {processor.py:914} INFO - Processing file /home/airflow/.local/lib/python3.12/site-packages/airflow/example_dags/tutorial_taskflow_templates.py for tasks to queue
[2026-06-19T16:50:28.974+0000] {logging_mixin.py:190} INFO - [2026-06-19T16:50:28.973+0000] {dagbag.py:588} INFO - Filling up the DagBag from /home/airflow/.local/lib/python3.12/site-packages/airflow/example_dags/tutorial_taskflow_templates.py
[2026-06-19T16:50:29.032+0000] {processor.py:925} INFO - DAG(s) 'tutorial_taskflow_templates' retrieved from /home/airflow/.local/lib/python3.12/site-packages/airflow/example_dags/tutorial_taskflow_templates.py
[2026-06-19T16:50:29.101+0000] {logging_mixin.py:190} INFO - [2026-06-19T16:50:29.100+0000] {dag.py:3239} INFO - Sync 1 DAGs
[2026-06-19T16:50:29.304+0000] {logging_mixin.py:190} INFO - [2026-06-19T16:50:29.303+0000] {dag.py:4180} INFO - Setting next_dagrun for tutorial_taskflow_templates to 2026-06-18 00:00:00+00:00, run_after=2026-06-19 00:00:00+00:00
[2026-06-19T16:50:29.477+0000] {processor.py:208} INFO - Processing /home/airflow/.local/lib/python3.12/site-packages/airflow/example_dags/tutorial_taskflow_templates.py took 0.593 seconds
[2026-06-19T16:51:00.321+0000] {processor.py:186} INFO - Started process (PID=1128) to work on /home/airflow/.local/lib/python3.12/site-packages/airflow/example_dags/tutorial_taskflow_templates.py
[2026-06-19T16:51:00.328+0000] {processor.py:914} INFO - Processing file /home/airflow/.local/lib/python3.12/site-packages/airflow/example_dags/tutorial_taskflow_templates.py for tasks to queue
[2026-06-19T16:51:00.338+0000] {logging_mixin.py:190} INFO - [2026-06-19T16:51:00.337+0000] {dagbag.py:588} INFO - Filling up the DagBag from /home/airflow/.local/lib/python3.12/site-packages/airflow/example_dags/tutorial_taskflow_templates.py
[2026-06-19T16:51:00.403+0000] {processor.py:925} INFO - DAG(s) 'tutorial_taskflow_templates' retrieved from /home/airflow/.local/lib/python3.12/site-packages/airflow/example_dags/tutorial_taskflow_templates.py
[2026-06-19T16:51:00.476+0000] {logging_mixin.py:190} INFO - [2026-06-19T16:51:00.475+0000] {dag.py:3239} INFO - Sync 1 DAGs
[2026-06-19T16:51:00.568+0000] {logging_mixin.py:190} INFO - [2026-06-19T16:51:00.568+0000] {dag.py:4180} INFO - Setting next_dagrun for tutorial_taskflow_templates to 2026-06-18 00:00:00+00:00, run_after=2026-06-19 00:00:00+00:00
[2026-06-19T16:51:00.627+0000] {processor.py:208} INFO - Processing /home/airflow/.local/lib/python3.12/site-packages/airflow/example_dags/tutorial_taskflow_templates.py took 0.331 seconds
[2026-06-19T16:51:32.101+0000] {processor.py:186} INFO - Started process (PID=1192) to work on /home/airflow/.local/lib/python3.12/site-packages/airflow/example_dags/tutorial_taskflow_templates.py
[2026-06-19T16:51:32.107+0000] {processor.py:914} INFO - Processing file /home/airflow/.local/lib/python3.12/site-packages/airflow/example_dags/tutorial_taskflow_templates.py for tasks to queue
[2026-06-19T16:51:32.116+0000] {logging_mixin.py:190} INFO - [2026-06-19T16:51:32.115+0000] {dagbag.py:588} INFO - Filling up the DagBag from /home/airflow/.local/lib/python3.12/site-packages/airflow/example_dags/tutorial_taskflow_templates.py
[2026-06-19T16:51:32.154+0000] {processor.py:925} INFO - DAG(s) 'tutorial_taskflow_templates' retrieved from /home/airflow/.local/lib/python3.12/site-packages/airflow/example_dags/tutorial_taskflow_templates.py
[2026-06-19T16:51:32.228+0000] {logging_mixin.py:190} INFO - [2026-06-19T16:51:32.227+0000] {dag.py:3239} INFO - Sync 1 DAGs
[2026-06-19T16:51:32.327+0000] {logging_mixin.py:190} INFO - [2026-06-19T16:51:32.327+0000] {dag.py:4180} INFO - Setting next_dagrun for tutorial_taskflow_templates to 2026-06-18 00:00:00+00:00, run_after=2026-06-19 00:00:00+00:00
[2026-06-19T16:51:32.380+0000] {processor.py:208} INFO - Processing /home/airflow/.local/lib/python3.12/site-packages/airflow/example_dags/tutorial_taskflow_templates.py took 0.298 seconds
[2026-06-19T16:52:02.975+0000] {processor.py:186} INFO - Started process (PID=1255) to work on /home/airflow/.local/lib/python3.12/site-packages/airflow/example_dags/tutorial_taskflow_templates.py
[2026-06-19T16:52:02.981+0000] {processor.py:914} INFO - Processing file /home/airflow/.local/lib/python3.12/site-packages/airflow/example_dags/tutorial_taskflow_templates.py for tasks to queue
[2026-06-19T16:52:02.990+0000] {logging_mixin.py:190} INFO - [2026-06-19T16:52:02.989+0000] {dagbag.py:588} INFO - Filling up the DagBag from /home/airflow/.local/lib/python3.12/site-packages/airflow/example_dags/tutorial_taskflow_templates.py
[2026-06-19T16:52:03.032+0000] {processor.py:925} INFO - DAG(s) 'tutorial_taskflow_templates' retrieved from /home/airflow/.local/lib/python3.12/site-packages/airflow/example_dags/tutorial_taskflow_templates.py
[2026-06-19T16:52:03.087+0000] {logging_mixin.py:190} INFO - [2026-06-19T16:52:03.086+0000] {dag.py:3239} INFO - Sync 1 DAGs
[2026-06-19T16:52:03.163+0000] {logging_mixin.py:190} INFO - [2026-06-19T16:52:03.163+0000] {dag.py:4180} INFO - Setting next_dagrun for tutorial_taskflow_templates to 2026-06-18 00:00:00+00:00, run_after=2026-06-19 00:00:00+00:00
[2026-06-19T16:52:03.212+0000] {processor.py:208} INFO - Processing /home/airflow/.local/lib/python3.12/site-packages/airflow/example_dags/tutorial_taskflow_templates.py took 0.257 seconds
[2026-06-19T16:52:35.186+0000] {processor.py:186} INFO - Started process (PID=1319) to work on /home/airflow/.local/lib/python3.12/site-packages/airflow/example_dags/tutorial_taskflow_templates.py
[2026-06-19T16:52:35.194+0000] {processor.py:914} INFO - Processing file /home/airflow/.local/lib/python3.12/site-packages/airflow/example_dags/tutorial_taskflow_templates.py for tasks to queue
[2026-06-19T16:52:35.204+0000] {logging_mixin.py:190} INFO - [2026-06-19T16:52:35.203+0000] {dagbag.py:588} INFO - Filling up the DagBag from /home/airflow/.local/lib/python3.12/site-packages/airflow/example_dags/tutorial_taskflow_templates.py
[2026-06-19T16:52:35.270+0000] {processor.py:925} INFO - DAG(s) 'tutorial_taskflow_templates' retrieved from /home/airflow/.local/lib/python3.12/site-packages/airflow/example_dags/tutorial_taskflow_templates.py
[2026-06-19T16:52:35.335+0000] {logging_mixin.py:190} INFO - [2026-06-19T16:52:35.335+0000] {dag.py:3239} INFO - Sync 1 DAGs
[2026-06-19T16:52:35.406+0000] {logging_mixin.py:190} INFO - [2026-06-19T16:52:35.405+0000] {dag.py:4180} INFO - Setting next_dagrun for tutorial_taskflow_templates to 2026-06-18 00:00:00+00:00, run_after=2026-06-19 00:00:00+00:00
[2026-06-19T16:52:35.454+0000] {processor.py:208} INFO - Processing /home/airflow/.local/lib/python3.12/site-packages/airflow/example_dags/tutorial_taskflow_templates.py took 0.291 seconds
[2026-06-19T16:53:05.775+0000] {processor.py:186} INFO - Started process (PID=1382) to work on /home/airflow/.local/lib/python3.12/site-packages/airflow/example_dags/tutorial_taskflow_templates.py
[2026-06-19T16:53:05.787+0000] {processor.py:914} INFO - Processing file /home/airflow/.local/lib/python3.12/site-packages/airflow/example_dags/tutorial_taskflow_templates.py for tasks to queue
[2026-06-19T16:53:05.816+0000] {logging_mixin.py:190} INFO - [2026-06-19T16:53:05.814+0000] {dagbag.py:588} INFO - Filling up the DagBag from /home/airflow/.local/lib/python3.12/site-packages/airflow/example_dags/tutorial_taskflow_templates.py
[2026-06-19T16:53:05.930+0000] {processor.py:925} INFO - DAG(s) 'tutorial_taskflow_templates' retrieved from /home/airflow/.local/lib/python3.12/site-packages/airflow/example_dags/tutorial_taskflow_templates.py
[2026-06-19T16:53:06.033+0000] {logging_mixin.py:190} INFO - [2026-06-19T16:53:06.032+0000] {dag.py:3239} INFO - Sync 1 DAGs
[2026-06-19T16:53:06.167+0000] {logging_mixin.py:190} INFO - [2026-06-19T16:53:06.165+0000] {dag.py:4180} INFO - Setting next_dagrun for tutorial_taskflow_templates to 2026-06-18 00:00:00+00:00, run_after=2026-06-19 00:00:00+00:00
[2026-06-19T16:53:06.238+0000] {processor.py:208} INFO - Processing /home/airflow/.local/lib/python3.12/site-packages/airflow/example_dags/tutorial_taskflow_templates.py took 0.525 seconds
[2026-06-19T16:53:37.382+0000] {processor.py:186} INFO - Started process (PID=1446) to work on /home/airflow/.local/lib/python3.12/site-packages/airflow/example_dags/tutorial_taskflow_templates.py
[2026-06-19T16:53:37.392+0000] {processor.py:914} INFO - Processing file /home/airflow/.local/lib/python3.12/site-packages/airflow/example_dags/tutorial_taskflow_templates.py for tasks to queue
[2026-06-19T16:53:37.402+0000] {logging_mixin.py:190} INFO - [2026-06-19T16:53:37.400+0000] {dagbag.py:588} INFO - Filling up the DagBag from /home/airflow/.local/lib/python3.12/site-packages/airflow/example_dags/tutorial_taskflow_templates.py
[2026-06-19T16:53:37.469+0000] {processor.py:925} INFO - DAG(s) 'tutorial_taskflow_templates' retrieved from /home/airflow/.local/lib/python3.12/site-packages/airflow/example_dags/tutorial_taskflow_templates.py
[2026-06-19T16:53:37.551+0000] {logging_mixin.py:190} INFO - [2026-06-19T16:53:37.551+0000] {dag.py:3239} INFO - Sync 1 DAGs
[2026-06-19T16:53:37.711+0000] {logging_mixin.py:190} INFO - [2026-06-19T16:53:37.710+0000] {dag.py:4180} INFO - Setting next_dagrun for tutorial_taskflow_templates to 2026-06-18 00:00:00+00:00, run_after=2026-06-19 00:00:00+00:00
[2026-06-19T16:53:37.919+0000] {processor.py:208} INFO - Processing /home/airflow/.local/lib/python3.12/site-packages/airflow/example_dags/tutorial_taskflow_templates.py took 0.566 seconds
[2026-06-19T16:54:09.452+0000] {processor.py:186} INFO - Started process (PID=1513) to work on /home/airflow/.local/lib/python3.12/site-packages/airflow/example_dags/tutorial_taskflow_templates.py
[2026-06-19T16:54:09.457+0000] {processor.py:914} INFO - Processing file /home/airflow/.local/lib/python3.12/site-packages/airflow/example_dags/tutorial_taskflow_templates.py for tasks to queue
[2026-06-19T16:54:09.470+0000] {logging_mixin.py:190} INFO - [2026-06-19T16:54:09.469+0000] {dagbag.py:588} INFO - Filling up the DagBag from /home/airflow/.local/lib/python3.12/site-packages/airflow/example_dags/tutorial_taskflow_templates.py
[2026-06-19T16:54:09.525+0000] {processor.py:925} INFO - DAG(s) 'tutorial_taskflow_templates' retrieved from /home/airflow/.local/lib/python3.12/site-packages/airflow/example_dags/tutorial_taskflow_templates.py
[2026-06-19T16:54:09.601+0000] {logging_mixin.py:190} INFO - [2026-06-19T16:54:09.600+0000] {dag.py:3239} INFO - Sync 1 DAGs
[2026-06-19T16:54:09.707+0000] {logging_mixin.py:190} INFO - [2026-06-19T16:54:09.706+0000] {dag.py:4180} INFO - Setting next_dagrun for tutorial_taskflow_templates to 2026-06-18 00:00:00+00:00, run_after=2026-06-19 00:00:00+00:00
[2026-06-19T16:54:09.853+0000] {processor.py:208} INFO - Processing /home/airflow/.local/lib/python3.12/site-packages/airflow/example_dags/tutorial_taskflow_templates.py took 0.418 seconds
[2026-06-19T16:54:40.336+0000] {processor.py:186} INFO - Started process (PID=1577) to work on /home/airflow/.local/lib/python3.12/site-packages/airflow/example_dags/tutorial_taskflow_templates.py
[2026-06-19T16:54:40.343+0000] {processor.py:914} INFO - Processing file /home/airflow/.local/lib/python3.12/site-packages/airflow/example_dags/tutorial_taskflow_templates.py for tasks to queue
[2026-06-19T16:54:40.352+0000] {logging_mixin.py:190} INFO - [2026-06-19T16:54:40.351+0000] {dagbag.py:588} INFO - Filling up the DagBag from /home/airflow/.local/lib/python3.12/site-packages/airflow/example_dags/tutorial_taskflow_templates.py
[2026-06-19T16:54:40.396+0000] {processor.py:925} INFO - DAG(s) 'tutorial_taskflow_templates' retrieved from /home/airflow/.local/lib/python3.12/site-packages/airflow/example_dags/tutorial_taskflow_templates.py
[2026-06-19T16:54:40.462+0000] {logging_mixin.py:190} INFO - [2026-06-19T16:54:40.460+0000] {dag.py:3239} INFO - Sync 1 DAGs
[2026-06-19T16:54:40.565+0000] {logging_mixin.py:190} INFO - [2026-06-19T16:54:40.564+0000] {dag.py:4180} INFO - Setting next_dagrun for tutorial_taskflow_templates to 2026-06-18 00:00:00+00:00, run_after=2026-06-19 00:00:00+00:00
[2026-06-19T16:54:40.629+0000] {processor.py:208} INFO - Processing /home/airflow/.local/lib/python3.12/site-packages/airflow/example_dags/tutorial_taskflow_templates.py took 0.320 seconds
[2026-06-19T16:55:14.884+0000] {processor.py:186} INFO - Started process (PID=1645) to work on /home/airflow/.local/lib/python3.12/site-packages/airflow/example_dags/tutorial_taskflow_templates.py
[2026-06-19T16:55:14.890+0000] {processor.py:914} INFO - Processing file /home/airflow/.local/lib/python3.12/site-packages/airflow/example_dags/tutorial_taskflow_templates.py for tasks to queue
[2026-06-19T16:55:14.899+0000] {logging_mixin.py:190} INFO - [2026-06-19T16:55:14.898+0000] {dagbag.py:588} INFO - Filling up the DagBag from /home/airflow/.local/lib/python3.12/site-packages/airflow/example_dags/tutorial_taskflow_templates.py
[2026-06-19T16:55:14.961+0000] {processor.py:925} INFO - DAG(s) 'tutorial_taskflow_templates' retrieved from /home/airflow/.local/lib/python3.12/site-packages/airflow/example_dags/tutorial_taskflow_templates.py
[2026-06-19T16:55:15.039+0000] {logging_mixin.py:190} INFO - [2026-06-19T16:55:15.038+0000] {dag.py:3239} INFO - Sync 1 DAGs
[2026-06-19T16:55:15.122+0000] {logging_mixin.py:190} INFO - [2026-06-19T16:55:15.121+0000] {dag.py:4180} INFO - Setting next_dagrun for tutorial_taskflow_templates to 2026-06-18 00:00:00+00:00, run_after=2026-06-19 00:00:00+00:00
[2026-06-19T16:55:15.176+0000] {processor.py:208} INFO - Processing /home/airflow/.local/lib/python3.12/site-packages/airflow/example_dags/tutorial_taskflow_templates.py took 0.315 seconds
[2026-06-19T16:55:45.756+0000] {processor.py:186} INFO - Started process (PID=1709) to work on /home/airflow/.local/lib/python3.12/site-packages/airflow/example_dags/tutorial_taskflow_templates.py
[2026-06-19T16:55:45.759+0000] {processor.py:914} INFO - Processing file /home/airflow/.local/lib/python3.12/site-packages/airflow/example_dags/tutorial_taskflow_templates.py for tasks to queue
[2026-06-19T16:55:45.764+0000] {logging_mixin.py:190} INFO - [2026-06-19T16:55:45.764+0000] {dagbag.py:588} INFO - Filling up the DagBag from /home/airflow/.local/lib/python3.12/site-packages/airflow/example_dags/tutorial_taskflow_templates.py
[2026-06-19T16:55:45.780+0000] {processor.py:925} INFO - DAG(s) 'tutorial_taskflow_templates' retrieved from /home/airflow/.local/lib/python3.12/site-packages/airflow/example_dags/tutorial_taskflow_templates.py
[2026-06-19T16:55:45.807+0000] {logging_mixin.py:190} INFO - [2026-06-19T16:55:45.807+0000] {dag.py:3239} INFO - Sync 1 DAGs
[2026-06-19T16:55:45.839+0000] {logging_mixin.py:190} INFO - [2026-06-19T16:55:45.839+0000] {dag.py:4180} INFO - Setting next_dagrun for tutorial_taskflow_templates to 2026-06-18 00:00:00+00:00, run_after=2026-06-19 00:00:00+00:00
[2026-06-19T16:55:45.861+0000] {processor.py:208} INFO - Processing /home/airflow/.local/lib/python3.12/site-packages/airflow/example_dags/tutorial_taskflow_templates.py took 0.111 seconds
[2026-06-19T16:56:16.769+0000] {processor.py:186} INFO - Started process (PID=1773) to work on /home/airflow/.local/lib/python3.12/site-packages/airflow/example_dags/tutorial_taskflow_templates.py
[2026-06-19T16:56:16.776+0000] {processor.py:914} INFO - Processing file /home/airflow/.local/lib/python3.12/site-packages/airflow/example_dags/tutorial_taskflow_templates.py for tasks to queue
[2026-06-19T16:56:16.787+0000] {logging_mixin.py:190} INFO - [2026-06-19T16:56:16.786+0000] {dagbag.py:588} INFO - Filling up the DagBag from /home/airflow/.local/lib/python3.12/site-packages/airflow/example_dags/tutorial_taskflow_templates.py
[2026-06-19T16:56:16.830+0000] {processor.py:925} INFO - DAG(s) 'tutorial_taskflow_templates' retrieved from /home/airflow/.local/lib/python3.12/site-packages/airflow/example_dags/tutorial_taskflow_templates.py
[2026-06-19T16:56:16.895+0000] {logging_mixin.py:190} INFO - [2026-06-19T16:56:16.894+0000] {dag.py:3239} INFO - Sync 1 DAGs
[2026-06-19T16:56:16.990+0000] {logging_mixin.py:190} INFO - [2026-06-19T16:56:16.989+0000] {dag.py:4180} INFO - Setting next_dagrun for tutorial_taskflow_templates to 2026-06-18 00:00:00+00:00, run_after=2026-06-19 00:00:00+00:00
[2026-06-19T16:56:17.056+0000] {processor.py:208} INFO - Processing /home/airflow/.local/lib/python3.12/site-packages/airflow/example_dags/tutorial_taskflow_templates.py took 0.308 seconds
[2026-06-19T16:56:47.144+0000] {processor.py:186} INFO - Started process (PID=1837) to work on /home/airflow/.local/lib/python3.12/site-packages/airflow/example_dags/tutorial_taskflow_templates.py
[2026-06-19T16:56:47.148+0000] {processor.py:914} INFO - Processing file /home/airflow/.local/lib/python3.12/site-packages/airflow/example_dags/tutorial_taskflow_templates.py for tasks to queue
[2026-06-19T16:56:47.154+0000] {logging_mixin.py:190} INFO - [2026-06-19T16:56:47.154+0000] {dagbag.py:588} INFO - Filling up the DagBag from /home/airflow/.local/lib/python3.12/site-packages/airflow/example_dags/tutorial_taskflow_templates.py
[2026-06-19T16:56:47.184+0000] {processor.py:925} INFO - DAG(s) 'tutorial_taskflow_templates' retrieved from /home/airflow/.local/lib/python3.12/site-packages/airflow/example_dags/tutorial_taskflow_templates.py
[2026-06-19T16:56:47.226+0000] {logging_mixin.py:190} INFO - [2026-06-19T16:56:47.226+0000] {dag.py:3239} INFO - Sync 1 DAGs
[2026-06-19T16:56:47.281+0000] {logging_mixin.py:190} INFO - [2026-06-19T16:56:47.280+0000] {dag.py:4180} INFO - Setting next_dagrun for tutorial_taskflow_templates to 2026-06-18 00:00:00+00:00, run_after=2026-06-19 00:00:00+00:00
[2026-06-19T16:56:47.312+0000] {processor.py:208} INFO - Processing /home/airflow/.local/lib/python3.12/site-packages/airflow/example_dags/tutorial_taskflow_templates.py took 0.179 seconds
[2026-06-19T16:57:18.325+0000] {processor.py:186} INFO - Started process (PID=1900) to work on /home/airflow/.local/lib/python3.12/site-packages/airflow/example_dags/tutorial_taskflow_templates.py
[2026-06-19T16:57:18.331+0000] {processor.py:914} INFO - Processing file /home/airflow/.local/lib/python3.12/site-packages/airflow/example_dags/tutorial_taskflow_templates.py for tasks to queue
[2026-06-19T16:57:18.342+0000] {logging_mixin.py:190} INFO - [2026-06-19T16:57:18.341+0000] {dagbag.py:588} INFO - Filling up the DagBag from /home/airflow/.local/lib/python3.12/site-packages/airflow/example_dags/tutorial_taskflow_templates.py
[2026-06-19T16:57:18.440+0000] {processor.py:925} INFO - DAG(s) 'tutorial_taskflow_templates' retrieved from /home/airflow/.local/lib/python3.12/site-packages/airflow/example_dags/tutorial_taskflow_templates.py
[2026-06-19T16:57:18.532+0000] {logging_mixin.py:190} INFO - [2026-06-19T16:57:18.532+0000] {dag.py:3239} INFO - Sync 1 DAGs
[2026-06-19T16:57:18.648+0000] {logging_mixin.py:190} INFO - [2026-06-19T16:57:18.648+0000] {dag.py:4180} INFO - Setting next_dagrun for tutorial_taskflow_templates to 2026-06-18 00:00:00+00:00, run_after=2026-06-19 00:00:00+00:00
[2026-06-19T16:57:18.746+0000] {processor.py:208} INFO - Processing /home/airflow/.local/lib/python3.12/site-packages/airflow/example_dags/tutorial_taskflow_templates.py took 0.455 seconds
[2026-06-19T16:57:50.015+0000] {processor.py:186} INFO - Started process (PID=1968) to work on /home/airflow/.local/lib/python3.12/site-packages/airflow/example_dags/tutorial_taskflow_templates.py
[2026-06-19T16:57:50.017+0000] {processor.py:914} INFO - Processing file /home/airflow/.local/lib/python3.12/site-packages/airflow/example_dags/tutorial_taskflow_templates.py for tasks to queue
[2026-06-19T16:57:50.021+0000] {logging_mixin.py:190} INFO - [2026-06-19T16:57:50.021+0000] {dagbag.py:588} INFO - Filling up the DagBag from /home/airflow/.local/lib/python3.12/site-packages/airflow/example_dags/tutorial_taskflow_templates.py
[2026-06-19T16:57:50.040+0000] {processor.py:925} INFO - DAG(s) 'tutorial_taskflow_templates' retrieved from /home/airflow/.local/lib/python3.12/site-packages/airflow/example_dags/tutorial_taskflow_templates.py
[2026-06-19T16:57:50.068+0000] {logging_mixin.py:190} INFO - [2026-06-19T16:57:50.068+0000] {dag.py:3239} INFO - Sync 1 DAGs
[2026-06-19T16:57:50.100+0000] {logging_mixin.py:190} INFO - [2026-06-19T16:57:50.100+0000] {dag.py:4180} INFO - Setting next_dagrun for tutorial_taskflow_templates to 2026-06-18 00:00:00+00:00, run_after=2026-06-19 00:00:00+00:00
[2026-06-19T16:57:50.124+0000] {processor.py:208} INFO - Processing /home/airflow/.local/lib/python3.12/site-packages/airflow/example_dags/tutorial_taskflow_templates.py took 0.117 seconds
[2026-06-19T16:58:20.853+0000] {processor.py:186} INFO - Started process (PID=2035) to work on /home/airflow/.local/lib/python3.12/site-packages/airflow/example_dags/tutorial_taskflow_templates.py
[2026-06-19T16:58:20.858+0000] {processor.py:914} INFO - Processing file /home/airflow/.local/lib/python3.12/site-packages/airflow/example_dags/tutorial_taskflow_templates.py for tasks to queue
[2026-06-19T16:58:20.867+0000] {logging_mixin.py:190} INFO - [2026-06-19T16:58:20.866+0000] {dagbag.py:588} INFO - Filling up the DagBag from /home/airflow/.local/lib/python3.12/site-packages/airflow/example_dags/tutorial_taskflow_templates.py
[2026-06-19T16:58:20.917+0000] {processor.py:925} INFO - DAG(s) 'tutorial_taskflow_templates' retrieved from /home/airflow/.local/lib/python3.12/site-packages/airflow/example_dags/tutorial_taskflow_templates.py
[2026-06-19T16:58:21.001+0000] {logging_mixin.py:190} INFO - [2026-06-19T16:58:21.000+0000] {dag.py:3239} INFO - Sync 1 DAGs
[2026-06-19T16:58:21.085+0000] {logging_mixin.py:190} INFO - [2026-06-19T16:58:21.085+0000] {dag.py:4180} INFO - Setting next_dagrun for tutorial_taskflow_templates to 2026-06-18 00:00:00+00:00, run_after=2026-06-19 00:00:00+00:00
[2026-06-19T16:58:21.132+0000] {processor.py:208} INFO - Processing /home/airflow/.local/lib/python3.12/site-packages/airflow/example_dags/tutorial_taskflow_templates.py took 0.294 seconds
[2026-06-19T16:58:52.024+0000] {processor.py:186} INFO - Started process (PID=2099) to work on /home/airflow/.local/lib/python3.12/site-packages/airflow/example_dags/tutorial_taskflow_templates.py
[2026-06-19T16:58:52.026+0000] {processor.py:914} INFO - Processing file /home/airflow/.local/lib/python3.12/site-packages/airflow/example_dags/tutorial_taskflow_templates.py for tasks to queue
[2026-06-19T16:58:52.030+0000] {logging_mixin.py:190} INFO - [2026-06-19T16:58:52.030+0000] {dagbag.py:588} INFO - Filling up the DagBag from /home/airflow/.local/lib/python3.12/site-packages/airflow/example_dags/tutorial_taskflow_templates.py
[2026-06-19T16:58:52.046+0000] {processor.py:925} INFO - DAG(s) 'tutorial_taskflow_templates' retrieved from /home/airflow/.local/lib/python3.12/site-packages/airflow/example_dags/tutorial_taskflow_templates.py
[2026-06-19T16:58:52.077+0000] {logging_mixin.py:190} INFO - [2026-06-19T16:58:52.076+0000] {dag.py:3239} INFO - Sync 1 DAGs
[2026-06-19T16:58:52.111+0000] {logging_mixin.py:190} INFO - [2026-06-19T16:58:52.111+0000] {dag.py:4180} INFO - Setting next_dagrun for tutorial_taskflow_templates to 2026-06-18 00:00:00+00:00, run_after=2026-06-19 00:00:00+00:00
[2026-06-19T16:58:52.137+0000] {processor.py:208} INFO - Processing /home/airflow/.local/lib/python3.12/site-packages/airflow/example_dags/tutorial_taskflow_templates.py took 0.118 seconds
[2026-06-19T16:59:22.909+0000] {processor.py:186} INFO - Started process (PID=2163) to work on /home/airflow/.local/lib/python3.12/site-packages/airflow/example_dags/tutorial_taskflow_templates.py
[2026-06-19T16:59:22.911+0000] {processor.py:914} INFO - Processing file /home/airflow/.local/lib/python3.12/site-packages/airflow/example_dags/tutorial_taskflow_templates.py for tasks to queue
[2026-06-19T16:59:22.915+0000] {logging_mixin.py:190} INFO - [2026-06-19T16:59:22.915+0000] {dagbag.py:588} INFO - Filling up the DagBag from /home/airflow/.local/lib/python3.12/site-packages/airflow/example_dags/tutorial_taskflow_templates.py
[2026-06-19T16:59:22.932+0000] {processor.py:925} INFO - DAG(s) 'tutorial_taskflow_templates' retrieved from /home/airflow/.local/lib/python3.12/site-packages/airflow/example_dags/tutorial_taskflow_templates.py
[2026-06-19T16:59:22.959+0000] {logging_mixin.py:190} INFO - [2026-06-19T16:59:22.958+0000] {dag.py:3239} INFO - Sync 1 DAGs
[2026-06-19T16:59:22.986+0000] {logging_mixin.py:190} INFO - [2026-06-19T16:59:22.986+0000] {dag.py:4180} INFO - Setting next_dagrun for tutorial_taskflow_templates to 2026-06-18 00:00:00+00:00, run_after=2026-06-19 00:00:00+00:00
[2026-06-19T16:59:23.008+0000] {processor.py:208} INFO - Processing /home/airflow/.local/lib/python3.12/site-packages/airflow/example_dags/tutorial_taskflow_templates.py took 0.108 seconds
[2026-06-19T16:59:53.127+0000] {processor.py:186} INFO - Started process (PID=2227) to work on /home/airflow/.local/lib/python3.12/site-packages/airflow/example_dags/tutorial_taskflow_templates.py
[2026-06-19T16:59:53.130+0000] {processor.py:914} INFO - Processing file /home/airflow/.local/lib/python3.12/site-packages/airflow/example_dags/tutorial_taskflow_templates.py for tasks to queue
[2026-06-19T16:59:53.135+0000] {logging_mixin.py:190} INFO - [2026-06-19T16:59:53.134+0000] {dagbag.py:588} INFO - Filling up the DagBag from /home/airflow/.local/lib/python3.12/site-packages/airflow/example_dags/tutorial_taskflow_templates.py
[2026-06-19T16:59:53.161+0000] {processor.py:925} INFO - DAG(s) 'tutorial_taskflow_templates' retrieved from /home/airflow/.local/lib/python3.12/site-packages/airflow/example_dags/tutorial_taskflow_templates.py
[2026-06-19T16:59:53.194+0000] {logging_mixin.py:190} INFO - [2026-06-19T16:59:53.193+0000] {dag.py:3239} INFO - Sync 1 DAGs
[2026-06-19T16:59:53.237+0000] {logging_mixin.py:190} INFO - [2026-06-19T16:59:53.236+0000] {dag.py:4180} INFO - Setting next_dagrun for tutorial_taskflow_templates to 2026-06-18 00:00:00+00:00, run_after=2026-06-19 00:00:00+00:00
[2026-06-19T16:59:53.274+0000] {processor.py:208} INFO - Processing /home/airflow/.local/lib/python3.12/site-packages/airflow/example_dags/tutorial_taskflow_templates.py took 0.156 seconds
[2026-06-19T17:00:24.296+0000] {processor.py:186} INFO - Started process (PID=2291) to work on /home/airflow/.local/lib/python3.12/site-packages/airflow/example_dags/tutorial_taskflow_templates.py
[2026-06-19T17:00:24.307+0000] {processor.py:914} INFO - Processing file /home/airflow/.local/lib/python3.12/site-packages/airflow/example_dags/tutorial_taskflow_templates.py for tasks to queue
[2026-06-19T17:00:24.316+0000] {logging_mixin.py:190} INFO - [2026-06-19T17:00:24.315+0000] {dagbag.py:588} INFO - Filling up the DagBag from /home/airflow/.local/lib/python3.12/site-packages/airflow/example_dags/tutorial_taskflow_templates.py
[2026-06-19T17:00:24.357+0000] {processor.py:925} INFO - DAG(s) 'tutorial_taskflow_templates' retrieved from /home/airflow/.local/lib/python3.12/site-packages/airflow/example_dags/tutorial_taskflow_templates.py
[2026-06-19T17:00:24.443+0000] {logging_mixin.py:190} INFO - [2026-06-19T17:00:24.442+0000] {dag.py:3239} INFO - Sync 1 DAGs
[2026-06-19T17:00:24.512+0000] {logging_mixin.py:190} INFO - [2026-06-19T17:00:24.512+0000] {dag.py:4180} INFO - Setting next_dagrun for tutorial_taskflow_templates to 2026-06-18 00:00:00+00:00, run_after=2026-06-19 00:00:00+00:00
[2026-06-19T17:00:24.574+0000] {processor.py:208} INFO - Processing /home/airflow/.local/lib/python3.12/site-packages/airflow/example_dags/tutorial_taskflow_templates.py took 0.297 seconds
[2026-06-19T17:00:55.793+0000] {processor.py:186} INFO - Started process (PID=2356) to work on /home/airflow/.local/lib/python3.12/site-packages/airflow/example_dags/tutorial_taskflow_templates.py
[2026-06-19T17:00:55.796+0000] {processor.py:914} INFO - Processing file /home/airflow/.local/lib/python3.12/site-packages/airflow/example_dags/tutorial_taskflow_templates.py for tasks to queue
[2026-06-19T17:00:55.802+0000] {logging_mixin.py:190} INFO - [2026-06-19T17:00:55.801+0000] {dagbag.py:588} INFO - Filling up the DagBag from /home/airflow/.local/lib/python3.12/site-packages/airflow/example_dags/tutorial_taskflow_templates.py
[2026-06-19T17:00:55.828+0000] {processor.py:925} INFO - DAG(s) 'tutorial_taskflow_templates' retrieved from /home/airflow/.local/lib/python3.12/site-packages/airflow/example_dags/tutorial_taskflow_templates.py
[2026-06-19T17:00:55.861+0000] {logging_mixin.py:190} INFO - [2026-06-19T17:00:55.861+0000] {dag.py:3239} INFO - Sync 1 DAGs
[2026-06-19T17:00:55.914+0000] {logging_mixin.py:190} INFO - [2026-06-19T17:00:55.914+0000] {dag.py:4180} INFO - Setting next_dagrun for tutorial_taskflow_templates to 2026-06-18 00:00:00+00:00, run_after=2026-06-19 00:00:00+00:00
[2026-06-19T17:00:55.951+0000] {processor.py:208} INFO - Processing /home/airflow/.local/lib/python3.12/site-packages/airflow/example_dags/tutorial_taskflow_templates.py took 0.170 seconds
[2026-06-19T17:01:26.290+0000] {processor.py:186} INFO - Started process (PID=2420) to work on /home/airflow/.local/lib/python3.12/site-packages/airflow/example_dags/tutorial_taskflow_templates.py
[2026-06-19T17:01:26.294+0000] {processor.py:914} INFO - Processing file /home/airflow/.local/lib/python3.12/site-packages/airflow/example_dags/tutorial_taskflow_templates.py for tasks to queue
[2026-06-19T17:01:26.299+0000] {logging_mixin.py:190} INFO - [2026-06-19T17:01:26.298+0000] {dagbag.py:588} INFO - Filling up the DagBag from /home/airflow/.local/lib/python3.12/site-packages/airflow/example_dags/tutorial_taskflow_templates.py
[2026-06-19T17:01:26.317+0000] {processor.py:925} INFO - DAG(s) 'tutorial_taskflow_templates' retrieved from /home/airflow/.local/lib/python3.12/site-packages/airflow/example_dags/tutorial_taskflow_templates.py
[2026-06-19T17:01:26.342+0000] {logging_mixin.py:190} INFO - [2026-06-19T17:01:26.342+0000] {dag.py:3239} INFO - Sync 1 DAGs
[2026-06-19T17:01:26.372+0000] {logging_mixin.py:190} INFO - [2026-06-19T17:01:26.372+0000] {dag.py:4180} INFO - Setting next_dagrun for tutorial_taskflow_templates to 2026-06-18 00:00:00+00:00, run_after=2026-06-19 00:00:00+00:00
[2026-06-19T17:01:26.393+0000] {processor.py:208} INFO - Processing /home/airflow/.local/lib/python3.12/site-packages/airflow/example_dags/tutorial_taskflow_templates.py took 0.112 seconds
[2026-06-19T17:01:56.687+0000] {processor.py:186} INFO - Started process (PID=2484) to work on /home/airflow/.local/lib/python3.12/site-packages/airflow/example_dags/tutorial_taskflow_templates.py
[2026-06-19T17:01:56.691+0000] {processor.py:914} INFO - Processing file /home/airflow/.local/lib/python3.12/site-packages/airflow/example_dags/tutorial_taskflow_templates.py for tasks to queue
[2026-06-19T17:01:56.697+0000] {logging_mixin.py:190} INFO - [2026-06-19T17:01:56.697+0000] {dagbag.py:588} INFO - Filling up the DagBag from /home/airflow/.local/lib/python3.12/site-packages/airflow/example_dags/tutorial_taskflow_templates.py
[2026-06-19T17:01:56.728+0000] {processor.py:925} INFO - DAG(s) 'tutorial_taskflow_templates' retrieved from /home/airflow/.local/lib/python3.12/site-packages/airflow/example_dags/tutorial_taskflow_templates.py
[2026-06-19T17:01:56.778+0000] {logging_mixin.py:190} INFO - [2026-06-19T17:01:56.777+0000] {dag.py:3239} INFO - Sync 1 DAGs
[2026-06-19T17:01:56.839+0000] {logging_mixin.py:190} INFO - [2026-06-19T17:01:56.838+0000] {dag.py:4180} INFO - Setting next_dagrun for tutorial_taskflow_templates to 2026-06-18 00:00:00+00:00, run_after=2026-06-19 00:00:00+00:00
[2026-06-19T17:01:56.876+0000] {processor.py:208} INFO - Processing /home/airflow/.local/lib/python3.12/site-packages/airflow/example_dags/tutorial_taskflow_templates.py took 0.200 seconds
[2026-06-19T17:02:27.004+0000] {processor.py:186} INFO - Started process (PID=2548) to work on /home/airflow/.local/lib/python3.12/site-packages/airflow/example_dags/tutorial_taskflow_templates.py
[2026-06-19T17:02:27.006+0000] {processor.py:914} INFO - Processing file /home/airflow/.local/lib/python3.12/site-packages/airflow/example_dags/tutorial_taskflow_templates.py for tasks to queue
[2026-06-19T17:02:27.010+0000] {logging_mixin.py:190} INFO - [2026-06-19T17:02:27.010+0000] {dagbag.py:588} INFO - Filling up the DagBag from /home/airflow/.local/lib/python3.12/site-packages/airflow/example_dags/tutorial_taskflow_templates.py
[2026-06-19T17:02:27.027+0000] {processor.py:925} INFO - DAG(s) 'tutorial_taskflow_templates' retrieved from /home/airflow/.local/lib/python3.12/site-packages/airflow/example_dags/tutorial_taskflow_templates.py
[2026-06-19T17:02:27.054+0000] {logging_mixin.py:190} INFO - [2026-06-19T17:02:27.054+0000] {dag.py:3239} INFO - Sync 1 DAGs
[2026-06-19T17:02:27.085+0000] {logging_mixin.py:190} INFO - [2026-06-19T17:02:27.085+0000] {dag.py:4180} INFO - Setting next_dagrun for tutorial_taskflow_templates to 2026-06-18 00:00:00+00:00, run_after=2026-06-19 00:00:00+00:00
[2026-06-19T17:02:27.105+0000] {processor.py:208} INFO - Processing /home/airflow/.local/lib/python3.12/site-packages/airflow/example_dags/tutorial_taskflow_templates.py took 0.108 seconds
[2026-06-19T17:04:35.218+0000] {processor.py:186} INFO - Started process (PID=122) to work on /home/airflow/.local/lib/python3.12/site-packages/airflow/example_dags/tutorial_taskflow_templates.py
[2026-06-19T17:04:35.228+0000] {processor.py:914} INFO - Processing file /home/airflow/.local/lib/python3.12/site-packages/airflow/example_dags/tutorial_taskflow_templates.py for tasks to queue
[2026-06-19T17:04:35.248+0000] {logging_mixin.py:190} INFO - [2026-06-19T17:04:35.247+0000] {dagbag.py:588} INFO - Filling up the DagBag from /home/airflow/.local/lib/python3.12/site-packages/airflow/example_dags/tutorial_taskflow_templates.py
[2026-06-19T17:04:35.308+0000] {processor.py:925} INFO - DAG(s) 'tutorial_taskflow_templates' retrieved from /home/airflow/.local/lib/python3.12/site-packages/airflow/example_dags/tutorial_taskflow_templates.py
[2026-06-19T17:04:35.393+0000] {logging_mixin.py:190} INFO - [2026-06-19T17:04:35.391+0000] {dag.py:3239} INFO - Sync 1 DAGs
[2026-06-19T17:04:35.474+0000] {logging_mixin.py:190} INFO - [2026-06-19T17:04:35.473+0000] {dag.py:4180} INFO - Setting next_dagrun for tutorial_taskflow_templates to 2026-06-18 00:00:00+00:00, run_after=2026-06-19 00:00:00+00:00
[2026-06-19T17:04:35.570+0000] {processor.py:208} INFO - Processing /home/airflow/.local/lib/python3.12/site-packages/airflow/example_dags/tutorial_taskflow_templates.py took 0.372 seconds
[2026-06-19T17:05:08.573+0000] {processor.py:186} INFO - Started process (PID=192) to work on /home/airflow/.local/lib/python3.12/site-packages/airflow/example_dags/tutorial_taskflow_templates.py
[2026-06-19T17:05:08.581+0000] {processor.py:914} INFO - Processing file /home/airflow/.local/lib/python3.12/site-packages/airflow/example_dags/tutorial_taskflow_templates.py for tasks to queue
[2026-06-19T17:05:08.592+0000] {logging_mixin.py:190} INFO - [2026-06-19T17:05:08.591+0000] {dagbag.py:588} INFO - Filling up the DagBag from /home/airflow/.local/lib/python3.12/site-packages/airflow/example_dags/tutorial_taskflow_templates.py
[2026-06-19T17:05:08.667+0000] {processor.py:925} INFO - DAG(s) 'tutorial_taskflow_templates' retrieved from /home/airflow/.local/lib/python3.12/site-packages/airflow/example_dags/tutorial_taskflow_templates.py
[2026-06-19T17:05:08.821+0000] {logging_mixin.py:190} INFO - [2026-06-19T17:05:08.820+0000] {dag.py:3239} INFO - Sync 1 DAGs
[2026-06-19T17:05:08.945+0000] {logging_mixin.py:190} INFO - [2026-06-19T17:05:08.944+0000] {dag.py:4180} INFO - Setting next_dagrun for tutorial_taskflow_templates to 2026-06-18 00:00:00+00:00, run_after=2026-06-19 00:00:00+00:00
[2026-06-19T17:05:08.997+0000] {processor.py:208} INFO - Processing /home/airflow/.local/lib/python3.12/site-packages/airflow/example_dags/tutorial_taskflow_templates.py took 0.471 seconds
[2026-06-19T17:05:40.372+0000] {processor.py:186} INFO - Started process (PID=257) to work on /home/airflow/.local/lib/python3.12/site-packages/airflow/example_dags/tutorial_taskflow_templates.py
[2026-06-19T17:05:40.379+0000] {processor.py:914} INFO - Processing file /home/airflow/.local/lib/python3.12/site-packages/airflow/example_dags/tutorial_taskflow_templates.py for tasks to queue
[2026-06-19T17:05:40.386+0000] {logging_mixin.py:190} INFO - [2026-06-19T17:05:40.385+0000] {dagbag.py:588} INFO - Filling up the DagBag from /home/airflow/.local/lib/python3.12/site-packages/airflow/example_dags/tutorial_taskflow_templates.py
[2026-06-19T17:05:40.431+0000] {processor.py:925} INFO - DAG(s) 'tutorial_taskflow_templates' retrieved from /home/airflow/.local/lib/python3.12/site-packages/airflow/example_dags/tutorial_taskflow_templates.py
[2026-06-19T17:05:40.488+0000] {logging_mixin.py:190} INFO - [2026-06-19T17:05:40.488+0000] {dag.py:3239} INFO - Sync 1 DAGs
[2026-06-19T17:05:40.556+0000] {logging_mixin.py:190} INFO - [2026-06-19T17:05:40.556+0000] {dag.py:4180} INFO - Setting next_dagrun for tutorial_taskflow_templates to 2026-06-18 00:00:00+00:00, run_after=2026-06-19 00:00:00+00:00
[2026-06-19T17:05:40.610+0000] {processor.py:208} INFO - Processing /home/airflow/.local/lib/python3.12/site-packages/airflow/example_dags/tutorial_taskflow_templates.py took 0.258 seconds
[2026-06-19T17:06:17.205+0000] {processor.py:186} INFO - Started process (PID=320) to work on /home/airflow/.local/lib/python3.12/site-packages/airflow/example_dags/tutorial_taskflow_templates.py
[2026-06-19T17:06:17.212+0000] {processor.py:914} INFO - Processing file /home/airflow/.local/lib/python3.12/site-packages/airflow/example_dags/tutorial_taskflow_templates.py for tasks to queue
[2026-06-19T17:06:17.222+0000] {logging_mixin.py:190} INFO - [2026-06-19T17:06:17.221+0000] {dagbag.py:588} INFO - Filling up the DagBag from /home/airflow/.local/lib/python3.12/site-packages/airflow/example_dags/tutorial_taskflow_templates.py
[2026-06-19T17:06:17.352+0000] {processor.py:925} INFO - DAG(s) 'tutorial_taskflow_templates' retrieved from /home/airflow/.local/lib/python3.12/site-packages/airflow/example_dags/tutorial_taskflow_templates.py
[2026-06-19T17:06:17.435+0000] {logging_mixin.py:190} INFO - [2026-06-19T17:06:17.434+0000] {dag.py:3239} INFO - Sync 1 DAGs
[2026-06-19T17:06:17.550+0000] {logging_mixin.py:190} INFO - [2026-06-19T17:06:17.549+0000] {dag.py:4180} INFO - Setting next_dagrun for tutorial_taskflow_templates to 2026-06-18 00:00:00+00:00, run_after=2026-06-19 00:00:00+00:00
[2026-06-19T17:06:17.661+0000] {processor.py:208} INFO - Processing /home/airflow/.local/lib/python3.12/site-packages/airflow/example_dags/tutorial_taskflow_templates.py took 0.477 seconds
[2026-06-19T17:08:13.598+0000] {processor.py:186} INFO - Started process (PID=128) to work on /home/airflow/.local/lib/python3.12/site-packages/airflow/example_dags/tutorial_taskflow_templates.py
[2026-06-19T17:08:13.617+0000] {processor.py:914} INFO - Processing file /home/airflow/.local/lib/python3.12/site-packages/airflow/example_dags/tutorial_taskflow_templates.py for tasks to queue
[2026-06-19T17:08:13.635+0000] {logging_mixin.py:190} INFO - [2026-06-19T17:08:13.634+0000] {dagbag.py:588} INFO - Filling up the DagBag from /home/airflow/.local/lib/python3.12/site-packages/airflow/example_dags/tutorial_taskflow_templates.py
[2026-06-19T17:08:13.711+0000] {processor.py:925} INFO - DAG(s) 'tutorial_taskflow_templates' retrieved from /home/airflow/.local/lib/python3.12/site-packages/airflow/example_dags/tutorial_taskflow_templates.py
[2026-06-19T17:08:13.810+0000] {logging_mixin.py:190} INFO - [2026-06-19T17:08:13.809+0000] {dag.py:3239} INFO - Sync 1 DAGs
[2026-06-19T17:08:13.984+0000] {logging_mixin.py:190} INFO - [2026-06-19T17:08:13.983+0000] {dag.py:4180} INFO - Setting next_dagrun for tutorial_taskflow_templates to 2026-06-18 00:00:00+00:00, run_after=2026-06-19 00:00:00+00:00
[2026-06-19T17:08:14.099+0000] {processor.py:208} INFO - Processing /home/airflow/.local/lib/python3.12/site-packages/airflow/example_dags/tutorial_taskflow_templates.py took 0.542 seconds
[2026-06-19T17:08:44.252+0000] {processor.py:186} INFO - Started process (PID=191) to work on /home/airflow/.local/lib/python3.12/site-packages/airflow/example_dags/tutorial_taskflow_templates.py
[2026-06-19T17:08:44.258+0000] {processor.py:914} INFO - Processing file /home/airflow/.local/lib/python3.12/site-packages/airflow/example_dags/tutorial_taskflow_templates.py for tasks to queue
[2026-06-19T17:08:44.268+0000] {logging_mixin.py:190} INFO - [2026-06-19T17:08:44.267+0000] {dagbag.py:588} INFO - Filling up the DagBag from /home/airflow/.local/lib/python3.12/site-packages/airflow/example_dags/tutorial_taskflow_templates.py
[2026-06-19T17:08:44.312+0000] {processor.py:925} INFO - DAG(s) 'tutorial_taskflow_templates' retrieved from /home/airflow/.local/lib/python3.12/site-packages/airflow/example_dags/tutorial_taskflow_templates.py
[2026-06-19T17:08:44.415+0000] {logging_mixin.py:190} INFO - [2026-06-19T17:08:44.414+0000] {dag.py:3239} INFO - Sync 1 DAGs
[2026-06-19T17:08:44.522+0000] {logging_mixin.py:190} INFO - [2026-06-19T17:08:44.522+0000] {dag.py:4180} INFO - Setting next_dagrun for tutorial_taskflow_templates to 2026-06-18 00:00:00+00:00, run_after=2026-06-19 00:00:00+00:00
[2026-06-19T17:08:44.595+0000] {processor.py:208} INFO - Processing /home/airflow/.local/lib/python3.12/site-packages/airflow/example_dags/tutorial_taskflow_templates.py took 0.369 seconds
[2026-06-19T17:09:15.333+0000] {processor.py:186} INFO - Started process (PID=256) to work on /home/airflow/.local/lib/python3.12/site-packages/airflow/example_dags/tutorial_taskflow_templates.py
[2026-06-19T17:09:15.336+0000] {processor.py:914} INFO - Processing file /home/airflow/.local/lib/python3.12/site-packages/airflow/example_dags/tutorial_taskflow_templates.py for tasks to queue
[2026-06-19T17:09:15.341+0000] {logging_mixin.py:190} INFO - [2026-06-19T17:09:15.340+0000] {dagbag.py:588} INFO - Filling up the DagBag from /home/airflow/.local/lib/python3.12/site-packages/airflow/example_dags/tutorial_taskflow_templates.py
[2026-06-19T17:09:15.358+0000] {processor.py:925} INFO - DAG(s) 'tutorial_taskflow_templates' retrieved from /home/airflow/.local/lib/python3.12/site-packages/airflow/example_dags/tutorial_taskflow_templates.py
[2026-06-19T17:09:15.389+0000] {logging_mixin.py:190} INFO - [2026-06-19T17:09:15.389+0000] {dag.py:3239} INFO - Sync 1 DAGs
[2026-06-19T17:09:15.424+0000] {logging_mixin.py:190} INFO - [2026-06-19T17:09:15.423+0000] {dag.py:4180} INFO - Setting next_dagrun for tutorial_taskflow_templates to 2026-06-18 00:00:00+00:00, run_after=2026-06-19 00:00:00+00:00
[2026-06-19T17:09:15.451+0000] {processor.py:208} INFO - Processing /home/airflow/.local/lib/python3.12/site-packages/airflow/example_dags/tutorial_taskflow_templates.py took 0.124 seconds
[2026-06-19T17:09:45.651+0000] {processor.py:186} INFO - Started process (PID=319) to work on /home/airflow/.local/lib/python3.12/site-packages/airflow/example_dags/tutorial_taskflow_templates.py
[2026-06-19T17:09:45.656+0000] {processor.py:914} INFO - Processing file /home/airflow/.local/lib/python3.12/site-packages/airflow/example_dags/tutorial_taskflow_templates.py for tasks to queue
[2026-06-19T17:09:45.664+0000] {logging_mixin.py:190} INFO - [2026-06-19T17:09:45.663+0000] {dagbag.py:588} INFO - Filling up the DagBag from /home/airflow/.local/lib/python3.12/site-packages/airflow/example_dags/tutorial_taskflow_templates.py
[2026-06-19T17:09:45.697+0000] {processor.py:925} INFO - DAG(s) 'tutorial_taskflow_templates' retrieved from /home/airflow/.local/lib/python3.12/site-packages/airflow/example_dags/tutorial_taskflow_templates.py
[2026-06-19T17:09:45.748+0000] {logging_mixin.py:190} INFO - [2026-06-19T17:09:45.747+0000] {dag.py:3239} INFO - Sync 1 DAGs
[2026-06-19T17:09:45.834+0000] {logging_mixin.py:190} INFO - [2026-06-19T17:09:45.833+0000] {dag.py:4180} INFO - Setting next_dagrun for tutorial_taskflow_templates to 2026-06-18 00:00:00+00:00, run_after=2026-06-19 00:00:00+00:00
[2026-06-19T17:09:45.910+0000] {processor.py:208} INFO - Processing /home/airflow/.local/lib/python3.12/site-packages/airflow/example_dags/tutorial_taskflow_templates.py took 0.272 seconds
[2026-06-19T17:10:21.691+0000] {processor.py:186} INFO - Started process (PID=385) to work on /home/airflow/.local/lib/python3.12/site-packages/airflow/example_dags/tutorial_taskflow_templates.py
[2026-06-19T17:10:21.695+0000] {processor.py:914} INFO - Processing file /home/airflow/.local/lib/python3.12/site-packages/airflow/example_dags/tutorial_taskflow_templates.py for tasks to queue
[2026-06-19T17:10:21.703+0000] {logging_mixin.py:190} INFO - [2026-06-19T17:10:21.702+0000] {dagbag.py:588} INFO - Filling up the DagBag from /home/airflow/.local/lib/python3.12/site-packages/airflow/example_dags/tutorial_taskflow_templates.py
[2026-06-19T17:10:21.734+0000] {processor.py:925} INFO - DAG(s) 'tutorial_taskflow_templates' retrieved from /home/airflow/.local/lib/python3.12/site-packages/airflow/example_dags/tutorial_taskflow_templates.py
[2026-06-19T17:10:21.794+0000] {logging_mixin.py:190} INFO - [2026-06-19T17:10:21.793+0000] {dag.py:3239} INFO - Sync 1 DAGs
[2026-06-19T17:10:21.868+0000] {logging_mixin.py:190} INFO - [2026-06-19T17:10:21.867+0000] {dag.py:4180} INFO - Setting next_dagrun for tutorial_taskflow_templates to 2026-06-18 00:00:00+00:00, run_after=2026-06-19 00:00:00+00:00
[2026-06-19T17:10:21.913+0000] {processor.py:208} INFO - Processing /home/airflow/.local/lib/python3.12/site-packages/airflow/example_dags/tutorial_taskflow_templates.py took 0.233 seconds
[2026-06-19T17:10:53.690+0000] {processor.py:186} INFO - Started process (PID=449) to work on /home/airflow/.local/lib/python3.12/site-packages/airflow/example_dags/tutorial_taskflow_templates.py
[2026-06-19T17:10:53.696+0000] {processor.py:914} INFO - Processing file /home/airflow/.local/lib/python3.12/site-packages/airflow/example_dags/tutorial_taskflow_templates.py for tasks to queue
[2026-06-19T17:10:53.703+0000] {logging_mixin.py:190} INFO - [2026-06-19T17:10:53.702+0000] {dagbag.py:588} INFO - Filling up the DagBag from /home/airflow/.local/lib/python3.12/site-packages/airflow/example_dags/tutorial_taskflow_templates.py
[2026-06-19T17:10:53.731+0000] {processor.py:925} INFO - DAG(s) 'tutorial_taskflow_templates' retrieved from /home/airflow/.local/lib/python3.12/site-packages/airflow/example_dags/tutorial_taskflow_templates.py
[2026-06-19T17:10:53.773+0000] {logging_mixin.py:190} INFO - [2026-06-19T17:10:53.773+0000] {dag.py:3239} INFO - Sync 1 DAGs
[2026-06-19T17:10:53.821+0000] {logging_mixin.py:190} INFO - [2026-06-19T17:10:53.821+0000] {dag.py:4180} INFO - Setting next_dagrun for tutorial_taskflow_templates to 2026-06-18 00:00:00+00:00, run_after=2026-06-19 00:00:00+00:00
[2026-06-19T17:10:53.853+0000] {processor.py:208} INFO - Processing /home/airflow/.local/lib/python3.12/site-packages/airflow/example_dags/tutorial_taskflow_templates.py took 0.178 seconds
[2026-06-19T17:11:26.851+0000] {processor.py:186} INFO - Started process (PID=513) to work on /home/airflow/.local/lib/python3.12/site-packages/airflow/example_dags/tutorial_taskflow_templates.py
[2026-06-19T17:11:26.857+0000] {processor.py:914} INFO - Processing file /home/airflow/.local/lib/python3.12/site-packages/airflow/example_dags/tutorial_taskflow_templates.py for tasks to queue
[2026-06-19T17:11:26.866+0000] {logging_mixin.py:190} INFO - [2026-06-19T17:11:26.865+0000] {dagbag.py:588} INFO - Filling up the DagBag from /home/airflow/.local/lib/python3.12/site-packages/airflow/example_dags/tutorial_taskflow_templates.py
[2026-06-19T17:11:26.907+0000] {processor.py:925} INFO - DAG(s) 'tutorial_taskflow_templates' retrieved from /home/airflow/.local/lib/python3.12/site-packages/airflow/example_dags/tutorial_taskflow_templates.py
[2026-06-19T17:11:27.008+0000] {logging_mixin.py:190} INFO - [2026-06-19T17:11:27.007+0000] {dag.py:3239} INFO - Sync 1 DAGs
[2026-06-19T17:11:27.149+0000] {logging_mixin.py:190} INFO - [2026-06-19T17:11:27.148+0000] {dag.py:4180} INFO - Setting next_dagrun for tutorial_taskflow_templates to 2026-06-18 00:00:00+00:00, run_after=2026-06-19 00:00:00+00:00
[2026-06-19T17:11:27.225+0000] {processor.py:208} INFO - Processing /home/airflow/.local/lib/python3.12/site-packages/airflow/example_dags/tutorial_taskflow_templates.py took 0.394 seconds
[2026-06-19T17:11:58.157+0000] {processor.py:186} INFO - Started process (PID=577) to work on /home/airflow/.local/lib/python3.12/site-packages/airflow/example_dags/tutorial_taskflow_templates.py
[2026-06-19T17:11:58.162+0000] {processor.py:914} INFO - Processing file /home/airflow/.local/lib/python3.12/site-packages/airflow/example_dags/tutorial_taskflow_templates.py for tasks to queue
[2026-06-19T17:11:58.175+0000] {logging_mixin.py:190} INFO - [2026-06-19T17:11:58.174+0000] {dagbag.py:588} INFO - Filling up the DagBag from /home/airflow/.local/lib/python3.12/site-packages/airflow/example_dags/tutorial_taskflow_templates.py
[2026-06-19T17:11:58.247+0000] {processor.py:925} INFO - DAG(s) 'tutorial_taskflow_templates' retrieved from /home/airflow/.local/lib/python3.12/site-packages/airflow/example_dags/tutorial_taskflow_templates.py
[2026-06-19T17:11:58.316+0000] {logging_mixin.py:190} INFO - [2026-06-19T17:11:58.315+0000] {dag.py:3239} INFO - Sync 1 DAGs
[2026-06-19T17:11:58.403+0000] {logging_mixin.py:190} INFO - [2026-06-19T17:11:58.402+0000] {dag.py:4180} INFO - Setting next_dagrun for tutorial_taskflow_templates to 2026-06-18 00:00:00+00:00, run_after=2026-06-19 00:00:00+00:00
[2026-06-19T17:11:58.456+0000] {processor.py:208} INFO - Processing /home/airflow/.local/lib/python3.12/site-packages/airflow/example_dags/tutorial_taskflow_templates.py took 0.318 seconds
[2026-06-19T17:12:28.918+0000] {processor.py:186} INFO - Started process (PID=641) to work on /home/airflow/.local/lib/python3.12/site-packages/airflow/example_dags/tutorial_taskflow_templates.py
[2026-06-19T17:12:28.924+0000] {processor.py:914} INFO - Processing file /home/airflow/.local/lib/python3.12/site-packages/airflow/example_dags/tutorial_taskflow_templates.py for tasks to queue
[2026-06-19T17:12:28.936+0000] {logging_mixin.py:190} INFO - [2026-06-19T17:12:28.935+0000] {dagbag.py:588} INFO - Filling up the DagBag from /home/airflow/.local/lib/python3.12/site-packages/airflow/example_dags/tutorial_taskflow_templates.py
[2026-06-19T17:12:28.979+0000] {processor.py:925} INFO - DAG(s) 'tutorial_taskflow_templates' retrieved from /home/airflow/.local/lib/python3.12/site-packages/airflow/example_dags/tutorial_taskflow_templates.py
[2026-06-19T17:12:29.042+0000] {logging_mixin.py:190} INFO - [2026-06-19T17:12:29.042+0000] {dag.py:3239} INFO - Sync 1 DAGs
[2026-06-19T17:12:29.109+0000] {logging_mixin.py:190} INFO - [2026-06-19T17:12:29.109+0000] {dag.py:4180} INFO - Setting next_dagrun for tutorial_taskflow_templates to 2026-06-18 00:00:00+00:00, run_after=2026-06-19 00:00:00+00:00
[2026-06-19T17:12:29.164+0000] {processor.py:208} INFO - Processing /home/airflow/.local/lib/python3.12/site-packages/airflow/example_dags/tutorial_taskflow_templates.py took 0.263 seconds
[2026-06-19T17:12:59.253+0000] {processor.py:186} INFO - Started process (PID=704) to work on /home/airflow/.local/lib/python3.12/site-packages/airflow/example_dags/tutorial_taskflow_templates.py
[2026-06-19T17:12:59.257+0000] {processor.py:914} INFO - Processing file /home/airflow/.local/lib/python3.12/site-packages/airflow/example_dags/tutorial_taskflow_templates.py for tasks to queue
[2026-06-19T17:12:59.265+0000] {logging_mixin.py:190} INFO - [2026-06-19T17:12:59.264+0000] {dagbag.py:588} INFO - Filling up the DagBag from /home/airflow/.local/lib/python3.12/site-packages/airflow/example_dags/tutorial_taskflow_templates.py
[2026-06-19T17:12:59.287+0000] {processor.py:925} INFO - DAG(s) 'tutorial_taskflow_templates' retrieved from /home/airflow/.local/lib/python3.12/site-packages/airflow/example_dags/tutorial_taskflow_templates.py
[2026-06-19T17:12:59.324+0000] {logging_mixin.py:190} INFO - [2026-06-19T17:12:59.324+0000] {dag.py:3239} INFO - Sync 1 DAGs
[2026-06-19T17:12:59.361+0000] {logging_mixin.py:190} INFO - [2026-06-19T17:12:59.361+0000] {dag.py:4180} INFO - Setting next_dagrun for tutorial_taskflow_templates to 2026-06-18 00:00:00+00:00, run_after=2026-06-19 00:00:00+00:00
[2026-06-19T17:12:59.389+0000] {processor.py:208} INFO - Processing /home/airflow/.local/lib/python3.12/site-packages/airflow/example_dags/tutorial_taskflow_templates.py took 0.147 seconds
[2026-06-19T17:13:35.775+0000] {processor.py:186} INFO - Started process (PID=768) to work on /home/airflow/.local/lib/python3.12/site-packages/airflow/example_dags/tutorial_taskflow_templates.py
[2026-06-19T17:13:35.781+0000] {processor.py:914} INFO - Processing file /home/airflow/.local/lib/python3.12/site-packages/airflow/example_dags/tutorial_taskflow_templates.py for tasks to queue
[2026-06-19T17:13:35.806+0000] {logging_mixin.py:190} INFO - [2026-06-19T17:13:35.804+0000] {dagbag.py:588} INFO - Filling up the DagBag from /home/airflow/.local/lib/python3.12/site-packages/airflow/example_dags/tutorial_taskflow_templates.py
[2026-06-19T17:13:35.898+0000] {processor.py:925} INFO - DAG(s) 'tutorial_taskflow_templates' retrieved from /home/airflow/.local/lib/python3.12/site-packages/airflow/example_dags/tutorial_taskflow_templates.py
[2026-06-19T17:13:36.081+0000] {logging_mixin.py:190} INFO - [2026-06-19T17:13:36.080+0000] {dag.py:3239} INFO - Sync 1 DAGs
[2026-06-19T17:13:36.265+0000] {logging_mixin.py:190} INFO - [2026-06-19T17:13:36.265+0000] {dag.py:4180} INFO - Setting next_dagrun for tutorial_taskflow_templates to 2026-06-18 00:00:00+00:00, run_after=2026-06-19 00:00:00+00:00
[2026-06-19T17:13:36.384+0000] {processor.py:208} INFO - Processing /home/airflow/.local/lib/python3.12/site-packages/airflow/example_dags/tutorial_taskflow_templates.py took 0.673 seconds
[2026-06-19T17:14:11.660+0000] {processor.py:186} INFO - Started process (PID=843) to work on /home/airflow/.local/lib/python3.12/site-packages/airflow/example_dags/tutorial_taskflow_templates.py
[2026-06-19T17:14:11.669+0000] {processor.py:914} INFO - Processing file /home/airflow/.local/lib/python3.12/site-packages/airflow/example_dags/tutorial_taskflow_templates.py for tasks to queue
[2026-06-19T17:14:11.681+0000] {logging_mixin.py:190} INFO - [2026-06-19T17:14:11.680+0000] {dagbag.py:588} INFO - Filling up the DagBag from /home/airflow/.local/lib/python3.12/site-packages/airflow/example_dags/tutorial_taskflow_templates.py
[2026-06-19T17:14:11.745+0000] {processor.py:925} INFO - DAG(s) 'tutorial_taskflow_templates' retrieved from /home/airflow/.local/lib/python3.12/site-packages/airflow/example_dags/tutorial_taskflow_templates.py
[2026-06-19T17:14:11.805+0000] {logging_mixin.py:190} INFO - [2026-06-19T17:14:11.801+0000] {dag.py:3239} INFO - Sync 1 DAGs
[2026-06-19T17:14:11.908+0000] {logging_mixin.py:190} INFO - [2026-06-19T17:14:11.907+0000] {dag.py:4180} INFO - Setting next_dagrun for tutorial_taskflow_templates to 2026-06-18 00:00:00+00:00, run_after=2026-06-19 00:00:00+00:00
[2026-06-19T17:14:12.020+0000] {processor.py:208} INFO - Processing /home/airflow/.local/lib/python3.12/site-packages/airflow/example_dags/tutorial_taskflow_templates.py took 0.387 seconds
[2026-06-19T17:14:47.246+0000] {processor.py:186} INFO - Started process (PID=912) to work on /home/airflow/.local/lib/python3.12/site-packages/airflow/example_dags/tutorial_taskflow_templates.py
[2026-06-19T17:14:47.252+0000] {processor.py:914} INFO - Processing file /home/airflow/.local/lib/python3.12/site-packages/airflow/example_dags/tutorial_taskflow_templates.py for tasks to queue
[2026-06-19T17:14:47.268+0000] {logging_mixin.py:190} INFO - [2026-06-19T17:14:47.267+0000] {dagbag.py:588} INFO - Filling up the DagBag from /home/airflow/.local/lib/python3.12/site-packages/airflow/example_dags/tutorial_taskflow_templates.py
[2026-06-19T17:14:47.363+0000] {processor.py:925} INFO - DAG(s) 'tutorial_taskflow_templates' retrieved from /home/airflow/.local/lib/python3.12/site-packages/airflow/example_dags/tutorial_taskflow_templates.py
[2026-06-19T17:14:47.489+0000] {logging_mixin.py:190} INFO - [2026-06-19T17:14:47.486+0000] {dag.py:3239} INFO - Sync 1 DAGs
[2026-06-19T17:14:47.675+0000] {logging_mixin.py:190} INFO - [2026-06-19T17:14:47.674+0000] {dag.py:4180} INFO - Setting next_dagrun for tutorial_taskflow_templates to 2026-06-18 00:00:00+00:00, run_after=2026-06-19 00:00:00+00:00
[2026-06-19T17:14:47.769+0000] {processor.py:208} INFO - Processing /home/airflow/.local/lib/python3.12/site-packages/airflow/example_dags/tutorial_taskflow_templates.py took 0.559 seconds
[2026-06-19T17:15:18.655+0000] {processor.py:186} INFO - Started process (PID=976) to work on /home/airflow/.local/lib/python3.12/site-packages/airflow/example_dags/tutorial_taskflow_templates.py
[2026-06-19T17:15:18.660+0000] {processor.py:914} INFO - Processing file /home/airflow/.local/lib/python3.12/site-packages/airflow/example_dags/tutorial_taskflow_templates.py for tasks to queue
[2026-06-19T17:15:18.671+0000] {logging_mixin.py:190} INFO - [2026-06-19T17:15:18.670+0000] {dagbag.py:588} INFO - Filling up the DagBag from /home/airflow/.local/lib/python3.12/site-packages/airflow/example_dags/tutorial_taskflow_templates.py
[2026-06-19T17:15:18.721+0000] {processor.py:925} INFO - DAG(s) 'tutorial_taskflow_templates' retrieved from /home/airflow/.local/lib/python3.12/site-packages/airflow/example_dags/tutorial_taskflow_templates.py
[2026-06-19T17:15:18.789+0000] {logging_mixin.py:190} INFO - [2026-06-19T17:15:18.789+0000] {dag.py:3239} INFO - Sync 1 DAGs
[2026-06-19T17:15:18.865+0000] {logging_mixin.py:190} INFO - [2026-06-19T17:15:18.865+0000] {dag.py:4180} INFO - Setting next_dagrun for tutorial_taskflow_templates to 2026-06-18 00:00:00+00:00, run_after=2026-06-19 00:00:00+00:00
[2026-06-19T17:15:18.932+0000] {processor.py:208} INFO - Processing /home/airflow/.local/lib/python3.12/site-packages/airflow/example_dags/tutorial_taskflow_templates.py took 0.299 seconds
[2026-06-19T17:15:50.053+0000] {processor.py:186} INFO - Started process (PID=1040) to work on /home/airflow/.local/lib/python3.12/site-packages/airflow/example_dags/tutorial_taskflow_templates.py
[2026-06-19T17:15:50.058+0000] {processor.py:914} INFO - Processing file /home/airflow/.local/lib/python3.12/site-packages/airflow/example_dags/tutorial_taskflow_templates.py for tasks to queue
[2026-06-19T17:15:50.065+0000] {logging_mixin.py:190} INFO - [2026-06-19T17:15:50.064+0000] {dagbag.py:588} INFO - Filling up the DagBag from /home/airflow/.local/lib/python3.12/site-packages/airflow/example_dags/tutorial_taskflow_templates.py
[2026-06-19T17:15:50.096+0000] {processor.py:925} INFO - DAG(s) 'tutorial_taskflow_templates' retrieved from /home/airflow/.local/lib/python3.12/site-packages/airflow/example_dags/tutorial_taskflow_templates.py
[2026-06-19T17:15:50.137+0000] {logging_mixin.py:190} INFO - [2026-06-19T17:15:50.136+0000] {dag.py:3239} INFO - Sync 1 DAGs
[2026-06-19T17:15:50.179+0000] {logging_mixin.py:190} INFO - [2026-06-19T17:15:50.179+0000] {dag.py:4180} INFO - Setting next_dagrun for tutorial_taskflow_templates to 2026-06-18 00:00:00+00:00, run_after=2026-06-19 00:00:00+00:00
[2026-06-19T17:15:50.217+0000] {processor.py:208} INFO - Processing /home/airflow/.local/lib/python3.12/site-packages/airflow/example_dags/tutorial_taskflow_templates.py took 0.177 seconds
[2026-06-19T17:16:21.033+0000] {processor.py:186} INFO - Started process (PID=1106) to work on /home/airflow/.local/lib/python3.12/site-packages/airflow/example_dags/tutorial_taskflow_templates.py
[2026-06-19T17:16:21.037+0000] {processor.py:914} INFO - Processing file /home/airflow/.local/lib/python3.12/site-packages/airflow/example_dags/tutorial_taskflow_templates.py for tasks to queue
[2026-06-19T17:16:21.045+0000] {logging_mixin.py:190} INFO - [2026-06-19T17:16:21.044+0000] {dagbag.py:588} INFO - Filling up the DagBag from /home/airflow/.local/lib/python3.12/site-packages/airflow/example_dags/tutorial_taskflow_templates.py
[2026-06-19T17:16:21.078+0000] {processor.py:925} INFO - DAG(s) 'tutorial_taskflow_templates' retrieved from /home/airflow/.local/lib/python3.12/site-packages/airflow/example_dags/tutorial_taskflow_templates.py
[2026-06-19T17:16:21.120+0000] {logging_mixin.py:190} INFO - [2026-06-19T17:16:21.120+0000] {dag.py:3239} INFO - Sync 1 DAGs
[2026-06-19T17:16:21.185+0000] {logging_mixin.py:190} INFO - [2026-06-19T17:16:21.184+0000] {dag.py:4180} INFO - Setting next_dagrun for tutorial_taskflow_templates to 2026-06-18 00:00:00+00:00, run_after=2026-06-19 00:00:00+00:00
[2026-06-19T17:16:21.223+0000] {processor.py:208} INFO - Processing /home/airflow/.local/lib/python3.12/site-packages/airflow/example_dags/tutorial_taskflow_templates.py took 0.204 seconds
[2026-06-19T17:16:51.373+0000] {processor.py:186} INFO - Started process (PID=1169) to work on /home/airflow/.local/lib/python3.12/site-packages/airflow/example_dags/tutorial_taskflow_templates.py
[2026-06-19T17:16:51.375+0000] {processor.py:914} INFO - Processing file /home/airflow/.local/lib/python3.12/site-packages/airflow/example_dags/tutorial_taskflow_templates.py for tasks to queue
[2026-06-19T17:16:51.380+0000] {logging_mixin.py:190} INFO - [2026-06-19T17:16:51.379+0000] {dagbag.py:588} INFO - Filling up the DagBag from /home/airflow/.local/lib/python3.12/site-packages/airflow/example_dags/tutorial_taskflow_templates.py
[2026-06-19T17:16:51.398+0000] {processor.py:925} INFO - DAG(s) 'tutorial_taskflow_templates' retrieved from /home/airflow/.local/lib/python3.12/site-packages/airflow/example_dags/tutorial_taskflow_templates.py
[2026-06-19T17:16:51.426+0000] {logging_mixin.py:190} INFO - [2026-06-19T17:16:51.426+0000] {dag.py:3239} INFO - Sync 1 DAGs
[2026-06-19T17:16:51.460+0000] {logging_mixin.py:190} INFO - [2026-06-19T17:16:51.459+0000] {dag.py:4180} INFO - Setting next_dagrun for tutorial_taskflow_templates to 2026-06-18 00:00:00+00:00, run_after=2026-06-19 00:00:00+00:00
[2026-06-19T17:16:51.484+0000] {processor.py:208} INFO - Processing /home/airflow/.local/lib/python3.12/site-packages/airflow/example_dags/tutorial_taskflow_templates.py took 0.118 seconds
[2026-06-19T17:17:21.670+0000] {processor.py:186} INFO - Started process (PID=1233) to work on /home/airflow/.local/lib/python3.12/site-packages/airflow/example_dags/tutorial_taskflow_templates.py
[2026-06-19T17:17:21.673+0000] {processor.py:914} INFO - Processing file /home/airflow/.local/lib/python3.12/site-packages/airflow/example_dags/tutorial_taskflow_templates.py for tasks to queue
[2026-06-19T17:17:21.677+0000] {logging_mixin.py:190} INFO - [2026-06-19T17:17:21.677+0000] {dagbag.py:588} INFO - Filling up the DagBag from /home/airflow/.local/lib/python3.12/site-packages/airflow/example_dags/tutorial_taskflow_templates.py
[2026-06-19T17:17:21.695+0000] {processor.py:925} INFO - DAG(s) 'tutorial_taskflow_templates' retrieved from /home/airflow/.local/lib/python3.12/site-packages/airflow/example_dags/tutorial_taskflow_templates.py
[2026-06-19T17:17:21.721+0000] {logging_mixin.py:190} INFO - [2026-06-19T17:17:21.721+0000] {dag.py:3239} INFO - Sync 1 DAGs
[2026-06-19T17:17:21.753+0000] {logging_mixin.py:190} INFO - [2026-06-19T17:17:21.753+0000] {dag.py:4180} INFO - Setting next_dagrun for tutorial_taskflow_templates to 2026-06-18 00:00:00+00:00, run_after=2026-06-19 00:00:00+00:00
[2026-06-19T17:17:21.775+0000] {processor.py:208} INFO - Processing /home/airflow/.local/lib/python3.12/site-packages/airflow/example_dags/tutorial_taskflow_templates.py took 0.113 seconds
[2026-06-19T17:17:53.557+0000] {processor.py:186} INFO - Started process (PID=1298) to work on /home/airflow/.local/lib/python3.12/site-packages/airflow/example_dags/tutorial_taskflow_templates.py
[2026-06-19T17:17:53.562+0000] {processor.py:914} INFO - Processing file /home/airflow/.local/lib/python3.12/site-packages/airflow/example_dags/tutorial_taskflow_templates.py for tasks to queue
[2026-06-19T17:17:53.578+0000] {logging_mixin.py:190} INFO - [2026-06-19T17:17:53.577+0000] {dagbag.py:588} INFO - Filling up the DagBag from /home/airflow/.local/lib/python3.12/site-packages/airflow/example_dags/tutorial_taskflow_templates.py
[2026-06-19T17:17:53.618+0000] {processor.py:925} INFO - DAG(s) 'tutorial_taskflow_templates' retrieved from /home/airflow/.local/lib/python3.12/site-packages/airflow/example_dags/tutorial_taskflow_templates.py
[2026-06-19T17:17:53.682+0000] {logging_mixin.py:190} INFO - [2026-06-19T17:17:53.681+0000] {dag.py:3239} INFO - Sync 1 DAGs
[2026-06-19T17:17:53.768+0000] {logging_mixin.py:190} INFO - [2026-06-19T17:17:53.768+0000] {dag.py:4180} INFO - Setting next_dagrun for tutorial_taskflow_templates to 2026-06-18 00:00:00+00:00, run_after=2026-06-19 00:00:00+00:00
[2026-06-19T17:17:53.825+0000] {processor.py:208} INFO - Processing /home/airflow/.local/lib/python3.12/site-packages/airflow/example_dags/tutorial_taskflow_templates.py took 0.327 seconds
