[2026-06-18T19:12:28.114+0000] {processor.py:186} INFO - Started process (PID=115) to work on /home/airflow/.local/lib/python3.12/site-packages/airflow/example_dags/example_bash_decorator.py
[2026-06-18T19:12:28.117+0000] {processor.py:914} INFO - Processing file /home/airflow/.local/lib/python3.12/site-packages/airflow/example_dags/example_bash_decorator.py for tasks to queue
[2026-06-18T19:12:28.123+0000] {logging_mixin.py:190} INFO - [2026-06-18T19:12:28.122+0000] {dagbag.py:588} INFO - Filling up the DagBag from /home/airflow/.local/lib/python3.12/site-packages/airflow/example_dags/example_bash_decorator.py
[2026-06-18T19:12:28.170+0000] {processor.py:925} INFO - DAG(s) 'example_bash_decorator' retrieved from /home/airflow/.local/lib/python3.12/site-packages/airflow/example_dags/example_bash_decorator.py
[2026-06-18T19:12:28.466+0000] {logging_mixin.py:190} INFO - [2026-06-18T19:12:28.466+0000] {dag.py:3239} INFO - Sync 1 DAGs
[2026-06-18T19:12:28.491+0000] {logging_mixin.py:190} INFO - [2026-06-18T19:12:28.491+0000] {dag.py:4180} INFO - Setting next_dagrun for example_bash_decorator to None, run_after=None
[2026-06-18T19:12:28.535+0000] {processor.py:208} INFO - Processing /home/airflow/.local/lib/python3.12/site-packages/airflow/example_dags/example_bash_decorator.py took 0.448 seconds
[2026-06-18T19:12:59.756+0000] {processor.py:186} INFO - Started process (PID=178) to work on /home/airflow/.local/lib/python3.12/site-packages/airflow/example_dags/example_bash_decorator.py
[2026-06-18T19:12:59.762+0000] {processor.py:914} INFO - Processing file /home/airflow/.local/lib/python3.12/site-packages/airflow/example_dags/example_bash_decorator.py for tasks to queue
[2026-06-18T19:12:59.771+0000] {logging_mixin.py:190} INFO - [2026-06-18T19:12:59.770+0000] {dagbag.py:588} INFO - Filling up the DagBag from /home/airflow/.local/lib/python3.12/site-packages/airflow/example_dags/example_bash_decorator.py
[2026-06-18T19:12:59.823+0000] {processor.py:925} INFO - DAG(s) 'example_bash_decorator' retrieved from /home/airflow/.local/lib/python3.12/site-packages/airflow/example_dags/example_bash_decorator.py
[2026-06-18T19:12:59.910+0000] {logging_mixin.py:190} INFO - [2026-06-18T19:12:59.909+0000] {dag.py:3239} INFO - Sync 1 DAGs
[2026-06-18T19:12:59.952+0000] {logging_mixin.py:190} INFO - [2026-06-18T19:12:59.952+0000] {dag.py:4180} INFO - Setting next_dagrun for example_bash_decorator to None, run_after=None
[2026-06-18T19:12:59.994+0000] {processor.py:208} INFO - Processing /home/airflow/.local/lib/python3.12/site-packages/airflow/example_dags/example_bash_decorator.py took 0.265 seconds
[2026-06-18T19:13:38.096+0000] {processor.py:186} INFO - Started process (PID=242) to work on /home/airflow/.local/lib/python3.12/site-packages/airflow/example_dags/example_bash_decorator.py
[2026-06-18T19:13:38.102+0000] {processor.py:914} INFO - Processing file /home/airflow/.local/lib/python3.12/site-packages/airflow/example_dags/example_bash_decorator.py for tasks to queue
[2026-06-18T19:13:38.110+0000] {logging_mixin.py:190} INFO - [2026-06-18T19:13:38.110+0000] {dagbag.py:588} INFO - Filling up the DagBag from /home/airflow/.local/lib/python3.12/site-packages/airflow/example_dags/example_bash_decorator.py
[2026-06-18T19:13:38.174+0000] {processor.py:925} INFO - DAG(s) 'example_bash_decorator' retrieved from /home/airflow/.local/lib/python3.12/site-packages/airflow/example_dags/example_bash_decorator.py
[2026-06-18T19:13:38.252+0000] {logging_mixin.py:190} INFO - [2026-06-18T19:13:38.251+0000] {dag.py:3239} INFO - Sync 1 DAGs
[2026-06-18T19:13:38.291+0000] {logging_mixin.py:190} INFO - [2026-06-18T19:13:38.290+0000] {dag.py:4180} INFO - Setting next_dagrun for example_bash_decorator to None, run_after=None
[2026-06-18T19:13:38.332+0000] {processor.py:208} INFO - Processing /home/airflow/.local/lib/python3.12/site-packages/airflow/example_dags/example_bash_decorator.py took 0.265 seconds
[2026-06-18T19:14:09.631+0000] {processor.py:186} INFO - Started process (PID=305) to work on /home/airflow/.local/lib/python3.12/site-packages/airflow/example_dags/example_bash_decorator.py
[2026-06-18T19:14:09.635+0000] {processor.py:914} INFO - Processing file /home/airflow/.local/lib/python3.12/site-packages/airflow/example_dags/example_bash_decorator.py for tasks to queue
[2026-06-18T19:14:09.644+0000] {logging_mixin.py:190} INFO - [2026-06-18T19:14:09.644+0000] {dagbag.py:588} INFO - Filling up the DagBag from /home/airflow/.local/lib/python3.12/site-packages/airflow/example_dags/example_bash_decorator.py
[2026-06-18T19:14:09.686+0000] {processor.py:925} INFO - DAG(s) 'example_bash_decorator' retrieved from /home/airflow/.local/lib/python3.12/site-packages/airflow/example_dags/example_bash_decorator.py
[2026-06-18T19:14:09.749+0000] {logging_mixin.py:190} INFO - [2026-06-18T19:14:09.748+0000] {dag.py:3239} INFO - Sync 1 DAGs
[2026-06-18T19:14:09.784+0000] {logging_mixin.py:190} INFO - [2026-06-18T19:14:09.783+0000] {dag.py:4180} INFO - Setting next_dagrun for example_bash_decorator to None, run_after=None
[2026-06-18T19:14:09.827+0000] {processor.py:208} INFO - Processing /home/airflow/.local/lib/python3.12/site-packages/airflow/example_dags/example_bash_decorator.py took 0.217 seconds
[2026-06-18T19:14:40.037+0000] {processor.py:186} INFO - Started process (PID=369) to work on /home/airflow/.local/lib/python3.12/site-packages/airflow/example_dags/example_bash_decorator.py
[2026-06-18T19:14:40.041+0000] {processor.py:914} INFO - Processing file /home/airflow/.local/lib/python3.12/site-packages/airflow/example_dags/example_bash_decorator.py for tasks to queue
[2026-06-18T19:14:40.063+0000] {logging_mixin.py:190} INFO - [2026-06-18T19:14:40.063+0000] {dagbag.py:588} INFO - Filling up the DagBag from /home/airflow/.local/lib/python3.12/site-packages/airflow/example_dags/example_bash_decorator.py
[2026-06-18T19:14:40.090+0000] {processor.py:925} INFO - DAG(s) 'example_bash_decorator' retrieved from /home/airflow/.local/lib/python3.12/site-packages/airflow/example_dags/example_bash_decorator.py
[2026-06-18T19:14:40.129+0000] {logging_mixin.py:190} INFO - [2026-06-18T19:14:40.129+0000] {dag.py:3239} INFO - Sync 1 DAGs
[2026-06-18T19:14:40.150+0000] {logging_mixin.py:190} INFO - [2026-06-18T19:14:40.150+0000] {dag.py:4180} INFO - Setting next_dagrun for example_bash_decorator to None, run_after=None
[2026-06-18T19:14:40.179+0000] {processor.py:208} INFO - Processing /home/airflow/.local/lib/python3.12/site-packages/airflow/example_dags/example_bash_decorator.py took 0.154 seconds
[2026-06-18T19:15:11.978+0000] {processor.py:186} INFO - Started process (PID=433) to work on /home/airflow/.local/lib/python3.12/site-packages/airflow/example_dags/example_bash_decorator.py
[2026-06-18T19:15:11.981+0000] {processor.py:914} INFO - Processing file /home/airflow/.local/lib/python3.12/site-packages/airflow/example_dags/example_bash_decorator.py for tasks to queue
[2026-06-18T19:15:11.986+0000] {logging_mixin.py:190} INFO - [2026-06-18T19:15:11.985+0000] {dagbag.py:588} INFO - Filling up the DagBag from /home/airflow/.local/lib/python3.12/site-packages/airflow/example_dags/example_bash_decorator.py
[2026-06-18T19:15:12.015+0000] {processor.py:925} INFO - DAG(s) 'example_bash_decorator' retrieved from /home/airflow/.local/lib/python3.12/site-packages/airflow/example_dags/example_bash_decorator.py
[2026-06-18T19:15:12.165+0000] {logging_mixin.py:190} INFO - [2026-06-18T19:15:12.158+0000] {dag.py:3239} INFO - Sync 1 DAGs
[2026-06-18T19:15:12.261+0000] {logging_mixin.py:190} INFO - [2026-06-18T19:15:12.260+0000] {dag.py:4180} INFO - Setting next_dagrun for example_bash_decorator to None, run_after=None
[2026-06-18T19:15:12.352+0000] {processor.py:208} INFO - Processing /home/airflow/.local/lib/python3.12/site-packages/airflow/example_dags/example_bash_decorator.py took 0.382 seconds
[2026-06-18T19:15:42.976+0000] {processor.py:186} INFO - Started process (PID=496) to work on /home/airflow/.local/lib/python3.12/site-packages/airflow/example_dags/example_bash_decorator.py
[2026-06-18T19:15:42.979+0000] {processor.py:914} INFO - Processing file /home/airflow/.local/lib/python3.12/site-packages/airflow/example_dags/example_bash_decorator.py for tasks to queue
[2026-06-18T19:15:42.982+0000] {logging_mixin.py:190} INFO - [2026-06-18T19:15:42.981+0000] {dagbag.py:588} INFO - Filling up the DagBag from /home/airflow/.local/lib/python3.12/site-packages/airflow/example_dags/example_bash_decorator.py
[2026-06-18T19:15:42.994+0000] {processor.py:925} INFO - DAG(s) 'example_bash_decorator' retrieved from /home/airflow/.local/lib/python3.12/site-packages/airflow/example_dags/example_bash_decorator.py
[2026-06-18T19:15:43.024+0000] {logging_mixin.py:190} INFO - [2026-06-18T19:15:43.024+0000] {dag.py:3239} INFO - Sync 1 DAGs
[2026-06-18T19:15:43.037+0000] {logging_mixin.py:190} INFO - [2026-06-18T19:15:43.037+0000] {dag.py:4180} INFO - Setting next_dagrun for example_bash_decorator to None, run_after=None
[2026-06-18T19:15:43.055+0000] {processor.py:208} INFO - Processing /home/airflow/.local/lib/python3.12/site-packages/airflow/example_dags/example_bash_decorator.py took 0.084 seconds
[2026-06-18T19:16:13.188+0000] {processor.py:186} INFO - Started process (PID=560) to work on /home/airflow/.local/lib/python3.12/site-packages/airflow/example_dags/example_bash_decorator.py
[2026-06-18T19:16:13.191+0000] {processor.py:914} INFO - Processing file /home/airflow/.local/lib/python3.12/site-packages/airflow/example_dags/example_bash_decorator.py for tasks to queue
[2026-06-18T19:16:13.205+0000] {logging_mixin.py:190} INFO - [2026-06-18T19:16:13.204+0000] {dagbag.py:588} INFO - Filling up the DagBag from /home/airflow/.local/lib/python3.12/site-packages/airflow/example_dags/example_bash_decorator.py
[2026-06-18T19:16:13.257+0000] {processor.py:925} INFO - DAG(s) 'example_bash_decorator' retrieved from /home/airflow/.local/lib/python3.12/site-packages/airflow/example_dags/example_bash_decorator.py
[2026-06-18T19:16:13.328+0000] {logging_mixin.py:190} INFO - [2026-06-18T19:16:13.327+0000] {dag.py:3239} INFO - Sync 1 DAGs
[2026-06-18T19:16:13.382+0000] {logging_mixin.py:190} INFO - [2026-06-18T19:16:13.382+0000] {dag.py:4180} INFO - Setting next_dagrun for example_bash_decorator to None, run_after=None
[2026-06-18T19:16:13.453+0000] {processor.py:208} INFO - Processing /home/airflow/.local/lib/python3.12/site-packages/airflow/example_dags/example_bash_decorator.py took 0.290 seconds
[2026-06-18T19:16:45.534+0000] {processor.py:186} INFO - Started process (PID=624) to work on /home/airflow/.local/lib/python3.12/site-packages/airflow/example_dags/example_bash_decorator.py
[2026-06-18T19:16:45.539+0000] {processor.py:914} INFO - Processing file /home/airflow/.local/lib/python3.12/site-packages/airflow/example_dags/example_bash_decorator.py for tasks to queue
[2026-06-18T19:16:45.548+0000] {logging_mixin.py:190} INFO - [2026-06-18T19:16:45.547+0000] {dagbag.py:588} INFO - Filling up the DagBag from /home/airflow/.local/lib/python3.12/site-packages/airflow/example_dags/example_bash_decorator.py
[2026-06-18T19:16:45.591+0000] {processor.py:925} INFO - DAG(s) 'example_bash_decorator' retrieved from /home/airflow/.local/lib/python3.12/site-packages/airflow/example_dags/example_bash_decorator.py
[2026-06-18T19:16:45.652+0000] {logging_mixin.py:190} INFO - [2026-06-18T19:16:45.651+0000] {dag.py:3239} INFO - Sync 1 DAGs
[2026-06-18T19:16:45.700+0000] {logging_mixin.py:190} INFO - [2026-06-18T19:16:45.700+0000] {dag.py:4180} INFO - Setting next_dagrun for example_bash_decorator to None, run_after=None
[2026-06-18T19:16:45.743+0000] {processor.py:208} INFO - Processing /home/airflow/.local/lib/python3.12/site-packages/airflow/example_dags/example_bash_decorator.py took 0.230 seconds
[2026-06-18T19:17:16.508+0000] {processor.py:186} INFO - Started process (PID=688) to work on /home/airflow/.local/lib/python3.12/site-packages/airflow/example_dags/example_bash_decorator.py
[2026-06-18T19:17:16.511+0000] {processor.py:914} INFO - Processing file /home/airflow/.local/lib/python3.12/site-packages/airflow/example_dags/example_bash_decorator.py for tasks to queue
[2026-06-18T19:17:16.515+0000] {logging_mixin.py:190} INFO - [2026-06-18T19:17:16.514+0000] {dagbag.py:588} INFO - Filling up the DagBag from /home/airflow/.local/lib/python3.12/site-packages/airflow/example_dags/example_bash_decorator.py
[2026-06-18T19:17:16.530+0000] {processor.py:925} INFO - DAG(s) 'example_bash_decorator' retrieved from /home/airflow/.local/lib/python3.12/site-packages/airflow/example_dags/example_bash_decorator.py
[2026-06-18T19:17:16.567+0000] {logging_mixin.py:190} INFO - [2026-06-18T19:17:16.566+0000] {dag.py:3239} INFO - Sync 1 DAGs
[2026-06-18T19:17:16.591+0000] {logging_mixin.py:190} INFO - [2026-06-18T19:17:16.590+0000] {dag.py:4180} INFO - Setting next_dagrun for example_bash_decorator to None, run_after=None
[2026-06-18T19:17:16.621+0000] {processor.py:208} INFO - Processing /home/airflow/.local/lib/python3.12/site-packages/airflow/example_dags/example_bash_decorator.py took 0.120 seconds
[2026-06-18T19:17:49.578+0000] {processor.py:186} INFO - Started process (PID=759) to work on /home/airflow/.local/lib/python3.12/site-packages/airflow/example_dags/example_bash_decorator.py
[2026-06-18T19:17:49.591+0000] {processor.py:914} INFO - Processing file /home/airflow/.local/lib/python3.12/site-packages/airflow/example_dags/example_bash_decorator.py for tasks to queue
[2026-06-18T19:17:49.608+0000] {logging_mixin.py:190} INFO - [2026-06-18T19:17:49.607+0000] {dagbag.py:588} INFO - Filling up the DagBag from /home/airflow/.local/lib/python3.12/site-packages/airflow/example_dags/example_bash_decorator.py
[2026-06-18T19:17:49.677+0000] {processor.py:925} INFO - DAG(s) 'example_bash_decorator' retrieved from /home/airflow/.local/lib/python3.12/site-packages/airflow/example_dags/example_bash_decorator.py
[2026-06-18T19:17:49.764+0000] {logging_mixin.py:190} INFO - [2026-06-18T19:17:49.763+0000] {dag.py:3239} INFO - Sync 1 DAGs
[2026-06-18T19:17:49.819+0000] {logging_mixin.py:190} INFO - [2026-06-18T19:17:49.819+0000] {dag.py:4180} INFO - Setting next_dagrun for example_bash_decorator to None, run_after=None
[2026-06-18T19:17:49.883+0000] {processor.py:208} INFO - Processing /home/airflow/.local/lib/python3.12/site-packages/airflow/example_dags/example_bash_decorator.py took 0.332 seconds
[2026-06-18T19:18:20.222+0000] {processor.py:186} INFO - Started process (PID=824) to work on /home/airflow/.local/lib/python3.12/site-packages/airflow/example_dags/example_bash_decorator.py
[2026-06-18T19:18:20.226+0000] {processor.py:914} INFO - Processing file /home/airflow/.local/lib/python3.12/site-packages/airflow/example_dags/example_bash_decorator.py for tasks to queue
[2026-06-18T19:18:20.232+0000] {logging_mixin.py:190} INFO - [2026-06-18T19:18:20.231+0000] {dagbag.py:588} INFO - Filling up the DagBag from /home/airflow/.local/lib/python3.12/site-packages/airflow/example_dags/example_bash_decorator.py
[2026-06-18T19:18:20.265+0000] {processor.py:925} INFO - DAG(s) 'example_bash_decorator' retrieved from /home/airflow/.local/lib/python3.12/site-packages/airflow/example_dags/example_bash_decorator.py
[2026-06-18T19:18:20.322+0000] {logging_mixin.py:190} INFO - [2026-06-18T19:18:20.322+0000] {dag.py:3239} INFO - Sync 1 DAGs
[2026-06-18T19:18:20.350+0000] {logging_mixin.py:190} INFO - [2026-06-18T19:18:20.350+0000] {dag.py:4180} INFO - Setting next_dagrun for example_bash_decorator to None, run_after=None
[2026-06-18T19:18:20.390+0000] {processor.py:208} INFO - Processing /home/airflow/.local/lib/python3.12/site-packages/airflow/example_dags/example_bash_decorator.py took 0.180 seconds
[2026-06-18T19:18:52.016+0000] {processor.py:186} INFO - Started process (PID=887) to work on /home/airflow/.local/lib/python3.12/site-packages/airflow/example_dags/example_bash_decorator.py
[2026-06-18T19:18:52.024+0000] {processor.py:914} INFO - Processing file /home/airflow/.local/lib/python3.12/site-packages/airflow/example_dags/example_bash_decorator.py for tasks to queue
[2026-06-18T19:18:52.037+0000] {logging_mixin.py:190} INFO - [2026-06-18T19:18:52.035+0000] {dagbag.py:588} INFO - Filling up the DagBag from /home/airflow/.local/lib/python3.12/site-packages/airflow/example_dags/example_bash_decorator.py
[2026-06-18T19:18:52.110+0000] {processor.py:925} INFO - DAG(s) 'example_bash_decorator' retrieved from /home/airflow/.local/lib/python3.12/site-packages/airflow/example_dags/example_bash_decorator.py
[2026-06-18T19:18:52.247+0000] {logging_mixin.py:190} INFO - [2026-06-18T19:18:52.246+0000] {dag.py:3239} INFO - Sync 1 DAGs
[2026-06-18T19:18:52.341+0000] {logging_mixin.py:190} INFO - [2026-06-18T19:18:52.341+0000] {dag.py:4180} INFO - Setting next_dagrun for example_bash_decorator to None, run_after=None
[2026-06-18T19:18:52.455+0000] {processor.py:208} INFO - Processing /home/airflow/.local/lib/python3.12/site-packages/airflow/example_dags/example_bash_decorator.py took 0.469 seconds
[2026-06-18T19:19:23.947+0000] {processor.py:186} INFO - Started process (PID=951) to work on /home/airflow/.local/lib/python3.12/site-packages/airflow/example_dags/example_bash_decorator.py
[2026-06-18T19:19:23.953+0000] {processor.py:914} INFO - Processing file /home/airflow/.local/lib/python3.12/site-packages/airflow/example_dags/example_bash_decorator.py for tasks to queue
[2026-06-18T19:19:23.965+0000] {logging_mixin.py:190} INFO - [2026-06-18T19:19:23.963+0000] {dagbag.py:588} INFO - Filling up the DagBag from /home/airflow/.local/lib/python3.12/site-packages/airflow/example_dags/example_bash_decorator.py
[2026-06-18T19:19:24.025+0000] {processor.py:925} INFO - DAG(s) 'example_bash_decorator' retrieved from /home/airflow/.local/lib/python3.12/site-packages/airflow/example_dags/example_bash_decorator.py
[2026-06-18T19:19:24.115+0000] {logging_mixin.py:190} INFO - [2026-06-18T19:19:24.114+0000] {dag.py:3239} INFO - Sync 1 DAGs
[2026-06-18T19:19:24.180+0000] {logging_mixin.py:190} INFO - [2026-06-18T19:19:24.178+0000] {dag.py:4180} INFO - Setting next_dagrun for example_bash_decorator to None, run_after=None
[2026-06-18T19:19:24.234+0000] {processor.py:208} INFO - Processing /home/airflow/.local/lib/python3.12/site-packages/airflow/example_dags/example_bash_decorator.py took 0.310 seconds
[2026-06-18T19:19:54.352+0000] {processor.py:186} INFO - Started process (PID=1015) to work on /home/airflow/.local/lib/python3.12/site-packages/airflow/example_dags/example_bash_decorator.py
[2026-06-18T19:19:54.355+0000] {processor.py:914} INFO - Processing file /home/airflow/.local/lib/python3.12/site-packages/airflow/example_dags/example_bash_decorator.py for tasks to queue
[2026-06-18T19:19:54.358+0000] {logging_mixin.py:190} INFO - [2026-06-18T19:19:54.358+0000] {dagbag.py:588} INFO - Filling up the DagBag from /home/airflow/.local/lib/python3.12/site-packages/airflow/example_dags/example_bash_decorator.py
[2026-06-18T19:19:54.373+0000] {processor.py:925} INFO - DAG(s) 'example_bash_decorator' retrieved from /home/airflow/.local/lib/python3.12/site-packages/airflow/example_dags/example_bash_decorator.py
[2026-06-18T19:19:54.401+0000] {logging_mixin.py:190} INFO - [2026-06-18T19:19:54.401+0000] {dag.py:3239} INFO - Sync 1 DAGs
[2026-06-18T19:19:54.417+0000] {logging_mixin.py:190} INFO - [2026-06-18T19:19:54.416+0000] {dag.py:4180} INFO - Setting next_dagrun for example_bash_decorator to None, run_after=None
[2026-06-18T19:19:54.434+0000] {processor.py:208} INFO - Processing /home/airflow/.local/lib/python3.12/site-packages/airflow/example_dags/example_bash_decorator.py took 0.087 seconds
[2026-06-18T19:20:26.195+0000] {processor.py:186} INFO - Started process (PID=1079) to work on /home/airflow/.local/lib/python3.12/site-packages/airflow/example_dags/example_bash_decorator.py
[2026-06-18T19:20:26.202+0000] {processor.py:914} INFO - Processing file /home/airflow/.local/lib/python3.12/site-packages/airflow/example_dags/example_bash_decorator.py for tasks to queue
[2026-06-18T19:20:26.211+0000] {logging_mixin.py:190} INFO - [2026-06-18T19:20:26.210+0000] {dagbag.py:588} INFO - Filling up the DagBag from /home/airflow/.local/lib/python3.12/site-packages/airflow/example_dags/example_bash_decorator.py
[2026-06-18T19:20:26.258+0000] {processor.py:925} INFO - DAG(s) 'example_bash_decorator' retrieved from /home/airflow/.local/lib/python3.12/site-packages/airflow/example_dags/example_bash_decorator.py
[2026-06-18T19:20:26.328+0000] {logging_mixin.py:190} INFO - [2026-06-18T19:20:26.327+0000] {dag.py:3239} INFO - Sync 1 DAGs
[2026-06-18T19:20:26.374+0000] {logging_mixin.py:190} INFO - [2026-06-18T19:20:26.374+0000] {dag.py:4180} INFO - Setting next_dagrun for example_bash_decorator to None, run_after=None
[2026-06-18T19:20:26.430+0000] {processor.py:208} INFO - Processing /home/airflow/.local/lib/python3.12/site-packages/airflow/example_dags/example_bash_decorator.py took 0.257 seconds
[2026-06-18T19:20:58.538+0000] {processor.py:186} INFO - Started process (PID=1144) to work on /home/airflow/.local/lib/python3.12/site-packages/airflow/example_dags/example_bash_decorator.py
[2026-06-18T19:20:58.542+0000] {processor.py:914} INFO - Processing file /home/airflow/.local/lib/python3.12/site-packages/airflow/example_dags/example_bash_decorator.py for tasks to queue
[2026-06-18T19:20:58.556+0000] {logging_mixin.py:190} INFO - [2026-06-18T19:20:58.555+0000] {dagbag.py:588} INFO - Filling up the DagBag from /home/airflow/.local/lib/python3.12/site-packages/airflow/example_dags/example_bash_decorator.py
[2026-06-18T19:20:58.604+0000] {processor.py:925} INFO - DAG(s) 'example_bash_decorator' retrieved from /home/airflow/.local/lib/python3.12/site-packages/airflow/example_dags/example_bash_decorator.py
[2026-06-18T19:20:58.665+0000] {logging_mixin.py:190} INFO - [2026-06-18T19:20:58.664+0000] {dag.py:3239} INFO - Sync 1 DAGs
[2026-06-18T19:20:58.703+0000] {logging_mixin.py:190} INFO - [2026-06-18T19:20:58.703+0000] {dag.py:4180} INFO - Setting next_dagrun for example_bash_decorator to None, run_after=None
[2026-06-18T19:20:58.745+0000] {processor.py:208} INFO - Processing /home/airflow/.local/lib/python3.12/site-packages/airflow/example_dags/example_bash_decorator.py took 0.224 seconds
[2026-06-18T19:21:29.166+0000] {processor.py:186} INFO - Started process (PID=1208) to work on /home/airflow/.local/lib/python3.12/site-packages/airflow/example_dags/example_bash_decorator.py
[2026-06-18T19:21:29.171+0000] {processor.py:914} INFO - Processing file /home/airflow/.local/lib/python3.12/site-packages/airflow/example_dags/example_bash_decorator.py for tasks to queue
[2026-06-18T19:21:29.176+0000] {logging_mixin.py:190} INFO - [2026-06-18T19:21:29.176+0000] {dagbag.py:588} INFO - Filling up the DagBag from /home/airflow/.local/lib/python3.12/site-packages/airflow/example_dags/example_bash_decorator.py
[2026-06-18T19:21:29.208+0000] {processor.py:925} INFO - DAG(s) 'example_bash_decorator' retrieved from /home/airflow/.local/lib/python3.12/site-packages/airflow/example_dags/example_bash_decorator.py
[2026-06-18T19:21:29.249+0000] {logging_mixin.py:190} INFO - [2026-06-18T19:21:29.249+0000] {dag.py:3239} INFO - Sync 1 DAGs
[2026-06-18T19:21:29.272+0000] {logging_mixin.py:190} INFO - [2026-06-18T19:21:29.271+0000] {dag.py:4180} INFO - Setting next_dagrun for example_bash_decorator to None, run_after=None
[2026-06-18T19:21:29.302+0000] {processor.py:208} INFO - Processing /home/airflow/.local/lib/python3.12/site-packages/airflow/example_dags/example_bash_decorator.py took 0.149 seconds
[2026-06-18T19:22:01.817+0000] {processor.py:186} INFO - Started process (PID=1272) to work on /home/airflow/.local/lib/python3.12/site-packages/airflow/example_dags/example_bash_decorator.py
[2026-06-18T19:22:01.828+0000] {processor.py:914} INFO - Processing file /home/airflow/.local/lib/python3.12/site-packages/airflow/example_dags/example_bash_decorator.py for tasks to queue
[2026-06-18T19:22:01.847+0000] {logging_mixin.py:190} INFO - [2026-06-18T19:22:01.845+0000] {dagbag.py:588} INFO - Filling up the DagBag from /home/airflow/.local/lib/python3.12/site-packages/airflow/example_dags/example_bash_decorator.py
[2026-06-18T19:22:01.965+0000] {processor.py:925} INFO - DAG(s) 'example_bash_decorator' retrieved from /home/airflow/.local/lib/python3.12/site-packages/airflow/example_dags/example_bash_decorator.py
[2026-06-18T19:22:02.092+0000] {logging_mixin.py:190} INFO - [2026-06-18T19:22:02.091+0000] {dag.py:3239} INFO - Sync 1 DAGs
[2026-06-18T19:22:02.161+0000] {logging_mixin.py:190} INFO - [2026-06-18T19:22:02.160+0000] {dag.py:4180} INFO - Setting next_dagrun for example_bash_decorator to None, run_after=None
[2026-06-18T19:22:02.241+0000] {processor.py:208} INFO - Processing /home/airflow/.local/lib/python3.12/site-packages/airflow/example_dags/example_bash_decorator.py took 0.477 seconds
[2026-06-18T19:22:34.611+0000] {processor.py:186} INFO - Started process (PID=1336) to work on /home/airflow/.local/lib/python3.12/site-packages/airflow/example_dags/example_bash_decorator.py
[2026-06-18T19:22:34.615+0000] {processor.py:914} INFO - Processing file /home/airflow/.local/lib/python3.12/site-packages/airflow/example_dags/example_bash_decorator.py for tasks to queue
[2026-06-18T19:22:34.623+0000] {logging_mixin.py:190} INFO - [2026-06-18T19:22:34.622+0000] {dagbag.py:588} INFO - Filling up the DagBag from /home/airflow/.local/lib/python3.12/site-packages/airflow/example_dags/example_bash_decorator.py
[2026-06-18T19:22:34.667+0000] {processor.py:925} INFO - DAG(s) 'example_bash_decorator' retrieved from /home/airflow/.local/lib/python3.12/site-packages/airflow/example_dags/example_bash_decorator.py
[2026-06-18T19:22:34.731+0000] {logging_mixin.py:190} INFO - [2026-06-18T19:22:34.731+0000] {dag.py:3239} INFO - Sync 1 DAGs
[2026-06-18T19:22:34.779+0000] {logging_mixin.py:190} INFO - [2026-06-18T19:22:34.779+0000] {dag.py:4180} INFO - Setting next_dagrun for example_bash_decorator to None, run_after=None
[2026-06-18T19:22:34.837+0000] {processor.py:208} INFO - Processing /home/airflow/.local/lib/python3.12/site-packages/airflow/example_dags/example_bash_decorator.py took 0.254 seconds
[2026-06-18T19:23:04.916+0000] {processor.py:186} INFO - Started process (PID=1400) to work on /home/airflow/.local/lib/python3.12/site-packages/airflow/example_dags/example_bash_decorator.py
[2026-06-18T19:23:04.920+0000] {processor.py:914} INFO - Processing file /home/airflow/.local/lib/python3.12/site-packages/airflow/example_dags/example_bash_decorator.py for tasks to queue
[2026-06-18T19:23:04.925+0000] {logging_mixin.py:190} INFO - [2026-06-18T19:23:04.924+0000] {dagbag.py:588} INFO - Filling up the DagBag from /home/airflow/.local/lib/python3.12/site-packages/airflow/example_dags/example_bash_decorator.py
[2026-06-18T19:23:04.951+0000] {processor.py:925} INFO - DAG(s) 'example_bash_decorator' retrieved from /home/airflow/.local/lib/python3.12/site-packages/airflow/example_dags/example_bash_decorator.py
[2026-06-18T19:23:04.992+0000] {logging_mixin.py:190} INFO - [2026-06-18T19:23:04.991+0000] {dag.py:3239} INFO - Sync 1 DAGs
[2026-06-18T19:23:05.016+0000] {logging_mixin.py:190} INFO - [2026-06-18T19:23:05.016+0000] {dag.py:4180} INFO - Setting next_dagrun for example_bash_decorator to None, run_after=None
[2026-06-18T19:23:05.044+0000] {processor.py:208} INFO - Processing /home/airflow/.local/lib/python3.12/site-packages/airflow/example_dags/example_bash_decorator.py took 0.137 seconds
[2026-06-18T19:23:38.604+0000] {processor.py:186} INFO - Started process (PID=1467) to work on /home/airflow/.local/lib/python3.12/site-packages/airflow/example_dags/example_bash_decorator.py
[2026-06-18T19:23:38.611+0000] {processor.py:914} INFO - Processing file /home/airflow/.local/lib/python3.12/site-packages/airflow/example_dags/example_bash_decorator.py for tasks to queue
[2026-06-18T19:23:38.623+0000] {logging_mixin.py:190} INFO - [2026-06-18T19:23:38.621+0000] {dagbag.py:588} INFO - Filling up the DagBag from /home/airflow/.local/lib/python3.12/site-packages/airflow/example_dags/example_bash_decorator.py
[2026-06-18T19:23:38.694+0000] {processor.py:925} INFO - DAG(s) 'example_bash_decorator' retrieved from /home/airflow/.local/lib/python3.12/site-packages/airflow/example_dags/example_bash_decorator.py
[2026-06-18T19:23:38.844+0000] {logging_mixin.py:190} INFO - [2026-06-18T19:23:38.843+0000] {dag.py:3239} INFO - Sync 1 DAGs
[2026-06-18T19:23:38.901+0000] {logging_mixin.py:190} INFO - [2026-06-18T19:23:38.900+0000] {dag.py:4180} INFO - Setting next_dagrun for example_bash_decorator to None, run_after=None
[2026-06-18T19:23:38.953+0000] {processor.py:208} INFO - Processing /home/airflow/.local/lib/python3.12/site-packages/airflow/example_dags/example_bash_decorator.py took 0.383 seconds
[2026-06-18T19:24:09.345+0000] {processor.py:186} INFO - Started process (PID=1530) to work on /home/airflow/.local/lib/python3.12/site-packages/airflow/example_dags/example_bash_decorator.py
[2026-06-18T19:24:09.347+0000] {processor.py:914} INFO - Processing file /home/airflow/.local/lib/python3.12/site-packages/airflow/example_dags/example_bash_decorator.py for tasks to queue
[2026-06-18T19:24:09.350+0000] {logging_mixin.py:190} INFO - [2026-06-18T19:24:09.350+0000] {dagbag.py:588} INFO - Filling up the DagBag from /home/airflow/.local/lib/python3.12/site-packages/airflow/example_dags/example_bash_decorator.py
[2026-06-18T19:24:09.366+0000] {processor.py:925} INFO - DAG(s) 'example_bash_decorator' retrieved from /home/airflow/.local/lib/python3.12/site-packages/airflow/example_dags/example_bash_decorator.py
[2026-06-18T19:24:09.389+0000] {logging_mixin.py:190} INFO - [2026-06-18T19:24:09.389+0000] {dag.py:3239} INFO - Sync 1 DAGs
[2026-06-18T19:24:09.406+0000] {logging_mixin.py:190} INFO - [2026-06-18T19:24:09.406+0000] {dag.py:4180} INFO - Setting next_dagrun for example_bash_decorator to None, run_after=None
[2026-06-18T19:24:09.423+0000] {processor.py:208} INFO - Processing /home/airflow/.local/lib/python3.12/site-packages/airflow/example_dags/example_bash_decorator.py took 0.085 seconds
[2026-06-18T19:24:44.244+0000] {processor.py:186} INFO - Started process (PID=1603) to work on /home/airflow/.local/lib/python3.12/site-packages/airflow/example_dags/example_bash_decorator.py
[2026-06-18T19:24:44.249+0000] {processor.py:914} INFO - Processing file /home/airflow/.local/lib/python3.12/site-packages/airflow/example_dags/example_bash_decorator.py for tasks to queue
[2026-06-18T19:24:44.260+0000] {logging_mixin.py:190} INFO - [2026-06-18T19:24:44.259+0000] {dagbag.py:588} INFO - Filling up the DagBag from /home/airflow/.local/lib/python3.12/site-packages/airflow/example_dags/example_bash_decorator.py
[2026-06-18T19:24:44.301+0000] {processor.py:925} INFO - DAG(s) 'example_bash_decorator' retrieved from /home/airflow/.local/lib/python3.12/site-packages/airflow/example_dags/example_bash_decorator.py
[2026-06-18T19:24:44.373+0000] {logging_mixin.py:190} INFO - [2026-06-18T19:24:44.372+0000] {dag.py:3239} INFO - Sync 1 DAGs
[2026-06-18T19:24:44.401+0000] {logging_mixin.py:190} INFO - [2026-06-18T19:24:44.400+0000] {dag.py:4180} INFO - Setting next_dagrun for example_bash_decorator to None, run_after=None
[2026-06-18T19:24:44.438+0000] {processor.py:208} INFO - Processing /home/airflow/.local/lib/python3.12/site-packages/airflow/example_dags/example_bash_decorator.py took 0.208 seconds
[2026-06-18T19:25:15.468+0000] {processor.py:186} INFO - Started process (PID=1667) to work on /home/airflow/.local/lib/python3.12/site-packages/airflow/example_dags/example_bash_decorator.py
[2026-06-18T19:25:15.472+0000] {processor.py:914} INFO - Processing file /home/airflow/.local/lib/python3.12/site-packages/airflow/example_dags/example_bash_decorator.py for tasks to queue
[2026-06-18T19:25:15.479+0000] {logging_mixin.py:190} INFO - [2026-06-18T19:25:15.478+0000] {dagbag.py:588} INFO - Filling up the DagBag from /home/airflow/.local/lib/python3.12/site-packages/airflow/example_dags/example_bash_decorator.py
[2026-06-18T19:25:15.514+0000] {processor.py:925} INFO - DAG(s) 'example_bash_decorator' retrieved from /home/airflow/.local/lib/python3.12/site-packages/airflow/example_dags/example_bash_decorator.py
[2026-06-18T19:25:15.569+0000] {logging_mixin.py:190} INFO - [2026-06-18T19:25:15.569+0000] {dag.py:3239} INFO - Sync 1 DAGs
[2026-06-18T19:25:15.615+0000] {logging_mixin.py:190} INFO - [2026-06-18T19:25:15.615+0000] {dag.py:4180} INFO - Setting next_dagrun for example_bash_decorator to None, run_after=None
[2026-06-18T19:25:15.663+0000] {processor.py:208} INFO - Processing /home/airflow/.local/lib/python3.12/site-packages/airflow/example_dags/example_bash_decorator.py took 0.212 seconds
[2026-06-18T19:25:52.714+0000] {processor.py:186} INFO - Started process (PID=1746) to work on /home/airflow/.local/lib/python3.12/site-packages/airflow/example_dags/example_bash_decorator.py
[2026-06-18T19:25:52.722+0000] {processor.py:914} INFO - Processing file /home/airflow/.local/lib/python3.12/site-packages/airflow/example_dags/example_bash_decorator.py for tasks to queue
[2026-06-18T19:25:52.737+0000] {logging_mixin.py:190} INFO - [2026-06-18T19:25:52.734+0000] {dagbag.py:588} INFO - Filling up the DagBag from /home/airflow/.local/lib/python3.12/site-packages/airflow/example_dags/example_bash_decorator.py
[2026-06-18T19:25:52.800+0000] {processor.py:925} INFO - DAG(s) 'example_bash_decorator' retrieved from /home/airflow/.local/lib/python3.12/site-packages/airflow/example_dags/example_bash_decorator.py
[2026-06-18T19:25:52.882+0000] {logging_mixin.py:190} INFO - [2026-06-18T19:25:52.881+0000] {dag.py:3239} INFO - Sync 1 DAGs
[2026-06-18T19:25:52.935+0000] {logging_mixin.py:190} INFO - [2026-06-18T19:25:52.934+0000] {dag.py:4180} INFO - Setting next_dagrun for example_bash_decorator to None, run_after=None
[2026-06-18T19:25:52.986+0000] {processor.py:208} INFO - Processing /home/airflow/.local/lib/python3.12/site-packages/airflow/example_dags/example_bash_decorator.py took 0.300 seconds
[2026-06-18T19:26:23.578+0000] {processor.py:186} INFO - Started process (PID=1810) to work on /home/airflow/.local/lib/python3.12/site-packages/airflow/example_dags/example_bash_decorator.py
[2026-06-18T19:26:23.582+0000] {processor.py:914} INFO - Processing file /home/airflow/.local/lib/python3.12/site-packages/airflow/example_dags/example_bash_decorator.py for tasks to queue
[2026-06-18T19:26:23.587+0000] {logging_mixin.py:190} INFO - [2026-06-18T19:26:23.586+0000] {dagbag.py:588} INFO - Filling up the DagBag from /home/airflow/.local/lib/python3.12/site-packages/airflow/example_dags/example_bash_decorator.py
[2026-06-18T19:26:23.614+0000] {processor.py:925} INFO - DAG(s) 'example_bash_decorator' retrieved from /home/airflow/.local/lib/python3.12/site-packages/airflow/example_dags/example_bash_decorator.py
[2026-06-18T19:26:23.653+0000] {logging_mixin.py:190} INFO - [2026-06-18T19:26:23.652+0000] {dag.py:3239} INFO - Sync 1 DAGs
[2026-06-18T19:26:23.683+0000] {logging_mixin.py:190} INFO - [2026-06-18T19:26:23.683+0000] {dag.py:4180} INFO - Setting next_dagrun for example_bash_decorator to None, run_after=None
[2026-06-18T19:26:23.710+0000] {processor.py:208} INFO - Processing /home/airflow/.local/lib/python3.12/site-packages/airflow/example_dags/example_bash_decorator.py took 0.141 seconds
[2026-06-18T19:26:54.664+0000] {processor.py:186} INFO - Started process (PID=1874) to work on /home/airflow/.local/lib/python3.12/site-packages/airflow/example_dags/example_bash_decorator.py
[2026-06-18T19:26:54.674+0000] {processor.py:914} INFO - Processing file /home/airflow/.local/lib/python3.12/site-packages/airflow/example_dags/example_bash_decorator.py for tasks to queue
[2026-06-18T19:26:54.690+0000] {logging_mixin.py:190} INFO - [2026-06-18T19:26:54.681+0000] {dagbag.py:588} INFO - Filling up the DagBag from /home/airflow/.local/lib/python3.12/site-packages/airflow/example_dags/example_bash_decorator.py
[2026-06-18T19:26:54.742+0000] {processor.py:925} INFO - DAG(s) 'example_bash_decorator' retrieved from /home/airflow/.local/lib/python3.12/site-packages/airflow/example_dags/example_bash_decorator.py
[2026-06-18T19:26:54.814+0000] {logging_mixin.py:190} INFO - [2026-06-18T19:26:54.812+0000] {dag.py:3239} INFO - Sync 1 DAGs
[2026-06-18T19:26:54.858+0000] {logging_mixin.py:190} INFO - [2026-06-18T19:26:54.858+0000] {dag.py:4180} INFO - Setting next_dagrun for example_bash_decorator to None, run_after=None
[2026-06-18T19:26:54.904+0000] {processor.py:208} INFO - Processing /home/airflow/.local/lib/python3.12/site-packages/airflow/example_dags/example_bash_decorator.py took 0.258 seconds
[2026-06-18T19:27:29.647+0000] {processor.py:186} INFO - Started process (PID=1940) to work on /home/airflow/.local/lib/python3.12/site-packages/airflow/example_dags/example_bash_decorator.py
[2026-06-18T19:27:29.652+0000] {processor.py:914} INFO - Processing file /home/airflow/.local/lib/python3.12/site-packages/airflow/example_dags/example_bash_decorator.py for tasks to queue
[2026-06-18T19:27:29.660+0000] {logging_mixin.py:190} INFO - [2026-06-18T19:27:29.659+0000] {dagbag.py:588} INFO - Filling up the DagBag from /home/airflow/.local/lib/python3.12/site-packages/airflow/example_dags/example_bash_decorator.py
[2026-06-18T19:27:29.707+0000] {processor.py:925} INFO - DAG(s) 'example_bash_decorator' retrieved from /home/airflow/.local/lib/python3.12/site-packages/airflow/example_dags/example_bash_decorator.py
[2026-06-18T19:27:29.763+0000] {logging_mixin.py:190} INFO - [2026-06-18T19:27:29.763+0000] {dag.py:3239} INFO - Sync 1 DAGs
[2026-06-18T19:27:29.802+0000] {logging_mixin.py:190} INFO - [2026-06-18T19:27:29.801+0000] {dag.py:4180} INFO - Setting next_dagrun for example_bash_decorator to None, run_after=None
[2026-06-18T19:27:29.834+0000] {processor.py:208} INFO - Processing /home/airflow/.local/lib/python3.12/site-packages/airflow/example_dags/example_bash_decorator.py took 0.205 seconds
[2026-06-18T19:28:00.524+0000] {processor.py:186} INFO - Started process (PID=2004) to work on /home/airflow/.local/lib/python3.12/site-packages/airflow/example_dags/example_bash_decorator.py
[2026-06-18T19:28:00.528+0000] {processor.py:914} INFO - Processing file /home/airflow/.local/lib/python3.12/site-packages/airflow/example_dags/example_bash_decorator.py for tasks to queue
[2026-06-18T19:28:00.535+0000] {logging_mixin.py:190} INFO - [2026-06-18T19:28:00.534+0000] {dagbag.py:588} INFO - Filling up the DagBag from /home/airflow/.local/lib/python3.12/site-packages/airflow/example_dags/example_bash_decorator.py
[2026-06-18T19:28:00.576+0000] {processor.py:925} INFO - DAG(s) 'example_bash_decorator' retrieved from /home/airflow/.local/lib/python3.12/site-packages/airflow/example_dags/example_bash_decorator.py
[2026-06-18T19:28:00.647+0000] {logging_mixin.py:190} INFO - [2026-06-18T19:28:00.647+0000] {dag.py:3239} INFO - Sync 1 DAGs
[2026-06-18T19:28:00.686+0000] {logging_mixin.py:190} INFO - [2026-06-18T19:28:00.685+0000] {dag.py:4180} INFO - Setting next_dagrun for example_bash_decorator to None, run_after=None
[2026-06-18T19:28:00.737+0000] {processor.py:208} INFO - Processing /home/airflow/.local/lib/python3.12/site-packages/airflow/example_dags/example_bash_decorator.py took 0.226 seconds
[2026-06-18T19:28:31.524+0000] {processor.py:186} INFO - Started process (PID=2068) to work on /home/airflow/.local/lib/python3.12/site-packages/airflow/example_dags/example_bash_decorator.py
[2026-06-18T19:28:31.526+0000] {processor.py:914} INFO - Processing file /home/airflow/.local/lib/python3.12/site-packages/airflow/example_dags/example_bash_decorator.py for tasks to queue
[2026-06-18T19:28:31.531+0000] {logging_mixin.py:190} INFO - [2026-06-18T19:28:31.531+0000] {dagbag.py:588} INFO - Filling up the DagBag from /home/airflow/.local/lib/python3.12/site-packages/airflow/example_dags/example_bash_decorator.py
[2026-06-18T19:28:31.560+0000] {processor.py:925} INFO - DAG(s) 'example_bash_decorator' retrieved from /home/airflow/.local/lib/python3.12/site-packages/airflow/example_dags/example_bash_decorator.py
[2026-06-18T19:28:31.592+0000] {logging_mixin.py:190} INFO - [2026-06-18T19:28:31.592+0000] {dag.py:3239} INFO - Sync 1 DAGs
[2026-06-18T19:28:31.618+0000] {logging_mixin.py:190} INFO - [2026-06-18T19:28:31.618+0000] {dag.py:4180} INFO - Setting next_dagrun for example_bash_decorator to None, run_after=None
[2026-06-18T19:28:31.646+0000] {processor.py:208} INFO - Processing /home/airflow/.local/lib/python3.12/site-packages/airflow/example_dags/example_bash_decorator.py took 0.130 seconds
[2026-06-18T19:29:03.480+0000] {processor.py:186} INFO - Started process (PID=2132) to work on /home/airflow/.local/lib/python3.12/site-packages/airflow/example_dags/example_bash_decorator.py
[2026-06-18T19:29:03.486+0000] {processor.py:914} INFO - Processing file /home/airflow/.local/lib/python3.12/site-packages/airflow/example_dags/example_bash_decorator.py for tasks to queue
[2026-06-18T19:29:03.495+0000] {logging_mixin.py:190} INFO - [2026-06-18T19:29:03.494+0000] {dagbag.py:588} INFO - Filling up the DagBag from /home/airflow/.local/lib/python3.12/site-packages/airflow/example_dags/example_bash_decorator.py
[2026-06-18T19:29:03.547+0000] {processor.py:925} INFO - DAG(s) 'example_bash_decorator' retrieved from /home/airflow/.local/lib/python3.12/site-packages/airflow/example_dags/example_bash_decorator.py
[2026-06-18T19:29:03.629+0000] {logging_mixin.py:190} INFO - [2026-06-18T19:29:03.628+0000] {dag.py:3239} INFO - Sync 1 DAGs
[2026-06-18T19:29:03.668+0000] {logging_mixin.py:190} INFO - [2026-06-18T19:29:03.666+0000] {dag.py:4180} INFO - Setting next_dagrun for example_bash_decorator to None, run_after=None
[2026-06-18T19:29:03.756+0000] {processor.py:208} INFO - Processing /home/airflow/.local/lib/python3.12/site-packages/airflow/example_dags/example_bash_decorator.py took 0.293 seconds
[2026-06-18T19:29:36.914+0000] {processor.py:186} INFO - Started process (PID=2198) to work on /home/airflow/.local/lib/python3.12/site-packages/airflow/example_dags/example_bash_decorator.py
[2026-06-18T19:29:36.928+0000] {processor.py:914} INFO - Processing file /home/airflow/.local/lib/python3.12/site-packages/airflow/example_dags/example_bash_decorator.py for tasks to queue
[2026-06-18T19:29:36.945+0000] {logging_mixin.py:190} INFO - [2026-06-18T19:29:36.944+0000] {dagbag.py:588} INFO - Filling up the DagBag from /home/airflow/.local/lib/python3.12/site-packages/airflow/example_dags/example_bash_decorator.py
[2026-06-18T19:29:37.028+0000] {processor.py:925} INFO - DAG(s) 'example_bash_decorator' retrieved from /home/airflow/.local/lib/python3.12/site-packages/airflow/example_dags/example_bash_decorator.py
[2026-06-18T19:29:37.121+0000] {logging_mixin.py:190} INFO - [2026-06-18T19:29:37.120+0000] {dag.py:3239} INFO - Sync 1 DAGs
[2026-06-18T19:29:37.189+0000] {logging_mixin.py:190} INFO - [2026-06-18T19:29:37.188+0000] {dag.py:4180} INFO - Setting next_dagrun for example_bash_decorator to None, run_after=None
[2026-06-18T19:29:37.247+0000] {processor.py:208} INFO - Processing /home/airflow/.local/lib/python3.12/site-packages/airflow/example_dags/example_bash_decorator.py took 0.369 seconds
[2026-06-18T19:30:08.204+0000] {processor.py:186} INFO - Started process (PID=2262) to work on /home/airflow/.local/lib/python3.12/site-packages/airflow/example_dags/example_bash_decorator.py
[2026-06-18T19:30:08.213+0000] {processor.py:914} INFO - Processing file /home/airflow/.local/lib/python3.12/site-packages/airflow/example_dags/example_bash_decorator.py for tasks to queue
[2026-06-18T19:30:08.222+0000] {logging_mixin.py:190} INFO - [2026-06-18T19:30:08.221+0000] {dagbag.py:588} INFO - Filling up the DagBag from /home/airflow/.local/lib/python3.12/site-packages/airflow/example_dags/example_bash_decorator.py
[2026-06-18T19:30:08.300+0000] {processor.py:925} INFO - DAG(s) 'example_bash_decorator' retrieved from /home/airflow/.local/lib/python3.12/site-packages/airflow/example_dags/example_bash_decorator.py
[2026-06-18T19:30:08.407+0000] {logging_mixin.py:190} INFO - [2026-06-18T19:30:08.406+0000] {dag.py:3239} INFO - Sync 1 DAGs
[2026-06-18T19:30:08.446+0000] {logging_mixin.py:190} INFO - [2026-06-18T19:30:08.445+0000] {dag.py:4180} INFO - Setting next_dagrun for example_bash_decorator to None, run_after=None
[2026-06-18T19:30:08.503+0000] {processor.py:208} INFO - Processing /home/airflow/.local/lib/python3.12/site-packages/airflow/example_dags/example_bash_decorator.py took 0.315 seconds
[2026-06-18T19:30:38.867+0000] {processor.py:186} INFO - Started process (PID=2326) to work on /home/airflow/.local/lib/python3.12/site-packages/airflow/example_dags/example_bash_decorator.py
[2026-06-18T19:30:38.871+0000] {processor.py:914} INFO - Processing file /home/airflow/.local/lib/python3.12/site-packages/airflow/example_dags/example_bash_decorator.py for tasks to queue
[2026-06-18T19:30:38.877+0000] {logging_mixin.py:190} INFO - [2026-06-18T19:30:38.876+0000] {dagbag.py:588} INFO - Filling up the DagBag from /home/airflow/.local/lib/python3.12/site-packages/airflow/example_dags/example_bash_decorator.py
[2026-06-18T19:30:38.901+0000] {processor.py:925} INFO - DAG(s) 'example_bash_decorator' retrieved from /home/airflow/.local/lib/python3.12/site-packages/airflow/example_dags/example_bash_decorator.py
[2026-06-18T19:30:38.938+0000] {logging_mixin.py:190} INFO - [2026-06-18T19:30:38.938+0000] {dag.py:3239} INFO - Sync 1 DAGs
[2026-06-18T19:30:38.964+0000] {logging_mixin.py:190} INFO - [2026-06-18T19:30:38.963+0000] {dag.py:4180} INFO - Setting next_dagrun for example_bash_decorator to None, run_after=None
[2026-06-18T19:30:39.000+0000] {processor.py:208} INFO - Processing /home/airflow/.local/lib/python3.12/site-packages/airflow/example_dags/example_bash_decorator.py took 0.143 seconds
[2026-06-18T19:31:10.226+0000] {processor.py:186} INFO - Started process (PID=2390) to work on /home/airflow/.local/lib/python3.12/site-packages/airflow/example_dags/example_bash_decorator.py
[2026-06-18T19:31:10.231+0000] {processor.py:914} INFO - Processing file /home/airflow/.local/lib/python3.12/site-packages/airflow/example_dags/example_bash_decorator.py for tasks to queue
[2026-06-18T19:31:10.244+0000] {logging_mixin.py:190} INFO - [2026-06-18T19:31:10.242+0000] {dagbag.py:588} INFO - Filling up the DagBag from /home/airflow/.local/lib/python3.12/site-packages/airflow/example_dags/example_bash_decorator.py
[2026-06-18T19:31:10.292+0000] {processor.py:925} INFO - DAG(s) 'example_bash_decorator' retrieved from /home/airflow/.local/lib/python3.12/site-packages/airflow/example_dags/example_bash_decorator.py
[2026-06-18T19:31:10.349+0000] {logging_mixin.py:190} INFO - [2026-06-18T19:31:10.349+0000] {dag.py:3239} INFO - Sync 1 DAGs
[2026-06-18T19:31:10.387+0000] {logging_mixin.py:190} INFO - [2026-06-18T19:31:10.386+0000] {dag.py:4180} INFO - Setting next_dagrun for example_bash_decorator to None, run_after=None
[2026-06-18T19:31:10.426+0000] {processor.py:208} INFO - Processing /home/airflow/.local/lib/python3.12/site-packages/airflow/example_dags/example_bash_decorator.py took 0.225 seconds
[2026-06-18T19:31:42.450+0000] {processor.py:186} INFO - Started process (PID=2454) to work on /home/airflow/.local/lib/python3.12/site-packages/airflow/example_dags/example_bash_decorator.py
[2026-06-18T19:31:42.455+0000] {processor.py:914} INFO - Processing file /home/airflow/.local/lib/python3.12/site-packages/airflow/example_dags/example_bash_decorator.py for tasks to queue
[2026-06-18T19:31:42.463+0000] {logging_mixin.py:190} INFO - [2026-06-18T19:31:42.462+0000] {dagbag.py:588} INFO - Filling up the DagBag from /home/airflow/.local/lib/python3.12/site-packages/airflow/example_dags/example_bash_decorator.py
[2026-06-18T19:31:42.503+0000] {processor.py:925} INFO - DAG(s) 'example_bash_decorator' retrieved from /home/airflow/.local/lib/python3.12/site-packages/airflow/example_dags/example_bash_decorator.py
[2026-06-18T19:31:42.571+0000] {logging_mixin.py:190} INFO - [2026-06-18T19:31:42.570+0000] {dag.py:3239} INFO - Sync 1 DAGs
[2026-06-18T19:31:42.619+0000] {logging_mixin.py:190} INFO - [2026-06-18T19:31:42.618+0000] {dag.py:4180} INFO - Setting next_dagrun for example_bash_decorator to None, run_after=None
[2026-06-18T19:31:42.670+0000] {processor.py:208} INFO - Processing /home/airflow/.local/lib/python3.12/site-packages/airflow/example_dags/example_bash_decorator.py took 0.235 seconds
