[2026-06-18T19:12:19.635+0000] {processor.py:186} INFO - Started process (PID=89) to work on /home/airflow/.local/lib/python3.12/site-packages/airflow/example_dags/example_complex.py
[2026-06-18T19:12:19.637+0000] {processor.py:914} INFO - Processing file /home/airflow/.local/lib/python3.12/site-packages/airflow/example_dags/example_complex.py for tasks to queue
[2026-06-18T19:12:19.641+0000] {logging_mixin.py:190} INFO - [2026-06-18T19:12:19.640+0000] {dagbag.py:588} INFO - Filling up the DagBag from /home/airflow/.local/lib/python3.12/site-packages/airflow/example_dags/example_complex.py
[2026-06-18T19:12:19.665+0000] {processor.py:925} INFO - DAG(s) 'example_complex' retrieved from /home/airflow/.local/lib/python3.12/site-packages/airflow/example_dags/example_complex.py
[2026-06-18T19:12:19.716+0000] {logging_mixin.py:190} INFO - [2026-06-18T19:12:19.715+0000] {dag.py:3239} INFO - Sync 1 DAGs
[2026-06-18T19:12:19.736+0000] {logging_mixin.py:190} INFO - [2026-06-18T19:12:19.736+0000] {dag.py:4180} INFO - Setting next_dagrun for example_complex to None, run_after=None
[2026-06-18T19:12:19.768+0000] {processor.py:208} INFO - Processing /home/airflow/.local/lib/python3.12/site-packages/airflow/example_dags/example_complex.py took 0.141 seconds
[2026-06-18T19:12:50.867+0000] {processor.py:186} INFO - Started process (PID=152) to work on /home/airflow/.local/lib/python3.12/site-packages/airflow/example_dags/example_complex.py
[2026-06-18T19:12:50.872+0000] {processor.py:914} INFO - Processing file /home/airflow/.local/lib/python3.12/site-packages/airflow/example_dags/example_complex.py for tasks to queue
[2026-06-18T19:12:50.881+0000] {logging_mixin.py:190} INFO - [2026-06-18T19:12:50.880+0000] {dagbag.py:588} INFO - Filling up the DagBag from /home/airflow/.local/lib/python3.12/site-packages/airflow/example_dags/example_complex.py
[2026-06-18T19:12:50.925+0000] {processor.py:925} INFO - DAG(s) 'example_complex' retrieved from /home/airflow/.local/lib/python3.12/site-packages/airflow/example_dags/example_complex.py
[2026-06-18T19:12:51.030+0000] {logging_mixin.py:190} INFO - [2026-06-18T19:12:51.029+0000] {dag.py:3239} INFO - Sync 1 DAGs
[2026-06-18T19:12:51.084+0000] {logging_mixin.py:190} INFO - [2026-06-18T19:12:51.083+0000] {dag.py:4180} INFO - Setting next_dagrun for example_complex to None, run_after=None
[2026-06-18T19:12:51.158+0000] {processor.py:208} INFO - Processing /home/airflow/.local/lib/python3.12/site-packages/airflow/example_dags/example_complex.py took 0.326 seconds
[2026-06-18T19:13:21.788+0000] {processor.py:186} INFO - Started process (PID=216) to work on /home/airflow/.local/lib/python3.12/site-packages/airflow/example_dags/example_complex.py
[2026-06-18T19:13:21.794+0000] {processor.py:914} INFO - Processing file /home/airflow/.local/lib/python3.12/site-packages/airflow/example_dags/example_complex.py for tasks to queue
[2026-06-18T19:13:21.809+0000] {logging_mixin.py:190} INFO - [2026-06-18T19:13:21.808+0000] {dagbag.py:588} INFO - Filling up the DagBag from /home/airflow/.local/lib/python3.12/site-packages/airflow/example_dags/example_complex.py
[2026-06-18T19:13:21.886+0000] {processor.py:925} INFO - DAG(s) 'example_complex' retrieved from /home/airflow/.local/lib/python3.12/site-packages/airflow/example_dags/example_complex.py
[2026-06-18T19:13:22.113+0000] {logging_mixin.py:190} INFO - [2026-06-18T19:13:22.112+0000] {dag.py:3239} INFO - Sync 1 DAGs
[2026-06-18T19:13:22.210+0000] {logging_mixin.py:190} INFO - [2026-06-18T19:13:22.208+0000] {dag.py:4180} INFO - Setting next_dagrun for example_complex to None, run_after=None
[2026-06-18T19:13:22.303+0000] {processor.py:208} INFO - Processing /home/airflow/.local/lib/python3.12/site-packages/airflow/example_dags/example_complex.py took 0.546 seconds
[2026-06-18T19:13:52.912+0000] {processor.py:186} INFO - Started process (PID=280) to work on /home/airflow/.local/lib/python3.12/site-packages/airflow/example_dags/example_complex.py
[2026-06-18T19:13:52.918+0000] {processor.py:914} INFO - Processing file /home/airflow/.local/lib/python3.12/site-packages/airflow/example_dags/example_complex.py for tasks to queue
[2026-06-18T19:13:52.931+0000] {logging_mixin.py:190} INFO - [2026-06-18T19:13:52.930+0000] {dagbag.py:588} INFO - Filling up the DagBag from /home/airflow/.local/lib/python3.12/site-packages/airflow/example_dags/example_complex.py
[2026-06-18T19:13:52.991+0000] {processor.py:925} INFO - DAG(s) 'example_complex' retrieved from /home/airflow/.local/lib/python3.12/site-packages/airflow/example_dags/example_complex.py
[2026-06-18T19:13:53.135+0000] {logging_mixin.py:190} INFO - [2026-06-18T19:13:53.134+0000] {dag.py:3239} INFO - Sync 1 DAGs
[2026-06-18T19:13:53.213+0000] {logging_mixin.py:190} INFO - [2026-06-18T19:13:53.206+0000] {dag.py:4180} INFO - Setting next_dagrun for example_complex to None, run_after=None
[2026-06-18T19:13:53.319+0000] {processor.py:208} INFO - Processing /home/airflow/.local/lib/python3.12/site-packages/airflow/example_dags/example_complex.py took 0.445 seconds
[2026-06-18T19:14:23.759+0000] {processor.py:186} INFO - Started process (PID=344) to work on /home/airflow/.local/lib/python3.12/site-packages/airflow/example_dags/example_complex.py
[2026-06-18T19:14:23.767+0000] {processor.py:914} INFO - Processing file /home/airflow/.local/lib/python3.12/site-packages/airflow/example_dags/example_complex.py for tasks to queue
[2026-06-18T19:14:23.773+0000] {logging_mixin.py:190} INFO - [2026-06-18T19:14:23.773+0000] {dagbag.py:588} INFO - Filling up the DagBag from /home/airflow/.local/lib/python3.12/site-packages/airflow/example_dags/example_complex.py
[2026-06-18T19:14:23.806+0000] {processor.py:925} INFO - DAG(s) 'example_complex' retrieved from /home/airflow/.local/lib/python3.12/site-packages/airflow/example_dags/example_complex.py
[2026-06-18T19:14:23.875+0000] {logging_mixin.py:190} INFO - [2026-06-18T19:14:23.875+0000] {dag.py:3239} INFO - Sync 1 DAGs
[2026-06-18T19:14:23.909+0000] {logging_mixin.py:190} INFO - [2026-06-18T19:14:23.908+0000] {dag.py:4180} INFO - Setting next_dagrun for example_complex to None, run_after=None
[2026-06-18T19:14:23.944+0000] {processor.py:208} INFO - Processing /home/airflow/.local/lib/python3.12/site-packages/airflow/example_dags/example_complex.py took 0.197 seconds
[2026-06-18T19:14:56.379+0000] {processor.py:186} INFO - Started process (PID=408) to work on /home/airflow/.local/lib/python3.12/site-packages/airflow/example_dags/example_complex.py
[2026-06-18T19:14:56.391+0000] {processor.py:914} INFO - Processing file /home/airflow/.local/lib/python3.12/site-packages/airflow/example_dags/example_complex.py for tasks to queue
[2026-06-18T19:14:56.404+0000] {logging_mixin.py:190} INFO - [2026-06-18T19:14:56.403+0000] {dagbag.py:588} INFO - Filling up the DagBag from /home/airflow/.local/lib/python3.12/site-packages/airflow/example_dags/example_complex.py
[2026-06-18T19:14:56.470+0000] {processor.py:925} INFO - DAG(s) 'example_complex' retrieved from /home/airflow/.local/lib/python3.12/site-packages/airflow/example_dags/example_complex.py
[2026-06-18T19:14:56.575+0000] {logging_mixin.py:190} INFO - [2026-06-18T19:14:56.574+0000] {dag.py:3239} INFO - Sync 1 DAGs
[2026-06-18T19:14:56.612+0000] {logging_mixin.py:190} INFO - [2026-06-18T19:14:56.612+0000] {dag.py:4180} INFO - Setting next_dagrun for example_complex to None, run_after=None
[2026-06-18T19:14:56.674+0000] {processor.py:208} INFO - Processing /home/airflow/.local/lib/python3.12/site-packages/airflow/example_dags/example_complex.py took 0.342 seconds
[2026-06-18T19:15:27.110+0000] {processor.py:186} INFO - Started process (PID=472) to work on /home/airflow/.local/lib/python3.12/site-packages/airflow/example_dags/example_complex.py
[2026-06-18T19:15:27.118+0000] {processor.py:914} INFO - Processing file /home/airflow/.local/lib/python3.12/site-packages/airflow/example_dags/example_complex.py for tasks to queue
[2026-06-18T19:15:27.141+0000] {logging_mixin.py:190} INFO - [2026-06-18T19:15:27.139+0000] {dagbag.py:588} INFO - Filling up the DagBag from /home/airflow/.local/lib/python3.12/site-packages/airflow/example_dags/example_complex.py
[2026-06-18T19:15:27.251+0000] {processor.py:925} INFO - DAG(s) 'example_complex' retrieved from /home/airflow/.local/lib/python3.12/site-packages/airflow/example_dags/example_complex.py
[2026-06-18T19:15:27.650+0000] {logging_mixin.py:190} INFO - [2026-06-18T19:15:27.649+0000] {dag.py:3239} INFO - Sync 1 DAGs
[2026-06-18T19:15:27.751+0000] {logging_mixin.py:190} INFO - [2026-06-18T19:15:27.751+0000] {dag.py:4180} INFO - Setting next_dagrun for example_complex to None, run_after=None
[2026-06-18T19:15:27.860+0000] {processor.py:208} INFO - Processing /home/airflow/.local/lib/python3.12/site-packages/airflow/example_dags/example_complex.py took 0.804 seconds
[2026-06-18T19:15:58.116+0000] {processor.py:186} INFO - Started process (PID=536) to work on /home/airflow/.local/lib/python3.12/site-packages/airflow/example_dags/example_complex.py
[2026-06-18T19:15:58.121+0000] {processor.py:914} INFO - Processing file /home/airflow/.local/lib/python3.12/site-packages/airflow/example_dags/example_complex.py for tasks to queue
[2026-06-18T19:15:58.128+0000] {logging_mixin.py:190} INFO - [2026-06-18T19:15:58.127+0000] {dagbag.py:588} INFO - Filling up the DagBag from /home/airflow/.local/lib/python3.12/site-packages/airflow/example_dags/example_complex.py
[2026-06-18T19:15:58.170+0000] {processor.py:925} INFO - DAG(s) 'example_complex' retrieved from /home/airflow/.local/lib/python3.12/site-packages/airflow/example_dags/example_complex.py
[2026-06-18T19:15:58.276+0000] {logging_mixin.py:190} INFO - [2026-06-18T19:15:58.274+0000] {dag.py:3239} INFO - Sync 1 DAGs
[2026-06-18T19:15:58.330+0000] {logging_mixin.py:190} INFO - [2026-06-18T19:15:58.329+0000] {dag.py:4180} INFO - Setting next_dagrun for example_complex to None, run_after=None
[2026-06-18T19:15:58.389+0000] {processor.py:208} INFO - Processing /home/airflow/.local/lib/python3.12/site-packages/airflow/example_dags/example_complex.py took 0.287 seconds
[2026-06-18T19:16:28.962+0000] {processor.py:186} INFO - Started process (PID=600) to work on /home/airflow/.local/lib/python3.12/site-packages/airflow/example_dags/example_complex.py
[2026-06-18T19:16:28.965+0000] {processor.py:914} INFO - Processing file /home/airflow/.local/lib/python3.12/site-packages/airflow/example_dags/example_complex.py for tasks to queue
[2026-06-18T19:16:28.971+0000] {logging_mixin.py:190} INFO - [2026-06-18T19:16:28.970+0000] {dagbag.py:588} INFO - Filling up the DagBag from /home/airflow/.local/lib/python3.12/site-packages/airflow/example_dags/example_complex.py
[2026-06-18T19:16:28.990+0000] {processor.py:925} INFO - DAG(s) 'example_complex' retrieved from /home/airflow/.local/lib/python3.12/site-packages/airflow/example_dags/example_complex.py
[2026-06-18T19:16:29.059+0000] {logging_mixin.py:190} INFO - [2026-06-18T19:16:29.058+0000] {dag.py:3239} INFO - Sync 1 DAGs
[2026-06-18T19:16:29.086+0000] {logging_mixin.py:190} INFO - [2026-06-18T19:16:29.085+0000] {dag.py:4180} INFO - Setting next_dagrun for example_complex to None, run_after=None
[2026-06-18T19:16:29.114+0000] {processor.py:208} INFO - Processing /home/airflow/.local/lib/python3.12/site-packages/airflow/example_dags/example_complex.py took 0.164 seconds
[2026-06-18T19:16:59.564+0000] {processor.py:186} INFO - Started process (PID=664) to work on /home/airflow/.local/lib/python3.12/site-packages/airflow/example_dags/example_complex.py
[2026-06-18T19:16:59.579+0000] {processor.py:914} INFO - Processing file /home/airflow/.local/lib/python3.12/site-packages/airflow/example_dags/example_complex.py for tasks to queue
[2026-06-18T19:16:59.582+0000] {logging_mixin.py:190} INFO - [2026-06-18T19:16:59.582+0000] {dagbag.py:588} INFO - Filling up the DagBag from /home/airflow/.local/lib/python3.12/site-packages/airflow/example_dags/example_complex.py
[2026-06-18T19:16:59.599+0000] {processor.py:925} INFO - DAG(s) 'example_complex' retrieved from /home/airflow/.local/lib/python3.12/site-packages/airflow/example_dags/example_complex.py
[2026-06-18T19:16:59.639+0000] {logging_mixin.py:190} INFO - [2026-06-18T19:16:59.639+0000] {dag.py:3239} INFO - Sync 1 DAGs
[2026-06-18T19:16:59.671+0000] {logging_mixin.py:190} INFO - [2026-06-18T19:16:59.671+0000] {dag.py:4180} INFO - Setting next_dagrun for example_complex to None, run_after=None
[2026-06-18T19:16:59.701+0000] {processor.py:208} INFO - Processing /home/airflow/.local/lib/python3.12/site-packages/airflow/example_dags/example_complex.py took 0.144 seconds
[2026-06-18T19:17:30.154+0000] {processor.py:186} INFO - Started process (PID=728) to work on /home/airflow/.local/lib/python3.12/site-packages/airflow/example_dags/example_complex.py
[2026-06-18T19:17:30.160+0000] {processor.py:914} INFO - Processing file /home/airflow/.local/lib/python3.12/site-packages/airflow/example_dags/example_complex.py for tasks to queue
[2026-06-18T19:17:30.163+0000] {logging_mixin.py:190} INFO - [2026-06-18T19:17:30.163+0000] {dagbag.py:588} INFO - Filling up the DagBag from /home/airflow/.local/lib/python3.12/site-packages/airflow/example_dags/example_complex.py
[2026-06-18T19:17:30.174+0000] {processor.py:925} INFO - DAG(s) 'example_complex' retrieved from /home/airflow/.local/lib/python3.12/site-packages/airflow/example_dags/example_complex.py
[2026-06-18T19:17:30.207+0000] {logging_mixin.py:190} INFO - [2026-06-18T19:17:30.207+0000] {dag.py:3239} INFO - Sync 1 DAGs
[2026-06-18T19:17:30.223+0000] {logging_mixin.py:190} INFO - [2026-06-18T19:17:30.223+0000] {dag.py:4180} INFO - Setting next_dagrun for example_complex to None, run_after=None
[2026-06-18T19:17:30.245+0000] {processor.py:208} INFO - Processing /home/airflow/.local/lib/python3.12/site-packages/airflow/example_dags/example_complex.py took 0.097 seconds
[2026-06-18T19:18:00.515+0000] {processor.py:186} INFO - Started process (PID=793) to work on /home/airflow/.local/lib/python3.12/site-packages/airflow/example_dags/example_complex.py
[2026-06-18T19:18:00.518+0000] {processor.py:914} INFO - Processing file /home/airflow/.local/lib/python3.12/site-packages/airflow/example_dags/example_complex.py for tasks to queue
[2026-06-18T19:18:00.525+0000] {logging_mixin.py:190} INFO - [2026-06-18T19:18:00.524+0000] {dagbag.py:588} INFO - Filling up the DagBag from /home/airflow/.local/lib/python3.12/site-packages/airflow/example_dags/example_complex.py
[2026-06-18T19:18:00.549+0000] {processor.py:925} INFO - DAG(s) 'example_complex' retrieved from /home/airflow/.local/lib/python3.12/site-packages/airflow/example_dags/example_complex.py
[2026-06-18T19:18:00.601+0000] {logging_mixin.py:190} INFO - [2026-06-18T19:18:00.601+0000] {dag.py:3239} INFO - Sync 1 DAGs
[2026-06-18T19:18:00.627+0000] {logging_mixin.py:190} INFO - [2026-06-18T19:18:00.627+0000] {dag.py:4180} INFO - Setting next_dagrun for example_complex to None, run_after=None
[2026-06-18T19:18:00.666+0000] {processor.py:208} INFO - Processing /home/airflow/.local/lib/python3.12/site-packages/airflow/example_dags/example_complex.py took 0.159 seconds
[2026-06-18T19:18:30.943+0000] {processor.py:186} INFO - Started process (PID=857) to work on /home/airflow/.local/lib/python3.12/site-packages/airflow/example_dags/example_complex.py
[2026-06-18T19:18:30.948+0000] {processor.py:914} INFO - Processing file /home/airflow/.local/lib/python3.12/site-packages/airflow/example_dags/example_complex.py for tasks to queue
[2026-06-18T19:18:30.954+0000] {logging_mixin.py:190} INFO - [2026-06-18T19:18:30.953+0000] {dagbag.py:588} INFO - Filling up the DagBag from /home/airflow/.local/lib/python3.12/site-packages/airflow/example_dags/example_complex.py
[2026-06-18T19:18:30.975+0000] {processor.py:925} INFO - DAG(s) 'example_complex' retrieved from /home/airflow/.local/lib/python3.12/site-packages/airflow/example_dags/example_complex.py
[2026-06-18T19:18:31.021+0000] {logging_mixin.py:190} INFO - [2026-06-18T19:18:31.021+0000] {dag.py:3239} INFO - Sync 1 DAGs
[2026-06-18T19:18:31.046+0000] {logging_mixin.py:190} INFO - [2026-06-18T19:18:31.045+0000] {dag.py:4180} INFO - Setting next_dagrun for example_complex to None, run_after=None
[2026-06-18T19:18:31.074+0000] {processor.py:208} INFO - Processing /home/airflow/.local/lib/python3.12/site-packages/airflow/example_dags/example_complex.py took 0.142 seconds
[2026-06-18T19:19:01.525+0000] {processor.py:186} INFO - Started process (PID=920) to work on /home/airflow/.local/lib/python3.12/site-packages/airflow/example_dags/example_complex.py
[2026-06-18T19:19:01.529+0000] {processor.py:914} INFO - Processing file /home/airflow/.local/lib/python3.12/site-packages/airflow/example_dags/example_complex.py for tasks to queue
[2026-06-18T19:19:01.533+0000] {logging_mixin.py:190} INFO - [2026-06-18T19:19:01.533+0000] {dagbag.py:588} INFO - Filling up the DagBag from /home/airflow/.local/lib/python3.12/site-packages/airflow/example_dags/example_complex.py
[2026-06-18T19:19:01.567+0000] {processor.py:925} INFO - DAG(s) 'example_complex' retrieved from /home/airflow/.local/lib/python3.12/site-packages/airflow/example_dags/example_complex.py
[2026-06-18T19:19:01.633+0000] {logging_mixin.py:190} INFO - [2026-06-18T19:19:01.633+0000] {dag.py:3239} INFO - Sync 1 DAGs
[2026-06-18T19:19:01.664+0000] {logging_mixin.py:190} INFO - [2026-06-18T19:19:01.664+0000] {dag.py:4180} INFO - Setting next_dagrun for example_complex to None, run_after=None
[2026-06-18T19:19:01.702+0000] {processor.py:208} INFO - Processing /home/airflow/.local/lib/python3.12/site-packages/airflow/example_dags/example_complex.py took 0.188 seconds
[2026-06-18T19:19:32.561+0000] {processor.py:186} INFO - Started process (PID=984) to work on /home/airflow/.local/lib/python3.12/site-packages/airflow/example_dags/example_complex.py
[2026-06-18T19:19:32.565+0000] {processor.py:914} INFO - Processing file /home/airflow/.local/lib/python3.12/site-packages/airflow/example_dags/example_complex.py for tasks to queue
[2026-06-18T19:19:32.571+0000] {logging_mixin.py:190} INFO - [2026-06-18T19:19:32.570+0000] {dagbag.py:588} INFO - Filling up the DagBag from /home/airflow/.local/lib/python3.12/site-packages/airflow/example_dags/example_complex.py
[2026-06-18T19:19:32.594+0000] {processor.py:925} INFO - DAG(s) 'example_complex' retrieved from /home/airflow/.local/lib/python3.12/site-packages/airflow/example_dags/example_complex.py
[2026-06-18T19:19:32.657+0000] {logging_mixin.py:190} INFO - [2026-06-18T19:19:32.656+0000] {dag.py:3239} INFO - Sync 1 DAGs
[2026-06-18T19:19:32.684+0000] {logging_mixin.py:190} INFO - [2026-06-18T19:19:32.684+0000] {dag.py:4180} INFO - Setting next_dagrun for example_complex to None, run_after=None
[2026-06-18T19:19:32.717+0000] {processor.py:208} INFO - Processing /home/airflow/.local/lib/python3.12/site-packages/airflow/example_dags/example_complex.py took 0.169 seconds
[2026-06-18T19:20:03.487+0000] {processor.py:186} INFO - Started process (PID=1048) to work on /home/airflow/.local/lib/python3.12/site-packages/airflow/example_dags/example_complex.py
[2026-06-18T19:20:03.488+0000] {processor.py:914} INFO - Processing file /home/airflow/.local/lib/python3.12/site-packages/airflow/example_dags/example_complex.py for tasks to queue
[2026-06-18T19:20:03.491+0000] {logging_mixin.py:190} INFO - [2026-06-18T19:20:03.490+0000] {dagbag.py:588} INFO - Filling up the DagBag from /home/airflow/.local/lib/python3.12/site-packages/airflow/example_dags/example_complex.py
[2026-06-18T19:20:03.502+0000] {processor.py:925} INFO - DAG(s) 'example_complex' retrieved from /home/airflow/.local/lib/python3.12/site-packages/airflow/example_dags/example_complex.py
[2026-06-18T19:20:03.531+0000] {logging_mixin.py:190} INFO - [2026-06-18T19:20:03.531+0000] {dag.py:3239} INFO - Sync 1 DAGs
[2026-06-18T19:20:03.546+0000] {logging_mixin.py:190} INFO - [2026-06-18T19:20:03.545+0000] {dag.py:4180} INFO - Setting next_dagrun for example_complex to None, run_after=None
[2026-06-18T19:20:03.563+0000] {processor.py:208} INFO - Processing /home/airflow/.local/lib/python3.12/site-packages/airflow/example_dags/example_complex.py took 0.083 seconds
[2026-06-18T19:20:34.128+0000] {processor.py:186} INFO - Started process (PID=1112) to work on /home/airflow/.local/lib/python3.12/site-packages/airflow/example_dags/example_complex.py
[2026-06-18T19:20:34.133+0000] {processor.py:914} INFO - Processing file /home/airflow/.local/lib/python3.12/site-packages/airflow/example_dags/example_complex.py for tasks to queue
[2026-06-18T19:20:34.140+0000] {logging_mixin.py:190} INFO - [2026-06-18T19:20:34.140+0000] {dagbag.py:588} INFO - Filling up the DagBag from /home/airflow/.local/lib/python3.12/site-packages/airflow/example_dags/example_complex.py
[2026-06-18T19:20:34.168+0000] {processor.py:925} INFO - DAG(s) 'example_complex' retrieved from /home/airflow/.local/lib/python3.12/site-packages/airflow/example_dags/example_complex.py
[2026-06-18T19:20:34.250+0000] {logging_mixin.py:190} INFO - [2026-06-18T19:20:34.250+0000] {dag.py:3239} INFO - Sync 1 DAGs
[2026-06-18T19:20:34.285+0000] {logging_mixin.py:190} INFO - [2026-06-18T19:20:34.284+0000] {dag.py:4180} INFO - Setting next_dagrun for example_complex to None, run_after=None
[2026-06-18T19:20:34.325+0000] {processor.py:208} INFO - Processing /home/airflow/.local/lib/python3.12/site-packages/airflow/example_dags/example_complex.py took 0.215 seconds
[2026-06-18T19:21:05.267+0000] {processor.py:186} INFO - Started process (PID=1175) to work on /home/airflow/.local/lib/python3.12/site-packages/airflow/example_dags/example_complex.py
[2026-06-18T19:21:05.270+0000] {processor.py:914} INFO - Processing file /home/airflow/.local/lib/python3.12/site-packages/airflow/example_dags/example_complex.py for tasks to queue
[2026-06-18T19:21:05.274+0000] {logging_mixin.py:190} INFO - [2026-06-18T19:21:05.273+0000] {dagbag.py:588} INFO - Filling up the DagBag from /home/airflow/.local/lib/python3.12/site-packages/airflow/example_dags/example_complex.py
[2026-06-18T19:21:05.286+0000] {processor.py:925} INFO - DAG(s) 'example_complex' retrieved from /home/airflow/.local/lib/python3.12/site-packages/airflow/example_dags/example_complex.py
[2026-06-18T19:21:05.323+0000] {logging_mixin.py:190} INFO - [2026-06-18T19:21:05.322+0000] {dag.py:3239} INFO - Sync 1 DAGs
[2026-06-18T19:21:05.352+0000] {logging_mixin.py:190} INFO - [2026-06-18T19:21:05.352+0000] {dag.py:4180} INFO - Setting next_dagrun for example_complex to None, run_after=None
[2026-06-18T19:21:05.390+0000] {processor.py:208} INFO - Processing /home/airflow/.local/lib/python3.12/site-packages/airflow/example_dags/example_complex.py took 0.130 seconds
[2026-06-18T19:21:35.783+0000] {processor.py:186} INFO - Started process (PID=1239) to work on /home/airflow/.local/lib/python3.12/site-packages/airflow/example_dags/example_complex.py
[2026-06-18T19:21:35.787+0000] {processor.py:914} INFO - Processing file /home/airflow/.local/lib/python3.12/site-packages/airflow/example_dags/example_complex.py for tasks to queue
[2026-06-18T19:21:35.794+0000] {logging_mixin.py:190} INFO - [2026-06-18T19:21:35.793+0000] {dagbag.py:588} INFO - Filling up the DagBag from /home/airflow/.local/lib/python3.12/site-packages/airflow/example_dags/example_complex.py
[2026-06-18T19:21:35.823+0000] {processor.py:925} INFO - DAG(s) 'example_complex' retrieved from /home/airflow/.local/lib/python3.12/site-packages/airflow/example_dags/example_complex.py
[2026-06-18T19:21:35.909+0000] {logging_mixin.py:190} INFO - [2026-06-18T19:21:35.908+0000] {dag.py:3239} INFO - Sync 1 DAGs
[2026-06-18T19:21:35.962+0000] {logging_mixin.py:190} INFO - [2026-06-18T19:21:35.961+0000] {dag.py:4180} INFO - Setting next_dagrun for example_complex to None, run_after=None
[2026-06-18T19:21:36.005+0000] {processor.py:208} INFO - Processing /home/airflow/.local/lib/python3.12/site-packages/airflow/example_dags/example_complex.py took 0.239 seconds
[2026-06-18T19:22:07.147+0000] {processor.py:186} INFO - Started process (PID=1301) to work on /home/airflow/.local/lib/python3.12/site-packages/airflow/example_dags/example_complex.py
[2026-06-18T19:22:07.151+0000] {processor.py:914} INFO - Processing file /home/airflow/.local/lib/python3.12/site-packages/airflow/example_dags/example_complex.py for tasks to queue
[2026-06-18T19:22:07.159+0000] {logging_mixin.py:190} INFO - [2026-06-18T19:22:07.158+0000] {dagbag.py:588} INFO - Filling up the DagBag from /home/airflow/.local/lib/python3.12/site-packages/airflow/example_dags/example_complex.py
[2026-06-18T19:22:07.189+0000] {processor.py:925} INFO - DAG(s) 'example_complex' retrieved from /home/airflow/.local/lib/python3.12/site-packages/airflow/example_dags/example_complex.py
[2026-06-18T19:22:07.260+0000] {logging_mixin.py:190} INFO - [2026-06-18T19:22:07.260+0000] {dag.py:3239} INFO - Sync 1 DAGs
[2026-06-18T19:22:07.293+0000] {logging_mixin.py:190} INFO - [2026-06-18T19:22:07.292+0000] {dag.py:4180} INFO - Setting next_dagrun for example_complex to None, run_after=None
[2026-06-18T19:22:07.334+0000] {processor.py:208} INFO - Processing /home/airflow/.local/lib/python3.12/site-packages/airflow/example_dags/example_complex.py took 0.200 seconds
[2026-06-18T19:22:38.501+0000] {processor.py:186} INFO - Started process (PID=1365) to work on /home/airflow/.local/lib/python3.12/site-packages/airflow/example_dags/example_complex.py
[2026-06-18T19:22:38.504+0000] {processor.py:914} INFO - Processing file /home/airflow/.local/lib/python3.12/site-packages/airflow/example_dags/example_complex.py for tasks to queue
[2026-06-18T19:22:38.509+0000] {logging_mixin.py:190} INFO - [2026-06-18T19:22:38.509+0000] {dagbag.py:588} INFO - Filling up the DagBag from /home/airflow/.local/lib/python3.12/site-packages/airflow/example_dags/example_complex.py
[2026-06-18T19:22:38.535+0000] {processor.py:925} INFO - DAG(s) 'example_complex' retrieved from /home/airflow/.local/lib/python3.12/site-packages/airflow/example_dags/example_complex.py
[2026-06-18T19:22:38.591+0000] {logging_mixin.py:190} INFO - [2026-06-18T19:22:38.591+0000] {dag.py:3239} INFO - Sync 1 DAGs
[2026-06-18T19:22:38.614+0000] {logging_mixin.py:190} INFO - [2026-06-18T19:22:38.614+0000] {dag.py:4180} INFO - Setting next_dagrun for example_complex to None, run_after=None
[2026-06-18T19:22:38.645+0000] {processor.py:208} INFO - Processing /home/airflow/.local/lib/python3.12/site-packages/airflow/example_dags/example_complex.py took 0.155 seconds
[2026-06-18T19:23:11.165+0000] {processor.py:186} INFO - Started process (PID=1421) to work on /home/airflow/.local/lib/python3.12/site-packages/airflow/example_dags/example_complex.py
[2026-06-18T19:23:11.170+0000] {processor.py:914} INFO - Processing file /home/airflow/.local/lib/python3.12/site-packages/airflow/example_dags/example_complex.py for tasks to queue
[2026-06-18T19:23:11.180+0000] {logging_mixin.py:190} INFO - [2026-06-18T19:23:11.179+0000] {dagbag.py:588} INFO - Filling up the DagBag from /home/airflow/.local/lib/python3.12/site-packages/airflow/example_dags/example_complex.py
[2026-06-18T19:23:11.235+0000] {processor.py:925} INFO - DAG(s) 'example_complex' retrieved from /home/airflow/.local/lib/python3.12/site-packages/airflow/example_dags/example_complex.py
[2026-06-18T19:23:11.357+0000] {logging_mixin.py:190} INFO - [2026-06-18T19:23:11.356+0000] {dag.py:3239} INFO - Sync 1 DAGs
[2026-06-18T19:23:11.428+0000] {logging_mixin.py:190} INFO - [2026-06-18T19:23:11.418+0000] {dag.py:4180} INFO - Setting next_dagrun for example_complex to None, run_after=None
[2026-06-18T19:23:11.529+0000] {processor.py:208} INFO - Processing /home/airflow/.local/lib/python3.12/site-packages/airflow/example_dags/example_complex.py took 0.388 seconds
[2026-06-18T19:23:41.761+0000] {processor.py:186} INFO - Started process (PID=1485) to work on /home/airflow/.local/lib/python3.12/site-packages/airflow/example_dags/example_complex.py
[2026-06-18T19:23:41.767+0000] {processor.py:914} INFO - Processing file /home/airflow/.local/lib/python3.12/site-packages/airflow/example_dags/example_complex.py for tasks to queue
[2026-06-18T19:23:41.780+0000] {logging_mixin.py:190} INFO - [2026-06-18T19:23:41.778+0000] {dagbag.py:588} INFO - Filling up the DagBag from /home/airflow/.local/lib/python3.12/site-packages/airflow/example_dags/example_complex.py
[2026-06-18T19:23:41.843+0000] {processor.py:925} INFO - DAG(s) 'example_complex' retrieved from /home/airflow/.local/lib/python3.12/site-packages/airflow/example_dags/example_complex.py
[2026-06-18T19:23:41.917+0000] {logging_mixin.py:190} INFO - [2026-06-18T19:23:41.917+0000] {dag.py:3239} INFO - Sync 1 DAGs
[2026-06-18T19:23:41.967+0000] {logging_mixin.py:190} INFO - [2026-06-18T19:23:41.967+0000] {dag.py:4180} INFO - Setting next_dagrun for example_complex to None, run_after=None
[2026-06-18T19:23:42.015+0000] {processor.py:208} INFO - Processing /home/airflow/.local/lib/python3.12/site-packages/airflow/example_dags/example_complex.py took 0.288 seconds
[2026-06-18T19:24:12.670+0000] {processor.py:186} INFO - Started process (PID=1548) to work on /home/airflow/.local/lib/python3.12/site-packages/airflow/example_dags/example_complex.py
[2026-06-18T19:24:12.672+0000] {processor.py:914} INFO - Processing file /home/airflow/.local/lib/python3.12/site-packages/airflow/example_dags/example_complex.py for tasks to queue
[2026-06-18T19:24:12.675+0000] {logging_mixin.py:190} INFO - [2026-06-18T19:24:12.675+0000] {dagbag.py:588} INFO - Filling up the DagBag from /home/airflow/.local/lib/python3.12/site-packages/airflow/example_dags/example_complex.py
[2026-06-18T19:24:12.690+0000] {processor.py:925} INFO - DAG(s) 'example_complex' retrieved from /home/airflow/.local/lib/python3.12/site-packages/airflow/example_dags/example_complex.py
[2026-06-18T19:24:12.728+0000] {logging_mixin.py:190} INFO - [2026-06-18T19:24:12.728+0000] {dag.py:3239} INFO - Sync 1 DAGs
[2026-06-18T19:24:12.743+0000] {logging_mixin.py:190} INFO - [2026-06-18T19:24:12.743+0000] {dag.py:4180} INFO - Setting next_dagrun for example_complex to None, run_after=None
[2026-06-18T19:24:12.767+0000] {processor.py:208} INFO - Processing /home/airflow/.local/lib/python3.12/site-packages/airflow/example_dags/example_complex.py took 0.102 seconds
[2026-06-18T19:24:45.285+0000] {processor.py:186} INFO - Started process (PID=1609) to work on /home/airflow/.local/lib/python3.12/site-packages/airflow/example_dags/example_complex.py
[2026-06-18T19:24:45.292+0000] {processor.py:914} INFO - Processing file /home/airflow/.local/lib/python3.12/site-packages/airflow/example_dags/example_complex.py for tasks to queue
[2026-06-18T19:24:45.303+0000] {logging_mixin.py:190} INFO - [2026-06-18T19:24:45.301+0000] {dagbag.py:588} INFO - Filling up the DagBag from /home/airflow/.local/lib/python3.12/site-packages/airflow/example_dags/example_complex.py
[2026-06-18T19:24:45.350+0000] {processor.py:925} INFO - DAG(s) 'example_complex' retrieved from /home/airflow/.local/lib/python3.12/site-packages/airflow/example_dags/example_complex.py
[2026-06-18T19:24:45.454+0000] {logging_mixin.py:190} INFO - [2026-06-18T19:24:45.453+0000] {dag.py:3239} INFO - Sync 1 DAGs
[2026-06-18T19:24:45.531+0000] {logging_mixin.py:190} INFO - [2026-06-18T19:24:45.529+0000] {dag.py:4180} INFO - Setting next_dagrun for example_complex to None, run_after=None
[2026-06-18T19:24:45.593+0000] {processor.py:208} INFO - Processing /home/airflow/.local/lib/python3.12/site-packages/airflow/example_dags/example_complex.py took 0.331 seconds
[2026-06-18T19:25:16.127+0000] {processor.py:186} INFO - Started process (PID=1672) to work on /home/airflow/.local/lib/python3.12/site-packages/airflow/example_dags/example_complex.py
[2026-06-18T19:25:16.131+0000] {processor.py:914} INFO - Processing file /home/airflow/.local/lib/python3.12/site-packages/airflow/example_dags/example_complex.py for tasks to queue
[2026-06-18T19:25:16.138+0000] {logging_mixin.py:190} INFO - [2026-06-18T19:25:16.138+0000] {dagbag.py:588} INFO - Filling up the DagBag from /home/airflow/.local/lib/python3.12/site-packages/airflow/example_dags/example_complex.py
[2026-06-18T19:25:16.166+0000] {processor.py:925} INFO - DAG(s) 'example_complex' retrieved from /home/airflow/.local/lib/python3.12/site-packages/airflow/example_dags/example_complex.py
[2026-06-18T19:25:16.234+0000] {logging_mixin.py:190} INFO - [2026-06-18T19:25:16.234+0000] {dag.py:3239} INFO - Sync 1 DAGs
[2026-06-18T19:25:16.268+0000] {logging_mixin.py:190} INFO - [2026-06-18T19:25:16.267+0000] {dag.py:4180} INFO - Setting next_dagrun for example_complex to None, run_after=None
[2026-06-18T19:25:16.317+0000] {processor.py:208} INFO - Processing /home/airflow/.local/lib/python3.12/site-packages/airflow/example_dags/example_complex.py took 0.205 seconds
[2026-06-18T19:25:50.536+0000] {processor.py:186} INFO - Started process (PID=1739) to work on /home/airflow/.local/lib/python3.12/site-packages/airflow/example_dags/example_complex.py
[2026-06-18T19:25:50.541+0000] {processor.py:914} INFO - Processing file /home/airflow/.local/lib/python3.12/site-packages/airflow/example_dags/example_complex.py for tasks to queue
[2026-06-18T19:25:50.554+0000] {logging_mixin.py:190} INFO - [2026-06-18T19:25:50.550+0000] {dagbag.py:588} INFO - Filling up the DagBag from /home/airflow/.local/lib/python3.12/site-packages/airflow/example_dags/example_complex.py
[2026-06-18T19:25:50.613+0000] {processor.py:925} INFO - DAG(s) 'example_complex' retrieved from /home/airflow/.local/lib/python3.12/site-packages/airflow/example_dags/example_complex.py
[2026-06-18T19:25:50.767+0000] {logging_mixin.py:190} INFO - [2026-06-18T19:25:50.766+0000] {dag.py:3239} INFO - Sync 1 DAGs
[2026-06-18T19:25:50.838+0000] {logging_mixin.py:190} INFO - [2026-06-18T19:25:50.837+0000] {dag.py:4180} INFO - Setting next_dagrun for example_complex to None, run_after=None
[2026-06-18T19:25:50.906+0000] {processor.py:208} INFO - Processing /home/airflow/.local/lib/python3.12/site-packages/airflow/example_dags/example_complex.py took 0.398 seconds
[2026-06-18T19:26:21.106+0000] {processor.py:186} INFO - Started process (PID=1803) to work on /home/airflow/.local/lib/python3.12/site-packages/airflow/example_dags/example_complex.py
[2026-06-18T19:26:21.108+0000] {processor.py:914} INFO - Processing file /home/airflow/.local/lib/python3.12/site-packages/airflow/example_dags/example_complex.py for tasks to queue
[2026-06-18T19:26:21.111+0000] {logging_mixin.py:190} INFO - [2026-06-18T19:26:21.111+0000] {dagbag.py:588} INFO - Filling up the DagBag from /home/airflow/.local/lib/python3.12/site-packages/airflow/example_dags/example_complex.py
[2026-06-18T19:26:21.125+0000] {processor.py:925} INFO - DAG(s) 'example_complex' retrieved from /home/airflow/.local/lib/python3.12/site-packages/airflow/example_dags/example_complex.py
[2026-06-18T19:26:21.156+0000] {logging_mixin.py:190} INFO - [2026-06-18T19:26:21.156+0000] {dag.py:3239} INFO - Sync 1 DAGs
[2026-06-18T19:26:21.176+0000] {logging_mixin.py:190} INFO - [2026-06-18T19:26:21.176+0000] {dag.py:4180} INFO - Setting next_dagrun for example_complex to None, run_after=None
[2026-06-18T19:26:21.196+0000] {processor.py:208} INFO - Processing /home/airflow/.local/lib/python3.12/site-packages/airflow/example_dags/example_complex.py took 0.097 seconds
[2026-06-18T19:26:51.880+0000] {processor.py:186} INFO - Started process (PID=1867) to work on /home/airflow/.local/lib/python3.12/site-packages/airflow/example_dags/example_complex.py
[2026-06-18T19:26:51.885+0000] {processor.py:914} INFO - Processing file /home/airflow/.local/lib/python3.12/site-packages/airflow/example_dags/example_complex.py for tasks to queue
[2026-06-18T19:26:51.892+0000] {logging_mixin.py:190} INFO - [2026-06-18T19:26:51.892+0000] {dagbag.py:588} INFO - Filling up the DagBag from /home/airflow/.local/lib/python3.12/site-packages/airflow/example_dags/example_complex.py
[2026-06-18T19:26:51.934+0000] {processor.py:925} INFO - DAG(s) 'example_complex' retrieved from /home/airflow/.local/lib/python3.12/site-packages/airflow/example_dags/example_complex.py
[2026-06-18T19:26:52.026+0000] {logging_mixin.py:190} INFO - [2026-06-18T19:26:52.025+0000] {dag.py:3239} INFO - Sync 1 DAGs
[2026-06-18T19:26:52.099+0000] {logging_mixin.py:190} INFO - [2026-06-18T19:26:52.098+0000] {dag.py:4180} INFO - Setting next_dagrun for example_complex to None, run_after=None
[2026-06-18T19:26:52.225+0000] {processor.py:208} INFO - Processing /home/airflow/.local/lib/python3.12/site-packages/airflow/example_dags/example_complex.py took 0.364 seconds
[2026-06-18T19:27:24.484+0000] {processor.py:186} INFO - Started process (PID=1926) to work on /home/airflow/.local/lib/python3.12/site-packages/airflow/example_dags/example_complex.py
[2026-06-18T19:27:24.490+0000] {processor.py:914} INFO - Processing file /home/airflow/.local/lib/python3.12/site-packages/airflow/example_dags/example_complex.py for tasks to queue
[2026-06-18T19:27:24.502+0000] {logging_mixin.py:190} INFO - [2026-06-18T19:27:24.501+0000] {dagbag.py:588} INFO - Filling up the DagBag from /home/airflow/.local/lib/python3.12/site-packages/airflow/example_dags/example_complex.py
[2026-06-18T19:27:24.551+0000] {processor.py:925} INFO - DAG(s) 'example_complex' retrieved from /home/airflow/.local/lib/python3.12/site-packages/airflow/example_dags/example_complex.py
[2026-06-18T19:27:24.693+0000] {logging_mixin.py:190} INFO - [2026-06-18T19:27:24.691+0000] {dag.py:3239} INFO - Sync 1 DAGs
[2026-06-18T19:27:24.758+0000] {logging_mixin.py:190} INFO - [2026-06-18T19:27:24.757+0000] {dag.py:4180} INFO - Setting next_dagrun for example_complex to None, run_after=None
[2026-06-18T19:27:24.839+0000] {processor.py:208} INFO - Processing /home/airflow/.local/lib/python3.12/site-packages/airflow/example_dags/example_complex.py took 0.383 seconds
[2026-06-18T19:27:56.024+0000] {processor.py:186} INFO - Started process (PID=1990) to work on /home/airflow/.local/lib/python3.12/site-packages/airflow/example_dags/example_complex.py
[2026-06-18T19:27:56.029+0000] {processor.py:914} INFO - Processing file /home/airflow/.local/lib/python3.12/site-packages/airflow/example_dags/example_complex.py for tasks to queue
[2026-06-18T19:27:56.036+0000] {logging_mixin.py:190} INFO - [2026-06-18T19:27:56.035+0000] {dagbag.py:588} INFO - Filling up the DagBag from /home/airflow/.local/lib/python3.12/site-packages/airflow/example_dags/example_complex.py
[2026-06-18T19:27:56.065+0000] {processor.py:925} INFO - DAG(s) 'example_complex' retrieved from /home/airflow/.local/lib/python3.12/site-packages/airflow/example_dags/example_complex.py
[2026-06-18T19:27:56.113+0000] {logging_mixin.py:190} INFO - [2026-06-18T19:27:56.113+0000] {dag.py:3239} INFO - Sync 1 DAGs
[2026-06-18T19:27:56.153+0000] {logging_mixin.py:190} INFO - [2026-06-18T19:27:56.152+0000] {dag.py:4180} INFO - Setting next_dagrun for example_complex to None, run_after=None
[2026-06-18T19:27:56.221+0000] {processor.py:208} INFO - Processing /home/airflow/.local/lib/python3.12/site-packages/airflow/example_dags/example_complex.py took 0.210 seconds
[2026-06-18T19:28:26.384+0000] {processor.py:186} INFO - Started process (PID=2053) to work on /home/airflow/.local/lib/python3.12/site-packages/airflow/example_dags/example_complex.py
[2026-06-18T19:28:26.388+0000] {processor.py:914} INFO - Processing file /home/airflow/.local/lib/python3.12/site-packages/airflow/example_dags/example_complex.py for tasks to queue
[2026-06-18T19:28:26.394+0000] {logging_mixin.py:190} INFO - [2026-06-18T19:28:26.393+0000] {dagbag.py:588} INFO - Filling up the DagBag from /home/airflow/.local/lib/python3.12/site-packages/airflow/example_dags/example_complex.py
[2026-06-18T19:28:26.412+0000] {processor.py:925} INFO - DAG(s) 'example_complex' retrieved from /home/airflow/.local/lib/python3.12/site-packages/airflow/example_dags/example_complex.py
[2026-06-18T19:28:26.473+0000] {logging_mixin.py:190} INFO - [2026-06-18T19:28:26.472+0000] {dag.py:3239} INFO - Sync 1 DAGs
[2026-06-18T19:28:26.496+0000] {logging_mixin.py:190} INFO - [2026-06-18T19:28:26.496+0000] {dag.py:4180} INFO - Setting next_dagrun for example_complex to None, run_after=None
[2026-06-18T19:28:26.526+0000] {processor.py:208} INFO - Processing /home/airflow/.local/lib/python3.12/site-packages/airflow/example_dags/example_complex.py took 0.151 seconds
[2026-06-18T19:28:57.819+0000] {processor.py:186} INFO - Started process (PID=2117) to work on /home/airflow/.local/lib/python3.12/site-packages/airflow/example_dags/example_complex.py
[2026-06-18T19:28:57.826+0000] {processor.py:914} INFO - Processing file /home/airflow/.local/lib/python3.12/site-packages/airflow/example_dags/example_complex.py for tasks to queue
[2026-06-18T19:28:57.848+0000] {logging_mixin.py:190} INFO - [2026-06-18T19:28:57.847+0000] {dagbag.py:588} INFO - Filling up the DagBag from /home/airflow/.local/lib/python3.12/site-packages/airflow/example_dags/example_complex.py
[2026-06-18T19:28:57.919+0000] {processor.py:925} INFO - DAG(s) 'example_complex' retrieved from /home/airflow/.local/lib/python3.12/site-packages/airflow/example_dags/example_complex.py
[2026-06-18T19:28:58.053+0000] {logging_mixin.py:190} INFO - [2026-06-18T19:28:58.052+0000] {dag.py:3239} INFO - Sync 1 DAGs
[2026-06-18T19:28:58.098+0000] {logging_mixin.py:190} INFO - [2026-06-18T19:28:58.097+0000] {dag.py:4180} INFO - Setting next_dagrun for example_complex to None, run_after=None
[2026-06-18T19:28:58.267+0000] {processor.py:208} INFO - Processing /home/airflow/.local/lib/python3.12/site-packages/airflow/example_dags/example_complex.py took 0.482 seconds
[2026-06-18T19:29:29.069+0000] {processor.py:186} INFO - Started process (PID=2180) to work on /home/airflow/.local/lib/python3.12/site-packages/airflow/example_dags/example_complex.py
[2026-06-18T19:29:29.072+0000] {processor.py:914} INFO - Processing file /home/airflow/.local/lib/python3.12/site-packages/airflow/example_dags/example_complex.py for tasks to queue
[2026-06-18T19:29:29.077+0000] {logging_mixin.py:190} INFO - [2026-06-18T19:29:29.077+0000] {dagbag.py:588} INFO - Filling up the DagBag from /home/airflow/.local/lib/python3.12/site-packages/airflow/example_dags/example_complex.py
[2026-06-18T19:29:29.106+0000] {processor.py:925} INFO - DAG(s) 'example_complex' retrieved from /home/airflow/.local/lib/python3.12/site-packages/airflow/example_dags/example_complex.py
[2026-06-18T19:29:29.166+0000] {logging_mixin.py:190} INFO - [2026-06-18T19:29:29.166+0000] {dag.py:3239} INFO - Sync 1 DAGs
[2026-06-18T19:29:29.205+0000] {logging_mixin.py:190} INFO - [2026-06-18T19:29:29.204+0000] {dag.py:4180} INFO - Setting next_dagrun for example_complex to None, run_after=None
[2026-06-18T19:29:29.246+0000] {processor.py:208} INFO - Processing /home/airflow/.local/lib/python3.12/site-packages/airflow/example_dags/example_complex.py took 0.189 seconds
[2026-06-18T19:29:59.861+0000] {processor.py:186} INFO - Started process (PID=2244) to work on /home/airflow/.local/lib/python3.12/site-packages/airflow/example_dags/example_complex.py
[2026-06-18T19:29:59.864+0000] {processor.py:914} INFO - Processing file /home/airflow/.local/lib/python3.12/site-packages/airflow/example_dags/example_complex.py for tasks to queue
[2026-06-18T19:29:59.879+0000] {logging_mixin.py:190} INFO - [2026-06-18T19:29:59.879+0000] {dagbag.py:588} INFO - Filling up the DagBag from /home/airflow/.local/lib/python3.12/site-packages/airflow/example_dags/example_complex.py
[2026-06-18T19:29:59.894+0000] {processor.py:925} INFO - DAG(s) 'example_complex' retrieved from /home/airflow/.local/lib/python3.12/site-packages/airflow/example_dags/example_complex.py
[2026-06-18T19:29:59.925+0000] {logging_mixin.py:190} INFO - [2026-06-18T19:29:59.924+0000] {dag.py:3239} INFO - Sync 1 DAGs
[2026-06-18T19:29:59.943+0000] {logging_mixin.py:190} INFO - [2026-06-18T19:29:59.943+0000] {dag.py:4180} INFO - Setting next_dagrun for example_complex to None, run_after=None
[2026-06-18T19:29:59.964+0000] {processor.py:208} INFO - Processing /home/airflow/.local/lib/python3.12/site-packages/airflow/example_dags/example_complex.py took 0.110 seconds
[2026-06-18T19:30:30.312+0000] {processor.py:186} INFO - Started process (PID=2308) to work on /home/airflow/.local/lib/python3.12/site-packages/airflow/example_dags/example_complex.py
[2026-06-18T19:30:30.318+0000] {processor.py:914} INFO - Processing file /home/airflow/.local/lib/python3.12/site-packages/airflow/example_dags/example_complex.py for tasks to queue
[2026-06-18T19:30:30.327+0000] {logging_mixin.py:190} INFO - [2026-06-18T19:30:30.326+0000] {dagbag.py:588} INFO - Filling up the DagBag from /home/airflow/.local/lib/python3.12/site-packages/airflow/example_dags/example_complex.py
[2026-06-18T19:30:30.374+0000] {processor.py:925} INFO - DAG(s) 'example_complex' retrieved from /home/airflow/.local/lib/python3.12/site-packages/airflow/example_dags/example_complex.py
[2026-06-18T19:30:30.503+0000] {logging_mixin.py:190} INFO - [2026-06-18T19:30:30.503+0000] {dag.py:3239} INFO - Sync 1 DAGs
[2026-06-18T19:30:30.554+0000] {logging_mixin.py:190} INFO - [2026-06-18T19:30:30.553+0000] {dag.py:4180} INFO - Setting next_dagrun for example_complex to None, run_after=None
[2026-06-18T19:30:30.607+0000] {processor.py:208} INFO - Processing /home/airflow/.local/lib/python3.12/site-packages/airflow/example_dags/example_complex.py took 0.313 seconds
[2026-06-18T19:31:01.083+0000] {processor.py:186} INFO - Started process (PID=2372) to work on /home/airflow/.local/lib/python3.12/site-packages/airflow/example_dags/example_complex.py
[2026-06-18T19:31:01.087+0000] {processor.py:914} INFO - Processing file /home/airflow/.local/lib/python3.12/site-packages/airflow/example_dags/example_complex.py for tasks to queue
[2026-06-18T19:31:01.095+0000] {logging_mixin.py:190} INFO - [2026-06-18T19:31:01.094+0000] {dagbag.py:588} INFO - Filling up the DagBag from /home/airflow/.local/lib/python3.12/site-packages/airflow/example_dags/example_complex.py
[2026-06-18T19:31:01.118+0000] {processor.py:925} INFO - DAG(s) 'example_complex' retrieved from /home/airflow/.local/lib/python3.12/site-packages/airflow/example_dags/example_complex.py
[2026-06-18T19:31:01.187+0000] {logging_mixin.py:190} INFO - [2026-06-18T19:31:01.187+0000] {dag.py:3239} INFO - Sync 1 DAGs
[2026-06-18T19:31:01.223+0000] {logging_mixin.py:190} INFO - [2026-06-18T19:31:01.222+0000] {dag.py:4180} INFO - Setting next_dagrun for example_complex to None, run_after=None
[2026-06-18T19:31:01.263+0000] {processor.py:208} INFO - Processing /home/airflow/.local/lib/python3.12/site-packages/airflow/example_dags/example_complex.py took 0.194 seconds
[2026-06-18T19:31:31.363+0000] {processor.py:186} INFO - Started process (PID=2436) to work on /home/airflow/.local/lib/python3.12/site-packages/airflow/example_dags/example_complex.py
[2026-06-18T19:31:31.366+0000] {processor.py:914} INFO - Processing file /home/airflow/.local/lib/python3.12/site-packages/airflow/example_dags/example_complex.py for tasks to queue
[2026-06-18T19:31:31.373+0000] {logging_mixin.py:190} INFO - [2026-06-18T19:31:31.372+0000] {dagbag.py:588} INFO - Filling up the DagBag from /home/airflow/.local/lib/python3.12/site-packages/airflow/example_dags/example_complex.py
[2026-06-18T19:31:31.399+0000] {processor.py:925} INFO - DAG(s) 'example_complex' retrieved from /home/airflow/.local/lib/python3.12/site-packages/airflow/example_dags/example_complex.py
[2026-06-18T19:31:31.460+0000] {logging_mixin.py:190} INFO - [2026-06-18T19:31:31.459+0000] {dag.py:3239} INFO - Sync 1 DAGs
[2026-06-18T19:31:31.486+0000] {logging_mixin.py:190} INFO - [2026-06-18T19:31:31.486+0000] {dag.py:4180} INFO - Setting next_dagrun for example_complex to None, run_after=None
[2026-06-18T19:31:31.523+0000] {processor.py:208} INFO - Processing /home/airflow/.local/lib/python3.12/site-packages/airflow/example_dags/example_complex.py took 0.175 seconds
