[2026-06-18T19:12:17.512+0000] {processor.py:186} INFO - Started process (PID=82) to work on /home/airflow/.local/lib/python3.12/site-packages/airflow/example_dags/example_sla_dag.py
[2026-06-18T19:12:17.515+0000] {processor.py:914} INFO - Processing file /home/airflow/.local/lib/python3.12/site-packages/airflow/example_dags/example_sla_dag.py for tasks to queue
[2026-06-18T19:12:17.533+0000] {logging_mixin.py:190} INFO - [2026-06-18T19:12:17.533+0000] {dagbag.py:588} INFO - Filling up the DagBag from /home/airflow/.local/lib/python3.12/site-packages/airflow/example_dags/example_sla_dag.py
[2026-06-18T19:12:17.607+0000] {processor.py:925} INFO - DAG(s) 'example_sla_dag' retrieved from /home/airflow/.local/lib/python3.12/site-packages/airflow/example_dags/example_sla_dag.py
[2026-06-18T19:12:17.716+0000] {logging_mixin.py:190} INFO - [2026-06-18T19:12:17.715+0000] {dag.py:3239} INFO - Sync 1 DAGs
[2026-06-18T19:12:17.780+0000] {logging_mixin.py:190} INFO - [2026-06-18T19:12:17.779+0000] {dag.py:4180} INFO - Setting next_dagrun for example_sla_dag to 2026-06-18 19:10:00+00:00, run_after=2026-06-18 19:12:00+00:00
[2026-06-18T19:12:17.830+0000] {processor.py:208} INFO - Processing /home/airflow/.local/lib/python3.12/site-packages/airflow/example_dags/example_sla_dag.py took 0.341 seconds
[2026-06-18T19:12:48.971+0000] {processor.py:186} INFO - Started process (PID=145) to work on /home/airflow/.local/lib/python3.12/site-packages/airflow/example_dags/example_sla_dag.py
[2026-06-18T19:12:48.985+0000] {processor.py:914} INFO - Processing file /home/airflow/.local/lib/python3.12/site-packages/airflow/example_dags/example_sla_dag.py for tasks to queue
[2026-06-18T19:12:48.994+0000] {logging_mixin.py:190} INFO - [2026-06-18T19:12:48.993+0000] {dagbag.py:588} INFO - Filling up the DagBag from /home/airflow/.local/lib/python3.12/site-packages/airflow/example_dags/example_sla_dag.py
[2026-06-18T19:12:49.034+0000] {processor.py:925} INFO - DAG(s) 'example_sla_dag' retrieved from /home/airflow/.local/lib/python3.12/site-packages/airflow/example_dags/example_sla_dag.py
[2026-06-18T19:12:49.135+0000] {logging_mixin.py:190} INFO - [2026-06-18T19:12:49.134+0000] {dag.py:3239} INFO - Sync 1 DAGs
[2026-06-18T19:12:49.248+0000] {logging_mixin.py:190} INFO - [2026-06-18T19:12:49.248+0000] {dag.py:4180} INFO - Setting next_dagrun for example_sla_dag to 2026-06-18 19:10:00+00:00, run_after=2026-06-18 19:12:00+00:00
[2026-06-18T19:12:49.294+0000] {processor.py:208} INFO - Processing /home/airflow/.local/lib/python3.12/site-packages/airflow/example_dags/example_sla_dag.py took 0.351 seconds
[2026-06-18T19:13:19.950+0000] {processor.py:186} INFO - Started process (PID=209) to work on /home/airflow/.local/lib/python3.12/site-packages/airflow/example_dags/example_sla_dag.py
[2026-06-18T19:13:19.956+0000] {processor.py:914} INFO - Processing file /home/airflow/.local/lib/python3.12/site-packages/airflow/example_dags/example_sla_dag.py for tasks to queue
[2026-06-18T19:13:19.966+0000] {logging_mixin.py:190} INFO - [2026-06-18T19:13:19.965+0000] {dagbag.py:588} INFO - Filling up the DagBag from /home/airflow/.local/lib/python3.12/site-packages/airflow/example_dags/example_sla_dag.py
[2026-06-18T19:13:20.027+0000] {processor.py:925} INFO - DAG(s) 'example_sla_dag' retrieved from /home/airflow/.local/lib/python3.12/site-packages/airflow/example_dags/example_sla_dag.py
[2026-06-18T19:13:20.121+0000] {logging_mixin.py:190} INFO - [2026-06-18T19:13:20.120+0000] {dag.py:3239} INFO - Sync 1 DAGs
[2026-06-18T19:13:20.249+0000] {logging_mixin.py:190} INFO - [2026-06-18T19:13:20.248+0000] {dag.py:4180} INFO - Setting next_dagrun for example_sla_dag to 2026-06-18 19:10:00+00:00, run_after=2026-06-18 19:12:00+00:00
[2026-06-18T19:13:20.311+0000] {processor.py:208} INFO - Processing /home/airflow/.local/lib/python3.12/site-packages/airflow/example_dags/example_sla_dag.py took 0.383 seconds
[2026-06-18T19:13:51.131+0000] {processor.py:186} INFO - Started process (PID=273) to work on /home/airflow/.local/lib/python3.12/site-packages/airflow/example_dags/example_sla_dag.py
[2026-06-18T19:13:51.143+0000] {processor.py:914} INFO - Processing file /home/airflow/.local/lib/python3.12/site-packages/airflow/example_dags/example_sla_dag.py for tasks to queue
[2026-06-18T19:13:51.164+0000] {logging_mixin.py:190} INFO - [2026-06-18T19:13:51.160+0000] {dagbag.py:588} INFO - Filling up the DagBag from /home/airflow/.local/lib/python3.12/site-packages/airflow/example_dags/example_sla_dag.py
[2026-06-18T19:13:51.237+0000] {processor.py:925} INFO - DAG(s) 'example_sla_dag' retrieved from /home/airflow/.local/lib/python3.12/site-packages/airflow/example_dags/example_sla_dag.py
[2026-06-18T19:13:51.314+0000] {logging_mixin.py:190} INFO - [2026-06-18T19:13:51.313+0000] {dag.py:3239} INFO - Sync 1 DAGs
[2026-06-18T19:13:51.439+0000] {logging_mixin.py:190} INFO - [2026-06-18T19:13:51.438+0000] {dag.py:4180} INFO - Setting next_dagrun for example_sla_dag to 2026-06-18 19:10:00+00:00, run_after=2026-06-18 19:12:00+00:00
[2026-06-18T19:13:51.492+0000] {processor.py:208} INFO - Processing /home/airflow/.local/lib/python3.12/site-packages/airflow/example_dags/example_sla_dag.py took 0.397 seconds
[2026-06-18T19:14:21.641+0000] {processor.py:186} INFO - Started process (PID=337) to work on /home/airflow/.local/lib/python3.12/site-packages/airflow/example_dags/example_sla_dag.py
[2026-06-18T19:14:21.645+0000] {processor.py:914} INFO - Processing file /home/airflow/.local/lib/python3.12/site-packages/airflow/example_dags/example_sla_dag.py for tasks to queue
[2026-06-18T19:14:21.651+0000] {logging_mixin.py:190} INFO - [2026-06-18T19:14:21.650+0000] {dagbag.py:588} INFO - Filling up the DagBag from /home/airflow/.local/lib/python3.12/site-packages/airflow/example_dags/example_sla_dag.py
[2026-06-18T19:14:21.674+0000] {processor.py:925} INFO - DAG(s) 'example_sla_dag' retrieved from /home/airflow/.local/lib/python3.12/site-packages/airflow/example_dags/example_sla_dag.py
[2026-06-18T19:14:21.721+0000] {logging_mixin.py:190} INFO - [2026-06-18T19:14:21.721+0000] {dag.py:3239} INFO - Sync 1 DAGs
[2026-06-18T19:14:21.778+0000] {logging_mixin.py:190} INFO - [2026-06-18T19:14:21.778+0000] {dag.py:4180} INFO - Setting next_dagrun for example_sla_dag to 2026-06-18 19:12:00+00:00, run_after=2026-06-18 19:14:00+00:00
[2026-06-18T19:14:21.822+0000] {processor.py:208} INFO - Processing /home/airflow/.local/lib/python3.12/site-packages/airflow/example_dags/example_sla_dag.py took 0.194 seconds
[2026-06-18T19:14:53.414+0000] {processor.py:186} INFO - Started process (PID=401) to work on /home/airflow/.local/lib/python3.12/site-packages/airflow/example_dags/example_sla_dag.py
[2026-06-18T19:14:53.424+0000] {processor.py:914} INFO - Processing file /home/airflow/.local/lib/python3.12/site-packages/airflow/example_dags/example_sla_dag.py for tasks to queue
[2026-06-18T19:14:53.440+0000] {logging_mixin.py:190} INFO - [2026-06-18T19:14:53.438+0000] {dagbag.py:588} INFO - Filling up the DagBag from /home/airflow/.local/lib/python3.12/site-packages/airflow/example_dags/example_sla_dag.py
[2026-06-18T19:14:53.500+0000] {processor.py:925} INFO - DAG(s) 'example_sla_dag' retrieved from /home/airflow/.local/lib/python3.12/site-packages/airflow/example_dags/example_sla_dag.py
[2026-06-18T19:14:53.609+0000] {logging_mixin.py:190} INFO - [2026-06-18T19:14:53.608+0000] {dag.py:3239} INFO - Sync 1 DAGs
[2026-06-18T19:14:53.805+0000] {logging_mixin.py:190} INFO - [2026-06-18T19:14:53.804+0000] {dag.py:4180} INFO - Setting next_dagrun for example_sla_dag to 2026-06-18 19:12:00+00:00, run_after=2026-06-18 19:14:00+00:00
[2026-06-18T19:14:53.925+0000] {processor.py:208} INFO - Processing /home/airflow/.local/lib/python3.12/site-packages/airflow/example_dags/example_sla_dag.py took 0.543 seconds
[2026-06-18T19:15:24.557+0000] {processor.py:186} INFO - Started process (PID=465) to work on /home/airflow/.local/lib/python3.12/site-packages/airflow/example_dags/example_sla_dag.py
[2026-06-18T19:15:24.561+0000] {processor.py:914} INFO - Processing file /home/airflow/.local/lib/python3.12/site-packages/airflow/example_dags/example_sla_dag.py for tasks to queue
[2026-06-18T19:15:24.568+0000] {logging_mixin.py:190} INFO - [2026-06-18T19:15:24.567+0000] {dagbag.py:588} INFO - Filling up the DagBag from /home/airflow/.local/lib/python3.12/site-packages/airflow/example_dags/example_sla_dag.py
[2026-06-18T19:15:24.594+0000] {processor.py:925} INFO - DAG(s) 'example_sla_dag' retrieved from /home/airflow/.local/lib/python3.12/site-packages/airflow/example_dags/example_sla_dag.py
[2026-06-18T19:15:24.651+0000] {logging_mixin.py:190} INFO - [2026-06-18T19:15:24.650+0000] {dag.py:3239} INFO - Sync 1 DAGs
[2026-06-18T19:15:24.742+0000] {logging_mixin.py:190} INFO - [2026-06-18T19:15:24.741+0000] {dag.py:4180} INFO - Setting next_dagrun for example_sla_dag to 2026-06-18 19:12:00+00:00, run_after=2026-06-18 19:14:00+00:00
[2026-06-18T19:15:24.792+0000] {processor.py:208} INFO - Processing /home/airflow/.local/lib/python3.12/site-packages/airflow/example_dags/example_sla_dag.py took 0.249 seconds
[2026-06-18T19:15:55.021+0000] {processor.py:186} INFO - Started process (PID=529) to work on /home/airflow/.local/lib/python3.12/site-packages/airflow/example_dags/example_sla_dag.py
[2026-06-18T19:15:55.024+0000] {processor.py:914} INFO - Processing file /home/airflow/.local/lib/python3.12/site-packages/airflow/example_dags/example_sla_dag.py for tasks to queue
[2026-06-18T19:15:55.030+0000] {logging_mixin.py:190} INFO - [2026-06-18T19:15:55.029+0000] {dagbag.py:588} INFO - Filling up the DagBag from /home/airflow/.local/lib/python3.12/site-packages/airflow/example_dags/example_sla_dag.py
[2026-06-18T19:15:55.057+0000] {processor.py:925} INFO - DAG(s) 'example_sla_dag' retrieved from /home/airflow/.local/lib/python3.12/site-packages/airflow/example_dags/example_sla_dag.py
[2026-06-18T19:15:55.118+0000] {logging_mixin.py:190} INFO - [2026-06-18T19:15:55.118+0000] {dag.py:3239} INFO - Sync 1 DAGs
[2026-06-18T19:15:55.232+0000] {logging_mixin.py:190} INFO - [2026-06-18T19:15:55.232+0000] {dag.py:4180} INFO - Setting next_dagrun for example_sla_dag to 2026-06-18 19:12:00+00:00, run_after=2026-06-18 19:14:00+00:00
[2026-06-18T19:15:55.292+0000] {processor.py:208} INFO - Processing /home/airflow/.local/lib/python3.12/site-packages/airflow/example_dags/example_sla_dag.py took 0.289 seconds
[2026-06-18T19:16:25.494+0000] {processor.py:186} INFO - Started process (PID=593) to work on /home/airflow/.local/lib/python3.12/site-packages/airflow/example_dags/example_sla_dag.py
[2026-06-18T19:16:25.498+0000] {processor.py:914} INFO - Processing file /home/airflow/.local/lib/python3.12/site-packages/airflow/example_dags/example_sla_dag.py for tasks to queue
[2026-06-18T19:16:25.505+0000] {logging_mixin.py:190} INFO - [2026-06-18T19:16:25.505+0000] {dagbag.py:588} INFO - Filling up the DagBag from /home/airflow/.local/lib/python3.12/site-packages/airflow/example_dags/example_sla_dag.py
[2026-06-18T19:16:25.537+0000] {processor.py:925} INFO - DAG(s) 'example_sla_dag' retrieved from /home/airflow/.local/lib/python3.12/site-packages/airflow/example_dags/example_sla_dag.py
[2026-06-18T19:16:25.584+0000] {logging_mixin.py:190} INFO - [2026-06-18T19:16:25.584+0000] {dag.py:3239} INFO - Sync 1 DAGs
[2026-06-18T19:16:25.652+0000] {logging_mixin.py:190} INFO - [2026-06-18T19:16:25.651+0000] {dag.py:4180} INFO - Setting next_dagrun for example_sla_dag to 2026-06-18 19:14:00+00:00, run_after=2026-06-18 19:16:00+00:00
[2026-06-18T19:16:25.699+0000] {processor.py:208} INFO - Processing /home/airflow/.local/lib/python3.12/site-packages/airflow/example_dags/example_sla_dag.py took 0.219 seconds
[2026-06-18T19:16:56.220+0000] {processor.py:186} INFO - Started process (PID=657) to work on /home/airflow/.local/lib/python3.12/site-packages/airflow/example_dags/example_sla_dag.py
[2026-06-18T19:16:56.222+0000] {processor.py:914} INFO - Processing file /home/airflow/.local/lib/python3.12/site-packages/airflow/example_dags/example_sla_dag.py for tasks to queue
[2026-06-18T19:16:56.229+0000] {logging_mixin.py:190} INFO - [2026-06-18T19:16:56.228+0000] {dagbag.py:588} INFO - Filling up the DagBag from /home/airflow/.local/lib/python3.12/site-packages/airflow/example_dags/example_sla_dag.py
[2026-06-18T19:16:56.247+0000] {processor.py:925} INFO - DAG(s) 'example_sla_dag' retrieved from /home/airflow/.local/lib/python3.12/site-packages/airflow/example_dags/example_sla_dag.py
[2026-06-18T19:16:56.275+0000] {logging_mixin.py:190} INFO - [2026-06-18T19:16:56.275+0000] {dag.py:3239} INFO - Sync 1 DAGs
[2026-06-18T19:16:56.315+0000] {logging_mixin.py:190} INFO - [2026-06-18T19:16:56.315+0000] {dag.py:4180} INFO - Setting next_dagrun for example_sla_dag to 2026-06-18 19:14:00+00:00, run_after=2026-06-18 19:16:00+00:00
[2026-06-18T19:16:56.339+0000] {processor.py:208} INFO - Processing /home/airflow/.local/lib/python3.12/site-packages/airflow/example_dags/example_sla_dag.py took 0.129 seconds
[2026-06-18T19:17:26.588+0000] {processor.py:186} INFO - Started process (PID=721) to work on /home/airflow/.local/lib/python3.12/site-packages/airflow/example_dags/example_sla_dag.py
[2026-06-18T19:17:26.592+0000] {processor.py:914} INFO - Processing file /home/airflow/.local/lib/python3.12/site-packages/airflow/example_dags/example_sla_dag.py for tasks to queue
[2026-06-18T19:17:26.598+0000] {logging_mixin.py:190} INFO - [2026-06-18T19:17:26.598+0000] {dagbag.py:588} INFO - Filling up the DagBag from /home/airflow/.local/lib/python3.12/site-packages/airflow/example_dags/example_sla_dag.py
[2026-06-18T19:17:26.618+0000] {processor.py:925} INFO - DAG(s) 'example_sla_dag' retrieved from /home/airflow/.local/lib/python3.12/site-packages/airflow/example_dags/example_sla_dag.py
[2026-06-18T19:17:26.651+0000] {logging_mixin.py:190} INFO - [2026-06-18T19:17:26.651+0000] {dag.py:3239} INFO - Sync 1 DAGs
[2026-06-18T19:17:26.692+0000] {logging_mixin.py:190} INFO - [2026-06-18T19:17:26.691+0000] {dag.py:4180} INFO - Setting next_dagrun for example_sla_dag to 2026-06-18 19:14:00+00:00, run_after=2026-06-18 19:16:00+00:00
[2026-06-18T19:17:26.719+0000] {processor.py:208} INFO - Processing /home/airflow/.local/lib/python3.12/site-packages/airflow/example_dags/example_sla_dag.py took 0.143 seconds
[2026-06-18T19:17:56.778+0000] {processor.py:186} INFO - Started process (PID=785) to work on /home/airflow/.local/lib/python3.12/site-packages/airflow/example_dags/example_sla_dag.py
[2026-06-18T19:17:56.781+0000] {processor.py:914} INFO - Processing file /home/airflow/.local/lib/python3.12/site-packages/airflow/example_dags/example_sla_dag.py for tasks to queue
[2026-06-18T19:17:56.785+0000] {logging_mixin.py:190} INFO - [2026-06-18T19:17:56.785+0000] {dagbag.py:588} INFO - Filling up the DagBag from /home/airflow/.local/lib/python3.12/site-packages/airflow/example_dags/example_sla_dag.py
[2026-06-18T19:17:56.799+0000] {processor.py:925} INFO - DAG(s) 'example_sla_dag' retrieved from /home/airflow/.local/lib/python3.12/site-packages/airflow/example_dags/example_sla_dag.py
[2026-06-18T19:17:56.823+0000] {logging_mixin.py:190} INFO - [2026-06-18T19:17:56.823+0000] {dag.py:3239} INFO - Sync 1 DAGs
[2026-06-18T19:17:56.854+0000] {logging_mixin.py:190} INFO - [2026-06-18T19:17:56.853+0000] {dag.py:4180} INFO - Setting next_dagrun for example_sla_dag to 2026-06-18 19:14:00+00:00, run_after=2026-06-18 19:16:00+00:00
[2026-06-18T19:17:56.878+0000] {processor.py:208} INFO - Processing /home/airflow/.local/lib/python3.12/site-packages/airflow/example_dags/example_sla_dag.py took 0.107 seconds
[2026-06-18T19:18:27.999+0000] {processor.py:186} INFO - Started process (PID=849) to work on /home/airflow/.local/lib/python3.12/site-packages/airflow/example_dags/example_sla_dag.py
[2026-06-18T19:18:28.003+0000] {processor.py:914} INFO - Processing file /home/airflow/.local/lib/python3.12/site-packages/airflow/example_dags/example_sla_dag.py for tasks to queue
[2026-06-18T19:18:28.011+0000] {logging_mixin.py:190} INFO - [2026-06-18T19:18:28.010+0000] {dagbag.py:588} INFO - Filling up the DagBag from /home/airflow/.local/lib/python3.12/site-packages/airflow/example_dags/example_sla_dag.py
[2026-06-18T19:18:28.042+0000] {processor.py:925} INFO - DAG(s) 'example_sla_dag' retrieved from /home/airflow/.local/lib/python3.12/site-packages/airflow/example_dags/example_sla_dag.py
[2026-06-18T19:18:28.087+0000] {logging_mixin.py:190} INFO - [2026-06-18T19:18:28.087+0000] {dag.py:3239} INFO - Sync 1 DAGs
[2026-06-18T19:18:28.148+0000] {logging_mixin.py:190} INFO - [2026-06-18T19:18:28.148+0000] {dag.py:4180} INFO - Setting next_dagrun for example_sla_dag to 2026-06-18 19:16:00+00:00, run_after=2026-06-18 19:18:00+00:00
[2026-06-18T19:18:28.186+0000] {processor.py:208} INFO - Processing /home/airflow/.local/lib/python3.12/site-packages/airflow/example_dags/example_sla_dag.py took 0.204 seconds
[2026-06-18T19:18:58.750+0000] {processor.py:186} INFO - Started process (PID=913) to work on /home/airflow/.local/lib/python3.12/site-packages/airflow/example_dags/example_sla_dag.py
[2026-06-18T19:18:58.754+0000] {processor.py:914} INFO - Processing file /home/airflow/.local/lib/python3.12/site-packages/airflow/example_dags/example_sla_dag.py for tasks to queue
[2026-06-18T19:18:58.760+0000] {logging_mixin.py:190} INFO - [2026-06-18T19:18:58.759+0000] {dagbag.py:588} INFO - Filling up the DagBag from /home/airflow/.local/lib/python3.12/site-packages/airflow/example_dags/example_sla_dag.py
[2026-06-18T19:18:58.781+0000] {processor.py:925} INFO - DAG(s) 'example_sla_dag' retrieved from /home/airflow/.local/lib/python3.12/site-packages/airflow/example_dags/example_sla_dag.py
[2026-06-18T19:18:58.817+0000] {logging_mixin.py:190} INFO - [2026-06-18T19:18:58.816+0000] {dag.py:3239} INFO - Sync 1 DAGs
[2026-06-18T19:18:58.865+0000] {logging_mixin.py:190} INFO - [2026-06-18T19:18:58.865+0000] {dag.py:4180} INFO - Setting next_dagrun for example_sla_dag to 2026-06-18 19:16:00+00:00, run_after=2026-06-18 19:18:00+00:00
[2026-06-18T19:18:58.895+0000] {processor.py:208} INFO - Processing /home/airflow/.local/lib/python3.12/site-packages/airflow/example_dags/example_sla_dag.py took 0.156 seconds
[2026-06-18T19:19:30.476+0000] {processor.py:186} INFO - Started process (PID=976) to work on /home/airflow/.local/lib/python3.12/site-packages/airflow/example_dags/example_sla_dag.py
[2026-06-18T19:19:30.481+0000] {processor.py:914} INFO - Processing file /home/airflow/.local/lib/python3.12/site-packages/airflow/example_dags/example_sla_dag.py for tasks to queue
[2026-06-18T19:19:30.488+0000] {logging_mixin.py:190} INFO - [2026-06-18T19:19:30.487+0000] {dagbag.py:588} INFO - Filling up the DagBag from /home/airflow/.local/lib/python3.12/site-packages/airflow/example_dags/example_sla_dag.py
[2026-06-18T19:19:30.512+0000] {processor.py:925} INFO - DAG(s) 'example_sla_dag' retrieved from /home/airflow/.local/lib/python3.12/site-packages/airflow/example_dags/example_sla_dag.py
[2026-06-18T19:19:30.566+0000] {logging_mixin.py:190} INFO - [2026-06-18T19:19:30.565+0000] {dag.py:3239} INFO - Sync 1 DAGs
[2026-06-18T19:19:30.621+0000] {logging_mixin.py:190} INFO - [2026-06-18T19:19:30.621+0000] {dag.py:4180} INFO - Setting next_dagrun for example_sla_dag to 2026-06-18 19:16:00+00:00, run_after=2026-06-18 19:18:00+00:00
[2026-06-18T19:19:30.666+0000] {processor.py:208} INFO - Processing /home/airflow/.local/lib/python3.12/site-packages/airflow/example_dags/example_sla_dag.py took 0.203 seconds
[2026-06-18T19:20:01.003+0000] {processor.py:186} INFO - Started process (PID=1039) to work on /home/airflow/.local/lib/python3.12/site-packages/airflow/example_dags/example_sla_dag.py
[2026-06-18T19:20:01.006+0000] {processor.py:914} INFO - Processing file /home/airflow/.local/lib/python3.12/site-packages/airflow/example_dags/example_sla_dag.py for tasks to queue
[2026-06-18T19:20:01.015+0000] {logging_mixin.py:190} INFO - [2026-06-18T19:20:01.014+0000] {dagbag.py:588} INFO - Filling up the DagBag from /home/airflow/.local/lib/python3.12/site-packages/airflow/example_dags/example_sla_dag.py
[2026-06-18T19:20:01.039+0000] {processor.py:925} INFO - DAG(s) 'example_sla_dag' retrieved from /home/airflow/.local/lib/python3.12/site-packages/airflow/example_dags/example_sla_dag.py
[2026-06-18T19:20:01.074+0000] {logging_mixin.py:190} INFO - [2026-06-18T19:20:01.074+0000] {dag.py:3239} INFO - Sync 1 DAGs
[2026-06-18T19:20:01.115+0000] {logging_mixin.py:190} INFO - [2026-06-18T19:20:01.115+0000] {dag.py:4180} INFO - Setting next_dagrun for example_sla_dag to 2026-06-18 19:18:00+00:00, run_after=2026-06-18 19:20:00+00:00
[2026-06-18T19:20:01.140+0000] {processor.py:208} INFO - Processing /home/airflow/.local/lib/python3.12/site-packages/airflow/example_dags/example_sla_dag.py took 0.146 seconds
[2026-06-18T19:20:31.470+0000] {processor.py:186} INFO - Started process (PID=1103) to work on /home/airflow/.local/lib/python3.12/site-packages/airflow/example_dags/example_sla_dag.py
[2026-06-18T19:20:31.474+0000] {processor.py:914} INFO - Processing file /home/airflow/.local/lib/python3.12/site-packages/airflow/example_dags/example_sla_dag.py for tasks to queue
[2026-06-18T19:20:31.480+0000] {logging_mixin.py:190} INFO - [2026-06-18T19:20:31.479+0000] {dagbag.py:588} INFO - Filling up the DagBag from /home/airflow/.local/lib/python3.12/site-packages/airflow/example_dags/example_sla_dag.py
[2026-06-18T19:20:31.503+0000] {processor.py:925} INFO - DAG(s) 'example_sla_dag' retrieved from /home/airflow/.local/lib/python3.12/site-packages/airflow/example_dags/example_sla_dag.py
[2026-06-18T19:20:31.552+0000] {logging_mixin.py:190} INFO - [2026-06-18T19:20:31.552+0000] {dag.py:3239} INFO - Sync 1 DAGs
[2026-06-18T19:20:31.624+0000] {logging_mixin.py:190} INFO - [2026-06-18T19:20:31.623+0000] {dag.py:4180} INFO - Setting next_dagrun for example_sla_dag to 2026-06-18 19:18:00+00:00, run_after=2026-06-18 19:20:00+00:00
[2026-06-18T19:20:31.668+0000] {processor.py:208} INFO - Processing /home/airflow/.local/lib/python3.12/site-packages/airflow/example_dags/example_sla_dag.py took 0.208 seconds
[2026-06-18T19:21:01.830+0000] {processor.py:186} INFO - Started process (PID=1166) to work on /home/airflow/.local/lib/python3.12/site-packages/airflow/example_dags/example_sla_dag.py
[2026-06-18T19:21:01.834+0000] {processor.py:914} INFO - Processing file /home/airflow/.local/lib/python3.12/site-packages/airflow/example_dags/example_sla_dag.py for tasks to queue
[2026-06-18T19:21:01.841+0000] {logging_mixin.py:190} INFO - [2026-06-18T19:21:01.840+0000] {dagbag.py:588} INFO - Filling up the DagBag from /home/airflow/.local/lib/python3.12/site-packages/airflow/example_dags/example_sla_dag.py
[2026-06-18T19:21:01.864+0000] {processor.py:925} INFO - DAG(s) 'example_sla_dag' retrieved from /home/airflow/.local/lib/python3.12/site-packages/airflow/example_dags/example_sla_dag.py
[2026-06-18T19:21:01.901+0000] {logging_mixin.py:190} INFO - [2026-06-18T19:21:01.900+0000] {dag.py:3239} INFO - Sync 1 DAGs
[2026-06-18T19:21:01.952+0000] {logging_mixin.py:190} INFO - [2026-06-18T19:21:01.951+0000] {dag.py:4180} INFO - Setting next_dagrun for example_sla_dag to 2026-06-18 19:18:00+00:00, run_after=2026-06-18 19:20:00+00:00
[2026-06-18T19:21:01.981+0000] {processor.py:208} INFO - Processing /home/airflow/.local/lib/python3.12/site-packages/airflow/example_dags/example_sla_dag.py took 0.163 seconds
[2026-06-18T19:21:32.119+0000] {processor.py:186} INFO - Started process (PID=1230) to work on /home/airflow/.local/lib/python3.12/site-packages/airflow/example_dags/example_sla_dag.py
[2026-06-18T19:21:32.123+0000] {processor.py:914} INFO - Processing file /home/airflow/.local/lib/python3.12/site-packages/airflow/example_dags/example_sla_dag.py for tasks to queue
[2026-06-18T19:21:32.129+0000] {logging_mixin.py:190} INFO - [2026-06-18T19:21:32.128+0000] {dagbag.py:588} INFO - Filling up the DagBag from /home/airflow/.local/lib/python3.12/site-packages/airflow/example_dags/example_sla_dag.py
[2026-06-18T19:21:32.155+0000] {processor.py:925} INFO - DAG(s) 'example_sla_dag' retrieved from /home/airflow/.local/lib/python3.12/site-packages/airflow/example_dags/example_sla_dag.py
[2026-06-18T19:21:32.191+0000] {logging_mixin.py:190} INFO - [2026-06-18T19:21:32.190+0000] {dag.py:3239} INFO - Sync 1 DAGs
[2026-06-18T19:21:32.240+0000] {logging_mixin.py:190} INFO - [2026-06-18T19:21:32.240+0000] {dag.py:4180} INFO - Setting next_dagrun for example_sla_dag to 2026-06-18 19:18:00+00:00, run_after=2026-06-18 19:20:00+00:00
[2026-06-18T19:21:32.273+0000] {processor.py:208} INFO - Processing /home/airflow/.local/lib/python3.12/site-packages/airflow/example_dags/example_sla_dag.py took 0.167 seconds
[2026-06-18T19:22:04.391+0000] {processor.py:186} INFO - Started process (PID=1283) to work on /home/airflow/.local/lib/python3.12/site-packages/airflow/example_dags/example_sla_dag.py
[2026-06-18T19:22:04.394+0000] {processor.py:914} INFO - Processing file /home/airflow/.local/lib/python3.12/site-packages/airflow/example_dags/example_sla_dag.py for tasks to queue
[2026-06-18T19:22:04.399+0000] {logging_mixin.py:190} INFO - [2026-06-18T19:22:04.398+0000] {dagbag.py:588} INFO - Filling up the DagBag from /home/airflow/.local/lib/python3.12/site-packages/airflow/example_dags/example_sla_dag.py
[2026-06-18T19:22:04.415+0000] {processor.py:925} INFO - DAG(s) 'example_sla_dag' retrieved from /home/airflow/.local/lib/python3.12/site-packages/airflow/example_dags/example_sla_dag.py
[2026-06-18T19:22:04.462+0000] {logging_mixin.py:190} INFO - [2026-06-18T19:22:04.461+0000] {dag.py:3239} INFO - Sync 1 DAGs
[2026-06-18T19:22:04.541+0000] {logging_mixin.py:190} INFO - [2026-06-18T19:22:04.541+0000] {dag.py:4180} INFO - Setting next_dagrun for example_sla_dag to 2026-06-18 19:20:00+00:00, run_after=2026-06-18 19:22:00+00:00
[2026-06-18T19:22:04.601+0000] {processor.py:208} INFO - Processing /home/airflow/.local/lib/python3.12/site-packages/airflow/example_dags/example_sla_dag.py took 0.221 seconds
[2026-06-18T19:22:36.240+0000] {processor.py:186} INFO - Started process (PID=1346) to work on /home/airflow/.local/lib/python3.12/site-packages/airflow/example_dags/example_sla_dag.py
[2026-06-18T19:22:36.245+0000] {processor.py:914} INFO - Processing file /home/airflow/.local/lib/python3.12/site-packages/airflow/example_dags/example_sla_dag.py for tasks to queue
[2026-06-18T19:22:36.254+0000] {logging_mixin.py:190} INFO - [2026-06-18T19:22:36.253+0000] {dagbag.py:588} INFO - Filling up the DagBag from /home/airflow/.local/lib/python3.12/site-packages/airflow/example_dags/example_sla_dag.py
[2026-06-18T19:22:36.278+0000] {processor.py:925} INFO - DAG(s) 'example_sla_dag' retrieved from /home/airflow/.local/lib/python3.12/site-packages/airflow/example_dags/example_sla_dag.py
[2026-06-18T19:22:36.322+0000] {logging_mixin.py:190} INFO - [2026-06-18T19:22:36.321+0000] {dag.py:3239} INFO - Sync 1 DAGs
[2026-06-18T19:22:36.376+0000] {logging_mixin.py:190} INFO - [2026-06-18T19:22:36.375+0000] {dag.py:4180} INFO - Setting next_dagrun for example_sla_dag to 2026-06-18 19:20:00+00:00, run_after=2026-06-18 19:22:00+00:00
[2026-06-18T19:22:36.416+0000] {processor.py:208} INFO - Processing /home/airflow/.local/lib/python3.12/site-packages/airflow/example_dags/example_sla_dag.py took 0.188 seconds
[2026-06-18T19:23:08.802+0000] {processor.py:186} INFO - Started process (PID=1410) to work on /home/airflow/.local/lib/python3.12/site-packages/airflow/example_dags/example_sla_dag.py
[2026-06-18T19:23:08.813+0000] {processor.py:914} INFO - Processing file /home/airflow/.local/lib/python3.12/site-packages/airflow/example_dags/example_sla_dag.py for tasks to queue
[2026-06-18T19:23:08.829+0000] {logging_mixin.py:190} INFO - [2026-06-18T19:23:08.828+0000] {dagbag.py:588} INFO - Filling up the DagBag from /home/airflow/.local/lib/python3.12/site-packages/airflow/example_dags/example_sla_dag.py
[2026-06-18T19:23:08.888+0000] {processor.py:925} INFO - DAG(s) 'example_sla_dag' retrieved from /home/airflow/.local/lib/python3.12/site-packages/airflow/example_dags/example_sla_dag.py
[2026-06-18T19:23:08.967+0000] {logging_mixin.py:190} INFO - [2026-06-18T19:23:08.966+0000] {dag.py:3239} INFO - Sync 1 DAGs
[2026-06-18T19:23:09.055+0000] {logging_mixin.py:190} INFO - [2026-06-18T19:23:09.055+0000] {dag.py:4180} INFO - Setting next_dagrun for example_sla_dag to 2026-06-18 19:20:00+00:00, run_after=2026-06-18 19:22:00+00:00
[2026-06-18T19:23:09.124+0000] {processor.py:208} INFO - Processing /home/airflow/.local/lib/python3.12/site-packages/airflow/example_dags/example_sla_dag.py took 0.355 seconds
[2026-06-18T19:23:40.042+0000] {processor.py:186} INFO - Started process (PID=1474) to work on /home/airflow/.local/lib/python3.12/site-packages/airflow/example_dags/example_sla_dag.py
[2026-06-18T19:23:40.049+0000] {processor.py:914} INFO - Processing file /home/airflow/.local/lib/python3.12/site-packages/airflow/example_dags/example_sla_dag.py for tasks to queue
[2026-06-18T19:23:40.067+0000] {logging_mixin.py:190} INFO - [2026-06-18T19:23:40.065+0000] {dagbag.py:588} INFO - Filling up the DagBag from /home/airflow/.local/lib/python3.12/site-packages/airflow/example_dags/example_sla_dag.py
[2026-06-18T19:23:40.111+0000] {processor.py:925} INFO - DAG(s) 'example_sla_dag' retrieved from /home/airflow/.local/lib/python3.12/site-packages/airflow/example_dags/example_sla_dag.py
[2026-06-18T19:23:40.169+0000] {logging_mixin.py:190} INFO - [2026-06-18T19:23:40.168+0000] {dag.py:3239} INFO - Sync 1 DAGs
[2026-06-18T19:23:40.235+0000] {logging_mixin.py:190} INFO - [2026-06-18T19:23:40.235+0000] {dag.py:4180} INFO - Setting next_dagrun for example_sla_dag to 2026-06-18 19:20:00+00:00, run_after=2026-06-18 19:22:00+00:00
[2026-06-18T19:23:40.284+0000] {processor.py:208} INFO - Processing /home/airflow/.local/lib/python3.12/site-packages/airflow/example_dags/example_sla_dag.py took 0.271 seconds
[2026-06-18T19:24:10.901+0000] {processor.py:186} INFO - Started process (PID=1537) to work on /home/airflow/.local/lib/python3.12/site-packages/airflow/example_dags/example_sla_dag.py
[2026-06-18T19:24:10.903+0000] {processor.py:914} INFO - Processing file /home/airflow/.local/lib/python3.12/site-packages/airflow/example_dags/example_sla_dag.py for tasks to queue
[2026-06-18T19:24:10.907+0000] {logging_mixin.py:190} INFO - [2026-06-18T19:24:10.906+0000] {dagbag.py:588} INFO - Filling up the DagBag from /home/airflow/.local/lib/python3.12/site-packages/airflow/example_dags/example_sla_dag.py
[2026-06-18T19:24:10.919+0000] {processor.py:925} INFO - DAG(s) 'example_sla_dag' retrieved from /home/airflow/.local/lib/python3.12/site-packages/airflow/example_dags/example_sla_dag.py
[2026-06-18T19:24:10.939+0000] {logging_mixin.py:190} INFO - [2026-06-18T19:24:10.939+0000] {dag.py:3239} INFO - Sync 1 DAGs
[2026-06-18T19:24:10.965+0000] {logging_mixin.py:190} INFO - [2026-06-18T19:24:10.965+0000] {dag.py:4180} INFO - Setting next_dagrun for example_sla_dag to 2026-06-18 19:22:00+00:00, run_after=2026-06-18 19:24:00+00:00
[2026-06-18T19:24:10.982+0000] {processor.py:208} INFO - Processing /home/airflow/.local/lib/python3.12/site-packages/airflow/example_dags/example_sla_dag.py took 0.086 seconds
[2026-06-18T19:24:42.410+0000] {processor.py:186} INFO - Started process (PID=1595) to work on /home/airflow/.local/lib/python3.12/site-packages/airflow/example_dags/example_sla_dag.py
[2026-06-18T19:24:42.417+0000] {processor.py:914} INFO - Processing file /home/airflow/.local/lib/python3.12/site-packages/airflow/example_dags/example_sla_dag.py for tasks to queue
[2026-06-18T19:24:42.423+0000] {logging_mixin.py:190} INFO - [2026-06-18T19:24:42.423+0000] {dagbag.py:588} INFO - Filling up the DagBag from /home/airflow/.local/lib/python3.12/site-packages/airflow/example_dags/example_sla_dag.py
[2026-06-18T19:24:42.451+0000] {processor.py:925} INFO - DAG(s) 'example_sla_dag' retrieved from /home/airflow/.local/lib/python3.12/site-packages/airflow/example_dags/example_sla_dag.py
[2026-06-18T19:24:42.500+0000] {logging_mixin.py:190} INFO - [2026-06-18T19:24:42.500+0000] {dag.py:3239} INFO - Sync 1 DAGs
[2026-06-18T19:24:42.560+0000] {logging_mixin.py:190} INFO - [2026-06-18T19:24:42.552+0000] {dag.py:4180} INFO - Setting next_dagrun for example_sla_dag to 2026-06-18 19:22:00+00:00, run_after=2026-06-18 19:24:00+00:00
[2026-06-18T19:24:42.616+0000] {processor.py:208} INFO - Processing /home/airflow/.local/lib/python3.12/site-packages/airflow/example_dags/example_sla_dag.py took 0.219 seconds
[2026-06-18T19:25:14.019+0000] {processor.py:186} INFO - Started process (PID=1659) to work on /home/airflow/.local/lib/python3.12/site-packages/airflow/example_dags/example_sla_dag.py
[2026-06-18T19:25:14.025+0000] {processor.py:914} INFO - Processing file /home/airflow/.local/lib/python3.12/site-packages/airflow/example_dags/example_sla_dag.py for tasks to queue
[2026-06-18T19:25:14.033+0000] {logging_mixin.py:190} INFO - [2026-06-18T19:25:14.032+0000] {dagbag.py:588} INFO - Filling up the DagBag from /home/airflow/.local/lib/python3.12/site-packages/airflow/example_dags/example_sla_dag.py
[2026-06-18T19:25:14.059+0000] {processor.py:925} INFO - DAG(s) 'example_sla_dag' retrieved from /home/airflow/.local/lib/python3.12/site-packages/airflow/example_dags/example_sla_dag.py
[2026-06-18T19:25:14.106+0000] {logging_mixin.py:190} INFO - [2026-06-18T19:25:14.105+0000] {dag.py:3239} INFO - Sync 1 DAGs
[2026-06-18T19:25:14.195+0000] {logging_mixin.py:190} INFO - [2026-06-18T19:25:14.195+0000] {dag.py:4180} INFO - Setting next_dagrun for example_sla_dag to 2026-06-18 19:22:00+00:00, run_after=2026-06-18 19:24:00+00:00
[2026-06-18T19:25:14.236+0000] {processor.py:208} INFO - Processing /home/airflow/.local/lib/python3.12/site-packages/airflow/example_dags/example_sla_dag.py took 0.237 seconds
[2026-06-18T19:25:46.827+0000] {processor.py:186} INFO - Started process (PID=1720) to work on /home/airflow/.local/lib/python3.12/site-packages/airflow/example_dags/example_sla_dag.py
[2026-06-18T19:25:46.851+0000] {processor.py:914} INFO - Processing file /home/airflow/.local/lib/python3.12/site-packages/airflow/example_dags/example_sla_dag.py for tasks to queue
[2026-06-18T19:25:46.860+0000] {logging_mixin.py:190} INFO - [2026-06-18T19:25:46.859+0000] {dagbag.py:588} INFO - Filling up the DagBag from /home/airflow/.local/lib/python3.12/site-packages/airflow/example_dags/example_sla_dag.py
[2026-06-18T19:25:46.899+0000] {processor.py:925} INFO - DAG(s) 'example_sla_dag' retrieved from /home/airflow/.local/lib/python3.12/site-packages/airflow/example_dags/example_sla_dag.py
[2026-06-18T19:25:46.989+0000] {logging_mixin.py:190} INFO - [2026-06-18T19:25:46.988+0000] {dag.py:3239} INFO - Sync 1 DAGs
[2026-06-18T19:25:47.156+0000] {logging_mixin.py:190} INFO - [2026-06-18T19:25:47.155+0000] {dag.py:4180} INFO - Setting next_dagrun for example_sla_dag to 2026-06-18 19:22:00+00:00, run_after=2026-06-18 19:24:00+00:00
[2026-06-18T19:25:47.216+0000] {processor.py:208} INFO - Processing /home/airflow/.local/lib/python3.12/site-packages/airflow/example_dags/example_sla_dag.py took 0.414 seconds
[2026-06-18T19:26:18.204+0000] {processor.py:186} INFO - Started process (PID=1785) to work on /home/airflow/.local/lib/python3.12/site-packages/airflow/example_dags/example_sla_dag.py
[2026-06-18T19:26:18.206+0000] {processor.py:914} INFO - Processing file /home/airflow/.local/lib/python3.12/site-packages/airflow/example_dags/example_sla_dag.py for tasks to queue
[2026-06-18T19:26:18.209+0000] {logging_mixin.py:190} INFO - [2026-06-18T19:26:18.209+0000] {dagbag.py:588} INFO - Filling up the DagBag from /home/airflow/.local/lib/python3.12/site-packages/airflow/example_dags/example_sla_dag.py
[2026-06-18T19:26:18.219+0000] {processor.py:925} INFO - DAG(s) 'example_sla_dag' retrieved from /home/airflow/.local/lib/python3.12/site-packages/airflow/example_dags/example_sla_dag.py
[2026-06-18T19:26:18.238+0000] {logging_mixin.py:190} INFO - [2026-06-18T19:26:18.238+0000] {dag.py:3239} INFO - Sync 1 DAGs
[2026-06-18T19:26:18.262+0000] {logging_mixin.py:190} INFO - [2026-06-18T19:26:18.262+0000] {dag.py:4180} INFO - Setting next_dagrun for example_sla_dag to 2026-06-18 19:24:00+00:00, run_after=2026-06-18 19:26:00+00:00
[2026-06-18T19:26:18.280+0000] {processor.py:208} INFO - Processing /home/airflow/.local/lib/python3.12/site-packages/airflow/example_dags/example_sla_dag.py took 0.081 seconds
[2026-06-18T19:26:49.270+0000] {processor.py:186} INFO - Started process (PID=1855) to work on /home/airflow/.local/lib/python3.12/site-packages/airflow/example_dags/example_sla_dag.py
[2026-06-18T19:26:49.275+0000] {processor.py:914} INFO - Processing file /home/airflow/.local/lib/python3.12/site-packages/airflow/example_dags/example_sla_dag.py for tasks to queue
[2026-06-18T19:26:49.281+0000] {logging_mixin.py:190} INFO - [2026-06-18T19:26:49.280+0000] {dagbag.py:588} INFO - Filling up the DagBag from /home/airflow/.local/lib/python3.12/site-packages/airflow/example_dags/example_sla_dag.py
[2026-06-18T19:26:49.303+0000] {processor.py:925} INFO - DAG(s) 'example_sla_dag' retrieved from /home/airflow/.local/lib/python3.12/site-packages/airflow/example_dags/example_sla_dag.py
[2026-06-18T19:26:49.357+0000] {logging_mixin.py:190} INFO - [2026-06-18T19:26:49.356+0000] {dag.py:3239} INFO - Sync 1 DAGs
[2026-06-18T19:26:49.405+0000] {logging_mixin.py:190} INFO - [2026-06-18T19:26:49.405+0000] {dag.py:4180} INFO - Setting next_dagrun for example_sla_dag to 2026-06-18 19:24:00+00:00, run_after=2026-06-18 19:26:00+00:00
[2026-06-18T19:26:49.434+0000] {processor.py:208} INFO - Processing /home/airflow/.local/lib/python3.12/site-packages/airflow/example_dags/example_sla_dag.py took 0.177 seconds
[2026-06-18T19:27:20.504+0000] {processor.py:186} INFO - Started process (PID=1917) to work on /home/airflow/.local/lib/python3.12/site-packages/airflow/example_dags/example_sla_dag.py
[2026-06-18T19:27:20.508+0000] {processor.py:914} INFO - Processing file /home/airflow/.local/lib/python3.12/site-packages/airflow/example_dags/example_sla_dag.py for tasks to queue
[2026-06-18T19:27:20.517+0000] {logging_mixin.py:190} INFO - [2026-06-18T19:27:20.516+0000] {dagbag.py:588} INFO - Filling up the DagBag from /home/airflow/.local/lib/python3.12/site-packages/airflow/example_dags/example_sla_dag.py
[2026-06-18T19:27:20.557+0000] {processor.py:925} INFO - DAG(s) 'example_sla_dag' retrieved from /home/airflow/.local/lib/python3.12/site-packages/airflow/example_dags/example_sla_dag.py
[2026-06-18T19:27:20.627+0000] {logging_mixin.py:190} INFO - [2026-06-18T19:27:20.626+0000] {dag.py:3239} INFO - Sync 1 DAGs
[2026-06-18T19:27:20.725+0000] {logging_mixin.py:190} INFO - [2026-06-18T19:27:20.724+0000] {dag.py:4180} INFO - Setting next_dagrun for example_sla_dag to 2026-06-18 19:24:00+00:00, run_after=2026-06-18 19:26:00+00:00
[2026-06-18T19:27:20.792+0000] {processor.py:208} INFO - Processing /home/airflow/.local/lib/python3.12/site-packages/airflow/example_dags/example_sla_dag.py took 0.310 seconds
[2026-06-18T19:27:50.990+0000] {processor.py:186} INFO - Started process (PID=1980) to work on /home/airflow/.local/lib/python3.12/site-packages/airflow/example_dags/example_sla_dag.py
[2026-06-18T19:27:50.993+0000] {processor.py:914} INFO - Processing file /home/airflow/.local/lib/python3.12/site-packages/airflow/example_dags/example_sla_dag.py for tasks to queue
[2026-06-18T19:27:50.998+0000] {logging_mixin.py:190} INFO - [2026-06-18T19:27:50.998+0000] {dagbag.py:588} INFO - Filling up the DagBag from /home/airflow/.local/lib/python3.12/site-packages/airflow/example_dags/example_sla_dag.py
[2026-06-18T19:27:51.021+0000] {processor.py:925} INFO - DAG(s) 'example_sla_dag' retrieved from /home/airflow/.local/lib/python3.12/site-packages/airflow/example_dags/example_sla_dag.py
[2026-06-18T19:27:51.061+0000] {logging_mixin.py:190} INFO - [2026-06-18T19:27:51.060+0000] {dag.py:3239} INFO - Sync 1 DAGs
[2026-06-18T19:27:51.116+0000] {logging_mixin.py:190} INFO - [2026-06-18T19:27:51.115+0000] {dag.py:4180} INFO - Setting next_dagrun for example_sla_dag to 2026-06-18 19:24:00+00:00, run_after=2026-06-18 19:26:00+00:00
[2026-06-18T19:27:51.154+0000] {processor.py:208} INFO - Processing /home/airflow/.local/lib/python3.12/site-packages/airflow/example_dags/example_sla_dag.py took 0.176 seconds
[2026-06-18T19:28:21.490+0000] {processor.py:186} INFO - Started process (PID=2044) to work on /home/airflow/.local/lib/python3.12/site-packages/airflow/example_dags/example_sla_dag.py
[2026-06-18T19:28:21.496+0000] {processor.py:914} INFO - Processing file /home/airflow/.local/lib/python3.12/site-packages/airflow/example_dags/example_sla_dag.py for tasks to queue
[2026-06-18T19:28:21.503+0000] {logging_mixin.py:190} INFO - [2026-06-18T19:28:21.502+0000] {dagbag.py:588} INFO - Filling up the DagBag from /home/airflow/.local/lib/python3.12/site-packages/airflow/example_dags/example_sla_dag.py
[2026-06-18T19:28:21.529+0000] {processor.py:925} INFO - DAG(s) 'example_sla_dag' retrieved from /home/airflow/.local/lib/python3.12/site-packages/airflow/example_dags/example_sla_dag.py
[2026-06-18T19:28:21.567+0000] {logging_mixin.py:190} INFO - [2026-06-18T19:28:21.567+0000] {dag.py:3239} INFO - Sync 1 DAGs
[2026-06-18T19:28:21.621+0000] {logging_mixin.py:190} INFO - [2026-06-18T19:28:21.620+0000] {dag.py:4180} INFO - Setting next_dagrun for example_sla_dag to 2026-06-18 19:26:00+00:00, run_after=2026-06-18 19:28:00+00:00
[2026-06-18T19:28:21.662+0000] {processor.py:208} INFO - Processing /home/airflow/.local/lib/python3.12/site-packages/airflow/example_dags/example_sla_dag.py took 0.184 seconds
[2026-06-18T19:28:52.146+0000] {processor.py:186} INFO - Started process (PID=2108) to work on /home/airflow/.local/lib/python3.12/site-packages/airflow/example_dags/example_sla_dag.py
[2026-06-18T19:28:52.153+0000] {processor.py:914} INFO - Processing file /home/airflow/.local/lib/python3.12/site-packages/airflow/example_dags/example_sla_dag.py for tasks to queue
[2026-06-18T19:28:52.166+0000] {logging_mixin.py:190} INFO - [2026-06-18T19:28:52.165+0000] {dagbag.py:588} INFO - Filling up the DagBag from /home/airflow/.local/lib/python3.12/site-packages/airflow/example_dags/example_sla_dag.py
[2026-06-18T19:28:52.242+0000] {processor.py:925} INFO - DAG(s) 'example_sla_dag' retrieved from /home/airflow/.local/lib/python3.12/site-packages/airflow/example_dags/example_sla_dag.py
[2026-06-18T19:28:52.380+0000] {logging_mixin.py:190} INFO - [2026-06-18T19:28:52.379+0000] {dag.py:3239} INFO - Sync 1 DAGs
[2026-06-18T19:28:52.540+0000] {logging_mixin.py:190} INFO - [2026-06-18T19:28:52.540+0000] {dag.py:4180} INFO - Setting next_dagrun for example_sla_dag to 2026-06-18 19:26:00+00:00, run_after=2026-06-18 19:28:00+00:00
[2026-06-18T19:28:52.606+0000] {processor.py:208} INFO - Processing /home/airflow/.local/lib/python3.12/site-packages/airflow/example_dags/example_sla_dag.py took 0.488 seconds
[2026-06-18T19:29:23.468+0000] {processor.py:186} INFO - Started process (PID=2172) to work on /home/airflow/.local/lib/python3.12/site-packages/airflow/example_dags/example_sla_dag.py
[2026-06-18T19:29:23.479+0000] {processor.py:914} INFO - Processing file /home/airflow/.local/lib/python3.12/site-packages/airflow/example_dags/example_sla_dag.py for tasks to queue
[2026-06-18T19:29:23.492+0000] {logging_mixin.py:190} INFO - [2026-06-18T19:29:23.491+0000] {dagbag.py:588} INFO - Filling up the DagBag from /home/airflow/.local/lib/python3.12/site-packages/airflow/example_dags/example_sla_dag.py
[2026-06-18T19:29:23.543+0000] {processor.py:925} INFO - DAG(s) 'example_sla_dag' retrieved from /home/airflow/.local/lib/python3.12/site-packages/airflow/example_dags/example_sla_dag.py
[2026-06-18T19:29:23.615+0000] {logging_mixin.py:190} INFO - [2026-06-18T19:29:23.615+0000] {dag.py:3239} INFO - Sync 1 DAGs
[2026-06-18T19:29:23.701+0000] {logging_mixin.py:190} INFO - [2026-06-18T19:29:23.701+0000] {dag.py:4180} INFO - Setting next_dagrun for example_sla_dag to 2026-06-18 19:26:00+00:00, run_after=2026-06-18 19:28:00+00:00
[2026-06-18T19:29:23.754+0000] {processor.py:208} INFO - Processing /home/airflow/.local/lib/python3.12/site-packages/airflow/example_dags/example_sla_dag.py took 0.310 seconds
[2026-06-18T19:29:53.942+0000] {processor.py:186} INFO - Started process (PID=2236) to work on /home/airflow/.local/lib/python3.12/site-packages/airflow/example_dags/example_sla_dag.py
[2026-06-18T19:29:53.946+0000] {processor.py:914} INFO - Processing file /home/airflow/.local/lib/python3.12/site-packages/airflow/example_dags/example_sla_dag.py for tasks to queue
[2026-06-18T19:29:53.953+0000] {logging_mixin.py:190} INFO - [2026-06-18T19:29:53.952+0000] {dagbag.py:588} INFO - Filling up the DagBag from /home/airflow/.local/lib/python3.12/site-packages/airflow/example_dags/example_sla_dag.py
[2026-06-18T19:29:53.973+0000] {processor.py:925} INFO - DAG(s) 'example_sla_dag' retrieved from /home/airflow/.local/lib/python3.12/site-packages/airflow/example_dags/example_sla_dag.py
[2026-06-18T19:29:54.013+0000] {logging_mixin.py:190} INFO - [2026-06-18T19:29:54.013+0000] {dag.py:3239} INFO - Sync 1 DAGs
[2026-06-18T19:29:54.066+0000] {logging_mixin.py:190} INFO - [2026-06-18T19:29:54.066+0000] {dag.py:4180} INFO - Setting next_dagrun for example_sla_dag to 2026-06-18 19:26:00+00:00, run_after=2026-06-18 19:28:00+00:00
[2026-06-18T19:29:54.101+0000] {processor.py:208} INFO - Processing /home/airflow/.local/lib/python3.12/site-packages/airflow/example_dags/example_sla_dag.py took 0.173 seconds
[2026-06-18T19:30:24.445+0000] {processor.py:186} INFO - Started process (PID=2300) to work on /home/airflow/.local/lib/python3.12/site-packages/airflow/example_dags/example_sla_dag.py
[2026-06-18T19:30:24.453+0000] {processor.py:914} INFO - Processing file /home/airflow/.local/lib/python3.12/site-packages/airflow/example_dags/example_sla_dag.py for tasks to queue
[2026-06-18T19:30:24.463+0000] {logging_mixin.py:190} INFO - [2026-06-18T19:30:24.462+0000] {dagbag.py:588} INFO - Filling up the DagBag from /home/airflow/.local/lib/python3.12/site-packages/airflow/example_dags/example_sla_dag.py
[2026-06-18T19:30:24.517+0000] {processor.py:925} INFO - DAG(s) 'example_sla_dag' retrieved from /home/airflow/.local/lib/python3.12/site-packages/airflow/example_dags/example_sla_dag.py
[2026-06-18T19:30:24.600+0000] {logging_mixin.py:190} INFO - [2026-06-18T19:30:24.599+0000] {dag.py:3239} INFO - Sync 1 DAGs
[2026-06-18T19:30:24.686+0000] {logging_mixin.py:190} INFO - [2026-06-18T19:30:24.686+0000] {dag.py:4180} INFO - Setting next_dagrun for example_sla_dag to 2026-06-18 19:28:00+00:00, run_after=2026-06-18 19:30:00+00:00
[2026-06-18T19:30:24.809+0000] {processor.py:208} INFO - Processing /home/airflow/.local/lib/python3.12/site-packages/airflow/example_dags/example_sla_dag.py took 0.383 seconds
[2026-06-18T19:30:54.950+0000] {processor.py:186} INFO - Started process (PID=2364) to work on /home/airflow/.local/lib/python3.12/site-packages/airflow/example_dags/example_sla_dag.py
[2026-06-18T19:30:54.958+0000] {processor.py:914} INFO - Processing file /home/airflow/.local/lib/python3.12/site-packages/airflow/example_dags/example_sla_dag.py for tasks to queue
[2026-06-18T19:30:54.971+0000] {logging_mixin.py:190} INFO - [2026-06-18T19:30:54.970+0000] {dagbag.py:588} INFO - Filling up the DagBag from /home/airflow/.local/lib/python3.12/site-packages/airflow/example_dags/example_sla_dag.py
[2026-06-18T19:30:55.013+0000] {processor.py:925} INFO - DAG(s) 'example_sla_dag' retrieved from /home/airflow/.local/lib/python3.12/site-packages/airflow/example_dags/example_sla_dag.py
[2026-06-18T19:30:55.089+0000] {logging_mixin.py:190} INFO - [2026-06-18T19:30:55.088+0000] {dag.py:3239} INFO - Sync 1 DAGs
[2026-06-18T19:30:55.188+0000] {logging_mixin.py:190} INFO - [2026-06-18T19:30:55.188+0000] {dag.py:4180} INFO - Setting next_dagrun for example_sla_dag to 2026-06-18 19:28:00+00:00, run_after=2026-06-18 19:30:00+00:00
[2026-06-18T19:30:55.213+0000] {processor.py:208} INFO - Processing /home/airflow/.local/lib/python3.12/site-packages/airflow/example_dags/example_sla_dag.py took 0.286 seconds
[2026-06-18T19:31:26.012+0000] {processor.py:186} INFO - Started process (PID=2428) to work on /home/airflow/.local/lib/python3.12/site-packages/airflow/example_dags/example_sla_dag.py
[2026-06-18T19:31:26.017+0000] {processor.py:914} INFO - Processing file /home/airflow/.local/lib/python3.12/site-packages/airflow/example_dags/example_sla_dag.py for tasks to queue
[2026-06-18T19:31:26.025+0000] {logging_mixin.py:190} INFO - [2026-06-18T19:31:26.024+0000] {dagbag.py:588} INFO - Filling up the DagBag from /home/airflow/.local/lib/python3.12/site-packages/airflow/example_dags/example_sla_dag.py
[2026-06-18T19:31:26.064+0000] {processor.py:925} INFO - DAG(s) 'example_sla_dag' retrieved from /home/airflow/.local/lib/python3.12/site-packages/airflow/example_dags/example_sla_dag.py
[2026-06-18T19:31:26.137+0000] {logging_mixin.py:190} INFO - [2026-06-18T19:31:26.136+0000] {dag.py:3239} INFO - Sync 1 DAGs
[2026-06-18T19:31:26.273+0000] {logging_mixin.py:190} INFO - [2026-06-18T19:31:26.273+0000] {dag.py:4180} INFO - Setting next_dagrun for example_sla_dag to 2026-06-18 19:28:00+00:00, run_after=2026-06-18 19:30:00+00:00
[2026-06-18T19:31:26.346+0000] {processor.py:208} INFO - Processing /home/airflow/.local/lib/python3.12/site-packages/airflow/example_dags/example_sla_dag.py took 0.350 seconds
