[2026-06-18T19:12:29.354+0000] {processor.py:186} INFO - Started process (PID=120) to work on /home/airflow/.local/lib/python3.12/site-packages/airflow/example_dags/example_sensors.py
[2026-06-18T19:12:29.358+0000] {processor.py:914} INFO - Processing file /home/airflow/.local/lib/python3.12/site-packages/airflow/example_dags/example_sensors.py for tasks to queue
[2026-06-18T19:12:29.364+0000] {logging_mixin.py:190} INFO - [2026-06-18T19:12:29.364+0000] {dagbag.py:588} INFO - Filling up the DagBag from /home/airflow/.local/lib/python3.12/site-packages/airflow/example_dags/example_sensors.py
[2026-06-18T19:12:29.400+0000] {processor.py:925} INFO - DAG(s) 'example_sensors' retrieved from /home/airflow/.local/lib/python3.12/site-packages/airflow/example_dags/example_sensors.py
[2026-06-18T19:12:29.483+0000] {logging_mixin.py:190} INFO - [2026-06-18T19:12:29.482+0000] {dag.py:3239} INFO - Sync 1 DAGs
[2026-06-18T19:12:29.531+0000] {logging_mixin.py:190} INFO - [2026-06-18T19:12:29.531+0000] {dag.py:4180} INFO - Setting next_dagrun for example_sensors to None, run_after=None
[2026-06-18T19:12:29.600+0000] {processor.py:208} INFO - Processing /home/airflow/.local/lib/python3.12/site-packages/airflow/example_dags/example_sensors.py took 0.257 seconds
[2026-06-18T19:13:03.817+0000] {processor.py:186} INFO - Started process (PID=184) to work on /home/airflow/.local/lib/python3.12/site-packages/airflow/example_dags/example_sensors.py
[2026-06-18T19:13:03.825+0000] {processor.py:914} INFO - Processing file /home/airflow/.local/lib/python3.12/site-packages/airflow/example_dags/example_sensors.py for tasks to queue
[2026-06-18T19:13:03.836+0000] {logging_mixin.py:190} INFO - [2026-06-18T19:13:03.835+0000] {dagbag.py:588} INFO - Filling up the DagBag from /home/airflow/.local/lib/python3.12/site-packages/airflow/example_dags/example_sensors.py
[2026-06-18T19:13:03.883+0000] {processor.py:925} INFO - DAG(s) 'example_sensors' retrieved from /home/airflow/.local/lib/python3.12/site-packages/airflow/example_dags/example_sensors.py
[2026-06-18T19:13:03.976+0000] {logging_mixin.py:190} INFO - [2026-06-18T19:13:03.975+0000] {dag.py:3239} INFO - Sync 1 DAGs
[2026-06-18T19:13:04.015+0000] {logging_mixin.py:190} INFO - [2026-06-18T19:13:04.014+0000] {dag.py:4180} INFO - Setting next_dagrun for example_sensors to None, run_after=None
[2026-06-18T19:13:04.082+0000] {processor.py:208} INFO - Processing /home/airflow/.local/lib/python3.12/site-packages/airflow/example_dags/example_sensors.py took 0.302 seconds
[2026-06-18T19:13:41.733+0000] {processor.py:186} INFO - Started process (PID=248) to work on /home/airflow/.local/lib/python3.12/site-packages/airflow/example_dags/example_sensors.py
[2026-06-18T19:13:41.737+0000] {processor.py:914} INFO - Processing file /home/airflow/.local/lib/python3.12/site-packages/airflow/example_dags/example_sensors.py for tasks to queue
[2026-06-18T19:13:41.751+0000] {logging_mixin.py:190} INFO - [2026-06-18T19:13:41.750+0000] {dagbag.py:588} INFO - Filling up the DagBag from /home/airflow/.local/lib/python3.12/site-packages/airflow/example_dags/example_sensors.py
[2026-06-18T19:13:41.795+0000] {processor.py:925} INFO - DAG(s) 'example_sensors' retrieved from /home/airflow/.local/lib/python3.12/site-packages/airflow/example_dags/example_sensors.py
[2026-06-18T19:13:41.889+0000] {logging_mixin.py:190} INFO - [2026-06-18T19:13:41.888+0000] {dag.py:3239} INFO - Sync 1 DAGs
[2026-06-18T19:13:41.930+0000] {logging_mixin.py:190} INFO - [2026-06-18T19:13:41.929+0000] {dag.py:4180} INFO - Setting next_dagrun for example_sensors to None, run_after=None
[2026-06-18T19:13:41.987+0000] {processor.py:208} INFO - Processing /home/airflow/.local/lib/python3.12/site-packages/airflow/example_dags/example_sensors.py took 0.274 seconds
[2026-06-18T19:14:14.136+0000] {processor.py:186} INFO - Started process (PID=312) to work on /home/airflow/.local/lib/python3.12/site-packages/airflow/example_dags/example_sensors.py
[2026-06-18T19:14:14.142+0000] {processor.py:914} INFO - Processing file /home/airflow/.local/lib/python3.12/site-packages/airflow/example_dags/example_sensors.py for tasks to queue
[2026-06-18T19:14:14.155+0000] {logging_mixin.py:190} INFO - [2026-06-18T19:14:14.151+0000] {dagbag.py:588} INFO - Filling up the DagBag from /home/airflow/.local/lib/python3.12/site-packages/airflow/example_dags/example_sensors.py
[2026-06-18T19:14:14.189+0000] {processor.py:925} INFO - DAG(s) 'example_sensors' retrieved from /home/airflow/.local/lib/python3.12/site-packages/airflow/example_dags/example_sensors.py
[2026-06-18T19:14:14.288+0000] {logging_mixin.py:190} INFO - [2026-06-18T19:14:14.287+0000] {dag.py:3239} INFO - Sync 1 DAGs
[2026-06-18T19:14:14.339+0000] {logging_mixin.py:190} INFO - [2026-06-18T19:14:14.339+0000] {dag.py:4180} INFO - Setting next_dagrun for example_sensors to None, run_after=None
[2026-06-18T19:14:14.396+0000] {processor.py:208} INFO - Processing /home/airflow/.local/lib/python3.12/site-packages/airflow/example_dags/example_sensors.py took 0.285 seconds
[2026-06-18T19:14:45.623+0000] {processor.py:186} INFO - Started process (PID=376) to work on /home/airflow/.local/lib/python3.12/site-packages/airflow/example_dags/example_sensors.py
[2026-06-18T19:14:45.655+0000] {processor.py:914} INFO - Processing file /home/airflow/.local/lib/python3.12/site-packages/airflow/example_dags/example_sensors.py for tasks to queue
[2026-06-18T19:14:45.686+0000] {logging_mixin.py:190} INFO - [2026-06-18T19:14:45.684+0000] {dagbag.py:588} INFO - Filling up the DagBag from /home/airflow/.local/lib/python3.12/site-packages/airflow/example_dags/example_sensors.py
[2026-06-18T19:14:45.834+0000] {processor.py:925} INFO - DAG(s) 'example_sensors' retrieved from /home/airflow/.local/lib/python3.12/site-packages/airflow/example_dags/example_sensors.py
[2026-06-18T19:14:46.012+0000] {logging_mixin.py:190} INFO - [2026-06-18T19:14:46.011+0000] {dag.py:3239} INFO - Sync 1 DAGs
[2026-06-18T19:14:46.216+0000] {logging_mixin.py:190} INFO - [2026-06-18T19:14:46.215+0000] {dag.py:4180} INFO - Setting next_dagrun for example_sensors to None, run_after=None
[2026-06-18T19:14:46.341+0000] {processor.py:208} INFO - Processing /home/airflow/.local/lib/python3.12/site-packages/airflow/example_dags/example_sensors.py took 0.789 seconds
[2026-06-18T19:15:17.054+0000] {processor.py:186} INFO - Started process (PID=445) to work on /home/airflow/.local/lib/python3.12/site-packages/airflow/example_dags/example_sensors.py
[2026-06-18T19:15:17.061+0000] {processor.py:914} INFO - Processing file /home/airflow/.local/lib/python3.12/site-packages/airflow/example_dags/example_sensors.py for tasks to queue
[2026-06-18T19:15:17.074+0000] {logging_mixin.py:190} INFO - [2026-06-18T19:15:17.073+0000] {dagbag.py:588} INFO - Filling up the DagBag from /home/airflow/.local/lib/python3.12/site-packages/airflow/example_dags/example_sensors.py
[2026-06-18T19:15:17.116+0000] {processor.py:925} INFO - DAG(s) 'example_sensors' retrieved from /home/airflow/.local/lib/python3.12/site-packages/airflow/example_dags/example_sensors.py
[2026-06-18T19:15:17.193+0000] {logging_mixin.py:190} INFO - [2026-06-18T19:15:17.192+0000] {dag.py:3239} INFO - Sync 1 DAGs
[2026-06-18T19:15:17.244+0000] {logging_mixin.py:190} INFO - [2026-06-18T19:15:17.243+0000] {dag.py:4180} INFO - Setting next_dagrun for example_sensors to None, run_after=None
[2026-06-18T19:15:17.292+0000] {processor.py:208} INFO - Processing /home/airflow/.local/lib/python3.12/site-packages/airflow/example_dags/example_sensors.py took 0.263 seconds
[2026-06-18T19:15:47.413+0000] {processor.py:186} INFO - Started process (PID=509) to work on /home/airflow/.local/lib/python3.12/site-packages/airflow/example_dags/example_sensors.py
[2026-06-18T19:15:47.415+0000] {processor.py:914} INFO - Processing file /home/airflow/.local/lib/python3.12/site-packages/airflow/example_dags/example_sensors.py for tasks to queue
[2026-06-18T19:15:47.420+0000] {logging_mixin.py:190} INFO - [2026-06-18T19:15:47.419+0000] {dagbag.py:588} INFO - Filling up the DagBag from /home/airflow/.local/lib/python3.12/site-packages/airflow/example_dags/example_sensors.py
[2026-06-18T19:15:47.440+0000] {processor.py:925} INFO - DAG(s) 'example_sensors' retrieved from /home/airflow/.local/lib/python3.12/site-packages/airflow/example_dags/example_sensors.py
[2026-06-18T19:15:47.497+0000] {logging_mixin.py:190} INFO - [2026-06-18T19:15:47.497+0000] {dag.py:3239} INFO - Sync 1 DAGs
[2026-06-18T19:15:47.547+0000] {logging_mixin.py:190} INFO - [2026-06-18T19:15:47.546+0000] {dag.py:4180} INFO - Setting next_dagrun for example_sensors to None, run_after=None
[2026-06-18T19:15:47.618+0000] {processor.py:208} INFO - Processing /home/airflow/.local/lib/python3.12/site-packages/airflow/example_dags/example_sensors.py took 0.215 seconds
[2026-06-18T19:16:17.888+0000] {processor.py:186} INFO - Started process (PID=572) to work on /home/airflow/.local/lib/python3.12/site-packages/airflow/example_dags/example_sensors.py
[2026-06-18T19:16:17.890+0000] {processor.py:914} INFO - Processing file /home/airflow/.local/lib/python3.12/site-packages/airflow/example_dags/example_sensors.py for tasks to queue
[2026-06-18T19:16:17.894+0000] {logging_mixin.py:190} INFO - [2026-06-18T19:16:17.894+0000] {dagbag.py:588} INFO - Filling up the DagBag from /home/airflow/.local/lib/python3.12/site-packages/airflow/example_dags/example_sensors.py
[2026-06-18T19:16:17.908+0000] {processor.py:925} INFO - DAG(s) 'example_sensors' retrieved from /home/airflow/.local/lib/python3.12/site-packages/airflow/example_dags/example_sensors.py
[2026-06-18T19:16:17.942+0000] {logging_mixin.py:190} INFO - [2026-06-18T19:16:17.942+0000] {dag.py:3239} INFO - Sync 1 DAGs
[2026-06-18T19:16:17.966+0000] {logging_mixin.py:190} INFO - [2026-06-18T19:16:17.966+0000] {dag.py:4180} INFO - Setting next_dagrun for example_sensors to None, run_after=None
[2026-06-18T19:16:17.994+0000] {processor.py:208} INFO - Processing /home/airflow/.local/lib/python3.12/site-packages/airflow/example_dags/example_sensors.py took 0.113 seconds
[2026-06-18T19:16:48.113+0000] {processor.py:186} INFO - Started process (PID=636) to work on /home/airflow/.local/lib/python3.12/site-packages/airflow/example_dags/example_sensors.py
[2026-06-18T19:16:48.117+0000] {processor.py:914} INFO - Processing file /home/airflow/.local/lib/python3.12/site-packages/airflow/example_dags/example_sensors.py for tasks to queue
[2026-06-18T19:16:48.122+0000] {logging_mixin.py:190} INFO - [2026-06-18T19:16:48.122+0000] {dagbag.py:588} INFO - Filling up the DagBag from /home/airflow/.local/lib/python3.12/site-packages/airflow/example_dags/example_sensors.py
[2026-06-18T19:16:48.142+0000] {processor.py:925} INFO - DAG(s) 'example_sensors' retrieved from /home/airflow/.local/lib/python3.12/site-packages/airflow/example_dags/example_sensors.py
[2026-06-18T19:16:48.185+0000] {logging_mixin.py:190} INFO - [2026-06-18T19:16:48.185+0000] {dag.py:3239} INFO - Sync 1 DAGs
[2026-06-18T19:16:48.207+0000] {logging_mixin.py:190} INFO - [2026-06-18T19:16:48.206+0000] {dag.py:4180} INFO - Setting next_dagrun for example_sensors to None, run_after=None
[2026-06-18T19:16:48.232+0000] {processor.py:208} INFO - Processing /home/airflow/.local/lib/python3.12/site-packages/airflow/example_dags/example_sensors.py took 0.128 seconds
[2026-06-18T19:17:19.009+0000] {processor.py:186} INFO - Started process (PID=700) to work on /home/airflow/.local/lib/python3.12/site-packages/airflow/example_dags/example_sensors.py
[2026-06-18T19:17:19.011+0000] {processor.py:914} INFO - Processing file /home/airflow/.local/lib/python3.12/site-packages/airflow/example_dags/example_sensors.py for tasks to queue
[2026-06-18T19:17:19.015+0000] {logging_mixin.py:190} INFO - [2026-06-18T19:17:19.014+0000] {dagbag.py:588} INFO - Filling up the DagBag from /home/airflow/.local/lib/python3.12/site-packages/airflow/example_dags/example_sensors.py
[2026-06-18T19:17:19.026+0000] {processor.py:925} INFO - DAG(s) 'example_sensors' retrieved from /home/airflow/.local/lib/python3.12/site-packages/airflow/example_dags/example_sensors.py
[2026-06-18T19:17:19.059+0000] {logging_mixin.py:190} INFO - [2026-06-18T19:17:19.058+0000] {dag.py:3239} INFO - Sync 1 DAGs
[2026-06-18T19:17:19.078+0000] {logging_mixin.py:190} INFO - [2026-06-18T19:17:19.078+0000] {dag.py:4180} INFO - Setting next_dagrun for example_sensors to None, run_after=None
[2026-06-18T19:17:19.104+0000] {processor.py:208} INFO - Processing /home/airflow/.local/lib/python3.12/site-packages/airflow/example_dags/example_sensors.py took 0.101 seconds
[2026-06-18T19:17:51.234+0000] {processor.py:186} INFO - Started process (PID=765) to work on /home/airflow/.local/lib/python3.12/site-packages/airflow/example_dags/example_sensors.py
[2026-06-18T19:17:51.239+0000] {processor.py:914} INFO - Processing file /home/airflow/.local/lib/python3.12/site-packages/airflow/example_dags/example_sensors.py for tasks to queue
[2026-06-18T19:17:51.248+0000] {logging_mixin.py:190} INFO - [2026-06-18T19:17:51.247+0000] {dagbag.py:588} INFO - Filling up the DagBag from /home/airflow/.local/lib/python3.12/site-packages/airflow/example_dags/example_sensors.py
[2026-06-18T19:17:51.289+0000] {processor.py:925} INFO - DAG(s) 'example_sensors' retrieved from /home/airflow/.local/lib/python3.12/site-packages/airflow/example_dags/example_sensors.py
[2026-06-18T19:17:51.390+0000] {logging_mixin.py:190} INFO - [2026-06-18T19:17:51.390+0000] {dag.py:3239} INFO - Sync 1 DAGs
[2026-06-18T19:17:51.431+0000] {logging_mixin.py:190} INFO - [2026-06-18T19:17:51.431+0000] {dag.py:4180} INFO - Setting next_dagrun for example_sensors to None, run_after=None
[2026-06-18T19:17:51.479+0000] {processor.py:208} INFO - Processing /home/airflow/.local/lib/python3.12/site-packages/airflow/example_dags/example_sensors.py took 0.269 seconds
[2026-06-18T19:18:21.714+0000] {processor.py:186} INFO - Started process (PID=828) to work on /home/airflow/.local/lib/python3.12/site-packages/airflow/example_dags/example_sensors.py
[2026-06-18T19:18:21.720+0000] {processor.py:914} INFO - Processing file /home/airflow/.local/lib/python3.12/site-packages/airflow/example_dags/example_sensors.py for tasks to queue
[2026-06-18T19:18:21.724+0000] {logging_mixin.py:190} INFO - [2026-06-18T19:18:21.724+0000] {dagbag.py:588} INFO - Filling up the DagBag from /home/airflow/.local/lib/python3.12/site-packages/airflow/example_dags/example_sensors.py
[2026-06-18T19:18:21.737+0000] {processor.py:925} INFO - DAG(s) 'example_sensors' retrieved from /home/airflow/.local/lib/python3.12/site-packages/airflow/example_dags/example_sensors.py
[2026-06-18T19:18:21.764+0000] {logging_mixin.py:190} INFO - [2026-06-18T19:18:21.764+0000] {dag.py:3239} INFO - Sync 1 DAGs
[2026-06-18T19:18:21.779+0000] {logging_mixin.py:190} INFO - [2026-06-18T19:18:21.779+0000] {dag.py:4180} INFO - Setting next_dagrun for example_sensors to None, run_after=None
[2026-06-18T19:18:21.803+0000] {processor.py:208} INFO - Processing /home/airflow/.local/lib/python3.12/site-packages/airflow/example_dags/example_sensors.py took 0.095 seconds
[2026-06-18T19:18:53.395+0000] {processor.py:186} INFO - Started process (PID=892) to work on /home/airflow/.local/lib/python3.12/site-packages/airflow/example_dags/example_sensors.py
[2026-06-18T19:18:53.406+0000] {processor.py:914} INFO - Processing file /home/airflow/.local/lib/python3.12/site-packages/airflow/example_dags/example_sensors.py for tasks to queue
[2026-06-18T19:18:53.424+0000] {logging_mixin.py:190} INFO - [2026-06-18T19:18:53.422+0000] {dagbag.py:588} INFO - Filling up the DagBag from /home/airflow/.local/lib/python3.12/site-packages/airflow/example_dags/example_sensors.py
[2026-06-18T19:18:53.494+0000] {processor.py:925} INFO - DAG(s) 'example_sensors' retrieved from /home/airflow/.local/lib/python3.12/site-packages/airflow/example_dags/example_sensors.py
[2026-06-18T19:18:53.590+0000] {logging_mixin.py:190} INFO - [2026-06-18T19:18:53.590+0000] {dag.py:3239} INFO - Sync 1 DAGs
[2026-06-18T19:18:53.635+0000] {logging_mixin.py:190} INFO - [2026-06-18T19:18:53.635+0000] {dag.py:4180} INFO - Setting next_dagrun for example_sensors to None, run_after=None
[2026-06-18T19:18:53.688+0000] {processor.py:208} INFO - Processing /home/airflow/.local/lib/python3.12/site-packages/airflow/example_dags/example_sensors.py took 0.330 seconds
[2026-06-18T19:19:25.329+0000] {processor.py:186} INFO - Started process (PID=956) to work on /home/airflow/.local/lib/python3.12/site-packages/airflow/example_dags/example_sensors.py
[2026-06-18T19:19:25.334+0000] {processor.py:914} INFO - Processing file /home/airflow/.local/lib/python3.12/site-packages/airflow/example_dags/example_sensors.py for tasks to queue
[2026-06-18T19:19:25.353+0000] {logging_mixin.py:190} INFO - [2026-06-18T19:19:25.351+0000] {dagbag.py:588} INFO - Filling up the DagBag from /home/airflow/.local/lib/python3.12/site-packages/airflow/example_dags/example_sensors.py
[2026-06-18T19:19:25.412+0000] {processor.py:925} INFO - DAG(s) 'example_sensors' retrieved from /home/airflow/.local/lib/python3.12/site-packages/airflow/example_dags/example_sensors.py
[2026-06-18T19:19:25.517+0000] {logging_mixin.py:190} INFO - [2026-06-18T19:19:25.516+0000] {dag.py:3239} INFO - Sync 1 DAGs
[2026-06-18T19:19:25.567+0000] {logging_mixin.py:190} INFO - [2026-06-18T19:19:25.567+0000] {dag.py:4180} INFO - Setting next_dagrun for example_sensors to None, run_after=None
[2026-06-18T19:19:25.629+0000] {processor.py:208} INFO - Processing /home/airflow/.local/lib/python3.12/site-packages/airflow/example_dags/example_sensors.py took 0.328 seconds
[2026-06-18T19:19:55.718+0000] {processor.py:186} INFO - Started process (PID=1020) to work on /home/airflow/.local/lib/python3.12/site-packages/airflow/example_dags/example_sensors.py
[2026-06-18T19:19:55.720+0000] {processor.py:914} INFO - Processing file /home/airflow/.local/lib/python3.12/site-packages/airflow/example_dags/example_sensors.py for tasks to queue
[2026-06-18T19:19:55.723+0000] {logging_mixin.py:190} INFO - [2026-06-18T19:19:55.723+0000] {dagbag.py:588} INFO - Filling up the DagBag from /home/airflow/.local/lib/python3.12/site-packages/airflow/example_dags/example_sensors.py
[2026-06-18T19:19:55.740+0000] {processor.py:925} INFO - DAG(s) 'example_sensors' retrieved from /home/airflow/.local/lib/python3.12/site-packages/airflow/example_dags/example_sensors.py
[2026-06-18T19:19:55.772+0000] {logging_mixin.py:190} INFO - [2026-06-18T19:19:55.772+0000] {dag.py:3239} INFO - Sync 1 DAGs
[2026-06-18T19:19:55.789+0000] {logging_mixin.py:190} INFO - [2026-06-18T19:19:55.789+0000] {dag.py:4180} INFO - Setting next_dagrun for example_sensors to None, run_after=None
[2026-06-18T19:19:55.811+0000] {processor.py:208} INFO - Processing /home/airflow/.local/lib/python3.12/site-packages/airflow/example_dags/example_sensors.py took 0.100 seconds
[2026-06-18T19:20:26.874+0000] {processor.py:186} INFO - Started process (PID=1084) to work on /home/airflow/.local/lib/python3.12/site-packages/airflow/example_dags/example_sensors.py
[2026-06-18T19:20:26.877+0000] {processor.py:914} INFO - Processing file /home/airflow/.local/lib/python3.12/site-packages/airflow/example_dags/example_sensors.py for tasks to queue
[2026-06-18T19:20:26.883+0000] {logging_mixin.py:190} INFO - [2026-06-18T19:20:26.882+0000] {dagbag.py:588} INFO - Filling up the DagBag from /home/airflow/.local/lib/python3.12/site-packages/airflow/example_dags/example_sensors.py
[2026-06-18T19:20:26.909+0000] {processor.py:925} INFO - DAG(s) 'example_sensors' retrieved from /home/airflow/.local/lib/python3.12/site-packages/airflow/example_dags/example_sensors.py
[2026-06-18T19:20:26.968+0000] {logging_mixin.py:190} INFO - [2026-06-18T19:20:26.968+0000] {dag.py:3239} INFO - Sync 1 DAGs
[2026-06-18T19:20:27.003+0000] {logging_mixin.py:190} INFO - [2026-06-18T19:20:27.003+0000] {dag.py:4180} INFO - Setting next_dagrun for example_sensors to None, run_after=None
[2026-06-18T19:20:27.046+0000] {processor.py:208} INFO - Processing /home/airflow/.local/lib/python3.12/site-packages/airflow/example_dags/example_sensors.py took 0.184 seconds
[2026-06-18T19:20:59.234+0000] {processor.py:186} INFO - Started process (PID=1149) to work on /home/airflow/.local/lib/python3.12/site-packages/airflow/example_dags/example_sensors.py
[2026-06-18T19:20:59.239+0000] {processor.py:914} INFO - Processing file /home/airflow/.local/lib/python3.12/site-packages/airflow/example_dags/example_sensors.py for tasks to queue
[2026-06-18T19:20:59.250+0000] {logging_mixin.py:190} INFO - [2026-06-18T19:20:59.249+0000] {dagbag.py:588} INFO - Filling up the DagBag from /home/airflow/.local/lib/python3.12/site-packages/airflow/example_dags/example_sensors.py
[2026-06-18T19:20:59.294+0000] {processor.py:925} INFO - DAG(s) 'example_sensors' retrieved from /home/airflow/.local/lib/python3.12/site-packages/airflow/example_dags/example_sensors.py
[2026-06-18T19:20:59.372+0000] {logging_mixin.py:190} INFO - [2026-06-18T19:20:59.371+0000] {dag.py:3239} INFO - Sync 1 DAGs
[2026-06-18T19:20:59.409+0000] {logging_mixin.py:190} INFO - [2026-06-18T19:20:59.409+0000] {dag.py:4180} INFO - Setting next_dagrun for example_sensors to None, run_after=None
[2026-06-18T19:20:59.448+0000] {processor.py:208} INFO - Processing /home/airflow/.local/lib/python3.12/site-packages/airflow/example_dags/example_sensors.py took 0.229 seconds
[2026-06-18T19:21:29.889+0000] {processor.py:186} INFO - Started process (PID=1214) to work on /home/airflow/.local/lib/python3.12/site-packages/airflow/example_dags/example_sensors.py
[2026-06-18T19:21:29.892+0000] {processor.py:914} INFO - Processing file /home/airflow/.local/lib/python3.12/site-packages/airflow/example_dags/example_sensors.py for tasks to queue
[2026-06-18T19:21:29.899+0000] {logging_mixin.py:190} INFO - [2026-06-18T19:21:29.898+0000] {dagbag.py:588} INFO - Filling up the DagBag from /home/airflow/.local/lib/python3.12/site-packages/airflow/example_dags/example_sensors.py
[2026-06-18T19:21:29.924+0000] {processor.py:925} INFO - DAG(s) 'example_sensors' retrieved from /home/airflow/.local/lib/python3.12/site-packages/airflow/example_dags/example_sensors.py
[2026-06-18T19:21:30.003+0000] {logging_mixin.py:190} INFO - [2026-06-18T19:21:30.003+0000] {dag.py:3239} INFO - Sync 1 DAGs
[2026-06-18T19:21:30.051+0000] {logging_mixin.py:190} INFO - [2026-06-18T19:21:30.050+0000] {dag.py:4180} INFO - Setting next_dagrun for example_sensors to None, run_after=None
[2026-06-18T19:21:30.110+0000] {processor.py:208} INFO - Processing /home/airflow/.local/lib/python3.12/site-packages/airflow/example_dags/example_sensors.py took 0.232 seconds
[2026-06-18T19:22:05.099+0000] {processor.py:186} INFO - Started process (PID=1287) to work on /home/airflow/.local/lib/python3.12/site-packages/airflow/example_dags/example_sensors.py
[2026-06-18T19:22:05.105+0000] {processor.py:914} INFO - Processing file /home/airflow/.local/lib/python3.12/site-packages/airflow/example_dags/example_sensors.py for tasks to queue
[2026-06-18T19:22:05.114+0000] {logging_mixin.py:190} INFO - [2026-06-18T19:22:05.113+0000] {dagbag.py:588} INFO - Filling up the DagBag from /home/airflow/.local/lib/python3.12/site-packages/airflow/example_dags/example_sensors.py
[2026-06-18T19:22:05.155+0000] {processor.py:925} INFO - DAG(s) 'example_sensors' retrieved from /home/airflow/.local/lib/python3.12/site-packages/airflow/example_dags/example_sensors.py
[2026-06-18T19:22:05.234+0000] {logging_mixin.py:190} INFO - [2026-06-18T19:22:05.234+0000] {dag.py:3239} INFO - Sync 1 DAGs
[2026-06-18T19:22:05.268+0000] {logging_mixin.py:190} INFO - [2026-06-18T19:22:05.268+0000] {dag.py:4180} INFO - Setting next_dagrun for example_sensors to None, run_after=None
[2026-06-18T19:22:05.306+0000] {processor.py:208} INFO - Processing /home/airflow/.local/lib/python3.12/site-packages/airflow/example_dags/example_sensors.py took 0.230 seconds
[2026-06-18T19:22:36.961+0000] {processor.py:186} INFO - Started process (PID=1352) to work on /home/airflow/.local/lib/python3.12/site-packages/airflow/example_dags/example_sensors.py
[2026-06-18T19:22:36.972+0000] {processor.py:914} INFO - Processing file /home/airflow/.local/lib/python3.12/site-packages/airflow/example_dags/example_sensors.py for tasks to queue
[2026-06-18T19:22:36.979+0000] {logging_mixin.py:190} INFO - [2026-06-18T19:22:36.978+0000] {dagbag.py:588} INFO - Filling up the DagBag from /home/airflow/.local/lib/python3.12/site-packages/airflow/example_dags/example_sensors.py
[2026-06-18T19:22:37.016+0000] {processor.py:925} INFO - DAG(s) 'example_sensors' retrieved from /home/airflow/.local/lib/python3.12/site-packages/airflow/example_dags/example_sensors.py
[2026-06-18T19:22:37.082+0000] {logging_mixin.py:190} INFO - [2026-06-18T19:22:37.081+0000] {dag.py:3239} INFO - Sync 1 DAGs
[2026-06-18T19:22:37.108+0000] {logging_mixin.py:190} INFO - [2026-06-18T19:22:37.108+0000] {dag.py:4180} INFO - Setting next_dagrun for example_sensors to None, run_after=None
[2026-06-18T19:22:37.148+0000] {processor.py:208} INFO - Processing /home/airflow/.local/lib/python3.12/site-packages/airflow/example_dags/example_sensors.py took 0.198 seconds
[2026-06-18T19:23:10.000+0000] {processor.py:186} INFO - Started process (PID=1416) to work on /home/airflow/.local/lib/python3.12/site-packages/airflow/example_dags/example_sensors.py
[2026-06-18T19:23:10.005+0000] {processor.py:914} INFO - Processing file /home/airflow/.local/lib/python3.12/site-packages/airflow/example_dags/example_sensors.py for tasks to queue
[2026-06-18T19:23:10.014+0000] {logging_mixin.py:190} INFO - [2026-06-18T19:23:10.013+0000] {dagbag.py:588} INFO - Filling up the DagBag from /home/airflow/.local/lib/python3.12/site-packages/airflow/example_dags/example_sensors.py
[2026-06-18T19:23:10.051+0000] {processor.py:925} INFO - DAG(s) 'example_sensors' retrieved from /home/airflow/.local/lib/python3.12/site-packages/airflow/example_dags/example_sensors.py
[2026-06-18T19:23:10.140+0000] {logging_mixin.py:190} INFO - [2026-06-18T19:23:10.139+0000] {dag.py:3239} INFO - Sync 1 DAGs
[2026-06-18T19:23:10.192+0000] {logging_mixin.py:190} INFO - [2026-06-18T19:23:10.191+0000] {dag.py:4180} INFO - Setting next_dagrun for example_sensors to None, run_after=None
[2026-06-18T19:23:10.245+0000] {processor.py:208} INFO - Processing /home/airflow/.local/lib/python3.12/site-packages/airflow/example_dags/example_sensors.py took 0.264 seconds
[2026-06-18T19:23:41.067+0000] {processor.py:186} INFO - Started process (PID=1481) to work on /home/airflow/.local/lib/python3.12/site-packages/airflow/example_dags/example_sensors.py
[2026-06-18T19:23:41.071+0000] {processor.py:914} INFO - Processing file /home/airflow/.local/lib/python3.12/site-packages/airflow/example_dags/example_sensors.py for tasks to queue
[2026-06-18T19:23:41.077+0000] {logging_mixin.py:190} INFO - [2026-06-18T19:23:41.076+0000] {dagbag.py:588} INFO - Filling up the DagBag from /home/airflow/.local/lib/python3.12/site-packages/airflow/example_dags/example_sensors.py
[2026-06-18T19:23:41.105+0000] {processor.py:925} INFO - DAG(s) 'example_sensors' retrieved from /home/airflow/.local/lib/python3.12/site-packages/airflow/example_dags/example_sensors.py
[2026-06-18T19:23:41.178+0000] {logging_mixin.py:190} INFO - [2026-06-18T19:23:41.178+0000] {dag.py:3239} INFO - Sync 1 DAGs
[2026-06-18T19:23:41.234+0000] {logging_mixin.py:190} INFO - [2026-06-18T19:23:41.234+0000] {dag.py:4180} INFO - Setting next_dagrun for example_sensors to None, run_after=None
[2026-06-18T19:23:41.283+0000] {processor.py:208} INFO - Processing /home/airflow/.local/lib/python3.12/site-packages/airflow/example_dags/example_sensors.py took 0.230 seconds
[2026-06-18T19:24:11.391+0000] {processor.py:186} INFO - Started process (PID=1544) to work on /home/airflow/.local/lib/python3.12/site-packages/airflow/example_dags/example_sensors.py
[2026-06-18T19:24:11.393+0000] {processor.py:914} INFO - Processing file /home/airflow/.local/lib/python3.12/site-packages/airflow/example_dags/example_sensors.py for tasks to queue
[2026-06-18T19:24:11.397+0000] {logging_mixin.py:190} INFO - [2026-06-18T19:24:11.397+0000] {dagbag.py:588} INFO - Filling up the DagBag from /home/airflow/.local/lib/python3.12/site-packages/airflow/example_dags/example_sensors.py
[2026-06-18T19:24:11.410+0000] {processor.py:925} INFO - DAG(s) 'example_sensors' retrieved from /home/airflow/.local/lib/python3.12/site-packages/airflow/example_dags/example_sensors.py
[2026-06-18T19:24:11.439+0000] {logging_mixin.py:190} INFO - [2026-06-18T19:24:11.439+0000] {dag.py:3239} INFO - Sync 1 DAGs
[2026-06-18T19:24:11.454+0000] {logging_mixin.py:190} INFO - [2026-06-18T19:24:11.454+0000] {dag.py:4180} INFO - Setting next_dagrun for example_sensors to None, run_after=None
[2026-06-18T19:24:11.473+0000] {processor.py:208} INFO - Processing /home/airflow/.local/lib/python3.12/site-packages/airflow/example_dags/example_sensors.py took 0.089 seconds
[2026-06-18T19:24:46.898+0000] {processor.py:186} INFO - Started process (PID=1616) to work on /home/airflow/.local/lib/python3.12/site-packages/airflow/example_dags/example_sensors.py
[2026-06-18T19:24:46.904+0000] {processor.py:914} INFO - Processing file /home/airflow/.local/lib/python3.12/site-packages/airflow/example_dags/example_sensors.py for tasks to queue
[2026-06-18T19:24:46.914+0000] {logging_mixin.py:190} INFO - [2026-06-18T19:24:46.913+0000] {dagbag.py:588} INFO - Filling up the DagBag from /home/airflow/.local/lib/python3.12/site-packages/airflow/example_dags/example_sensors.py
[2026-06-18T19:24:46.942+0000] {processor.py:925} INFO - DAG(s) 'example_sensors' retrieved from /home/airflow/.local/lib/python3.12/site-packages/airflow/example_dags/example_sensors.py
[2026-06-18T19:24:47.024+0000] {logging_mixin.py:190} INFO - [2026-06-18T19:24:47.023+0000] {dag.py:3239} INFO - Sync 1 DAGs
[2026-06-18T19:24:47.096+0000] {logging_mixin.py:190} INFO - [2026-06-18T19:24:47.096+0000] {dag.py:4180} INFO - Setting next_dagrun for example_sensors to None, run_after=None
[2026-06-18T19:24:47.158+0000] {processor.py:208} INFO - Processing /home/airflow/.local/lib/python3.12/site-packages/airflow/example_dags/example_sensors.py took 0.276 seconds
[2026-06-18T19:25:17.312+0000] {processor.py:186} INFO - Started process (PID=1680) to work on /home/airflow/.local/lib/python3.12/site-packages/airflow/example_dags/example_sensors.py
[2026-06-18T19:25:17.318+0000] {processor.py:914} INFO - Processing file /home/airflow/.local/lib/python3.12/site-packages/airflow/example_dags/example_sensors.py for tasks to queue
[2026-06-18T19:25:17.327+0000] {logging_mixin.py:190} INFO - [2026-06-18T19:25:17.326+0000] {dagbag.py:588} INFO - Filling up the DagBag from /home/airflow/.local/lib/python3.12/site-packages/airflow/example_dags/example_sensors.py
[2026-06-18T19:25:17.376+0000] {processor.py:925} INFO - DAG(s) 'example_sensors' retrieved from /home/airflow/.local/lib/python3.12/site-packages/airflow/example_dags/example_sensors.py
[2026-06-18T19:25:17.463+0000] {logging_mixin.py:190} INFO - [2026-06-18T19:25:17.462+0000] {dag.py:3239} INFO - Sync 1 DAGs
[2026-06-18T19:25:17.529+0000] {logging_mixin.py:190} INFO - [2026-06-18T19:25:17.528+0000] {dag.py:4180} INFO - Setting next_dagrun for example_sensors to None, run_after=None
[2026-06-18T19:25:17.586+0000] {processor.py:208} INFO - Processing /home/airflow/.local/lib/python3.12/site-packages/airflow/example_dags/example_sensors.py took 0.287 seconds
[2026-06-18T19:25:53.906+0000] {processor.py:186} INFO - Started process (PID=1751) to work on /home/airflow/.local/lib/python3.12/site-packages/airflow/example_dags/example_sensors.py
[2026-06-18T19:25:53.910+0000] {processor.py:914} INFO - Processing file /home/airflow/.local/lib/python3.12/site-packages/airflow/example_dags/example_sensors.py for tasks to queue
[2026-06-18T19:25:53.920+0000] {logging_mixin.py:190} INFO - [2026-06-18T19:25:53.919+0000] {dagbag.py:588} INFO - Filling up the DagBag from /home/airflow/.local/lib/python3.12/site-packages/airflow/example_dags/example_sensors.py
[2026-06-18T19:25:53.959+0000] {processor.py:925} INFO - DAG(s) 'example_sensors' retrieved from /home/airflow/.local/lib/python3.12/site-packages/airflow/example_dags/example_sensors.py
[2026-06-18T19:25:54.084+0000] {logging_mixin.py:190} INFO - [2026-06-18T19:25:54.083+0000] {dag.py:3239} INFO - Sync 1 DAGs
[2026-06-18T19:25:54.144+0000] {logging_mixin.py:190} INFO - [2026-06-18T19:25:54.144+0000] {dag.py:4180} INFO - Setting next_dagrun for example_sensors to None, run_after=None
[2026-06-18T19:25:54.222+0000] {processor.py:208} INFO - Processing /home/airflow/.local/lib/python3.12/site-packages/airflow/example_dags/example_sensors.py took 0.331 seconds
[2026-06-18T19:26:24.350+0000] {processor.py:186} INFO - Started process (PID=1815) to work on /home/airflow/.local/lib/python3.12/site-packages/airflow/example_dags/example_sensors.py
[2026-06-18T19:26:24.356+0000] {processor.py:914} INFO - Processing file /home/airflow/.local/lib/python3.12/site-packages/airflow/example_dags/example_sensors.py for tasks to queue
[2026-06-18T19:26:24.364+0000] {logging_mixin.py:190} INFO - [2026-06-18T19:26:24.363+0000] {dagbag.py:588} INFO - Filling up the DagBag from /home/airflow/.local/lib/python3.12/site-packages/airflow/example_dags/example_sensors.py
[2026-06-18T19:26:24.394+0000] {processor.py:925} INFO - DAG(s) 'example_sensors' retrieved from /home/airflow/.local/lib/python3.12/site-packages/airflow/example_dags/example_sensors.py
[2026-06-18T19:26:24.469+0000] {logging_mixin.py:190} INFO - [2026-06-18T19:26:24.469+0000] {dag.py:3239} INFO - Sync 1 DAGs
[2026-06-18T19:26:24.514+0000] {logging_mixin.py:190} INFO - [2026-06-18T19:26:24.513+0000] {dag.py:4180} INFO - Setting next_dagrun for example_sensors to None, run_after=None
[2026-06-18T19:26:24.557+0000] {processor.py:208} INFO - Processing /home/airflow/.local/lib/python3.12/site-packages/airflow/example_dags/example_sensors.py took 0.225 seconds
[2026-06-18T19:26:55.938+0000] {processor.py:186} INFO - Started process (PID=1879) to work on /home/airflow/.local/lib/python3.12/site-packages/airflow/example_dags/example_sensors.py
[2026-06-18T19:26:55.943+0000] {processor.py:914} INFO - Processing file /home/airflow/.local/lib/python3.12/site-packages/airflow/example_dags/example_sensors.py for tasks to queue
[2026-06-18T19:26:55.950+0000] {logging_mixin.py:190} INFO - [2026-06-18T19:26:55.949+0000] {dagbag.py:588} INFO - Filling up the DagBag from /home/airflow/.local/lib/python3.12/site-packages/airflow/example_dags/example_sensors.py
[2026-06-18T19:26:55.974+0000] {processor.py:925} INFO - DAG(s) 'example_sensors' retrieved from /home/airflow/.local/lib/python3.12/site-packages/airflow/example_dags/example_sensors.py
[2026-06-18T19:26:56.043+0000] {logging_mixin.py:190} INFO - [2026-06-18T19:26:56.042+0000] {dag.py:3239} INFO - Sync 1 DAGs
[2026-06-18T19:26:56.079+0000] {logging_mixin.py:190} INFO - [2026-06-18T19:26:56.078+0000] {dag.py:4180} INFO - Setting next_dagrun for example_sensors to None, run_after=None
[2026-06-18T19:26:56.129+0000] {processor.py:208} INFO - Processing /home/airflow/.local/lib/python3.12/site-packages/airflow/example_dags/example_sensors.py took 0.204 seconds
[2026-06-18T19:27:30.914+0000] {processor.py:186} INFO - Started process (PID=1945) to work on /home/airflow/.local/lib/python3.12/site-packages/airflow/example_dags/example_sensors.py
[2026-06-18T19:27:30.920+0000] {processor.py:914} INFO - Processing file /home/airflow/.local/lib/python3.12/site-packages/airflow/example_dags/example_sensors.py for tasks to queue
[2026-06-18T19:27:30.932+0000] {logging_mixin.py:190} INFO - [2026-06-18T19:27:30.930+0000] {dagbag.py:588} INFO - Filling up the DagBag from /home/airflow/.local/lib/python3.12/site-packages/airflow/example_dags/example_sensors.py
[2026-06-18T19:27:30.975+0000] {processor.py:925} INFO - DAG(s) 'example_sensors' retrieved from /home/airflow/.local/lib/python3.12/site-packages/airflow/example_dags/example_sensors.py
[2026-06-18T19:27:31.046+0000] {logging_mixin.py:190} INFO - [2026-06-18T19:27:31.046+0000] {dag.py:3239} INFO - Sync 1 DAGs
[2026-06-18T19:27:31.113+0000] {logging_mixin.py:190} INFO - [2026-06-18T19:27:31.112+0000] {dag.py:4180} INFO - Setting next_dagrun for example_sensors to None, run_after=None
[2026-06-18T19:27:31.237+0000] {processor.py:208} INFO - Processing /home/airflow/.local/lib/python3.12/site-packages/airflow/example_dags/example_sensors.py took 0.345 seconds
[2026-06-18T19:28:01.830+0000] {processor.py:186} INFO - Started process (PID=2009) to work on /home/airflow/.local/lib/python3.12/site-packages/airflow/example_dags/example_sensors.py
[2026-06-18T19:28:01.837+0000] {processor.py:914} INFO - Processing file /home/airflow/.local/lib/python3.12/site-packages/airflow/example_dags/example_sensors.py for tasks to queue
[2026-06-18T19:28:01.848+0000] {logging_mixin.py:190} INFO - [2026-06-18T19:28:01.847+0000] {dagbag.py:588} INFO - Filling up the DagBag from /home/airflow/.local/lib/python3.12/site-packages/airflow/example_dags/example_sensors.py
[2026-06-18T19:28:01.924+0000] {processor.py:925} INFO - DAG(s) 'example_sensors' retrieved from /home/airflow/.local/lib/python3.12/site-packages/airflow/example_dags/example_sensors.py
[2026-06-18T19:28:02.084+0000] {logging_mixin.py:190} INFO - [2026-06-18T19:28:02.084+0000] {dag.py:3239} INFO - Sync 1 DAGs
[2026-06-18T19:28:02.147+0000] {logging_mixin.py:190} INFO - [2026-06-18T19:28:02.147+0000] {dag.py:4180} INFO - Setting next_dagrun for example_sensors to None, run_after=None
[2026-06-18T19:28:02.215+0000] {processor.py:208} INFO - Processing /home/airflow/.local/lib/python3.12/site-packages/airflow/example_dags/example_sensors.py took 0.400 seconds
[2026-06-18T19:28:33.045+0000] {processor.py:186} INFO - Started process (PID=2074) to work on /home/airflow/.local/lib/python3.12/site-packages/airflow/example_dags/example_sensors.py
[2026-06-18T19:28:33.059+0000] {processor.py:914} INFO - Processing file /home/airflow/.local/lib/python3.12/site-packages/airflow/example_dags/example_sensors.py for tasks to queue
[2026-06-18T19:28:33.063+0000] {logging_mixin.py:190} INFO - [2026-06-18T19:28:33.062+0000] {dagbag.py:588} INFO - Filling up the DagBag from /home/airflow/.local/lib/python3.12/site-packages/airflow/example_dags/example_sensors.py
[2026-06-18T19:28:33.074+0000] {processor.py:925} INFO - DAG(s) 'example_sensors' retrieved from /home/airflow/.local/lib/python3.12/site-packages/airflow/example_dags/example_sensors.py
[2026-06-18T19:28:33.099+0000] {logging_mixin.py:190} INFO - [2026-06-18T19:28:33.099+0000] {dag.py:3239} INFO - Sync 1 DAGs
[2026-06-18T19:28:33.115+0000] {logging_mixin.py:190} INFO - [2026-06-18T19:28:33.114+0000] {dag.py:4180} INFO - Setting next_dagrun for example_sensors to None, run_after=None
[2026-06-18T19:28:33.134+0000] {processor.py:208} INFO - Processing /home/airflow/.local/lib/python3.12/site-packages/airflow/example_dags/example_sensors.py took 0.094 seconds
[2026-06-18T19:29:05.839+0000] {processor.py:186} INFO - Started process (PID=2139) to work on /home/airflow/.local/lib/python3.12/site-packages/airflow/example_dags/example_sensors.py
[2026-06-18T19:29:05.844+0000] {processor.py:914} INFO - Processing file /home/airflow/.local/lib/python3.12/site-packages/airflow/example_dags/example_sensors.py for tasks to queue
[2026-06-18T19:29:05.857+0000] {logging_mixin.py:190} INFO - [2026-06-18T19:29:05.856+0000] {dagbag.py:588} INFO - Filling up the DagBag from /home/airflow/.local/lib/python3.12/site-packages/airflow/example_dags/example_sensors.py
[2026-06-18T19:29:05.938+0000] {processor.py:925} INFO - DAG(s) 'example_sensors' retrieved from /home/airflow/.local/lib/python3.12/site-packages/airflow/example_dags/example_sensors.py
[2026-06-18T19:29:06.061+0000] {logging_mixin.py:190} INFO - [2026-06-18T19:29:06.060+0000] {dag.py:3239} INFO - Sync 1 DAGs
[2026-06-18T19:29:06.103+0000] {logging_mixin.py:190} INFO - [2026-06-18T19:29:06.103+0000] {dag.py:4180} INFO - Setting next_dagrun for example_sensors to None, run_after=None
[2026-06-18T19:29:06.158+0000] {processor.py:208} INFO - Processing /home/airflow/.local/lib/python3.12/site-packages/airflow/example_dags/example_sensors.py took 0.342 seconds
[2026-06-18T19:29:38.228+0000] {processor.py:186} INFO - Started process (PID=2203) to work on /home/airflow/.local/lib/python3.12/site-packages/airflow/example_dags/example_sensors.py
[2026-06-18T19:29:38.232+0000] {processor.py:914} INFO - Processing file /home/airflow/.local/lib/python3.12/site-packages/airflow/example_dags/example_sensors.py for tasks to queue
[2026-06-18T19:29:38.239+0000] {logging_mixin.py:190} INFO - [2026-06-18T19:29:38.238+0000] {dagbag.py:588} INFO - Filling up the DagBag from /home/airflow/.local/lib/python3.12/site-packages/airflow/example_dags/example_sensors.py
[2026-06-18T19:29:38.268+0000] {processor.py:925} INFO - DAG(s) 'example_sensors' retrieved from /home/airflow/.local/lib/python3.12/site-packages/airflow/example_dags/example_sensors.py
[2026-06-18T19:29:38.336+0000] {logging_mixin.py:190} INFO - [2026-06-18T19:29:38.335+0000] {dag.py:3239} INFO - Sync 1 DAGs
[2026-06-18T19:29:38.391+0000] {logging_mixin.py:190} INFO - [2026-06-18T19:29:38.390+0000] {dag.py:4180} INFO - Setting next_dagrun for example_sensors to None, run_after=None
[2026-06-18T19:29:38.440+0000] {processor.py:208} INFO - Processing /home/airflow/.local/lib/python3.12/site-packages/airflow/example_dags/example_sensors.py took 0.231 seconds
[2026-06-18T19:30:09.461+0000] {processor.py:186} INFO - Started process (PID=2267) to work on /home/airflow/.local/lib/python3.12/site-packages/airflow/example_dags/example_sensors.py
[2026-06-18T19:30:09.467+0000] {processor.py:914} INFO - Processing file /home/airflow/.local/lib/python3.12/site-packages/airflow/example_dags/example_sensors.py for tasks to queue
[2026-06-18T19:30:09.486+0000] {logging_mixin.py:190} INFO - [2026-06-18T19:30:09.485+0000] {dagbag.py:588} INFO - Filling up the DagBag from /home/airflow/.local/lib/python3.12/site-packages/airflow/example_dags/example_sensors.py
[2026-06-18T19:30:09.571+0000] {processor.py:925} INFO - DAG(s) 'example_sensors' retrieved from /home/airflow/.local/lib/python3.12/site-packages/airflow/example_dags/example_sensors.py
[2026-06-18T19:30:09.682+0000] {logging_mixin.py:190} INFO - [2026-06-18T19:30:09.681+0000] {dag.py:3239} INFO - Sync 1 DAGs
[2026-06-18T19:30:09.736+0000] {logging_mixin.py:190} INFO - [2026-06-18T19:30:09.735+0000] {dag.py:4180} INFO - Setting next_dagrun for example_sensors to None, run_after=None
[2026-06-18T19:30:09.827+0000] {processor.py:208} INFO - Processing /home/airflow/.local/lib/python3.12/site-packages/airflow/example_dags/example_sensors.py took 0.390 seconds
[2026-06-18T19:30:41.146+0000] {processor.py:186} INFO - Started process (PID=2333) to work on /home/airflow/.local/lib/python3.12/site-packages/airflow/example_dags/example_sensors.py
[2026-06-18T19:30:41.153+0000] {processor.py:914} INFO - Processing file /home/airflow/.local/lib/python3.12/site-packages/airflow/example_dags/example_sensors.py for tasks to queue
[2026-06-18T19:30:41.176+0000] {logging_mixin.py:190} INFO - [2026-06-18T19:30:41.171+0000] {dagbag.py:588} INFO - Filling up the DagBag from /home/airflow/.local/lib/python3.12/site-packages/airflow/example_dags/example_sensors.py
[2026-06-18T19:30:41.238+0000] {processor.py:925} INFO - DAG(s) 'example_sensors' retrieved from /home/airflow/.local/lib/python3.12/site-packages/airflow/example_dags/example_sensors.py
[2026-06-18T19:30:41.352+0000] {logging_mixin.py:190} INFO - [2026-06-18T19:30:41.351+0000] {dag.py:3239} INFO - Sync 1 DAGs
[2026-06-18T19:30:41.415+0000] {logging_mixin.py:190} INFO - [2026-06-18T19:30:41.415+0000] {dag.py:4180} INFO - Setting next_dagrun for example_sensors to None, run_after=None
[2026-06-18T19:30:41.476+0000] {processor.py:208} INFO - Processing /home/airflow/.local/lib/python3.12/site-packages/airflow/example_dags/example_sensors.py took 0.356 seconds
[2026-06-18T19:31:11.628+0000] {processor.py:186} INFO - Started process (PID=2397) to work on /home/airflow/.local/lib/python3.12/site-packages/airflow/example_dags/example_sensors.py
[2026-06-18T19:31:11.633+0000] {processor.py:914} INFO - Processing file /home/airflow/.local/lib/python3.12/site-packages/airflow/example_dags/example_sensors.py for tasks to queue
[2026-06-18T19:31:11.638+0000] {logging_mixin.py:190} INFO - [2026-06-18T19:31:11.638+0000] {dagbag.py:588} INFO - Filling up the DagBag from /home/airflow/.local/lib/python3.12/site-packages/airflow/example_dags/example_sensors.py
[2026-06-18T19:31:11.657+0000] {processor.py:925} INFO - DAG(s) 'example_sensors' retrieved from /home/airflow/.local/lib/python3.12/site-packages/airflow/example_dags/example_sensors.py
[2026-06-18T19:31:11.705+0000] {logging_mixin.py:190} INFO - [2026-06-18T19:31:11.705+0000] {dag.py:3239} INFO - Sync 1 DAGs
[2026-06-18T19:31:11.732+0000] {logging_mixin.py:190} INFO - [2026-06-18T19:31:11.732+0000] {dag.py:4180} INFO - Setting next_dagrun for example_sensors to None, run_after=None
[2026-06-18T19:31:11.770+0000] {processor.py:208} INFO - Processing /home/airflow/.local/lib/python3.12/site-packages/airflow/example_dags/example_sensors.py took 0.152 seconds
[2026-06-18T19:31:43.582+0000] {processor.py:186} INFO - Started process (PID=2461) to work on /home/airflow/.local/lib/python3.12/site-packages/airflow/example_dags/example_sensors.py
[2026-06-18T19:31:43.590+0000] {processor.py:914} INFO - Processing file /home/airflow/.local/lib/python3.12/site-packages/airflow/example_dags/example_sensors.py for tasks to queue
[2026-06-18T19:31:43.602+0000] {logging_mixin.py:190} INFO - [2026-06-18T19:31:43.601+0000] {dagbag.py:588} INFO - Filling up the DagBag from /home/airflow/.local/lib/python3.12/site-packages/airflow/example_dags/example_sensors.py
[2026-06-18T19:31:43.673+0000] {processor.py:925} INFO - DAG(s) 'example_sensors' retrieved from /home/airflow/.local/lib/python3.12/site-packages/airflow/example_dags/example_sensors.py
[2026-06-18T19:31:43.852+0000] {logging_mixin.py:190} INFO - [2026-06-18T19:31:43.851+0000] {dag.py:3239} INFO - Sync 1 DAGs
[2026-06-18T19:31:43.939+0000] {logging_mixin.py:190} INFO - [2026-06-18T19:31:43.939+0000] {dag.py:4180} INFO - Setting next_dagrun for example_sensors to None, run_after=None
[2026-06-18T19:31:44.037+0000] {processor.py:208} INFO - Processing /home/airflow/.local/lib/python3.12/site-packages/airflow/example_dags/example_sensors.py took 0.478 seconds
