[2026-06-18T19:12:24.946+0000] {processor.py:186} INFO - Started process (PID=107) to work on /home/airflow/.local/lib/python3.12/site-packages/airflow/example_dags/example_sensor_decorator.py
[2026-06-18T19:12:24.948+0000] {processor.py:914} INFO - Processing file /home/airflow/.local/lib/python3.12/site-packages/airflow/example_dags/example_sensor_decorator.py for tasks to queue
[2026-06-18T19:12:24.955+0000] {logging_mixin.py:190} INFO - [2026-06-18T19:12:24.954+0000] {dagbag.py:588} INFO - Filling up the DagBag from /home/airflow/.local/lib/python3.12/site-packages/airflow/example_dags/example_sensor_decorator.py
[2026-06-18T19:12:24.998+0000] {processor.py:925} INFO - DAG(s) 'example_sensor_decorator' retrieved from /home/airflow/.local/lib/python3.12/site-packages/airflow/example_dags/example_sensor_decorator.py
[2026-06-18T19:12:25.058+0000] {logging_mixin.py:190} INFO - [2026-06-18T19:12:25.057+0000] {dag.py:3239} INFO - Sync 1 DAGs
[2026-06-18T19:12:25.144+0000] {logging_mixin.py:190} INFO - [2026-06-18T19:12:25.143+0000] {dag.py:4180} INFO - Setting next_dagrun for example_sensor_decorator to None, run_after=None
[2026-06-18T19:12:25.210+0000] {processor.py:208} INFO - Processing /home/airflow/.local/lib/python3.12/site-packages/airflow/example_dags/example_sensor_decorator.py took 0.280 seconds
[2026-06-18T19:12:58.140+0000] {processor.py:186} INFO - Started process (PID=171) to work on /home/airflow/.local/lib/python3.12/site-packages/airflow/example_dags/example_sensor_decorator.py
[2026-06-18T19:12:58.144+0000] {processor.py:914} INFO - Processing file /home/airflow/.local/lib/python3.12/site-packages/airflow/example_dags/example_sensor_decorator.py for tasks to queue
[2026-06-18T19:12:58.154+0000] {logging_mixin.py:190} INFO - [2026-06-18T19:12:58.153+0000] {dagbag.py:588} INFO - Filling up the DagBag from /home/airflow/.local/lib/python3.12/site-packages/airflow/example_dags/example_sensor_decorator.py
[2026-06-18T19:12:58.179+0000] {processor.py:925} INFO - DAG(s) 'example_sensor_decorator' retrieved from /home/airflow/.local/lib/python3.12/site-packages/airflow/example_dags/example_sensor_decorator.py
[2026-06-18T19:12:58.227+0000] {logging_mixin.py:190} INFO - [2026-06-18T19:12:58.227+0000] {dag.py:3239} INFO - Sync 1 DAGs
[2026-06-18T19:12:58.272+0000] {logging_mixin.py:190} INFO - [2026-06-18T19:12:58.271+0000] {dag.py:4180} INFO - Setting next_dagrun for example_sensor_decorator to None, run_after=None
[2026-06-18T19:12:58.316+0000] {processor.py:208} INFO - Processing /home/airflow/.local/lib/python3.12/site-packages/airflow/example_dags/example_sensor_decorator.py took 0.190 seconds
[2026-06-18T19:13:35.377+0000] {processor.py:186} INFO - Started process (PID=235) to work on /home/airflow/.local/lib/python3.12/site-packages/airflow/example_dags/example_sensor_decorator.py
[2026-06-18T19:13:35.382+0000] {processor.py:914} INFO - Processing file /home/airflow/.local/lib/python3.12/site-packages/airflow/example_dags/example_sensor_decorator.py for tasks to queue
[2026-06-18T19:13:35.397+0000] {logging_mixin.py:190} INFO - [2026-06-18T19:13:35.395+0000] {dagbag.py:588} INFO - Filling up the DagBag from /home/airflow/.local/lib/python3.12/site-packages/airflow/example_dags/example_sensor_decorator.py
[2026-06-18T19:13:35.450+0000] {processor.py:925} INFO - DAG(s) 'example_sensor_decorator' retrieved from /home/airflow/.local/lib/python3.12/site-packages/airflow/example_dags/example_sensor_decorator.py
[2026-06-18T19:13:35.525+0000] {logging_mixin.py:190} INFO - [2026-06-18T19:13:35.525+0000] {dag.py:3239} INFO - Sync 1 DAGs
[2026-06-18T19:13:35.571+0000] {logging_mixin.py:190} INFO - [2026-06-18T19:13:35.570+0000] {dag.py:4180} INFO - Setting next_dagrun for example_sensor_decorator to None, run_after=None
[2026-06-18T19:13:35.628+0000] {processor.py:208} INFO - Processing /home/airflow/.local/lib/python3.12/site-packages/airflow/example_dags/example_sensor_decorator.py took 0.290 seconds
[2026-06-18T19:14:06.612+0000] {processor.py:186} INFO - Started process (PID=299) to work on /home/airflow/.local/lib/python3.12/site-packages/airflow/example_dags/example_sensor_decorator.py
[2026-06-18T19:14:06.618+0000] {processor.py:914} INFO - Processing file /home/airflow/.local/lib/python3.12/site-packages/airflow/example_dags/example_sensor_decorator.py for tasks to queue
[2026-06-18T19:14:06.627+0000] {logging_mixin.py:190} INFO - [2026-06-18T19:14:06.626+0000] {dagbag.py:588} INFO - Filling up the DagBag from /home/airflow/.local/lib/python3.12/site-packages/airflow/example_dags/example_sensor_decorator.py
[2026-06-18T19:14:06.653+0000] {processor.py:925} INFO - DAG(s) 'example_sensor_decorator' retrieved from /home/airflow/.local/lib/python3.12/site-packages/airflow/example_dags/example_sensor_decorator.py
[2026-06-18T19:14:06.700+0000] {logging_mixin.py:190} INFO - [2026-06-18T19:14:06.700+0000] {dag.py:3239} INFO - Sync 1 DAGs
[2026-06-18T19:14:06.738+0000] {logging_mixin.py:190} INFO - [2026-06-18T19:14:06.737+0000] {dag.py:4180} INFO - Setting next_dagrun for example_sensor_decorator to None, run_after=None
[2026-06-18T19:14:06.789+0000] {processor.py:208} INFO - Processing /home/airflow/.local/lib/python3.12/site-packages/airflow/example_dags/example_sensor_decorator.py took 0.190 seconds
[2026-06-18T19:14:37.130+0000] {processor.py:186} INFO - Started process (PID=362) to work on /home/airflow/.local/lib/python3.12/site-packages/airflow/example_dags/example_sensor_decorator.py
[2026-06-18T19:14:37.134+0000] {processor.py:914} INFO - Processing file /home/airflow/.local/lib/python3.12/site-packages/airflow/example_dags/example_sensor_decorator.py for tasks to queue
[2026-06-18T19:14:37.143+0000] {logging_mixin.py:190} INFO - [2026-06-18T19:14:37.141+0000] {dagbag.py:588} INFO - Filling up the DagBag from /home/airflow/.local/lib/python3.12/site-packages/airflow/example_dags/example_sensor_decorator.py
[2026-06-18T19:14:37.163+0000] {processor.py:925} INFO - DAG(s) 'example_sensor_decorator' retrieved from /home/airflow/.local/lib/python3.12/site-packages/airflow/example_dags/example_sensor_decorator.py
[2026-06-18T19:14:37.203+0000] {logging_mixin.py:190} INFO - [2026-06-18T19:14:37.202+0000] {dag.py:3239} INFO - Sync 1 DAGs
[2026-06-18T19:14:37.242+0000] {logging_mixin.py:190} INFO - [2026-06-18T19:14:37.242+0000] {dag.py:4180} INFO - Setting next_dagrun for example_sensor_decorator to None, run_after=None
[2026-06-18T19:14:37.269+0000] {processor.py:208} INFO - Processing /home/airflow/.local/lib/python3.12/site-packages/airflow/example_dags/example_sensor_decorator.py took 0.151 seconds
[2026-06-18T19:15:09.946+0000] {processor.py:186} INFO - Started process (PID=426) to work on /home/airflow/.local/lib/python3.12/site-packages/airflow/example_dags/example_sensor_decorator.py
[2026-06-18T19:15:09.951+0000] {processor.py:914} INFO - Processing file /home/airflow/.local/lib/python3.12/site-packages/airflow/example_dags/example_sensor_decorator.py for tasks to queue
[2026-06-18T19:15:09.959+0000] {logging_mixin.py:190} INFO - [2026-06-18T19:15:09.958+0000] {dagbag.py:588} INFO - Filling up the DagBag from /home/airflow/.local/lib/python3.12/site-packages/airflow/example_dags/example_sensor_decorator.py
[2026-06-18T19:15:09.993+0000] {processor.py:925} INFO - DAG(s) 'example_sensor_decorator' retrieved from /home/airflow/.local/lib/python3.12/site-packages/airflow/example_dags/example_sensor_decorator.py
[2026-06-18T19:15:10.075+0000] {logging_mixin.py:190} INFO - [2026-06-18T19:15:10.074+0000] {dag.py:3239} INFO - Sync 1 DAGs
[2026-06-18T19:15:10.139+0000] {logging_mixin.py:190} INFO - [2026-06-18T19:15:10.138+0000] {dag.py:4180} INFO - Setting next_dagrun for example_sensor_decorator to None, run_after=None
[2026-06-18T19:15:10.203+0000] {processor.py:208} INFO - Processing /home/airflow/.local/lib/python3.12/site-packages/airflow/example_dags/example_sensor_decorator.py took 0.276 seconds
[2026-06-18T19:15:40.935+0000] {processor.py:186} INFO - Started process (PID=490) to work on /home/airflow/.local/lib/python3.12/site-packages/airflow/example_dags/example_sensor_decorator.py
[2026-06-18T19:15:40.940+0000] {processor.py:914} INFO - Processing file /home/airflow/.local/lib/python3.12/site-packages/airflow/example_dags/example_sensor_decorator.py for tasks to queue
[2026-06-18T19:15:40.947+0000] {logging_mixin.py:190} INFO - [2026-06-18T19:15:40.946+0000] {dagbag.py:588} INFO - Filling up the DagBag from /home/airflow/.local/lib/python3.12/site-packages/airflow/example_dags/example_sensor_decorator.py
[2026-06-18T19:15:40.964+0000] {processor.py:925} INFO - DAG(s) 'example_sensor_decorator' retrieved from /home/airflow/.local/lib/python3.12/site-packages/airflow/example_dags/example_sensor_decorator.py
[2026-06-18T19:15:41.003+0000] {logging_mixin.py:190} INFO - [2026-06-18T19:15:41.002+0000] {dag.py:3239} INFO - Sync 1 DAGs
[2026-06-18T19:15:41.039+0000] {logging_mixin.py:190} INFO - [2026-06-18T19:15:41.038+0000] {dag.py:4180} INFO - Setting next_dagrun for example_sensor_decorator to None, run_after=None
[2026-06-18T19:15:41.075+0000] {processor.py:208} INFO - Processing /home/airflow/.local/lib/python3.12/site-packages/airflow/example_dags/example_sensor_decorator.py took 0.149 seconds
[2026-06-18T19:16:12.246+0000] {processor.py:186} INFO - Started process (PID=554) to work on /home/airflow/.local/lib/python3.12/site-packages/airflow/example_dags/example_sensor_decorator.py
[2026-06-18T19:16:12.251+0000] {processor.py:914} INFO - Processing file /home/airflow/.local/lib/python3.12/site-packages/airflow/example_dags/example_sensor_decorator.py for tasks to queue
[2026-06-18T19:16:12.258+0000] {logging_mixin.py:190} INFO - [2026-06-18T19:16:12.257+0000] {dagbag.py:588} INFO - Filling up the DagBag from /home/airflow/.local/lib/python3.12/site-packages/airflow/example_dags/example_sensor_decorator.py
[2026-06-18T19:16:12.276+0000] {processor.py:925} INFO - DAG(s) 'example_sensor_decorator' retrieved from /home/airflow/.local/lib/python3.12/site-packages/airflow/example_dags/example_sensor_decorator.py
[2026-06-18T19:16:12.315+0000] {logging_mixin.py:190} INFO - [2026-06-18T19:16:12.315+0000] {dag.py:3239} INFO - Sync 1 DAGs
[2026-06-18T19:16:12.350+0000] {logging_mixin.py:190} INFO - [2026-06-18T19:16:12.349+0000] {dag.py:4180} INFO - Setting next_dagrun for example_sensor_decorator to None, run_after=None
[2026-06-18T19:16:12.381+0000] {processor.py:208} INFO - Processing /home/airflow/.local/lib/python3.12/site-packages/airflow/example_dags/example_sensor_decorator.py took 0.148 seconds
[2026-06-18T19:16:44.077+0000] {processor.py:186} INFO - Started process (PID=618) to work on /home/airflow/.local/lib/python3.12/site-packages/airflow/example_dags/example_sensor_decorator.py
[2026-06-18T19:16:44.083+0000] {processor.py:914} INFO - Processing file /home/airflow/.local/lib/python3.12/site-packages/airflow/example_dags/example_sensor_decorator.py for tasks to queue
[2026-06-18T19:16:44.091+0000] {logging_mixin.py:190} INFO - [2026-06-18T19:16:44.090+0000] {dagbag.py:588} INFO - Filling up the DagBag from /home/airflow/.local/lib/python3.12/site-packages/airflow/example_dags/example_sensor_decorator.py
[2026-06-18T19:16:44.123+0000] {processor.py:925} INFO - DAG(s) 'example_sensor_decorator' retrieved from /home/airflow/.local/lib/python3.12/site-packages/airflow/example_dags/example_sensor_decorator.py
[2026-06-18T19:16:44.184+0000] {logging_mixin.py:190} INFO - [2026-06-18T19:16:44.184+0000] {dag.py:3239} INFO - Sync 1 DAGs
[2026-06-18T19:16:44.249+0000] {logging_mixin.py:190} INFO - [2026-06-18T19:16:44.249+0000] {dag.py:4180} INFO - Setting next_dagrun for example_sensor_decorator to None, run_after=None
[2026-06-18T19:16:44.312+0000] {processor.py:208} INFO - Processing /home/airflow/.local/lib/python3.12/site-packages/airflow/example_dags/example_sensor_decorator.py took 0.261 seconds
[2026-06-18T19:17:14.992+0000] {processor.py:186} INFO - Started process (PID=682) to work on /home/airflow/.local/lib/python3.12/site-packages/airflow/example_dags/example_sensor_decorator.py
[2026-06-18T19:17:14.996+0000] {processor.py:914} INFO - Processing file /home/airflow/.local/lib/python3.12/site-packages/airflow/example_dags/example_sensor_decorator.py for tasks to queue
[2026-06-18T19:17:15.001+0000] {logging_mixin.py:190} INFO - [2026-06-18T19:17:15.001+0000] {dagbag.py:588} INFO - Filling up the DagBag from /home/airflow/.local/lib/python3.12/site-packages/airflow/example_dags/example_sensor_decorator.py
[2026-06-18T19:17:15.017+0000] {processor.py:925} INFO - DAG(s) 'example_sensor_decorator' retrieved from /home/airflow/.local/lib/python3.12/site-packages/airflow/example_dags/example_sensor_decorator.py
[2026-06-18T19:17:15.045+0000] {logging_mixin.py:190} INFO - [2026-06-18T19:17:15.045+0000] {dag.py:3239} INFO - Sync 1 DAGs
[2026-06-18T19:17:15.063+0000] {logging_mixin.py:190} INFO - [2026-06-18T19:17:15.063+0000] {dag.py:4180} INFO - Setting next_dagrun for example_sensor_decorator to None, run_after=None
[2026-06-18T19:17:15.086+0000] {processor.py:208} INFO - Processing /home/airflow/.local/lib/python3.12/site-packages/airflow/example_dags/example_sensor_decorator.py took 0.103 seconds
[2026-06-18T19:17:47.612+0000] {processor.py:186} INFO - Started process (PID=753) to work on /home/airflow/.local/lib/python3.12/site-packages/airflow/example_dags/example_sensor_decorator.py
[2026-06-18T19:17:47.628+0000] {processor.py:914} INFO - Processing file /home/airflow/.local/lib/python3.12/site-packages/airflow/example_dags/example_sensor_decorator.py for tasks to queue
[2026-06-18T19:17:47.641+0000] {logging_mixin.py:190} INFO - [2026-06-18T19:17:47.640+0000] {dagbag.py:588} INFO - Filling up the DagBag from /home/airflow/.local/lib/python3.12/site-packages/airflow/example_dags/example_sensor_decorator.py
[2026-06-18T19:17:47.697+0000] {processor.py:925} INFO - DAG(s) 'example_sensor_decorator' retrieved from /home/airflow/.local/lib/python3.12/site-packages/airflow/example_dags/example_sensor_decorator.py
[2026-06-18T19:17:47.776+0000] {logging_mixin.py:190} INFO - [2026-06-18T19:17:47.776+0000] {dag.py:3239} INFO - Sync 1 DAGs
[2026-06-18T19:17:47.805+0000] {logging_mixin.py:190} INFO - [2026-06-18T19:17:47.804+0000] {dag.py:4180} INFO - Setting next_dagrun for example_sensor_decorator to None, run_after=None
[2026-06-18T19:17:47.891+0000] {processor.py:208} INFO - Processing /home/airflow/.local/lib/python3.12/site-packages/airflow/example_dags/example_sensor_decorator.py took 0.312 seconds
[2026-06-18T19:18:18.701+0000] {processor.py:186} INFO - Started process (PID=817) to work on /home/airflow/.local/lib/python3.12/site-packages/airflow/example_dags/example_sensor_decorator.py
[2026-06-18T19:18:18.706+0000] {processor.py:914} INFO - Processing file /home/airflow/.local/lib/python3.12/site-packages/airflow/example_dags/example_sensor_decorator.py for tasks to queue
[2026-06-18T19:18:18.713+0000] {logging_mixin.py:190} INFO - [2026-06-18T19:18:18.712+0000] {dagbag.py:588} INFO - Filling up the DagBag from /home/airflow/.local/lib/python3.12/site-packages/airflow/example_dags/example_sensor_decorator.py
[2026-06-18T19:18:18.737+0000] {processor.py:925} INFO - DAG(s) 'example_sensor_decorator' retrieved from /home/airflow/.local/lib/python3.12/site-packages/airflow/example_dags/example_sensor_decorator.py
[2026-06-18T19:18:18.783+0000] {logging_mixin.py:190} INFO - [2026-06-18T19:18:18.782+0000] {dag.py:3239} INFO - Sync 1 DAGs
[2026-06-18T19:18:18.821+0000] {logging_mixin.py:190} INFO - [2026-06-18T19:18:18.820+0000] {dag.py:4180} INFO - Setting next_dagrun for example_sensor_decorator to None, run_after=None
[2026-06-18T19:18:18.869+0000] {processor.py:208} INFO - Processing /home/airflow/.local/lib/python3.12/site-packages/airflow/example_dags/example_sensor_decorator.py took 0.187 seconds
[2026-06-18T19:18:50.541+0000] {processor.py:186} INFO - Started process (PID=881) to work on /home/airflow/.local/lib/python3.12/site-packages/airflow/example_dags/example_sensor_decorator.py
[2026-06-18T19:18:50.546+0000] {processor.py:914} INFO - Processing file /home/airflow/.local/lib/python3.12/site-packages/airflow/example_dags/example_sensor_decorator.py for tasks to queue
[2026-06-18T19:18:50.554+0000] {logging_mixin.py:190} INFO - [2026-06-18T19:18:50.553+0000] {dagbag.py:588} INFO - Filling up the DagBag from /home/airflow/.local/lib/python3.12/site-packages/airflow/example_dags/example_sensor_decorator.py
[2026-06-18T19:18:50.578+0000] {processor.py:925} INFO - DAG(s) 'example_sensor_decorator' retrieved from /home/airflow/.local/lib/python3.12/site-packages/airflow/example_dags/example_sensor_decorator.py
[2026-06-18T19:18:50.618+0000] {logging_mixin.py:190} INFO - [2026-06-18T19:18:50.617+0000] {dag.py:3239} INFO - Sync 1 DAGs
[2026-06-18T19:18:50.646+0000] {logging_mixin.py:190} INFO - [2026-06-18T19:18:50.645+0000] {dag.py:4180} INFO - Setting next_dagrun for example_sensor_decorator to None, run_after=None
[2026-06-18T19:18:50.675+0000] {processor.py:208} INFO - Processing /home/airflow/.local/lib/python3.12/site-packages/airflow/example_dags/example_sensor_decorator.py took 0.150 seconds
[2026-06-18T19:19:22.454+0000] {processor.py:186} INFO - Started process (PID=945) to work on /home/airflow/.local/lib/python3.12/site-packages/airflow/example_dags/example_sensor_decorator.py
[2026-06-18T19:19:22.460+0000] {processor.py:914} INFO - Processing file /home/airflow/.local/lib/python3.12/site-packages/airflow/example_dags/example_sensor_decorator.py for tasks to queue
[2026-06-18T19:19:22.471+0000] {logging_mixin.py:190} INFO - [2026-06-18T19:19:22.469+0000] {dagbag.py:588} INFO - Filling up the DagBag from /home/airflow/.local/lib/python3.12/site-packages/airflow/example_dags/example_sensor_decorator.py
[2026-06-18T19:19:22.506+0000] {processor.py:925} INFO - DAG(s) 'example_sensor_decorator' retrieved from /home/airflow/.local/lib/python3.12/site-packages/airflow/example_dags/example_sensor_decorator.py
[2026-06-18T19:19:22.583+0000] {logging_mixin.py:190} INFO - [2026-06-18T19:19:22.582+0000] {dag.py:3239} INFO - Sync 1 DAGs
[2026-06-18T19:19:22.663+0000] {logging_mixin.py:190} INFO - [2026-06-18T19:19:22.663+0000] {dag.py:4180} INFO - Setting next_dagrun for example_sensor_decorator to None, run_after=None
[2026-06-18T19:19:22.759+0000] {processor.py:208} INFO - Processing /home/airflow/.local/lib/python3.12/site-packages/airflow/example_dags/example_sensor_decorator.py took 0.329 seconds
[2026-06-18T19:19:52.947+0000] {processor.py:186} INFO - Started process (PID=1009) to work on /home/airflow/.local/lib/python3.12/site-packages/airflow/example_dags/example_sensor_decorator.py
[2026-06-18T19:19:52.949+0000] {processor.py:914} INFO - Processing file /home/airflow/.local/lib/python3.12/site-packages/airflow/example_dags/example_sensor_decorator.py for tasks to queue
[2026-06-18T19:19:52.952+0000] {logging_mixin.py:190} INFO - [2026-06-18T19:19:52.952+0000] {dagbag.py:588} INFO - Filling up the DagBag from /home/airflow/.local/lib/python3.12/site-packages/airflow/example_dags/example_sensor_decorator.py
[2026-06-18T19:19:52.963+0000] {processor.py:925} INFO - DAG(s) 'example_sensor_decorator' retrieved from /home/airflow/.local/lib/python3.12/site-packages/airflow/example_dags/example_sensor_decorator.py
[2026-06-18T19:19:52.981+0000] {logging_mixin.py:190} INFO - [2026-06-18T19:19:52.981+0000] {dag.py:3239} INFO - Sync 1 DAGs
[2026-06-18T19:19:52.997+0000] {logging_mixin.py:190} INFO - [2026-06-18T19:19:52.997+0000] {dag.py:4180} INFO - Setting next_dagrun for example_sensor_decorator to None, run_after=None
[2026-06-18T19:19:53.017+0000] {processor.py:208} INFO - Processing /home/airflow/.local/lib/python3.12/site-packages/airflow/example_dags/example_sensor_decorator.py took 0.078 seconds
[2026-06-18T19:20:24.857+0000] {processor.py:186} INFO - Started process (PID=1073) to work on /home/airflow/.local/lib/python3.12/site-packages/airflow/example_dags/example_sensor_decorator.py
[2026-06-18T19:20:24.861+0000] {processor.py:914} INFO - Processing file /home/airflow/.local/lib/python3.12/site-packages/airflow/example_dags/example_sensor_decorator.py for tasks to queue
[2026-06-18T19:20:24.868+0000] {logging_mixin.py:190} INFO - [2026-06-18T19:20:24.867+0000] {dagbag.py:588} INFO - Filling up the DagBag from /home/airflow/.local/lib/python3.12/site-packages/airflow/example_dags/example_sensor_decorator.py
[2026-06-18T19:20:24.889+0000] {processor.py:925} INFO - DAG(s) 'example_sensor_decorator' retrieved from /home/airflow/.local/lib/python3.12/site-packages/airflow/example_dags/example_sensor_decorator.py
[2026-06-18T19:20:24.932+0000] {logging_mixin.py:190} INFO - [2026-06-18T19:20:24.931+0000] {dag.py:3239} INFO - Sync 1 DAGs
[2026-06-18T19:20:24.965+0000] {logging_mixin.py:190} INFO - [2026-06-18T19:20:24.965+0000] {dag.py:4180} INFO - Setting next_dagrun for example_sensor_decorator to None, run_after=None
[2026-06-18T19:20:25.006+0000] {processor.py:208} INFO - Processing /home/airflow/.local/lib/python3.12/site-packages/airflow/example_dags/example_sensor_decorator.py took 0.163 seconds
[2026-06-18T19:20:57.231+0000] {processor.py:186} INFO - Started process (PID=1137) to work on /home/airflow/.local/lib/python3.12/site-packages/airflow/example_dags/example_sensor_decorator.py
[2026-06-18T19:20:57.236+0000] {processor.py:914} INFO - Processing file /home/airflow/.local/lib/python3.12/site-packages/airflow/example_dags/example_sensor_decorator.py for tasks to queue
[2026-06-18T19:20:57.244+0000] {logging_mixin.py:190} INFO - [2026-06-18T19:20:57.243+0000] {dagbag.py:588} INFO - Filling up the DagBag from /home/airflow/.local/lib/python3.12/site-packages/airflow/example_dags/example_sensor_decorator.py
[2026-06-18T19:20:57.277+0000] {processor.py:925} INFO - DAG(s) 'example_sensor_decorator' retrieved from /home/airflow/.local/lib/python3.12/site-packages/airflow/example_dags/example_sensor_decorator.py
[2026-06-18T19:20:57.331+0000] {logging_mixin.py:190} INFO - [2026-06-18T19:20:57.331+0000] {dag.py:3239} INFO - Sync 1 DAGs
[2026-06-18T19:20:57.374+0000] {logging_mixin.py:190} INFO - [2026-06-18T19:20:57.374+0000] {dag.py:4180} INFO - Setting next_dagrun for example_sensor_decorator to None, run_after=None
[2026-06-18T19:20:57.416+0000] {processor.py:208} INFO - Processing /home/airflow/.local/lib/python3.12/site-packages/airflow/example_dags/example_sensor_decorator.py took 0.201 seconds
[2026-06-18T19:21:28.440+0000] {processor.py:186} INFO - Started process (PID=1201) to work on /home/airflow/.local/lib/python3.12/site-packages/airflow/example_dags/example_sensor_decorator.py
[2026-06-18T19:21:28.450+0000] {processor.py:914} INFO - Processing file /home/airflow/.local/lib/python3.12/site-packages/airflow/example_dags/example_sensor_decorator.py for tasks to queue
[2026-06-18T19:21:28.460+0000] {logging_mixin.py:190} INFO - [2026-06-18T19:21:28.459+0000] {dagbag.py:588} INFO - Filling up the DagBag from /home/airflow/.local/lib/python3.12/site-packages/airflow/example_dags/example_sensor_decorator.py
[2026-06-18T19:21:28.480+0000] {processor.py:925} INFO - DAG(s) 'example_sensor_decorator' retrieved from /home/airflow/.local/lib/python3.12/site-packages/airflow/example_dags/example_sensor_decorator.py
[2026-06-18T19:21:28.519+0000] {logging_mixin.py:190} INFO - [2026-06-18T19:21:28.519+0000] {dag.py:3239} INFO - Sync 1 DAGs
[2026-06-18T19:21:28.549+0000] {logging_mixin.py:190} INFO - [2026-06-18T19:21:28.548+0000] {dag.py:4180} INFO - Setting next_dagrun for example_sensor_decorator to None, run_after=None
[2026-06-18T19:21:28.582+0000] {processor.py:208} INFO - Processing /home/airflow/.local/lib/python3.12/site-packages/airflow/example_dags/example_sensor_decorator.py took 0.149 seconds
[2026-06-18T19:21:59.920+0000] {processor.py:186} INFO - Started process (PID=1266) to work on /home/airflow/.local/lib/python3.12/site-packages/airflow/example_dags/example_sensor_decorator.py
[2026-06-18T19:21:59.925+0000] {processor.py:914} INFO - Processing file /home/airflow/.local/lib/python3.12/site-packages/airflow/example_dags/example_sensor_decorator.py for tasks to queue
[2026-06-18T19:21:59.933+0000] {logging_mixin.py:190} INFO - [2026-06-18T19:21:59.932+0000] {dagbag.py:588} INFO - Filling up the DagBag from /home/airflow/.local/lib/python3.12/site-packages/airflow/example_dags/example_sensor_decorator.py
[2026-06-18T19:21:59.955+0000] {processor.py:925} INFO - DAG(s) 'example_sensor_decorator' retrieved from /home/airflow/.local/lib/python3.12/site-packages/airflow/example_dags/example_sensor_decorator.py
[2026-06-18T19:22:00.004+0000] {logging_mixin.py:190} INFO - [2026-06-18T19:22:00.004+0000] {dag.py:3239} INFO - Sync 1 DAGs
[2026-06-18T19:22:00.059+0000] {logging_mixin.py:190} INFO - [2026-06-18T19:22:00.058+0000] {dag.py:4180} INFO - Setting next_dagrun for example_sensor_decorator to None, run_after=None
[2026-06-18T19:22:00.130+0000] {processor.py:208} INFO - Processing /home/airflow/.local/lib/python3.12/site-packages/airflow/example_dags/example_sensor_decorator.py took 0.228 seconds
[2026-06-18T19:22:32.764+0000] {processor.py:186} INFO - Started process (PID=1330) to work on /home/airflow/.local/lib/python3.12/site-packages/airflow/example_dags/example_sensor_decorator.py
[2026-06-18T19:22:32.772+0000] {processor.py:914} INFO - Processing file /home/airflow/.local/lib/python3.12/site-packages/airflow/example_dags/example_sensor_decorator.py for tasks to queue
[2026-06-18T19:22:32.781+0000] {logging_mixin.py:190} INFO - [2026-06-18T19:22:32.780+0000] {dagbag.py:588} INFO - Filling up the DagBag from /home/airflow/.local/lib/python3.12/site-packages/airflow/example_dags/example_sensor_decorator.py
[2026-06-18T19:22:32.822+0000] {processor.py:925} INFO - DAG(s) 'example_sensor_decorator' retrieved from /home/airflow/.local/lib/python3.12/site-packages/airflow/example_dags/example_sensor_decorator.py
[2026-06-18T19:22:32.912+0000] {logging_mixin.py:190} INFO - [2026-06-18T19:22:32.911+0000] {dag.py:3239} INFO - Sync 1 DAGs
[2026-06-18T19:22:32.986+0000] {logging_mixin.py:190} INFO - [2026-06-18T19:22:32.986+0000] {dag.py:4180} INFO - Setting next_dagrun for example_sensor_decorator to None, run_after=None
[2026-06-18T19:22:33.051+0000] {processor.py:208} INFO - Processing /home/airflow/.local/lib/python3.12/site-packages/airflow/example_dags/example_sensor_decorator.py took 0.305 seconds
[2026-06-18T19:23:03.390+0000] {processor.py:186} INFO - Started process (PID=1394) to work on /home/airflow/.local/lib/python3.12/site-packages/airflow/example_dags/example_sensor_decorator.py
[2026-06-18T19:23:03.393+0000] {processor.py:914} INFO - Processing file /home/airflow/.local/lib/python3.12/site-packages/airflow/example_dags/example_sensor_decorator.py for tasks to queue
[2026-06-18T19:23:03.397+0000] {logging_mixin.py:190} INFO - [2026-06-18T19:23:03.397+0000] {dagbag.py:588} INFO - Filling up the DagBag from /home/airflow/.local/lib/python3.12/site-packages/airflow/example_dags/example_sensor_decorator.py
[2026-06-18T19:23:03.410+0000] {processor.py:925} INFO - DAG(s) 'example_sensor_decorator' retrieved from /home/airflow/.local/lib/python3.12/site-packages/airflow/example_dags/example_sensor_decorator.py
[2026-06-18T19:23:03.439+0000] {logging_mixin.py:190} INFO - [2026-06-18T19:23:03.439+0000] {dag.py:3239} INFO - Sync 1 DAGs
[2026-06-18T19:23:03.463+0000] {logging_mixin.py:190} INFO - [2026-06-18T19:23:03.463+0000] {dag.py:4180} INFO - Setting next_dagrun for example_sensor_decorator to None, run_after=None
[2026-06-18T19:23:03.497+0000] {processor.py:208} INFO - Processing /home/airflow/.local/lib/python3.12/site-packages/airflow/example_dags/example_sensor_decorator.py took 0.114 seconds
[2026-06-18T19:23:36.717+0000] {processor.py:186} INFO - Started process (PID=1458) to work on /home/airflow/.local/lib/python3.12/site-packages/airflow/example_dags/example_sensor_decorator.py
[2026-06-18T19:23:36.727+0000] {processor.py:914} INFO - Processing file /home/airflow/.local/lib/python3.12/site-packages/airflow/example_dags/example_sensor_decorator.py for tasks to queue
[2026-06-18T19:23:36.737+0000] {logging_mixin.py:190} INFO - [2026-06-18T19:23:36.736+0000] {dagbag.py:588} INFO - Filling up the DagBag from /home/airflow/.local/lib/python3.12/site-packages/airflow/example_dags/example_sensor_decorator.py
[2026-06-18T19:23:36.766+0000] {processor.py:925} INFO - DAG(s) 'example_sensor_decorator' retrieved from /home/airflow/.local/lib/python3.12/site-packages/airflow/example_dags/example_sensor_decorator.py
[2026-06-18T19:23:36.825+0000] {logging_mixin.py:190} INFO - [2026-06-18T19:23:36.824+0000] {dag.py:3239} INFO - Sync 1 DAGs
[2026-06-18T19:23:36.866+0000] {logging_mixin.py:190} INFO - [2026-06-18T19:23:36.866+0000] {dag.py:4180} INFO - Setting next_dagrun for example_sensor_decorator to None, run_after=None
[2026-06-18T19:23:36.905+0000] {processor.py:208} INFO - Processing /home/airflow/.local/lib/python3.12/site-packages/airflow/example_dags/example_sensor_decorator.py took 0.204 seconds
[2026-06-18T19:24:07.709+0000] {processor.py:186} INFO - Started process (PID=1522) to work on /home/airflow/.local/lib/python3.12/site-packages/airflow/example_dags/example_sensor_decorator.py
[2026-06-18T19:24:07.712+0000] {processor.py:914} INFO - Processing file /home/airflow/.local/lib/python3.12/site-packages/airflow/example_dags/example_sensor_decorator.py for tasks to queue
[2026-06-18T19:24:07.717+0000] {logging_mixin.py:190} INFO - [2026-06-18T19:24:07.716+0000] {dagbag.py:588} INFO - Filling up the DagBag from /home/airflow/.local/lib/python3.12/site-packages/airflow/example_dags/example_sensor_decorator.py
[2026-06-18T19:24:07.729+0000] {processor.py:925} INFO - DAG(s) 'example_sensor_decorator' retrieved from /home/airflow/.local/lib/python3.12/site-packages/airflow/example_dags/example_sensor_decorator.py
[2026-06-18T19:24:07.755+0000] {logging_mixin.py:190} INFO - [2026-06-18T19:24:07.754+0000] {dag.py:3239} INFO - Sync 1 DAGs
[2026-06-18T19:24:07.774+0000] {logging_mixin.py:190} INFO - [2026-06-18T19:24:07.773+0000] {dag.py:4180} INFO - Setting next_dagrun for example_sensor_decorator to None, run_after=None
[2026-06-18T19:24:07.793+0000] {processor.py:208} INFO - Processing /home/airflow/.local/lib/python3.12/site-packages/airflow/example_dags/example_sensor_decorator.py took 0.092 seconds
[2026-06-18T19:24:40.934+0000] {processor.py:186} INFO - Started process (PID=1588) to work on /home/airflow/.local/lib/python3.12/site-packages/airflow/example_dags/example_sensor_decorator.py
[2026-06-18T19:24:40.940+0000] {processor.py:914} INFO - Processing file /home/airflow/.local/lib/python3.12/site-packages/airflow/example_dags/example_sensor_decorator.py for tasks to queue
[2026-06-18T19:24:40.951+0000] {logging_mixin.py:190} INFO - [2026-06-18T19:24:40.950+0000] {dagbag.py:588} INFO - Filling up the DagBag from /home/airflow/.local/lib/python3.12/site-packages/airflow/example_dags/example_sensor_decorator.py
[2026-06-18T19:24:40.978+0000] {processor.py:925} INFO - DAG(s) 'example_sensor_decorator' retrieved from /home/airflow/.local/lib/python3.12/site-packages/airflow/example_dags/example_sensor_decorator.py
[2026-06-18T19:24:41.041+0000] {logging_mixin.py:190} INFO - [2026-06-18T19:24:41.041+0000] {dag.py:3239} INFO - Sync 1 DAGs
[2026-06-18T19:24:41.110+0000] {logging_mixin.py:190} INFO - [2026-06-18T19:24:41.110+0000] {dag.py:4180} INFO - Setting next_dagrun for example_sensor_decorator to None, run_after=None
[2026-06-18T19:24:41.195+0000] {processor.py:208} INFO - Processing /home/airflow/.local/lib/python3.12/site-packages/airflow/example_dags/example_sensor_decorator.py took 0.281 seconds
[2026-06-18T19:25:13.381+0000] {processor.py:186} INFO - Started process (PID=1656) to work on /home/airflow/.local/lib/python3.12/site-packages/airflow/example_dags/example_sensor_decorator.py
[2026-06-18T19:25:13.385+0000] {processor.py:914} INFO - Processing file /home/airflow/.local/lib/python3.12/site-packages/airflow/example_dags/example_sensor_decorator.py for tasks to queue
[2026-06-18T19:25:13.396+0000] {logging_mixin.py:190} INFO - [2026-06-18T19:25:13.394+0000] {dagbag.py:588} INFO - Filling up the DagBag from /home/airflow/.local/lib/python3.12/site-packages/airflow/example_dags/example_sensor_decorator.py
[2026-06-18T19:25:13.444+0000] {processor.py:925} INFO - DAG(s) 'example_sensor_decorator' retrieved from /home/airflow/.local/lib/python3.12/site-packages/airflow/example_dags/example_sensor_decorator.py
[2026-06-18T19:25:13.565+0000] {logging_mixin.py:190} INFO - [2026-06-18T19:25:13.564+0000] {dag.py:3239} INFO - Sync 1 DAGs
[2026-06-18T19:25:13.622+0000] {logging_mixin.py:190} INFO - [2026-06-18T19:25:13.622+0000] {dag.py:4180} INFO - Setting next_dagrun for example_sensor_decorator to None, run_after=None
[2026-06-18T19:25:13.685+0000] {processor.py:208} INFO - Processing /home/airflow/.local/lib/python3.12/site-packages/airflow/example_dags/example_sensor_decorator.py took 0.335 seconds
[2026-06-18T19:25:48.203+0000] {processor.py:186} INFO - Started process (PID=1725) to work on /home/airflow/.local/lib/python3.12/site-packages/airflow/example_dags/example_sensor_decorator.py
[2026-06-18T19:25:48.229+0000] {processor.py:914} INFO - Processing file /home/airflow/.local/lib/python3.12/site-packages/airflow/example_dags/example_sensor_decorator.py for tasks to queue
[2026-06-18T19:25:48.257+0000] {logging_mixin.py:190} INFO - [2026-06-18T19:25:48.256+0000] {dagbag.py:588} INFO - Filling up the DagBag from /home/airflow/.local/lib/python3.12/site-packages/airflow/example_dags/example_sensor_decorator.py
[2026-06-18T19:25:48.325+0000] {processor.py:925} INFO - DAG(s) 'example_sensor_decorator' retrieved from /home/airflow/.local/lib/python3.12/site-packages/airflow/example_dags/example_sensor_decorator.py
[2026-06-18T19:25:48.485+0000] {logging_mixin.py:190} INFO - [2026-06-18T19:25:48.474+0000] {dag.py:3239} INFO - Sync 1 DAGs
[2026-06-18T19:25:48.603+0000] {logging_mixin.py:190} INFO - [2026-06-18T19:25:48.602+0000] {dag.py:4180} INFO - Setting next_dagrun for example_sensor_decorator to None, run_after=None
[2026-06-18T19:25:48.760+0000] {processor.py:208} INFO - Processing /home/airflow/.local/lib/python3.12/site-packages/airflow/example_dags/example_sensor_decorator.py took 0.596 seconds
[2026-06-18T19:26:19.601+0000] {processor.py:186} INFO - Started process (PID=1796) to work on /home/airflow/.local/lib/python3.12/site-packages/airflow/example_dags/example_sensor_decorator.py
[2026-06-18T19:26:19.603+0000] {processor.py:914} INFO - Processing file /home/airflow/.local/lib/python3.12/site-packages/airflow/example_dags/example_sensor_decorator.py for tasks to queue
[2026-06-18T19:26:19.607+0000] {logging_mixin.py:190} INFO - [2026-06-18T19:26:19.607+0000] {dagbag.py:588} INFO - Filling up the DagBag from /home/airflow/.local/lib/python3.12/site-packages/airflow/example_dags/example_sensor_decorator.py
[2026-06-18T19:26:19.616+0000] {processor.py:925} INFO - DAG(s) 'example_sensor_decorator' retrieved from /home/airflow/.local/lib/python3.12/site-packages/airflow/example_dags/example_sensor_decorator.py
[2026-06-18T19:26:19.636+0000] {logging_mixin.py:190} INFO - [2026-06-18T19:26:19.636+0000] {dag.py:3239} INFO - Sync 1 DAGs
[2026-06-18T19:26:19.651+0000] {logging_mixin.py:190} INFO - [2026-06-18T19:26:19.651+0000] {dag.py:4180} INFO - Setting next_dagrun for example_sensor_decorator to None, run_after=None
[2026-06-18T19:26:19.670+0000] {processor.py:208} INFO - Processing /home/airflow/.local/lib/python3.12/site-packages/airflow/example_dags/example_sensor_decorator.py took 0.074 seconds
[2026-06-18T19:26:49.799+0000] {processor.py:186} INFO - Started process (PID=1860) to work on /home/airflow/.local/lib/python3.12/site-packages/airflow/example_dags/example_sensor_decorator.py
[2026-06-18T19:26:49.802+0000] {processor.py:914} INFO - Processing file /home/airflow/.local/lib/python3.12/site-packages/airflow/example_dags/example_sensor_decorator.py for tasks to queue
[2026-06-18T19:26:49.808+0000] {logging_mixin.py:190} INFO - [2026-06-18T19:26:49.808+0000] {dagbag.py:588} INFO - Filling up the DagBag from /home/airflow/.local/lib/python3.12/site-packages/airflow/example_dags/example_sensor_decorator.py
[2026-06-18T19:26:49.824+0000] {processor.py:925} INFO - DAG(s) 'example_sensor_decorator' retrieved from /home/airflow/.local/lib/python3.12/site-packages/airflow/example_dags/example_sensor_decorator.py
[2026-06-18T19:26:49.862+0000] {logging_mixin.py:190} INFO - [2026-06-18T19:26:49.861+0000] {dag.py:3239} INFO - Sync 1 DAGs
[2026-06-18T19:26:49.887+0000] {logging_mixin.py:190} INFO - [2026-06-18T19:26:49.887+0000] {dag.py:4180} INFO - Setting next_dagrun for example_sensor_decorator to None, run_after=None
[2026-06-18T19:26:49.912+0000] {processor.py:208} INFO - Processing /home/airflow/.local/lib/python3.12/site-packages/airflow/example_dags/example_sensor_decorator.py took 0.124 seconds
[2026-06-18T19:27:26.040+0000] {processor.py:186} INFO - Started process (PID=1930) to work on /home/airflow/.local/lib/python3.12/site-packages/airflow/example_dags/example_sensor_decorator.py
[2026-06-18T19:27:26.075+0000] {processor.py:914} INFO - Processing file /home/airflow/.local/lib/python3.12/site-packages/airflow/example_dags/example_sensor_decorator.py for tasks to queue
[2026-06-18T19:27:26.107+0000] {logging_mixin.py:190} INFO - [2026-06-18T19:27:26.105+0000] {dagbag.py:588} INFO - Filling up the DagBag from /home/airflow/.local/lib/python3.12/site-packages/airflow/example_dags/example_sensor_decorator.py
[2026-06-18T19:27:26.180+0000] {processor.py:925} INFO - DAG(s) 'example_sensor_decorator' retrieved from /home/airflow/.local/lib/python3.12/site-packages/airflow/example_dags/example_sensor_decorator.py
[2026-06-18T19:27:26.288+0000] {logging_mixin.py:190} INFO - [2026-06-18T19:27:26.288+0000] {dag.py:3239} INFO - Sync 1 DAGs
[2026-06-18T19:27:26.455+0000] {logging_mixin.py:190} INFO - [2026-06-18T19:27:26.443+0000] {dag.py:4180} INFO - Setting next_dagrun for example_sensor_decorator to None, run_after=None
[2026-06-18T19:27:26.616+0000] {processor.py:208} INFO - Processing /home/airflow/.local/lib/python3.12/site-packages/airflow/example_dags/example_sensor_decorator.py took 0.627 seconds
[2026-06-18T19:27:57.192+0000] {processor.py:186} INFO - Started process (PID=1994) to work on /home/airflow/.local/lib/python3.12/site-packages/airflow/example_dags/example_sensor_decorator.py
[2026-06-18T19:27:57.205+0000] {processor.py:914} INFO - Processing file /home/airflow/.local/lib/python3.12/site-packages/airflow/example_dags/example_sensor_decorator.py for tasks to queue
[2026-06-18T19:27:57.224+0000] {logging_mixin.py:190} INFO - [2026-06-18T19:27:57.223+0000] {dagbag.py:588} INFO - Filling up the DagBag from /home/airflow/.local/lib/python3.12/site-packages/airflow/example_dags/example_sensor_decorator.py
[2026-06-18T19:27:57.302+0000] {processor.py:925} INFO - DAG(s) 'example_sensor_decorator' retrieved from /home/airflow/.local/lib/python3.12/site-packages/airflow/example_dags/example_sensor_decorator.py
[2026-06-18T19:27:57.473+0000] {logging_mixin.py:190} INFO - [2026-06-18T19:27:57.463+0000] {dag.py:3239} INFO - Sync 1 DAGs
[2026-06-18T19:27:57.566+0000] {logging_mixin.py:190} INFO - [2026-06-18T19:27:57.566+0000] {dag.py:4180} INFO - Setting next_dagrun for example_sensor_decorator to None, run_after=None
[2026-06-18T19:27:57.656+0000] {processor.py:208} INFO - Processing /home/airflow/.local/lib/python3.12/site-packages/airflow/example_dags/example_sensor_decorator.py took 0.492 seconds
[2026-06-18T19:28:27.876+0000] {processor.py:186} INFO - Started process (PID=2058) to work on /home/airflow/.local/lib/python3.12/site-packages/airflow/example_dags/example_sensor_decorator.py
[2026-06-18T19:28:27.880+0000] {processor.py:914} INFO - Processing file /home/airflow/.local/lib/python3.12/site-packages/airflow/example_dags/example_sensor_decorator.py for tasks to queue
[2026-06-18T19:28:27.885+0000] {logging_mixin.py:190} INFO - [2026-06-18T19:28:27.885+0000] {dagbag.py:588} INFO - Filling up the DagBag from /home/airflow/.local/lib/python3.12/site-packages/airflow/example_dags/example_sensor_decorator.py
[2026-06-18T19:28:27.904+0000] {processor.py:925} INFO - DAG(s) 'example_sensor_decorator' retrieved from /home/airflow/.local/lib/python3.12/site-packages/airflow/example_dags/example_sensor_decorator.py
[2026-06-18T19:28:27.940+0000] {logging_mixin.py:190} INFO - [2026-06-18T19:28:27.939+0000] {dag.py:3239} INFO - Sync 1 DAGs
[2026-06-18T19:28:27.971+0000] {logging_mixin.py:190} INFO - [2026-06-18T19:28:27.970+0000] {dag.py:4180} INFO - Setting next_dagrun for example_sensor_decorator to None, run_after=None
[2026-06-18T19:28:28.004+0000] {processor.py:208} INFO - Processing /home/airflow/.local/lib/python3.12/site-packages/airflow/example_dags/example_sensor_decorator.py took 0.139 seconds
[2026-06-18T19:29:00.250+0000] {processor.py:186} INFO - Started process (PID=2121) to work on /home/airflow/.local/lib/python3.12/site-packages/airflow/example_dags/example_sensor_decorator.py
[2026-06-18T19:29:00.255+0000] {processor.py:914} INFO - Processing file /home/airflow/.local/lib/python3.12/site-packages/airflow/example_dags/example_sensor_decorator.py for tasks to queue
[2026-06-18T19:29:00.263+0000] {logging_mixin.py:190} INFO - [2026-06-18T19:29:00.262+0000] {dagbag.py:588} INFO - Filling up the DagBag from /home/airflow/.local/lib/python3.12/site-packages/airflow/example_dags/example_sensor_decorator.py
[2026-06-18T19:29:00.294+0000] {processor.py:925} INFO - DAG(s) 'example_sensor_decorator' retrieved from /home/airflow/.local/lib/python3.12/site-packages/airflow/example_dags/example_sensor_decorator.py
[2026-06-18T19:29:00.355+0000] {logging_mixin.py:190} INFO - [2026-06-18T19:29:00.354+0000] {dag.py:3239} INFO - Sync 1 DAGs
[2026-06-18T19:29:00.398+0000] {logging_mixin.py:190} INFO - [2026-06-18T19:29:00.398+0000] {dag.py:4180} INFO - Setting next_dagrun for example_sensor_decorator to None, run_after=None
[2026-06-18T19:29:00.453+0000] {processor.py:208} INFO - Processing /home/airflow/.local/lib/python3.12/site-packages/airflow/example_dags/example_sensor_decorator.py took 0.222 seconds
[2026-06-18T19:29:31.343+0000] {processor.py:186} INFO - Started process (PID=2186) to work on /home/airflow/.local/lib/python3.12/site-packages/airflow/example_dags/example_sensor_decorator.py
[2026-06-18T19:29:31.358+0000] {processor.py:914} INFO - Processing file /home/airflow/.local/lib/python3.12/site-packages/airflow/example_dags/example_sensor_decorator.py for tasks to queue
[2026-06-18T19:29:31.376+0000] {logging_mixin.py:190} INFO - [2026-06-18T19:29:31.375+0000] {dagbag.py:588} INFO - Filling up the DagBag from /home/airflow/.local/lib/python3.12/site-packages/airflow/example_dags/example_sensor_decorator.py
[2026-06-18T19:29:31.425+0000] {processor.py:925} INFO - DAG(s) 'example_sensor_decorator' retrieved from /home/airflow/.local/lib/python3.12/site-packages/airflow/example_dags/example_sensor_decorator.py
[2026-06-18T19:29:31.564+0000] {logging_mixin.py:190} INFO - [2026-06-18T19:29:31.563+0000] {dag.py:3239} INFO - Sync 1 DAGs
[2026-06-18T19:29:31.645+0000] {logging_mixin.py:190} INFO - [2026-06-18T19:29:31.644+0000] {dag.py:4180} INFO - Setting next_dagrun for example_sensor_decorator to None, run_after=None
[2026-06-18T19:29:31.718+0000] {processor.py:208} INFO - Processing /home/airflow/.local/lib/python3.12/site-packages/airflow/example_dags/example_sensor_decorator.py took 0.411 seconds
[2026-06-18T19:30:02.373+0000] {processor.py:186} INFO - Started process (PID=2250) to work on /home/airflow/.local/lib/python3.12/site-packages/airflow/example_dags/example_sensor_decorator.py
[2026-06-18T19:30:02.377+0000] {processor.py:914} INFO - Processing file /home/airflow/.local/lib/python3.12/site-packages/airflow/example_dags/example_sensor_decorator.py for tasks to queue
[2026-06-18T19:30:02.381+0000] {logging_mixin.py:190} INFO - [2026-06-18T19:30:02.381+0000] {dagbag.py:588} INFO - Filling up the DagBag from /home/airflow/.local/lib/python3.12/site-packages/airflow/example_dags/example_sensor_decorator.py
[2026-06-18T19:30:02.394+0000] {processor.py:925} INFO - DAG(s) 'example_sensor_decorator' retrieved from /home/airflow/.local/lib/python3.12/site-packages/airflow/example_dags/example_sensor_decorator.py
[2026-06-18T19:30:02.421+0000] {logging_mixin.py:190} INFO - [2026-06-18T19:30:02.421+0000] {dag.py:3239} INFO - Sync 1 DAGs
[2026-06-18T19:30:02.440+0000] {logging_mixin.py:190} INFO - [2026-06-18T19:30:02.440+0000] {dag.py:4180} INFO - Setting next_dagrun for example_sensor_decorator to None, run_after=None
[2026-06-18T19:30:02.474+0000] {processor.py:208} INFO - Processing /home/airflow/.local/lib/python3.12/site-packages/airflow/example_dags/example_sensor_decorator.py took 0.108 seconds
[2026-06-18T19:30:33.287+0000] {processor.py:186} INFO - Started process (PID=2314) to work on /home/airflow/.local/lib/python3.12/site-packages/airflow/example_dags/example_sensor_decorator.py
[2026-06-18T19:30:33.291+0000] {processor.py:914} INFO - Processing file /home/airflow/.local/lib/python3.12/site-packages/airflow/example_dags/example_sensor_decorator.py for tasks to queue
[2026-06-18T19:30:33.297+0000] {logging_mixin.py:190} INFO - [2026-06-18T19:30:33.296+0000] {dagbag.py:588} INFO - Filling up the DagBag from /home/airflow/.local/lib/python3.12/site-packages/airflow/example_dags/example_sensor_decorator.py
[2026-06-18T19:30:33.317+0000] {processor.py:925} INFO - DAG(s) 'example_sensor_decorator' retrieved from /home/airflow/.local/lib/python3.12/site-packages/airflow/example_dags/example_sensor_decorator.py
[2026-06-18T19:30:33.355+0000] {logging_mixin.py:190} INFO - [2026-06-18T19:30:33.354+0000] {dag.py:3239} INFO - Sync 1 DAGs
[2026-06-18T19:30:33.394+0000] {logging_mixin.py:190} INFO - [2026-06-18T19:30:33.394+0000] {dag.py:4180} INFO - Setting next_dagrun for example_sensor_decorator to None, run_after=None
[2026-06-18T19:30:33.427+0000] {processor.py:208} INFO - Processing /home/airflow/.local/lib/python3.12/site-packages/airflow/example_dags/example_sensor_decorator.py took 0.157 seconds
