[2026-06-18T19:12:21.604+0000] {processor.py:186} INFO - Started process (PID=99) to work on /home/airflow/.local/lib/python3.12/site-packages/airflow/example_dags/example_dataset_alias_with_no_taskflow.py
[2026-06-18T19:12:21.606+0000] {processor.py:914} INFO - Processing file /home/airflow/.local/lib/python3.12/site-packages/airflow/example_dags/example_dataset_alias_with_no_taskflow.py for tasks to queue
[2026-06-18T19:12:21.610+0000] {logging_mixin.py:190} INFO - [2026-06-18T19:12:21.610+0000] {dagbag.py:588} INFO - Filling up the DagBag from /home/airflow/.local/lib/python3.12/site-packages/airflow/example_dags/example_dataset_alias_with_no_taskflow.py
[2026-06-18T19:12:23.619+0000] {processor.py:925} INFO - DAG(s) 'dataset_alias_example_alias_consumer_with_no_taskflow', 'dataset_s3_bucket_consumer_with_no_taskflow', 'dataset_s3_bucket_producer_with_no_taskflow', 'dataset_alias_example_alias_producer_with_no_taskflow' retrieved from /home/airflow/.local/lib/python3.12/site-packages/airflow/example_dags/example_dataset_alias_with_no_taskflow.py
[2026-06-18T19:12:23.671+0000] {logging_mixin.py:190} INFO - [2026-06-18T19:12:23.670+0000] {dag.py:3239} INFO - Sync 4 DAGs
[2026-06-18T19:12:23.740+0000] {logging_mixin.py:190} INFO - [2026-06-18T19:12:23.739+0000] {dag.py:4180} INFO - Setting next_dagrun for dataset_alias_example_alias_consumer_with_no_taskflow to None, run_after=None
[2026-06-18T19:12:23.749+0000] {logging_mixin.py:190} INFO - [2026-06-18T19:12:23.748+0000] {dag.py:4180} INFO - Setting next_dagrun for dataset_alias_example_alias_producer_with_no_taskflow to None, run_after=None
[2026-06-18T19:12:23.756+0000] {logging_mixin.py:190} INFO - [2026-06-18T19:12:23.755+0000] {dag.py:4180} INFO - Setting next_dagrun for dataset_s3_bucket_consumer_with_no_taskflow to None, run_after=None
[2026-06-18T19:12:23.763+0000] {logging_mixin.py:190} INFO - [2026-06-18T19:12:23.762+0000] {dag.py:4180} INFO - Setting next_dagrun for dataset_s3_bucket_producer_with_no_taskflow to None, run_after=None
[2026-06-18T19:12:23.822+0000] {processor.py:208} INFO - Processing /home/airflow/.local/lib/python3.12/site-packages/airflow/example_dags/example_dataset_alias_with_no_taskflow.py took 2.227 seconds
[2026-06-18T19:12:56.471+0000] {processor.py:186} INFO - Started process (PID=164) to work on /home/airflow/.local/lib/python3.12/site-packages/airflow/example_dags/example_dataset_alias_with_no_taskflow.py
[2026-06-18T19:12:56.477+0000] {processor.py:914} INFO - Processing file /home/airflow/.local/lib/python3.12/site-packages/airflow/example_dags/example_dataset_alias_with_no_taskflow.py for tasks to queue
[2026-06-18T19:12:56.484+0000] {logging_mixin.py:190} INFO - [2026-06-18T19:12:56.483+0000] {dagbag.py:588} INFO - Filling up the DagBag from /home/airflow/.local/lib/python3.12/site-packages/airflow/example_dags/example_dataset_alias_with_no_taskflow.py
[2026-06-18T19:12:58.046+0000] {processor.py:925} INFO - DAG(s) 'dataset_alias_example_alias_consumer_with_no_taskflow', 'dataset_alias_example_alias_producer_with_no_taskflow', 'dataset_s3_bucket_producer_with_no_taskflow', 'dataset_s3_bucket_consumer_with_no_taskflow' retrieved from /home/airflow/.local/lib/python3.12/site-packages/airflow/example_dags/example_dataset_alias_with_no_taskflow.py
[2026-06-18T19:12:58.092+0000] {logging_mixin.py:190} INFO - [2026-06-18T19:12:58.091+0000] {dag.py:3239} INFO - Sync 4 DAGs
[2026-06-18T19:12:58.145+0000] {logging_mixin.py:190} INFO - [2026-06-18T19:12:58.145+0000] {dag.py:4180} INFO - Setting next_dagrun for dataset_alias_example_alias_consumer_with_no_taskflow to None, run_after=None
[2026-06-18T19:12:58.153+0000] {logging_mixin.py:190} INFO - [2026-06-18T19:12:58.152+0000] {dag.py:4180} INFO - Setting next_dagrun for dataset_alias_example_alias_producer_with_no_taskflow to None, run_after=None
[2026-06-18T19:12:58.160+0000] {logging_mixin.py:190} INFO - [2026-06-18T19:12:58.158+0000] {dag.py:4180} INFO - Setting next_dagrun for dataset_s3_bucket_consumer_with_no_taskflow to None, run_after=None
[2026-06-18T19:12:58.164+0000] {logging_mixin.py:190} INFO - [2026-06-18T19:12:58.164+0000] {dag.py:4180} INFO - Setting next_dagrun for dataset_s3_bucket_producer_with_no_taskflow to None, run_after=None
[2026-06-18T19:12:58.212+0000] {processor.py:208} INFO - Processing /home/airflow/.local/lib/python3.12/site-packages/airflow/example_dags/example_dataset_alias_with_no_taskflow.py took 1.757 seconds
[2026-06-18T19:13:32.208+0000] {processor.py:186} INFO - Started process (PID=230) to work on /home/airflow/.local/lib/python3.12/site-packages/airflow/example_dags/example_dataset_alias_with_no_taskflow.py
[2026-06-18T19:13:32.213+0000] {processor.py:914} INFO - Processing file /home/airflow/.local/lib/python3.12/site-packages/airflow/example_dags/example_dataset_alias_with_no_taskflow.py for tasks to queue
[2026-06-18T19:13:32.223+0000] {logging_mixin.py:190} INFO - [2026-06-18T19:13:32.222+0000] {dagbag.py:588} INFO - Filling up the DagBag from /home/airflow/.local/lib/python3.12/site-packages/airflow/example_dags/example_dataset_alias_with_no_taskflow.py
[2026-06-18T19:13:36.005+0000] {processor.py:925} INFO - DAG(s) 'dataset_s3_bucket_producer_with_no_taskflow', 'dataset_s3_bucket_consumer_with_no_taskflow', 'dataset_alias_example_alias_producer_with_no_taskflow', 'dataset_alias_example_alias_consumer_with_no_taskflow' retrieved from /home/airflow/.local/lib/python3.12/site-packages/airflow/example_dags/example_dataset_alias_with_no_taskflow.py
[2026-06-18T19:13:36.096+0000] {logging_mixin.py:190} INFO - [2026-06-18T19:13:36.094+0000] {dag.py:3239} INFO - Sync 4 DAGs
[2026-06-18T19:13:36.214+0000] {logging_mixin.py:190} INFO - [2026-06-18T19:13:36.213+0000] {dag.py:4180} INFO - Setting next_dagrun for dataset_alias_example_alias_consumer_with_no_taskflow to None, run_after=None
[2026-06-18T19:13:36.230+0000] {logging_mixin.py:190} INFO - [2026-06-18T19:13:36.230+0000] {dag.py:4180} INFO - Setting next_dagrun for dataset_alias_example_alias_producer_with_no_taskflow to None, run_after=None
[2026-06-18T19:13:36.245+0000] {logging_mixin.py:190} INFO - [2026-06-18T19:13:36.244+0000] {dag.py:4180} INFO - Setting next_dagrun for dataset_s3_bucket_consumer_with_no_taskflow to None, run_after=None
[2026-06-18T19:13:36.255+0000] {logging_mixin.py:190} INFO - [2026-06-18T19:13:36.252+0000] {dag.py:4180} INFO - Setting next_dagrun for dataset_s3_bucket_producer_with_no_taskflow to None, run_after=None
[2026-06-18T19:13:36.333+0000] {processor.py:208} INFO - Processing /home/airflow/.local/lib/python3.12/site-packages/airflow/example_dags/example_dataset_alias_with_no_taskflow.py took 4.149 seconds
[2026-06-18T19:14:06.612+0000] {processor.py:186} INFO - Started process (PID=298) to work on /home/airflow/.local/lib/python3.12/site-packages/airflow/example_dags/example_dataset_alias_with_no_taskflow.py
[2026-06-18T19:14:06.617+0000] {processor.py:914} INFO - Processing file /home/airflow/.local/lib/python3.12/site-packages/airflow/example_dags/example_dataset_alias_with_no_taskflow.py for tasks to queue
[2026-06-18T19:14:06.628+0000] {logging_mixin.py:190} INFO - [2026-06-18T19:14:06.627+0000] {dagbag.py:588} INFO - Filling up the DagBag from /home/airflow/.local/lib/python3.12/site-packages/airflow/example_dags/example_dataset_alias_with_no_taskflow.py
[2026-06-18T19:14:08.898+0000] {processor.py:925} INFO - DAG(s) 'dataset_alias_example_alias_producer_with_no_taskflow', 'dataset_s3_bucket_consumer_with_no_taskflow', 'dataset_alias_example_alias_consumer_with_no_taskflow', 'dataset_s3_bucket_producer_with_no_taskflow' retrieved from /home/airflow/.local/lib/python3.12/site-packages/airflow/example_dags/example_dataset_alias_with_no_taskflow.py
[2026-06-18T19:14:08.955+0000] {logging_mixin.py:190} INFO - [2026-06-18T19:14:08.954+0000] {dag.py:3239} INFO - Sync 4 DAGs
[2026-06-18T19:14:09.028+0000] {logging_mixin.py:190} INFO - [2026-06-18T19:14:09.027+0000] {dag.py:4180} INFO - Setting next_dagrun for dataset_alias_example_alias_consumer_with_no_taskflow to None, run_after=None
[2026-06-18T19:14:09.043+0000] {logging_mixin.py:190} INFO - [2026-06-18T19:14:09.043+0000] {dag.py:4180} INFO - Setting next_dagrun for dataset_alias_example_alias_producer_with_no_taskflow to None, run_after=None
[2026-06-18T19:14:09.054+0000] {logging_mixin.py:190} INFO - [2026-06-18T19:14:09.054+0000] {dag.py:4180} INFO - Setting next_dagrun for dataset_s3_bucket_consumer_with_no_taskflow to None, run_after=None
[2026-06-18T19:14:09.062+0000] {logging_mixin.py:190} INFO - [2026-06-18T19:14:09.062+0000] {dag.py:4180} INFO - Setting next_dagrun for dataset_s3_bucket_producer_with_no_taskflow to None, run_after=None
[2026-06-18T19:14:09.160+0000] {processor.py:208} INFO - Processing /home/airflow/.local/lib/python3.12/site-packages/airflow/example_dags/example_dataset_alias_with_no_taskflow.py took 2.563 seconds
[2026-06-18T19:14:39.381+0000] {processor.py:186} INFO - Started process (PID=365) to work on /home/airflow/.local/lib/python3.12/site-packages/airflow/example_dags/example_dataset_alias_with_no_taskflow.py
[2026-06-18T19:14:39.384+0000] {processor.py:914} INFO - Processing file /home/airflow/.local/lib/python3.12/site-packages/airflow/example_dags/example_dataset_alias_with_no_taskflow.py for tasks to queue
[2026-06-18T19:14:39.391+0000] {logging_mixin.py:190} INFO - [2026-06-18T19:14:39.390+0000] {dagbag.py:588} INFO - Filling up the DagBag from /home/airflow/.local/lib/python3.12/site-packages/airflow/example_dags/example_dataset_alias_with_no_taskflow.py
[2026-06-18T19:14:40.294+0000] {processor.py:925} INFO - DAG(s) 'dataset_s3_bucket_producer_with_no_taskflow', 'dataset_s3_bucket_consumer_with_no_taskflow', 'dataset_alias_example_alias_consumer_with_no_taskflow', 'dataset_alias_example_alias_producer_with_no_taskflow' retrieved from /home/airflow/.local/lib/python3.12/site-packages/airflow/example_dags/example_dataset_alias_with_no_taskflow.py
[2026-06-18T19:14:40.332+0000] {logging_mixin.py:190} INFO - [2026-06-18T19:14:40.331+0000] {dag.py:3239} INFO - Sync 4 DAGs
[2026-06-18T19:14:40.363+0000] {logging_mixin.py:190} INFO - [2026-06-18T19:14:40.363+0000] {dag.py:4180} INFO - Setting next_dagrun for dataset_alias_example_alias_consumer_with_no_taskflow to None, run_after=None
[2026-06-18T19:14:40.369+0000] {logging_mixin.py:190} INFO - [2026-06-18T19:14:40.368+0000] {dag.py:4180} INFO - Setting next_dagrun for dataset_alias_example_alias_producer_with_no_taskflow to None, run_after=None
[2026-06-18T19:14:40.373+0000] {logging_mixin.py:190} INFO - [2026-06-18T19:14:40.372+0000] {dag.py:4180} INFO - Setting next_dagrun for dataset_s3_bucket_consumer_with_no_taskflow to None, run_after=None
[2026-06-18T19:14:40.376+0000] {logging_mixin.py:190} INFO - [2026-06-18T19:14:40.376+0000] {dag.py:4180} INFO - Setting next_dagrun for dataset_s3_bucket_producer_with_no_taskflow to None, run_after=None
[2026-06-18T19:14:40.412+0000] {processor.py:208} INFO - Processing /home/airflow/.local/lib/python3.12/site-packages/airflow/example_dags/example_dataset_alias_with_no_taskflow.py took 1.039 seconds
[2026-06-18T19:15:11.406+0000] {processor.py:186} INFO - Started process (PID=431) to work on /home/airflow/.local/lib/python3.12/site-packages/airflow/example_dags/example_dataset_alias_with_no_taskflow.py
[2026-06-18T19:15:11.412+0000] {processor.py:914} INFO - Processing file /home/airflow/.local/lib/python3.12/site-packages/airflow/example_dags/example_dataset_alias_with_no_taskflow.py for tasks to queue
[2026-06-18T19:15:11.423+0000] {logging_mixin.py:190} INFO - [2026-06-18T19:15:11.422+0000] {dagbag.py:588} INFO - Filling up the DagBag from /home/airflow/.local/lib/python3.12/site-packages/airflow/example_dags/example_dataset_alias_with_no_taskflow.py
[2026-06-18T19:15:13.815+0000] {processor.py:925} INFO - DAG(s) 'dataset_alias_example_alias_consumer_with_no_taskflow', 'dataset_alias_example_alias_producer_with_no_taskflow', 'dataset_s3_bucket_consumer_with_no_taskflow', 'dataset_s3_bucket_producer_with_no_taskflow' retrieved from /home/airflow/.local/lib/python3.12/site-packages/airflow/example_dags/example_dataset_alias_with_no_taskflow.py
[2026-06-18T19:15:13.876+0000] {logging_mixin.py:190} INFO - [2026-06-18T19:15:13.874+0000] {dag.py:3239} INFO - Sync 4 DAGs
[2026-06-18T19:15:13.946+0000] {logging_mixin.py:190} INFO - [2026-06-18T19:15:13.945+0000] {dag.py:4180} INFO - Setting next_dagrun for dataset_alias_example_alias_consumer_with_no_taskflow to None, run_after=None
[2026-06-18T19:15:13.958+0000] {logging_mixin.py:190} INFO - [2026-06-18T19:15:13.957+0000] {dag.py:4180} INFO - Setting next_dagrun for dataset_alias_example_alias_producer_with_no_taskflow to None, run_after=None
[2026-06-18T19:15:13.964+0000] {logging_mixin.py:190} INFO - [2026-06-18T19:15:13.964+0000] {dag.py:4180} INFO - Setting next_dagrun for dataset_s3_bucket_consumer_with_no_taskflow to None, run_after=None
[2026-06-18T19:15:13.970+0000] {logging_mixin.py:190} INFO - [2026-06-18T19:15:13.970+0000] {dag.py:4180} INFO - Setting next_dagrun for dataset_s3_bucket_producer_with_no_taskflow to None, run_after=None
[2026-06-18T19:15:14.051+0000] {processor.py:208} INFO - Processing /home/airflow/.local/lib/python3.12/site-packages/airflow/example_dags/example_dataset_alias_with_no_taskflow.py took 2.661 seconds
[2026-06-18T19:15:44.142+0000] {processor.py:186} INFO - Started process (PID=499) to work on /home/airflow/.local/lib/python3.12/site-packages/airflow/example_dags/example_dataset_alias_with_no_taskflow.py
[2026-06-18T19:15:44.145+0000] {processor.py:914} INFO - Processing file /home/airflow/.local/lib/python3.12/site-packages/airflow/example_dags/example_dataset_alias_with_no_taskflow.py for tasks to queue
[2026-06-18T19:15:44.148+0000] {logging_mixin.py:190} INFO - [2026-06-18T19:15:44.147+0000] {dagbag.py:588} INFO - Filling up the DagBag from /home/airflow/.local/lib/python3.12/site-packages/airflow/example_dags/example_dataset_alias_with_no_taskflow.py
[2026-06-18T19:15:44.882+0000] {processor.py:925} INFO - DAG(s) 'dataset_s3_bucket_consumer_with_no_taskflow', 'dataset_s3_bucket_producer_with_no_taskflow', 'dataset_alias_example_alias_producer_with_no_taskflow', 'dataset_alias_example_alias_consumer_with_no_taskflow' retrieved from /home/airflow/.local/lib/python3.12/site-packages/airflow/example_dags/example_dataset_alias_with_no_taskflow.py
[2026-06-18T19:15:44.906+0000] {logging_mixin.py:190} INFO - [2026-06-18T19:15:44.906+0000] {dag.py:3239} INFO - Sync 4 DAGs
[2026-06-18T19:15:44.935+0000] {logging_mixin.py:190} INFO - [2026-06-18T19:15:44.935+0000] {dag.py:4180} INFO - Setting next_dagrun for dataset_alias_example_alias_consumer_with_no_taskflow to None, run_after=None
[2026-06-18T19:15:44.940+0000] {logging_mixin.py:190} INFO - [2026-06-18T19:15:44.939+0000] {dag.py:4180} INFO - Setting next_dagrun for dataset_alias_example_alias_producer_with_no_taskflow to None, run_after=None
[2026-06-18T19:15:44.943+0000] {logging_mixin.py:190} INFO - [2026-06-18T19:15:44.942+0000] {dag.py:4180} INFO - Setting next_dagrun for dataset_s3_bucket_consumer_with_no_taskflow to None, run_after=None
[2026-06-18T19:15:44.945+0000] {logging_mixin.py:190} INFO - [2026-06-18T19:15:44.945+0000] {dag.py:4180} INFO - Setting next_dagrun for dataset_s3_bucket_producer_with_no_taskflow to None, run_after=None
[2026-06-18T19:15:44.968+0000] {processor.py:208} INFO - Processing /home/airflow/.local/lib/python3.12/site-packages/airflow/example_dags/example_dataset_alias_with_no_taskflow.py took 0.832 seconds
[2026-06-18T19:16:15.839+0000] {processor.py:186} INFO - Started process (PID=563) to work on /home/airflow/.local/lib/python3.12/site-packages/airflow/example_dags/example_dataset_alias_with_no_taskflow.py
[2026-06-18T19:16:15.843+0000] {processor.py:914} INFO - Processing file /home/airflow/.local/lib/python3.12/site-packages/airflow/example_dags/example_dataset_alias_with_no_taskflow.py for tasks to queue
[2026-06-18T19:16:15.850+0000] {logging_mixin.py:190} INFO - [2026-06-18T19:16:15.850+0000] {dagbag.py:588} INFO - Filling up the DagBag from /home/airflow/.local/lib/python3.12/site-packages/airflow/example_dags/example_dataset_alias_with_no_taskflow.py
[2026-06-18T19:16:16.823+0000] {processor.py:925} INFO - DAG(s) 'dataset_alias_example_alias_producer_with_no_taskflow', 'dataset_s3_bucket_consumer_with_no_taskflow', 'dataset_s3_bucket_producer_with_no_taskflow', 'dataset_alias_example_alias_consumer_with_no_taskflow' retrieved from /home/airflow/.local/lib/python3.12/site-packages/airflow/example_dags/example_dataset_alias_with_no_taskflow.py
[2026-06-18T19:16:16.858+0000] {logging_mixin.py:190} INFO - [2026-06-18T19:16:16.857+0000] {dag.py:3239} INFO - Sync 4 DAGs
[2026-06-18T19:16:16.894+0000] {logging_mixin.py:190} INFO - [2026-06-18T19:16:16.894+0000] {dag.py:4180} INFO - Setting next_dagrun for dataset_alias_example_alias_consumer_with_no_taskflow to None, run_after=None
[2026-06-18T19:16:16.900+0000] {logging_mixin.py:190} INFO - [2026-06-18T19:16:16.900+0000] {dag.py:4180} INFO - Setting next_dagrun for dataset_alias_example_alias_producer_with_no_taskflow to None, run_after=None
[2026-06-18T19:16:16.903+0000] {logging_mixin.py:190} INFO - [2026-06-18T19:16:16.903+0000] {dag.py:4180} INFO - Setting next_dagrun for dataset_s3_bucket_consumer_with_no_taskflow to None, run_after=None
[2026-06-18T19:16:16.907+0000] {logging_mixin.py:190} INFO - [2026-06-18T19:16:16.907+0000] {dag.py:4180} INFO - Setting next_dagrun for dataset_s3_bucket_producer_with_no_taskflow to None, run_after=None
[2026-06-18T19:16:16.939+0000] {processor.py:208} INFO - Processing /home/airflow/.local/lib/python3.12/site-packages/airflow/example_dags/example_dataset_alias_with_no_taskflow.py took 1.108 seconds
[2026-06-18T19:16:47.146+0000] {processor.py:186} INFO - Started process (PID=634) to work on /home/airflow/.local/lib/python3.12/site-packages/airflow/example_dags/example_dataset_alias_with_no_taskflow.py
[2026-06-18T19:16:47.151+0000] {processor.py:914} INFO - Processing file /home/airflow/.local/lib/python3.12/site-packages/airflow/example_dags/example_dataset_alias_with_no_taskflow.py for tasks to queue
[2026-06-18T19:16:47.158+0000] {logging_mixin.py:190} INFO - [2026-06-18T19:16:47.157+0000] {dagbag.py:588} INFO - Filling up the DagBag from /home/airflow/.local/lib/python3.12/site-packages/airflow/example_dags/example_dataset_alias_with_no_taskflow.py
[2026-06-18T19:16:47.936+0000] {processor.py:925} INFO - DAG(s) 'dataset_s3_bucket_producer_with_no_taskflow', 'dataset_alias_example_alias_producer_with_no_taskflow', 'dataset_alias_example_alias_consumer_with_no_taskflow', 'dataset_s3_bucket_consumer_with_no_taskflow' retrieved from /home/airflow/.local/lib/python3.12/site-packages/airflow/example_dags/example_dataset_alias_with_no_taskflow.py
[2026-06-18T19:16:47.962+0000] {logging_mixin.py:190} INFO - [2026-06-18T19:16:47.961+0000] {dag.py:3239} INFO - Sync 4 DAGs
[2026-06-18T19:16:47.992+0000] {logging_mixin.py:190} INFO - [2026-06-18T19:16:47.991+0000] {dag.py:4180} INFO - Setting next_dagrun for dataset_alias_example_alias_consumer_with_no_taskflow to None, run_after=None
[2026-06-18T19:16:47.997+0000] {logging_mixin.py:190} INFO - [2026-06-18T19:16:47.997+0000] {dag.py:4180} INFO - Setting next_dagrun for dataset_alias_example_alias_producer_with_no_taskflow to None, run_after=None
[2026-06-18T19:16:48.000+0000] {logging_mixin.py:190} INFO - [2026-06-18T19:16:48.000+0000] {dag.py:4180} INFO - Setting next_dagrun for dataset_s3_bucket_consumer_with_no_taskflow to None, run_after=None
[2026-06-18T19:16:48.004+0000] {logging_mixin.py:190} INFO - [2026-06-18T19:16:48.004+0000] {dag.py:4180} INFO - Setting next_dagrun for dataset_s3_bucket_producer_with_no_taskflow to None, run_after=None
[2026-06-18T19:16:48.044+0000] {processor.py:208} INFO - Processing /home/airflow/.local/lib/python3.12/site-packages/airflow/example_dags/example_dataset_alias_with_no_taskflow.py took 0.909 seconds
[2026-06-18T19:17:18.870+0000] {processor.py:186} INFO - Started process (PID=698) to work on /home/airflow/.local/lib/python3.12/site-packages/airflow/example_dags/example_dataset_alias_with_no_taskflow.py
[2026-06-18T19:17:18.873+0000] {processor.py:914} INFO - Processing file /home/airflow/.local/lib/python3.12/site-packages/airflow/example_dags/example_dataset_alias_with_no_taskflow.py for tasks to queue
[2026-06-18T19:17:18.877+0000] {logging_mixin.py:190} INFO - [2026-06-18T19:17:18.876+0000] {dagbag.py:588} INFO - Filling up the DagBag from /home/airflow/.local/lib/python3.12/site-packages/airflow/example_dags/example_dataset_alias_with_no_taskflow.py
[2026-06-18T19:17:19.557+0000] {processor.py:925} INFO - DAG(s) 'dataset_s3_bucket_consumer_with_no_taskflow', 'dataset_alias_example_alias_consumer_with_no_taskflow', 'dataset_s3_bucket_producer_with_no_taskflow', 'dataset_alias_example_alias_producer_with_no_taskflow' retrieved from /home/airflow/.local/lib/python3.12/site-packages/airflow/example_dags/example_dataset_alias_with_no_taskflow.py
[2026-06-18T19:17:19.581+0000] {logging_mixin.py:190} INFO - [2026-06-18T19:17:19.581+0000] {dag.py:3239} INFO - Sync 4 DAGs
[2026-06-18T19:17:19.610+0000] {logging_mixin.py:190} INFO - [2026-06-18T19:17:19.609+0000] {dag.py:4180} INFO - Setting next_dagrun for dataset_alias_example_alias_consumer_with_no_taskflow to None, run_after=None
[2026-06-18T19:17:19.614+0000] {logging_mixin.py:190} INFO - [2026-06-18T19:17:19.614+0000] {dag.py:4180} INFO - Setting next_dagrun for dataset_alias_example_alias_producer_with_no_taskflow to None, run_after=None
[2026-06-18T19:17:19.617+0000] {logging_mixin.py:190} INFO - [2026-06-18T19:17:19.617+0000] {dag.py:4180} INFO - Setting next_dagrun for dataset_s3_bucket_consumer_with_no_taskflow to None, run_after=None
[2026-06-18T19:17:19.620+0000] {logging_mixin.py:190} INFO - [2026-06-18T19:17:19.620+0000] {dag.py:4180} INFO - Setting next_dagrun for dataset_s3_bucket_producer_with_no_taskflow to None, run_after=None
[2026-06-18T19:17:19.644+0000] {processor.py:208} INFO - Processing /home/airflow/.local/lib/python3.12/site-packages/airflow/example_dags/example_dataset_alias_with_no_taskflow.py took 0.781 seconds
[2026-06-18T19:17:50.275+0000] {processor.py:186} INFO - Started process (PID=763) to work on /home/airflow/.local/lib/python3.12/site-packages/airflow/example_dags/example_dataset_alias_with_no_taskflow.py
[2026-06-18T19:17:50.282+0000] {processor.py:914} INFO - Processing file /home/airflow/.local/lib/python3.12/site-packages/airflow/example_dags/example_dataset_alias_with_no_taskflow.py for tasks to queue
[2026-06-18T19:17:50.293+0000] {logging_mixin.py:190} INFO - [2026-06-18T19:17:50.292+0000] {dagbag.py:588} INFO - Filling up the DagBag from /home/airflow/.local/lib/python3.12/site-packages/airflow/example_dags/example_dataset_alias_with_no_taskflow.py
[2026-06-18T19:17:52.822+0000] {processor.py:925} INFO - DAG(s) 'dataset_s3_bucket_consumer_with_no_taskflow', 'dataset_alias_example_alias_consumer_with_no_taskflow', 'dataset_s3_bucket_producer_with_no_taskflow', 'dataset_alias_example_alias_producer_with_no_taskflow' retrieved from /home/airflow/.local/lib/python3.12/site-packages/airflow/example_dags/example_dataset_alias_with_no_taskflow.py
[2026-06-18T19:17:52.912+0000] {logging_mixin.py:190} INFO - [2026-06-18T19:17:52.911+0000] {dag.py:3239} INFO - Sync 4 DAGs
[2026-06-18T19:17:53.013+0000] {logging_mixin.py:190} INFO - [2026-06-18T19:17:53.012+0000] {dag.py:4180} INFO - Setting next_dagrun for dataset_alias_example_alias_consumer_with_no_taskflow to None, run_after=None
[2026-06-18T19:17:53.024+0000] {logging_mixin.py:190} INFO - [2026-06-18T19:17:53.024+0000] {dag.py:4180} INFO - Setting next_dagrun for dataset_alias_example_alias_producer_with_no_taskflow to None, run_after=None
[2026-06-18T19:17:53.032+0000] {logging_mixin.py:190} INFO - [2026-06-18T19:17:53.031+0000] {dag.py:4180} INFO - Setting next_dagrun for dataset_s3_bucket_consumer_with_no_taskflow to None, run_after=None
[2026-06-18T19:17:53.039+0000] {logging_mixin.py:190} INFO - [2026-06-18T19:17:53.038+0000] {dag.py:4180} INFO - Setting next_dagrun for dataset_s3_bucket_producer_with_no_taskflow to None, run_after=None
[2026-06-18T19:17:53.121+0000] {processor.py:208} INFO - Processing /home/airflow/.local/lib/python3.12/site-packages/airflow/example_dags/example_dataset_alias_with_no_taskflow.py took 2.870 seconds
[2026-06-18T19:18:23.992+0000] {processor.py:186} INFO - Started process (PID=831) to work on /home/airflow/.local/lib/python3.12/site-packages/airflow/example_dags/example_dataset_alias_with_no_taskflow.py
[2026-06-18T19:18:23.996+0000] {processor.py:914} INFO - Processing file /home/airflow/.local/lib/python3.12/site-packages/airflow/example_dags/example_dataset_alias_with_no_taskflow.py for tasks to queue
[2026-06-18T19:18:24.001+0000] {logging_mixin.py:190} INFO - [2026-06-18T19:18:24.001+0000] {dagbag.py:588} INFO - Filling up the DagBag from /home/airflow/.local/lib/python3.12/site-packages/airflow/example_dags/example_dataset_alias_with_no_taskflow.py
[2026-06-18T19:18:25.673+0000] {processor.py:925} INFO - DAG(s) 'dataset_s3_bucket_consumer_with_no_taskflow', 'dataset_alias_example_alias_consumer_with_no_taskflow', 'dataset_s3_bucket_producer_with_no_taskflow', 'dataset_alias_example_alias_producer_with_no_taskflow' retrieved from /home/airflow/.local/lib/python3.12/site-packages/airflow/example_dags/example_dataset_alias_with_no_taskflow.py
[2026-06-18T19:18:25.726+0000] {logging_mixin.py:190} INFO - [2026-06-18T19:18:25.725+0000] {dag.py:3239} INFO - Sync 4 DAGs
[2026-06-18T19:18:25.796+0000] {logging_mixin.py:190} INFO - [2026-06-18T19:18:25.796+0000] {dag.py:4180} INFO - Setting next_dagrun for dataset_alias_example_alias_consumer_with_no_taskflow to None, run_after=None
[2026-06-18T19:18:25.804+0000] {logging_mixin.py:190} INFO - [2026-06-18T19:18:25.803+0000] {dag.py:4180} INFO - Setting next_dagrun for dataset_alias_example_alias_producer_with_no_taskflow to None, run_after=None
[2026-06-18T19:18:25.809+0000] {logging_mixin.py:190} INFO - [2026-06-18T19:18:25.808+0000] {dag.py:4180} INFO - Setting next_dagrun for dataset_s3_bucket_consumer_with_no_taskflow to None, run_after=None
[2026-06-18T19:18:25.813+0000] {logging_mixin.py:190} INFO - [2026-06-18T19:18:25.812+0000] {dag.py:4180} INFO - Setting next_dagrun for dataset_s3_bucket_producer_with_no_taskflow to None, run_after=None
[2026-06-18T19:18:25.868+0000] {processor.py:208} INFO - Processing /home/airflow/.local/lib/python3.12/site-packages/airflow/example_dags/example_dataset_alias_with_no_taskflow.py took 1.893 seconds
[2026-06-18T19:18:56.096+0000] {processor.py:186} INFO - Started process (PID=898) to work on /home/airflow/.local/lib/python3.12/site-packages/airflow/example_dags/example_dataset_alias_with_no_taskflow.py
[2026-06-18T19:18:56.098+0000] {processor.py:914} INFO - Processing file /home/airflow/.local/lib/python3.12/site-packages/airflow/example_dags/example_dataset_alias_with_no_taskflow.py for tasks to queue
[2026-06-18T19:18:56.101+0000] {logging_mixin.py:190} INFO - [2026-06-18T19:18:56.101+0000] {dagbag.py:588} INFO - Filling up the DagBag from /home/airflow/.local/lib/python3.12/site-packages/airflow/example_dags/example_dataset_alias_with_no_taskflow.py
[2026-06-18T19:18:56.748+0000] {processor.py:925} INFO - DAG(s) 'dataset_alias_example_alias_consumer_with_no_taskflow', 'dataset_s3_bucket_consumer_with_no_taskflow', 'dataset_alias_example_alias_producer_with_no_taskflow', 'dataset_s3_bucket_producer_with_no_taskflow' retrieved from /home/airflow/.local/lib/python3.12/site-packages/airflow/example_dags/example_dataset_alias_with_no_taskflow.py
[2026-06-18T19:18:56.770+0000] {logging_mixin.py:190} INFO - [2026-06-18T19:18:56.769+0000] {dag.py:3239} INFO - Sync 4 DAGs
[2026-06-18T19:18:56.795+0000] {logging_mixin.py:190} INFO - [2026-06-18T19:18:56.794+0000] {dag.py:4180} INFO - Setting next_dagrun for dataset_alias_example_alias_consumer_with_no_taskflow to None, run_after=None
[2026-06-18T19:18:56.799+0000] {logging_mixin.py:190} INFO - [2026-06-18T19:18:56.799+0000] {dag.py:4180} INFO - Setting next_dagrun for dataset_alias_example_alias_producer_with_no_taskflow to None, run_after=None
[2026-06-18T19:18:56.802+0000] {logging_mixin.py:190} INFO - [2026-06-18T19:18:56.802+0000] {dag.py:4180} INFO - Setting next_dagrun for dataset_s3_bucket_consumer_with_no_taskflow to None, run_after=None
[2026-06-18T19:18:56.804+0000] {logging_mixin.py:190} INFO - [2026-06-18T19:18:56.804+0000] {dag.py:4180} INFO - Setting next_dagrun for dataset_s3_bucket_producer_with_no_taskflow to None, run_after=None
[2026-06-18T19:18:56.838+0000] {processor.py:208} INFO - Processing /home/airflow/.local/lib/python3.12/site-packages/airflow/example_dags/example_dataset_alias_with_no_taskflow.py took 0.738 seconds
[2026-06-18T19:19:27.984+0000] {processor.py:186} INFO - Started process (PID=966) to work on /home/airflow/.local/lib/python3.12/site-packages/airflow/example_dags/example_dataset_alias_with_no_taskflow.py
[2026-06-18T19:19:27.988+0000] {processor.py:914} INFO - Processing file /home/airflow/.local/lib/python3.12/site-packages/airflow/example_dags/example_dataset_alias_with_no_taskflow.py for tasks to queue
[2026-06-18T19:19:27.995+0000] {logging_mixin.py:190} INFO - [2026-06-18T19:19:27.994+0000] {dagbag.py:588} INFO - Filling up the DagBag from /home/airflow/.local/lib/python3.12/site-packages/airflow/example_dags/example_dataset_alias_with_no_taskflow.py
[2026-06-18T19:19:29.385+0000] {processor.py:925} INFO - DAG(s) 'dataset_alias_example_alias_consumer_with_no_taskflow', 'dataset_alias_example_alias_producer_with_no_taskflow', 'dataset_s3_bucket_producer_with_no_taskflow', 'dataset_s3_bucket_consumer_with_no_taskflow' retrieved from /home/airflow/.local/lib/python3.12/site-packages/airflow/example_dags/example_dataset_alias_with_no_taskflow.py
[2026-06-18T19:19:29.475+0000] {logging_mixin.py:190} INFO - [2026-06-18T19:19:29.472+0000] {dag.py:3239} INFO - Sync 4 DAGs
[2026-06-18T19:19:29.573+0000] {logging_mixin.py:190} INFO - [2026-06-18T19:19:29.572+0000] {dag.py:4180} INFO - Setting next_dagrun for dataset_alias_example_alias_consumer_with_no_taskflow to None, run_after=None
[2026-06-18T19:19:29.583+0000] {logging_mixin.py:190} INFO - [2026-06-18T19:19:29.582+0000] {dag.py:4180} INFO - Setting next_dagrun for dataset_alias_example_alias_producer_with_no_taskflow to None, run_after=None
[2026-06-18T19:19:29.589+0000] {logging_mixin.py:190} INFO - [2026-06-18T19:19:29.589+0000] {dag.py:4180} INFO - Setting next_dagrun for dataset_s3_bucket_consumer_with_no_taskflow to None, run_after=None
[2026-06-18T19:19:29.594+0000] {logging_mixin.py:190} INFO - [2026-06-18T19:19:29.594+0000] {dag.py:4180} INFO - Setting next_dagrun for dataset_s3_bucket_producer_with_no_taskflow to None, run_after=None
[2026-06-18T19:19:29.647+0000] {processor.py:208} INFO - Processing /home/airflow/.local/lib/python3.12/site-packages/airflow/example_dags/example_dataset_alias_with_no_taskflow.py took 1.677 seconds
[2026-06-18T19:19:59.855+0000] {processor.py:186} INFO - Started process (PID=1035) to work on /home/airflow/.local/lib/python3.12/site-packages/airflow/example_dags/example_dataset_alias_with_no_taskflow.py
[2026-06-18T19:19:59.857+0000] {processor.py:914} INFO - Processing file /home/airflow/.local/lib/python3.12/site-packages/airflow/example_dags/example_dataset_alias_with_no_taskflow.py for tasks to queue
[2026-06-18T19:19:59.862+0000] {logging_mixin.py:190} INFO - [2026-06-18T19:19:59.862+0000] {dagbag.py:588} INFO - Filling up the DagBag from /home/airflow/.local/lib/python3.12/site-packages/airflow/example_dags/example_dataset_alias_with_no_taskflow.py
[2026-06-18T19:20:00.634+0000] {processor.py:925} INFO - DAG(s) 'dataset_alias_example_alias_producer_with_no_taskflow', 'dataset_s3_bucket_consumer_with_no_taskflow', 'dataset_s3_bucket_producer_with_no_taskflow', 'dataset_alias_example_alias_consumer_with_no_taskflow' retrieved from /home/airflow/.local/lib/python3.12/site-packages/airflow/example_dags/example_dataset_alias_with_no_taskflow.py
[2026-06-18T19:20:00.665+0000] {logging_mixin.py:190} INFO - [2026-06-18T19:20:00.664+0000] {dag.py:3239} INFO - Sync 4 DAGs
[2026-06-18T19:20:00.695+0000] {logging_mixin.py:190} INFO - [2026-06-18T19:20:00.695+0000] {dag.py:4180} INFO - Setting next_dagrun for dataset_alias_example_alias_consumer_with_no_taskflow to None, run_after=None
[2026-06-18T19:20:00.699+0000] {logging_mixin.py:190} INFO - [2026-06-18T19:20:00.699+0000] {dag.py:4180} INFO - Setting next_dagrun for dataset_alias_example_alias_producer_with_no_taskflow to None, run_after=None
[2026-06-18T19:20:00.703+0000] {logging_mixin.py:190} INFO - [2026-06-18T19:20:00.703+0000] {dag.py:4180} INFO - Setting next_dagrun for dataset_s3_bucket_consumer_with_no_taskflow to None, run_after=None
[2026-06-18T19:20:00.705+0000] {logging_mixin.py:190} INFO - [2026-06-18T19:20:00.705+0000] {dag.py:4180} INFO - Setting next_dagrun for dataset_s3_bucket_producer_with_no_taskflow to None, run_after=None
[2026-06-18T19:20:00.731+0000] {processor.py:208} INFO - Processing /home/airflow/.local/lib/python3.12/site-packages/airflow/example_dags/example_dataset_alias_with_no_taskflow.py took 0.886 seconds
[2026-06-18T19:20:31.010+0000] {processor.py:186} INFO - Started process (PID=1100) to work on /home/airflow/.local/lib/python3.12/site-packages/airflow/example_dags/example_dataset_alias_with_no_taskflow.py
[2026-06-18T19:20:31.015+0000] {processor.py:914} INFO - Processing file /home/airflow/.local/lib/python3.12/site-packages/airflow/example_dags/example_dataset_alias_with_no_taskflow.py for tasks to queue
[2026-06-18T19:20:31.025+0000] {logging_mixin.py:190} INFO - [2026-06-18T19:20:31.023+0000] {dagbag.py:588} INFO - Filling up the DagBag from /home/airflow/.local/lib/python3.12/site-packages/airflow/example_dags/example_dataset_alias_with_no_taskflow.py
[2026-06-18T19:20:32.264+0000] {processor.py:925} INFO - DAG(s) 'dataset_s3_bucket_producer_with_no_taskflow', 'dataset_alias_example_alias_consumer_with_no_taskflow', 'dataset_s3_bucket_consumer_with_no_taskflow', 'dataset_alias_example_alias_producer_with_no_taskflow' retrieved from /home/airflow/.local/lib/python3.12/site-packages/airflow/example_dags/example_dataset_alias_with_no_taskflow.py
[2026-06-18T19:20:32.302+0000] {logging_mixin.py:190} INFO - [2026-06-18T19:20:32.301+0000] {dag.py:3239} INFO - Sync 4 DAGs
[2026-06-18T19:20:32.341+0000] {logging_mixin.py:190} INFO - [2026-06-18T19:20:32.340+0000] {dag.py:4180} INFO - Setting next_dagrun for dataset_alias_example_alias_consumer_with_no_taskflow to None, run_after=None
[2026-06-18T19:20:32.357+0000] {logging_mixin.py:190} INFO - [2026-06-18T19:20:32.356+0000] {dag.py:4180} INFO - Setting next_dagrun for dataset_alias_example_alias_producer_with_no_taskflow to None, run_after=None
[2026-06-18T19:20:32.368+0000] {logging_mixin.py:190} INFO - [2026-06-18T19:20:32.367+0000] {dag.py:4180} INFO - Setting next_dagrun for dataset_s3_bucket_consumer_with_no_taskflow to None, run_after=None
[2026-06-18T19:20:32.374+0000] {logging_mixin.py:190} INFO - [2026-06-18T19:20:32.373+0000] {dag.py:4180} INFO - Setting next_dagrun for dataset_s3_bucket_producer_with_no_taskflow to None, run_after=None
[2026-06-18T19:20:32.422+0000] {processor.py:208} INFO - Processing /home/airflow/.local/lib/python3.12/site-packages/airflow/example_dags/example_dataset_alias_with_no_taskflow.py took 1.433 seconds
[2026-06-18T19:21:03.225+0000] {processor.py:186} INFO - Started process (PID=1170) to work on /home/airflow/.local/lib/python3.12/site-packages/airflow/example_dags/example_dataset_alias_with_no_taskflow.py
[2026-06-18T19:21:03.228+0000] {processor.py:914} INFO - Processing file /home/airflow/.local/lib/python3.12/site-packages/airflow/example_dags/example_dataset_alias_with_no_taskflow.py for tasks to queue
[2026-06-18T19:21:03.234+0000] {logging_mixin.py:190} INFO - [2026-06-18T19:21:03.233+0000] {dagbag.py:588} INFO - Filling up the DagBag from /home/airflow/.local/lib/python3.12/site-packages/airflow/example_dags/example_dataset_alias_with_no_taskflow.py
[2026-06-18T19:21:03.991+0000] {processor.py:925} INFO - DAG(s) 'dataset_s3_bucket_consumer_with_no_taskflow', 'dataset_s3_bucket_producer_with_no_taskflow', 'dataset_alias_example_alias_consumer_with_no_taskflow', 'dataset_alias_example_alias_producer_with_no_taskflow' retrieved from /home/airflow/.local/lib/python3.12/site-packages/airflow/example_dags/example_dataset_alias_with_no_taskflow.py
[2026-06-18T19:21:04.015+0000] {logging_mixin.py:190} INFO - [2026-06-18T19:21:04.014+0000] {dag.py:3239} INFO - Sync 4 DAGs
[2026-06-18T19:21:04.037+0000] {logging_mixin.py:190} INFO - [2026-06-18T19:21:04.037+0000] {dag.py:4180} INFO - Setting next_dagrun for dataset_alias_example_alias_consumer_with_no_taskflow to None, run_after=None
[2026-06-18T19:21:04.040+0000] {logging_mixin.py:190} INFO - [2026-06-18T19:21:04.040+0000] {dag.py:4180} INFO - Setting next_dagrun for dataset_alias_example_alias_producer_with_no_taskflow to None, run_after=None
[2026-06-18T19:21:04.043+0000] {logging_mixin.py:190} INFO - [2026-06-18T19:21:04.042+0000] {dag.py:4180} INFO - Setting next_dagrun for dataset_s3_bucket_consumer_with_no_taskflow to None, run_after=None
[2026-06-18T19:21:04.045+0000] {logging_mixin.py:190} INFO - [2026-06-18T19:21:04.044+0000] {dag.py:4180} INFO - Setting next_dagrun for dataset_s3_bucket_producer_with_no_taskflow to None, run_after=None
[2026-06-18T19:21:04.065+0000] {processor.py:208} INFO - Processing /home/airflow/.local/lib/python3.12/site-packages/airflow/example_dags/example_dataset_alias_with_no_taskflow.py took 0.853 seconds
[2026-06-18T19:21:34.903+0000] {processor.py:186} INFO - Started process (PID=1238) to work on /home/airflow/.local/lib/python3.12/site-packages/airflow/example_dags/example_dataset_alias_with_no_taskflow.py
[2026-06-18T19:21:34.906+0000] {processor.py:914} INFO - Processing file /home/airflow/.local/lib/python3.12/site-packages/airflow/example_dags/example_dataset_alias_with_no_taskflow.py for tasks to queue
[2026-06-18T19:21:34.912+0000] {logging_mixin.py:190} INFO - [2026-06-18T19:21:34.911+0000] {dagbag.py:588} INFO - Filling up the DagBag from /home/airflow/.local/lib/python3.12/site-packages/airflow/example_dags/example_dataset_alias_with_no_taskflow.py
[2026-06-18T19:21:36.090+0000] {processor.py:925} INFO - DAG(s) 'dataset_alias_example_alias_producer_with_no_taskflow', 'dataset_s3_bucket_producer_with_no_taskflow', 'dataset_alias_example_alias_consumer_with_no_taskflow', 'dataset_s3_bucket_consumer_with_no_taskflow' retrieved from /home/airflow/.local/lib/python3.12/site-packages/airflow/example_dags/example_dataset_alias_with_no_taskflow.py
[2026-06-18T19:21:36.163+0000] {logging_mixin.py:190} INFO - [2026-06-18T19:21:36.161+0000] {dag.py:3239} INFO - Sync 4 DAGs
[2026-06-18T19:21:36.220+0000] {logging_mixin.py:190} INFO - [2026-06-18T19:21:36.220+0000] {dag.py:4180} INFO - Setting next_dagrun for dataset_alias_example_alias_consumer_with_no_taskflow to None, run_after=None
[2026-06-18T19:21:36.230+0000] {logging_mixin.py:190} INFO - [2026-06-18T19:21:36.229+0000] {dag.py:4180} INFO - Setting next_dagrun for dataset_alias_example_alias_producer_with_no_taskflow to None, run_after=None
[2026-06-18T19:21:36.237+0000] {logging_mixin.py:190} INFO - [2026-06-18T19:21:36.236+0000] {dag.py:4180} INFO - Setting next_dagrun for dataset_s3_bucket_consumer_with_no_taskflow to None, run_after=None
[2026-06-18T19:21:36.243+0000] {logging_mixin.py:190} INFO - [2026-06-18T19:21:36.243+0000] {dag.py:4180} INFO - Setting next_dagrun for dataset_s3_bucket_producer_with_no_taskflow to None, run_after=None
[2026-06-18T19:21:36.294+0000] {processor.py:208} INFO - Processing /home/airflow/.local/lib/python3.12/site-packages/airflow/example_dags/example_dataset_alias_with_no_taskflow.py took 1.403 seconds
[2026-06-18T19:22:08.339+0000] {processor.py:186} INFO - Started process (PID=1307) to work on /home/airflow/.local/lib/python3.12/site-packages/airflow/example_dags/example_dataset_alias_with_no_taskflow.py
[2026-06-18T19:22:08.346+0000] {processor.py:914} INFO - Processing file /home/airflow/.local/lib/python3.12/site-packages/airflow/example_dags/example_dataset_alias_with_no_taskflow.py for tasks to queue
[2026-06-18T19:22:08.354+0000] {logging_mixin.py:190} INFO - [2026-06-18T19:22:08.353+0000] {dagbag.py:588} INFO - Filling up the DagBag from /home/airflow/.local/lib/python3.12/site-packages/airflow/example_dags/example_dataset_alias_with_no_taskflow.py
[2026-06-18T19:22:09.517+0000] {processor.py:925} INFO - DAG(s) 'dataset_alias_example_alias_consumer_with_no_taskflow', 'dataset_alias_example_alias_producer_with_no_taskflow', 'dataset_s3_bucket_consumer_with_no_taskflow', 'dataset_s3_bucket_producer_with_no_taskflow' retrieved from /home/airflow/.local/lib/python3.12/site-packages/airflow/example_dags/example_dataset_alias_with_no_taskflow.py
[2026-06-18T19:22:09.581+0000] {logging_mixin.py:190} INFO - [2026-06-18T19:22:09.580+0000] {dag.py:3239} INFO - Sync 4 DAGs
[2026-06-18T19:22:09.635+0000] {logging_mixin.py:190} INFO - [2026-06-18T19:22:09.634+0000] {dag.py:4180} INFO - Setting next_dagrun for dataset_alias_example_alias_consumer_with_no_taskflow to None, run_after=None
[2026-06-18T19:22:09.644+0000] {logging_mixin.py:190} INFO - [2026-06-18T19:22:09.643+0000] {dag.py:4180} INFO - Setting next_dagrun for dataset_alias_example_alias_producer_with_no_taskflow to None, run_after=None
[2026-06-18T19:22:09.650+0000] {logging_mixin.py:190} INFO - [2026-06-18T19:22:09.649+0000] {dag.py:4180} INFO - Setting next_dagrun for dataset_s3_bucket_consumer_with_no_taskflow to None, run_after=None
[2026-06-18T19:22:09.654+0000] {logging_mixin.py:190} INFO - [2026-06-18T19:22:09.654+0000] {dag.py:4180} INFO - Setting next_dagrun for dataset_s3_bucket_producer_with_no_taskflow to None, run_after=None
[2026-06-18T19:22:09.700+0000] {processor.py:208} INFO - Processing /home/airflow/.local/lib/python3.12/site-packages/airflow/example_dags/example_dataset_alias_with_no_taskflow.py took 1.374 seconds
[2026-06-18T19:22:40.438+0000] {processor.py:186} INFO - Started process (PID=1375) to work on /home/airflow/.local/lib/python3.12/site-packages/airflow/example_dags/example_dataset_alias_with_no_taskflow.py
[2026-06-18T19:22:40.441+0000] {processor.py:914} INFO - Processing file /home/airflow/.local/lib/python3.12/site-packages/airflow/example_dags/example_dataset_alias_with_no_taskflow.py for tasks to queue
[2026-06-18T19:22:40.445+0000] {logging_mixin.py:190} INFO - [2026-06-18T19:22:40.445+0000] {dagbag.py:588} INFO - Filling up the DagBag from /home/airflow/.local/lib/python3.12/site-packages/airflow/example_dags/example_dataset_alias_with_no_taskflow.py
[2026-06-18T19:22:41.220+0000] {processor.py:925} INFO - DAG(s) 'dataset_alias_example_alias_consumer_with_no_taskflow', 'dataset_alias_example_alias_producer_with_no_taskflow', 'dataset_s3_bucket_producer_with_no_taskflow', 'dataset_s3_bucket_consumer_with_no_taskflow' retrieved from /home/airflow/.local/lib/python3.12/site-packages/airflow/example_dags/example_dataset_alias_with_no_taskflow.py
[2026-06-18T19:22:41.243+0000] {logging_mixin.py:190} INFO - [2026-06-18T19:22:41.243+0000] {dag.py:3239} INFO - Sync 4 DAGs
[2026-06-18T19:22:41.269+0000] {logging_mixin.py:190} INFO - [2026-06-18T19:22:41.269+0000] {dag.py:4180} INFO - Setting next_dagrun for dataset_alias_example_alias_consumer_with_no_taskflow to None, run_after=None
[2026-06-18T19:22:41.273+0000] {logging_mixin.py:190} INFO - [2026-06-18T19:22:41.273+0000] {dag.py:4180} INFO - Setting next_dagrun for dataset_alias_example_alias_producer_with_no_taskflow to None, run_after=None
[2026-06-18T19:22:41.276+0000] {logging_mixin.py:190} INFO - [2026-06-18T19:22:41.276+0000] {dag.py:4180} INFO - Setting next_dagrun for dataset_s3_bucket_consumer_with_no_taskflow to None, run_after=None
[2026-06-18T19:22:41.279+0000] {logging_mixin.py:190} INFO - [2026-06-18T19:22:41.279+0000] {dag.py:4180} INFO - Setting next_dagrun for dataset_s3_bucket_producer_with_no_taskflow to None, run_after=None
[2026-06-18T19:22:41.303+0000] {processor.py:208} INFO - Processing /home/airflow/.local/lib/python3.12/site-packages/airflow/example_dags/example_dataset_alias_with_no_taskflow.py took 0.873 seconds
[2026-06-18T19:23:15.151+0000] {processor.py:186} INFO - Started process (PID=1439) to work on /home/airflow/.local/lib/python3.12/site-packages/airflow/example_dags/example_dataset_alias_with_no_taskflow.py
[2026-06-18T19:23:15.157+0000] {processor.py:914} INFO - Processing file /home/airflow/.local/lib/python3.12/site-packages/airflow/example_dags/example_dataset_alias_with_no_taskflow.py for tasks to queue
[2026-06-18T19:23:15.166+0000] {logging_mixin.py:190} INFO - [2026-06-18T19:23:15.165+0000] {dagbag.py:588} INFO - Filling up the DagBag from /home/airflow/.local/lib/python3.12/site-packages/airflow/example_dags/example_dataset_alias_with_no_taskflow.py
[2026-06-18T19:23:16.568+0000] {processor.py:925} INFO - DAG(s) 'dataset_s3_bucket_consumer_with_no_taskflow', 'dataset_s3_bucket_producer_with_no_taskflow', 'dataset_alias_example_alias_consumer_with_no_taskflow', 'dataset_alias_example_alias_producer_with_no_taskflow' retrieved from /home/airflow/.local/lib/python3.12/site-packages/airflow/example_dags/example_dataset_alias_with_no_taskflow.py
[2026-06-18T19:23:16.631+0000] {logging_mixin.py:190} INFO - [2026-06-18T19:23:16.630+0000] {dag.py:3239} INFO - Sync 4 DAGs
[2026-06-18T19:23:16.688+0000] {logging_mixin.py:190} INFO - [2026-06-18T19:23:16.687+0000] {dag.py:4180} INFO - Setting next_dagrun for dataset_alias_example_alias_consumer_with_no_taskflow to None, run_after=None
[2026-06-18T19:23:16.699+0000] {logging_mixin.py:190} INFO - [2026-06-18T19:23:16.698+0000] {dag.py:4180} INFO - Setting next_dagrun for dataset_alias_example_alias_producer_with_no_taskflow to None, run_after=None
[2026-06-18T19:23:16.705+0000] {logging_mixin.py:190} INFO - [2026-06-18T19:23:16.704+0000] {dag.py:4180} INFO - Setting next_dagrun for dataset_s3_bucket_consumer_with_no_taskflow to None, run_after=None
[2026-06-18T19:23:16.710+0000] {logging_mixin.py:190} INFO - [2026-06-18T19:23:16.710+0000] {dag.py:4180} INFO - Setting next_dagrun for dataset_s3_bucket_producer_with_no_taskflow to None, run_after=None
[2026-06-18T19:23:16.764+0000] {processor.py:208} INFO - Processing /home/airflow/.local/lib/python3.12/site-packages/airflow/example_dags/example_dataset_alias_with_no_taskflow.py took 1.632 seconds
[2026-06-18T19:23:47.228+0000] {processor.py:186} INFO - Started process (PID=1506) to work on /home/airflow/.local/lib/python3.12/site-packages/airflow/example_dags/example_dataset_alias_with_no_taskflow.py
[2026-06-18T19:23:47.234+0000] {processor.py:914} INFO - Processing file /home/airflow/.local/lib/python3.12/site-packages/airflow/example_dags/example_dataset_alias_with_no_taskflow.py for tasks to queue
[2026-06-18T19:23:47.244+0000] {logging_mixin.py:190} INFO - [2026-06-18T19:23:47.243+0000] {dagbag.py:588} INFO - Filling up the DagBag from /home/airflow/.local/lib/python3.12/site-packages/airflow/example_dags/example_dataset_alias_with_no_taskflow.py
[2026-06-18T19:23:48.643+0000] {processor.py:925} INFO - DAG(s) 'dataset_alias_example_alias_producer_with_no_taskflow', 'dataset_s3_bucket_producer_with_no_taskflow', 'dataset_s3_bucket_consumer_with_no_taskflow', 'dataset_alias_example_alias_consumer_with_no_taskflow' retrieved from /home/airflow/.local/lib/python3.12/site-packages/airflow/example_dags/example_dataset_alias_with_no_taskflow.py
[2026-06-18T19:23:48.679+0000] {logging_mixin.py:190} INFO - [2026-06-18T19:23:48.678+0000] {dag.py:3239} INFO - Sync 4 DAGs
[2026-06-18T19:23:48.715+0000] {logging_mixin.py:190} INFO - [2026-06-18T19:23:48.715+0000] {dag.py:4180} INFO - Setting next_dagrun for dataset_alias_example_alias_consumer_with_no_taskflow to None, run_after=None
[2026-06-18T19:23:48.722+0000] {logging_mixin.py:190} INFO - [2026-06-18T19:23:48.722+0000] {dag.py:4180} INFO - Setting next_dagrun for dataset_alias_example_alias_producer_with_no_taskflow to None, run_after=None
[2026-06-18T19:23:48.726+0000] {logging_mixin.py:190} INFO - [2026-06-18T19:23:48.726+0000] {dag.py:4180} INFO - Setting next_dagrun for dataset_s3_bucket_consumer_with_no_taskflow to None, run_after=None
[2026-06-18T19:23:48.732+0000] {logging_mixin.py:190} INFO - [2026-06-18T19:23:48.732+0000] {dag.py:4180} INFO - Setting next_dagrun for dataset_s3_bucket_producer_with_no_taskflow to None, run_after=None
[2026-06-18T19:23:48.777+0000] {processor.py:208} INFO - Processing /home/airflow/.local/lib/python3.12/site-packages/airflow/example_dags/example_dataset_alias_with_no_taskflow.py took 1.565 seconds
[2026-06-18T19:24:19.155+0000] {processor.py:186} INFO - Started process (PID=1577) to work on /home/airflow/.local/lib/python3.12/site-packages/airflow/example_dags/example_dataset_alias_with_no_taskflow.py
[2026-06-18T19:24:19.158+0000] {processor.py:914} INFO - Processing file /home/airflow/.local/lib/python3.12/site-packages/airflow/example_dags/example_dataset_alias_with_no_taskflow.py for tasks to queue
[2026-06-18T19:24:19.161+0000] {logging_mixin.py:190} INFO - [2026-06-18T19:24:19.161+0000] {dagbag.py:588} INFO - Filling up the DagBag from /home/airflow/.local/lib/python3.12/site-packages/airflow/example_dags/example_dataset_alias_with_no_taskflow.py
[2026-06-18T19:24:19.702+0000] {processor.py:925} INFO - DAG(s) 'dataset_s3_bucket_consumer_with_no_taskflow', 'dataset_s3_bucket_producer_with_no_taskflow', 'dataset_alias_example_alias_consumer_with_no_taskflow', 'dataset_alias_example_alias_producer_with_no_taskflow' retrieved from /home/airflow/.local/lib/python3.12/site-packages/airflow/example_dags/example_dataset_alias_with_no_taskflow.py
[2026-06-18T19:24:19.722+0000] {logging_mixin.py:190} INFO - [2026-06-18T19:24:19.721+0000] {dag.py:3239} INFO - Sync 4 DAGs
[2026-06-18T19:24:19.741+0000] {logging_mixin.py:190} INFO - [2026-06-18T19:24:19.741+0000] {dag.py:4180} INFO - Setting next_dagrun for dataset_alias_example_alias_consumer_with_no_taskflow to None, run_after=None
[2026-06-18T19:24:19.744+0000] {logging_mixin.py:190} INFO - [2026-06-18T19:24:19.744+0000] {dag.py:4180} INFO - Setting next_dagrun for dataset_alias_example_alias_producer_with_no_taskflow to None, run_after=None
[2026-06-18T19:24:19.747+0000] {logging_mixin.py:190} INFO - [2026-06-18T19:24:19.747+0000] {dag.py:4180} INFO - Setting next_dagrun for dataset_s3_bucket_consumer_with_no_taskflow to None, run_after=None
[2026-06-18T19:24:19.749+0000] {logging_mixin.py:190} INFO - [2026-06-18T19:24:19.749+0000] {dag.py:4180} INFO - Setting next_dagrun for dataset_s3_bucket_producer_with_no_taskflow to None, run_after=None
[2026-06-18T19:24:19.775+0000] {processor.py:208} INFO - Processing /home/airflow/.local/lib/python3.12/site-packages/airflow/example_dags/example_dataset_alias_with_no_taskflow.py took 0.625 seconds
[2026-06-18T19:24:50.698+0000] {processor.py:186} INFO - Started process (PID=1641) to work on /home/airflow/.local/lib/python3.12/site-packages/airflow/example_dags/example_dataset_alias_with_no_taskflow.py
[2026-06-18T19:24:50.708+0000] {processor.py:914} INFO - Processing file /home/airflow/.local/lib/python3.12/site-packages/airflow/example_dags/example_dataset_alias_with_no_taskflow.py for tasks to queue
[2026-06-18T19:24:50.723+0000] {logging_mixin.py:190} INFO - [2026-06-18T19:24:50.721+0000] {dagbag.py:588} INFO - Filling up the DagBag from /home/airflow/.local/lib/python3.12/site-packages/airflow/example_dags/example_dataset_alias_with_no_taskflow.py
[2026-06-18T19:24:51.817+0000] {processor.py:925} INFO - DAG(s) 'dataset_alias_example_alias_consumer_with_no_taskflow', 'dataset_alias_example_alias_producer_with_no_taskflow', 'dataset_s3_bucket_producer_with_no_taskflow', 'dataset_s3_bucket_consumer_with_no_taskflow' retrieved from /home/airflow/.local/lib/python3.12/site-packages/airflow/example_dags/example_dataset_alias_with_no_taskflow.py
[2026-06-18T19:24:51.853+0000] {logging_mixin.py:190} INFO - [2026-06-18T19:24:51.852+0000] {dag.py:3239} INFO - Sync 4 DAGs
[2026-06-18T19:24:51.890+0000] {logging_mixin.py:190} INFO - [2026-06-18T19:24:51.889+0000] {dag.py:4180} INFO - Setting next_dagrun for dataset_alias_example_alias_consumer_with_no_taskflow to None, run_after=None
[2026-06-18T19:24:51.895+0000] {logging_mixin.py:190} INFO - [2026-06-18T19:24:51.895+0000] {dag.py:4180} INFO - Setting next_dagrun for dataset_alias_example_alias_producer_with_no_taskflow to None, run_after=None
[2026-06-18T19:24:51.899+0000] {logging_mixin.py:190} INFO - [2026-06-18T19:24:51.898+0000] {dag.py:4180} INFO - Setting next_dagrun for dataset_s3_bucket_consumer_with_no_taskflow to None, run_after=None
[2026-06-18T19:24:51.902+0000] {logging_mixin.py:190} INFO - [2026-06-18T19:24:51.901+0000] {dag.py:4180} INFO - Setting next_dagrun for dataset_s3_bucket_producer_with_no_taskflow to None, run_after=None
[2026-06-18T19:24:51.929+0000] {processor.py:208} INFO - Processing /home/airflow/.local/lib/python3.12/site-packages/airflow/example_dags/example_dataset_alias_with_no_taskflow.py took 1.267 seconds
[2026-06-18T19:25:22.921+0000] {processor.py:186} INFO - Started process (PID=1705) to work on /home/airflow/.local/lib/python3.12/site-packages/airflow/example_dags/example_dataset_alias_with_no_taskflow.py
[2026-06-18T19:25:22.931+0000] {processor.py:914} INFO - Processing file /home/airflow/.local/lib/python3.12/site-packages/airflow/example_dags/example_dataset_alias_with_no_taskflow.py for tasks to queue
[2026-06-18T19:25:22.944+0000] {logging_mixin.py:190} INFO - [2026-06-18T19:25:22.943+0000] {dagbag.py:588} INFO - Filling up the DagBag from /home/airflow/.local/lib/python3.12/site-packages/airflow/example_dags/example_dataset_alias_with_no_taskflow.py
[2026-06-18T19:25:24.605+0000] {processor.py:925} INFO - DAG(s) 'dataset_alias_example_alias_producer_with_no_taskflow', 'dataset_s3_bucket_producer_with_no_taskflow', 'dataset_s3_bucket_consumer_with_no_taskflow', 'dataset_alias_example_alias_consumer_with_no_taskflow' retrieved from /home/airflow/.local/lib/python3.12/site-packages/airflow/example_dags/example_dataset_alias_with_no_taskflow.py
[2026-06-18T19:25:24.649+0000] {logging_mixin.py:190} INFO - [2026-06-18T19:25:24.648+0000] {dag.py:3239} INFO - Sync 4 DAGs
[2026-06-18T19:25:24.699+0000] {logging_mixin.py:190} INFO - [2026-06-18T19:25:24.699+0000] {dag.py:4180} INFO - Setting next_dagrun for dataset_alias_example_alias_consumer_with_no_taskflow to None, run_after=None
[2026-06-18T19:25:24.709+0000] {logging_mixin.py:190} INFO - [2026-06-18T19:25:24.709+0000] {dag.py:4180} INFO - Setting next_dagrun for dataset_alias_example_alias_producer_with_no_taskflow to None, run_after=None
[2026-06-18T19:25:24.715+0000] {logging_mixin.py:190} INFO - [2026-06-18T19:25:24.714+0000] {dag.py:4180} INFO - Setting next_dagrun for dataset_s3_bucket_consumer_with_no_taskflow to None, run_after=None
[2026-06-18T19:25:24.719+0000] {logging_mixin.py:190} INFO - [2026-06-18T19:25:24.719+0000] {dag.py:4180} INFO - Setting next_dagrun for dataset_s3_bucket_producer_with_no_taskflow to None, run_after=None
[2026-06-18T19:25:24.764+0000] {processor.py:208} INFO - Processing /home/airflow/.local/lib/python3.12/site-packages/airflow/example_dags/example_dataset_alias_with_no_taskflow.py took 1.889 seconds
[2026-06-18T19:25:57.025+0000] {processor.py:186} INFO - Started process (PID=1761) to work on /home/airflow/.local/lib/python3.12/site-packages/airflow/example_dags/example_dataset_alias_with_no_taskflow.py
[2026-06-18T19:25:57.030+0000] {processor.py:914} INFO - Processing file /home/airflow/.local/lib/python3.12/site-packages/airflow/example_dags/example_dataset_alias_with_no_taskflow.py for tasks to queue
[2026-06-18T19:25:57.048+0000] {logging_mixin.py:190} INFO - [2026-06-18T19:25:57.047+0000] {dagbag.py:588} INFO - Filling up the DagBag from /home/airflow/.local/lib/python3.12/site-packages/airflow/example_dags/example_dataset_alias_with_no_taskflow.py
[2026-06-18T19:25:59.872+0000] {processor.py:925} INFO - DAG(s) 'dataset_s3_bucket_consumer_with_no_taskflow', 'dataset_alias_example_alias_producer_with_no_taskflow', 'dataset_alias_example_alias_consumer_with_no_taskflow', 'dataset_s3_bucket_producer_with_no_taskflow' retrieved from /home/airflow/.local/lib/python3.12/site-packages/airflow/example_dags/example_dataset_alias_with_no_taskflow.py
[2026-06-18T19:25:59.976+0000] {logging_mixin.py:190} INFO - [2026-06-18T19:25:59.975+0000] {dag.py:3239} INFO - Sync 4 DAGs
[2026-06-18T19:26:00.086+0000] {logging_mixin.py:190} INFO - [2026-06-18T19:26:00.084+0000] {dag.py:4180} INFO - Setting next_dagrun for dataset_alias_example_alias_consumer_with_no_taskflow to None, run_after=None
[2026-06-18T19:26:00.099+0000] {logging_mixin.py:190} INFO - [2026-06-18T19:26:00.098+0000] {dag.py:4180} INFO - Setting next_dagrun for dataset_alias_example_alias_producer_with_no_taskflow to None, run_after=None
[2026-06-18T19:26:00.106+0000] {logging_mixin.py:190} INFO - [2026-06-18T19:26:00.106+0000] {dag.py:4180} INFO - Setting next_dagrun for dataset_s3_bucket_consumer_with_no_taskflow to None, run_after=None
[2026-06-18T19:26:00.113+0000] {logging_mixin.py:190} INFO - [2026-06-18T19:26:00.112+0000] {dag.py:4180} INFO - Setting next_dagrun for dataset_s3_bucket_producer_with_no_taskflow to None, run_after=None
[2026-06-18T19:26:00.211+0000] {processor.py:208} INFO - Processing /home/airflow/.local/lib/python3.12/site-packages/airflow/example_dags/example_dataset_alias_with_no_taskflow.py took 3.239 seconds
[2026-06-18T19:26:30.433+0000] {processor.py:186} INFO - Started process (PID=1829) to work on /home/airflow/.local/lib/python3.12/site-packages/airflow/example_dags/example_dataset_alias_with_no_taskflow.py
[2026-06-18T19:26:30.437+0000] {processor.py:914} INFO - Processing file /home/airflow/.local/lib/python3.12/site-packages/airflow/example_dags/example_dataset_alias_with_no_taskflow.py for tasks to queue
[2026-06-18T19:26:30.442+0000] {logging_mixin.py:190} INFO - [2026-06-18T19:26:30.442+0000] {dagbag.py:588} INFO - Filling up the DagBag from /home/airflow/.local/lib/python3.12/site-packages/airflow/example_dags/example_dataset_alias_with_no_taskflow.py
[2026-06-18T19:26:32.112+0000] {processor.py:925} INFO - DAG(s) 'dataset_s3_bucket_consumer_with_no_taskflow', 'dataset_s3_bucket_producer_with_no_taskflow', 'dataset_alias_example_alias_producer_with_no_taskflow', 'dataset_alias_example_alias_consumer_with_no_taskflow' retrieved from /home/airflow/.local/lib/python3.12/site-packages/airflow/example_dags/example_dataset_alias_with_no_taskflow.py
[2026-06-18T19:26:32.175+0000] {logging_mixin.py:190} INFO - [2026-06-18T19:26:32.174+0000] {dag.py:3239} INFO - Sync 4 DAGs
[2026-06-18T19:26:32.255+0000] {logging_mixin.py:190} INFO - [2026-06-18T19:26:32.255+0000] {dag.py:4180} INFO - Setting next_dagrun for dataset_alias_example_alias_consumer_with_no_taskflow to None, run_after=None
[2026-06-18T19:26:32.266+0000] {logging_mixin.py:190} INFO - [2026-06-18T19:26:32.266+0000] {dag.py:4180} INFO - Setting next_dagrun for dataset_alias_example_alias_producer_with_no_taskflow to None, run_after=None
[2026-06-18T19:26:32.272+0000] {logging_mixin.py:190} INFO - [2026-06-18T19:26:32.271+0000] {dag.py:4180} INFO - Setting next_dagrun for dataset_s3_bucket_consumer_with_no_taskflow to None, run_after=None
[2026-06-18T19:26:32.278+0000] {logging_mixin.py:190} INFO - [2026-06-18T19:26:32.277+0000] {dag.py:4180} INFO - Setting next_dagrun for dataset_s3_bucket_producer_with_no_taskflow to None, run_after=None
[2026-06-18T19:26:32.327+0000] {processor.py:208} INFO - Processing /home/airflow/.local/lib/python3.12/site-packages/airflow/example_dags/example_dataset_alias_with_no_taskflow.py took 1.904 seconds
[2026-06-18T19:27:03.019+0000] {processor.py:186} INFO - Started process (PID=1898) to work on /home/airflow/.local/lib/python3.12/site-packages/airflow/example_dags/example_dataset_alias_with_no_taskflow.py
[2026-06-18T19:27:03.038+0000] {processor.py:914} INFO - Processing file /home/airflow/.local/lib/python3.12/site-packages/airflow/example_dags/example_dataset_alias_with_no_taskflow.py for tasks to queue
[2026-06-18T19:27:03.051+0000] {logging_mixin.py:190} INFO - [2026-06-18T19:27:03.050+0000] {dagbag.py:588} INFO - Filling up the DagBag from /home/airflow/.local/lib/python3.12/site-packages/airflow/example_dags/example_dataset_alias_with_no_taskflow.py
[2026-06-18T19:27:05.555+0000] {processor.py:925} INFO - DAG(s) 'dataset_s3_bucket_producer_with_no_taskflow', 'dataset_s3_bucket_consumer_with_no_taskflow', 'dataset_alias_example_alias_consumer_with_no_taskflow', 'dataset_alias_example_alias_producer_with_no_taskflow' retrieved from /home/airflow/.local/lib/python3.12/site-packages/airflow/example_dags/example_dataset_alias_with_no_taskflow.py
[2026-06-18T19:27:05.685+0000] {logging_mixin.py:190} INFO - [2026-06-18T19:27:05.679+0000] {dag.py:3239} INFO - Sync 4 DAGs
[2026-06-18T19:27:05.811+0000] {logging_mixin.py:190} INFO - [2026-06-18T19:27:05.810+0000] {dag.py:4180} INFO - Setting next_dagrun for dataset_alias_example_alias_consumer_with_no_taskflow to None, run_after=None
[2026-06-18T19:27:05.827+0000] {logging_mixin.py:190} INFO - [2026-06-18T19:27:05.826+0000] {dag.py:4180} INFO - Setting next_dagrun for dataset_alias_example_alias_producer_with_no_taskflow to None, run_after=None
[2026-06-18T19:27:05.849+0000] {logging_mixin.py:190} INFO - [2026-06-18T19:27:05.848+0000] {dag.py:4180} INFO - Setting next_dagrun for dataset_s3_bucket_consumer_with_no_taskflow to None, run_after=None
[2026-06-18T19:27:05.863+0000] {logging_mixin.py:190} INFO - [2026-06-18T19:27:05.862+0000] {dag.py:4180} INFO - Setting next_dagrun for dataset_s3_bucket_producer_with_no_taskflow to None, run_after=None
[2026-06-18T19:27:05.951+0000] {processor.py:208} INFO - Processing /home/airflow/.local/lib/python3.12/site-packages/airflow/example_dags/example_dataset_alias_with_no_taskflow.py took 2.985 seconds
[2026-06-18T19:27:36.546+0000] {processor.py:186} INFO - Started process (PID=1962) to work on /home/airflow/.local/lib/python3.12/site-packages/airflow/example_dags/example_dataset_alias_with_no_taskflow.py
[2026-06-18T19:27:36.550+0000] {processor.py:914} INFO - Processing file /home/airflow/.local/lib/python3.12/site-packages/airflow/example_dags/example_dataset_alias_with_no_taskflow.py for tasks to queue
[2026-06-18T19:27:36.554+0000] {logging_mixin.py:190} INFO - [2026-06-18T19:27:36.553+0000] {dagbag.py:588} INFO - Filling up the DagBag from /home/airflow/.local/lib/python3.12/site-packages/airflow/example_dags/example_dataset_alias_with_no_taskflow.py
[2026-06-18T19:27:37.163+0000] {processor.py:925} INFO - DAG(s) 'dataset_s3_bucket_producer_with_no_taskflow', 'dataset_alias_example_alias_consumer_with_no_taskflow', 'dataset_alias_example_alias_producer_with_no_taskflow', 'dataset_s3_bucket_consumer_with_no_taskflow' retrieved from /home/airflow/.local/lib/python3.12/site-packages/airflow/example_dags/example_dataset_alias_with_no_taskflow.py
[2026-06-18T19:27:37.197+0000] {logging_mixin.py:190} INFO - [2026-06-18T19:27:37.196+0000] {dag.py:3239} INFO - Sync 4 DAGs
[2026-06-18T19:27:37.233+0000] {logging_mixin.py:190} INFO - [2026-06-18T19:27:37.232+0000] {dag.py:4180} INFO - Setting next_dagrun for dataset_alias_example_alias_consumer_with_no_taskflow to None, run_after=None
[2026-06-18T19:27:37.238+0000] {logging_mixin.py:190} INFO - [2026-06-18T19:27:37.238+0000] {dag.py:4180} INFO - Setting next_dagrun for dataset_alias_example_alias_producer_with_no_taskflow to None, run_after=None
[2026-06-18T19:27:37.242+0000] {logging_mixin.py:190} INFO - [2026-06-18T19:27:37.241+0000] {dag.py:4180} INFO - Setting next_dagrun for dataset_s3_bucket_consumer_with_no_taskflow to None, run_after=None
[2026-06-18T19:27:37.246+0000] {logging_mixin.py:190} INFO - [2026-06-18T19:27:37.246+0000] {dag.py:4180} INFO - Setting next_dagrun for dataset_s3_bucket_producer_with_no_taskflow to None, run_after=None
[2026-06-18T19:27:37.277+0000] {processor.py:208} INFO - Processing /home/airflow/.local/lib/python3.12/site-packages/airflow/example_dags/example_dataset_alias_with_no_taskflow.py took 0.736 seconds
[2026-06-18T19:28:07.835+0000] {processor.py:186} INFO - Started process (PID=2026) to work on /home/airflow/.local/lib/python3.12/site-packages/airflow/example_dags/example_dataset_alias_with_no_taskflow.py
[2026-06-18T19:28:07.842+0000] {processor.py:914} INFO - Processing file /home/airflow/.local/lib/python3.12/site-packages/airflow/example_dags/example_dataset_alias_with_no_taskflow.py for tasks to queue
[2026-06-18T19:28:07.850+0000] {logging_mixin.py:190} INFO - [2026-06-18T19:28:07.849+0000] {dagbag.py:588} INFO - Filling up the DagBag from /home/airflow/.local/lib/python3.12/site-packages/airflow/example_dags/example_dataset_alias_with_no_taskflow.py
[2026-06-18T19:28:08.984+0000] {processor.py:925} INFO - DAG(s) 'dataset_alias_example_alias_producer_with_no_taskflow', 'dataset_alias_example_alias_consumer_with_no_taskflow', 'dataset_s3_bucket_consumer_with_no_taskflow', 'dataset_s3_bucket_producer_with_no_taskflow' retrieved from /home/airflow/.local/lib/python3.12/site-packages/airflow/example_dags/example_dataset_alias_with_no_taskflow.py
[2026-06-18T19:28:09.022+0000] {logging_mixin.py:190} INFO - [2026-06-18T19:28:09.021+0000] {dag.py:3239} INFO - Sync 4 DAGs
[2026-06-18T19:28:09.059+0000] {logging_mixin.py:190} INFO - [2026-06-18T19:28:09.058+0000] {dag.py:4180} INFO - Setting next_dagrun for dataset_alias_example_alias_consumer_with_no_taskflow to None, run_after=None
[2026-06-18T19:28:09.064+0000] {logging_mixin.py:190} INFO - [2026-06-18T19:28:09.063+0000] {dag.py:4180} INFO - Setting next_dagrun for dataset_alias_example_alias_producer_with_no_taskflow to None, run_after=None
[2026-06-18T19:28:09.067+0000] {logging_mixin.py:190} INFO - [2026-06-18T19:28:09.067+0000] {dag.py:4180} INFO - Setting next_dagrun for dataset_s3_bucket_consumer_with_no_taskflow to None, run_after=None
[2026-06-18T19:28:09.070+0000] {logging_mixin.py:190} INFO - [2026-06-18T19:28:09.070+0000] {dag.py:4180} INFO - Setting next_dagrun for dataset_s3_bucket_producer_with_no_taskflow to None, run_after=None
[2026-06-18T19:28:09.103+0000] {processor.py:208} INFO - Processing /home/airflow/.local/lib/python3.12/site-packages/airflow/example_dags/example_dataset_alias_with_no_taskflow.py took 1.281 seconds
[2026-06-18T19:28:39.513+0000] {processor.py:186} INFO - Started process (PID=2090) to work on /home/airflow/.local/lib/python3.12/site-packages/airflow/example_dags/example_dataset_alias_with_no_taskflow.py
[2026-06-18T19:28:39.517+0000] {processor.py:914} INFO - Processing file /home/airflow/.local/lib/python3.12/site-packages/airflow/example_dags/example_dataset_alias_with_no_taskflow.py for tasks to queue
[2026-06-18T19:28:39.522+0000] {logging_mixin.py:190} INFO - [2026-06-18T19:28:39.521+0000] {dagbag.py:588} INFO - Filling up the DagBag from /home/airflow/.local/lib/python3.12/site-packages/airflow/example_dags/example_dataset_alias_with_no_taskflow.py
[2026-06-18T19:28:40.626+0000] {processor.py:925} INFO - DAG(s) 'dataset_alias_example_alias_producer_with_no_taskflow', 'dataset_alias_example_alias_consumer_with_no_taskflow', 'dataset_s3_bucket_consumer_with_no_taskflow', 'dataset_s3_bucket_producer_with_no_taskflow' retrieved from /home/airflow/.local/lib/python3.12/site-packages/airflow/example_dags/example_dataset_alias_with_no_taskflow.py
[2026-06-18T19:28:40.690+0000] {logging_mixin.py:190} INFO - [2026-06-18T19:28:40.689+0000] {dag.py:3239} INFO - Sync 4 DAGs
[2026-06-18T19:28:40.742+0000] {logging_mixin.py:190} INFO - [2026-06-18T19:28:40.742+0000] {dag.py:4180} INFO - Setting next_dagrun for dataset_alias_example_alias_consumer_with_no_taskflow to None, run_after=None
[2026-06-18T19:28:40.749+0000] {logging_mixin.py:190} INFO - [2026-06-18T19:28:40.749+0000] {dag.py:4180} INFO - Setting next_dagrun for dataset_alias_example_alias_producer_with_no_taskflow to None, run_after=None
[2026-06-18T19:28:40.754+0000] {logging_mixin.py:190} INFO - [2026-06-18T19:28:40.753+0000] {dag.py:4180} INFO - Setting next_dagrun for dataset_s3_bucket_consumer_with_no_taskflow to None, run_after=None
[2026-06-18T19:28:40.759+0000] {logging_mixin.py:190} INFO - [2026-06-18T19:28:40.758+0000] {dag.py:4180} INFO - Setting next_dagrun for dataset_s3_bucket_producer_with_no_taskflow to None, run_after=None
[2026-06-18T19:28:40.799+0000] {processor.py:208} INFO - Processing /home/airflow/.local/lib/python3.12/site-packages/airflow/example_dags/example_dataset_alias_with_no_taskflow.py took 1.296 seconds
[2026-06-18T19:29:11.766+0000] {processor.py:186} INFO - Started process (PID=2155) to work on /home/airflow/.local/lib/python3.12/site-packages/airflow/example_dags/example_dataset_alias_with_no_taskflow.py
[2026-06-18T19:29:11.774+0000] {processor.py:914} INFO - Processing file /home/airflow/.local/lib/python3.12/site-packages/airflow/example_dags/example_dataset_alias_with_no_taskflow.py for tasks to queue
[2026-06-18T19:29:11.783+0000] {logging_mixin.py:190} INFO - [2026-06-18T19:29:11.782+0000] {dagbag.py:588} INFO - Filling up the DagBag from /home/airflow/.local/lib/python3.12/site-packages/airflow/example_dags/example_dataset_alias_with_no_taskflow.py
[2026-06-18T19:29:13.300+0000] {processor.py:925} INFO - DAG(s) 'dataset_s3_bucket_consumer_with_no_taskflow', 'dataset_s3_bucket_producer_with_no_taskflow', 'dataset_alias_example_alias_consumer_with_no_taskflow', 'dataset_alias_example_alias_producer_with_no_taskflow' retrieved from /home/airflow/.local/lib/python3.12/site-packages/airflow/example_dags/example_dataset_alias_with_no_taskflow.py
[2026-06-18T19:29:13.347+0000] {logging_mixin.py:190} INFO - [2026-06-18T19:29:13.346+0000] {dag.py:3239} INFO - Sync 4 DAGs
[2026-06-18T19:29:13.390+0000] {logging_mixin.py:190} INFO - [2026-06-18T19:29:13.389+0000] {dag.py:4180} INFO - Setting next_dagrun for dataset_alias_example_alias_consumer_with_no_taskflow to None, run_after=None
[2026-06-18T19:29:13.397+0000] {logging_mixin.py:190} INFO - [2026-06-18T19:29:13.396+0000] {dag.py:4180} INFO - Setting next_dagrun for dataset_alias_example_alias_producer_with_no_taskflow to None, run_after=None
[2026-06-18T19:29:13.401+0000] {logging_mixin.py:190} INFO - [2026-06-18T19:29:13.401+0000] {dag.py:4180} INFO - Setting next_dagrun for dataset_s3_bucket_consumer_with_no_taskflow to None, run_after=None
[2026-06-18T19:29:13.405+0000] {logging_mixin.py:190} INFO - [2026-06-18T19:29:13.405+0000] {dag.py:4180} INFO - Setting next_dagrun for dataset_s3_bucket_producer_with_no_taskflow to None, run_after=None
[2026-06-18T19:29:13.447+0000] {processor.py:208} INFO - Processing /home/airflow/.local/lib/python3.12/site-packages/airflow/example_dags/example_dataset_alias_with_no_taskflow.py took 1.706 seconds
[2026-06-18T19:29:44.172+0000] {processor.py:186} INFO - Started process (PID=2220) to work on /home/airflow/.local/lib/python3.12/site-packages/airflow/example_dags/example_dataset_alias_with_no_taskflow.py
[2026-06-18T19:29:44.175+0000] {processor.py:914} INFO - Processing file /home/airflow/.local/lib/python3.12/site-packages/airflow/example_dags/example_dataset_alias_with_no_taskflow.py for tasks to queue
[2026-06-18T19:29:44.178+0000] {logging_mixin.py:190} INFO - [2026-06-18T19:29:44.178+0000] {dagbag.py:588} INFO - Filling up the DagBag from /home/airflow/.local/lib/python3.12/site-packages/airflow/example_dags/example_dataset_alias_with_no_taskflow.py
[2026-06-18T19:29:44.779+0000] {processor.py:925} INFO - DAG(s) 'dataset_alias_example_alias_consumer_with_no_taskflow', 'dataset_alias_example_alias_producer_with_no_taskflow', 'dataset_s3_bucket_consumer_with_no_taskflow', 'dataset_s3_bucket_producer_with_no_taskflow' retrieved from /home/airflow/.local/lib/python3.12/site-packages/airflow/example_dags/example_dataset_alias_with_no_taskflow.py
[2026-06-18T19:29:44.804+0000] {logging_mixin.py:190} INFO - [2026-06-18T19:29:44.803+0000] {dag.py:3239} INFO - Sync 4 DAGs
[2026-06-18T19:29:44.827+0000] {logging_mixin.py:190} INFO - [2026-06-18T19:29:44.826+0000] {dag.py:4180} INFO - Setting next_dagrun for dataset_alias_example_alias_consumer_with_no_taskflow to None, run_after=None
[2026-06-18T19:29:44.831+0000] {logging_mixin.py:190} INFO - [2026-06-18T19:29:44.830+0000] {dag.py:4180} INFO - Setting next_dagrun for dataset_alias_example_alias_producer_with_no_taskflow to None, run_after=None
[2026-06-18T19:29:44.833+0000] {logging_mixin.py:190} INFO - [2026-06-18T19:29:44.833+0000] {dag.py:4180} INFO - Setting next_dagrun for dataset_s3_bucket_consumer_with_no_taskflow to None, run_after=None
[2026-06-18T19:29:44.836+0000] {logging_mixin.py:190} INFO - [2026-06-18T19:29:44.836+0000] {dag.py:4180} INFO - Setting next_dagrun for dataset_s3_bucket_producer_with_no_taskflow to None, run_after=None
[2026-06-18T19:29:44.857+0000] {processor.py:208} INFO - Processing /home/airflow/.local/lib/python3.12/site-packages/airflow/example_dags/example_dataset_alias_with_no_taskflow.py took 0.691 seconds
[2026-06-18T19:30:15.446+0000] {processor.py:186} INFO - Started process (PID=2284) to work on /home/airflow/.local/lib/python3.12/site-packages/airflow/example_dags/example_dataset_alias_with_no_taskflow.py
[2026-06-18T19:30:15.451+0000] {processor.py:914} INFO - Processing file /home/airflow/.local/lib/python3.12/site-packages/airflow/example_dags/example_dataset_alias_with_no_taskflow.py for tasks to queue
[2026-06-18T19:30:15.460+0000] {logging_mixin.py:190} INFO - [2026-06-18T19:30:15.458+0000] {dagbag.py:588} INFO - Filling up the DagBag from /home/airflow/.local/lib/python3.12/site-packages/airflow/example_dags/example_dataset_alias_with_no_taskflow.py
[2026-06-18T19:30:17.117+0000] {processor.py:925} INFO - DAG(s) 'dataset_alias_example_alias_producer_with_no_taskflow', 'dataset_s3_bucket_producer_with_no_taskflow', 'dataset_s3_bucket_consumer_with_no_taskflow', 'dataset_alias_example_alias_consumer_with_no_taskflow' retrieved from /home/airflow/.local/lib/python3.12/site-packages/airflow/example_dags/example_dataset_alias_with_no_taskflow.py
[2026-06-18T19:30:17.192+0000] {logging_mixin.py:190} INFO - [2026-06-18T19:30:17.190+0000] {dag.py:3239} INFO - Sync 4 DAGs
[2026-06-18T19:30:17.269+0000] {logging_mixin.py:190} INFO - [2026-06-18T19:30:17.269+0000] {dag.py:4180} INFO - Setting next_dagrun for dataset_alias_example_alias_consumer_with_no_taskflow to None, run_after=None
[2026-06-18T19:30:17.280+0000] {logging_mixin.py:190} INFO - [2026-06-18T19:30:17.279+0000] {dag.py:4180} INFO - Setting next_dagrun for dataset_alias_example_alias_producer_with_no_taskflow to None, run_after=None
[2026-06-18T19:30:17.287+0000] {logging_mixin.py:190} INFO - [2026-06-18T19:30:17.286+0000] {dag.py:4180} INFO - Setting next_dagrun for dataset_s3_bucket_consumer_with_no_taskflow to None, run_after=None
[2026-06-18T19:30:17.293+0000] {logging_mixin.py:190} INFO - [2026-06-18T19:30:17.292+0000] {dag.py:4180} INFO - Setting next_dagrun for dataset_s3_bucket_producer_with_no_taskflow to None, run_after=None
[2026-06-18T19:30:17.354+0000] {processor.py:208} INFO - Processing /home/airflow/.local/lib/python3.12/site-packages/airflow/example_dags/example_dataset_alias_with_no_taskflow.py took 1.925 seconds
