[2026-06-18T19:12:18.884+0000] {processor.py:186} INFO - Started process (PID=86) to work on /home/airflow/.local/lib/python3.12/site-packages/airflow/example_dags/example_bash_operator.py
[2026-06-18T19:12:18.886+0000] {processor.py:914} INFO - Processing file /home/airflow/.local/lib/python3.12/site-packages/airflow/example_dags/example_bash_operator.py for tasks to queue
[2026-06-18T19:12:18.890+0000] {logging_mixin.py:190} INFO - [2026-06-18T19:12:18.890+0000] {dagbag.py:588} INFO - Filling up the DagBag from /home/airflow/.local/lib/python3.12/site-packages/airflow/example_dags/example_bash_operator.py
[2026-06-18T19:12:18.917+0000] {processor.py:925} INFO - DAG(s) 'example_bash_operator' retrieved from /home/airflow/.local/lib/python3.12/site-packages/airflow/example_dags/example_bash_operator.py
[2026-06-18T19:12:19.001+0000] {logging_mixin.py:190} INFO - [2026-06-18T19:12:19.001+0000] {dag.py:3239} INFO - Sync 1 DAGs
[2026-06-18T19:12:19.061+0000] {logging_mixin.py:190} INFO - [2026-06-18T19:12:19.060+0000] {dag.py:4180} INFO - Setting next_dagrun for example_bash_operator to 2026-06-17 00:00:00+00:00, run_after=2026-06-18 00:00:00+00:00
[2026-06-18T19:12:19.094+0000] {processor.py:208} INFO - Processing /home/airflow/.local/lib/python3.12/site-packages/airflow/example_dags/example_bash_operator.py took 0.218 seconds
[2026-06-18T19:12:50.041+0000] {processor.py:186} INFO - Started process (PID=149) to work on /home/airflow/.local/lib/python3.12/site-packages/airflow/example_dags/example_bash_operator.py
[2026-06-18T19:12:50.044+0000] {processor.py:914} INFO - Processing file /home/airflow/.local/lib/python3.12/site-packages/airflow/example_dags/example_bash_operator.py for tasks to queue
[2026-06-18T19:12:50.054+0000] {logging_mixin.py:190} INFO - [2026-06-18T19:12:50.053+0000] {dagbag.py:588} INFO - Filling up the DagBag from /home/airflow/.local/lib/python3.12/site-packages/airflow/example_dags/example_bash_operator.py
[2026-06-18T19:12:50.089+0000] {processor.py:925} INFO - DAG(s) 'example_bash_operator' retrieved from /home/airflow/.local/lib/python3.12/site-packages/airflow/example_dags/example_bash_operator.py
[2026-06-18T19:12:50.176+0000] {logging_mixin.py:190} INFO - [2026-06-18T19:12:50.176+0000] {dag.py:3239} INFO - Sync 1 DAGs
[2026-06-18T19:12:50.286+0000] {logging_mixin.py:190} INFO - [2026-06-18T19:12:50.285+0000] {dag.py:4180} INFO - Setting next_dagrun for example_bash_operator to 2026-06-17 00:00:00+00:00, run_after=2026-06-18 00:00:00+00:00
[2026-06-18T19:12:50.373+0000] {processor.py:208} INFO - Processing /home/airflow/.local/lib/python3.12/site-packages/airflow/example_dags/example_bash_operator.py took 0.352 seconds
[2026-06-18T19:13:20.836+0000] {processor.py:186} INFO - Started process (PID=213) to work on /home/airflow/.local/lib/python3.12/site-packages/airflow/example_dags/example_bash_operator.py
[2026-06-18T19:13:20.840+0000] {processor.py:914} INFO - Processing file /home/airflow/.local/lib/python3.12/site-packages/airflow/example_dags/example_bash_operator.py for tasks to queue
[2026-06-18T19:13:20.858+0000] {logging_mixin.py:190} INFO - [2026-06-18T19:13:20.856+0000] {dagbag.py:588} INFO - Filling up the DagBag from /home/airflow/.local/lib/python3.12/site-packages/airflow/example_dags/example_bash_operator.py
[2026-06-18T19:13:20.958+0000] {processor.py:925} INFO - DAG(s) 'example_bash_operator' retrieved from /home/airflow/.local/lib/python3.12/site-packages/airflow/example_dags/example_bash_operator.py
[2026-06-18T19:13:21.139+0000] {logging_mixin.py:190} INFO - [2026-06-18T19:13:21.138+0000] {dag.py:3239} INFO - Sync 1 DAGs
[2026-06-18T19:13:21.250+0000] {logging_mixin.py:190} INFO - [2026-06-18T19:13:21.250+0000] {dag.py:4180} INFO - Setting next_dagrun for example_bash_operator to 2026-06-17 00:00:00+00:00, run_after=2026-06-18 00:00:00+00:00
[2026-06-18T19:13:21.329+0000] {processor.py:208} INFO - Processing /home/airflow/.local/lib/python3.12/site-packages/airflow/example_dags/example_bash_operator.py took 0.512 seconds
[2026-06-18T19:13:52.075+0000] {processor.py:186} INFO - Started process (PID=277) to work on /home/airflow/.local/lib/python3.12/site-packages/airflow/example_dags/example_bash_operator.py
[2026-06-18T19:13:52.083+0000] {processor.py:914} INFO - Processing file /home/airflow/.local/lib/python3.12/site-packages/airflow/example_dags/example_bash_operator.py for tasks to queue
[2026-06-18T19:13:52.108+0000] {logging_mixin.py:190} INFO - [2026-06-18T19:13:52.107+0000] {dagbag.py:588} INFO - Filling up the DagBag from /home/airflow/.local/lib/python3.12/site-packages/airflow/example_dags/example_bash_operator.py
[2026-06-18T19:13:52.198+0000] {processor.py:925} INFO - DAG(s) 'example_bash_operator' retrieved from /home/airflow/.local/lib/python3.12/site-packages/airflow/example_dags/example_bash_operator.py
[2026-06-18T19:13:52.353+0000] {logging_mixin.py:190} INFO - [2026-06-18T19:13:52.351+0000] {dag.py:3239} INFO - Sync 1 DAGs
[2026-06-18T19:13:52.541+0000] {logging_mixin.py:190} INFO - [2026-06-18T19:13:52.540+0000] {dag.py:4180} INFO - Setting next_dagrun for example_bash_operator to 2026-06-17 00:00:00+00:00, run_after=2026-06-18 00:00:00+00:00
[2026-06-18T19:13:52.605+0000] {processor.py:208} INFO - Processing /home/airflow/.local/lib/python3.12/site-packages/airflow/example_dags/example_bash_operator.py took 0.567 seconds
[2026-06-18T19:14:23.500+0000] {processor.py:186} INFO - Started process (PID=341) to work on /home/airflow/.local/lib/python3.12/site-packages/airflow/example_dags/example_bash_operator.py
[2026-06-18T19:14:23.504+0000] {processor.py:914} INFO - Processing file /home/airflow/.local/lib/python3.12/site-packages/airflow/example_dags/example_bash_operator.py for tasks to queue
[2026-06-18T19:14:23.509+0000] {logging_mixin.py:190} INFO - [2026-06-18T19:14:23.508+0000] {dagbag.py:588} INFO - Filling up the DagBag from /home/airflow/.local/lib/python3.12/site-packages/airflow/example_dags/example_bash_operator.py
[2026-06-18T19:14:23.532+0000] {processor.py:925} INFO - DAG(s) 'example_bash_operator' retrieved from /home/airflow/.local/lib/python3.12/site-packages/airflow/example_dags/example_bash_operator.py
[2026-06-18T19:14:23.595+0000] {logging_mixin.py:190} INFO - [2026-06-18T19:14:23.594+0000] {dag.py:3239} INFO - Sync 1 DAGs
[2026-06-18T19:14:23.641+0000] {logging_mixin.py:190} INFO - [2026-06-18T19:14:23.640+0000] {dag.py:4180} INFO - Setting next_dagrun for example_bash_operator to 2026-06-17 00:00:00+00:00, run_after=2026-06-18 00:00:00+00:00
[2026-06-18T19:14:23.676+0000] {processor.py:208} INFO - Processing /home/airflow/.local/lib/python3.12/site-packages/airflow/example_dags/example_bash_operator.py took 0.191 seconds
[2026-06-18T19:14:54.989+0000] {processor.py:186} INFO - Started process (PID=405) to work on /home/airflow/.local/lib/python3.12/site-packages/airflow/example_dags/example_bash_operator.py
[2026-06-18T19:14:55.011+0000] {processor.py:914} INFO - Processing file /home/airflow/.local/lib/python3.12/site-packages/airflow/example_dags/example_bash_operator.py for tasks to queue
[2026-06-18T19:14:55.029+0000] {logging_mixin.py:190} INFO - [2026-06-18T19:14:55.028+0000] {dagbag.py:588} INFO - Filling up the DagBag from /home/airflow/.local/lib/python3.12/site-packages/airflow/example_dags/example_bash_operator.py
[2026-06-18T19:14:55.129+0000] {processor.py:925} INFO - DAG(s) 'example_bash_operator' retrieved from /home/airflow/.local/lib/python3.12/site-packages/airflow/example_dags/example_bash_operator.py
[2026-06-18T19:14:55.323+0000] {logging_mixin.py:190} INFO - [2026-06-18T19:14:55.323+0000] {dag.py:3239} INFO - Sync 1 DAGs
[2026-06-18T19:14:55.517+0000] {logging_mixin.py:190} INFO - [2026-06-18T19:14:55.517+0000] {dag.py:4180} INFO - Setting next_dagrun for example_bash_operator to 2026-06-17 00:00:00+00:00, run_after=2026-06-18 00:00:00+00:00
[2026-06-18T19:14:55.643+0000] {processor.py:208} INFO - Processing /home/airflow/.local/lib/python3.12/site-packages/airflow/example_dags/example_bash_operator.py took 0.697 seconds
[2026-06-18T19:15:25.992+0000] {processor.py:186} INFO - Started process (PID=469) to work on /home/airflow/.local/lib/python3.12/site-packages/airflow/example_dags/example_bash_operator.py
[2026-06-18T19:15:25.998+0000] {processor.py:914} INFO - Processing file /home/airflow/.local/lib/python3.12/site-packages/airflow/example_dags/example_bash_operator.py for tasks to queue
[2026-06-18T19:15:26.008+0000] {logging_mixin.py:190} INFO - [2026-06-18T19:15:26.007+0000] {dagbag.py:588} INFO - Filling up the DagBag from /home/airflow/.local/lib/python3.12/site-packages/airflow/example_dags/example_bash_operator.py
[2026-06-18T19:15:26.068+0000] {processor.py:925} INFO - DAG(s) 'example_bash_operator' retrieved from /home/airflow/.local/lib/python3.12/site-packages/airflow/example_dags/example_bash_operator.py
[2026-06-18T19:15:26.152+0000] {logging_mixin.py:190} INFO - [2026-06-18T19:15:26.151+0000] {dag.py:3239} INFO - Sync 1 DAGs
[2026-06-18T19:15:26.266+0000] {logging_mixin.py:190} INFO - [2026-06-18T19:15:26.265+0000] {dag.py:4180} INFO - Setting next_dagrun for example_bash_operator to 2026-06-17 00:00:00+00:00, run_after=2026-06-18 00:00:00+00:00
[2026-06-18T19:15:26.352+0000] {processor.py:208} INFO - Processing /home/airflow/.local/lib/python3.12/site-packages/airflow/example_dags/example_bash_operator.py took 0.383 seconds
[2026-06-18T19:15:56.715+0000] {processor.py:186} INFO - Started process (PID=533) to work on /home/airflow/.local/lib/python3.12/site-packages/airflow/example_dags/example_bash_operator.py
[2026-06-18T19:15:56.719+0000] {processor.py:914} INFO - Processing file /home/airflow/.local/lib/python3.12/site-packages/airflow/example_dags/example_bash_operator.py for tasks to queue
[2026-06-18T19:15:56.726+0000] {logging_mixin.py:190} INFO - [2026-06-18T19:15:56.725+0000] {dagbag.py:588} INFO - Filling up the DagBag from /home/airflow/.local/lib/python3.12/site-packages/airflow/example_dags/example_bash_operator.py
[2026-06-18T19:15:56.760+0000] {processor.py:925} INFO - DAG(s) 'example_bash_operator' retrieved from /home/airflow/.local/lib/python3.12/site-packages/airflow/example_dags/example_bash_operator.py
[2026-06-18T19:15:56.812+0000] {logging_mixin.py:190} INFO - [2026-06-18T19:15:56.811+0000] {dag.py:3239} INFO - Sync 1 DAGs
[2026-06-18T19:15:56.875+0000] {logging_mixin.py:190} INFO - [2026-06-18T19:15:56.875+0000] {dag.py:4180} INFO - Setting next_dagrun for example_bash_operator to 2026-06-17 00:00:00+00:00, run_after=2026-06-18 00:00:00+00:00
[2026-06-18T19:15:56.946+0000] {processor.py:208} INFO - Processing /home/airflow/.local/lib/python3.12/site-packages/airflow/example_dags/example_bash_operator.py took 0.249 seconds
[2026-06-18T19:16:27.812+0000] {processor.py:186} INFO - Started process (PID=597) to work on /home/airflow/.local/lib/python3.12/site-packages/airflow/example_dags/example_bash_operator.py
[2026-06-18T19:16:27.814+0000] {processor.py:914} INFO - Processing file /home/airflow/.local/lib/python3.12/site-packages/airflow/example_dags/example_bash_operator.py for tasks to queue
[2026-06-18T19:16:27.819+0000] {logging_mixin.py:190} INFO - [2026-06-18T19:16:27.818+0000] {dagbag.py:588} INFO - Filling up the DagBag from /home/airflow/.local/lib/python3.12/site-packages/airflow/example_dags/example_bash_operator.py
[2026-06-18T19:16:27.839+0000] {processor.py:925} INFO - DAG(s) 'example_bash_operator' retrieved from /home/airflow/.local/lib/python3.12/site-packages/airflow/example_dags/example_bash_operator.py
[2026-06-18T19:16:27.876+0000] {logging_mixin.py:190} INFO - [2026-06-18T19:16:27.875+0000] {dag.py:3239} INFO - Sync 1 DAGs
[2026-06-18T19:16:27.908+0000] {logging_mixin.py:190} INFO - [2026-06-18T19:16:27.907+0000] {dag.py:4180} INFO - Setting next_dagrun for example_bash_operator to 2026-06-17 00:00:00+00:00, run_after=2026-06-18 00:00:00+00:00
[2026-06-18T19:16:27.937+0000] {processor.py:208} INFO - Processing /home/airflow/.local/lib/python3.12/site-packages/airflow/example_dags/example_bash_operator.py took 0.134 seconds
[2026-06-18T19:16:58.426+0000] {processor.py:186} INFO - Started process (PID=661) to work on /home/airflow/.local/lib/python3.12/site-packages/airflow/example_dags/example_bash_operator.py
[2026-06-18T19:16:58.434+0000] {processor.py:914} INFO - Processing file /home/airflow/.local/lib/python3.12/site-packages/airflow/example_dags/example_bash_operator.py for tasks to queue
[2026-06-18T19:16:58.438+0000] {logging_mixin.py:190} INFO - [2026-06-18T19:16:58.438+0000] {dagbag.py:588} INFO - Filling up the DagBag from /home/airflow/.local/lib/python3.12/site-packages/airflow/example_dags/example_bash_operator.py
[2026-06-18T19:16:58.452+0000] {processor.py:925} INFO - DAG(s) 'example_bash_operator' retrieved from /home/airflow/.local/lib/python3.12/site-packages/airflow/example_dags/example_bash_operator.py
[2026-06-18T19:16:58.477+0000] {logging_mixin.py:190} INFO - [2026-06-18T19:16:58.477+0000] {dag.py:3239} INFO - Sync 1 DAGs
[2026-06-18T19:16:58.500+0000] {logging_mixin.py:190} INFO - [2026-06-18T19:16:58.500+0000] {dag.py:4180} INFO - Setting next_dagrun for example_bash_operator to 2026-06-17 00:00:00+00:00, run_after=2026-06-18 00:00:00+00:00
[2026-06-18T19:16:58.521+0000] {processor.py:208} INFO - Processing /home/airflow/.local/lib/python3.12/site-packages/airflow/example_dags/example_bash_operator.py took 0.100 seconds
[2026-06-18T19:17:29.010+0000] {processor.py:186} INFO - Started process (PID=725) to work on /home/airflow/.local/lib/python3.12/site-packages/airflow/example_dags/example_bash_operator.py
[2026-06-18T19:17:29.013+0000] {processor.py:914} INFO - Processing file /home/airflow/.local/lib/python3.12/site-packages/airflow/example_dags/example_bash_operator.py for tasks to queue
[2026-06-18T19:17:29.018+0000] {logging_mixin.py:190} INFO - [2026-06-18T19:17:29.017+0000] {dagbag.py:588} INFO - Filling up the DagBag from /home/airflow/.local/lib/python3.12/site-packages/airflow/example_dags/example_bash_operator.py
[2026-06-18T19:17:29.034+0000] {processor.py:925} INFO - DAG(s) 'example_bash_operator' retrieved from /home/airflow/.local/lib/python3.12/site-packages/airflow/example_dags/example_bash_operator.py
[2026-06-18T19:17:29.070+0000] {logging_mixin.py:190} INFO - [2026-06-18T19:17:29.070+0000] {dag.py:3239} INFO - Sync 1 DAGs
[2026-06-18T19:17:29.103+0000] {logging_mixin.py:190} INFO - [2026-06-18T19:17:29.103+0000] {dag.py:4180} INFO - Setting next_dagrun for example_bash_operator to 2026-06-17 00:00:00+00:00, run_after=2026-06-18 00:00:00+00:00
[2026-06-18T19:17:29.127+0000] {processor.py:208} INFO - Processing /home/airflow/.local/lib/python3.12/site-packages/airflow/example_dags/example_bash_operator.py took 0.125 seconds
[2026-06-18T19:18:00.086+0000] {processor.py:186} INFO - Started process (PID=790) to work on /home/airflow/.local/lib/python3.12/site-packages/airflow/example_dags/example_bash_operator.py
[2026-06-18T19:18:00.091+0000] {processor.py:914} INFO - Processing file /home/airflow/.local/lib/python3.12/site-packages/airflow/example_dags/example_bash_operator.py for tasks to queue
[2026-06-18T19:18:00.097+0000] {logging_mixin.py:190} INFO - [2026-06-18T19:18:00.096+0000] {dagbag.py:588} INFO - Filling up the DagBag from /home/airflow/.local/lib/python3.12/site-packages/airflow/example_dags/example_bash_operator.py
[2026-06-18T19:18:00.125+0000] {processor.py:925} INFO - DAG(s) 'example_bash_operator' retrieved from /home/airflow/.local/lib/python3.12/site-packages/airflow/example_dags/example_bash_operator.py
[2026-06-18T19:18:00.176+0000] {logging_mixin.py:190} INFO - [2026-06-18T19:18:00.175+0000] {dag.py:3239} INFO - Sync 1 DAGs
[2026-06-18T19:18:00.217+0000] {logging_mixin.py:190} INFO - [2026-06-18T19:18:00.217+0000] {dag.py:4180} INFO - Setting next_dagrun for example_bash_operator to 2026-06-17 00:00:00+00:00, run_after=2026-06-18 00:00:00+00:00
[2026-06-18T19:18:00.252+0000] {processor.py:208} INFO - Processing /home/airflow/.local/lib/python3.12/site-packages/airflow/example_dags/example_bash_operator.py took 0.177 seconds
[2026-06-18T19:18:30.482+0000] {processor.py:186} INFO - Started process (PID=854) to work on /home/airflow/.local/lib/python3.12/site-packages/airflow/example_dags/example_bash_operator.py
[2026-06-18T19:18:30.490+0000] {processor.py:914} INFO - Processing file /home/airflow/.local/lib/python3.12/site-packages/airflow/example_dags/example_bash_operator.py for tasks to queue
[2026-06-18T19:18:30.496+0000] {logging_mixin.py:190} INFO - [2026-06-18T19:18:30.495+0000] {dagbag.py:588} INFO - Filling up the DagBag from /home/airflow/.local/lib/python3.12/site-packages/airflow/example_dags/example_bash_operator.py
[2026-06-18T19:18:30.523+0000] {processor.py:925} INFO - DAG(s) 'example_bash_operator' retrieved from /home/airflow/.local/lib/python3.12/site-packages/airflow/example_dags/example_bash_operator.py
[2026-06-18T19:18:30.574+0000] {logging_mixin.py:190} INFO - [2026-06-18T19:18:30.574+0000] {dag.py:3239} INFO - Sync 1 DAGs
[2026-06-18T19:18:30.631+0000] {logging_mixin.py:190} INFO - [2026-06-18T19:18:30.631+0000] {dag.py:4180} INFO - Setting next_dagrun for example_bash_operator to 2026-06-17 00:00:00+00:00, run_after=2026-06-18 00:00:00+00:00
[2026-06-18T19:18:30.670+0000] {processor.py:208} INFO - Processing /home/airflow/.local/lib/python3.12/site-packages/airflow/example_dags/example_bash_operator.py took 0.198 seconds
[2026-06-18T19:19:01.239+0000] {processor.py:186} INFO - Started process (PID=917) to work on /home/airflow/.local/lib/python3.12/site-packages/airflow/example_dags/example_bash_operator.py
[2026-06-18T19:19:01.255+0000] {processor.py:914} INFO - Processing file /home/airflow/.local/lib/python3.12/site-packages/airflow/example_dags/example_bash_operator.py for tasks to queue
[2026-06-18T19:19:01.261+0000] {logging_mixin.py:190} INFO - [2026-06-18T19:19:01.261+0000] {dagbag.py:588} INFO - Filling up the DagBag from /home/airflow/.local/lib/python3.12/site-packages/airflow/example_dags/example_bash_operator.py
[2026-06-18T19:19:01.289+0000] {processor.py:925} INFO - DAG(s) 'example_bash_operator' retrieved from /home/airflow/.local/lib/python3.12/site-packages/airflow/example_dags/example_bash_operator.py
[2026-06-18T19:19:01.372+0000] {logging_mixin.py:190} INFO - [2026-06-18T19:19:01.371+0000] {dag.py:3239} INFO - Sync 1 DAGs
[2026-06-18T19:19:01.415+0000] {logging_mixin.py:190} INFO - [2026-06-18T19:19:01.415+0000] {dag.py:4180} INFO - Setting next_dagrun for example_bash_operator to 2026-06-17 00:00:00+00:00, run_after=2026-06-18 00:00:00+00:00
[2026-06-18T19:19:01.452+0000] {processor.py:208} INFO - Processing /home/airflow/.local/lib/python3.12/site-packages/airflow/example_dags/example_bash_operator.py took 0.226 seconds
[2026-06-18T19:19:32.014+0000] {processor.py:186} INFO - Started process (PID=981) to work on /home/airflow/.local/lib/python3.12/site-packages/airflow/example_dags/example_bash_operator.py
[2026-06-18T19:19:32.018+0000] {processor.py:914} INFO - Processing file /home/airflow/.local/lib/python3.12/site-packages/airflow/example_dags/example_bash_operator.py for tasks to queue
[2026-06-18T19:19:32.025+0000] {logging_mixin.py:190} INFO - [2026-06-18T19:19:32.025+0000] {dagbag.py:588} INFO - Filling up the DagBag from /home/airflow/.local/lib/python3.12/site-packages/airflow/example_dags/example_bash_operator.py
[2026-06-18T19:19:32.056+0000] {processor.py:925} INFO - DAG(s) 'example_bash_operator' retrieved from /home/airflow/.local/lib/python3.12/site-packages/airflow/example_dags/example_bash_operator.py
[2026-06-18T19:19:32.118+0000] {logging_mixin.py:190} INFO - [2026-06-18T19:19:32.118+0000] {dag.py:3239} INFO - Sync 1 DAGs
[2026-06-18T19:19:32.180+0000] {logging_mixin.py:190} INFO - [2026-06-18T19:19:32.179+0000] {dag.py:4180} INFO - Setting next_dagrun for example_bash_operator to 2026-06-17 00:00:00+00:00, run_after=2026-06-18 00:00:00+00:00
[2026-06-18T19:19:32.219+0000] {processor.py:208} INFO - Processing /home/airflow/.local/lib/python3.12/site-packages/airflow/example_dags/example_bash_operator.py took 0.217 seconds
[2026-06-18T19:20:02.327+0000] {processor.py:186} INFO - Started process (PID=1045) to work on /home/airflow/.local/lib/python3.12/site-packages/airflow/example_dags/example_bash_operator.py
[2026-06-18T19:20:02.330+0000] {processor.py:914} INFO - Processing file /home/airflow/.local/lib/python3.12/site-packages/airflow/example_dags/example_bash_operator.py for tasks to queue
[2026-06-18T19:20:02.336+0000] {logging_mixin.py:190} INFO - [2026-06-18T19:20:02.336+0000] {dagbag.py:588} INFO - Filling up the DagBag from /home/airflow/.local/lib/python3.12/site-packages/airflow/example_dags/example_bash_operator.py
[2026-06-18T19:20:02.358+0000] {processor.py:925} INFO - DAG(s) 'example_bash_operator' retrieved from /home/airflow/.local/lib/python3.12/site-packages/airflow/example_dags/example_bash_operator.py
[2026-06-18T19:20:02.392+0000] {logging_mixin.py:190} INFO - [2026-06-18T19:20:02.392+0000] {dag.py:3239} INFO - Sync 1 DAGs
[2026-06-18T19:20:02.422+0000] {logging_mixin.py:190} INFO - [2026-06-18T19:20:02.422+0000] {dag.py:4180} INFO - Setting next_dagrun for example_bash_operator to 2026-06-17 00:00:00+00:00, run_after=2026-06-18 00:00:00+00:00
[2026-06-18T19:20:02.445+0000] {processor.py:208} INFO - Processing /home/airflow/.local/lib/python3.12/site-packages/airflow/example_dags/example_bash_operator.py took 0.129 seconds
[2026-06-18T19:20:33.484+0000] {processor.py:186} INFO - Started process (PID=1110) to work on /home/airflow/.local/lib/python3.12/site-packages/airflow/example_dags/example_bash_operator.py
[2026-06-18T19:20:33.490+0000] {processor.py:914} INFO - Processing file /home/airflow/.local/lib/python3.12/site-packages/airflow/example_dags/example_bash_operator.py for tasks to queue
[2026-06-18T19:20:33.497+0000] {logging_mixin.py:190} INFO - [2026-06-18T19:20:33.496+0000] {dagbag.py:588} INFO - Filling up the DagBag from /home/airflow/.local/lib/python3.12/site-packages/airflow/example_dags/example_bash_operator.py
[2026-06-18T19:20:33.550+0000] {processor.py:925} INFO - DAG(s) 'example_bash_operator' retrieved from /home/airflow/.local/lib/python3.12/site-packages/airflow/example_dags/example_bash_operator.py
[2026-06-18T19:20:33.608+0000] {logging_mixin.py:190} INFO - [2026-06-18T19:20:33.608+0000] {dag.py:3239} INFO - Sync 1 DAGs
[2026-06-18T19:20:33.674+0000] {logging_mixin.py:190} INFO - [2026-06-18T19:20:33.674+0000] {dag.py:4180} INFO - Setting next_dagrun for example_bash_operator to 2026-06-17 00:00:00+00:00, run_after=2026-06-18 00:00:00+00:00
[2026-06-18T19:20:33.725+0000] {processor.py:208} INFO - Processing /home/airflow/.local/lib/python3.12/site-packages/airflow/example_dags/example_bash_operator.py took 0.258 seconds
[2026-06-18T19:21:04.118+0000] {processor.py:186} INFO - Started process (PID=1173) to work on /home/airflow/.local/lib/python3.12/site-packages/airflow/example_dags/example_bash_operator.py
[2026-06-18T19:21:04.120+0000] {processor.py:914} INFO - Processing file /home/airflow/.local/lib/python3.12/site-packages/airflow/example_dags/example_bash_operator.py for tasks to queue
[2026-06-18T19:21:04.124+0000] {logging_mixin.py:190} INFO - [2026-06-18T19:21:04.124+0000] {dagbag.py:588} INFO - Filling up the DagBag from /home/airflow/.local/lib/python3.12/site-packages/airflow/example_dags/example_bash_operator.py
[2026-06-18T19:21:04.142+0000] {processor.py:925} INFO - DAG(s) 'example_bash_operator' retrieved from /home/airflow/.local/lib/python3.12/site-packages/airflow/example_dags/example_bash_operator.py
[2026-06-18T19:21:04.173+0000] {logging_mixin.py:190} INFO - [2026-06-18T19:21:04.173+0000] {dag.py:3239} INFO - Sync 1 DAGs
[2026-06-18T19:21:04.203+0000] {logging_mixin.py:190} INFO - [2026-06-18T19:21:04.203+0000] {dag.py:4180} INFO - Setting next_dagrun for example_bash_operator to 2026-06-17 00:00:00+00:00, run_after=2026-06-18 00:00:00+00:00
[2026-06-18T19:21:04.224+0000] {processor.py:208} INFO - Processing /home/airflow/.local/lib/python3.12/site-packages/airflow/example_dags/example_bash_operator.py took 0.115 seconds
[2026-06-18T19:21:34.712+0000] {processor.py:186} INFO - Started process (PID=1236) to work on /home/airflow/.local/lib/python3.12/site-packages/airflow/example_dags/example_bash_operator.py
[2026-06-18T19:21:34.716+0000] {processor.py:914} INFO - Processing file /home/airflow/.local/lib/python3.12/site-packages/airflow/example_dags/example_bash_operator.py for tasks to queue
[2026-06-18T19:21:34.721+0000] {logging_mixin.py:190} INFO - [2026-06-18T19:21:34.720+0000] {dagbag.py:588} INFO - Filling up the DagBag from /home/airflow/.local/lib/python3.12/site-packages/airflow/example_dags/example_bash_operator.py
[2026-06-18T19:21:34.743+0000] {processor.py:925} INFO - DAG(s) 'example_bash_operator' retrieved from /home/airflow/.local/lib/python3.12/site-packages/airflow/example_dags/example_bash_operator.py
[2026-06-18T19:21:34.788+0000] {logging_mixin.py:190} INFO - [2026-06-18T19:21:34.788+0000] {dag.py:3239} INFO - Sync 1 DAGs
[2026-06-18T19:21:34.829+0000] {logging_mixin.py:190} INFO - [2026-06-18T19:21:34.829+0000] {dag.py:4180} INFO - Setting next_dagrun for example_bash_operator to 2026-06-17 00:00:00+00:00, run_after=2026-06-18 00:00:00+00:00
[2026-06-18T19:21:34.856+0000] {processor.py:208} INFO - Processing /home/airflow/.local/lib/python3.12/site-packages/airflow/example_dags/example_bash_operator.py took 0.156 seconds
[2026-06-18T19:22:06.586+0000] {processor.py:186} INFO - Started process (PID=1298) to work on /home/airflow/.local/lib/python3.12/site-packages/airflow/example_dags/example_bash_operator.py
[2026-06-18T19:22:06.592+0000] {processor.py:914} INFO - Processing file /home/airflow/.local/lib/python3.12/site-packages/airflow/example_dags/example_bash_operator.py for tasks to queue
[2026-06-18T19:22:06.600+0000] {logging_mixin.py:190} INFO - [2026-06-18T19:22:06.599+0000] {dagbag.py:588} INFO - Filling up the DagBag from /home/airflow/.local/lib/python3.12/site-packages/airflow/example_dags/example_bash_operator.py
[2026-06-18T19:22:06.633+0000] {processor.py:925} INFO - DAG(s) 'example_bash_operator' retrieved from /home/airflow/.local/lib/python3.12/site-packages/airflow/example_dags/example_bash_operator.py
[2026-06-18T19:22:06.701+0000] {logging_mixin.py:190} INFO - [2026-06-18T19:22:06.700+0000] {dag.py:3239} INFO - Sync 1 DAGs
[2026-06-18T19:22:06.766+0000] {logging_mixin.py:190} INFO - [2026-06-18T19:22:06.765+0000] {dag.py:4180} INFO - Setting next_dagrun for example_bash_operator to 2026-06-17 00:00:00+00:00, run_after=2026-06-18 00:00:00+00:00
[2026-06-18T19:22:06.806+0000] {processor.py:208} INFO - Processing /home/airflow/.local/lib/python3.12/site-packages/airflow/example_dags/example_bash_operator.py took 0.233 seconds
[2026-06-18T19:22:38.132+0000] {processor.py:186} INFO - Started process (PID=1362) to work on /home/airflow/.local/lib/python3.12/site-packages/airflow/example_dags/example_bash_operator.py
[2026-06-18T19:22:38.137+0000] {processor.py:914} INFO - Processing file /home/airflow/.local/lib/python3.12/site-packages/airflow/example_dags/example_bash_operator.py for tasks to queue
[2026-06-18T19:22:38.145+0000] {logging_mixin.py:190} INFO - [2026-06-18T19:22:38.144+0000] {dagbag.py:588} INFO - Filling up the DagBag from /home/airflow/.local/lib/python3.12/site-packages/airflow/example_dags/example_bash_operator.py
[2026-06-18T19:22:38.175+0000] {processor.py:925} INFO - DAG(s) 'example_bash_operator' retrieved from /home/airflow/.local/lib/python3.12/site-packages/airflow/example_dags/example_bash_operator.py
[2026-06-18T19:22:38.235+0000] {logging_mixin.py:190} INFO - [2026-06-18T19:22:38.234+0000] {dag.py:3239} INFO - Sync 1 DAGs
[2026-06-18T19:22:38.295+0000] {logging_mixin.py:190} INFO - [2026-06-18T19:22:38.294+0000] {dag.py:4180} INFO - Setting next_dagrun for example_bash_operator to 2026-06-17 00:00:00+00:00, run_after=2026-06-18 00:00:00+00:00
[2026-06-18T19:22:38.324+0000] {processor.py:208} INFO - Processing /home/airflow/.local/lib/python3.12/site-packages/airflow/example_dags/example_bash_operator.py took 0.203 seconds
[2026-06-18T19:23:10.359+0000] {processor.py:186} INFO - Started process (PID=1418) to work on /home/airflow/.local/lib/python3.12/site-packages/airflow/example_dags/example_bash_operator.py
[2026-06-18T19:23:10.366+0000] {processor.py:914} INFO - Processing file /home/airflow/.local/lib/python3.12/site-packages/airflow/example_dags/example_bash_operator.py for tasks to queue
[2026-06-18T19:23:10.377+0000] {logging_mixin.py:190} INFO - [2026-06-18T19:23:10.376+0000] {dagbag.py:588} INFO - Filling up the DagBag from /home/airflow/.local/lib/python3.12/site-packages/airflow/example_dags/example_bash_operator.py
[2026-06-18T19:23:10.424+0000] {processor.py:925} INFO - DAG(s) 'example_bash_operator' retrieved from /home/airflow/.local/lib/python3.12/site-packages/airflow/example_dags/example_bash_operator.py
[2026-06-18T19:23:10.523+0000] {logging_mixin.py:190} INFO - [2026-06-18T19:23:10.523+0000] {dag.py:3239} INFO - Sync 1 DAGs
[2026-06-18T19:23:10.614+0000] {logging_mixin.py:190} INFO - [2026-06-18T19:23:10.613+0000] {dag.py:4180} INFO - Setting next_dagrun for example_bash_operator to 2026-06-17 00:00:00+00:00, run_after=2026-06-18 00:00:00+00:00
[2026-06-18T19:23:10.710+0000] {processor.py:208} INFO - Processing /home/airflow/.local/lib/python3.12/site-packages/airflow/example_dags/example_bash_operator.py took 0.374 seconds
[2026-06-18T19:23:41.271+0000] {processor.py:186} INFO - Started process (PID=1482) to work on /home/airflow/.local/lib/python3.12/site-packages/airflow/example_dags/example_bash_operator.py
[2026-06-18T19:23:41.277+0000] {processor.py:914} INFO - Processing file /home/airflow/.local/lib/python3.12/site-packages/airflow/example_dags/example_bash_operator.py for tasks to queue
[2026-06-18T19:23:41.283+0000] {logging_mixin.py:190} INFO - [2026-06-18T19:23:41.282+0000] {dagbag.py:588} INFO - Filling up the DagBag from /home/airflow/.local/lib/python3.12/site-packages/airflow/example_dags/example_bash_operator.py
[2026-06-18T19:23:41.317+0000] {processor.py:925} INFO - DAG(s) 'example_bash_operator' retrieved from /home/airflow/.local/lib/python3.12/site-packages/airflow/example_dags/example_bash_operator.py
[2026-06-18T19:23:41.378+0000] {logging_mixin.py:190} INFO - [2026-06-18T19:23:41.378+0000] {dag.py:3239} INFO - Sync 1 DAGs
[2026-06-18T19:23:41.448+0000] {logging_mixin.py:190} INFO - [2026-06-18T19:23:41.447+0000] {dag.py:4180} INFO - Setting next_dagrun for example_bash_operator to 2026-06-17 00:00:00+00:00, run_after=2026-06-18 00:00:00+00:00
[2026-06-18T19:23:41.487+0000] {processor.py:208} INFO - Processing /home/airflow/.local/lib/python3.12/site-packages/airflow/example_dags/example_bash_operator.py took 0.231 seconds
[2026-06-18T19:24:12.529+0000] {processor.py:186} INFO - Started process (PID=1545) to work on /home/airflow/.local/lib/python3.12/site-packages/airflow/example_dags/example_bash_operator.py
[2026-06-18T19:24:12.531+0000] {processor.py:914} INFO - Processing file /home/airflow/.local/lib/python3.12/site-packages/airflow/example_dags/example_bash_operator.py for tasks to queue
[2026-06-18T19:24:12.534+0000] {logging_mixin.py:190} INFO - [2026-06-18T19:24:12.534+0000] {dagbag.py:588} INFO - Filling up the DagBag from /home/airflow/.local/lib/python3.12/site-packages/airflow/example_dags/example_bash_operator.py
[2026-06-18T19:24:12.550+0000] {processor.py:925} INFO - DAG(s) 'example_bash_operator' retrieved from /home/airflow/.local/lib/python3.12/site-packages/airflow/example_dags/example_bash_operator.py
[2026-06-18T19:24:12.576+0000] {logging_mixin.py:190} INFO - [2026-06-18T19:24:12.575+0000] {dag.py:3239} INFO - Sync 1 DAGs
[2026-06-18T19:24:12.608+0000] {logging_mixin.py:190} INFO - [2026-06-18T19:24:12.607+0000] {dag.py:4180} INFO - Setting next_dagrun for example_bash_operator to 2026-06-17 00:00:00+00:00, run_after=2026-06-18 00:00:00+00:00
[2026-06-18T19:24:12.629+0000] {processor.py:208} INFO - Processing /home/airflow/.local/lib/python3.12/site-packages/airflow/example_dags/example_bash_operator.py took 0.106 seconds
[2026-06-18T19:24:44.585+0000] {processor.py:186} INFO - Started process (PID=1606) to work on /home/airflow/.local/lib/python3.12/site-packages/airflow/example_dags/example_bash_operator.py
[2026-06-18T19:24:44.590+0000] {processor.py:914} INFO - Processing file /home/airflow/.local/lib/python3.12/site-packages/airflow/example_dags/example_bash_operator.py for tasks to queue
[2026-06-18T19:24:44.599+0000] {logging_mixin.py:190} INFO - [2026-06-18T19:24:44.598+0000] {dagbag.py:588} INFO - Filling up the DagBag from /home/airflow/.local/lib/python3.12/site-packages/airflow/example_dags/example_bash_operator.py
[2026-06-18T19:24:44.640+0000] {processor.py:925} INFO - DAG(s) 'example_bash_operator' retrieved from /home/airflow/.local/lib/python3.12/site-packages/airflow/example_dags/example_bash_operator.py
[2026-06-18T19:24:44.722+0000] {logging_mixin.py:190} INFO - [2026-06-18T19:24:44.722+0000] {dag.py:3239} INFO - Sync 1 DAGs
[2026-06-18T19:24:44.802+0000] {logging_mixin.py:190} INFO - [2026-06-18T19:24:44.802+0000] {dag.py:4180} INFO - Setting next_dagrun for example_bash_operator to 2026-06-17 00:00:00+00:00, run_after=2026-06-18 00:00:00+00:00
[2026-06-18T19:24:44.870+0000] {processor.py:208} INFO - Processing /home/airflow/.local/lib/python3.12/site-packages/airflow/example_dags/example_bash_operator.py took 0.306 seconds
[2026-06-18T19:25:15.764+0000] {processor.py:186} INFO - Started process (PID=1669) to work on /home/airflow/.local/lib/python3.12/site-packages/airflow/example_dags/example_bash_operator.py
[2026-06-18T19:25:15.769+0000] {processor.py:914} INFO - Processing file /home/airflow/.local/lib/python3.12/site-packages/airflow/example_dags/example_bash_operator.py for tasks to queue
[2026-06-18T19:25:15.778+0000] {logging_mixin.py:190} INFO - [2026-06-18T19:25:15.776+0000] {dagbag.py:588} INFO - Filling up the DagBag from /home/airflow/.local/lib/python3.12/site-packages/airflow/example_dags/example_bash_operator.py
[2026-06-18T19:25:15.812+0000] {processor.py:925} INFO - DAG(s) 'example_bash_operator' retrieved from /home/airflow/.local/lib/python3.12/site-packages/airflow/example_dags/example_bash_operator.py
[2026-06-18T19:25:15.878+0000] {logging_mixin.py:190} INFO - [2026-06-18T19:25:15.878+0000] {dag.py:3239} INFO - Sync 1 DAGs
[2026-06-18T19:25:15.953+0000] {logging_mixin.py:190} INFO - [2026-06-18T19:25:15.952+0000] {dag.py:4180} INFO - Setting next_dagrun for example_bash_operator to 2026-06-17 00:00:00+00:00, run_after=2026-06-18 00:00:00+00:00
[2026-06-18T19:25:15.995+0000] {processor.py:208} INFO - Processing /home/airflow/.local/lib/python3.12/site-packages/airflow/example_dags/example_bash_operator.py took 0.248 seconds
[2026-06-18T19:25:49.680+0000] {processor.py:186} INFO - Started process (PID=1736) to work on /home/airflow/.local/lib/python3.12/site-packages/airflow/example_dags/example_bash_operator.py
[2026-06-18T19:25:49.692+0000] {processor.py:914} INFO - Processing file /home/airflow/.local/lib/python3.12/site-packages/airflow/example_dags/example_bash_operator.py for tasks to queue
[2026-06-18T19:25:49.710+0000] {logging_mixin.py:190} INFO - [2026-06-18T19:25:49.709+0000] {dagbag.py:588} INFO - Filling up the DagBag from /home/airflow/.local/lib/python3.12/site-packages/airflow/example_dags/example_bash_operator.py
[2026-06-18T19:25:49.781+0000] {processor.py:925} INFO - DAG(s) 'example_bash_operator' retrieved from /home/airflow/.local/lib/python3.12/site-packages/airflow/example_dags/example_bash_operator.py
[2026-06-18T19:25:49.936+0000] {logging_mixin.py:190} INFO - [2026-06-18T19:25:49.935+0000] {dag.py:3239} INFO - Sync 1 DAGs
[2026-06-18T19:25:50.115+0000] {logging_mixin.py:190} INFO - [2026-06-18T19:25:50.113+0000] {dag.py:4180} INFO - Setting next_dagrun for example_bash_operator to 2026-06-17 00:00:00+00:00, run_after=2026-06-18 00:00:00+00:00
[2026-06-18T19:25:50.199+0000] {processor.py:208} INFO - Processing /home/airflow/.local/lib/python3.12/site-packages/airflow/example_dags/example_bash_operator.py took 0.545 seconds
[2026-06-18T19:26:20.734+0000] {processor.py:186} INFO - Started process (PID=1799) to work on /home/airflow/.local/lib/python3.12/site-packages/airflow/example_dags/example_bash_operator.py
[2026-06-18T19:26:20.736+0000] {processor.py:914} INFO - Processing file /home/airflow/.local/lib/python3.12/site-packages/airflow/example_dags/example_bash_operator.py for tasks to queue
[2026-06-18T19:26:20.739+0000] {logging_mixin.py:190} INFO - [2026-06-18T19:26:20.739+0000] {dagbag.py:588} INFO - Filling up the DagBag from /home/airflow/.local/lib/python3.12/site-packages/airflow/example_dags/example_bash_operator.py
[2026-06-18T19:26:20.751+0000] {processor.py:925} INFO - DAG(s) 'example_bash_operator' retrieved from /home/airflow/.local/lib/python3.12/site-packages/airflow/example_dags/example_bash_operator.py
[2026-06-18T19:26:20.772+0000] {logging_mixin.py:190} INFO - [2026-06-18T19:26:20.772+0000] {dag.py:3239} INFO - Sync 1 DAGs
[2026-06-18T19:26:20.793+0000] {logging_mixin.py:190} INFO - [2026-06-18T19:26:20.793+0000] {dag.py:4180} INFO - Setting next_dagrun for example_bash_operator to 2026-06-17 00:00:00+00:00, run_after=2026-06-18 00:00:00+00:00
[2026-06-18T19:26:20.810+0000] {processor.py:208} INFO - Processing /home/airflow/.local/lib/python3.12/site-packages/airflow/example_dags/example_bash_operator.py took 0.080 seconds
[2026-06-18T19:26:51.110+0000] {processor.py:186} INFO - Started process (PID=1863) to work on /home/airflow/.local/lib/python3.12/site-packages/airflow/example_dags/example_bash_operator.py
[2026-06-18T19:26:51.114+0000] {processor.py:914} INFO - Processing file /home/airflow/.local/lib/python3.12/site-packages/airflow/example_dags/example_bash_operator.py for tasks to queue
[2026-06-18T19:26:51.120+0000] {logging_mixin.py:190} INFO - [2026-06-18T19:26:51.119+0000] {dagbag.py:588} INFO - Filling up the DagBag from /home/airflow/.local/lib/python3.12/site-packages/airflow/example_dags/example_bash_operator.py
[2026-06-18T19:26:51.143+0000] {processor.py:925} INFO - DAG(s) 'example_bash_operator' retrieved from /home/airflow/.local/lib/python3.12/site-packages/airflow/example_dags/example_bash_operator.py
[2026-06-18T19:26:51.201+0000] {logging_mixin.py:190} INFO - [2026-06-18T19:26:51.200+0000] {dag.py:3239} INFO - Sync 1 DAGs
[2026-06-18T19:26:51.247+0000] {logging_mixin.py:190} INFO - [2026-06-18T19:26:51.246+0000] {dag.py:4180} INFO - Setting next_dagrun for example_bash_operator to 2026-06-17 00:00:00+00:00, run_after=2026-06-18 00:00:00+00:00
[2026-06-18T19:26:51.272+0000] {processor.py:208} INFO - Processing /home/airflow/.local/lib/python3.12/site-packages/airflow/example_dags/example_bash_operator.py took 0.173 seconds
[2026-06-18T19:27:23.741+0000] {processor.py:186} INFO - Started process (PID=1923) to work on /home/airflow/.local/lib/python3.12/site-packages/airflow/example_dags/example_bash_operator.py
[2026-06-18T19:27:23.748+0000] {processor.py:914} INFO - Processing file /home/airflow/.local/lib/python3.12/site-packages/airflow/example_dags/example_bash_operator.py for tasks to queue
[2026-06-18T19:27:23.757+0000] {logging_mixin.py:190} INFO - [2026-06-18T19:27:23.756+0000] {dagbag.py:588} INFO - Filling up the DagBag from /home/airflow/.local/lib/python3.12/site-packages/airflow/example_dags/example_bash_operator.py
[2026-06-18T19:27:23.805+0000] {processor.py:925} INFO - DAG(s) 'example_bash_operator' retrieved from /home/airflow/.local/lib/python3.12/site-packages/airflow/example_dags/example_bash_operator.py
[2026-06-18T19:27:23.891+0000] {logging_mixin.py:190} INFO - [2026-06-18T19:27:23.890+0000] {dag.py:3239} INFO - Sync 1 DAGs
[2026-06-18T19:27:23.969+0000] {logging_mixin.py:190} INFO - [2026-06-18T19:27:23.968+0000] {dag.py:4180} INFO - Setting next_dagrun for example_bash_operator to 2026-06-17 00:00:00+00:00, run_after=2026-06-18 00:00:00+00:00
[2026-06-18T19:27:24.026+0000] {processor.py:208} INFO - Processing /home/airflow/.local/lib/python3.12/site-packages/airflow/example_dags/example_bash_operator.py took 0.300 seconds
[2026-06-18T19:27:54.521+0000] {processor.py:186} INFO - Started process (PID=1986) to work on /home/airflow/.local/lib/python3.12/site-packages/airflow/example_dags/example_bash_operator.py
[2026-06-18T19:27:54.525+0000] {processor.py:914} INFO - Processing file /home/airflow/.local/lib/python3.12/site-packages/airflow/example_dags/example_bash_operator.py for tasks to queue
[2026-06-18T19:27:54.531+0000] {logging_mixin.py:190} INFO - [2026-06-18T19:27:54.530+0000] {dagbag.py:588} INFO - Filling up the DagBag from /home/airflow/.local/lib/python3.12/site-packages/airflow/example_dags/example_bash_operator.py
[2026-06-18T19:27:54.557+0000] {processor.py:925} INFO - DAG(s) 'example_bash_operator' retrieved from /home/airflow/.local/lib/python3.12/site-packages/airflow/example_dags/example_bash_operator.py
[2026-06-18T19:27:54.615+0000] {logging_mixin.py:190} INFO - [2026-06-18T19:27:54.615+0000] {dag.py:3239} INFO - Sync 1 DAGs
[2026-06-18T19:27:54.674+0000] {logging_mixin.py:190} INFO - [2026-06-18T19:27:54.674+0000] {dag.py:4180} INFO - Setting next_dagrun for example_bash_operator to 2026-06-17 00:00:00+00:00, run_after=2026-06-18 00:00:00+00:00
[2026-06-18T19:27:54.779+0000] {processor.py:208} INFO - Processing /home/airflow/.local/lib/python3.12/site-packages/airflow/example_dags/example_bash_operator.py took 0.274 seconds
[2026-06-18T19:28:24.961+0000] {processor.py:186} INFO - Started process (PID=2050) to work on /home/airflow/.local/lib/python3.12/site-packages/airflow/example_dags/example_bash_operator.py
[2026-06-18T19:28:24.963+0000] {processor.py:914} INFO - Processing file /home/airflow/.local/lib/python3.12/site-packages/airflow/example_dags/example_bash_operator.py for tasks to queue
[2026-06-18T19:28:24.968+0000] {logging_mixin.py:190} INFO - [2026-06-18T19:28:24.967+0000] {dagbag.py:588} INFO - Filling up the DagBag from /home/airflow/.local/lib/python3.12/site-packages/airflow/example_dags/example_bash_operator.py
[2026-06-18T19:28:24.989+0000] {processor.py:925} INFO - DAG(s) 'example_bash_operator' retrieved from /home/airflow/.local/lib/python3.12/site-packages/airflow/example_dags/example_bash_operator.py
[2026-06-18T19:28:25.038+0000] {logging_mixin.py:190} INFO - [2026-06-18T19:28:25.037+0000] {dag.py:3239} INFO - Sync 1 DAGs
[2026-06-18T19:28:25.078+0000] {logging_mixin.py:190} INFO - [2026-06-18T19:28:25.078+0000] {dag.py:4180} INFO - Setting next_dagrun for example_bash_operator to 2026-06-17 00:00:00+00:00, run_after=2026-06-18 00:00:00+00:00
[2026-06-18T19:28:25.122+0000] {processor.py:208} INFO - Processing /home/airflow/.local/lib/python3.12/site-packages/airflow/example_dags/example_bash_operator.py took 0.173 seconds
[2026-06-18T19:28:55.613+0000] {processor.py:186} INFO - Started process (PID=2113) to work on /home/airflow/.local/lib/python3.12/site-packages/airflow/example_dags/example_bash_operator.py
[2026-06-18T19:28:55.617+0000] {processor.py:914} INFO - Processing file /home/airflow/.local/lib/python3.12/site-packages/airflow/example_dags/example_bash_operator.py for tasks to queue
[2026-06-18T19:28:55.624+0000] {logging_mixin.py:190} INFO - [2026-06-18T19:28:55.623+0000] {dagbag.py:588} INFO - Filling up the DagBag from /home/airflow/.local/lib/python3.12/site-packages/airflow/example_dags/example_bash_operator.py
[2026-06-18T19:28:55.660+0000] {processor.py:925} INFO - DAG(s) 'example_bash_operator' retrieved from /home/airflow/.local/lib/python3.12/site-packages/airflow/example_dags/example_bash_operator.py
[2026-06-18T19:28:55.727+0000] {logging_mixin.py:190} INFO - [2026-06-18T19:28:55.727+0000] {dag.py:3239} INFO - Sync 1 DAGs
[2026-06-18T19:28:55.786+0000] {logging_mixin.py:190} INFO - [2026-06-18T19:28:55.785+0000] {dag.py:4180} INFO - Setting next_dagrun for example_bash_operator to 2026-06-17 00:00:00+00:00, run_after=2026-06-18 00:00:00+00:00
[2026-06-18T19:28:55.829+0000] {processor.py:208} INFO - Processing /home/airflow/.local/lib/python3.12/site-packages/airflow/example_dags/example_bash_operator.py took 0.229 seconds
[2026-06-18T19:29:26.564+0000] {processor.py:186} INFO - Started process (PID=2177) to work on /home/airflow/.local/lib/python3.12/site-packages/airflow/example_dags/example_bash_operator.py
[2026-06-18T19:29:26.578+0000] {processor.py:914} INFO - Processing file /home/airflow/.local/lib/python3.12/site-packages/airflow/example_dags/example_bash_operator.py for tasks to queue
[2026-06-18T19:29:26.589+0000] {logging_mixin.py:190} INFO - [2026-06-18T19:29:26.587+0000] {dagbag.py:588} INFO - Filling up the DagBag from /home/airflow/.local/lib/python3.12/site-packages/airflow/example_dags/example_bash_operator.py
[2026-06-18T19:29:26.639+0000] {processor.py:925} INFO - DAG(s) 'example_bash_operator' retrieved from /home/airflow/.local/lib/python3.12/site-packages/airflow/example_dags/example_bash_operator.py
[2026-06-18T19:29:26.724+0000] {logging_mixin.py:190} INFO - [2026-06-18T19:29:26.723+0000] {dag.py:3239} INFO - Sync 1 DAGs
[2026-06-18T19:29:26.798+0000] {logging_mixin.py:190} INFO - [2026-06-18T19:29:26.797+0000] {dag.py:4180} INFO - Setting next_dagrun for example_bash_operator to 2026-06-17 00:00:00+00:00, run_after=2026-06-18 00:00:00+00:00
[2026-06-18T19:29:26.866+0000] {processor.py:208} INFO - Processing /home/airflow/.local/lib/python3.12/site-packages/airflow/example_dags/example_bash_operator.py took 0.320 seconds
[2026-06-18T19:29:57.692+0000] {processor.py:186} INFO - Started process (PID=2241) to work on /home/airflow/.local/lib/python3.12/site-packages/airflow/example_dags/example_bash_operator.py
[2026-06-18T19:29:57.695+0000] {processor.py:914} INFO - Processing file /home/airflow/.local/lib/python3.12/site-packages/airflow/example_dags/example_bash_operator.py for tasks to queue
[2026-06-18T19:29:57.699+0000] {logging_mixin.py:190} INFO - [2026-06-18T19:29:57.698+0000] {dagbag.py:588} INFO - Filling up the DagBag from /home/airflow/.local/lib/python3.12/site-packages/airflow/example_dags/example_bash_operator.py
[2026-06-18T19:29:57.711+0000] {processor.py:925} INFO - DAG(s) 'example_bash_operator' retrieved from /home/airflow/.local/lib/python3.12/site-packages/airflow/example_dags/example_bash_operator.py
[2026-06-18T19:29:57.745+0000] {logging_mixin.py:190} INFO - [2026-06-18T19:29:57.744+0000] {dag.py:3239} INFO - Sync 1 DAGs
[2026-06-18T19:29:57.775+0000] {logging_mixin.py:190} INFO - [2026-06-18T19:29:57.775+0000] {dag.py:4180} INFO - Setting next_dagrun for example_bash_operator to 2026-06-17 00:00:00+00:00, run_after=2026-06-18 00:00:00+00:00
[2026-06-18T19:29:57.797+0000] {processor.py:208} INFO - Processing /home/airflow/.local/lib/python3.12/site-packages/airflow/example_dags/example_bash_operator.py took 0.110 seconds
[2026-06-18T19:30:28.677+0000] {processor.py:186} INFO - Started process (PID=2305) to work on /home/airflow/.local/lib/python3.12/site-packages/airflow/example_dags/example_bash_operator.py
[2026-06-18T19:30:28.682+0000] {processor.py:914} INFO - Processing file /home/airflow/.local/lib/python3.12/site-packages/airflow/example_dags/example_bash_operator.py for tasks to queue
[2026-06-18T19:30:28.701+0000] {logging_mixin.py:190} INFO - [2026-06-18T19:30:28.699+0000] {dagbag.py:588} INFO - Filling up the DagBag from /home/airflow/.local/lib/python3.12/site-packages/airflow/example_dags/example_bash_operator.py
[2026-06-18T19:30:28.784+0000] {processor.py:925} INFO - DAG(s) 'example_bash_operator' retrieved from /home/airflow/.local/lib/python3.12/site-packages/airflow/example_dags/example_bash_operator.py
[2026-06-18T19:30:28.860+0000] {logging_mixin.py:190} INFO - [2026-06-18T19:30:28.860+0000] {dag.py:3239} INFO - Sync 1 DAGs
[2026-06-18T19:30:28.969+0000] {logging_mixin.py:190} INFO - [2026-06-18T19:30:28.968+0000] {dag.py:4180} INFO - Setting next_dagrun for example_bash_operator to 2026-06-17 00:00:00+00:00, run_after=2026-06-18 00:00:00+00:00
[2026-06-18T19:30:29.035+0000] {processor.py:208} INFO - Processing /home/airflow/.local/lib/python3.12/site-packages/airflow/example_dags/example_bash_operator.py took 0.381 seconds
