[2026-06-18T19:12:16.146+0000] {processor.py:186} INFO - Started process (PID=74) to work on /home/airflow/.local/lib/python3.12/site-packages/airflow/example_dags/example_setup_teardown.py
[2026-06-18T19:12:16.155+0000] {processor.py:914} INFO - Processing file /home/airflow/.local/lib/python3.12/site-packages/airflow/example_dags/example_setup_teardown.py for tasks to queue
[2026-06-18T19:12:16.162+0000] {logging_mixin.py:190} INFO - [2026-06-18T19:12:16.162+0000] {dagbag.py:588} INFO - Filling up the DagBag from /home/airflow/.local/lib/python3.12/site-packages/airflow/example_dags/example_setup_teardown.py
[2026-06-18T19:12:16.186+0000] {processor.py:925} INFO - DAG(s) 'example_setup_teardown' retrieved from /home/airflow/.local/lib/python3.12/site-packages/airflow/example_dags/example_setup_teardown.py
[2026-06-18T19:12:16.232+0000] {logging_mixin.py:190} INFO - [2026-06-18T19:12:16.232+0000] {dag.py:3239} INFO - Sync 1 DAGs
[2026-06-18T19:12:16.260+0000] {logging_mixin.py:190} INFO - [2026-06-18T19:12:16.260+0000] {dag.py:4180} INFO - Setting next_dagrun for example_setup_teardown to None, run_after=None
[2026-06-18T19:12:16.308+0000] {processor.py:208} INFO - Processing /home/airflow/.local/lib/python3.12/site-packages/airflow/example_dags/example_setup_teardown.py took 0.171 seconds
[2026-06-18T19:12:46.766+0000] {processor.py:186} INFO - Started process (PID=138) to work on /home/airflow/.local/lib/python3.12/site-packages/airflow/example_dags/example_setup_teardown.py
[2026-06-18T19:12:46.773+0000] {processor.py:914} INFO - Processing file /home/airflow/.local/lib/python3.12/site-packages/airflow/example_dags/example_setup_teardown.py for tasks to queue
[2026-06-18T19:12:46.787+0000] {logging_mixin.py:190} INFO - [2026-06-18T19:12:46.786+0000] {dagbag.py:588} INFO - Filling up the DagBag from /home/airflow/.local/lib/python3.12/site-packages/airflow/example_dags/example_setup_teardown.py
[2026-06-18T19:12:46.866+0000] {processor.py:925} INFO - DAG(s) 'example_setup_teardown' retrieved from /home/airflow/.local/lib/python3.12/site-packages/airflow/example_dags/example_setup_teardown.py
[2026-06-18T19:12:46.948+0000] {logging_mixin.py:190} INFO - [2026-06-18T19:12:46.948+0000] {dag.py:3239} INFO - Sync 1 DAGs
[2026-06-18T19:12:47.039+0000] {logging_mixin.py:190} INFO - [2026-06-18T19:12:47.038+0000] {dag.py:4180} INFO - Setting next_dagrun for example_setup_teardown to None, run_after=None
[2026-06-18T19:12:47.113+0000] {processor.py:208} INFO - Processing /home/airflow/.local/lib/python3.12/site-packages/airflow/example_dags/example_setup_teardown.py took 0.374 seconds
[2026-06-18T19:13:18.072+0000] {processor.py:186} INFO - Started process (PID=202) to work on /home/airflow/.local/lib/python3.12/site-packages/airflow/example_dags/example_setup_teardown.py
[2026-06-18T19:13:18.087+0000] {processor.py:914} INFO - Processing file /home/airflow/.local/lib/python3.12/site-packages/airflow/example_dags/example_setup_teardown.py for tasks to queue
[2026-06-18T19:13:18.109+0000] {logging_mixin.py:190} INFO - [2026-06-18T19:13:18.107+0000] {dagbag.py:588} INFO - Filling up the DagBag from /home/airflow/.local/lib/python3.12/site-packages/airflow/example_dags/example_setup_teardown.py
[2026-06-18T19:13:18.183+0000] {processor.py:925} INFO - DAG(s) 'example_setup_teardown' retrieved from /home/airflow/.local/lib/python3.12/site-packages/airflow/example_dags/example_setup_teardown.py
[2026-06-18T19:13:18.261+0000] {logging_mixin.py:190} INFO - [2026-06-18T19:13:18.260+0000] {dag.py:3239} INFO - Sync 1 DAGs
[2026-06-18T19:13:18.316+0000] {logging_mixin.py:190} INFO - [2026-06-18T19:13:18.315+0000] {dag.py:4180} INFO - Setting next_dagrun for example_setup_teardown to None, run_after=None
[2026-06-18T19:13:18.404+0000] {processor.py:208} INFO - Processing /home/airflow/.local/lib/python3.12/site-packages/airflow/example_dags/example_setup_teardown.py took 0.361 seconds
[2026-06-18T19:13:48.945+0000] {processor.py:186} INFO - Started process (PID=266) to work on /home/airflow/.local/lib/python3.12/site-packages/airflow/example_dags/example_setup_teardown.py
[2026-06-18T19:13:48.950+0000] {processor.py:914} INFO - Processing file /home/airflow/.local/lib/python3.12/site-packages/airflow/example_dags/example_setup_teardown.py for tasks to queue
[2026-06-18T19:13:48.958+0000] {logging_mixin.py:190} INFO - [2026-06-18T19:13:48.957+0000] {dagbag.py:588} INFO - Filling up the DagBag from /home/airflow/.local/lib/python3.12/site-packages/airflow/example_dags/example_setup_teardown.py
[2026-06-18T19:13:48.988+0000] {processor.py:925} INFO - DAG(s) 'example_setup_teardown' retrieved from /home/airflow/.local/lib/python3.12/site-packages/airflow/example_dags/example_setup_teardown.py
[2026-06-18T19:13:49.061+0000] {logging_mixin.py:190} INFO - [2026-06-18T19:13:49.061+0000] {dag.py:3239} INFO - Sync 1 DAGs
[2026-06-18T19:13:49.098+0000] {logging_mixin.py:190} INFO - [2026-06-18T19:13:49.098+0000] {dag.py:4180} INFO - Setting next_dagrun for example_setup_teardown to None, run_after=None
[2026-06-18T19:13:49.176+0000] {processor.py:208} INFO - Processing /home/airflow/.local/lib/python3.12/site-packages/airflow/example_dags/example_setup_teardown.py took 0.249 seconds
[2026-06-18T19:14:19.412+0000] {processor.py:186} INFO - Started process (PID=330) to work on /home/airflow/.local/lib/python3.12/site-packages/airflow/example_dags/example_setup_teardown.py
[2026-06-18T19:14:19.417+0000] {processor.py:914} INFO - Processing file /home/airflow/.local/lib/python3.12/site-packages/airflow/example_dags/example_setup_teardown.py for tasks to queue
[2026-06-18T19:14:19.424+0000] {logging_mixin.py:190} INFO - [2026-06-18T19:14:19.423+0000] {dagbag.py:588} INFO - Filling up the DagBag from /home/airflow/.local/lib/python3.12/site-packages/airflow/example_dags/example_setup_teardown.py
[2026-06-18T19:14:19.445+0000] {processor.py:925} INFO - DAG(s) 'example_setup_teardown' retrieved from /home/airflow/.local/lib/python3.12/site-packages/airflow/example_dags/example_setup_teardown.py
[2026-06-18T19:14:19.485+0000] {logging_mixin.py:190} INFO - [2026-06-18T19:14:19.485+0000] {dag.py:3239} INFO - Sync 1 DAGs
[2026-06-18T19:14:19.512+0000] {logging_mixin.py:190} INFO - [2026-06-18T19:14:19.512+0000] {dag.py:4180} INFO - Setting next_dagrun for example_setup_teardown to None, run_after=None
[2026-06-18T19:14:19.550+0000] {processor.py:208} INFO - Processing /home/airflow/.local/lib/python3.12/site-packages/airflow/example_dags/example_setup_teardown.py took 0.155 seconds
[2026-06-18T19:14:49.797+0000] {processor.py:186} INFO - Started process (PID=394) to work on /home/airflow/.local/lib/python3.12/site-packages/airflow/example_dags/example_setup_teardown.py
[2026-06-18T19:14:49.802+0000] {processor.py:914} INFO - Processing file /home/airflow/.local/lib/python3.12/site-packages/airflow/example_dags/example_setup_teardown.py for tasks to queue
[2026-06-18T19:14:49.809+0000] {logging_mixin.py:190} INFO - [2026-06-18T19:14:49.808+0000] {dagbag.py:588} INFO - Filling up the DagBag from /home/airflow/.local/lib/python3.12/site-packages/airflow/example_dags/example_setup_teardown.py
[2026-06-18T19:14:49.841+0000] {processor.py:925} INFO - DAG(s) 'example_setup_teardown' retrieved from /home/airflow/.local/lib/python3.12/site-packages/airflow/example_dags/example_setup_teardown.py
[2026-06-18T19:14:49.912+0000] {logging_mixin.py:190} INFO - [2026-06-18T19:14:49.912+0000] {dag.py:3239} INFO - Sync 1 DAGs
[2026-06-18T19:14:49.969+0000] {logging_mixin.py:190} INFO - [2026-06-18T19:14:49.968+0000] {dag.py:4180} INFO - Setting next_dagrun for example_setup_teardown to None, run_after=None
[2026-06-18T19:14:50.040+0000] {processor.py:208} INFO - Processing /home/airflow/.local/lib/python3.12/site-packages/airflow/example_dags/example_setup_teardown.py took 0.262 seconds
[2026-06-18T19:15:20.700+0000] {processor.py:186} INFO - Started process (PID=458) to work on /home/airflow/.local/lib/python3.12/site-packages/airflow/example_dags/example_setup_teardown.py
[2026-06-18T19:15:20.708+0000] {processor.py:914} INFO - Processing file /home/airflow/.local/lib/python3.12/site-packages/airflow/example_dags/example_setup_teardown.py for tasks to queue
[2026-06-18T19:15:20.718+0000] {logging_mixin.py:190} INFO - [2026-06-18T19:15:20.717+0000] {dagbag.py:588} INFO - Filling up the DagBag from /home/airflow/.local/lib/python3.12/site-packages/airflow/example_dags/example_setup_teardown.py
[2026-06-18T19:15:20.744+0000] {processor.py:925} INFO - DAG(s) 'example_setup_teardown' retrieved from /home/airflow/.local/lib/python3.12/site-packages/airflow/example_dags/example_setup_teardown.py
[2026-06-18T19:15:20.797+0000] {logging_mixin.py:190} INFO - [2026-06-18T19:15:20.797+0000] {dag.py:3239} INFO - Sync 1 DAGs
[2026-06-18T19:15:20.829+0000] {logging_mixin.py:190} INFO - [2026-06-18T19:15:20.829+0000] {dag.py:4180} INFO - Setting next_dagrun for example_setup_teardown to None, run_after=None
[2026-06-18T19:15:20.867+0000] {processor.py:208} INFO - Processing /home/airflow/.local/lib/python3.12/site-packages/airflow/example_dags/example_setup_teardown.py took 0.187 seconds
[2026-06-18T19:15:51.832+0000] {processor.py:186} INFO - Started process (PID=522) to work on /home/airflow/.local/lib/python3.12/site-packages/airflow/example_dags/example_setup_teardown.py
[2026-06-18T19:15:51.840+0000] {processor.py:914} INFO - Processing file /home/airflow/.local/lib/python3.12/site-packages/airflow/example_dags/example_setup_teardown.py for tasks to queue
[2026-06-18T19:15:51.848+0000] {logging_mixin.py:190} INFO - [2026-06-18T19:15:51.847+0000] {dagbag.py:588} INFO - Filling up the DagBag from /home/airflow/.local/lib/python3.12/site-packages/airflow/example_dags/example_setup_teardown.py
[2026-06-18T19:15:51.873+0000] {processor.py:925} INFO - DAG(s) 'example_setup_teardown' retrieved from /home/airflow/.local/lib/python3.12/site-packages/airflow/example_dags/example_setup_teardown.py
[2026-06-18T19:15:51.949+0000] {logging_mixin.py:190} INFO - [2026-06-18T19:15:51.948+0000] {dag.py:3239} INFO - Sync 1 DAGs
[2026-06-18T19:15:52.047+0000] {logging_mixin.py:190} INFO - [2026-06-18T19:15:52.047+0000] {dag.py:4180} INFO - Setting next_dagrun for example_setup_teardown to None, run_after=None
[2026-06-18T19:15:52.387+0000] {processor.py:208} INFO - Processing /home/airflow/.local/lib/python3.12/site-packages/airflow/example_dags/example_setup_teardown.py took 0.587 seconds
[2026-06-18T19:16:22.590+0000] {processor.py:186} INFO - Started process (PID=585) to work on /home/airflow/.local/lib/python3.12/site-packages/airflow/example_dags/example_setup_teardown.py
[2026-06-18T19:16:22.594+0000] {processor.py:914} INFO - Processing file /home/airflow/.local/lib/python3.12/site-packages/airflow/example_dags/example_setup_teardown.py for tasks to queue
[2026-06-18T19:16:22.604+0000] {logging_mixin.py:190} INFO - [2026-06-18T19:16:22.603+0000] {dagbag.py:588} INFO - Filling up the DagBag from /home/airflow/.local/lib/python3.12/site-packages/airflow/example_dags/example_setup_teardown.py
[2026-06-18T19:16:22.627+0000] {processor.py:925} INFO - DAG(s) 'example_setup_teardown' retrieved from /home/airflow/.local/lib/python3.12/site-packages/airflow/example_dags/example_setup_teardown.py
[2026-06-18T19:16:22.681+0000] {logging_mixin.py:190} INFO - [2026-06-18T19:16:22.681+0000] {dag.py:3239} INFO - Sync 1 DAGs
[2026-06-18T19:16:22.713+0000] {logging_mixin.py:190} INFO - [2026-06-18T19:16:22.713+0000] {dag.py:4180} INFO - Setting next_dagrun for example_setup_teardown to None, run_after=None
[2026-06-18T19:16:22.747+0000] {processor.py:208} INFO - Processing /home/airflow/.local/lib/python3.12/site-packages/airflow/example_dags/example_setup_teardown.py took 0.175 seconds
[2026-06-18T19:16:53.441+0000] {processor.py:186} INFO - Started process (PID=649) to work on /home/airflow/.local/lib/python3.12/site-packages/airflow/example_dags/example_setup_teardown.py
[2026-06-18T19:16:53.443+0000] {processor.py:914} INFO - Processing file /home/airflow/.local/lib/python3.12/site-packages/airflow/example_dags/example_setup_teardown.py for tasks to queue
[2026-06-18T19:16:53.447+0000] {logging_mixin.py:190} INFO - [2026-06-18T19:16:53.447+0000] {dagbag.py:588} INFO - Filling up the DagBag from /home/airflow/.local/lib/python3.12/site-packages/airflow/example_dags/example_setup_teardown.py
[2026-06-18T19:16:53.460+0000] {processor.py:925} INFO - DAG(s) 'example_setup_teardown' retrieved from /home/airflow/.local/lib/python3.12/site-packages/airflow/example_dags/example_setup_teardown.py
[2026-06-18T19:16:53.487+0000] {logging_mixin.py:190} INFO - [2026-06-18T19:16:53.486+0000] {dag.py:3239} INFO - Sync 1 DAGs
[2026-06-18T19:16:53.501+0000] {logging_mixin.py:190} INFO - [2026-06-18T19:16:53.500+0000] {dag.py:4180} INFO - Setting next_dagrun for example_setup_teardown to None, run_after=None
[2026-06-18T19:16:53.517+0000] {processor.py:208} INFO - Processing /home/airflow/.local/lib/python3.12/site-packages/airflow/example_dags/example_setup_teardown.py took 0.083 seconds
[2026-06-18T19:17:23.640+0000] {processor.py:186} INFO - Started process (PID=713) to work on /home/airflow/.local/lib/python3.12/site-packages/airflow/example_dags/example_setup_teardown.py
[2026-06-18T19:17:23.643+0000] {processor.py:914} INFO - Processing file /home/airflow/.local/lib/python3.12/site-packages/airflow/example_dags/example_setup_teardown.py for tasks to queue
[2026-06-18T19:17:23.647+0000] {logging_mixin.py:190} INFO - [2026-06-18T19:17:23.647+0000] {dagbag.py:588} INFO - Filling up the DagBag from /home/airflow/.local/lib/python3.12/site-packages/airflow/example_dags/example_setup_teardown.py
[2026-06-18T19:17:23.656+0000] {processor.py:925} INFO - DAG(s) 'example_setup_teardown' retrieved from /home/airflow/.local/lib/python3.12/site-packages/airflow/example_dags/example_setup_teardown.py
[2026-06-18T19:17:23.679+0000] {logging_mixin.py:190} INFO - [2026-06-18T19:17:23.679+0000] {dag.py:3239} INFO - Sync 1 DAGs
[2026-06-18T19:17:23.697+0000] {logging_mixin.py:190} INFO - [2026-06-18T19:17:23.696+0000] {dag.py:4180} INFO - Setting next_dagrun for example_setup_teardown to None, run_after=None
[2026-06-18T19:17:23.716+0000] {processor.py:208} INFO - Processing /home/airflow/.local/lib/python3.12/site-packages/airflow/example_dags/example_setup_teardown.py took 0.082 seconds
[2026-06-18T19:17:54.600+0000] {processor.py:186} INFO - Started process (PID=776) to work on /home/airflow/.local/lib/python3.12/site-packages/airflow/example_dags/example_setup_teardown.py
[2026-06-18T19:17:54.606+0000] {processor.py:914} INFO - Processing file /home/airflow/.local/lib/python3.12/site-packages/airflow/example_dags/example_setup_teardown.py for tasks to queue
[2026-06-18T19:17:54.614+0000] {logging_mixin.py:190} INFO - [2026-06-18T19:17:54.613+0000] {dagbag.py:588} INFO - Filling up the DagBag from /home/airflow/.local/lib/python3.12/site-packages/airflow/example_dags/example_setup_teardown.py
[2026-06-18T19:17:54.634+0000] {processor.py:925} INFO - DAG(s) 'example_setup_teardown' retrieved from /home/airflow/.local/lib/python3.12/site-packages/airflow/example_dags/example_setup_teardown.py
[2026-06-18T19:17:54.674+0000] {logging_mixin.py:190} INFO - [2026-06-18T19:17:54.674+0000] {dag.py:3239} INFO - Sync 1 DAGs
[2026-06-18T19:17:54.700+0000] {logging_mixin.py:190} INFO - [2026-06-18T19:17:54.700+0000] {dag.py:4180} INFO - Setting next_dagrun for example_setup_teardown to None, run_after=None
[2026-06-18T19:17:54.739+0000] {processor.py:208} INFO - Processing /home/airflow/.local/lib/python3.12/site-packages/airflow/example_dags/example_setup_teardown.py took 0.154 seconds
[2026-06-18T19:18:26.784+0000] {processor.py:186} INFO - Started process (PID=840) to work on /home/airflow/.local/lib/python3.12/site-packages/airflow/example_dags/example_setup_teardown.py
[2026-06-18T19:18:26.789+0000] {processor.py:914} INFO - Processing file /home/airflow/.local/lib/python3.12/site-packages/airflow/example_dags/example_setup_teardown.py for tasks to queue
[2026-06-18T19:18:26.797+0000] {logging_mixin.py:190} INFO - [2026-06-18T19:18:26.796+0000] {dagbag.py:588} INFO - Filling up the DagBag from /home/airflow/.local/lib/python3.12/site-packages/airflow/example_dags/example_setup_teardown.py
[2026-06-18T19:18:26.833+0000] {processor.py:925} INFO - DAG(s) 'example_setup_teardown' retrieved from /home/airflow/.local/lib/python3.12/site-packages/airflow/example_dags/example_setup_teardown.py
[2026-06-18T19:18:26.883+0000] {logging_mixin.py:190} INFO - [2026-06-18T19:18:26.883+0000] {dag.py:3239} INFO - Sync 1 DAGs
[2026-06-18T19:18:26.925+0000] {logging_mixin.py:190} INFO - [2026-06-18T19:18:26.924+0000] {dag.py:4180} INFO - Setting next_dagrun for example_setup_teardown to None, run_after=None
[2026-06-18T19:18:26.968+0000] {processor.py:208} INFO - Processing /home/airflow/.local/lib/python3.12/site-packages/airflow/example_dags/example_setup_teardown.py took 0.208 seconds
[2026-06-18T19:18:57.253+0000] {processor.py:186} INFO - Started process (PID=904) to work on /home/airflow/.local/lib/python3.12/site-packages/airflow/example_dags/example_setup_teardown.py
[2026-06-18T19:18:57.257+0000] {processor.py:914} INFO - Processing file /home/airflow/.local/lib/python3.12/site-packages/airflow/example_dags/example_setup_teardown.py for tasks to queue
[2026-06-18T19:18:57.263+0000] {logging_mixin.py:190} INFO - [2026-06-18T19:18:57.262+0000] {dagbag.py:588} INFO - Filling up the DagBag from /home/airflow/.local/lib/python3.12/site-packages/airflow/example_dags/example_setup_teardown.py
[2026-06-18T19:18:57.277+0000] {processor.py:925} INFO - DAG(s) 'example_setup_teardown' retrieved from /home/airflow/.local/lib/python3.12/site-packages/airflow/example_dags/example_setup_teardown.py
[2026-06-18T19:18:57.308+0000] {logging_mixin.py:190} INFO - [2026-06-18T19:18:57.308+0000] {dag.py:3239} INFO - Sync 1 DAGs
[2026-06-18T19:18:57.330+0000] {logging_mixin.py:190} INFO - [2026-06-18T19:18:57.329+0000] {dag.py:4180} INFO - Setting next_dagrun for example_setup_teardown to None, run_after=None
[2026-06-18T19:18:57.356+0000] {processor.py:208} INFO - Processing /home/airflow/.local/lib/python3.12/site-packages/airflow/example_dags/example_setup_teardown.py took 0.114 seconds
[2026-06-18T19:19:27.706+0000] {processor.py:186} INFO - Started process (PID=964) to work on /home/airflow/.local/lib/python3.12/site-packages/airflow/example_dags/example_setup_teardown.py
[2026-06-18T19:19:27.713+0000] {processor.py:914} INFO - Processing file /home/airflow/.local/lib/python3.12/site-packages/airflow/example_dags/example_setup_teardown.py for tasks to queue
[2026-06-18T19:19:27.720+0000] {logging_mixin.py:190} INFO - [2026-06-18T19:19:27.719+0000] {dagbag.py:588} INFO - Filling up the DagBag from /home/airflow/.local/lib/python3.12/site-packages/airflow/example_dags/example_setup_teardown.py
[2026-06-18T19:19:27.738+0000] {processor.py:925} INFO - DAG(s) 'example_setup_teardown' retrieved from /home/airflow/.local/lib/python3.12/site-packages/airflow/example_dags/example_setup_teardown.py
[2026-06-18T19:19:27.781+0000] {logging_mixin.py:190} INFO - [2026-06-18T19:19:27.780+0000] {dag.py:3239} INFO - Sync 1 DAGs
[2026-06-18T19:19:27.818+0000] {logging_mixin.py:190} INFO - [2026-06-18T19:19:27.818+0000] {dag.py:4180} INFO - Setting next_dagrun for example_setup_teardown to None, run_after=None
[2026-06-18T19:19:27.856+0000] {processor.py:208} INFO - Processing /home/airflow/.local/lib/python3.12/site-packages/airflow/example_dags/example_setup_teardown.py took 0.159 seconds
[2026-06-18T19:19:58.231+0000] {processor.py:186} INFO - Started process (PID=1028) to work on /home/airflow/.local/lib/python3.12/site-packages/airflow/example_dags/example_setup_teardown.py
[2026-06-18T19:19:58.234+0000] {processor.py:914} INFO - Processing file /home/airflow/.local/lib/python3.12/site-packages/airflow/example_dags/example_setup_teardown.py for tasks to queue
[2026-06-18T19:19:58.237+0000] {logging_mixin.py:190} INFO - [2026-06-18T19:19:58.237+0000] {dagbag.py:588} INFO - Filling up the DagBag from /home/airflow/.local/lib/python3.12/site-packages/airflow/example_dags/example_setup_teardown.py
[2026-06-18T19:19:58.248+0000] {processor.py:925} INFO - DAG(s) 'example_setup_teardown' retrieved from /home/airflow/.local/lib/python3.12/site-packages/airflow/example_dags/example_setup_teardown.py
[2026-06-18T19:19:58.275+0000] {logging_mixin.py:190} INFO - [2026-06-18T19:19:58.274+0000] {dag.py:3239} INFO - Sync 1 DAGs
[2026-06-18T19:19:58.291+0000] {logging_mixin.py:190} INFO - [2026-06-18T19:19:58.290+0000] {dag.py:4180} INFO - Setting next_dagrun for example_setup_teardown to None, run_after=None
[2026-06-18T19:19:58.313+0000] {processor.py:208} INFO - Processing /home/airflow/.local/lib/python3.12/site-packages/airflow/example_dags/example_setup_teardown.py took 0.088 seconds
[2026-06-18T19:20:29.186+0000] {processor.py:186} INFO - Started process (PID=1092) to work on /home/airflow/.local/lib/python3.12/site-packages/airflow/example_dags/example_setup_teardown.py
[2026-06-18T19:20:29.190+0000] {processor.py:914} INFO - Processing file /home/airflow/.local/lib/python3.12/site-packages/airflow/example_dags/example_setup_teardown.py for tasks to queue
[2026-06-18T19:20:29.194+0000] {logging_mixin.py:190} INFO - [2026-06-18T19:20:29.194+0000] {dagbag.py:588} INFO - Filling up the DagBag from /home/airflow/.local/lib/python3.12/site-packages/airflow/example_dags/example_setup_teardown.py
[2026-06-18T19:20:29.205+0000] {processor.py:925} INFO - DAG(s) 'example_setup_teardown' retrieved from /home/airflow/.local/lib/python3.12/site-packages/airflow/example_dags/example_setup_teardown.py
[2026-06-18T19:20:29.235+0000] {logging_mixin.py:190} INFO - [2026-06-18T19:20:29.235+0000] {dag.py:3239} INFO - Sync 1 DAGs
[2026-06-18T19:20:29.256+0000] {logging_mixin.py:190} INFO - [2026-06-18T19:20:29.256+0000] {dag.py:4180} INFO - Setting next_dagrun for example_setup_teardown to None, run_after=None
[2026-06-18T19:20:29.283+0000] {processor.py:208} INFO - Processing /home/airflow/.local/lib/python3.12/site-packages/airflow/example_dags/example_setup_teardown.py took 0.104 seconds
[2026-06-18T19:20:59.528+0000] {processor.py:186} INFO - Started process (PID=1151) to work on /home/airflow/.local/lib/python3.12/site-packages/airflow/example_dags/example_setup_teardown.py
[2026-06-18T19:20:59.533+0000] {processor.py:914} INFO - Processing file /home/airflow/.local/lib/python3.12/site-packages/airflow/example_dags/example_setup_teardown.py for tasks to queue
[2026-06-18T19:20:59.541+0000] {logging_mixin.py:190} INFO - [2026-06-18T19:20:59.540+0000] {dagbag.py:588} INFO - Filling up the DagBag from /home/airflow/.local/lib/python3.12/site-packages/airflow/example_dags/example_setup_teardown.py
[2026-06-18T19:20:59.562+0000] {processor.py:925} INFO - DAG(s) 'example_setup_teardown' retrieved from /home/airflow/.local/lib/python3.12/site-packages/airflow/example_dags/example_setup_teardown.py
[2026-06-18T19:20:59.614+0000] {logging_mixin.py:190} INFO - [2026-06-18T19:20:59.613+0000] {dag.py:3239} INFO - Sync 1 DAGs
[2026-06-18T19:20:59.657+0000] {logging_mixin.py:190} INFO - [2026-06-18T19:20:59.656+0000] {dag.py:4180} INFO - Setting next_dagrun for example_setup_teardown to None, run_after=None
[2026-06-18T19:20:59.698+0000] {processor.py:208} INFO - Processing /home/airflow/.local/lib/python3.12/site-packages/airflow/example_dags/example_setup_teardown.py took 0.184 seconds
[2026-06-18T19:21:30.034+0000] {processor.py:186} INFO - Started process (PID=1215) to work on /home/airflow/.local/lib/python3.12/site-packages/airflow/example_dags/example_setup_teardown.py
[2026-06-18T19:21:30.038+0000] {processor.py:914} INFO - Processing file /home/airflow/.local/lib/python3.12/site-packages/airflow/example_dags/example_setup_teardown.py for tasks to queue
[2026-06-18T19:21:30.045+0000] {logging_mixin.py:190} INFO - [2026-06-18T19:21:30.044+0000] {dagbag.py:588} INFO - Filling up the DagBag from /home/airflow/.local/lib/python3.12/site-packages/airflow/example_dags/example_setup_teardown.py
[2026-06-18T19:21:30.068+0000] {processor.py:925} INFO - DAG(s) 'example_setup_teardown' retrieved from /home/airflow/.local/lib/python3.12/site-packages/airflow/example_dags/example_setup_teardown.py
[2026-06-18T19:21:30.126+0000] {logging_mixin.py:190} INFO - [2026-06-18T19:21:30.126+0000] {dag.py:3239} INFO - Sync 1 DAGs
[2026-06-18T19:21:30.168+0000] {logging_mixin.py:190} INFO - [2026-06-18T19:21:30.167+0000] {dag.py:4180} INFO - Setting next_dagrun for example_setup_teardown to None, run_after=None
[2026-06-18T19:21:30.207+0000] {processor.py:208} INFO - Processing /home/airflow/.local/lib/python3.12/site-packages/airflow/example_dags/example_setup_teardown.py took 0.189 seconds
[2026-06-18T19:22:03.109+0000] {processor.py:186} INFO - Started process (PID=1276) to work on /home/airflow/.local/lib/python3.12/site-packages/airflow/example_dags/example_setup_teardown.py
[2026-06-18T19:22:03.117+0000] {processor.py:914} INFO - Processing file /home/airflow/.local/lib/python3.12/site-packages/airflow/example_dags/example_setup_teardown.py for tasks to queue
[2026-06-18T19:22:03.125+0000] {logging_mixin.py:190} INFO - [2026-06-18T19:22:03.124+0000] {dagbag.py:588} INFO - Filling up the DagBag from /home/airflow/.local/lib/python3.12/site-packages/airflow/example_dags/example_setup_teardown.py
[2026-06-18T19:22:03.147+0000] {processor.py:925} INFO - DAG(s) 'example_setup_teardown' retrieved from /home/airflow/.local/lib/python3.12/site-packages/airflow/example_dags/example_setup_teardown.py
[2026-06-18T19:22:03.204+0000] {logging_mixin.py:190} INFO - [2026-06-18T19:22:03.204+0000] {dag.py:3239} INFO - Sync 1 DAGs
[2026-06-18T19:22:03.238+0000] {logging_mixin.py:190} INFO - [2026-06-18T19:22:03.238+0000] {dag.py:4180} INFO - Setting next_dagrun for example_setup_teardown to None, run_after=None
[2026-06-18T19:22:03.276+0000] {processor.py:208} INFO - Processing /home/airflow/.local/lib/python3.12/site-packages/airflow/example_dags/example_setup_teardown.py took 0.187 seconds
[2026-06-18T19:22:35.282+0000] {processor.py:186} INFO - Started process (PID=1339) to work on /home/airflow/.local/lib/python3.12/site-packages/airflow/example_dags/example_setup_teardown.py
[2026-06-18T19:22:35.286+0000] {processor.py:914} INFO - Processing file /home/airflow/.local/lib/python3.12/site-packages/airflow/example_dags/example_setup_teardown.py for tasks to queue
[2026-06-18T19:22:35.292+0000] {logging_mixin.py:190} INFO - [2026-06-18T19:22:35.292+0000] {dagbag.py:588} INFO - Filling up the DagBag from /home/airflow/.local/lib/python3.12/site-packages/airflow/example_dags/example_setup_teardown.py
[2026-06-18T19:22:35.317+0000] {processor.py:925} INFO - DAG(s) 'example_setup_teardown' retrieved from /home/airflow/.local/lib/python3.12/site-packages/airflow/example_dags/example_setup_teardown.py
[2026-06-18T19:22:35.377+0000] {logging_mixin.py:190} INFO - [2026-06-18T19:22:35.376+0000] {dag.py:3239} INFO - Sync 1 DAGs
[2026-06-18T19:22:35.412+0000] {logging_mixin.py:190} INFO - [2026-06-18T19:22:35.411+0000] {dag.py:4180} INFO - Setting next_dagrun for example_setup_teardown to None, run_after=None
[2026-06-18T19:22:35.455+0000] {processor.py:208} INFO - Processing /home/airflow/.local/lib/python3.12/site-packages/airflow/example_dags/example_setup_teardown.py took 0.191 seconds
[2026-06-18T19:23:06.137+0000] {processor.py:186} INFO - Started process (PID=1403) to work on /home/airflow/.local/lib/python3.12/site-packages/airflow/example_dags/example_setup_teardown.py
[2026-06-18T19:23:06.141+0000] {processor.py:914} INFO - Processing file /home/airflow/.local/lib/python3.12/site-packages/airflow/example_dags/example_setup_teardown.py for tasks to queue
[2026-06-18T19:23:06.148+0000] {logging_mixin.py:190} INFO - [2026-06-18T19:23:06.148+0000] {dagbag.py:588} INFO - Filling up the DagBag from /home/airflow/.local/lib/python3.12/site-packages/airflow/example_dags/example_setup_teardown.py
[2026-06-18T19:23:06.165+0000] {processor.py:925} INFO - DAG(s) 'example_setup_teardown' retrieved from /home/airflow/.local/lib/python3.12/site-packages/airflow/example_dags/example_setup_teardown.py
[2026-06-18T19:23:06.202+0000] {logging_mixin.py:190} INFO - [2026-06-18T19:23:06.201+0000] {dag.py:3239} INFO - Sync 1 DAGs
[2026-06-18T19:23:06.230+0000] {logging_mixin.py:190} INFO - [2026-06-18T19:23:06.229+0000] {dag.py:4180} INFO - Setting next_dagrun for example_setup_teardown to None, run_after=None
[2026-06-18T19:23:06.285+0000] {processor.py:208} INFO - Processing /home/airflow/.local/lib/python3.12/site-packages/airflow/example_dags/example_setup_teardown.py took 0.161 seconds
[2026-06-18T19:23:37.298+0000] {processor.py:186} INFO - Started process (PID=1461) to work on /home/airflow/.local/lib/python3.12/site-packages/airflow/example_dags/example_setup_teardown.py
[2026-06-18T19:23:37.302+0000] {processor.py:914} INFO - Processing file /home/airflow/.local/lib/python3.12/site-packages/airflow/example_dags/example_setup_teardown.py for tasks to queue
[2026-06-18T19:23:37.312+0000] {logging_mixin.py:190} INFO - [2026-06-18T19:23:37.311+0000] {dagbag.py:588} INFO - Filling up the DagBag from /home/airflow/.local/lib/python3.12/site-packages/airflow/example_dags/example_setup_teardown.py
[2026-06-18T19:23:37.343+0000] {processor.py:925} INFO - DAG(s) 'example_setup_teardown' retrieved from /home/airflow/.local/lib/python3.12/site-packages/airflow/example_dags/example_setup_teardown.py
[2026-06-18T19:23:37.433+0000] {logging_mixin.py:190} INFO - [2026-06-18T19:23:37.432+0000] {dag.py:3239} INFO - Sync 1 DAGs
[2026-06-18T19:23:37.465+0000] {logging_mixin.py:190} INFO - [2026-06-18T19:23:37.465+0000] {dag.py:4180} INFO - Setting next_dagrun for example_setup_teardown to None, run_after=None
[2026-06-18T19:23:37.497+0000] {processor.py:208} INFO - Processing /home/airflow/.local/lib/python3.12/site-packages/airflow/example_dags/example_setup_teardown.py took 0.219 seconds
[2026-06-18T19:24:07.969+0000] {processor.py:186} INFO - Started process (PID=1524) to work on /home/airflow/.local/lib/python3.12/site-packages/airflow/example_dags/example_setup_teardown.py
[2026-06-18T19:24:07.972+0000] {processor.py:914} INFO - Processing file /home/airflow/.local/lib/python3.12/site-packages/airflow/example_dags/example_setup_teardown.py for tasks to queue
[2026-06-18T19:24:07.975+0000] {logging_mixin.py:190} INFO - [2026-06-18T19:24:07.975+0000] {dagbag.py:588} INFO - Filling up the DagBag from /home/airflow/.local/lib/python3.12/site-packages/airflow/example_dags/example_setup_teardown.py
[2026-06-18T19:24:07.986+0000] {processor.py:925} INFO - DAG(s) 'example_setup_teardown' retrieved from /home/airflow/.local/lib/python3.12/site-packages/airflow/example_dags/example_setup_teardown.py
[2026-06-18T19:24:08.013+0000] {logging_mixin.py:190} INFO - [2026-06-18T19:24:08.013+0000] {dag.py:3239} INFO - Sync 1 DAGs
[2026-06-18T19:24:08.030+0000] {logging_mixin.py:190} INFO - [2026-06-18T19:24:08.030+0000] {dag.py:4180} INFO - Setting next_dagrun for example_setup_teardown to None, run_after=None
[2026-06-18T19:24:08.050+0000] {processor.py:208} INFO - Processing /home/airflow/.local/lib/python3.12/site-packages/airflow/example_dags/example_setup_teardown.py took 0.088 seconds
[2026-06-18T19:24:38.155+0000] {processor.py:186} INFO - Started process (PID=1582) to work on /home/airflow/.local/lib/python3.12/site-packages/airflow/example_dags/example_setup_teardown.py
[2026-06-18T19:24:38.158+0000] {processor.py:914} INFO - Processing file /home/airflow/.local/lib/python3.12/site-packages/airflow/example_dags/example_setup_teardown.py for tasks to queue
[2026-06-18T19:24:38.163+0000] {logging_mixin.py:190} INFO - [2026-06-18T19:24:38.163+0000] {dagbag.py:588} INFO - Filling up the DagBag from /home/airflow/.local/lib/python3.12/site-packages/airflow/example_dags/example_setup_teardown.py
[2026-06-18T19:24:38.175+0000] {processor.py:925} INFO - DAG(s) 'example_setup_teardown' retrieved from /home/airflow/.local/lib/python3.12/site-packages/airflow/example_dags/example_setup_teardown.py
[2026-06-18T19:24:38.202+0000] {logging_mixin.py:190} INFO - [2026-06-18T19:24:38.202+0000] {dag.py:3239} INFO - Sync 1 DAGs
[2026-06-18T19:24:38.220+0000] {logging_mixin.py:190} INFO - [2026-06-18T19:24:38.220+0000] {dag.py:4180} INFO - Setting next_dagrun for example_setup_teardown to None, run_after=None
[2026-06-18T19:24:38.246+0000] {processor.py:208} INFO - Processing /home/airflow/.local/lib/python3.12/site-packages/airflow/example_dags/example_setup_teardown.py took 0.100 seconds
[2026-06-18T19:25:08.538+0000] {processor.py:186} INFO - Started process (PID=1646) to work on /home/airflow/.local/lib/python3.12/site-packages/airflow/example_dags/example_setup_teardown.py
[2026-06-18T19:25:08.542+0000] {processor.py:914} INFO - Processing file /home/airflow/.local/lib/python3.12/site-packages/airflow/example_dags/example_setup_teardown.py for tasks to queue
[2026-06-18T19:25:08.547+0000] {logging_mixin.py:190} INFO - [2026-06-18T19:25:08.547+0000] {dagbag.py:588} INFO - Filling up the DagBag from /home/airflow/.local/lib/python3.12/site-packages/airflow/example_dags/example_setup_teardown.py
[2026-06-18T19:25:08.563+0000] {processor.py:925} INFO - DAG(s) 'example_setup_teardown' retrieved from /home/airflow/.local/lib/python3.12/site-packages/airflow/example_dags/example_setup_teardown.py
[2026-06-18T19:25:08.603+0000] {logging_mixin.py:190} INFO - [2026-06-18T19:25:08.603+0000] {dag.py:3239} INFO - Sync 1 DAGs
[2026-06-18T19:25:08.635+0000] {logging_mixin.py:190} INFO - [2026-06-18T19:25:08.634+0000] {dag.py:4180} INFO - Setting next_dagrun for example_setup_teardown to None, run_after=None
[2026-06-18T19:25:08.667+0000] {processor.py:208} INFO - Processing /home/airflow/.local/lib/python3.12/site-packages/airflow/example_dags/example_setup_teardown.py took 0.137 seconds
[2026-06-18T19:25:39.382+0000] {processor.py:186} INFO - Started process (PID=1710) to work on /home/airflow/.local/lib/python3.12/site-packages/airflow/example_dags/example_setup_teardown.py
[2026-06-18T19:25:39.385+0000] {processor.py:914} INFO - Processing file /home/airflow/.local/lib/python3.12/site-packages/airflow/example_dags/example_setup_teardown.py for tasks to queue
[2026-06-18T19:25:39.390+0000] {logging_mixin.py:190} INFO - [2026-06-18T19:25:39.390+0000] {dagbag.py:588} INFO - Filling up the DagBag from /home/airflow/.local/lib/python3.12/site-packages/airflow/example_dags/example_setup_teardown.py
[2026-06-18T19:25:39.410+0000] {processor.py:925} INFO - DAG(s) 'example_setup_teardown' retrieved from /home/airflow/.local/lib/python3.12/site-packages/airflow/example_dags/example_setup_teardown.py
[2026-06-18T19:25:39.450+0000] {logging_mixin.py:190} INFO - [2026-06-18T19:25:39.449+0000] {dag.py:3239} INFO - Sync 1 DAGs
[2026-06-18T19:25:39.482+0000] {logging_mixin.py:190} INFO - [2026-06-18T19:25:39.481+0000] {dag.py:4180} INFO - Setting next_dagrun for example_setup_teardown to None, run_after=None
[2026-06-18T19:25:39.520+0000] {processor.py:208} INFO - Processing /home/airflow/.local/lib/python3.12/site-packages/airflow/example_dags/example_setup_teardown.py took 0.149 seconds
[2026-06-18T19:26:09.716+0000] {processor.py:186} INFO - Started process (PID=1774) to work on /home/airflow/.local/lib/python3.12/site-packages/airflow/example_dags/example_setup_teardown.py
[2026-06-18T19:26:09.721+0000] {processor.py:914} INFO - Processing file /home/airflow/.local/lib/python3.12/site-packages/airflow/example_dags/example_setup_teardown.py for tasks to queue
[2026-06-18T19:26:09.732+0000] {logging_mixin.py:190} INFO - [2026-06-18T19:26:09.731+0000] {dagbag.py:588} INFO - Filling up the DagBag from /home/airflow/.local/lib/python3.12/site-packages/airflow/example_dags/example_setup_teardown.py
[2026-06-18T19:26:09.758+0000] {processor.py:925} INFO - DAG(s) 'example_setup_teardown' retrieved from /home/airflow/.local/lib/python3.12/site-packages/airflow/example_dags/example_setup_teardown.py
[2026-06-18T19:26:09.827+0000] {logging_mixin.py:190} INFO - [2026-06-18T19:26:09.826+0000] {dag.py:3239} INFO - Sync 1 DAGs
[2026-06-18T19:26:09.874+0000] {logging_mixin.py:190} INFO - [2026-06-18T19:26:09.874+0000] {dag.py:4180} INFO - Setting next_dagrun for example_setup_teardown to None, run_after=None
[2026-06-18T19:26:09.923+0000] {processor.py:208} INFO - Processing /home/airflow/.local/lib/python3.12/site-packages/airflow/example_dags/example_setup_teardown.py took 0.241 seconds
[2026-06-18T19:26:40.064+0000] {processor.py:186} INFO - Started process (PID=1838) to work on /home/airflow/.local/lib/python3.12/site-packages/airflow/example_dags/example_setup_teardown.py
[2026-06-18T19:26:40.067+0000] {processor.py:914} INFO - Processing file /home/airflow/.local/lib/python3.12/site-packages/airflow/example_dags/example_setup_teardown.py for tasks to queue
[2026-06-18T19:26:40.072+0000] {logging_mixin.py:190} INFO - [2026-06-18T19:26:40.072+0000] {dagbag.py:588} INFO - Filling up the DagBag from /home/airflow/.local/lib/python3.12/site-packages/airflow/example_dags/example_setup_teardown.py
[2026-06-18T19:26:40.084+0000] {processor.py:925} INFO - DAG(s) 'example_setup_teardown' retrieved from /home/airflow/.local/lib/python3.12/site-packages/airflow/example_dags/example_setup_teardown.py
[2026-06-18T19:26:40.105+0000] {logging_mixin.py:190} INFO - [2026-06-18T19:26:40.104+0000] {dag.py:3239} INFO - Sync 1 DAGs
[2026-06-18T19:26:40.119+0000] {logging_mixin.py:190} INFO - [2026-06-18T19:26:40.119+0000] {dag.py:4180} INFO - Setting next_dagrun for example_setup_teardown to None, run_after=None
[2026-06-18T19:26:40.135+0000] {processor.py:208} INFO - Processing /home/airflow/.local/lib/python3.12/site-packages/airflow/example_dags/example_setup_teardown.py took 0.078 seconds
[2026-06-18T19:27:10.985+0000] {processor.py:186} INFO - Started process (PID=1902) to work on /home/airflow/.local/lib/python3.12/site-packages/airflow/example_dags/example_setup_teardown.py
[2026-06-18T19:27:10.989+0000] {processor.py:914} INFO - Processing file /home/airflow/.local/lib/python3.12/site-packages/airflow/example_dags/example_setup_teardown.py for tasks to queue
[2026-06-18T19:27:10.997+0000] {logging_mixin.py:190} INFO - [2026-06-18T19:27:10.996+0000] {dagbag.py:588} INFO - Filling up the DagBag from /home/airflow/.local/lib/python3.12/site-packages/airflow/example_dags/example_setup_teardown.py
[2026-06-18T19:27:11.017+0000] {processor.py:925} INFO - DAG(s) 'example_setup_teardown' retrieved from /home/airflow/.local/lib/python3.12/site-packages/airflow/example_dags/example_setup_teardown.py
[2026-06-18T19:27:11.061+0000] {logging_mixin.py:190} INFO - [2026-06-18T19:27:11.061+0000] {dag.py:3239} INFO - Sync 1 DAGs
[2026-06-18T19:27:11.093+0000] {logging_mixin.py:190} INFO - [2026-06-18T19:27:11.093+0000] {dag.py:4180} INFO - Setting next_dagrun for example_setup_teardown to None, run_after=None
[2026-06-18T19:27:11.129+0000] {processor.py:208} INFO - Processing /home/airflow/.local/lib/python3.12/site-packages/airflow/example_dags/example_setup_teardown.py took 0.164 seconds
[2026-06-18T19:27:41.818+0000] {processor.py:186} INFO - Started process (PID=1966) to work on /home/airflow/.local/lib/python3.12/site-packages/airflow/example_dags/example_setup_teardown.py
[2026-06-18T19:27:41.830+0000] {processor.py:914} INFO - Processing file /home/airflow/.local/lib/python3.12/site-packages/airflow/example_dags/example_setup_teardown.py for tasks to queue
[2026-06-18T19:27:41.844+0000] {logging_mixin.py:190} INFO - [2026-06-18T19:27:41.842+0000] {dagbag.py:588} INFO - Filling up the DagBag from /home/airflow/.local/lib/python3.12/site-packages/airflow/example_dags/example_setup_teardown.py
[2026-06-18T19:27:41.876+0000] {processor.py:925} INFO - DAG(s) 'example_setup_teardown' retrieved from /home/airflow/.local/lib/python3.12/site-packages/airflow/example_dags/example_setup_teardown.py
[2026-06-18T19:27:41.935+0000] {logging_mixin.py:190} INFO - [2026-06-18T19:27:41.934+0000] {dag.py:3239} INFO - Sync 1 DAGs
[2026-06-18T19:27:41.984+0000] {logging_mixin.py:190} INFO - [2026-06-18T19:27:41.983+0000] {dag.py:4180} INFO - Setting next_dagrun for example_setup_teardown to None, run_after=None
[2026-06-18T19:27:42.035+0000] {processor.py:208} INFO - Processing /home/airflow/.local/lib/python3.12/site-packages/airflow/example_dags/example_setup_teardown.py took 0.244 seconds
[2026-06-18T19:28:12.203+0000] {processor.py:186} INFO - Started process (PID=2029) to work on /home/airflow/.local/lib/python3.12/site-packages/airflow/example_dags/example_setup_teardown.py
[2026-06-18T19:28:12.213+0000] {processor.py:914} INFO - Processing file /home/airflow/.local/lib/python3.12/site-packages/airflow/example_dags/example_setup_teardown.py for tasks to queue
[2026-06-18T19:28:12.219+0000] {logging_mixin.py:190} INFO - [2026-06-18T19:28:12.218+0000] {dagbag.py:588} INFO - Filling up the DagBag from /home/airflow/.local/lib/python3.12/site-packages/airflow/example_dags/example_setup_teardown.py
[2026-06-18T19:28:12.232+0000] {processor.py:925} INFO - DAG(s) 'example_setup_teardown' retrieved from /home/airflow/.local/lib/python3.12/site-packages/airflow/example_dags/example_setup_teardown.py
[2026-06-18T19:28:12.266+0000] {logging_mixin.py:190} INFO - [2026-06-18T19:28:12.265+0000] {dag.py:3239} INFO - Sync 1 DAGs
[2026-06-18T19:28:12.295+0000] {logging_mixin.py:190} INFO - [2026-06-18T19:28:12.295+0000] {dag.py:4180} INFO - Setting next_dagrun for example_setup_teardown to None, run_after=None
[2026-06-18T19:28:12.335+0000] {processor.py:208} INFO - Processing /home/airflow/.local/lib/python3.12/site-packages/airflow/example_dags/example_setup_teardown.py took 0.143 seconds
[2026-06-18T19:28:42.874+0000] {processor.py:186} INFO - Started process (PID=2092) to work on /home/airflow/.local/lib/python3.12/site-packages/airflow/example_dags/example_setup_teardown.py
[2026-06-18T19:28:42.878+0000] {processor.py:914} INFO - Processing file /home/airflow/.local/lib/python3.12/site-packages/airflow/example_dags/example_setup_teardown.py for tasks to queue
[2026-06-18T19:28:42.884+0000] {logging_mixin.py:190} INFO - [2026-06-18T19:28:42.883+0000] {dagbag.py:588} INFO - Filling up the DagBag from /home/airflow/.local/lib/python3.12/site-packages/airflow/example_dags/example_setup_teardown.py
[2026-06-18T19:28:42.902+0000] {processor.py:925} INFO - DAG(s) 'example_setup_teardown' retrieved from /home/airflow/.local/lib/python3.12/site-packages/airflow/example_dags/example_setup_teardown.py
[2026-06-18T19:28:42.946+0000] {logging_mixin.py:190} INFO - [2026-06-18T19:28:42.946+0000] {dag.py:3239} INFO - Sync 1 DAGs
[2026-06-18T19:28:42.974+0000] {logging_mixin.py:190} INFO - [2026-06-18T19:28:42.973+0000] {dag.py:4180} INFO - Setting next_dagrun for example_setup_teardown to None, run_after=None
[2026-06-18T19:28:43.007+0000] {processor.py:208} INFO - Processing /home/airflow/.local/lib/python3.12/site-packages/airflow/example_dags/example_setup_teardown.py took 0.144 seconds
[2026-06-18T19:29:13.100+0000] {processor.py:186} INFO - Started process (PID=2156) to work on /home/airflow/.local/lib/python3.12/site-packages/airflow/example_dags/example_setup_teardown.py
[2026-06-18T19:29:13.118+0000] {processor.py:914} INFO - Processing file /home/airflow/.local/lib/python3.12/site-packages/airflow/example_dags/example_setup_teardown.py for tasks to queue
[2026-06-18T19:29:13.127+0000] {logging_mixin.py:190} INFO - [2026-06-18T19:29:13.126+0000] {dagbag.py:588} INFO - Filling up the DagBag from /home/airflow/.local/lib/python3.12/site-packages/airflow/example_dags/example_setup_teardown.py
[2026-06-18T19:29:13.159+0000] {processor.py:925} INFO - DAG(s) 'example_setup_teardown' retrieved from /home/airflow/.local/lib/python3.12/site-packages/airflow/example_dags/example_setup_teardown.py
[2026-06-18T19:29:13.222+0000] {logging_mixin.py:190} INFO - [2026-06-18T19:29:13.221+0000] {dag.py:3239} INFO - Sync 1 DAGs
[2026-06-18T19:29:13.254+0000] {logging_mixin.py:190} INFO - [2026-06-18T19:29:13.254+0000] {dag.py:4180} INFO - Setting next_dagrun for example_setup_teardown to None, run_after=None
[2026-06-18T19:29:13.295+0000] {processor.py:208} INFO - Processing /home/airflow/.local/lib/python3.12/site-packages/airflow/example_dags/example_setup_teardown.py took 0.210 seconds
[2026-06-18T19:29:44.170+0000] {processor.py:186} INFO - Started process (PID=2219) to work on /home/airflow/.local/lib/python3.12/site-packages/airflow/example_dags/example_setup_teardown.py
[2026-06-18T19:29:44.172+0000] {processor.py:914} INFO - Processing file /home/airflow/.local/lib/python3.12/site-packages/airflow/example_dags/example_setup_teardown.py for tasks to queue
[2026-06-18T19:29:44.177+0000] {logging_mixin.py:190} INFO - [2026-06-18T19:29:44.176+0000] {dagbag.py:588} INFO - Filling up the DagBag from /home/airflow/.local/lib/python3.12/site-packages/airflow/example_dags/example_setup_teardown.py
[2026-06-18T19:29:44.187+0000] {processor.py:925} INFO - DAG(s) 'example_setup_teardown' retrieved from /home/airflow/.local/lib/python3.12/site-packages/airflow/example_dags/example_setup_teardown.py
[2026-06-18T19:29:44.210+0000] {logging_mixin.py:190} INFO - [2026-06-18T19:29:44.210+0000] {dag.py:3239} INFO - Sync 1 DAGs
[2026-06-18T19:29:44.229+0000] {logging_mixin.py:190} INFO - [2026-06-18T19:29:44.228+0000] {dag.py:4180} INFO - Setting next_dagrun for example_setup_teardown to None, run_after=None
[2026-06-18T19:29:44.247+0000] {processor.py:208} INFO - Processing /home/airflow/.local/lib/python3.12/site-packages/airflow/example_dags/example_setup_teardown.py took 0.084 seconds
[2026-06-18T19:30:14.416+0000] {processor.py:186} INFO - Started process (PID=2283) to work on /home/airflow/.local/lib/python3.12/site-packages/airflow/example_dags/example_setup_teardown.py
[2026-06-18T19:30:14.420+0000] {processor.py:914} INFO - Processing file /home/airflow/.local/lib/python3.12/site-packages/airflow/example_dags/example_setup_teardown.py for tasks to queue
[2026-06-18T19:30:14.429+0000] {logging_mixin.py:190} INFO - [2026-06-18T19:30:14.427+0000] {dagbag.py:588} INFO - Filling up the DagBag from /home/airflow/.local/lib/python3.12/site-packages/airflow/example_dags/example_setup_teardown.py
[2026-06-18T19:30:14.456+0000] {processor.py:925} INFO - DAG(s) 'example_setup_teardown' retrieved from /home/airflow/.local/lib/python3.12/site-packages/airflow/example_dags/example_setup_teardown.py
[2026-06-18T19:30:14.515+0000] {logging_mixin.py:190} INFO - [2026-06-18T19:30:14.514+0000] {dag.py:3239} INFO - Sync 1 DAGs
[2026-06-18T19:30:14.548+0000] {logging_mixin.py:190} INFO - [2026-06-18T19:30:14.548+0000] {dag.py:4180} INFO - Setting next_dagrun for example_setup_teardown to None, run_after=None
[2026-06-18T19:30:14.589+0000] {processor.py:208} INFO - Processing /home/airflow/.local/lib/python3.12/site-packages/airflow/example_dags/example_setup_teardown.py took 0.195 seconds
