[2026-06-18T19:12:25.333+0000] {processor.py:186} INFO - Started process (PID=109) to work on /home/airflow/.local/lib/python3.12/site-packages/airflow/example_dags/example_dag_decorator.py
[2026-06-18T19:12:25.336+0000] {processor.py:914} INFO - Processing file /home/airflow/.local/lib/python3.12/site-packages/airflow/example_dags/example_dag_decorator.py for tasks to queue
[2026-06-18T19:12:25.343+0000] {logging_mixin.py:190} INFO - [2026-06-18T19:12:25.342+0000] {dagbag.py:588} INFO - Filling up the DagBag from /home/airflow/.local/lib/python3.12/site-packages/airflow/example_dags/example_dag_decorator.py
[2026-06-18T19:12:26.288+0000] {processor.py:925} INFO - DAG(s) 'example_dag_decorator' retrieved from /home/airflow/.local/lib/python3.12/site-packages/airflow/example_dags/example_dag_decorator.py
[2026-06-18T19:12:26.543+0000] {logging_mixin.py:190} INFO - [2026-06-18T19:12:26.542+0000] {dag.py:3239} INFO - Sync 1 DAGs
[2026-06-18T19:12:26.565+0000] {logging_mixin.py:190} INFO - [2026-06-18T19:12:26.564+0000] {dag.py:4180} INFO - Setting next_dagrun for example_dag_decorator to None, run_after=None
[2026-06-18T19:12:26.609+0000] {processor.py:208} INFO - Processing /home/airflow/.local/lib/python3.12/site-packages/airflow/example_dags/example_dag_decorator.py took 1.289 seconds
[2026-06-18T19:12:58.679+0000] {processor.py:186} INFO - Started process (PID=175) to work on /home/airflow/.local/lib/python3.12/site-packages/airflow/example_dags/example_dag_decorator.py
[2026-06-18T19:12:58.683+0000] {processor.py:914} INFO - Processing file /home/airflow/.local/lib/python3.12/site-packages/airflow/example_dags/example_dag_decorator.py for tasks to queue
[2026-06-18T19:12:58.690+0000] {logging_mixin.py:190} INFO - [2026-06-18T19:12:58.689+0000] {dagbag.py:588} INFO - Filling up the DagBag from /home/airflow/.local/lib/python3.12/site-packages/airflow/example_dags/example_dag_decorator.py
[2026-06-18T19:12:58.924+0000] {processor.py:925} INFO - DAG(s) 'example_dag_decorator' retrieved from /home/airflow/.local/lib/python3.12/site-packages/airflow/example_dags/example_dag_decorator.py
[2026-06-18T19:12:59.148+0000] {logging_mixin.py:190} INFO - [2026-06-18T19:12:59.148+0000] {dag.py:3239} INFO - Sync 1 DAGs
[2026-06-18T19:12:59.167+0000] {logging_mixin.py:190} INFO - [2026-06-18T19:12:59.167+0000] {dag.py:4180} INFO - Setting next_dagrun for example_dag_decorator to None, run_after=None
[2026-06-18T19:12:59.199+0000] {processor.py:208} INFO - Processing /home/airflow/.local/lib/python3.12/site-packages/airflow/example_dags/example_dag_decorator.py took 0.540 seconds
[2026-06-18T19:13:36.283+0000] {processor.py:186} INFO - Started process (PID=237) to work on /home/airflow/.local/lib/python3.12/site-packages/airflow/example_dags/example_dag_decorator.py
[2026-06-18T19:13:36.287+0000] {processor.py:914} INFO - Processing file /home/airflow/.local/lib/python3.12/site-packages/airflow/example_dags/example_dag_decorator.py for tasks to queue
[2026-06-18T19:13:36.310+0000] {logging_mixin.py:190} INFO - [2026-06-18T19:13:36.309+0000] {dagbag.py:588} INFO - Filling up the DagBag from /home/airflow/.local/lib/python3.12/site-packages/airflow/example_dags/example_dag_decorator.py
[2026-06-18T19:13:36.764+0000] {processor.py:925} INFO - DAG(s) 'example_dag_decorator' retrieved from /home/airflow/.local/lib/python3.12/site-packages/airflow/example_dags/example_dag_decorator.py
[2026-06-18T19:13:37.241+0000] {logging_mixin.py:190} INFO - [2026-06-18T19:13:37.240+0000] {dag.py:3239} INFO - Sync 1 DAGs
[2026-06-18T19:13:37.281+0000] {logging_mixin.py:190} INFO - [2026-06-18T19:13:37.280+0000] {dag.py:4180} INFO - Setting next_dagrun for example_dag_decorator to None, run_after=None
[2026-06-18T19:13:37.336+0000] {processor.py:208} INFO - Processing /home/airflow/.local/lib/python3.12/site-packages/airflow/example_dags/example_dag_decorator.py took 1.074 seconds
[2026-06-18T19:14:07.772+0000] {processor.py:186} INFO - Started process (PID=302) to work on /home/airflow/.local/lib/python3.12/site-packages/airflow/example_dags/example_dag_decorator.py
[2026-06-18T19:14:07.783+0000] {processor.py:914} INFO - Processing file /home/airflow/.local/lib/python3.12/site-packages/airflow/example_dags/example_dag_decorator.py for tasks to queue
[2026-06-18T19:14:07.795+0000] {logging_mixin.py:190} INFO - [2026-06-18T19:14:07.793+0000] {dagbag.py:588} INFO - Filling up the DagBag from /home/airflow/.local/lib/python3.12/site-packages/airflow/example_dags/example_dag_decorator.py
[2026-06-18T19:14:08.268+0000] {processor.py:925} INFO - DAG(s) 'example_dag_decorator' retrieved from /home/airflow/.local/lib/python3.12/site-packages/airflow/example_dags/example_dag_decorator.py
[2026-06-18T19:14:08.715+0000] {logging_mixin.py:190} INFO - [2026-06-18T19:14:08.715+0000] {dag.py:3239} INFO - Sync 1 DAGs
[2026-06-18T19:14:08.754+0000] {logging_mixin.py:190} INFO - [2026-06-18T19:14:08.753+0000] {dag.py:4180} INFO - Setting next_dagrun for example_dag_decorator to None, run_after=None
[2026-06-18T19:14:08.799+0000] {processor.py:208} INFO - Processing /home/airflow/.local/lib/python3.12/site-packages/airflow/example_dags/example_dag_decorator.py took 1.055 seconds
[2026-06-18T19:14:39.386+0000] {processor.py:186} INFO - Started process (PID=366) to work on /home/airflow/.local/lib/python3.12/site-packages/airflow/example_dags/example_dag_decorator.py
[2026-06-18T19:14:39.390+0000] {processor.py:914} INFO - Processing file /home/airflow/.local/lib/python3.12/site-packages/airflow/example_dags/example_dag_decorator.py for tasks to queue
[2026-06-18T19:14:39.395+0000] {logging_mixin.py:190} INFO - [2026-06-18T19:14:39.394+0000] {dagbag.py:588} INFO - Filling up the DagBag from /home/airflow/.local/lib/python3.12/site-packages/airflow/example_dags/example_dag_decorator.py
[2026-06-18T19:14:39.544+0000] {processor.py:925} INFO - DAG(s) 'example_dag_decorator' retrieved from /home/airflow/.local/lib/python3.12/site-packages/airflow/example_dags/example_dag_decorator.py
[2026-06-18T19:14:39.578+0000] {logging_mixin.py:190} INFO - [2026-06-18T19:14:39.578+0000] {dag.py:3239} INFO - Sync 1 DAGs
[2026-06-18T19:14:39.597+0000] {logging_mixin.py:190} INFO - [2026-06-18T19:14:39.597+0000] {dag.py:4180} INFO - Setting next_dagrun for example_dag_decorator to None, run_after=None
[2026-06-18T19:14:39.619+0000] {processor.py:208} INFO - Processing /home/airflow/.local/lib/python3.12/site-packages/airflow/example_dags/example_dag_decorator.py took 0.242 seconds
[2026-06-18T19:15:10.334+0000] {processor.py:186} INFO - Started process (PID=428) to work on /home/airflow/.local/lib/python3.12/site-packages/airflow/example_dags/example_dag_decorator.py
[2026-06-18T19:15:10.340+0000] {processor.py:914} INFO - Processing file /home/airflow/.local/lib/python3.12/site-packages/airflow/example_dags/example_dag_decorator.py for tasks to queue
[2026-06-18T19:15:10.352+0000] {logging_mixin.py:190} INFO - [2026-06-18T19:15:10.351+0000] {dagbag.py:588} INFO - Filling up the DagBag from /home/airflow/.local/lib/python3.12/site-packages/airflow/example_dags/example_dag_decorator.py
[2026-06-18T19:15:10.820+0000] {processor.py:925} INFO - DAG(s) 'example_dag_decorator' retrieved from /home/airflow/.local/lib/python3.12/site-packages/airflow/example_dags/example_dag_decorator.py
[2026-06-18T19:15:11.311+0000] {logging_mixin.py:190} INFO - [2026-06-18T19:15:11.311+0000] {dag.py:3239} INFO - Sync 1 DAGs
[2026-06-18T19:15:11.343+0000] {logging_mixin.py:190} INFO - [2026-06-18T19:15:11.343+0000] {dag.py:4180} INFO - Setting next_dagrun for example_dag_decorator to None, run_after=None
[2026-06-18T19:15:11.391+0000] {processor.py:208} INFO - Processing /home/airflow/.local/lib/python3.12/site-packages/airflow/example_dags/example_dag_decorator.py took 1.079 seconds
[2026-06-18T19:15:41.595+0000] {processor.py:186} INFO - Started process (PID=494) to work on /home/airflow/.local/lib/python3.12/site-packages/airflow/example_dags/example_dag_decorator.py
[2026-06-18T19:15:41.598+0000] {processor.py:914} INFO - Processing file /home/airflow/.local/lib/python3.12/site-packages/airflow/example_dags/example_dag_decorator.py for tasks to queue
[2026-06-18T19:15:41.602+0000] {logging_mixin.py:190} INFO - [2026-06-18T19:15:41.601+0000] {dagbag.py:588} INFO - Filling up the DagBag from /home/airflow/.local/lib/python3.12/site-packages/airflow/example_dags/example_dag_decorator.py
[2026-06-18T19:15:41.737+0000] {processor.py:925} INFO - DAG(s) 'example_dag_decorator' retrieved from /home/airflow/.local/lib/python3.12/site-packages/airflow/example_dags/example_dag_decorator.py
[2026-06-18T19:15:41.869+0000] {logging_mixin.py:190} INFO - [2026-06-18T19:15:41.868+0000] {dag.py:3239} INFO - Sync 1 DAGs
[2026-06-18T19:15:41.884+0000] {logging_mixin.py:190} INFO - [2026-06-18T19:15:41.884+0000] {dag.py:4180} INFO - Setting next_dagrun for example_dag_decorator to None, run_after=None
[2026-06-18T19:15:41.906+0000] {processor.py:208} INFO - Processing /home/airflow/.local/lib/python3.12/site-packages/airflow/example_dags/example_dag_decorator.py took 0.320 seconds
[2026-06-18T19:16:12.936+0000] {processor.py:186} INFO - Started process (PID=558) to work on /home/airflow/.local/lib/python3.12/site-packages/airflow/example_dags/example_dag_decorator.py
[2026-06-18T19:16:12.939+0000] {processor.py:914} INFO - Processing file /home/airflow/.local/lib/python3.12/site-packages/airflow/example_dags/example_dag_decorator.py for tasks to queue
[2026-06-18T19:16:12.946+0000] {logging_mixin.py:190} INFO - [2026-06-18T19:16:12.945+0000] {dagbag.py:588} INFO - Filling up the DagBag from /home/airflow/.local/lib/python3.12/site-packages/airflow/example_dags/example_dag_decorator.py
[2026-06-18T19:16:13.157+0000] {processor.py:925} INFO - DAG(s) 'example_dag_decorator' retrieved from /home/airflow/.local/lib/python3.12/site-packages/airflow/example_dags/example_dag_decorator.py
[2026-06-18T19:16:13.577+0000] {logging_mixin.py:190} INFO - [2026-06-18T19:16:13.576+0000] {dag.py:3239} INFO - Sync 1 DAGs
[2026-06-18T19:16:13.631+0000] {logging_mixin.py:190} INFO - [2026-06-18T19:16:13.630+0000] {dag.py:4180} INFO - Setting next_dagrun for example_dag_decorator to None, run_after=None
[2026-06-18T19:16:13.707+0000] {processor.py:208} INFO - Processing /home/airflow/.local/lib/python3.12/site-packages/airflow/example_dags/example_dag_decorator.py took 0.781 seconds
[2026-06-18T19:16:44.441+0000] {processor.py:186} INFO - Started process (PID=620) to work on /home/airflow/.local/lib/python3.12/site-packages/airflow/example_dags/example_dag_decorator.py
[2026-06-18T19:16:44.449+0000] {processor.py:914} INFO - Processing file /home/airflow/.local/lib/python3.12/site-packages/airflow/example_dags/example_dag_decorator.py for tasks to queue
[2026-06-18T19:16:44.459+0000] {logging_mixin.py:190} INFO - [2026-06-18T19:16:44.458+0000] {dagbag.py:588} INFO - Filling up the DagBag from /home/airflow/.local/lib/python3.12/site-packages/airflow/example_dags/example_dag_decorator.py
[2026-06-18T19:16:44.988+0000] {processor.py:925} INFO - DAG(s) 'example_dag_decorator' retrieved from /home/airflow/.local/lib/python3.12/site-packages/airflow/example_dags/example_dag_decorator.py
[2026-06-18T19:16:45.335+0000] {logging_mixin.py:190} INFO - [2026-06-18T19:16:45.335+0000] {dag.py:3239} INFO - Sync 1 DAGs
[2026-06-18T19:16:45.366+0000] {logging_mixin.py:190} INFO - [2026-06-18T19:16:45.366+0000] {dag.py:4180} INFO - Setting next_dagrun for example_dag_decorator to None, run_after=None
[2026-06-18T19:16:45.421+0000] {processor.py:208} INFO - Processing /home/airflow/.local/lib/python3.12/site-packages/airflow/example_dags/example_dag_decorator.py took 1.003 seconds
[2026-06-18T19:17:16.280+0000] {processor.py:186} INFO - Started process (PID=685) to work on /home/airflow/.local/lib/python3.12/site-packages/airflow/example_dags/example_dag_decorator.py
[2026-06-18T19:17:16.283+0000] {processor.py:914} INFO - Processing file /home/airflow/.local/lib/python3.12/site-packages/airflow/example_dags/example_dag_decorator.py for tasks to queue
[2026-06-18T19:17:16.287+0000] {logging_mixin.py:190} INFO - [2026-06-18T19:17:16.286+0000] {dagbag.py:588} INFO - Filling up the DagBag from /home/airflow/.local/lib/python3.12/site-packages/airflow/example_dags/example_dag_decorator.py
[2026-06-18T19:17:16.387+0000] {processor.py:925} INFO - DAG(s) 'example_dag_decorator' retrieved from /home/airflow/.local/lib/python3.12/site-packages/airflow/example_dags/example_dag_decorator.py
[2026-06-18T19:17:16.499+0000] {logging_mixin.py:190} INFO - [2026-06-18T19:17:16.498+0000] {dag.py:3239} INFO - Sync 1 DAGs
[2026-06-18T19:17:16.513+0000] {logging_mixin.py:190} INFO - [2026-06-18T19:17:16.513+0000] {dag.py:4180} INFO - Setting next_dagrun for example_dag_decorator to None, run_after=None
[2026-06-18T19:17:16.532+0000] {processor.py:208} INFO - Processing /home/airflow/.local/lib/python3.12/site-packages/airflow/example_dags/example_dag_decorator.py took 0.258 seconds
[2026-06-18T19:17:48.075+0000] {processor.py:186} INFO - Started process (PID=755) to work on /home/airflow/.local/lib/python3.12/site-packages/airflow/example_dags/example_dag_decorator.py
[2026-06-18T19:17:48.083+0000] {processor.py:914} INFO - Processing file /home/airflow/.local/lib/python3.12/site-packages/airflow/example_dags/example_dag_decorator.py for tasks to queue
[2026-06-18T19:17:48.094+0000] {logging_mixin.py:190} INFO - [2026-06-18T19:17:48.093+0000] {dagbag.py:588} INFO - Filling up the DagBag from /home/airflow/.local/lib/python3.12/site-packages/airflow/example_dags/example_dag_decorator.py
[2026-06-18T19:17:48.538+0000] {processor.py:925} INFO - DAG(s) 'example_dag_decorator' retrieved from /home/airflow/.local/lib/python3.12/site-packages/airflow/example_dags/example_dag_decorator.py
[2026-06-18T19:17:48.948+0000] {logging_mixin.py:190} INFO - [2026-06-18T19:17:48.947+0000] {dag.py:3239} INFO - Sync 1 DAGs
[2026-06-18T19:17:48.996+0000] {logging_mixin.py:190} INFO - [2026-06-18T19:17:48.996+0000] {dag.py:4180} INFO - Setting next_dagrun for example_dag_decorator to None, run_after=None
[2026-06-18T19:17:49.065+0000] {processor.py:208} INFO - Processing /home/airflow/.local/lib/python3.12/site-packages/airflow/example_dags/example_dag_decorator.py took 1.017 seconds
[2026-06-18T19:18:19.179+0000] {processor.py:186} INFO - Started process (PID=820) to work on /home/airflow/.local/lib/python3.12/site-packages/airflow/example_dags/example_dag_decorator.py
[2026-06-18T19:18:19.183+0000] {processor.py:914} INFO - Processing file /home/airflow/.local/lib/python3.12/site-packages/airflow/example_dags/example_dag_decorator.py for tasks to queue
[2026-06-18T19:18:19.189+0000] {logging_mixin.py:190} INFO - [2026-06-18T19:18:19.188+0000] {dagbag.py:588} INFO - Filling up the DagBag from /home/airflow/.local/lib/python3.12/site-packages/airflow/example_dags/example_dag_decorator.py
[2026-06-18T19:18:19.350+0000] {processor.py:925} INFO - DAG(s) 'example_dag_decorator' retrieved from /home/airflow/.local/lib/python3.12/site-packages/airflow/example_dags/example_dag_decorator.py
[2026-06-18T19:18:19.538+0000] {logging_mixin.py:190} INFO - [2026-06-18T19:18:19.537+0000] {dag.py:3239} INFO - Sync 1 DAGs
[2026-06-18T19:18:19.559+0000] {logging_mixin.py:190} INFO - [2026-06-18T19:18:19.559+0000] {dag.py:4180} INFO - Setting next_dagrun for example_dag_decorator to None, run_after=None
[2026-06-18T19:18:19.592+0000] {processor.py:208} INFO - Processing /home/airflow/.local/lib/python3.12/site-packages/airflow/example_dags/example_dag_decorator.py took 0.422 seconds
[2026-06-18T19:18:50.780+0000] {processor.py:186} INFO - Started process (PID=883) to work on /home/airflow/.local/lib/python3.12/site-packages/airflow/example_dags/example_dag_decorator.py
[2026-06-18T19:18:50.785+0000] {processor.py:914} INFO - Processing file /home/airflow/.local/lib/python3.12/site-packages/airflow/example_dags/example_dag_decorator.py for tasks to queue
[2026-06-18T19:18:50.793+0000] {logging_mixin.py:190} INFO - [2026-06-18T19:18:50.792+0000] {dagbag.py:588} INFO - Filling up the DagBag from /home/airflow/.local/lib/python3.12/site-packages/airflow/example_dags/example_dag_decorator.py
[2026-06-18T19:18:51.068+0000] {processor.py:925} INFO - DAG(s) 'example_dag_decorator' retrieved from /home/airflow/.local/lib/python3.12/site-packages/airflow/example_dags/example_dag_decorator.py
[2026-06-18T19:18:51.425+0000] {logging_mixin.py:190} INFO - [2026-06-18T19:18:51.425+0000] {dag.py:3239} INFO - Sync 1 DAGs
[2026-06-18T19:18:51.460+0000] {logging_mixin.py:190} INFO - [2026-06-18T19:18:51.460+0000] {dag.py:4180} INFO - Setting next_dagrun for example_dag_decorator to None, run_after=None
[2026-06-18T19:18:51.500+0000] {processor.py:208} INFO - Processing /home/airflow/.local/lib/python3.12/site-packages/airflow/example_dags/example_dag_decorator.py took 0.738 seconds
[2026-06-18T19:19:23.203+0000] {processor.py:186} INFO - Started process (PID=948) to work on /home/airflow/.local/lib/python3.12/site-packages/airflow/example_dags/example_dag_decorator.py
[2026-06-18T19:19:23.210+0000] {processor.py:914} INFO - Processing file /home/airflow/.local/lib/python3.12/site-packages/airflow/example_dags/example_dag_decorator.py for tasks to queue
[2026-06-18T19:19:23.220+0000] {logging_mixin.py:190} INFO - [2026-06-18T19:19:23.218+0000] {dagbag.py:588} INFO - Filling up the DagBag from /home/airflow/.local/lib/python3.12/site-packages/airflow/example_dags/example_dag_decorator.py
[2026-06-18T19:19:23.578+0000] {processor.py:925} INFO - DAG(s) 'example_dag_decorator' retrieved from /home/airflow/.local/lib/python3.12/site-packages/airflow/example_dags/example_dag_decorator.py
[2026-06-18T19:19:23.937+0000] {logging_mixin.py:190} INFO - [2026-06-18T19:19:23.936+0000] {dag.py:3239} INFO - Sync 1 DAGs
[2026-06-18T19:19:23.979+0000] {logging_mixin.py:190} INFO - [2026-06-18T19:19:23.978+0000] {dag.py:4180} INFO - Setting next_dagrun for example_dag_decorator to None, run_after=None
[2026-06-18T19:19:24.043+0000] {processor.py:208} INFO - Processing /home/airflow/.local/lib/python3.12/site-packages/airflow/example_dags/example_dag_decorator.py took 0.869 seconds
[2026-06-18T19:19:54.352+0000] {processor.py:186} INFO - Started process (PID=1014) to work on /home/airflow/.local/lib/python3.12/site-packages/airflow/example_dags/example_dag_decorator.py
[2026-06-18T19:19:54.355+0000] {processor.py:914} INFO - Processing file /home/airflow/.local/lib/python3.12/site-packages/airflow/example_dags/example_dag_decorator.py for tasks to queue
[2026-06-18T19:19:54.358+0000] {logging_mixin.py:190} INFO - [2026-06-18T19:19:54.358+0000] {dagbag.py:588} INFO - Filling up the DagBag from /home/airflow/.local/lib/python3.12/site-packages/airflow/example_dags/example_dag_decorator.py
[2026-06-18T19:19:54.456+0000] {processor.py:925} INFO - DAG(s) 'example_dag_decorator' retrieved from /home/airflow/.local/lib/python3.12/site-packages/airflow/example_dags/example_dag_decorator.py
[2026-06-18T19:19:54.547+0000] {logging_mixin.py:190} INFO - [2026-06-18T19:19:54.547+0000] {dag.py:3239} INFO - Sync 1 DAGs
[2026-06-18T19:19:54.559+0000] {logging_mixin.py:190} INFO - [2026-06-18T19:19:54.558+0000] {dag.py:4180} INFO - Setting next_dagrun for example_dag_decorator to None, run_after=None
[2026-06-18T19:19:54.576+0000] {processor.py:208} INFO - Processing /home/airflow/.local/lib/python3.12/site-packages/airflow/example_dags/example_dag_decorator.py took 0.230 seconds
[2026-06-18T19:20:25.416+0000] {processor.py:186} INFO - Started process (PID=1075) to work on /home/airflow/.local/lib/python3.12/site-packages/airflow/example_dags/example_dag_decorator.py
[2026-06-18T19:20:25.421+0000] {processor.py:914} INFO - Processing file /home/airflow/.local/lib/python3.12/site-packages/airflow/example_dags/example_dag_decorator.py for tasks to queue
[2026-06-18T19:20:25.427+0000] {logging_mixin.py:190} INFO - [2026-06-18T19:20:25.426+0000] {dagbag.py:588} INFO - Filling up the DagBag from /home/airflow/.local/lib/python3.12/site-packages/airflow/example_dags/example_dag_decorator.py
[2026-06-18T19:20:25.657+0000] {processor.py:925} INFO - DAG(s) 'example_dag_decorator' retrieved from /home/airflow/.local/lib/python3.12/site-packages/airflow/example_dags/example_dag_decorator.py
[2026-06-18T19:20:25.985+0000] {logging_mixin.py:190} INFO - [2026-06-18T19:20:25.985+0000] {dag.py:3239} INFO - Sync 1 DAGs
[2026-06-18T19:20:26.015+0000] {logging_mixin.py:190} INFO - [2026-06-18T19:20:26.015+0000] {dag.py:4180} INFO - Setting next_dagrun for example_dag_decorator to None, run_after=None
[2026-06-18T19:20:26.063+0000] {processor.py:208} INFO - Processing /home/airflow/.local/lib/python3.12/site-packages/airflow/example_dags/example_dag_decorator.py took 0.659 seconds
[2026-06-18T19:20:57.688+0000] {processor.py:186} INFO - Started process (PID=1140) to work on /home/airflow/.local/lib/python3.12/site-packages/airflow/example_dags/example_dag_decorator.py
[2026-06-18T19:20:57.692+0000] {processor.py:914} INFO - Processing file /home/airflow/.local/lib/python3.12/site-packages/airflow/example_dags/example_dag_decorator.py for tasks to queue
[2026-06-18T19:20:57.698+0000] {logging_mixin.py:190} INFO - [2026-06-18T19:20:57.697+0000] {dagbag.py:588} INFO - Filling up the DagBag from /home/airflow/.local/lib/python3.12/site-packages/airflow/example_dags/example_dag_decorator.py
[2026-06-18T19:20:57.946+0000] {processor.py:925} INFO - DAG(s) 'example_dag_decorator' retrieved from /home/airflow/.local/lib/python3.12/site-packages/airflow/example_dags/example_dag_decorator.py
[2026-06-18T19:20:58.365+0000] {logging_mixin.py:190} INFO - [2026-06-18T19:20:58.365+0000] {dag.py:3239} INFO - Sync 1 DAGs
[2026-06-18T19:20:58.399+0000] {logging_mixin.py:190} INFO - [2026-06-18T19:20:58.399+0000] {dag.py:4180} INFO - Setting next_dagrun for example_dag_decorator to None, run_after=None
[2026-06-18T19:20:58.441+0000] {processor.py:208} INFO - Processing /home/airflow/.local/lib/python3.12/site-packages/airflow/example_dags/example_dag_decorator.py took 0.764 seconds
[2026-06-18T19:21:28.745+0000] {processor.py:186} INFO - Started process (PID=1204) to work on /home/airflow/.local/lib/python3.12/site-packages/airflow/example_dags/example_dag_decorator.py
[2026-06-18T19:21:28.748+0000] {processor.py:914} INFO - Processing file /home/airflow/.local/lib/python3.12/site-packages/airflow/example_dags/example_dag_decorator.py for tasks to queue
[2026-06-18T19:21:28.752+0000] {logging_mixin.py:190} INFO - [2026-06-18T19:21:28.752+0000] {dagbag.py:588} INFO - Filling up the DagBag from /home/airflow/.local/lib/python3.12/site-packages/airflow/example_dags/example_dag_decorator.py
[2026-06-18T19:21:28.895+0000] {processor.py:925} INFO - DAG(s) 'example_dag_decorator' retrieved from /home/airflow/.local/lib/python3.12/site-packages/airflow/example_dags/example_dag_decorator.py
[2026-06-18T19:21:29.043+0000] {logging_mixin.py:190} INFO - [2026-06-18T19:21:29.043+0000] {dag.py:3239} INFO - Sync 1 DAGs
[2026-06-18T19:21:29.068+0000] {logging_mixin.py:190} INFO - [2026-06-18T19:21:29.068+0000] {dag.py:4180} INFO - Setting next_dagrun for example_dag_decorator to None, run_after=None
[2026-06-18T19:21:29.103+0000] {processor.py:208} INFO - Processing /home/airflow/.local/lib/python3.12/site-packages/airflow/example_dags/example_dag_decorator.py took 0.364 seconds
[2026-06-18T19:22:00.302+0000] {processor.py:186} INFO - Started process (PID=1268) to work on /home/airflow/.local/lib/python3.12/site-packages/airflow/example_dags/example_dag_decorator.py
[2026-06-18T19:22:00.309+0000] {processor.py:914} INFO - Processing file /home/airflow/.local/lib/python3.12/site-packages/airflow/example_dags/example_dag_decorator.py for tasks to queue
[2026-06-18T19:22:00.318+0000] {logging_mixin.py:190} INFO - [2026-06-18T19:22:00.317+0000] {dagbag.py:588} INFO - Filling up the DagBag from /home/airflow/.local/lib/python3.12/site-packages/airflow/example_dags/example_dag_decorator.py
[2026-06-18T19:22:00.618+0000] {processor.py:925} INFO - DAG(s) 'example_dag_decorator' retrieved from /home/airflow/.local/lib/python3.12/site-packages/airflow/example_dags/example_dag_decorator.py
[2026-06-18T19:22:00.884+0000] {logging_mixin.py:190} INFO - [2026-06-18T19:22:00.883+0000] {dag.py:3239} INFO - Sync 1 DAGs
[2026-06-18T19:22:00.963+0000] {logging_mixin.py:190} INFO - [2026-06-18T19:22:00.962+0000] {dag.py:4180} INFO - Setting next_dagrun for example_dag_decorator to None, run_after=None
[2026-06-18T19:22:01.065+0000] {processor.py:208} INFO - Processing /home/airflow/.local/lib/python3.12/site-packages/airflow/example_dags/example_dag_decorator.py took 0.789 seconds
[2026-06-18T19:22:33.192+0000] {processor.py:186} INFO - Started process (PID=1332) to work on /home/airflow/.local/lib/python3.12/site-packages/airflow/example_dags/example_dag_decorator.py
[2026-06-18T19:22:33.199+0000] {processor.py:914} INFO - Processing file /home/airflow/.local/lib/python3.12/site-packages/airflow/example_dags/example_dag_decorator.py for tasks to queue
[2026-06-18T19:22:33.212+0000] {logging_mixin.py:190} INFO - [2026-06-18T19:22:33.210+0000] {dagbag.py:588} INFO - Filling up the DagBag from /home/airflow/.local/lib/python3.12/site-packages/airflow/example_dags/example_dag_decorator.py
[2026-06-18T19:22:33.620+0000] {processor.py:925} INFO - DAG(s) 'example_dag_decorator' retrieved from /home/airflow/.local/lib/python3.12/site-packages/airflow/example_dags/example_dag_decorator.py
[2026-06-18T19:22:34.052+0000] {logging_mixin.py:190} INFO - [2026-06-18T19:22:34.051+0000] {dag.py:3239} INFO - Sync 1 DAGs
[2026-06-18T19:22:34.080+0000] {logging_mixin.py:190} INFO - [2026-06-18T19:22:34.080+0000] {dag.py:4180} INFO - Setting next_dagrun for example_dag_decorator to None, run_after=None
[2026-06-18T19:22:34.123+0000] {processor.py:208} INFO - Processing /home/airflow/.local/lib/python3.12/site-packages/airflow/example_dags/example_dag_decorator.py took 0.955 seconds
[2026-06-18T19:23:04.569+0000] {processor.py:186} INFO - Started process (PID=1396) to work on /home/airflow/.local/lib/python3.12/site-packages/airflow/example_dags/example_dag_decorator.py
[2026-06-18T19:23:04.572+0000] {processor.py:914} INFO - Processing file /home/airflow/.local/lib/python3.12/site-packages/airflow/example_dags/example_dag_decorator.py for tasks to queue
[2026-06-18T19:23:04.575+0000] {logging_mixin.py:190} INFO - [2026-06-18T19:23:04.574+0000] {dagbag.py:588} INFO - Filling up the DagBag from /home/airflow/.local/lib/python3.12/site-packages/airflow/example_dags/example_dag_decorator.py
[2026-06-18T19:23:04.687+0000] {processor.py:925} INFO - DAG(s) 'example_dag_decorator' retrieved from /home/airflow/.local/lib/python3.12/site-packages/airflow/example_dags/example_dag_decorator.py
[2026-06-18T19:23:04.808+0000] {logging_mixin.py:190} INFO - [2026-06-18T19:23:04.808+0000] {dag.py:3239} INFO - Sync 1 DAGs
[2026-06-18T19:23:04.829+0000] {logging_mixin.py:190} INFO - [2026-06-18T19:23:04.829+0000] {dag.py:4180} INFO - Setting next_dagrun for example_dag_decorator to None, run_after=None
[2026-06-18T19:23:04.854+0000] {processor.py:208} INFO - Processing /home/airflow/.local/lib/python3.12/site-packages/airflow/example_dags/example_dag_decorator.py took 0.290 seconds
[2026-06-18T19:23:37.576+0000] {processor.py:186} INFO - Started process (PID=1463) to work on /home/airflow/.local/lib/python3.12/site-packages/airflow/example_dags/example_dag_decorator.py
[2026-06-18T19:23:37.579+0000] {processor.py:914} INFO - Processing file /home/airflow/.local/lib/python3.12/site-packages/airflow/example_dags/example_dag_decorator.py for tasks to queue
[2026-06-18T19:23:37.586+0000] {logging_mixin.py:190} INFO - [2026-06-18T19:23:37.585+0000] {dagbag.py:588} INFO - Filling up the DagBag from /home/airflow/.local/lib/python3.12/site-packages/airflow/example_dags/example_dag_decorator.py
[2026-06-18T19:23:37.901+0000] {processor.py:925} INFO - DAG(s) 'example_dag_decorator' retrieved from /home/airflow/.local/lib/python3.12/site-packages/airflow/example_dags/example_dag_decorator.py
[2026-06-18T19:23:38.343+0000] {logging_mixin.py:190} INFO - [2026-06-18T19:23:38.342+0000] {dag.py:3239} INFO - Sync 1 DAGs
[2026-06-18T19:23:38.388+0000] {logging_mixin.py:190} INFO - [2026-06-18T19:23:38.388+0000] {dag.py:4180} INFO - Setting next_dagrun for example_dag_decorator to None, run_after=None
[2026-06-18T19:23:38.444+0000] {processor.py:208} INFO - Processing /home/airflow/.local/lib/python3.12/site-packages/airflow/example_dags/example_dag_decorator.py took 0.882 seconds
[2026-06-18T19:24:09.124+0000] {processor.py:186} INFO - Started process (PID=1527) to work on /home/airflow/.local/lib/python3.12/site-packages/airflow/example_dags/example_dag_decorator.py
[2026-06-18T19:24:09.126+0000] {processor.py:914} INFO - Processing file /home/airflow/.local/lib/python3.12/site-packages/airflow/example_dags/example_dag_decorator.py for tasks to queue
[2026-06-18T19:24:09.130+0000] {logging_mixin.py:190} INFO - [2026-06-18T19:24:09.130+0000] {dagbag.py:588} INFO - Filling up the DagBag from /home/airflow/.local/lib/python3.12/site-packages/airflow/example_dags/example_dag_decorator.py
[2026-06-18T19:24:09.242+0000] {processor.py:925} INFO - DAG(s) 'example_dag_decorator' retrieved from /home/airflow/.local/lib/python3.12/site-packages/airflow/example_dags/example_dag_decorator.py
[2026-06-18T19:24:09.359+0000] {logging_mixin.py:190} INFO - [2026-06-18T19:24:09.359+0000] {dag.py:3239} INFO - Sync 1 DAGs
[2026-06-18T19:24:09.371+0000] {logging_mixin.py:190} INFO - [2026-06-18T19:24:09.371+0000] {dag.py:4180} INFO - Setting next_dagrun for example_dag_decorator to None, run_after=None
[2026-06-18T19:24:09.389+0000] {processor.py:208} INFO - Processing /home/airflow/.local/lib/python3.12/site-packages/airflow/example_dags/example_dag_decorator.py took 0.271 seconds
[2026-06-18T19:24:43.314+0000] {processor.py:186} INFO - Started process (PID=1599) to work on /home/airflow/.local/lib/python3.12/site-packages/airflow/example_dags/example_dag_decorator.py
[2026-06-18T19:24:43.319+0000] {processor.py:914} INFO - Processing file /home/airflow/.local/lib/python3.12/site-packages/airflow/example_dags/example_dag_decorator.py for tasks to queue
[2026-06-18T19:24:43.328+0000] {logging_mixin.py:190} INFO - [2026-06-18T19:24:43.327+0000] {dagbag.py:588} INFO - Filling up the DagBag from /home/airflow/.local/lib/python3.12/site-packages/airflow/example_dags/example_dag_decorator.py
[2026-06-18T19:24:43.617+0000] {processor.py:925} INFO - DAG(s) 'example_dag_decorator' retrieved from /home/airflow/.local/lib/python3.12/site-packages/airflow/example_dags/example_dag_decorator.py
[2026-06-18T19:24:43.988+0000] {logging_mixin.py:190} INFO - [2026-06-18T19:24:43.988+0000] {dag.py:3239} INFO - Sync 1 DAGs
[2026-06-18T19:24:44.052+0000] {logging_mixin.py:190} INFO - [2026-06-18T19:24:44.050+0000] {dag.py:4180} INFO - Setting next_dagrun for example_dag_decorator to None, run_after=None
[2026-06-18T19:24:44.144+0000] {processor.py:208} INFO - Processing /home/airflow/.local/lib/python3.12/site-packages/airflow/example_dags/example_dag_decorator.py took 0.848 seconds
[2026-06-18T19:25:14.728+0000] {processor.py:186} INFO - Started process (PID=1664) to work on /home/airflow/.local/lib/python3.12/site-packages/airflow/example_dags/example_dag_decorator.py
[2026-06-18T19:25:14.733+0000] {processor.py:914} INFO - Processing file /home/airflow/.local/lib/python3.12/site-packages/airflow/example_dags/example_dag_decorator.py for tasks to queue
[2026-06-18T19:25:14.742+0000] {logging_mixin.py:190} INFO - [2026-06-18T19:25:14.741+0000] {dagbag.py:588} INFO - Filling up the DagBag from /home/airflow/.local/lib/python3.12/site-packages/airflow/example_dags/example_dag_decorator.py
[2026-06-18T19:25:15.064+0000] {processor.py:925} INFO - DAG(s) 'example_dag_decorator' retrieved from /home/airflow/.local/lib/python3.12/site-packages/airflow/example_dags/example_dag_decorator.py
[2026-06-18T19:25:15.343+0000] {logging_mixin.py:190} INFO - [2026-06-18T19:25:15.343+0000] {dag.py:3239} INFO - Sync 1 DAGs
[2026-06-18T19:25:15.376+0000] {logging_mixin.py:190} INFO - [2026-06-18T19:25:15.376+0000] {dag.py:4180} INFO - Setting next_dagrun for example_dag_decorator to None, run_after=None
[2026-06-18T19:25:15.430+0000] {processor.py:208} INFO - Processing /home/airflow/.local/lib/python3.12/site-packages/airflow/example_dags/example_dag_decorator.py took 0.720 seconds
[2026-06-18T19:25:52.068+0000] {processor.py:186} INFO - Started process (PID=1744) to work on /home/airflow/.local/lib/python3.12/site-packages/airflow/example_dags/example_dag_decorator.py
[2026-06-18T19:25:52.075+0000] {processor.py:914} INFO - Processing file /home/airflow/.local/lib/python3.12/site-packages/airflow/example_dags/example_dag_decorator.py for tasks to queue
[2026-06-18T19:25:52.089+0000] {logging_mixin.py:190} INFO - [2026-06-18T19:25:52.087+0000] {dagbag.py:588} INFO - Filling up the DagBag from /home/airflow/.local/lib/python3.12/site-packages/airflow/example_dags/example_dag_decorator.py
[2026-06-18T19:25:52.614+0000] {processor.py:925} INFO - DAG(s) 'example_dag_decorator' retrieved from /home/airflow/.local/lib/python3.12/site-packages/airflow/example_dags/example_dag_decorator.py
[2026-06-18T19:25:52.978+0000] {logging_mixin.py:190} INFO - [2026-06-18T19:25:52.977+0000] {dag.py:3239} INFO - Sync 1 DAGs
[2026-06-18T19:25:53.024+0000] {logging_mixin.py:190} INFO - [2026-06-18T19:25:53.023+0000] {dag.py:4180} INFO - Setting next_dagrun for example_dag_decorator to None, run_after=None
[2026-06-18T19:25:53.083+0000] {processor.py:208} INFO - Processing /home/airflow/.local/lib/python3.12/site-packages/airflow/example_dags/example_dag_decorator.py took 1.053 seconds
[2026-06-18T19:26:23.420+0000] {processor.py:186} INFO - Started process (PID=1808) to work on /home/airflow/.local/lib/python3.12/site-packages/airflow/example_dags/example_dag_decorator.py
[2026-06-18T19:26:23.423+0000] {processor.py:914} INFO - Processing file /home/airflow/.local/lib/python3.12/site-packages/airflow/example_dags/example_dag_decorator.py for tasks to queue
[2026-06-18T19:26:23.427+0000] {logging_mixin.py:190} INFO - [2026-06-18T19:26:23.427+0000] {dagbag.py:588} INFO - Filling up the DagBag from /home/airflow/.local/lib/python3.12/site-packages/airflow/example_dags/example_dag_decorator.py
[2026-06-18T19:26:23.583+0000] {processor.py:925} INFO - DAG(s) 'example_dag_decorator' retrieved from /home/airflow/.local/lib/python3.12/site-packages/airflow/example_dags/example_dag_decorator.py
[2026-06-18T19:26:23.773+0000] {logging_mixin.py:190} INFO - [2026-06-18T19:26:23.773+0000] {dag.py:3239} INFO - Sync 1 DAGs
[2026-06-18T19:26:23.806+0000] {logging_mixin.py:190} INFO - [2026-06-18T19:26:23.806+0000] {dag.py:4180} INFO - Setting next_dagrun for example_dag_decorator to None, run_after=None
[2026-06-18T19:26:23.851+0000] {processor.py:208} INFO - Processing /home/airflow/.local/lib/python3.12/site-packages/airflow/example_dags/example_dag_decorator.py took 0.437 seconds
[2026-06-18T19:26:54.410+0000] {processor.py:186} INFO - Started process (PID=1872) to work on /home/airflow/.local/lib/python3.12/site-packages/airflow/example_dags/example_dag_decorator.py
[2026-06-18T19:26:54.423+0000] {processor.py:914} INFO - Processing file /home/airflow/.local/lib/python3.12/site-packages/airflow/example_dags/example_dag_decorator.py for tasks to queue
[2026-06-18T19:26:54.436+0000] {logging_mixin.py:190} INFO - [2026-06-18T19:26:54.435+0000] {dagbag.py:588} INFO - Filling up the DagBag from /home/airflow/.local/lib/python3.12/site-packages/airflow/example_dags/example_dag_decorator.py
[2026-06-18T19:26:54.754+0000] {processor.py:925} INFO - DAG(s) 'example_dag_decorator' retrieved from /home/airflow/.local/lib/python3.12/site-packages/airflow/example_dags/example_dag_decorator.py
[2026-06-18T19:26:55.224+0000] {logging_mixin.py:190} INFO - [2026-06-18T19:26:55.224+0000] {dag.py:3239} INFO - Sync 1 DAGs
[2026-06-18T19:26:55.281+0000] {logging_mixin.py:190} INFO - [2026-06-18T19:26:55.280+0000] {dag.py:4180} INFO - Setting next_dagrun for example_dag_decorator to None, run_after=None
[2026-06-18T19:26:55.360+0000] {processor.py:208} INFO - Processing /home/airflow/.local/lib/python3.12/site-packages/airflow/example_dags/example_dag_decorator.py took 0.972 seconds
[2026-06-18T19:27:28.907+0000] {processor.py:186} INFO - Started process (PID=1938) to work on /home/airflow/.local/lib/python3.12/site-packages/airflow/example_dags/example_dag_decorator.py
[2026-06-18T19:27:28.912+0000] {processor.py:914} INFO - Processing file /home/airflow/.local/lib/python3.12/site-packages/airflow/example_dags/example_dag_decorator.py for tasks to queue
[2026-06-18T19:27:28.920+0000] {logging_mixin.py:190} INFO - [2026-06-18T19:27:28.920+0000] {dagbag.py:588} INFO - Filling up the DagBag from /home/airflow/.local/lib/python3.12/site-packages/airflow/example_dags/example_dag_decorator.py
[2026-06-18T19:27:29.215+0000] {processor.py:925} INFO - DAG(s) 'example_dag_decorator' retrieved from /home/airflow/.local/lib/python3.12/site-packages/airflow/example_dags/example_dag_decorator.py
[2026-06-18T19:27:29.477+0000] {logging_mixin.py:190} INFO - [2026-06-18T19:27:29.476+0000] {dag.py:3239} INFO - Sync 1 DAGs
[2026-06-18T19:27:29.506+0000] {logging_mixin.py:190} INFO - [2026-06-18T19:27:29.505+0000] {dag.py:4180} INFO - Setting next_dagrun for example_dag_decorator to None, run_after=None
[2026-06-18T19:27:29.544+0000] {processor.py:208} INFO - Processing /home/airflow/.local/lib/python3.12/site-packages/airflow/example_dags/example_dag_decorator.py took 0.655 seconds
[2026-06-18T19:27:59.668+0000] {processor.py:186} INFO - Started process (PID=2002) to work on /home/airflow/.local/lib/python3.12/site-packages/airflow/example_dags/example_dag_decorator.py
[2026-06-18T19:27:59.671+0000] {processor.py:914} INFO - Processing file /home/airflow/.local/lib/python3.12/site-packages/airflow/example_dags/example_dag_decorator.py for tasks to queue
[2026-06-18T19:27:59.680+0000] {logging_mixin.py:190} INFO - [2026-06-18T19:27:59.678+0000] {dagbag.py:588} INFO - Filling up the DagBag from /home/airflow/.local/lib/python3.12/site-packages/airflow/example_dags/example_dag_decorator.py
[2026-06-18T19:27:59.978+0000] {processor.py:925} INFO - DAG(s) 'example_dag_decorator' retrieved from /home/airflow/.local/lib/python3.12/site-packages/airflow/example_dags/example_dag_decorator.py
[2026-06-18T19:28:00.341+0000] {logging_mixin.py:190} INFO - [2026-06-18T19:28:00.340+0000] {dag.py:3239} INFO - Sync 1 DAGs
[2026-06-18T19:28:00.389+0000] {logging_mixin.py:190} INFO - [2026-06-18T19:28:00.387+0000] {dag.py:4180} INFO - Setting next_dagrun for example_dag_decorator to None, run_after=None
[2026-06-18T19:28:00.449+0000] {processor.py:208} INFO - Processing /home/airflow/.local/lib/python3.12/site-packages/airflow/example_dags/example_dag_decorator.py took 0.801 seconds
[2026-06-18T19:28:31.388+0000] {processor.py:186} INFO - Started process (PID=2066) to work on /home/airflow/.local/lib/python3.12/site-packages/airflow/example_dags/example_dag_decorator.py
[2026-06-18T19:28:31.398+0000] {processor.py:914} INFO - Processing file /home/airflow/.local/lib/python3.12/site-packages/airflow/example_dags/example_dag_decorator.py for tasks to queue
[2026-06-18T19:28:31.402+0000] {logging_mixin.py:190} INFO - [2026-06-18T19:28:31.402+0000] {dagbag.py:588} INFO - Filling up the DagBag from /home/airflow/.local/lib/python3.12/site-packages/airflow/example_dags/example_dag_decorator.py
[2026-06-18T19:28:31.524+0000] {processor.py:925} INFO - DAG(s) 'example_dag_decorator' retrieved from /home/airflow/.local/lib/python3.12/site-packages/airflow/example_dags/example_dag_decorator.py
[2026-06-18T19:28:31.663+0000] {logging_mixin.py:190} INFO - [2026-06-18T19:28:31.662+0000] {dag.py:3239} INFO - Sync 1 DAGs
[2026-06-18T19:28:31.681+0000] {logging_mixin.py:190} INFO - [2026-06-18T19:28:31.681+0000] {dag.py:4180} INFO - Setting next_dagrun for example_dag_decorator to None, run_after=None
[2026-06-18T19:28:31.709+0000] {processor.py:208} INFO - Processing /home/airflow/.local/lib/python3.12/site-packages/airflow/example_dags/example_dag_decorator.py took 0.328 seconds
[2026-06-18T19:29:02.876+0000] {processor.py:186} INFO - Started process (PID=2130) to work on /home/airflow/.local/lib/python3.12/site-packages/airflow/example_dags/example_dag_decorator.py
[2026-06-18T19:29:02.883+0000] {processor.py:914} INFO - Processing file /home/airflow/.local/lib/python3.12/site-packages/airflow/example_dags/example_dag_decorator.py for tasks to queue
[2026-06-18T19:29:02.895+0000] {logging_mixin.py:190} INFO - [2026-06-18T19:29:02.894+0000] {dagbag.py:588} INFO - Filling up the DagBag from /home/airflow/.local/lib/python3.12/site-packages/airflow/example_dags/example_dag_decorator.py
[2026-06-18T19:29:03.339+0000] {processor.py:925} INFO - DAG(s) 'example_dag_decorator' retrieved from /home/airflow/.local/lib/python3.12/site-packages/airflow/example_dags/example_dag_decorator.py
[2026-06-18T19:29:03.738+0000] {logging_mixin.py:190} INFO - [2026-06-18T19:29:03.738+0000] {dag.py:3239} INFO - Sync 1 DAGs
[2026-06-18T19:29:03.813+0000] {logging_mixin.py:190} INFO - [2026-06-18T19:29:03.812+0000] {dag.py:4180} INFO - Setting next_dagrun for example_dag_decorator to None, run_after=None
[2026-06-18T19:29:03.938+0000] {processor.py:208} INFO - Processing /home/airflow/.local/lib/python3.12/site-packages/airflow/example_dags/example_dag_decorator.py took 1.097 seconds
[2026-06-18T19:29:36.015+0000] {processor.py:186} INFO - Started process (PID=2196) to work on /home/airflow/.local/lib/python3.12/site-packages/airflow/example_dags/example_dag_decorator.py
[2026-06-18T19:29:36.025+0000] {processor.py:914} INFO - Processing file /home/airflow/.local/lib/python3.12/site-packages/airflow/example_dags/example_dag_decorator.py for tasks to queue
[2026-06-18T19:29:36.054+0000] {logging_mixin.py:190} INFO - [2026-06-18T19:29:36.053+0000] {dagbag.py:588} INFO - Filling up the DagBag from /home/airflow/.local/lib/python3.12/site-packages/airflow/example_dags/example_dag_decorator.py
[2026-06-18T19:29:36.532+0000] {processor.py:925} INFO - DAG(s) 'example_dag_decorator' retrieved from /home/airflow/.local/lib/python3.12/site-packages/airflow/example_dags/example_dag_decorator.py
[2026-06-18T19:29:37.151+0000] {logging_mixin.py:190} INFO - [2026-06-18T19:29:37.150+0000] {dag.py:3239} INFO - Sync 1 DAGs
[2026-06-18T19:29:37.205+0000] {logging_mixin.py:190} INFO - [2026-06-18T19:29:37.204+0000] {dag.py:4180} INFO - Setting next_dagrun for example_dag_decorator to None, run_after=None
[2026-06-18T19:29:37.256+0000] {processor.py:208} INFO - Processing /home/airflow/.local/lib/python3.12/site-packages/airflow/example_dags/example_dag_decorator.py took 1.279 seconds
[2026-06-18T19:30:07.458+0000] {processor.py:186} INFO - Started process (PID=2260) to work on /home/airflow/.local/lib/python3.12/site-packages/airflow/example_dags/example_dag_decorator.py
[2026-06-18T19:30:07.462+0000] {processor.py:914} INFO - Processing file /home/airflow/.local/lib/python3.12/site-packages/airflow/example_dags/example_dag_decorator.py for tasks to queue
[2026-06-18T19:30:07.467+0000] {logging_mixin.py:190} INFO - [2026-06-18T19:30:07.466+0000] {dagbag.py:588} INFO - Filling up the DagBag from /home/airflow/.local/lib/python3.12/site-packages/airflow/example_dags/example_dag_decorator.py
[2026-06-18T19:30:07.728+0000] {processor.py:925} INFO - DAG(s) 'example_dag_decorator' retrieved from /home/airflow/.local/lib/python3.12/site-packages/airflow/example_dags/example_dag_decorator.py
[2026-06-18T19:30:08.028+0000] {logging_mixin.py:190} INFO - [2026-06-18T19:30:08.028+0000] {dag.py:3239} INFO - Sync 1 DAGs
[2026-06-18T19:30:08.061+0000] {logging_mixin.py:190} INFO - [2026-06-18T19:30:08.061+0000] {dag.py:4180} INFO - Setting next_dagrun for example_dag_decorator to None, run_after=None
[2026-06-18T19:30:08.101+0000] {processor.py:208} INFO - Processing /home/airflow/.local/lib/python3.12/site-packages/airflow/example_dags/example_dag_decorator.py took 0.653 seconds
[2026-06-18T19:30:38.708+0000] {processor.py:186} INFO - Started process (PID=2324) to work on /home/airflow/.local/lib/python3.12/site-packages/airflow/example_dags/example_dag_decorator.py
[2026-06-18T19:30:38.712+0000] {processor.py:914} INFO - Processing file /home/airflow/.local/lib/python3.12/site-packages/airflow/example_dags/example_dag_decorator.py for tasks to queue
[2026-06-18T19:30:38.717+0000] {logging_mixin.py:190} INFO - [2026-06-18T19:30:38.717+0000] {dagbag.py:588} INFO - Filling up the DagBag from /home/airflow/.local/lib/python3.12/site-packages/airflow/example_dags/example_dag_decorator.py
[2026-06-18T19:30:38.852+0000] {processor.py:925} INFO - DAG(s) 'example_dag_decorator' retrieved from /home/airflow/.local/lib/python3.12/site-packages/airflow/example_dags/example_dag_decorator.py
[2026-06-18T19:30:39.071+0000] {logging_mixin.py:190} INFO - [2026-06-18T19:30:39.070+0000] {dag.py:3239} INFO - Sync 1 DAGs
[2026-06-18T19:30:39.114+0000] {logging_mixin.py:190} INFO - [2026-06-18T19:30:39.113+0000] {dag.py:4180} INFO - Setting next_dagrun for example_dag_decorator to None, run_after=None
[2026-06-18T19:30:39.176+0000] {processor.py:208} INFO - Processing /home/airflow/.local/lib/python3.12/site-packages/airflow/example_dags/example_dag_decorator.py took 0.476 seconds
[2026-06-18T19:31:09.624+0000] {processor.py:186} INFO - Started process (PID=2389) to work on /home/airflow/.local/lib/python3.12/site-packages/airflow/example_dags/example_dag_decorator.py
[2026-06-18T19:31:09.628+0000] {processor.py:914} INFO - Processing file /home/airflow/.local/lib/python3.12/site-packages/airflow/example_dags/example_dag_decorator.py for tasks to queue
[2026-06-18T19:31:09.635+0000] {logging_mixin.py:190} INFO - [2026-06-18T19:31:09.635+0000] {dagbag.py:588} INFO - Filling up the DagBag from /home/airflow/.local/lib/python3.12/site-packages/airflow/example_dags/example_dag_decorator.py
[2026-06-18T19:31:09.877+0000] {processor.py:925} INFO - DAG(s) 'example_dag_decorator' retrieved from /home/airflow/.local/lib/python3.12/site-packages/airflow/example_dags/example_dag_decorator.py
[2026-06-18T19:31:10.108+0000] {logging_mixin.py:190} INFO - [2026-06-18T19:31:10.108+0000] {dag.py:3239} INFO - Sync 1 DAGs
[2026-06-18T19:31:10.133+0000] {logging_mixin.py:190} INFO - [2026-06-18T19:31:10.132+0000] {dag.py:4180} INFO - Setting next_dagrun for example_dag_decorator to None, run_after=None
[2026-06-18T19:31:10.176+0000] {processor.py:208} INFO - Processing /home/airflow/.local/lib/python3.12/site-packages/airflow/example_dags/example_dag_decorator.py took 0.572 seconds
[2026-06-18T19:31:41.390+0000] {processor.py:186} INFO - Started process (PID=2453) to work on /home/airflow/.local/lib/python3.12/site-packages/airflow/example_dags/example_dag_decorator.py
[2026-06-18T19:31:41.394+0000] {processor.py:914} INFO - Processing file /home/airflow/.local/lib/python3.12/site-packages/airflow/example_dags/example_dag_decorator.py for tasks to queue
[2026-06-18T19:31:41.403+0000] {logging_mixin.py:190} INFO - [2026-06-18T19:31:41.402+0000] {dagbag.py:588} INFO - Filling up the DagBag from /home/airflow/.local/lib/python3.12/site-packages/airflow/example_dags/example_dag_decorator.py
[2026-06-18T19:31:41.665+0000] {processor.py:925} INFO - DAG(s) 'example_dag_decorator' retrieved from /home/airflow/.local/lib/python3.12/site-packages/airflow/example_dags/example_dag_decorator.py
[2026-06-18T19:31:41.951+0000] {logging_mixin.py:190} INFO - [2026-06-18T19:31:41.950+0000] {dag.py:3239} INFO - Sync 1 DAGs
[2026-06-18T19:31:42.325+0000] {logging_mixin.py:190} INFO - [2026-06-18T19:31:42.324+0000] {dag.py:4180} INFO - Setting next_dagrun for example_dag_decorator to None, run_after=None
[2026-06-18T19:31:42.376+0000] {processor.py:208} INFO - Processing /home/airflow/.local/lib/python3.12/site-packages/airflow/example_dags/example_dag_decorator.py took 1.007 seconds
