[2026-06-18T19:12:29.194+0000] {processor.py:186} INFO - Started process (PID=119) to work on /home/airflow/.local/lib/python3.12/site-packages/airflow/example_dags/example_params_trigger_ui.py
[2026-06-18T19:12:29.201+0000] {processor.py:914} INFO - Processing file /home/airflow/.local/lib/python3.12/site-packages/airflow/example_dags/example_params_trigger_ui.py for tasks to queue
[2026-06-18T19:12:29.221+0000] {logging_mixin.py:190} INFO - [2026-06-18T19:12:29.220+0000] {dagbag.py:588} INFO - Filling up the DagBag from /home/airflow/.local/lib/python3.12/site-packages/airflow/example_dags/example_params_trigger_ui.py
[2026-06-18T19:12:29.288+0000] {processor.py:925} INFO - DAG(s) 'example_params_trigger_ui' retrieved from /home/airflow/.local/lib/python3.12/site-packages/airflow/example_dags/example_params_trigger_ui.py
[2026-06-18T19:12:29.387+0000] {logging_mixin.py:190} INFO - [2026-06-18T19:12:29.386+0000] {dag.py:3239} INFO - Sync 1 DAGs
[2026-06-18T19:12:29.430+0000] {logging_mixin.py:190} INFO - [2026-06-18T19:12:29.430+0000] {dag.py:4180} INFO - Setting next_dagrun for example_params_trigger_ui to None, run_after=None
[2026-06-18T19:12:29.486+0000] {processor.py:208} INFO - Processing /home/airflow/.local/lib/python3.12/site-packages/airflow/example_dags/example_params_trigger_ui.py took 0.319 seconds
[2026-06-18T19:13:03.238+0000] {processor.py:186} INFO - Started process (PID=183) to work on /home/airflow/.local/lib/python3.12/site-packages/airflow/example_dags/example_params_trigger_ui.py
[2026-06-18T19:13:03.244+0000] {processor.py:914} INFO - Processing file /home/airflow/.local/lib/python3.12/site-packages/airflow/example_dags/example_params_trigger_ui.py for tasks to queue
[2026-06-18T19:13:03.253+0000] {logging_mixin.py:190} INFO - [2026-06-18T19:13:03.252+0000] {dagbag.py:588} INFO - Filling up the DagBag from /home/airflow/.local/lib/python3.12/site-packages/airflow/example_dags/example_params_trigger_ui.py
[2026-06-18T19:13:03.297+0000] {processor.py:925} INFO - DAG(s) 'example_params_trigger_ui' retrieved from /home/airflow/.local/lib/python3.12/site-packages/airflow/example_dags/example_params_trigger_ui.py
[2026-06-18T19:13:03.518+0000] {logging_mixin.py:190} INFO - [2026-06-18T19:13:03.518+0000] {dag.py:3239} INFO - Sync 1 DAGs
[2026-06-18T19:13:03.580+0000] {logging_mixin.py:190} INFO - [2026-06-18T19:13:03.580+0000] {dag.py:4180} INFO - Setting next_dagrun for example_params_trigger_ui to None, run_after=None
[2026-06-18T19:13:03.670+0000] {processor.py:208} INFO - Processing /home/airflow/.local/lib/python3.12/site-packages/airflow/example_dags/example_params_trigger_ui.py took 0.456 seconds
[2026-06-18T19:13:41.653+0000] {processor.py:186} INFO - Started process (PID=247) to work on /home/airflow/.local/lib/python3.12/site-packages/airflow/example_dags/example_params_trigger_ui.py
[2026-06-18T19:13:41.658+0000] {processor.py:914} INFO - Processing file /home/airflow/.local/lib/python3.12/site-packages/airflow/example_dags/example_params_trigger_ui.py for tasks to queue
[2026-06-18T19:13:41.669+0000] {logging_mixin.py:190} INFO - [2026-06-18T19:13:41.668+0000] {dagbag.py:588} INFO - Filling up the DagBag from /home/airflow/.local/lib/python3.12/site-packages/airflow/example_dags/example_params_trigger_ui.py
[2026-06-18T19:13:41.698+0000] {processor.py:925} INFO - DAG(s) 'example_params_trigger_ui' retrieved from /home/airflow/.local/lib/python3.12/site-packages/airflow/example_dags/example_params_trigger_ui.py
[2026-06-18T19:13:41.836+0000] {logging_mixin.py:190} INFO - [2026-06-18T19:13:41.835+0000] {dag.py:3239} INFO - Sync 1 DAGs
[2026-06-18T19:13:41.885+0000] {logging_mixin.py:190} INFO - [2026-06-18T19:13:41.885+0000] {dag.py:4180} INFO - Setting next_dagrun for example_params_trigger_ui to None, run_after=None
[2026-06-18T19:13:41.930+0000] {processor.py:208} INFO - Processing /home/airflow/.local/lib/python3.12/site-packages/airflow/example_dags/example_params_trigger_ui.py took 0.300 seconds
[2026-06-18T19:14:13.617+0000] {processor.py:186} INFO - Started process (PID=311) to work on /home/airflow/.local/lib/python3.12/site-packages/airflow/example_dags/example_params_trigger_ui.py
[2026-06-18T19:14:13.637+0000] {processor.py:914} INFO - Processing file /home/airflow/.local/lib/python3.12/site-packages/airflow/example_dags/example_params_trigger_ui.py for tasks to queue
[2026-06-18T19:14:13.670+0000] {logging_mixin.py:190} INFO - [2026-06-18T19:14:13.668+0000] {dagbag.py:588} INFO - Filling up the DagBag from /home/airflow/.local/lib/python3.12/site-packages/airflow/example_dags/example_params_trigger_ui.py
[2026-06-18T19:14:13.721+0000] {processor.py:925} INFO - DAG(s) 'example_params_trigger_ui' retrieved from /home/airflow/.local/lib/python3.12/site-packages/airflow/example_dags/example_params_trigger_ui.py
[2026-06-18T19:14:13.888+0000] {logging_mixin.py:190} INFO - [2026-06-18T19:14:13.887+0000] {dag.py:3239} INFO - Sync 1 DAGs
[2026-06-18T19:14:13.950+0000] {logging_mixin.py:190} INFO - [2026-06-18T19:14:13.949+0000] {dag.py:4180} INFO - Setting next_dagrun for example_params_trigger_ui to None, run_after=None
[2026-06-18T19:14:14.005+0000] {processor.py:208} INFO - Processing /home/airflow/.local/lib/python3.12/site-packages/airflow/example_dags/example_params_trigger_ui.py took 0.420 seconds
[2026-06-18T19:14:44.737+0000] {processor.py:186} INFO - Started process (PID=375) to work on /home/airflow/.local/lib/python3.12/site-packages/airflow/example_dags/example_params_trigger_ui.py
[2026-06-18T19:14:44.742+0000] {processor.py:914} INFO - Processing file /home/airflow/.local/lib/python3.12/site-packages/airflow/example_dags/example_params_trigger_ui.py for tasks to queue
[2026-06-18T19:14:44.754+0000] {logging_mixin.py:190} INFO - [2026-06-18T19:14:44.753+0000] {dagbag.py:588} INFO - Filling up the DagBag from /home/airflow/.local/lib/python3.12/site-packages/airflow/example_dags/example_params_trigger_ui.py
[2026-06-18T19:14:44.799+0000] {processor.py:925} INFO - DAG(s) 'example_params_trigger_ui' retrieved from /home/airflow/.local/lib/python3.12/site-packages/airflow/example_dags/example_params_trigger_ui.py
[2026-06-18T19:14:44.940+0000] {logging_mixin.py:190} INFO - [2026-06-18T19:14:44.939+0000] {dag.py:3239} INFO - Sync 1 DAGs
[2026-06-18T19:14:44.997+0000] {logging_mixin.py:190} INFO - [2026-06-18T19:14:44.996+0000] {dag.py:4180} INFO - Setting next_dagrun for example_params_trigger_ui to None, run_after=None
[2026-06-18T19:14:45.153+0000] {processor.py:208} INFO - Processing /home/airflow/.local/lib/python3.12/site-packages/airflow/example_dags/example_params_trigger_ui.py took 0.433 seconds
[2026-06-18T19:15:15.918+0000] {processor.py:186} INFO - Started process (PID=438) to work on /home/airflow/.local/lib/python3.12/site-packages/airflow/example_dags/example_params_trigger_ui.py
[2026-06-18T19:15:15.922+0000] {processor.py:914} INFO - Processing file /home/airflow/.local/lib/python3.12/site-packages/airflow/example_dags/example_params_trigger_ui.py for tasks to queue
[2026-06-18T19:15:15.932+0000] {logging_mixin.py:190} INFO - [2026-06-18T19:15:15.931+0000] {dagbag.py:588} INFO - Filling up the DagBag from /home/airflow/.local/lib/python3.12/site-packages/airflow/example_dags/example_params_trigger_ui.py
[2026-06-18T19:15:15.970+0000] {processor.py:925} INFO - DAG(s) 'example_params_trigger_ui' retrieved from /home/airflow/.local/lib/python3.12/site-packages/airflow/example_dags/example_params_trigger_ui.py
[2026-06-18T19:15:16.161+0000] {logging_mixin.py:190} INFO - [2026-06-18T19:15:16.158+0000] {dag.py:3239} INFO - Sync 1 DAGs
[2026-06-18T19:15:16.231+0000] {logging_mixin.py:190} INFO - [2026-06-18T19:15:16.231+0000] {dag.py:4180} INFO - Setting next_dagrun for example_params_trigger_ui to None, run_after=None
[2026-06-18T19:15:16.299+0000] {processor.py:208} INFO - Processing /home/airflow/.local/lib/python3.12/site-packages/airflow/example_dags/example_params_trigger_ui.py took 0.400 seconds
[2026-06-18T19:15:47.220+0000] {processor.py:186} INFO - Started process (PID=508) to work on /home/airflow/.local/lib/python3.12/site-packages/airflow/example_dags/example_params_trigger_ui.py
[2026-06-18T19:15:47.224+0000] {processor.py:914} INFO - Processing file /home/airflow/.local/lib/python3.12/site-packages/airflow/example_dags/example_params_trigger_ui.py for tasks to queue
[2026-06-18T19:15:47.230+0000] {logging_mixin.py:190} INFO - [2026-06-18T19:15:47.229+0000] {dagbag.py:588} INFO - Filling up the DagBag from /home/airflow/.local/lib/python3.12/site-packages/airflow/example_dags/example_params_trigger_ui.py
[2026-06-18T19:15:47.246+0000] {processor.py:925} INFO - DAG(s) 'example_params_trigger_ui' retrieved from /home/airflow/.local/lib/python3.12/site-packages/airflow/example_dags/example_params_trigger_ui.py
[2026-06-18T19:15:47.311+0000] {logging_mixin.py:190} INFO - [2026-06-18T19:15:47.311+0000] {dag.py:3239} INFO - Sync 1 DAGs
[2026-06-18T19:15:47.334+0000] {logging_mixin.py:190} INFO - [2026-06-18T19:15:47.334+0000] {dag.py:4180} INFO - Setting next_dagrun for example_params_trigger_ui to None, run_after=None
[2026-06-18T19:15:47.357+0000] {processor.py:208} INFO - Processing /home/airflow/.local/lib/python3.12/site-packages/airflow/example_dags/example_params_trigger_ui.py took 0.146 seconds
[2026-06-18T19:16:17.888+0000] {processor.py:186} INFO - Started process (PID=571) to work on /home/airflow/.local/lib/python3.12/site-packages/airflow/example_dags/example_params_trigger_ui.py
[2026-06-18T19:16:17.890+0000] {processor.py:914} INFO - Processing file /home/airflow/.local/lib/python3.12/site-packages/airflow/example_dags/example_params_trigger_ui.py for tasks to queue
[2026-06-18T19:16:17.894+0000] {logging_mixin.py:190} INFO - [2026-06-18T19:16:17.894+0000] {dagbag.py:588} INFO - Filling up the DagBag from /home/airflow/.local/lib/python3.12/site-packages/airflow/example_dags/example_params_trigger_ui.py
[2026-06-18T19:16:17.910+0000] {processor.py:925} INFO - DAG(s) 'example_params_trigger_ui' retrieved from /home/airflow/.local/lib/python3.12/site-packages/airflow/example_dags/example_params_trigger_ui.py
[2026-06-18T19:16:17.979+0000] {logging_mixin.py:190} INFO - [2026-06-18T19:16:17.979+0000] {dag.py:3239} INFO - Sync 1 DAGs
[2026-06-18T19:16:17.998+0000] {logging_mixin.py:190} INFO - [2026-06-18T19:16:17.998+0000] {dag.py:4180} INFO - Setting next_dagrun for example_params_trigger_ui to None, run_after=None
[2026-06-18T19:16:18.028+0000] {processor.py:208} INFO - Processing /home/airflow/.local/lib/python3.12/site-packages/airflow/example_dags/example_params_trigger_ui.py took 0.148 seconds
[2026-06-18T19:16:48.113+0000] {processor.py:186} INFO - Started process (PID=635) to work on /home/airflow/.local/lib/python3.12/site-packages/airflow/example_dags/example_params_trigger_ui.py
[2026-06-18T19:16:48.117+0000] {processor.py:914} INFO - Processing file /home/airflow/.local/lib/python3.12/site-packages/airflow/example_dags/example_params_trigger_ui.py for tasks to queue
[2026-06-18T19:16:48.122+0000] {logging_mixin.py:190} INFO - [2026-06-18T19:16:48.122+0000] {dagbag.py:588} INFO - Filling up the DagBag from /home/airflow/.local/lib/python3.12/site-packages/airflow/example_dags/example_params_trigger_ui.py
[2026-06-18T19:16:48.145+0000] {processor.py:925} INFO - DAG(s) 'example_params_trigger_ui' retrieved from /home/airflow/.local/lib/python3.12/site-packages/airflow/example_dags/example_params_trigger_ui.py
[2026-06-18T19:16:48.200+0000] {logging_mixin.py:190} INFO - [2026-06-18T19:16:48.200+0000] {dag.py:3239} INFO - Sync 1 DAGs
[2026-06-18T19:16:48.221+0000] {logging_mixin.py:190} INFO - [2026-06-18T19:16:48.221+0000] {dag.py:4180} INFO - Setting next_dagrun for example_params_trigger_ui to None, run_after=None
[2026-06-18T19:16:48.252+0000] {processor.py:208} INFO - Processing /home/airflow/.local/lib/python3.12/site-packages/airflow/example_dags/example_params_trigger_ui.py took 0.150 seconds
[2026-06-18T19:17:18.875+0000] {processor.py:186} INFO - Started process (PID=699) to work on /home/airflow/.local/lib/python3.12/site-packages/airflow/example_dags/example_params_trigger_ui.py
[2026-06-18T19:17:18.877+0000] {processor.py:914} INFO - Processing file /home/airflow/.local/lib/python3.12/site-packages/airflow/example_dags/example_params_trigger_ui.py for tasks to queue
[2026-06-18T19:17:18.880+0000] {logging_mixin.py:190} INFO - [2026-06-18T19:17:18.880+0000] {dagbag.py:588} INFO - Filling up the DagBag from /home/airflow/.local/lib/python3.12/site-packages/airflow/example_dags/example_params_trigger_ui.py
[2026-06-18T19:17:18.891+0000] {processor.py:925} INFO - DAG(s) 'example_params_trigger_ui' retrieved from /home/airflow/.local/lib/python3.12/site-packages/airflow/example_dags/example_params_trigger_ui.py
[2026-06-18T19:17:18.938+0000] {logging_mixin.py:190} INFO - [2026-06-18T19:17:18.938+0000] {dag.py:3239} INFO - Sync 1 DAGs
[2026-06-18T19:17:18.952+0000] {logging_mixin.py:190} INFO - [2026-06-18T19:17:18.952+0000] {dag.py:4180} INFO - Setting next_dagrun for example_params_trigger_ui to None, run_after=None
[2026-06-18T19:17:18.974+0000] {processor.py:208} INFO - Processing /home/airflow/.local/lib/python3.12/site-packages/airflow/example_dags/example_params_trigger_ui.py took 0.104 seconds
[2026-06-18T19:17:50.721+0000] {processor.py:186} INFO - Started process (PID=764) to work on /home/airflow/.local/lib/python3.12/site-packages/airflow/example_dags/example_params_trigger_ui.py
[2026-06-18T19:17:50.749+0000] {processor.py:914} INFO - Processing file /home/airflow/.local/lib/python3.12/site-packages/airflow/example_dags/example_params_trigger_ui.py for tasks to queue
[2026-06-18T19:17:50.769+0000] {logging_mixin.py:190} INFO - [2026-06-18T19:17:50.767+0000] {dagbag.py:588} INFO - Filling up the DagBag from /home/airflow/.local/lib/python3.12/site-packages/airflow/example_dags/example_params_trigger_ui.py
[2026-06-18T19:17:50.875+0000] {processor.py:925} INFO - DAG(s) 'example_params_trigger_ui' retrieved from /home/airflow/.local/lib/python3.12/site-packages/airflow/example_dags/example_params_trigger_ui.py
[2026-06-18T19:17:51.028+0000] {logging_mixin.py:190} INFO - [2026-06-18T19:17:51.028+0000] {dag.py:3239} INFO - Sync 1 DAGs
[2026-06-18T19:17:51.075+0000] {logging_mixin.py:190} INFO - [2026-06-18T19:17:51.074+0000] {dag.py:4180} INFO - Setting next_dagrun for example_params_trigger_ui to None, run_after=None
[2026-06-18T19:17:51.129+0000] {processor.py:208} INFO - Processing /home/airflow/.local/lib/python3.12/site-packages/airflow/example_dags/example_params_trigger_ui.py took 0.487 seconds
[2026-06-18T19:18:21.713+0000] {processor.py:186} INFO - Started process (PID=827) to work on /home/airflow/.local/lib/python3.12/site-packages/airflow/example_dags/example_params_trigger_ui.py
[2026-06-18T19:18:21.720+0000] {processor.py:914} INFO - Processing file /home/airflow/.local/lib/python3.12/site-packages/airflow/example_dags/example_params_trigger_ui.py for tasks to queue
[2026-06-18T19:18:21.724+0000] {logging_mixin.py:190} INFO - [2026-06-18T19:18:21.723+0000] {dagbag.py:588} INFO - Filling up the DagBag from /home/airflow/.local/lib/python3.12/site-packages/airflow/example_dags/example_params_trigger_ui.py
[2026-06-18T19:18:21.737+0000] {processor.py:925} INFO - DAG(s) 'example_params_trigger_ui' retrieved from /home/airflow/.local/lib/python3.12/site-packages/airflow/example_dags/example_params_trigger_ui.py
[2026-06-18T19:18:21.777+0000] {logging_mixin.py:190} INFO - [2026-06-18T19:18:21.776+0000] {dag.py:3239} INFO - Sync 1 DAGs
[2026-06-18T19:18:21.794+0000] {logging_mixin.py:190} INFO - [2026-06-18T19:18:21.794+0000] {dag.py:4180} INFO - Setting next_dagrun for example_params_trigger_ui to None, run_after=None
[2026-06-18T19:18:21.815+0000] {processor.py:208} INFO - Processing /home/airflow/.local/lib/python3.12/site-packages/airflow/example_dags/example_params_trigger_ui.py took 0.110 seconds
[2026-06-18T19:18:53.139+0000] {processor.py:186} INFO - Started process (PID=891) to work on /home/airflow/.local/lib/python3.12/site-packages/airflow/example_dags/example_params_trigger_ui.py
[2026-06-18T19:18:53.146+0000] {processor.py:914} INFO - Processing file /home/airflow/.local/lib/python3.12/site-packages/airflow/example_dags/example_params_trigger_ui.py for tasks to queue
[2026-06-18T19:18:53.154+0000] {logging_mixin.py:190} INFO - [2026-06-18T19:18:53.153+0000] {dagbag.py:588} INFO - Filling up the DagBag from /home/airflow/.local/lib/python3.12/site-packages/airflow/example_dags/example_params_trigger_ui.py
[2026-06-18T19:18:53.180+0000] {processor.py:925} INFO - DAG(s) 'example_params_trigger_ui' retrieved from /home/airflow/.local/lib/python3.12/site-packages/airflow/example_dags/example_params_trigger_ui.py
[2026-06-18T19:18:53.291+0000] {logging_mixin.py:190} INFO - [2026-06-18T19:18:53.289+0000] {dag.py:3239} INFO - Sync 1 DAGs
[2026-06-18T19:18:53.376+0000] {logging_mixin.py:190} INFO - [2026-06-18T19:18:53.375+0000] {dag.py:4180} INFO - Setting next_dagrun for example_params_trigger_ui to None, run_after=None
[2026-06-18T19:18:53.455+0000] {processor.py:208} INFO - Processing /home/airflow/.local/lib/python3.12/site-packages/airflow/example_dags/example_params_trigger_ui.py took 0.330 seconds
[2026-06-18T19:19:25.149+0000] {processor.py:186} INFO - Started process (PID=955) to work on /home/airflow/.local/lib/python3.12/site-packages/airflow/example_dags/example_params_trigger_ui.py
[2026-06-18T19:19:25.167+0000] {processor.py:914} INFO - Processing file /home/airflow/.local/lib/python3.12/site-packages/airflow/example_dags/example_params_trigger_ui.py for tasks to queue
[2026-06-18T19:19:25.180+0000] {logging_mixin.py:190} INFO - [2026-06-18T19:19:25.179+0000] {dagbag.py:588} INFO - Filling up the DagBag from /home/airflow/.local/lib/python3.12/site-packages/airflow/example_dags/example_params_trigger_ui.py
[2026-06-18T19:19:25.238+0000] {processor.py:925} INFO - DAG(s) 'example_params_trigger_ui' retrieved from /home/airflow/.local/lib/python3.12/site-packages/airflow/example_dags/example_params_trigger_ui.py
[2026-06-18T19:19:25.439+0000] {logging_mixin.py:190} INFO - [2026-06-18T19:19:25.438+0000] {dag.py:3239} INFO - Sync 1 DAGs
[2026-06-18T19:19:25.489+0000] {logging_mixin.py:190} INFO - [2026-06-18T19:19:25.489+0000] {dag.py:4180} INFO - Setting next_dagrun for example_params_trigger_ui to None, run_after=None
[2026-06-18T19:19:25.534+0000] {processor.py:208} INFO - Processing /home/airflow/.local/lib/python3.12/site-packages/airflow/example_dags/example_params_trigger_ui.py took 0.413 seconds
[2026-06-18T19:19:55.716+0000] {processor.py:186} INFO - Started process (PID=1019) to work on /home/airflow/.local/lib/python3.12/site-packages/airflow/example_dags/example_params_trigger_ui.py
[2026-06-18T19:19:55.720+0000] {processor.py:914} INFO - Processing file /home/airflow/.local/lib/python3.12/site-packages/airflow/example_dags/example_params_trigger_ui.py for tasks to queue
[2026-06-18T19:19:55.724+0000] {logging_mixin.py:190} INFO - [2026-06-18T19:19:55.723+0000] {dagbag.py:588} INFO - Filling up the DagBag from /home/airflow/.local/lib/python3.12/site-packages/airflow/example_dags/example_params_trigger_ui.py
[2026-06-18T19:19:55.741+0000] {processor.py:925} INFO - DAG(s) 'example_params_trigger_ui' retrieved from /home/airflow/.local/lib/python3.12/site-packages/airflow/example_dags/example_params_trigger_ui.py
[2026-06-18T19:19:55.792+0000] {logging_mixin.py:190} INFO - [2026-06-18T19:19:55.791+0000] {dag.py:3239} INFO - Sync 1 DAGs
[2026-06-18T19:19:55.809+0000] {logging_mixin.py:190} INFO - [2026-06-18T19:19:55.809+0000] {dag.py:4180} INFO - Setting next_dagrun for example_params_trigger_ui to None, run_after=None
[2026-06-18T19:19:55.835+0000] {processor.py:208} INFO - Processing /home/airflow/.local/lib/python3.12/site-packages/airflow/example_dags/example_params_trigger_ui.py took 0.126 seconds
[2026-06-18T19:20:26.811+0000] {processor.py:186} INFO - Started process (PID=1083) to work on /home/airflow/.local/lib/python3.12/site-packages/airflow/example_dags/example_params_trigger_ui.py
[2026-06-18T19:20:26.816+0000] {processor.py:914} INFO - Processing file /home/airflow/.local/lib/python3.12/site-packages/airflow/example_dags/example_params_trigger_ui.py for tasks to queue
[2026-06-18T19:20:26.823+0000] {logging_mixin.py:190} INFO - [2026-06-18T19:20:26.822+0000] {dagbag.py:588} INFO - Filling up the DagBag from /home/airflow/.local/lib/python3.12/site-packages/airflow/example_dags/example_params_trigger_ui.py
[2026-06-18T19:20:26.852+0000] {processor.py:925} INFO - DAG(s) 'example_params_trigger_ui' retrieved from /home/airflow/.local/lib/python3.12/site-packages/airflow/example_dags/example_params_trigger_ui.py
[2026-06-18T19:20:26.942+0000] {logging_mixin.py:190} INFO - [2026-06-18T19:20:26.942+0000] {dag.py:3239} INFO - Sync 1 DAGs
[2026-06-18T19:20:26.977+0000] {logging_mixin.py:190} INFO - [2026-06-18T19:20:26.976+0000] {dag.py:4180} INFO - Setting next_dagrun for example_params_trigger_ui to None, run_after=None
[2026-06-18T19:20:27.020+0000] {processor.py:208} INFO - Processing /home/airflow/.local/lib/python3.12/site-packages/airflow/example_dags/example_params_trigger_ui.py took 0.221 seconds
[2026-06-18T19:20:59.056+0000] {processor.py:186} INFO - Started process (PID=1148) to work on /home/airflow/.local/lib/python3.12/site-packages/airflow/example_dags/example_params_trigger_ui.py
[2026-06-18T19:20:59.061+0000] {processor.py:914} INFO - Processing file /home/airflow/.local/lib/python3.12/site-packages/airflow/example_dags/example_params_trigger_ui.py for tasks to queue
[2026-06-18T19:20:59.071+0000] {logging_mixin.py:190} INFO - [2026-06-18T19:20:59.070+0000] {dagbag.py:588} INFO - Filling up the DagBag from /home/airflow/.local/lib/python3.12/site-packages/airflow/example_dags/example_params_trigger_ui.py
[2026-06-18T19:20:59.117+0000] {processor.py:925} INFO - DAG(s) 'example_params_trigger_ui' retrieved from /home/airflow/.local/lib/python3.12/site-packages/airflow/example_dags/example_params_trigger_ui.py
[2026-06-18T19:20:59.240+0000] {logging_mixin.py:190} INFO - [2026-06-18T19:20:59.239+0000] {dag.py:3239} INFO - Sync 1 DAGs
[2026-06-18T19:20:59.288+0000] {logging_mixin.py:190} INFO - [2026-06-18T19:20:59.288+0000] {dag.py:4180} INFO - Setting next_dagrun for example_params_trigger_ui to None, run_after=None
[2026-06-18T19:20:59.335+0000] {processor.py:208} INFO - Processing /home/airflow/.local/lib/python3.12/site-packages/airflow/example_dags/example_params_trigger_ui.py took 0.290 seconds
[2026-06-18T19:21:29.589+0000] {processor.py:186} INFO - Started process (PID=1212) to work on /home/airflow/.local/lib/python3.12/site-packages/airflow/example_dags/example_params_trigger_ui.py
[2026-06-18T19:21:29.594+0000] {processor.py:914} INFO - Processing file /home/airflow/.local/lib/python3.12/site-packages/airflow/example_dags/example_params_trigger_ui.py for tasks to queue
[2026-06-18T19:21:29.602+0000] {logging_mixin.py:190} INFO - [2026-06-18T19:21:29.601+0000] {dagbag.py:588} INFO - Filling up the DagBag from /home/airflow/.local/lib/python3.12/site-packages/airflow/example_dags/example_params_trigger_ui.py
[2026-06-18T19:21:29.630+0000] {processor.py:925} INFO - DAG(s) 'example_params_trigger_ui' retrieved from /home/airflow/.local/lib/python3.12/site-packages/airflow/example_dags/example_params_trigger_ui.py
[2026-06-18T19:21:29.755+0000] {logging_mixin.py:190} INFO - [2026-06-18T19:21:29.755+0000] {dag.py:3239} INFO - Sync 1 DAGs
[2026-06-18T19:21:29.783+0000] {logging_mixin.py:190} INFO - [2026-06-18T19:21:29.782+0000] {dag.py:4180} INFO - Setting next_dagrun for example_params_trigger_ui to None, run_after=None
[2026-06-18T19:21:29.816+0000] {processor.py:208} INFO - Processing /home/airflow/.local/lib/python3.12/site-packages/airflow/example_dags/example_params_trigger_ui.py took 0.241 seconds
[2026-06-18T19:22:04.839+0000] {processor.py:186} INFO - Started process (PID=1286) to work on /home/airflow/.local/lib/python3.12/site-packages/airflow/example_dags/example_params_trigger_ui.py
[2026-06-18T19:22:04.846+0000] {processor.py:914} INFO - Processing file /home/airflow/.local/lib/python3.12/site-packages/airflow/example_dags/example_params_trigger_ui.py for tasks to queue
[2026-06-18T19:22:04.856+0000] {logging_mixin.py:190} INFO - [2026-06-18T19:22:04.855+0000] {dagbag.py:588} INFO - Filling up the DagBag from /home/airflow/.local/lib/python3.12/site-packages/airflow/example_dags/example_params_trigger_ui.py
[2026-06-18T19:22:04.885+0000] {processor.py:925} INFO - DAG(s) 'example_params_trigger_ui' retrieved from /home/airflow/.local/lib/python3.12/site-packages/airflow/example_dags/example_params_trigger_ui.py
[2026-06-18T19:22:05.001+0000] {logging_mixin.py:190} INFO - [2026-06-18T19:22:05.001+0000] {dag.py:3239} INFO - Sync 1 DAGs
[2026-06-18T19:22:05.067+0000] {logging_mixin.py:190} INFO - [2026-06-18T19:22:05.066+0000] {dag.py:4180} INFO - Setting next_dagrun for example_params_trigger_ui to None, run_after=None
[2026-06-18T19:22:05.130+0000] {processor.py:208} INFO - Processing /home/airflow/.local/lib/python3.12/site-packages/airflow/example_dags/example_params_trigger_ui.py took 0.312 seconds
[2026-06-18T19:22:36.853+0000] {processor.py:186} INFO - Started process (PID=1351) to work on /home/airflow/.local/lib/python3.12/site-packages/airflow/example_dags/example_params_trigger_ui.py
[2026-06-18T19:22:36.856+0000] {processor.py:914} INFO - Processing file /home/airflow/.local/lib/python3.12/site-packages/airflow/example_dags/example_params_trigger_ui.py for tasks to queue
[2026-06-18T19:22:36.862+0000] {logging_mixin.py:190} INFO - [2026-06-18T19:22:36.861+0000] {dagbag.py:588} INFO - Filling up the DagBag from /home/airflow/.local/lib/python3.12/site-packages/airflow/example_dags/example_params_trigger_ui.py
[2026-06-18T19:22:36.885+0000] {processor.py:925} INFO - DAG(s) 'example_params_trigger_ui' retrieved from /home/airflow/.local/lib/python3.12/site-packages/airflow/example_dags/example_params_trigger_ui.py
[2026-06-18T19:22:37.007+0000] {logging_mixin.py:190} INFO - [2026-06-18T19:22:37.006+0000] {dag.py:3239} INFO - Sync 1 DAGs
[2026-06-18T19:22:37.047+0000] {logging_mixin.py:190} INFO - [2026-06-18T19:22:37.046+0000] {dag.py:4180} INFO - Setting next_dagrun for example_params_trigger_ui to None, run_after=None
[2026-06-18T19:22:37.078+0000] {processor.py:208} INFO - Processing /home/airflow/.local/lib/python3.12/site-packages/airflow/example_dags/example_params_trigger_ui.py took 0.234 seconds
[2026-06-18T19:23:09.716+0000] {processor.py:186} INFO - Started process (PID=1415) to work on /home/airflow/.local/lib/python3.12/site-packages/airflow/example_dags/example_params_trigger_ui.py
[2026-06-18T19:23:09.722+0000] {processor.py:914} INFO - Processing file /home/airflow/.local/lib/python3.12/site-packages/airflow/example_dags/example_params_trigger_ui.py for tasks to queue
[2026-06-18T19:23:09.733+0000] {logging_mixin.py:190} INFO - [2026-06-18T19:23:09.732+0000] {dagbag.py:588} INFO - Filling up the DagBag from /home/airflow/.local/lib/python3.12/site-packages/airflow/example_dags/example_params_trigger_ui.py
[2026-06-18T19:23:09.776+0000] {processor.py:925} INFO - DAG(s) 'example_params_trigger_ui' retrieved from /home/airflow/.local/lib/python3.12/site-packages/airflow/example_dags/example_params_trigger_ui.py
[2026-06-18T19:23:09.954+0000] {logging_mixin.py:190} INFO - [2026-06-18T19:23:09.953+0000] {dag.py:3239} INFO - Sync 1 DAGs
[2026-06-18T19:23:10.012+0000] {logging_mixin.py:190} INFO - [2026-06-18T19:23:10.012+0000] {dag.py:4180} INFO - Setting next_dagrun for example_params_trigger_ui to None, run_after=None
[2026-06-18T19:23:10.061+0000] {processor.py:208} INFO - Processing /home/airflow/.local/lib/python3.12/site-packages/airflow/example_dags/example_params_trigger_ui.py took 0.369 seconds
[2026-06-18T19:23:40.936+0000] {processor.py:186} INFO - Started process (PID=1480) to work on /home/airflow/.local/lib/python3.12/site-packages/airflow/example_dags/example_params_trigger_ui.py
[2026-06-18T19:23:40.941+0000] {processor.py:914} INFO - Processing file /home/airflow/.local/lib/python3.12/site-packages/airflow/example_dags/example_params_trigger_ui.py for tasks to queue
[2026-06-18T19:23:40.948+0000] {logging_mixin.py:190} INFO - [2026-06-18T19:23:40.947+0000] {dagbag.py:588} INFO - Filling up the DagBag from /home/airflow/.local/lib/python3.12/site-packages/airflow/example_dags/example_params_trigger_ui.py
[2026-06-18T19:23:40.979+0000] {processor.py:925} INFO - DAG(s) 'example_params_trigger_ui' retrieved from /home/airflow/.local/lib/python3.12/site-packages/airflow/example_dags/example_params_trigger_ui.py
[2026-06-18T19:23:41.084+0000] {logging_mixin.py:190} INFO - [2026-06-18T19:23:41.083+0000] {dag.py:3239} INFO - Sync 1 DAGs
[2026-06-18T19:23:41.126+0000] {logging_mixin.py:190} INFO - [2026-06-18T19:23:41.125+0000] {dag.py:4180} INFO - Setting next_dagrun for example_params_trigger_ui to None, run_after=None
[2026-06-18T19:23:41.176+0000] {processor.py:208} INFO - Processing /home/airflow/.local/lib/python3.12/site-packages/airflow/example_dags/example_params_trigger_ui.py took 0.258 seconds
[2026-06-18T19:24:11.389+0000] {processor.py:186} INFO - Started process (PID=1543) to work on /home/airflow/.local/lib/python3.12/site-packages/airflow/example_dags/example_params_trigger_ui.py
[2026-06-18T19:24:11.391+0000] {processor.py:914} INFO - Processing file /home/airflow/.local/lib/python3.12/site-packages/airflow/example_dags/example_params_trigger_ui.py for tasks to queue
[2026-06-18T19:24:11.395+0000] {logging_mixin.py:190} INFO - [2026-06-18T19:24:11.394+0000] {dagbag.py:588} INFO - Filling up the DagBag from /home/airflow/.local/lib/python3.12/site-packages/airflow/example_dags/example_params_trigger_ui.py
[2026-06-18T19:24:11.406+0000] {processor.py:925} INFO - DAG(s) 'example_params_trigger_ui' retrieved from /home/airflow/.local/lib/python3.12/site-packages/airflow/example_dags/example_params_trigger_ui.py
[2026-06-18T19:24:11.447+0000] {logging_mixin.py:190} INFO - [2026-06-18T19:24:11.446+0000] {dag.py:3239} INFO - Sync 1 DAGs
[2026-06-18T19:24:11.463+0000] {logging_mixin.py:190} INFO - [2026-06-18T19:24:11.462+0000] {dag.py:4180} INFO - Setting next_dagrun for example_params_trigger_ui to None, run_after=None
[2026-06-18T19:24:11.481+0000] {processor.py:208} INFO - Processing /home/airflow/.local/lib/python3.12/site-packages/airflow/example_dags/example_params_trigger_ui.py took 0.098 seconds
[2026-06-18T19:24:46.651+0000] {processor.py:186} INFO - Started process (PID=1615) to work on /home/airflow/.local/lib/python3.12/site-packages/airflow/example_dags/example_params_trigger_ui.py
[2026-06-18T19:24:46.661+0000] {processor.py:914} INFO - Processing file /home/airflow/.local/lib/python3.12/site-packages/airflow/example_dags/example_params_trigger_ui.py for tasks to queue
[2026-06-18T19:24:46.674+0000] {logging_mixin.py:190} INFO - [2026-06-18T19:24:46.672+0000] {dagbag.py:588} INFO - Filling up the DagBag from /home/airflow/.local/lib/python3.12/site-packages/airflow/example_dags/example_params_trigger_ui.py
[2026-06-18T19:24:46.733+0000] {processor.py:925} INFO - DAG(s) 'example_params_trigger_ui' retrieved from /home/airflow/.local/lib/python3.12/site-packages/airflow/example_dags/example_params_trigger_ui.py
[2026-06-18T19:24:46.884+0000] {logging_mixin.py:190} INFO - [2026-06-18T19:24:46.884+0000] {dag.py:3239} INFO - Sync 1 DAGs
[2026-06-18T19:24:46.932+0000] {logging_mixin.py:190} INFO - [2026-06-18T19:24:46.931+0000] {dag.py:4180} INFO - Setting next_dagrun for example_params_trigger_ui to None, run_after=None
[2026-06-18T19:24:46.966+0000] {processor.py:208} INFO - Processing /home/airflow/.local/lib/python3.12/site-packages/airflow/example_dags/example_params_trigger_ui.py took 0.341 seconds
[2026-06-18T19:25:17.164+0000] {processor.py:186} INFO - Started process (PID=1679) to work on /home/airflow/.local/lib/python3.12/site-packages/airflow/example_dags/example_params_trigger_ui.py
[2026-06-18T19:25:17.170+0000] {processor.py:914} INFO - Processing file /home/airflow/.local/lib/python3.12/site-packages/airflow/example_dags/example_params_trigger_ui.py for tasks to queue
[2026-06-18T19:25:17.179+0000] {logging_mixin.py:190} INFO - [2026-06-18T19:25:17.178+0000] {dagbag.py:588} INFO - Filling up the DagBag from /home/airflow/.local/lib/python3.12/site-packages/airflow/example_dags/example_params_trigger_ui.py
[2026-06-18T19:25:17.209+0000] {processor.py:925} INFO - DAG(s) 'example_params_trigger_ui' retrieved from /home/airflow/.local/lib/python3.12/site-packages/airflow/example_dags/example_params_trigger_ui.py
[2026-06-18T19:25:17.320+0000] {logging_mixin.py:190} INFO - [2026-06-18T19:25:17.320+0000] {dag.py:3239} INFO - Sync 1 DAGs
[2026-06-18T19:25:17.375+0000] {logging_mixin.py:190} INFO - [2026-06-18T19:25:17.375+0000] {dag.py:4180} INFO - Setting next_dagrun for example_params_trigger_ui to None, run_after=None
[2026-06-18T19:25:17.440+0000] {processor.py:208} INFO - Processing /home/airflow/.local/lib/python3.12/site-packages/airflow/example_dags/example_params_trigger_ui.py took 0.293 seconds
[2026-06-18T19:25:53.673+0000] {processor.py:186} INFO - Started process (PID=1750) to work on /home/airflow/.local/lib/python3.12/site-packages/airflow/example_dags/example_params_trigger_ui.py
[2026-06-18T19:25:53.679+0000] {processor.py:914} INFO - Processing file /home/airflow/.local/lib/python3.12/site-packages/airflow/example_dags/example_params_trigger_ui.py for tasks to queue
[2026-06-18T19:25:53.690+0000] {logging_mixin.py:190} INFO - [2026-06-18T19:25:53.688+0000] {dagbag.py:588} INFO - Filling up the DagBag from /home/airflow/.local/lib/python3.12/site-packages/airflow/example_dags/example_params_trigger_ui.py
[2026-06-18T19:25:53.736+0000] {processor.py:925} INFO - DAG(s) 'example_params_trigger_ui' retrieved from /home/airflow/.local/lib/python3.12/site-packages/airflow/example_dags/example_params_trigger_ui.py
[2026-06-18T19:25:53.889+0000] {logging_mixin.py:190} INFO - [2026-06-18T19:25:53.889+0000] {dag.py:3239} INFO - Sync 1 DAGs
[2026-06-18T19:25:53.939+0000] {logging_mixin.py:190} INFO - [2026-06-18T19:25:53.939+0000] {dag.py:4180} INFO - Setting next_dagrun for example_params_trigger_ui to None, run_after=None
[2026-06-18T19:25:54.011+0000] {processor.py:208} INFO - Processing /home/airflow/.local/lib/python3.12/site-packages/airflow/example_dags/example_params_trigger_ui.py took 0.357 seconds
[2026-06-18T19:26:24.208+0000] {processor.py:186} INFO - Started process (PID=1814) to work on /home/airflow/.local/lib/python3.12/site-packages/airflow/example_dags/example_params_trigger_ui.py
[2026-06-18T19:26:24.212+0000] {processor.py:914} INFO - Processing file /home/airflow/.local/lib/python3.12/site-packages/airflow/example_dags/example_params_trigger_ui.py for tasks to queue
[2026-06-18T19:26:24.220+0000] {logging_mixin.py:190} INFO - [2026-06-18T19:26:24.219+0000] {dagbag.py:588} INFO - Filling up the DagBag from /home/airflow/.local/lib/python3.12/site-packages/airflow/example_dags/example_params_trigger_ui.py
[2026-06-18T19:26:24.246+0000] {processor.py:925} INFO - DAG(s) 'example_params_trigger_ui' retrieved from /home/airflow/.local/lib/python3.12/site-packages/airflow/example_dags/example_params_trigger_ui.py
[2026-06-18T19:26:24.382+0000] {logging_mixin.py:190} INFO - [2026-06-18T19:26:24.381+0000] {dag.py:3239} INFO - Sync 1 DAGs
[2026-06-18T19:26:24.430+0000] {logging_mixin.py:190} INFO - [2026-06-18T19:26:24.429+0000] {dag.py:4180} INFO - Setting next_dagrun for example_params_trigger_ui to None, run_after=None
[2026-06-18T19:26:24.481+0000] {processor.py:208} INFO - Processing /home/airflow/.local/lib/python3.12/site-packages/airflow/example_dags/example_params_trigger_ui.py took 0.286 seconds
[2026-06-18T19:26:55.839+0000] {processor.py:186} INFO - Started process (PID=1878) to work on /home/airflow/.local/lib/python3.12/site-packages/airflow/example_dags/example_params_trigger_ui.py
[2026-06-18T19:26:55.844+0000] {processor.py:914} INFO - Processing file /home/airflow/.local/lib/python3.12/site-packages/airflow/example_dags/example_params_trigger_ui.py for tasks to queue
[2026-06-18T19:26:55.852+0000] {logging_mixin.py:190} INFO - [2026-06-18T19:26:55.851+0000] {dagbag.py:588} INFO - Filling up the DagBag from /home/airflow/.local/lib/python3.12/site-packages/airflow/example_dags/example_params_trigger_ui.py
[2026-06-18T19:26:55.886+0000] {processor.py:925} INFO - DAG(s) 'example_params_trigger_ui' retrieved from /home/airflow/.local/lib/python3.12/site-packages/airflow/example_dags/example_params_trigger_ui.py
[2026-06-18T19:26:55.987+0000] {logging_mixin.py:190} INFO - [2026-06-18T19:26:55.986+0000] {dag.py:3239} INFO - Sync 1 DAGs
[2026-06-18T19:26:56.032+0000] {logging_mixin.py:190} INFO - [2026-06-18T19:26:56.031+0000] {dag.py:4180} INFO - Setting next_dagrun for example_params_trigger_ui to None, run_after=None
[2026-06-18T19:26:56.074+0000] {processor.py:208} INFO - Processing /home/airflow/.local/lib/python3.12/site-packages/airflow/example_dags/example_params_trigger_ui.py took 0.252 seconds
[2026-06-18T19:27:30.550+0000] {processor.py:186} INFO - Started process (PID=1944) to work on /home/airflow/.local/lib/python3.12/site-packages/airflow/example_dags/example_params_trigger_ui.py
[2026-06-18T19:27:30.553+0000] {processor.py:914} INFO - Processing file /home/airflow/.local/lib/python3.12/site-packages/airflow/example_dags/example_params_trigger_ui.py for tasks to queue
[2026-06-18T19:27:30.560+0000] {logging_mixin.py:190} INFO - [2026-06-18T19:27:30.559+0000] {dagbag.py:588} INFO - Filling up the DagBag from /home/airflow/.local/lib/python3.12/site-packages/airflow/example_dags/example_params_trigger_ui.py
[2026-06-18T19:27:30.605+0000] {processor.py:925} INFO - DAG(s) 'example_params_trigger_ui' retrieved from /home/airflow/.local/lib/python3.12/site-packages/airflow/example_dags/example_params_trigger_ui.py
[2026-06-18T19:27:30.875+0000] {logging_mixin.py:190} INFO - [2026-06-18T19:27:30.874+0000] {dag.py:3239} INFO - Sync 1 DAGs
[2026-06-18T19:27:30.927+0000] {logging_mixin.py:190} INFO - [2026-06-18T19:27:30.926+0000] {dag.py:4180} INFO - Setting next_dagrun for example_params_trigger_ui to None, run_after=None
[2026-06-18T19:27:31.000+0000] {processor.py:208} INFO - Processing /home/airflow/.local/lib/python3.12/site-packages/airflow/example_dags/example_params_trigger_ui.py took 0.469 seconds
[2026-06-18T19:28:01.448+0000] {processor.py:186} INFO - Started process (PID=2008) to work on /home/airflow/.local/lib/python3.12/site-packages/airflow/example_dags/example_params_trigger_ui.py
[2026-06-18T19:28:01.456+0000] {processor.py:914} INFO - Processing file /home/airflow/.local/lib/python3.12/site-packages/airflow/example_dags/example_params_trigger_ui.py for tasks to queue
[2026-06-18T19:28:01.464+0000] {logging_mixin.py:190} INFO - [2026-06-18T19:28:01.463+0000] {dagbag.py:588} INFO - Filling up the DagBag from /home/airflow/.local/lib/python3.12/site-packages/airflow/example_dags/example_params_trigger_ui.py
[2026-06-18T19:28:01.498+0000] {processor.py:925} INFO - DAG(s) 'example_params_trigger_ui' retrieved from /home/airflow/.local/lib/python3.12/site-packages/airflow/example_dags/example_params_trigger_ui.py
[2026-06-18T19:28:01.633+0000] {logging_mixin.py:190} INFO - [2026-06-18T19:28:01.632+0000] {dag.py:3239} INFO - Sync 1 DAGs
[2026-06-18T19:28:01.674+0000] {logging_mixin.py:190} INFO - [2026-06-18T19:28:01.674+0000] {dag.py:4180} INFO - Setting next_dagrun for example_params_trigger_ui to None, run_after=None
[2026-06-18T19:28:01.724+0000] {processor.py:208} INFO - Processing /home/airflow/.local/lib/python3.12/site-packages/airflow/example_dags/example_params_trigger_ui.py took 0.290 seconds
[2026-06-18T19:28:31.935+0000] {processor.py:186} INFO - Started process (PID=2072) to work on /home/airflow/.local/lib/python3.12/site-packages/airflow/example_dags/example_params_trigger_ui.py
[2026-06-18T19:28:31.938+0000] {processor.py:914} INFO - Processing file /home/airflow/.local/lib/python3.12/site-packages/airflow/example_dags/example_params_trigger_ui.py for tasks to queue
[2026-06-18T19:28:31.942+0000] {logging_mixin.py:190} INFO - [2026-06-18T19:28:31.942+0000] {dagbag.py:588} INFO - Filling up the DagBag from /home/airflow/.local/lib/python3.12/site-packages/airflow/example_dags/example_params_trigger_ui.py
[2026-06-18T19:28:31.963+0000] {processor.py:925} INFO - DAG(s) 'example_params_trigger_ui' retrieved from /home/airflow/.local/lib/python3.12/site-packages/airflow/example_dags/example_params_trigger_ui.py
[2026-06-18T19:28:32.032+0000] {logging_mixin.py:190} INFO - [2026-06-18T19:28:32.031+0000] {dag.py:3239} INFO - Sync 1 DAGs
[2026-06-18T19:28:32.054+0000] {logging_mixin.py:190} INFO - [2026-06-18T19:28:32.053+0000] {dag.py:4180} INFO - Setting next_dagrun for example_params_trigger_ui to None, run_after=None
[2026-06-18T19:28:32.078+0000] {processor.py:208} INFO - Processing /home/airflow/.local/lib/python3.12/site-packages/airflow/example_dags/example_params_trigger_ui.py took 0.152 seconds
[2026-06-18T19:29:05.731+0000] {processor.py:186} INFO - Started process (PID=2138) to work on /home/airflow/.local/lib/python3.12/site-packages/airflow/example_dags/example_params_trigger_ui.py
[2026-06-18T19:29:05.738+0000] {processor.py:914} INFO - Processing file /home/airflow/.local/lib/python3.12/site-packages/airflow/example_dags/example_params_trigger_ui.py for tasks to queue
[2026-06-18T19:29:05.753+0000] {logging_mixin.py:190} INFO - [2026-06-18T19:29:05.752+0000] {dagbag.py:588} INFO - Filling up the DagBag from /home/airflow/.local/lib/python3.12/site-packages/airflow/example_dags/example_params_trigger_ui.py
[2026-06-18T19:29:05.799+0000] {processor.py:925} INFO - DAG(s) 'example_params_trigger_ui' retrieved from /home/airflow/.local/lib/python3.12/site-packages/airflow/example_dags/example_params_trigger_ui.py
[2026-06-18T19:29:06.024+0000] {logging_mixin.py:190} INFO - [2026-06-18T19:29:06.024+0000] {dag.py:3239} INFO - Sync 1 DAGs
[2026-06-18T19:29:06.067+0000] {logging_mixin.py:190} INFO - [2026-06-18T19:29:06.066+0000] {dag.py:4180} INFO - Setting next_dagrun for example_params_trigger_ui to None, run_after=None
[2026-06-18T19:29:06.114+0000] {processor.py:208} INFO - Processing /home/airflow/.local/lib/python3.12/site-packages/airflow/example_dags/example_params_trigger_ui.py took 0.405 seconds
[2026-06-18T19:29:38.177+0000] {processor.py:186} INFO - Started process (PID=2202) to work on /home/airflow/.local/lib/python3.12/site-packages/airflow/example_dags/example_params_trigger_ui.py
[2026-06-18T19:29:38.182+0000] {processor.py:914} INFO - Processing file /home/airflow/.local/lib/python3.12/site-packages/airflow/example_dags/example_params_trigger_ui.py for tasks to queue
[2026-06-18T19:29:38.194+0000] {logging_mixin.py:190} INFO - [2026-06-18T19:29:38.192+0000] {dagbag.py:588} INFO - Filling up the DagBag from /home/airflow/.local/lib/python3.12/site-packages/airflow/example_dags/example_params_trigger_ui.py
[2026-06-18T19:29:38.236+0000] {processor.py:925} INFO - DAG(s) 'example_params_trigger_ui' retrieved from /home/airflow/.local/lib/python3.12/site-packages/airflow/example_dags/example_params_trigger_ui.py
[2026-06-18T19:29:38.359+0000] {logging_mixin.py:190} INFO - [2026-06-18T19:29:38.358+0000] {dag.py:3239} INFO - Sync 1 DAGs
[2026-06-18T19:29:38.410+0000] {logging_mixin.py:190} INFO - [2026-06-18T19:29:38.410+0000] {dag.py:4180} INFO - Setting next_dagrun for example_params_trigger_ui to None, run_after=None
[2026-06-18T19:29:38.453+0000] {processor.py:208} INFO - Processing /home/airflow/.local/lib/python3.12/site-packages/airflow/example_dags/example_params_trigger_ui.py took 0.297 seconds
[2026-06-18T19:30:09.388+0000] {processor.py:186} INFO - Started process (PID=2266) to work on /home/airflow/.local/lib/python3.12/site-packages/airflow/example_dags/example_params_trigger_ui.py
[2026-06-18T19:30:09.393+0000] {processor.py:914} INFO - Processing file /home/airflow/.local/lib/python3.12/site-packages/airflow/example_dags/example_params_trigger_ui.py for tasks to queue
[2026-06-18T19:30:09.400+0000] {logging_mixin.py:190} INFO - [2026-06-18T19:30:09.399+0000] {dagbag.py:588} INFO - Filling up the DagBag from /home/airflow/.local/lib/python3.12/site-packages/airflow/example_dags/example_params_trigger_ui.py
[2026-06-18T19:30:09.435+0000] {processor.py:925} INFO - DAG(s) 'example_params_trigger_ui' retrieved from /home/airflow/.local/lib/python3.12/site-packages/airflow/example_dags/example_params_trigger_ui.py
[2026-06-18T19:30:09.647+0000] {logging_mixin.py:190} INFO - [2026-06-18T19:30:09.646+0000] {dag.py:3239} INFO - Sync 1 DAGs
[2026-06-18T19:30:09.695+0000] {logging_mixin.py:190} INFO - [2026-06-18T19:30:09.695+0000] {dag.py:4180} INFO - Setting next_dagrun for example_params_trigger_ui to None, run_after=None
[2026-06-18T19:30:09.755+0000] {processor.py:208} INFO - Processing /home/airflow/.local/lib/python3.12/site-packages/airflow/example_dags/example_params_trigger_ui.py took 0.390 seconds
