[2026-06-18T19:12:29.770+0000] {processor.py:186} INFO - Started process (PID=122) to work on /home/airflow/.local/lib/python3.12/site-packages/airflow/example_dags/example_task_group.py
[2026-06-18T19:12:29.774+0000] {processor.py:914} INFO - Processing file /home/airflow/.local/lib/python3.12/site-packages/airflow/example_dags/example_task_group.py for tasks to queue
[2026-06-18T19:12:29.784+0000] {logging_mixin.py:190} INFO - [2026-06-18T19:12:29.783+0000] {dagbag.py:588} INFO - Filling up the DagBag from /home/airflow/.local/lib/python3.12/site-packages/airflow/example_dags/example_task_group.py
[2026-06-18T19:12:29.825+0000] {processor.py:925} INFO - DAG(s) 'example_task_group' retrieved from /home/airflow/.local/lib/python3.12/site-packages/airflow/example_dags/example_task_group.py
[2026-06-18T19:12:29.892+0000] {logging_mixin.py:190} INFO - [2026-06-18T19:12:29.891+0000] {dag.py:3239} INFO - Sync 1 DAGs
[2026-06-18T19:12:29.946+0000] {logging_mixin.py:190} INFO - [2026-06-18T19:12:29.945+0000] {dag.py:4180} INFO - Setting next_dagrun for example_task_group to None, run_after=None
[2026-06-18T19:12:30.009+0000] {processor.py:208} INFO - Processing /home/airflow/.local/lib/python3.12/site-packages/airflow/example_dags/example_task_group.py took 0.262 seconds
[2026-06-18T19:13:04.231+0000] {processor.py:186} INFO - Started process (PID=186) to work on /home/airflow/.local/lib/python3.12/site-packages/airflow/example_dags/example_task_group.py
[2026-06-18T19:13:04.238+0000] {processor.py:914} INFO - Processing file /home/airflow/.local/lib/python3.12/site-packages/airflow/example_dags/example_task_group.py for tasks to queue
[2026-06-18T19:13:04.250+0000] {logging_mixin.py:190} INFO - [2026-06-18T19:13:04.249+0000] {dagbag.py:588} INFO - Filling up the DagBag from /home/airflow/.local/lib/python3.12/site-packages/airflow/example_dags/example_task_group.py
[2026-06-18T19:13:04.309+0000] {processor.py:925} INFO - DAG(s) 'example_task_group' retrieved from /home/airflow/.local/lib/python3.12/site-packages/airflow/example_dags/example_task_group.py
[2026-06-18T19:13:04.397+0000] {logging_mixin.py:190} INFO - [2026-06-18T19:13:04.396+0000] {dag.py:3239} INFO - Sync 1 DAGs
[2026-06-18T19:13:04.450+0000] {logging_mixin.py:190} INFO - [2026-06-18T19:13:04.449+0000] {dag.py:4180} INFO - Setting next_dagrun for example_task_group to None, run_after=None
[2026-06-18T19:13:04.502+0000] {processor.py:208} INFO - Processing /home/airflow/.local/lib/python3.12/site-packages/airflow/example_dags/example_task_group.py took 0.313 seconds
[2026-06-18T19:13:42.118+0000] {processor.py:186} INFO - Started process (PID=250) to work on /home/airflow/.local/lib/python3.12/site-packages/airflow/example_dags/example_task_group.py
[2026-06-18T19:13:42.123+0000] {processor.py:914} INFO - Processing file /home/airflow/.local/lib/python3.12/site-packages/airflow/example_dags/example_task_group.py for tasks to queue
[2026-06-18T19:13:42.133+0000] {logging_mixin.py:190} INFO - [2026-06-18T19:13:42.132+0000] {dagbag.py:588} INFO - Filling up the DagBag from /home/airflow/.local/lib/python3.12/site-packages/airflow/example_dags/example_task_group.py
[2026-06-18T19:13:42.170+0000] {processor.py:925} INFO - DAG(s) 'example_task_group' retrieved from /home/airflow/.local/lib/python3.12/site-packages/airflow/example_dags/example_task_group.py
[2026-06-18T19:13:42.239+0000] {logging_mixin.py:190} INFO - [2026-06-18T19:13:42.238+0000] {dag.py:3239} INFO - Sync 1 DAGs
[2026-06-18T19:13:42.286+0000] {logging_mixin.py:190} INFO - [2026-06-18T19:13:42.286+0000] {dag.py:4180} INFO - Setting next_dagrun for example_task_group to None, run_after=None
[2026-06-18T19:13:42.376+0000] {processor.py:208} INFO - Processing /home/airflow/.local/lib/python3.12/site-packages/airflow/example_dags/example_task_group.py took 0.284 seconds
[2026-06-18T19:14:14.531+0000] {processor.py:186} INFO - Started process (PID=314) to work on /home/airflow/.local/lib/python3.12/site-packages/airflow/example_dags/example_task_group.py
[2026-06-18T19:14:14.536+0000] {processor.py:914} INFO - Processing file /home/airflow/.local/lib/python3.12/site-packages/airflow/example_dags/example_task_group.py for tasks to queue
[2026-06-18T19:14:14.547+0000] {logging_mixin.py:190} INFO - [2026-06-18T19:14:14.546+0000] {dagbag.py:588} INFO - Filling up the DagBag from /home/airflow/.local/lib/python3.12/site-packages/airflow/example_dags/example_task_group.py
[2026-06-18T19:14:14.576+0000] {processor.py:925} INFO - DAG(s) 'example_task_group' retrieved from /home/airflow/.local/lib/python3.12/site-packages/airflow/example_dags/example_task_group.py
[2026-06-18T19:14:14.650+0000] {logging_mixin.py:190} INFO - [2026-06-18T19:14:14.649+0000] {dag.py:3239} INFO - Sync 1 DAGs
[2026-06-18T19:14:14.725+0000] {logging_mixin.py:190} INFO - [2026-06-18T19:14:14.724+0000] {dag.py:4180} INFO - Setting next_dagrun for example_task_group to None, run_after=None
[2026-06-18T19:14:14.772+0000] {processor.py:208} INFO - Processing /home/airflow/.local/lib/python3.12/site-packages/airflow/example_dags/example_task_group.py took 0.260 seconds
[2026-06-18T19:14:46.851+0000] {processor.py:186} INFO - Started process (PID=384) to work on /home/airflow/.local/lib/python3.12/site-packages/airflow/example_dags/example_task_group.py
[2026-06-18T19:14:46.856+0000] {processor.py:914} INFO - Processing file /home/airflow/.local/lib/python3.12/site-packages/airflow/example_dags/example_task_group.py for tasks to queue
[2026-06-18T19:14:46.867+0000] {logging_mixin.py:190} INFO - [2026-06-18T19:14:46.865+0000] {dagbag.py:588} INFO - Filling up the DagBag from /home/airflow/.local/lib/python3.12/site-packages/airflow/example_dags/example_task_group.py
[2026-06-18T19:14:46.899+0000] {processor.py:925} INFO - DAG(s) 'example_task_group' retrieved from /home/airflow/.local/lib/python3.12/site-packages/airflow/example_dags/example_task_group.py
[2026-06-18T19:14:46.975+0000] {logging_mixin.py:190} INFO - [2026-06-18T19:14:46.975+0000] {dag.py:3239} INFO - Sync 1 DAGs
[2026-06-18T19:14:47.023+0000] {logging_mixin.py:190} INFO - [2026-06-18T19:14:47.023+0000] {dag.py:4180} INFO - Setting next_dagrun for example_task_group to None, run_after=None
[2026-06-18T19:14:47.083+0000] {processor.py:208} INFO - Processing /home/airflow/.local/lib/python3.12/site-packages/airflow/example_dags/example_task_group.py took 0.252 seconds
[2026-06-18T19:15:18.085+0000] {processor.py:186} INFO - Started process (PID=448) to work on /home/airflow/.local/lib/python3.12/site-packages/airflow/example_dags/example_task_group.py
[2026-06-18T19:15:18.089+0000] {processor.py:914} INFO - Processing file /home/airflow/.local/lib/python3.12/site-packages/airflow/example_dags/example_task_group.py for tasks to queue
[2026-06-18T19:15:18.097+0000] {logging_mixin.py:190} INFO - [2026-06-18T19:15:18.096+0000] {dagbag.py:588} INFO - Filling up the DagBag from /home/airflow/.local/lib/python3.12/site-packages/airflow/example_dags/example_task_group.py
[2026-06-18T19:15:18.120+0000] {processor.py:925} INFO - DAG(s) 'example_task_group' retrieved from /home/airflow/.local/lib/python3.12/site-packages/airflow/example_dags/example_task_group.py
[2026-06-18T19:15:18.177+0000] {logging_mixin.py:190} INFO - [2026-06-18T19:15:18.176+0000] {dag.py:3239} INFO - Sync 1 DAGs
[2026-06-18T19:15:18.218+0000] {logging_mixin.py:190} INFO - [2026-06-18T19:15:18.217+0000] {dag.py:4180} INFO - Setting next_dagrun for example_task_group to None, run_after=None
[2026-06-18T19:15:18.259+0000] {processor.py:208} INFO - Processing /home/airflow/.local/lib/python3.12/site-packages/airflow/example_dags/example_task_group.py took 0.188 seconds
[2026-06-18T19:15:48.783+0000] {processor.py:186} INFO - Started process (PID=511) to work on /home/airflow/.local/lib/python3.12/site-packages/airflow/example_dags/example_task_group.py
[2026-06-18T19:15:48.786+0000] {processor.py:914} INFO - Processing file /home/airflow/.local/lib/python3.12/site-packages/airflow/example_dags/example_task_group.py for tasks to queue
[2026-06-18T19:15:48.798+0000] {logging_mixin.py:190} INFO - [2026-06-18T19:15:48.793+0000] {dagbag.py:588} INFO - Filling up the DagBag from /home/airflow/.local/lib/python3.12/site-packages/airflow/example_dags/example_task_group.py
[2026-06-18T19:15:48.830+0000] {processor.py:925} INFO - DAG(s) 'example_task_group' retrieved from /home/airflow/.local/lib/python3.12/site-packages/airflow/example_dags/example_task_group.py
[2026-06-18T19:15:48.894+0000] {logging_mixin.py:190} INFO - [2026-06-18T19:15:48.894+0000] {dag.py:3239} INFO - Sync 1 DAGs
[2026-06-18T19:15:48.952+0000] {logging_mixin.py:190} INFO - [2026-06-18T19:15:48.951+0000] {dag.py:4180} INFO - Setting next_dagrun for example_task_group to None, run_after=None
[2026-06-18T19:15:49.032+0000] {processor.py:208} INFO - Processing /home/airflow/.local/lib/python3.12/site-packages/airflow/example_dags/example_task_group.py took 0.271 seconds
[2026-06-18T19:16:19.100+0000] {processor.py:186} INFO - Started process (PID=574) to work on /home/airflow/.local/lib/python3.12/site-packages/airflow/example_dags/example_task_group.py
[2026-06-18T19:16:19.103+0000] {processor.py:914} INFO - Processing file /home/airflow/.local/lib/python3.12/site-packages/airflow/example_dags/example_task_group.py for tasks to queue
[2026-06-18T19:16:19.107+0000] {logging_mixin.py:190} INFO - [2026-06-18T19:16:19.107+0000] {dagbag.py:588} INFO - Filling up the DagBag from /home/airflow/.local/lib/python3.12/site-packages/airflow/example_dags/example_task_group.py
[2026-06-18T19:16:19.118+0000] {processor.py:925} INFO - DAG(s) 'example_task_group' retrieved from /home/airflow/.local/lib/python3.12/site-packages/airflow/example_dags/example_task_group.py
[2026-06-18T19:16:19.143+0000] {logging_mixin.py:190} INFO - [2026-06-18T19:16:19.143+0000] {dag.py:3239} INFO - Sync 1 DAGs
[2026-06-18T19:16:19.159+0000] {logging_mixin.py:190} INFO - [2026-06-18T19:16:19.159+0000] {dag.py:4180} INFO - Setting next_dagrun for example_task_group to None, run_after=None
[2026-06-18T19:16:19.187+0000] {processor.py:208} INFO - Processing /home/airflow/.local/lib/python3.12/site-packages/airflow/example_dags/example_task_group.py took 0.093 seconds
[2026-06-18T19:16:49.313+0000] {processor.py:186} INFO - Started process (PID=638) to work on /home/airflow/.local/lib/python3.12/site-packages/airflow/example_dags/example_task_group.py
[2026-06-18T19:16:49.315+0000] {processor.py:914} INFO - Processing file /home/airflow/.local/lib/python3.12/site-packages/airflow/example_dags/example_task_group.py for tasks to queue
[2026-06-18T19:16:49.320+0000] {logging_mixin.py:190} INFO - [2026-06-18T19:16:49.320+0000] {dagbag.py:588} INFO - Filling up the DagBag from /home/airflow/.local/lib/python3.12/site-packages/airflow/example_dags/example_task_group.py
[2026-06-18T19:16:49.331+0000] {processor.py:925} INFO - DAG(s) 'example_task_group' retrieved from /home/airflow/.local/lib/python3.12/site-packages/airflow/example_dags/example_task_group.py
[2026-06-18T19:16:49.355+0000] {logging_mixin.py:190} INFO - [2026-06-18T19:16:49.354+0000] {dag.py:3239} INFO - Sync 1 DAGs
[2026-06-18T19:16:49.371+0000] {logging_mixin.py:190} INFO - [2026-06-18T19:16:49.370+0000] {dag.py:4180} INFO - Setting next_dagrun for example_task_group to None, run_after=None
[2026-06-18T19:16:49.391+0000] {processor.py:208} INFO - Processing /home/airflow/.local/lib/python3.12/site-packages/airflow/example_dags/example_task_group.py took 0.084 seconds
[2026-06-18T19:17:19.705+0000] {processor.py:186} INFO - Started process (PID=702) to work on /home/airflow/.local/lib/python3.12/site-packages/airflow/example_dags/example_task_group.py
[2026-06-18T19:17:19.708+0000] {processor.py:914} INFO - Processing file /home/airflow/.local/lib/python3.12/site-packages/airflow/example_dags/example_task_group.py for tasks to queue
[2026-06-18T19:17:19.712+0000] {logging_mixin.py:190} INFO - [2026-06-18T19:17:19.712+0000] {dagbag.py:588} INFO - Filling up the DagBag from /home/airflow/.local/lib/python3.12/site-packages/airflow/example_dags/example_task_group.py
[2026-06-18T19:17:19.724+0000] {processor.py:925} INFO - DAG(s) 'example_task_group' retrieved from /home/airflow/.local/lib/python3.12/site-packages/airflow/example_dags/example_task_group.py
[2026-06-18T19:17:19.753+0000] {logging_mixin.py:190} INFO - [2026-06-18T19:17:19.752+0000] {dag.py:3239} INFO - Sync 1 DAGs
[2026-06-18T19:17:19.769+0000] {logging_mixin.py:190} INFO - [2026-06-18T19:17:19.769+0000] {dag.py:4180} INFO - Setting next_dagrun for example_task_group to None, run_after=None
[2026-06-18T19:17:19.793+0000] {processor.py:208} INFO - Processing /home/airflow/.local/lib/python3.12/site-packages/airflow/example_dags/example_task_group.py took 0.096 seconds
[2026-06-18T19:17:52.009+0000] {processor.py:186} INFO - Started process (PID=767) to work on /home/airflow/.local/lib/python3.12/site-packages/airflow/example_dags/example_task_group.py
[2026-06-18T19:17:52.024+0000] {processor.py:914} INFO - Processing file /home/airflow/.local/lib/python3.12/site-packages/airflow/example_dags/example_task_group.py for tasks to queue
[2026-06-18T19:17:52.046+0000] {logging_mixin.py:190} INFO - [2026-06-18T19:17:52.044+0000] {dagbag.py:588} INFO - Filling up the DagBag from /home/airflow/.local/lib/python3.12/site-packages/airflow/example_dags/example_task_group.py
[2026-06-18T19:17:52.145+0000] {processor.py:925} INFO - DAG(s) 'example_task_group' retrieved from /home/airflow/.local/lib/python3.12/site-packages/airflow/example_dags/example_task_group.py
[2026-06-18T19:17:52.348+0000] {logging_mixin.py:190} INFO - [2026-06-18T19:17:52.347+0000] {dag.py:3239} INFO - Sync 1 DAGs
[2026-06-18T19:17:52.464+0000] {logging_mixin.py:190} INFO - [2026-06-18T19:17:52.463+0000] {dag.py:4180} INFO - Setting next_dagrun for example_task_group to None, run_after=None
[2026-06-18T19:17:52.560+0000] {processor.py:208} INFO - Processing /home/airflow/.local/lib/python3.12/site-packages/airflow/example_dags/example_task_group.py took 0.600 seconds
[2026-06-18T19:18:22.859+0000] {processor.py:186} INFO - Started process (PID=830) to work on /home/airflow/.local/lib/python3.12/site-packages/airflow/example_dags/example_task_group.py
[2026-06-18T19:18:22.862+0000] {processor.py:914} INFO - Processing file /home/airflow/.local/lib/python3.12/site-packages/airflow/example_dags/example_task_group.py for tasks to queue
[2026-06-18T19:18:22.865+0000] {logging_mixin.py:190} INFO - [2026-06-18T19:18:22.865+0000] {dagbag.py:588} INFO - Filling up the DagBag from /home/airflow/.local/lib/python3.12/site-packages/airflow/example_dags/example_task_group.py
[2026-06-18T19:18:22.872+0000] {processor.py:925} INFO - DAG(s) 'example_task_group' retrieved from /home/airflow/.local/lib/python3.12/site-packages/airflow/example_dags/example_task_group.py
[2026-06-18T19:18:22.891+0000] {logging_mixin.py:190} INFO - [2026-06-18T19:18:22.890+0000] {dag.py:3239} INFO - Sync 1 DAGs
[2026-06-18T19:18:22.903+0000] {logging_mixin.py:190} INFO - [2026-06-18T19:18:22.903+0000] {dag.py:4180} INFO - Setting next_dagrun for example_task_group to None, run_after=None
[2026-06-18T19:18:22.920+0000] {processor.py:208} INFO - Processing /home/airflow/.local/lib/python3.12/site-packages/airflow/example_dags/example_task_group.py took 0.066 seconds
[2026-06-18T19:18:53.782+0000] {processor.py:186} INFO - Started process (PID=894) to work on /home/airflow/.local/lib/python3.12/site-packages/airflow/example_dags/example_task_group.py
[2026-06-18T19:18:53.786+0000] {processor.py:914} INFO - Processing file /home/airflow/.local/lib/python3.12/site-packages/airflow/example_dags/example_task_group.py for tasks to queue
[2026-06-18T19:18:53.791+0000] {logging_mixin.py:190} INFO - [2026-06-18T19:18:53.791+0000] {dagbag.py:588} INFO - Filling up the DagBag from /home/airflow/.local/lib/python3.12/site-packages/airflow/example_dags/example_task_group.py
[2026-06-18T19:18:53.811+0000] {processor.py:925} INFO - DAG(s) 'example_task_group' retrieved from /home/airflow/.local/lib/python3.12/site-packages/airflow/example_dags/example_task_group.py
[2026-06-18T19:18:53.886+0000] {logging_mixin.py:190} INFO - [2026-06-18T19:18:53.885+0000] {dag.py:3239} INFO - Sync 1 DAGs
[2026-06-18T19:18:53.939+0000] {logging_mixin.py:190} INFO - [2026-06-18T19:18:53.939+0000] {dag.py:4180} INFO - Setting next_dagrun for example_task_group to None, run_after=None
[2026-06-18T19:18:53.998+0000] {processor.py:208} INFO - Processing /home/airflow/.local/lib/python3.12/site-packages/airflow/example_dags/example_task_group.py took 0.232 seconds
[2026-06-18T19:19:25.757+0000] {processor.py:186} INFO - Started process (PID=958) to work on /home/airflow/.local/lib/python3.12/site-packages/airflow/example_dags/example_task_group.py
[2026-06-18T19:19:25.764+0000] {processor.py:914} INFO - Processing file /home/airflow/.local/lib/python3.12/site-packages/airflow/example_dags/example_task_group.py for tasks to queue
[2026-06-18T19:19:25.773+0000] {logging_mixin.py:190} INFO - [2026-06-18T19:19:25.772+0000] {dagbag.py:588} INFO - Filling up the DagBag from /home/airflow/.local/lib/python3.12/site-packages/airflow/example_dags/example_task_group.py
[2026-06-18T19:19:25.799+0000] {processor.py:925} INFO - DAG(s) 'example_task_group' retrieved from /home/airflow/.local/lib/python3.12/site-packages/airflow/example_dags/example_task_group.py
[2026-06-18T19:19:25.881+0000] {logging_mixin.py:190} INFO - [2026-06-18T19:19:25.881+0000] {dag.py:3239} INFO - Sync 1 DAGs
[2026-06-18T19:19:25.937+0000] {logging_mixin.py:190} INFO - [2026-06-18T19:19:25.936+0000] {dag.py:4180} INFO - Setting next_dagrun for example_task_group to None, run_after=None
[2026-06-18T19:19:26.004+0000] {processor.py:208} INFO - Processing /home/airflow/.local/lib/python3.12/site-packages/airflow/example_dags/example_task_group.py took 0.265 seconds
[2026-06-18T19:19:56.979+0000] {processor.py:186} INFO - Started process (PID=1023) to work on /home/airflow/.local/lib/python3.12/site-packages/airflow/example_dags/example_task_group.py
[2026-06-18T19:19:56.981+0000] {processor.py:914} INFO - Processing file /home/airflow/.local/lib/python3.12/site-packages/airflow/example_dags/example_task_group.py for tasks to queue
[2026-06-18T19:19:56.984+0000] {logging_mixin.py:190} INFO - [2026-06-18T19:19:56.984+0000] {dagbag.py:588} INFO - Filling up the DagBag from /home/airflow/.local/lib/python3.12/site-packages/airflow/example_dags/example_task_group.py
[2026-06-18T19:19:56.993+0000] {processor.py:925} INFO - DAG(s) 'example_task_group' retrieved from /home/airflow/.local/lib/python3.12/site-packages/airflow/example_dags/example_task_group.py
[2026-06-18T19:19:57.014+0000] {logging_mixin.py:190} INFO - [2026-06-18T19:19:57.013+0000] {dag.py:3239} INFO - Sync 1 DAGs
[2026-06-18T19:19:57.028+0000] {logging_mixin.py:190} INFO - [2026-06-18T19:19:57.027+0000] {dag.py:4180} INFO - Setting next_dagrun for example_task_group to None, run_after=None
[2026-06-18T19:19:57.044+0000] {processor.py:208} INFO - Processing /home/airflow/.local/lib/python3.12/site-packages/airflow/example_dags/example_task_group.py took 0.071 seconds
[2026-06-18T19:20:27.659+0000] {processor.py:186} INFO - Started process (PID=1087) to work on /home/airflow/.local/lib/python3.12/site-packages/airflow/example_dags/example_task_group.py
[2026-06-18T19:20:27.664+0000] {processor.py:914} INFO - Processing file /home/airflow/.local/lib/python3.12/site-packages/airflow/example_dags/example_task_group.py for tasks to queue
[2026-06-18T19:20:27.670+0000] {logging_mixin.py:190} INFO - [2026-06-18T19:20:27.669+0000] {dagbag.py:588} INFO - Filling up the DagBag from /home/airflow/.local/lib/python3.12/site-packages/airflow/example_dags/example_task_group.py
[2026-06-18T19:20:27.694+0000] {processor.py:925} INFO - DAG(s) 'example_task_group' retrieved from /home/airflow/.local/lib/python3.12/site-packages/airflow/example_dags/example_task_group.py
[2026-06-18T19:20:27.744+0000] {logging_mixin.py:190} INFO - [2026-06-18T19:20:27.743+0000] {dag.py:3239} INFO - Sync 1 DAGs
[2026-06-18T19:20:27.775+0000] {logging_mixin.py:190} INFO - [2026-06-18T19:20:27.774+0000] {dag.py:4180} INFO - Setting next_dagrun for example_task_group to None, run_after=None
[2026-06-18T19:20:27.808+0000] {processor.py:208} INFO - Processing /home/airflow/.local/lib/python3.12/site-packages/airflow/example_dags/example_task_group.py took 0.164 seconds
[2026-06-18T19:20:59.767+0000] {processor.py:186} INFO - Started process (PID=1153) to work on /home/airflow/.local/lib/python3.12/site-packages/airflow/example_dags/example_task_group.py
[2026-06-18T19:20:59.773+0000] {processor.py:914} INFO - Processing file /home/airflow/.local/lib/python3.12/site-packages/airflow/example_dags/example_task_group.py for tasks to queue
[2026-06-18T19:20:59.782+0000] {logging_mixin.py:190} INFO - [2026-06-18T19:20:59.781+0000] {dagbag.py:588} INFO - Filling up the DagBag from /home/airflow/.local/lib/python3.12/site-packages/airflow/example_dags/example_task_group.py
[2026-06-18T19:20:59.816+0000] {processor.py:925} INFO - DAG(s) 'example_task_group' retrieved from /home/airflow/.local/lib/python3.12/site-packages/airflow/example_dags/example_task_group.py
[2026-06-18T19:20:59.885+0000] {logging_mixin.py:190} INFO - [2026-06-18T19:20:59.884+0000] {dag.py:3239} INFO - Sync 1 DAGs
[2026-06-18T19:20:59.941+0000] {logging_mixin.py:190} INFO - [2026-06-18T19:20:59.941+0000] {dag.py:4180} INFO - Setting next_dagrun for example_task_group to None, run_after=None
[2026-06-18T19:20:59.990+0000] {processor.py:208} INFO - Processing /home/airflow/.local/lib/python3.12/site-packages/airflow/example_dags/example_task_group.py took 0.245 seconds
[2026-06-18T19:21:30.289+0000] {processor.py:186} INFO - Started process (PID=1217) to work on /home/airflow/.local/lib/python3.12/site-packages/airflow/example_dags/example_task_group.py
[2026-06-18T19:21:30.294+0000] {processor.py:914} INFO - Processing file /home/airflow/.local/lib/python3.12/site-packages/airflow/example_dags/example_task_group.py for tasks to queue
[2026-06-18T19:21:30.301+0000] {logging_mixin.py:190} INFO - [2026-06-18T19:21:30.300+0000] {dagbag.py:588} INFO - Filling up the DagBag from /home/airflow/.local/lib/python3.12/site-packages/airflow/example_dags/example_task_group.py
[2026-06-18T19:21:30.324+0000] {processor.py:925} INFO - DAG(s) 'example_task_group' retrieved from /home/airflow/.local/lib/python3.12/site-packages/airflow/example_dags/example_task_group.py
[2026-06-18T19:21:30.385+0000] {logging_mixin.py:190} INFO - [2026-06-18T19:21:30.385+0000] {dag.py:3239} INFO - Sync 1 DAGs
[2026-06-18T19:21:30.436+0000] {logging_mixin.py:190} INFO - [2026-06-18T19:21:30.436+0000] {dag.py:4180} INFO - Setting next_dagrun for example_task_group to None, run_after=None
[2026-06-18T19:21:30.491+0000] {processor.py:208} INFO - Processing /home/airflow/.local/lib/python3.12/site-packages/airflow/example_dags/example_task_group.py took 0.215 seconds
[2026-06-18T19:22:05.391+0000] {processor.py:186} INFO - Started process (PID=1289) to work on /home/airflow/.local/lib/python3.12/site-packages/airflow/example_dags/example_task_group.py
[2026-06-18T19:22:05.394+0000] {processor.py:914} INFO - Processing file /home/airflow/.local/lib/python3.12/site-packages/airflow/example_dags/example_task_group.py for tasks to queue
[2026-06-18T19:22:05.399+0000] {logging_mixin.py:190} INFO - [2026-06-18T19:22:05.398+0000] {dagbag.py:588} INFO - Filling up the DagBag from /home/airflow/.local/lib/python3.12/site-packages/airflow/example_dags/example_task_group.py
[2026-06-18T19:22:05.415+0000] {processor.py:925} INFO - DAG(s) 'example_task_group' retrieved from /home/airflow/.local/lib/python3.12/site-packages/airflow/example_dags/example_task_group.py
[2026-06-18T19:22:05.482+0000] {logging_mixin.py:190} INFO - [2026-06-18T19:22:05.481+0000] {dag.py:3239} INFO - Sync 1 DAGs
[2026-06-18T19:22:05.526+0000] {logging_mixin.py:190} INFO - [2026-06-18T19:22:05.526+0000] {dag.py:4180} INFO - Setting next_dagrun for example_task_group to None, run_after=None
[2026-06-18T19:22:05.571+0000] {processor.py:208} INFO - Processing /home/airflow/.local/lib/python3.12/site-packages/airflow/example_dags/example_task_group.py took 0.189 seconds
[2026-06-18T19:22:37.219+0000] {processor.py:186} INFO - Started process (PID=1354) to work on /home/airflow/.local/lib/python3.12/site-packages/airflow/example_dags/example_task_group.py
[2026-06-18T19:22:37.223+0000] {processor.py:914} INFO - Processing file /home/airflow/.local/lib/python3.12/site-packages/airflow/example_dags/example_task_group.py for tasks to queue
[2026-06-18T19:22:37.229+0000] {logging_mixin.py:190} INFO - [2026-06-18T19:22:37.228+0000] {dagbag.py:588} INFO - Filling up the DagBag from /home/airflow/.local/lib/python3.12/site-packages/airflow/example_dags/example_task_group.py
[2026-06-18T19:22:37.247+0000] {processor.py:925} INFO - DAG(s) 'example_task_group' retrieved from /home/airflow/.local/lib/python3.12/site-packages/airflow/example_dags/example_task_group.py
[2026-06-18T19:22:37.285+0000] {logging_mixin.py:190} INFO - [2026-06-18T19:22:37.285+0000] {dag.py:3239} INFO - Sync 1 DAGs
[2026-06-18T19:22:37.315+0000] {logging_mixin.py:190} INFO - [2026-06-18T19:22:37.315+0000] {dag.py:4180} INFO - Setting next_dagrun for example_task_group to None, run_after=None
[2026-06-18T19:22:37.352+0000] {processor.py:208} INFO - Processing /home/airflow/.local/lib/python3.12/site-packages/airflow/example_dags/example_task_group.py took 0.144 seconds
[2026-06-18T19:23:12.640+0000] {processor.py:186} INFO - Started process (PID=1427) to work on /home/airflow/.local/lib/python3.12/site-packages/airflow/example_dags/example_task_group.py
[2026-06-18T19:23:12.653+0000] {processor.py:914} INFO - Processing file /home/airflow/.local/lib/python3.12/site-packages/airflow/example_dags/example_task_group.py for tasks to queue
[2026-06-18T19:23:12.667+0000] {logging_mixin.py:190} INFO - [2026-06-18T19:23:12.665+0000] {dagbag.py:588} INFO - Filling up the DagBag from /home/airflow/.local/lib/python3.12/site-packages/airflow/example_dags/example_task_group.py
[2026-06-18T19:23:12.736+0000] {processor.py:925} INFO - DAG(s) 'example_task_group' retrieved from /home/airflow/.local/lib/python3.12/site-packages/airflow/example_dags/example_task_group.py
[2026-06-18T19:23:12.844+0000] {logging_mixin.py:190} INFO - [2026-06-18T19:23:12.843+0000] {dag.py:3239} INFO - Sync 1 DAGs
[2026-06-18T19:23:12.902+0000] {logging_mixin.py:190} INFO - [2026-06-18T19:23:12.901+0000] {dag.py:4180} INFO - Setting next_dagrun for example_task_group to None, run_after=None
[2026-06-18T19:23:12.965+0000] {processor.py:208} INFO - Processing /home/airflow/.local/lib/python3.12/site-packages/airflow/example_dags/example_task_group.py took 0.369 seconds
[2026-06-18T19:23:43.226+0000] {processor.py:186} INFO - Started process (PID=1491) to work on /home/airflow/.local/lib/python3.12/site-packages/airflow/example_dags/example_task_group.py
[2026-06-18T19:23:43.233+0000] {processor.py:914} INFO - Processing file /home/airflow/.local/lib/python3.12/site-packages/airflow/example_dags/example_task_group.py for tasks to queue
[2026-06-18T19:23:43.240+0000] {logging_mixin.py:190} INFO - [2026-06-18T19:23:43.239+0000] {dagbag.py:588} INFO - Filling up the DagBag from /home/airflow/.local/lib/python3.12/site-packages/airflow/example_dags/example_task_group.py
[2026-06-18T19:23:43.274+0000] {processor.py:925} INFO - DAG(s) 'example_task_group' retrieved from /home/airflow/.local/lib/python3.12/site-packages/airflow/example_dags/example_task_group.py
[2026-06-18T19:23:43.335+0000] {logging_mixin.py:190} INFO - [2026-06-18T19:23:43.334+0000] {dag.py:3239} INFO - Sync 1 DAGs
[2026-06-18T19:23:43.393+0000] {logging_mixin.py:190} INFO - [2026-06-18T19:23:43.390+0000] {dag.py:4180} INFO - Setting next_dagrun for example_task_group to None, run_after=None
[2026-06-18T19:23:43.453+0000] {processor.py:208} INFO - Processing /home/airflow/.local/lib/python3.12/site-packages/airflow/example_dags/example_task_group.py took 0.244 seconds
[2026-06-18T19:24:14.116+0000] {processor.py:186} INFO - Started process (PID=1554) to work on /home/airflow/.local/lib/python3.12/site-packages/airflow/example_dags/example_task_group.py
[2026-06-18T19:24:14.118+0000] {processor.py:914} INFO - Processing file /home/airflow/.local/lib/python3.12/site-packages/airflow/example_dags/example_task_group.py for tasks to queue
[2026-06-18T19:24:14.123+0000] {logging_mixin.py:190} INFO - [2026-06-18T19:24:14.123+0000] {dagbag.py:588} INFO - Filling up the DagBag from /home/airflow/.local/lib/python3.12/site-packages/airflow/example_dags/example_task_group.py
[2026-06-18T19:24:14.137+0000] {processor.py:925} INFO - DAG(s) 'example_task_group' retrieved from /home/airflow/.local/lib/python3.12/site-packages/airflow/example_dags/example_task_group.py
[2026-06-18T19:24:14.167+0000] {logging_mixin.py:190} INFO - [2026-06-18T19:24:14.167+0000] {dag.py:3239} INFO - Sync 1 DAGs
[2026-06-18T19:24:14.184+0000] {logging_mixin.py:190} INFO - [2026-06-18T19:24:14.184+0000] {dag.py:4180} INFO - Setting next_dagrun for example_task_group to None, run_after=None
[2026-06-18T19:24:14.205+0000] {processor.py:208} INFO - Processing /home/airflow/.local/lib/python3.12/site-packages/airflow/example_dags/example_task_group.py took 0.097 seconds
[2026-06-18T19:24:47.358+0000] {processor.py:186} INFO - Started process (PID=1618) to work on /home/airflow/.local/lib/python3.12/site-packages/airflow/example_dags/example_task_group.py
[2026-06-18T19:24:47.368+0000] {processor.py:914} INFO - Processing file /home/airflow/.local/lib/python3.12/site-packages/airflow/example_dags/example_task_group.py for tasks to queue
[2026-06-18T19:24:47.392+0000] {logging_mixin.py:190} INFO - [2026-06-18T19:24:47.390+0000] {dagbag.py:588} INFO - Filling up the DagBag from /home/airflow/.local/lib/python3.12/site-packages/airflow/example_dags/example_task_group.py
[2026-06-18T19:24:47.444+0000] {processor.py:925} INFO - DAG(s) 'example_task_group' retrieved from /home/airflow/.local/lib/python3.12/site-packages/airflow/example_dags/example_task_group.py
[2026-06-18T19:24:47.512+0000] {logging_mixin.py:190} INFO - [2026-06-18T19:24:47.512+0000] {dag.py:3239} INFO - Sync 1 DAGs
[2026-06-18T19:24:47.546+0000] {logging_mixin.py:190} INFO - [2026-06-18T19:24:47.545+0000] {dag.py:4180} INFO - Setting next_dagrun for example_task_group to None, run_after=None
[2026-06-18T19:24:47.661+0000] {processor.py:208} INFO - Processing /home/airflow/.local/lib/python3.12/site-packages/airflow/example_dags/example_task_group.py took 0.357 seconds
[2026-06-18T19:25:18.299+0000] {processor.py:186} INFO - Started process (PID=1688) to work on /home/airflow/.local/lib/python3.12/site-packages/airflow/example_dags/example_task_group.py
[2026-06-18T19:25:18.307+0000] {processor.py:914} INFO - Processing file /home/airflow/.local/lib/python3.12/site-packages/airflow/example_dags/example_task_group.py for tasks to queue
[2026-06-18T19:25:18.333+0000] {logging_mixin.py:190} INFO - [2026-06-18T19:25:18.332+0000] {dagbag.py:588} INFO - Filling up the DagBag from /home/airflow/.local/lib/python3.12/site-packages/airflow/example_dags/example_task_group.py
[2026-06-18T19:25:18.395+0000] {processor.py:925} INFO - DAG(s) 'example_task_group' retrieved from /home/airflow/.local/lib/python3.12/site-packages/airflow/example_dags/example_task_group.py
[2026-06-18T19:25:18.506+0000] {logging_mixin.py:190} INFO - [2026-06-18T19:25:18.506+0000] {dag.py:3239} INFO - Sync 1 DAGs
[2026-06-18T19:25:18.567+0000] {logging_mixin.py:190} INFO - [2026-06-18T19:25:18.566+0000] {dag.py:4180} INFO - Setting next_dagrun for example_task_group to None, run_after=None
[2026-06-18T19:25:18.649+0000] {processor.py:208} INFO - Processing /home/airflow/.local/lib/python3.12/site-packages/airflow/example_dags/example_task_group.py took 0.395 seconds
[2026-06-18T19:25:54.452+0000] {processor.py:186} INFO - Started process (PID=1753) to work on /home/airflow/.local/lib/python3.12/site-packages/airflow/example_dags/example_task_group.py
[2026-06-18T19:25:54.475+0000] {processor.py:914} INFO - Processing file /home/airflow/.local/lib/python3.12/site-packages/airflow/example_dags/example_task_group.py for tasks to queue
[2026-06-18T19:25:54.490+0000] {logging_mixin.py:190} INFO - [2026-06-18T19:25:54.488+0000] {dagbag.py:588} INFO - Filling up the DagBag from /home/airflow/.local/lib/python3.12/site-packages/airflow/example_dags/example_task_group.py
[2026-06-18T19:25:54.558+0000] {processor.py:925} INFO - DAG(s) 'example_task_group' retrieved from /home/airflow/.local/lib/python3.12/site-packages/airflow/example_dags/example_task_group.py
[2026-06-18T19:25:54.670+0000] {logging_mixin.py:190} INFO - [2026-06-18T19:25:54.668+0000] {dag.py:3239} INFO - Sync 1 DAGs
[2026-06-18T19:25:54.750+0000] {logging_mixin.py:190} INFO - [2026-06-18T19:25:54.750+0000] {dag.py:4180} INFO - Setting next_dagrun for example_task_group to None, run_after=None
[2026-06-18T19:25:54.860+0000] {processor.py:208} INFO - Processing /home/airflow/.local/lib/python3.12/site-packages/airflow/example_dags/example_task_group.py took 0.458 seconds
[2026-06-18T19:26:25.607+0000] {processor.py:186} INFO - Started process (PID=1817) to work on /home/airflow/.local/lib/python3.12/site-packages/airflow/example_dags/example_task_group.py
[2026-06-18T19:26:25.612+0000] {processor.py:914} INFO - Processing file /home/airflow/.local/lib/python3.12/site-packages/airflow/example_dags/example_task_group.py for tasks to queue
[2026-06-18T19:26:25.621+0000] {logging_mixin.py:190} INFO - [2026-06-18T19:26:25.620+0000] {dagbag.py:588} INFO - Filling up the DagBag from /home/airflow/.local/lib/python3.12/site-packages/airflow/example_dags/example_task_group.py
[2026-06-18T19:26:25.650+0000] {processor.py:925} INFO - DAG(s) 'example_task_group' retrieved from /home/airflow/.local/lib/python3.12/site-packages/airflow/example_dags/example_task_group.py
[2026-06-18T19:26:25.700+0000] {logging_mixin.py:190} INFO - [2026-06-18T19:26:25.700+0000] {dag.py:3239} INFO - Sync 1 DAGs
[2026-06-18T19:26:25.737+0000] {logging_mixin.py:190} INFO - [2026-06-18T19:26:25.736+0000] {dag.py:4180} INFO - Setting next_dagrun for example_task_group to None, run_after=None
[2026-06-18T19:26:25.786+0000] {processor.py:208} INFO - Processing /home/airflow/.local/lib/python3.12/site-packages/airflow/example_dags/example_task_group.py took 0.197 seconds
[2026-06-18T19:26:56.252+0000] {processor.py:186} INFO - Started process (PID=1881) to work on /home/airflow/.local/lib/python3.12/site-packages/airflow/example_dags/example_task_group.py
[2026-06-18T19:26:56.257+0000] {processor.py:914} INFO - Processing file /home/airflow/.local/lib/python3.12/site-packages/airflow/example_dags/example_task_group.py for tasks to queue
[2026-06-18T19:26:56.270+0000] {logging_mixin.py:190} INFO - [2026-06-18T19:26:56.267+0000] {dagbag.py:588} INFO - Filling up the DagBag from /home/airflow/.local/lib/python3.12/site-packages/airflow/example_dags/example_task_group.py
[2026-06-18T19:26:56.297+0000] {processor.py:925} INFO - DAG(s) 'example_task_group' retrieved from /home/airflow/.local/lib/python3.12/site-packages/airflow/example_dags/example_task_group.py
[2026-06-18T19:26:56.355+0000] {logging_mixin.py:190} INFO - [2026-06-18T19:26:56.354+0000] {dag.py:3239} INFO - Sync 1 DAGs
[2026-06-18T19:26:56.398+0000] {logging_mixin.py:190} INFO - [2026-06-18T19:26:56.397+0000] {dag.py:4180} INFO - Setting next_dagrun for example_task_group to None, run_after=None
[2026-06-18T19:26:56.452+0000] {processor.py:208} INFO - Processing /home/airflow/.local/lib/python3.12/site-packages/airflow/example_dags/example_task_group.py took 0.219 seconds
[2026-06-18T19:27:31.411+0000] {processor.py:186} INFO - Started process (PID=1947) to work on /home/airflow/.local/lib/python3.12/site-packages/airflow/example_dags/example_task_group.py
[2026-06-18T19:27:31.417+0000] {processor.py:914} INFO - Processing file /home/airflow/.local/lib/python3.12/site-packages/airflow/example_dags/example_task_group.py for tasks to queue
[2026-06-18T19:27:31.428+0000] {logging_mixin.py:190} INFO - [2026-06-18T19:27:31.427+0000] {dagbag.py:588} INFO - Filling up the DagBag from /home/airflow/.local/lib/python3.12/site-packages/airflow/example_dags/example_task_group.py
[2026-06-18T19:27:31.470+0000] {processor.py:925} INFO - DAG(s) 'example_task_group' retrieved from /home/airflow/.local/lib/python3.12/site-packages/airflow/example_dags/example_task_group.py
[2026-06-18T19:27:31.561+0000] {logging_mixin.py:190} INFO - [2026-06-18T19:27:31.560+0000] {dag.py:3239} INFO - Sync 1 DAGs
[2026-06-18T19:27:31.611+0000] {logging_mixin.py:190} INFO - [2026-06-18T19:27:31.611+0000] {dag.py:4180} INFO - Setting next_dagrun for example_task_group to None, run_after=None
[2026-06-18T19:27:31.679+0000] {processor.py:208} INFO - Processing /home/airflow/.local/lib/python3.12/site-packages/airflow/example_dags/example_task_group.py took 0.286 seconds
[2026-06-18T19:28:02.316+0000] {processor.py:186} INFO - Started process (PID=2011) to work on /home/airflow/.local/lib/python3.12/site-packages/airflow/example_dags/example_task_group.py
[2026-06-18T19:28:02.322+0000] {processor.py:914} INFO - Processing file /home/airflow/.local/lib/python3.12/site-packages/airflow/example_dags/example_task_group.py for tasks to queue
[2026-06-18T19:28:02.332+0000] {logging_mixin.py:190} INFO - [2026-06-18T19:28:02.331+0000] {dagbag.py:588} INFO - Filling up the DagBag from /home/airflow/.local/lib/python3.12/site-packages/airflow/example_dags/example_task_group.py
[2026-06-18T19:28:02.357+0000] {processor.py:925} INFO - DAG(s) 'example_task_group' retrieved from /home/airflow/.local/lib/python3.12/site-packages/airflow/example_dags/example_task_group.py
[2026-06-18T19:28:02.431+0000] {logging_mixin.py:190} INFO - [2026-06-18T19:28:02.430+0000] {dag.py:3239} INFO - Sync 1 DAGs
[2026-06-18T19:28:02.483+0000] {logging_mixin.py:190} INFO - [2026-06-18T19:28:02.482+0000] {dag.py:4180} INFO - Setting next_dagrun for example_task_group to None, run_after=None
[2026-06-18T19:28:02.530+0000] {processor.py:208} INFO - Processing /home/airflow/.local/lib/python3.12/site-packages/airflow/example_dags/example_task_group.py took 0.230 seconds
[2026-06-18T19:28:33.214+0000] {processor.py:186} INFO - Started process (PID=2076) to work on /home/airflow/.local/lib/python3.12/site-packages/airflow/example_dags/example_task_group.py
[2026-06-18T19:28:33.217+0000] {processor.py:914} INFO - Processing file /home/airflow/.local/lib/python3.12/site-packages/airflow/example_dags/example_task_group.py for tasks to queue
[2026-06-18T19:28:33.221+0000] {logging_mixin.py:190} INFO - [2026-06-18T19:28:33.221+0000] {dagbag.py:588} INFO - Filling up the DagBag from /home/airflow/.local/lib/python3.12/site-packages/airflow/example_dags/example_task_group.py
[2026-06-18T19:28:33.238+0000] {processor.py:925} INFO - DAG(s) 'example_task_group' retrieved from /home/airflow/.local/lib/python3.12/site-packages/airflow/example_dags/example_task_group.py
[2026-06-18T19:28:33.270+0000] {logging_mixin.py:190} INFO - [2026-06-18T19:28:33.270+0000] {dag.py:3239} INFO - Sync 1 DAGs
[2026-06-18T19:28:33.298+0000] {logging_mixin.py:190} INFO - [2026-06-18T19:28:33.298+0000] {dag.py:4180} INFO - Setting next_dagrun for example_task_group to None, run_after=None
[2026-06-18T19:28:33.327+0000] {processor.py:208} INFO - Processing /home/airflow/.local/lib/python3.12/site-packages/airflow/example_dags/example_task_group.py took 0.124 seconds
[2026-06-18T19:29:06.374+0000] {processor.py:186} INFO - Started process (PID=2141) to work on /home/airflow/.local/lib/python3.12/site-packages/airflow/example_dags/example_task_group.py
[2026-06-18T19:29:06.383+0000] {processor.py:914} INFO - Processing file /home/airflow/.local/lib/python3.12/site-packages/airflow/example_dags/example_task_group.py for tasks to queue
[2026-06-18T19:29:06.400+0000] {logging_mixin.py:190} INFO - [2026-06-18T19:29:06.399+0000] {dagbag.py:588} INFO - Filling up the DagBag from /home/airflow/.local/lib/python3.12/site-packages/airflow/example_dags/example_task_group.py
[2026-06-18T19:29:06.445+0000] {processor.py:925} INFO - DAG(s) 'example_task_group' retrieved from /home/airflow/.local/lib/python3.12/site-packages/airflow/example_dags/example_task_group.py
[2026-06-18T19:29:06.537+0000] {logging_mixin.py:190} INFO - [2026-06-18T19:29:06.536+0000] {dag.py:3239} INFO - Sync 1 DAGs
[2026-06-18T19:29:06.584+0000] {logging_mixin.py:190} INFO - [2026-06-18T19:29:06.584+0000] {dag.py:4180} INFO - Setting next_dagrun for example_task_group to None, run_after=None
[2026-06-18T19:29:06.644+0000] {processor.py:208} INFO - Processing /home/airflow/.local/lib/python3.12/site-packages/airflow/example_dags/example_task_group.py took 0.299 seconds
[2026-06-18T19:29:38.785+0000] {processor.py:186} INFO - Started process (PID=2205) to work on /home/airflow/.local/lib/python3.12/site-packages/airflow/example_dags/example_task_group.py
[2026-06-18T19:29:38.790+0000] {processor.py:914} INFO - Processing file /home/airflow/.local/lib/python3.12/site-packages/airflow/example_dags/example_task_group.py for tasks to queue
[2026-06-18T19:29:38.797+0000] {logging_mixin.py:190} INFO - [2026-06-18T19:29:38.797+0000] {dagbag.py:588} INFO - Filling up the DagBag from /home/airflow/.local/lib/python3.12/site-packages/airflow/example_dags/example_task_group.py
[2026-06-18T19:29:38.818+0000] {processor.py:925} INFO - DAG(s) 'example_task_group' retrieved from /home/airflow/.local/lib/python3.12/site-packages/airflow/example_dags/example_task_group.py
[2026-06-18T19:29:38.871+0000] {logging_mixin.py:190} INFO - [2026-06-18T19:29:38.870+0000] {dag.py:3239} INFO - Sync 1 DAGs
[2026-06-18T19:29:38.900+0000] {logging_mixin.py:190} INFO - [2026-06-18T19:29:38.899+0000] {dag.py:4180} INFO - Setting next_dagrun for example_task_group to None, run_after=None
[2026-06-18T19:29:38.944+0000] {processor.py:208} INFO - Processing /home/airflow/.local/lib/python3.12/site-packages/airflow/example_dags/example_task_group.py took 0.176 seconds
[2026-06-18T19:30:10.581+0000] {processor.py:186} INFO - Started process (PID=2271) to work on /home/airflow/.local/lib/python3.12/site-packages/airflow/example_dags/example_task_group.py
[2026-06-18T19:30:10.589+0000] {processor.py:914} INFO - Processing file /home/airflow/.local/lib/python3.12/site-packages/airflow/example_dags/example_task_group.py for tasks to queue
[2026-06-18T19:30:10.612+0000] {logging_mixin.py:190} INFO - [2026-06-18T19:30:10.606+0000] {dagbag.py:588} INFO - Filling up the DagBag from /home/airflow/.local/lib/python3.12/site-packages/airflow/example_dags/example_task_group.py
[2026-06-18T19:30:10.646+0000] {processor.py:925} INFO - DAG(s) 'example_task_group' retrieved from /home/airflow/.local/lib/python3.12/site-packages/airflow/example_dags/example_task_group.py
[2026-06-18T19:30:10.783+0000] {logging_mixin.py:190} INFO - [2026-06-18T19:30:10.782+0000] {dag.py:3239} INFO - Sync 1 DAGs
[2026-06-18T19:30:10.903+0000] {logging_mixin.py:190} INFO - [2026-06-18T19:30:10.901+0000] {dag.py:4180} INFO - Setting next_dagrun for example_task_group to None, run_after=None
[2026-06-18T19:30:10.990+0000] {processor.py:208} INFO - Processing /home/airflow/.local/lib/python3.12/site-packages/airflow/example_dags/example_task_group.py took 0.463 seconds
[2026-06-18T19:30:41.598+0000] {processor.py:186} INFO - Started process (PID=2335) to work on /home/airflow/.local/lib/python3.12/site-packages/airflow/example_dags/example_task_group.py
[2026-06-18T19:30:41.604+0000] {processor.py:914} INFO - Processing file /home/airflow/.local/lib/python3.12/site-packages/airflow/example_dags/example_task_group.py for tasks to queue
[2026-06-18T19:30:41.612+0000] {logging_mixin.py:190} INFO - [2026-06-18T19:30:41.611+0000] {dagbag.py:588} INFO - Filling up the DagBag from /home/airflow/.local/lib/python3.12/site-packages/airflow/example_dags/example_task_group.py
[2026-06-18T19:30:41.641+0000] {processor.py:925} INFO - DAG(s) 'example_task_group' retrieved from /home/airflow/.local/lib/python3.12/site-packages/airflow/example_dags/example_task_group.py
[2026-06-18T19:30:41.728+0000] {logging_mixin.py:190} INFO - [2026-06-18T19:30:41.727+0000] {dag.py:3239} INFO - Sync 1 DAGs
[2026-06-18T19:30:41.793+0000] {logging_mixin.py:190} INFO - [2026-06-18T19:30:41.793+0000] {dag.py:4180} INFO - Setting next_dagrun for example_task_group to None, run_after=None
[2026-06-18T19:30:41.876+0000] {processor.py:208} INFO - Processing /home/airflow/.local/lib/python3.12/site-packages/airflow/example_dags/example_task_group.py took 0.303 seconds
[2026-06-18T19:31:12.062+0000] {processor.py:186} INFO - Started process (PID=2399) to work on /home/airflow/.local/lib/python3.12/site-packages/airflow/example_dags/example_task_group.py
[2026-06-18T19:31:12.068+0000] {processor.py:914} INFO - Processing file /home/airflow/.local/lib/python3.12/site-packages/airflow/example_dags/example_task_group.py for tasks to queue
[2026-06-18T19:31:12.074+0000] {logging_mixin.py:190} INFO - [2026-06-18T19:31:12.073+0000] {dagbag.py:588} INFO - Filling up the DagBag from /home/airflow/.local/lib/python3.12/site-packages/airflow/example_dags/example_task_group.py
[2026-06-18T19:31:12.090+0000] {processor.py:925} INFO - DAG(s) 'example_task_group' retrieved from /home/airflow/.local/lib/python3.12/site-packages/airflow/example_dags/example_task_group.py
[2026-06-18T19:31:12.128+0000] {logging_mixin.py:190} INFO - [2026-06-18T19:31:12.128+0000] {dag.py:3239} INFO - Sync 1 DAGs
[2026-06-18T19:31:12.154+0000] {logging_mixin.py:190} INFO - [2026-06-18T19:31:12.154+0000] {dag.py:4180} INFO - Setting next_dagrun for example_task_group to None, run_after=None
[2026-06-18T19:31:12.189+0000] {processor.py:208} INFO - Processing /home/airflow/.local/lib/python3.12/site-packages/airflow/example_dags/example_task_group.py took 0.136 seconds
[2026-06-18T19:31:44.203+0000] {processor.py:186} INFO - Started process (PID=2463) to work on /home/airflow/.local/lib/python3.12/site-packages/airflow/example_dags/example_task_group.py
[2026-06-18T19:31:44.215+0000] {processor.py:914} INFO - Processing file /home/airflow/.local/lib/python3.12/site-packages/airflow/example_dags/example_task_group.py for tasks to queue
[2026-06-18T19:31:44.226+0000] {logging_mixin.py:190} INFO - [2026-06-18T19:31:44.224+0000] {dagbag.py:588} INFO - Filling up the DagBag from /home/airflow/.local/lib/python3.12/site-packages/airflow/example_dags/example_task_group.py
[2026-06-18T19:31:44.275+0000] {processor.py:925} INFO - DAG(s) 'example_task_group' retrieved from /home/airflow/.local/lib/python3.12/site-packages/airflow/example_dags/example_task_group.py
[2026-06-18T19:31:44.331+0000] {logging_mixin.py:190} INFO - [2026-06-18T19:31:44.330+0000] {dag.py:3239} INFO - Sync 1 DAGs
[2026-06-18T19:31:44.384+0000] {logging_mixin.py:190} INFO - [2026-06-18T19:31:44.383+0000] {dag.py:4180} INFO - Setting next_dagrun for example_task_group to None, run_after=None
[2026-06-18T19:31:44.434+0000] {processor.py:208} INFO - Processing /home/airflow/.local/lib/python3.12/site-packages/airflow/example_dags/example_task_group.py took 0.258 seconds
