[2026-06-18T19:12:25.177+0000] {processor.py:186} INFO - Started process (PID=108) to work on /home/airflow/.local/lib/python3.12/site-packages/airflow/example_dags/example_branch_labels.py
[2026-06-18T19:12:25.183+0000] {processor.py:914} INFO - Processing file /home/airflow/.local/lib/python3.12/site-packages/airflow/example_dags/example_branch_labels.py for tasks to queue
[2026-06-18T19:12:25.193+0000] {logging_mixin.py:190} INFO - [2026-06-18T19:12:25.192+0000] {dagbag.py:588} INFO - Filling up the DagBag from /home/airflow/.local/lib/python3.12/site-packages/airflow/example_dags/example_branch_labels.py
[2026-06-18T19:12:25.228+0000] {processor.py:925} INFO - DAG(s) 'example_branch_labels' retrieved from /home/airflow/.local/lib/python3.12/site-packages/airflow/example_dags/example_branch_labels.py
[2026-06-18T19:12:25.293+0000] {logging_mixin.py:190} INFO - [2026-06-18T19:12:25.292+0000] {dag.py:3239} INFO - Sync 1 DAGs
[2026-06-18T19:12:25.372+0000] {logging_mixin.py:190} INFO - [2026-06-18T19:12:25.371+0000] {dag.py:4180} INFO - Setting next_dagrun for example_branch_labels to 2026-06-17 00:00:00+00:00, run_after=2026-06-18 00:00:00+00:00
[2026-06-18T19:12:25.405+0000] {processor.py:208} INFO - Processing /home/airflow/.local/lib/python3.12/site-packages/airflow/example_dags/example_branch_labels.py took 0.253 seconds
[2026-06-18T19:12:58.301+0000] {processor.py:186} INFO - Started process (PID=172) to work on /home/airflow/.local/lib/python3.12/site-packages/airflow/example_dags/example_branch_labels.py
[2026-06-18T19:12:58.304+0000] {processor.py:914} INFO - Processing file /home/airflow/.local/lib/python3.12/site-packages/airflow/example_dags/example_branch_labels.py for tasks to queue
[2026-06-18T19:12:58.315+0000] {logging_mixin.py:190} INFO - [2026-06-18T19:12:58.314+0000] {dagbag.py:588} INFO - Filling up the DagBag from /home/airflow/.local/lib/python3.12/site-packages/airflow/example_dags/example_branch_labels.py
[2026-06-18T19:12:58.351+0000] {processor.py:925} INFO - DAG(s) 'example_branch_labels' retrieved from /home/airflow/.local/lib/python3.12/site-packages/airflow/example_dags/example_branch_labels.py
[2026-06-18T19:12:58.416+0000] {logging_mixin.py:190} INFO - [2026-06-18T19:12:58.415+0000] {dag.py:3239} INFO - Sync 1 DAGs
[2026-06-18T19:12:58.496+0000] {logging_mixin.py:190} INFO - [2026-06-18T19:12:58.495+0000] {dag.py:4180} INFO - Setting next_dagrun for example_branch_labels to 2026-06-17 00:00:00+00:00, run_after=2026-06-18 00:00:00+00:00
[2026-06-18T19:12:58.529+0000] {processor.py:208} INFO - Processing /home/airflow/.local/lib/python3.12/site-packages/airflow/example_dags/example_branch_labels.py took 0.241 seconds
[2026-06-18T19:13:35.774+0000] {processor.py:186} INFO - Started process (PID=236) to work on /home/airflow/.local/lib/python3.12/site-packages/airflow/example_dags/example_branch_labels.py
[2026-06-18T19:13:35.779+0000] {processor.py:914} INFO - Processing file /home/airflow/.local/lib/python3.12/site-packages/airflow/example_dags/example_branch_labels.py for tasks to queue
[2026-06-18T19:13:35.801+0000] {logging_mixin.py:190} INFO - [2026-06-18T19:13:35.799+0000] {dagbag.py:588} INFO - Filling up the DagBag from /home/airflow/.local/lib/python3.12/site-packages/airflow/example_dags/example_branch_labels.py
[2026-06-18T19:13:35.858+0000] {processor.py:925} INFO - DAG(s) 'example_branch_labels' retrieved from /home/airflow/.local/lib/python3.12/site-packages/airflow/example_dags/example_branch_labels.py
[2026-06-18T19:13:35.946+0000] {logging_mixin.py:190} INFO - [2026-06-18T19:13:35.945+0000] {dag.py:3239} INFO - Sync 1 DAGs
[2026-06-18T19:13:36.053+0000] {logging_mixin.py:190} INFO - [2026-06-18T19:13:36.052+0000] {dag.py:4180} INFO - Setting next_dagrun for example_branch_labels to 2026-06-17 00:00:00+00:00, run_after=2026-06-18 00:00:00+00:00
[2026-06-18T19:13:36.123+0000] {processor.py:208} INFO - Processing /home/airflow/.local/lib/python3.12/site-packages/airflow/example_dags/example_branch_labels.py took 0.379 seconds
[2026-06-18T19:14:06.894+0000] {processor.py:186} INFO - Started process (PID=300) to work on /home/airflow/.local/lib/python3.12/site-packages/airflow/example_dags/example_branch_labels.py
[2026-06-18T19:14:06.900+0000] {processor.py:914} INFO - Processing file /home/airflow/.local/lib/python3.12/site-packages/airflow/example_dags/example_branch_labels.py for tasks to queue
[2026-06-18T19:14:06.910+0000] {logging_mixin.py:190} INFO - [2026-06-18T19:14:06.908+0000] {dagbag.py:588} INFO - Filling up the DagBag from /home/airflow/.local/lib/python3.12/site-packages/airflow/example_dags/example_branch_labels.py
[2026-06-18T19:14:06.947+0000] {processor.py:925} INFO - DAG(s) 'example_branch_labels' retrieved from /home/airflow/.local/lib/python3.12/site-packages/airflow/example_dags/example_branch_labels.py
[2026-06-18T19:14:07.035+0000] {logging_mixin.py:190} INFO - [2026-06-18T19:14:07.034+0000] {dag.py:3239} INFO - Sync 1 DAGs
[2026-06-18T19:14:07.127+0000] {logging_mixin.py:190} INFO - [2026-06-18T19:14:07.127+0000] {dag.py:4180} INFO - Setting next_dagrun for example_branch_labels to 2026-06-17 00:00:00+00:00, run_after=2026-06-18 00:00:00+00:00
[2026-06-18T19:14:07.202+0000] {processor.py:208} INFO - Processing /home/airflow/.local/lib/python3.12/site-packages/airflow/example_dags/example_branch_labels.py took 0.326 seconds
[2026-06-18T19:14:37.357+0000] {processor.py:186} INFO - Started process (PID=363) to work on /home/airflow/.local/lib/python3.12/site-packages/airflow/example_dags/example_branch_labels.py
[2026-06-18T19:14:37.362+0000] {processor.py:914} INFO - Processing file /home/airflow/.local/lib/python3.12/site-packages/airflow/example_dags/example_branch_labels.py for tasks to queue
[2026-06-18T19:14:37.369+0000] {logging_mixin.py:190} INFO - [2026-06-18T19:14:37.369+0000] {dagbag.py:588} INFO - Filling up the DagBag from /home/airflow/.local/lib/python3.12/site-packages/airflow/example_dags/example_branch_labels.py
[2026-06-18T19:14:37.393+0000] {processor.py:925} INFO - DAG(s) 'example_branch_labels' retrieved from /home/airflow/.local/lib/python3.12/site-packages/airflow/example_dags/example_branch_labels.py
[2026-06-18T19:14:37.438+0000] {logging_mixin.py:190} INFO - [2026-06-18T19:14:37.437+0000] {dag.py:3239} INFO - Sync 1 DAGs
[2026-06-18T19:14:37.489+0000] {logging_mixin.py:190} INFO - [2026-06-18T19:14:37.489+0000] {dag.py:4180} INFO - Setting next_dagrun for example_branch_labels to 2026-06-17 00:00:00+00:00, run_after=2026-06-18 00:00:00+00:00
[2026-06-18T19:14:37.528+0000] {processor.py:208} INFO - Processing /home/airflow/.local/lib/python3.12/site-packages/airflow/example_dags/example_branch_labels.py took 0.187 seconds
[2026-06-18T19:15:10.022+0000] {processor.py:186} INFO - Started process (PID=427) to work on /home/airflow/.local/lib/python3.12/site-packages/airflow/example_dags/example_branch_labels.py
[2026-06-18T19:15:10.032+0000] {processor.py:914} INFO - Processing file /home/airflow/.local/lib/python3.12/site-packages/airflow/example_dags/example_branch_labels.py for tasks to queue
[2026-06-18T19:15:10.042+0000] {logging_mixin.py:190} INFO - [2026-06-18T19:15:10.041+0000] {dagbag.py:588} INFO - Filling up the DagBag from /home/airflow/.local/lib/python3.12/site-packages/airflow/example_dags/example_branch_labels.py
[2026-06-18T19:15:10.081+0000] {processor.py:925} INFO - DAG(s) 'example_branch_labels' retrieved from /home/airflow/.local/lib/python3.12/site-packages/airflow/example_dags/example_branch_labels.py
[2026-06-18T19:15:10.156+0000] {logging_mixin.py:190} INFO - [2026-06-18T19:15:10.155+0000] {dag.py:3239} INFO - Sync 1 DAGs
[2026-06-18T19:15:10.265+0000] {logging_mixin.py:190} INFO - [2026-06-18T19:15:10.255+0000] {dag.py:4180} INFO - Setting next_dagrun for example_branch_labels to 2026-06-17 00:00:00+00:00, run_after=2026-06-18 00:00:00+00:00
[2026-06-18T19:15:10.322+0000] {processor.py:208} INFO - Processing /home/airflow/.local/lib/python3.12/site-packages/airflow/example_dags/example_branch_labels.py took 0.319 seconds
[2026-06-18T19:15:41.059+0000] {processor.py:186} INFO - Started process (PID=491) to work on /home/airflow/.local/lib/python3.12/site-packages/airflow/example_dags/example_branch_labels.py
[2026-06-18T19:15:41.063+0000] {processor.py:914} INFO - Processing file /home/airflow/.local/lib/python3.12/site-packages/airflow/example_dags/example_branch_labels.py for tasks to queue
[2026-06-18T19:15:41.070+0000] {logging_mixin.py:190} INFO - [2026-06-18T19:15:41.069+0000] {dagbag.py:588} INFO - Filling up the DagBag from /home/airflow/.local/lib/python3.12/site-packages/airflow/example_dags/example_branch_labels.py
[2026-06-18T19:15:41.105+0000] {processor.py:925} INFO - DAG(s) 'example_branch_labels' retrieved from /home/airflow/.local/lib/python3.12/site-packages/airflow/example_dags/example_branch_labels.py
[2026-06-18T19:15:41.159+0000] {logging_mixin.py:190} INFO - [2026-06-18T19:15:41.159+0000] {dag.py:3239} INFO - Sync 1 DAGs
[2026-06-18T19:15:41.229+0000] {logging_mixin.py:190} INFO - [2026-06-18T19:15:41.229+0000] {dag.py:4180} INFO - Setting next_dagrun for example_branch_labels to 2026-06-17 00:00:00+00:00, run_after=2026-06-18 00:00:00+00:00
[2026-06-18T19:15:41.272+0000] {processor.py:208} INFO - Processing /home/airflow/.local/lib/python3.12/site-packages/airflow/example_dags/example_branch_labels.py took 0.227 seconds
[2026-06-18T19:16:12.473+0000] {processor.py:186} INFO - Started process (PID=555) to work on /home/airflow/.local/lib/python3.12/site-packages/airflow/example_dags/example_branch_labels.py
[2026-06-18T19:16:12.477+0000] {processor.py:914} INFO - Processing file /home/airflow/.local/lib/python3.12/site-packages/airflow/example_dags/example_branch_labels.py for tasks to queue
[2026-06-18T19:16:12.485+0000] {logging_mixin.py:190} INFO - [2026-06-18T19:16:12.484+0000] {dagbag.py:588} INFO - Filling up the DagBag from /home/airflow/.local/lib/python3.12/site-packages/airflow/example_dags/example_branch_labels.py
[2026-06-18T19:16:12.511+0000] {processor.py:925} INFO - DAG(s) 'example_branch_labels' retrieved from /home/airflow/.local/lib/python3.12/site-packages/airflow/example_dags/example_branch_labels.py
[2026-06-18T19:16:12.554+0000] {logging_mixin.py:190} INFO - [2026-06-18T19:16:12.553+0000] {dag.py:3239} INFO - Sync 1 DAGs
[2026-06-18T19:16:12.604+0000] {logging_mixin.py:190} INFO - [2026-06-18T19:16:12.604+0000] {dag.py:4180} INFO - Setting next_dagrun for example_branch_labels to 2026-06-17 00:00:00+00:00, run_after=2026-06-18 00:00:00+00:00
[2026-06-18T19:16:12.642+0000] {processor.py:208} INFO - Processing /home/airflow/.local/lib/python3.12/site-packages/airflow/example_dags/example_branch_labels.py took 0.185 seconds
[2026-06-18T19:16:44.302+0000] {processor.py:186} INFO - Started process (PID=619) to work on /home/airflow/.local/lib/python3.12/site-packages/airflow/example_dags/example_branch_labels.py
[2026-06-18T19:16:44.308+0000] {processor.py:914} INFO - Processing file /home/airflow/.local/lib/python3.12/site-packages/airflow/example_dags/example_branch_labels.py for tasks to queue
[2026-06-18T19:16:44.319+0000] {logging_mixin.py:190} INFO - [2026-06-18T19:16:44.318+0000] {dagbag.py:588} INFO - Filling up the DagBag from /home/airflow/.local/lib/python3.12/site-packages/airflow/example_dags/example_branch_labels.py
[2026-06-18T19:16:44.361+0000] {processor.py:925} INFO - DAG(s) 'example_branch_labels' retrieved from /home/airflow/.local/lib/python3.12/site-packages/airflow/example_dags/example_branch_labels.py
[2026-06-18T19:16:44.443+0000] {logging_mixin.py:190} INFO - [2026-06-18T19:16:44.442+0000] {dag.py:3239} INFO - Sync 1 DAGs
[2026-06-18T19:16:44.528+0000] {logging_mixin.py:190} INFO - [2026-06-18T19:16:44.528+0000] {dag.py:4180} INFO - Setting next_dagrun for example_branch_labels to 2026-06-17 00:00:00+00:00, run_after=2026-06-18 00:00:00+00:00
[2026-06-18T19:16:44.594+0000] {processor.py:208} INFO - Processing /home/airflow/.local/lib/python3.12/site-packages/airflow/example_dags/example_branch_labels.py took 0.308 seconds
[2026-06-18T19:17:15.138+0000] {processor.py:186} INFO - Started process (PID=683) to work on /home/airflow/.local/lib/python3.12/site-packages/airflow/example_dags/example_branch_labels.py
[2026-06-18T19:17:15.141+0000] {processor.py:914} INFO - Processing file /home/airflow/.local/lib/python3.12/site-packages/airflow/example_dags/example_branch_labels.py for tasks to queue
[2026-06-18T19:17:15.144+0000] {logging_mixin.py:190} INFO - [2026-06-18T19:17:15.144+0000] {dagbag.py:588} INFO - Filling up the DagBag from /home/airflow/.local/lib/python3.12/site-packages/airflow/example_dags/example_branch_labels.py
[2026-06-18T19:17:15.156+0000] {processor.py:925} INFO - DAG(s) 'example_branch_labels' retrieved from /home/airflow/.local/lib/python3.12/site-packages/airflow/example_dags/example_branch_labels.py
[2026-06-18T19:17:15.183+0000] {logging_mixin.py:190} INFO - [2026-06-18T19:17:15.183+0000] {dag.py:3239} INFO - Sync 1 DAGs
[2026-06-18T19:17:15.215+0000] {logging_mixin.py:190} INFO - [2026-06-18T19:17:15.214+0000] {dag.py:4180} INFO - Setting next_dagrun for example_branch_labels to 2026-06-17 00:00:00+00:00, run_after=2026-06-18 00:00:00+00:00
[2026-06-18T19:17:15.240+0000] {processor.py:208} INFO - Processing /home/airflow/.local/lib/python3.12/site-packages/airflow/example_dags/example_branch_labels.py took 0.111 seconds
[2026-06-18T19:17:47.974+0000] {processor.py:186} INFO - Started process (PID=754) to work on /home/airflow/.local/lib/python3.12/site-packages/airflow/example_dags/example_branch_labels.py
[2026-06-18T19:17:47.983+0000] {processor.py:914} INFO - Processing file /home/airflow/.local/lib/python3.12/site-packages/airflow/example_dags/example_branch_labels.py for tasks to queue
[2026-06-18T19:17:48.000+0000] {logging_mixin.py:190} INFO - [2026-06-18T19:17:47.998+0000] {dagbag.py:588} INFO - Filling up the DagBag from /home/airflow/.local/lib/python3.12/site-packages/airflow/example_dags/example_branch_labels.py
[2026-06-18T19:17:48.062+0000] {processor.py:925} INFO - DAG(s) 'example_branch_labels' retrieved from /home/airflow/.local/lib/python3.12/site-packages/airflow/example_dags/example_branch_labels.py
[2026-06-18T19:17:48.152+0000] {logging_mixin.py:190} INFO - [2026-06-18T19:17:48.151+0000] {dag.py:3239} INFO - Sync 1 DAGs
[2026-06-18T19:17:48.247+0000] {logging_mixin.py:190} INFO - [2026-06-18T19:17:48.246+0000] {dag.py:4180} INFO - Setting next_dagrun for example_branch_labels to 2026-06-17 00:00:00+00:00, run_after=2026-06-18 00:00:00+00:00
[2026-06-18T19:17:48.311+0000] {processor.py:208} INFO - Processing /home/airflow/.local/lib/python3.12/site-packages/airflow/example_dags/example_branch_labels.py took 0.378 seconds
[2026-06-18T19:18:18.857+0000] {processor.py:186} INFO - Started process (PID=818) to work on /home/airflow/.local/lib/python3.12/site-packages/airflow/example_dags/example_branch_labels.py
[2026-06-18T19:18:18.861+0000] {processor.py:914} INFO - Processing file /home/airflow/.local/lib/python3.12/site-packages/airflow/example_dags/example_branch_labels.py for tasks to queue
[2026-06-18T19:18:18.868+0000] {logging_mixin.py:190} INFO - [2026-06-18T19:18:18.867+0000] {dagbag.py:588} INFO - Filling up the DagBag from /home/airflow/.local/lib/python3.12/site-packages/airflow/example_dags/example_branch_labels.py
[2026-06-18T19:18:18.896+0000] {processor.py:925} INFO - DAG(s) 'example_branch_labels' retrieved from /home/airflow/.local/lib/python3.12/site-packages/airflow/example_dags/example_branch_labels.py
[2026-06-18T19:18:18.946+0000] {logging_mixin.py:190} INFO - [2026-06-18T19:18:18.946+0000] {dag.py:3239} INFO - Sync 1 DAGs
[2026-06-18T19:18:19.002+0000] {logging_mixin.py:190} INFO - [2026-06-18T19:18:19.002+0000] {dag.py:4180} INFO - Setting next_dagrun for example_branch_labels to 2026-06-17 00:00:00+00:00, run_after=2026-06-18 00:00:00+00:00
[2026-06-18T19:18:19.042+0000] {processor.py:208} INFO - Processing /home/airflow/.local/lib/python3.12/site-packages/airflow/example_dags/example_branch_labels.py took 0.201 seconds
[2026-06-18T19:18:50.707+0000] {processor.py:186} INFO - Started process (PID=882) to work on /home/airflow/.local/lib/python3.12/site-packages/airflow/example_dags/example_branch_labels.py
[2026-06-18T19:18:50.712+0000] {processor.py:914} INFO - Processing file /home/airflow/.local/lib/python3.12/site-packages/airflow/example_dags/example_branch_labels.py for tasks to queue
[2026-06-18T19:18:50.722+0000] {logging_mixin.py:190} INFO - [2026-06-18T19:18:50.721+0000] {dagbag.py:588} INFO - Filling up the DagBag from /home/airflow/.local/lib/python3.12/site-packages/airflow/example_dags/example_branch_labels.py
[2026-06-18T19:18:50.760+0000] {processor.py:925} INFO - DAG(s) 'example_branch_labels' retrieved from /home/airflow/.local/lib/python3.12/site-packages/airflow/example_dags/example_branch_labels.py
[2026-06-18T19:18:50.808+0000] {logging_mixin.py:190} INFO - [2026-06-18T19:18:50.808+0000] {dag.py:3239} INFO - Sync 1 DAGs
[2026-06-18T19:18:50.884+0000] {logging_mixin.py:190} INFO - [2026-06-18T19:18:50.884+0000] {dag.py:4180} INFO - Setting next_dagrun for example_branch_labels to 2026-06-17 00:00:00+00:00, run_after=2026-06-18 00:00:00+00:00
[2026-06-18T19:18:50.928+0000] {processor.py:208} INFO - Processing /home/airflow/.local/lib/python3.12/site-packages/airflow/example_dags/example_branch_labels.py took 0.238 seconds
[2026-06-18T19:19:22.783+0000] {processor.py:186} INFO - Started process (PID=946) to work on /home/airflow/.local/lib/python3.12/site-packages/airflow/example_dags/example_branch_labels.py
[2026-06-18T19:19:22.791+0000] {processor.py:914} INFO - Processing file /home/airflow/.local/lib/python3.12/site-packages/airflow/example_dags/example_branch_labels.py for tasks to queue
[2026-06-18T19:19:22.805+0000] {logging_mixin.py:190} INFO - [2026-06-18T19:19:22.803+0000] {dagbag.py:588} INFO - Filling up the DagBag from /home/airflow/.local/lib/python3.12/site-packages/airflow/example_dags/example_branch_labels.py
[2026-06-18T19:19:22.852+0000] {processor.py:925} INFO - DAG(s) 'example_branch_labels' retrieved from /home/airflow/.local/lib/python3.12/site-packages/airflow/example_dags/example_branch_labels.py
[2026-06-18T19:19:22.922+0000] {logging_mixin.py:190} INFO - [2026-06-18T19:19:22.922+0000] {dag.py:3239} INFO - Sync 1 DAGs
[2026-06-18T19:19:23.013+0000] {logging_mixin.py:190} INFO - [2026-06-18T19:19:23.012+0000] {dag.py:4180} INFO - Setting next_dagrun for example_branch_labels to 2026-06-17 00:00:00+00:00, run_after=2026-06-18 00:00:00+00:00
[2026-06-18T19:19:23.075+0000] {processor.py:208} INFO - Processing /home/airflow/.local/lib/python3.12/site-packages/airflow/example_dags/example_branch_labels.py took 0.325 seconds
[2026-06-18T19:19:53.991+0000] {processor.py:186} INFO - Started process (PID=1010) to work on /home/airflow/.local/lib/python3.12/site-packages/airflow/example_dags/example_branch_labels.py
[2026-06-18T19:19:53.999+0000] {processor.py:914} INFO - Processing file /home/airflow/.local/lib/python3.12/site-packages/airflow/example_dags/example_branch_labels.py for tasks to queue
[2026-06-18T19:19:54.003+0000] {logging_mixin.py:190} INFO - [2026-06-18T19:19:54.003+0000] {dagbag.py:588} INFO - Filling up the DagBag from /home/airflow/.local/lib/python3.12/site-packages/airflow/example_dags/example_branch_labels.py
[2026-06-18T19:19:54.015+0000] {processor.py:925} INFO - DAG(s) 'example_branch_labels' retrieved from /home/airflow/.local/lib/python3.12/site-packages/airflow/example_dags/example_branch_labels.py
[2026-06-18T19:19:54.039+0000] {logging_mixin.py:190} INFO - [2026-06-18T19:19:54.038+0000] {dag.py:3239} INFO - Sync 1 DAGs
[2026-06-18T19:19:54.064+0000] {logging_mixin.py:190} INFO - [2026-06-18T19:19:54.063+0000] {dag.py:4180} INFO - Setting next_dagrun for example_branch_labels to 2026-06-17 00:00:00+00:00, run_after=2026-06-18 00:00:00+00:00
[2026-06-18T19:19:54.084+0000] {processor.py:208} INFO - Processing /home/airflow/.local/lib/python3.12/site-packages/airflow/example_dags/example_branch_labels.py took 0.099 seconds
[2026-06-18T19:20:25.183+0000] {processor.py:186} INFO - Started process (PID=1074) to work on /home/airflow/.local/lib/python3.12/site-packages/airflow/example_dags/example_branch_labels.py
[2026-06-18T19:20:25.190+0000] {processor.py:914} INFO - Processing file /home/airflow/.local/lib/python3.12/site-packages/airflow/example_dags/example_branch_labels.py for tasks to queue
[2026-06-18T19:20:25.197+0000] {logging_mixin.py:190} INFO - [2026-06-18T19:20:25.197+0000] {dagbag.py:588} INFO - Filling up the DagBag from /home/airflow/.local/lib/python3.12/site-packages/airflow/example_dags/example_branch_labels.py
[2026-06-18T19:20:25.222+0000] {processor.py:925} INFO - DAG(s) 'example_branch_labels' retrieved from /home/airflow/.local/lib/python3.12/site-packages/airflow/example_dags/example_branch_labels.py
[2026-06-18T19:20:25.264+0000] {logging_mixin.py:190} INFO - [2026-06-18T19:20:25.264+0000] {dag.py:3239} INFO - Sync 1 DAGs
[2026-06-18T19:20:25.313+0000] {logging_mixin.py:190} INFO - [2026-06-18T19:20:25.313+0000] {dag.py:4180} INFO - Setting next_dagrun for example_branch_labels to 2026-06-17 00:00:00+00:00, run_after=2026-06-18 00:00:00+00:00
[2026-06-18T19:20:25.344+0000] {processor.py:208} INFO - Processing /home/airflow/.local/lib/python3.12/site-packages/airflow/example_dags/example_branch_labels.py took 0.177 seconds
[2026-06-18T19:20:57.523+0000] {processor.py:186} INFO - Started process (PID=1139) to work on /home/airflow/.local/lib/python3.12/site-packages/airflow/example_dags/example_branch_labels.py
[2026-06-18T19:20:57.529+0000] {processor.py:914} INFO - Processing file /home/airflow/.local/lib/python3.12/site-packages/airflow/example_dags/example_branch_labels.py for tasks to queue
[2026-06-18T19:20:57.537+0000] {logging_mixin.py:190} INFO - [2026-06-18T19:20:57.536+0000] {dagbag.py:588} INFO - Filling up the DagBag from /home/airflow/.local/lib/python3.12/site-packages/airflow/example_dags/example_branch_labels.py
[2026-06-18T19:20:57.568+0000] {processor.py:925} INFO - DAG(s) 'example_branch_labels' retrieved from /home/airflow/.local/lib/python3.12/site-packages/airflow/example_dags/example_branch_labels.py
[2026-06-18T19:20:57.632+0000] {logging_mixin.py:190} INFO - [2026-06-18T19:20:57.632+0000] {dag.py:3239} INFO - Sync 1 DAGs
[2026-06-18T19:20:57.688+0000] {logging_mixin.py:190} INFO - [2026-06-18T19:20:57.688+0000] {dag.py:4180} INFO - Setting next_dagrun for example_branch_labels to 2026-06-17 00:00:00+00:00, run_after=2026-06-18 00:00:00+00:00
[2026-06-18T19:20:57.721+0000] {processor.py:208} INFO - Processing /home/airflow/.local/lib/python3.12/site-packages/airflow/example_dags/example_branch_labels.py took 0.219 seconds
[2026-06-18T19:21:28.644+0000] {processor.py:186} INFO - Started process (PID=1203) to work on /home/airflow/.local/lib/python3.12/site-packages/airflow/example_dags/example_branch_labels.py
[2026-06-18T19:21:28.647+0000] {processor.py:914} INFO - Processing file /home/airflow/.local/lib/python3.12/site-packages/airflow/example_dags/example_branch_labels.py for tasks to queue
[2026-06-18T19:21:28.651+0000] {logging_mixin.py:190} INFO - [2026-06-18T19:21:28.651+0000] {dagbag.py:588} INFO - Filling up the DagBag from /home/airflow/.local/lib/python3.12/site-packages/airflow/example_dags/example_branch_labels.py
[2026-06-18T19:21:28.667+0000] {processor.py:925} INFO - DAG(s) 'example_branch_labels' retrieved from /home/airflow/.local/lib/python3.12/site-packages/airflow/example_dags/example_branch_labels.py
[2026-06-18T19:21:28.695+0000] {logging_mixin.py:190} INFO - [2026-06-18T19:21:28.695+0000] {dag.py:3239} INFO - Sync 1 DAGs
[2026-06-18T19:21:28.726+0000] {logging_mixin.py:190} INFO - [2026-06-18T19:21:28.725+0000] {dag.py:4180} INFO - Setting next_dagrun for example_branch_labels to 2026-06-17 00:00:00+00:00, run_after=2026-06-18 00:00:00+00:00
[2026-06-18T19:21:28.747+0000] {processor.py:208} INFO - Processing /home/airflow/.local/lib/python3.12/site-packages/airflow/example_dags/example_branch_labels.py took 0.111 seconds
[2026-06-18T19:22:00.291+0000] {processor.py:186} INFO - Started process (PID=1267) to work on /home/airflow/.local/lib/python3.12/site-packages/airflow/example_dags/example_branch_labels.py
[2026-06-18T19:22:00.296+0000] {processor.py:914} INFO - Processing file /home/airflow/.local/lib/python3.12/site-packages/airflow/example_dags/example_branch_labels.py for tasks to queue
[2026-06-18T19:22:00.306+0000] {logging_mixin.py:190} INFO - [2026-06-18T19:22:00.305+0000] {dagbag.py:588} INFO - Filling up the DagBag from /home/airflow/.local/lib/python3.12/site-packages/airflow/example_dags/example_branch_labels.py
[2026-06-18T19:22:00.351+0000] {processor.py:925} INFO - DAG(s) 'example_branch_labels' retrieved from /home/airflow/.local/lib/python3.12/site-packages/airflow/example_dags/example_branch_labels.py
[2026-06-18T19:22:00.410+0000] {logging_mixin.py:190} INFO - [2026-06-18T19:22:00.409+0000] {dag.py:3239} INFO - Sync 1 DAGs
[2026-06-18T19:22:00.473+0000] {logging_mixin.py:190} INFO - [2026-06-18T19:22:00.473+0000] {dag.py:4180} INFO - Setting next_dagrun for example_branch_labels to 2026-06-17 00:00:00+00:00, run_after=2026-06-18 00:00:00+00:00
[2026-06-18T19:22:00.515+0000] {processor.py:208} INFO - Processing /home/airflow/.local/lib/python3.12/site-packages/airflow/example_dags/example_branch_labels.py took 0.243 seconds
[2026-06-18T19:22:33.041+0000] {processor.py:186} INFO - Started process (PID=1331) to work on /home/airflow/.local/lib/python3.12/site-packages/airflow/example_dags/example_branch_labels.py
[2026-06-18T19:22:33.048+0000] {processor.py:914} INFO - Processing file /home/airflow/.local/lib/python3.12/site-packages/airflow/example_dags/example_branch_labels.py for tasks to queue
[2026-06-18T19:22:33.061+0000] {logging_mixin.py:190} INFO - [2026-06-18T19:22:33.060+0000] {dagbag.py:588} INFO - Filling up the DagBag from /home/airflow/.local/lib/python3.12/site-packages/airflow/example_dags/example_branch_labels.py
[2026-06-18T19:22:33.108+0000] {processor.py:925} INFO - DAG(s) 'example_branch_labels' retrieved from /home/airflow/.local/lib/python3.12/site-packages/airflow/example_dags/example_branch_labels.py
[2026-06-18T19:22:33.190+0000] {logging_mixin.py:190} INFO - [2026-06-18T19:22:33.189+0000] {dag.py:3239} INFO - Sync 1 DAGs
[2026-06-18T19:22:33.305+0000] {logging_mixin.py:190} INFO - [2026-06-18T19:22:33.304+0000] {dag.py:4180} INFO - Setting next_dagrun for example_branch_labels to 2026-06-17 00:00:00+00:00, run_after=2026-06-18 00:00:00+00:00
[2026-06-18T19:22:33.371+0000] {processor.py:208} INFO - Processing /home/airflow/.local/lib/python3.12/site-packages/airflow/example_dags/example_branch_labels.py took 0.356 seconds
[2026-06-18T19:23:03.469+0000] {processor.py:186} INFO - Started process (PID=1395) to work on /home/airflow/.local/lib/python3.12/site-packages/airflow/example_dags/example_branch_labels.py
[2026-06-18T19:23:03.478+0000] {processor.py:914} INFO - Processing file /home/airflow/.local/lib/python3.12/site-packages/airflow/example_dags/example_branch_labels.py for tasks to queue
[2026-06-18T19:23:03.484+0000] {logging_mixin.py:190} INFO - [2026-06-18T19:23:03.483+0000] {dagbag.py:588} INFO - Filling up the DagBag from /home/airflow/.local/lib/python3.12/site-packages/airflow/example_dags/example_branch_labels.py
[2026-06-18T19:23:03.502+0000] {processor.py:925} INFO - DAG(s) 'example_branch_labels' retrieved from /home/airflow/.local/lib/python3.12/site-packages/airflow/example_dags/example_branch_labels.py
[2026-06-18T19:23:03.538+0000] {logging_mixin.py:190} INFO - [2026-06-18T19:23:03.537+0000] {dag.py:3239} INFO - Sync 1 DAGs
[2026-06-18T19:23:03.574+0000] {logging_mixin.py:190} INFO - [2026-06-18T19:23:03.574+0000] {dag.py:4180} INFO - Setting next_dagrun for example_branch_labels to 2026-06-17 00:00:00+00:00, run_after=2026-06-18 00:00:00+00:00
[2026-06-18T19:23:03.598+0000] {processor.py:208} INFO - Processing /home/airflow/.local/lib/python3.12/site-packages/airflow/example_dags/example_branch_labels.py took 0.136 seconds
[2026-06-18T19:23:37.010+0000] {processor.py:186} INFO - Started process (PID=1459) to work on /home/airflow/.local/lib/python3.12/site-packages/airflow/example_dags/example_branch_labels.py
[2026-06-18T19:23:37.014+0000] {processor.py:914} INFO - Processing file /home/airflow/.local/lib/python3.12/site-packages/airflow/example_dags/example_branch_labels.py for tasks to queue
[2026-06-18T19:23:37.026+0000] {logging_mixin.py:190} INFO - [2026-06-18T19:23:37.025+0000] {dagbag.py:588} INFO - Filling up the DagBag from /home/airflow/.local/lib/python3.12/site-packages/airflow/example_dags/example_branch_labels.py
[2026-06-18T19:23:37.064+0000] {processor.py:925} INFO - DAG(s) 'example_branch_labels' retrieved from /home/airflow/.local/lib/python3.12/site-packages/airflow/example_dags/example_branch_labels.py
[2026-06-18T19:23:37.121+0000] {logging_mixin.py:190} INFO - [2026-06-18T19:23:37.121+0000] {dag.py:3239} INFO - Sync 1 DAGs
[2026-06-18T19:23:37.178+0000] {logging_mixin.py:190} INFO - [2026-06-18T19:23:37.178+0000] {dag.py:4180} INFO - Setting next_dagrun for example_branch_labels to 2026-06-17 00:00:00+00:00, run_after=2026-06-18 00:00:00+00:00
[2026-06-18T19:23:37.217+0000] {processor.py:208} INFO - Processing /home/airflow/.local/lib/python3.12/site-packages/airflow/example_dags/example_branch_labels.py took 0.228 seconds
[2026-06-18T19:24:07.834+0000] {processor.py:186} INFO - Started process (PID=1523) to work on /home/airflow/.local/lib/python3.12/site-packages/airflow/example_dags/example_branch_labels.py
[2026-06-18T19:24:07.836+0000] {processor.py:914} INFO - Processing file /home/airflow/.local/lib/python3.12/site-packages/airflow/example_dags/example_branch_labels.py for tasks to queue
[2026-06-18T19:24:07.840+0000] {logging_mixin.py:190} INFO - [2026-06-18T19:24:07.839+0000] {dagbag.py:588} INFO - Filling up the DagBag from /home/airflow/.local/lib/python3.12/site-packages/airflow/example_dags/example_branch_labels.py
[2026-06-18T19:24:07.850+0000] {processor.py:925} INFO - DAG(s) 'example_branch_labels' retrieved from /home/airflow/.local/lib/python3.12/site-packages/airflow/example_dags/example_branch_labels.py
[2026-06-18T19:24:07.872+0000] {logging_mixin.py:190} INFO - [2026-06-18T19:24:07.872+0000] {dag.py:3239} INFO - Sync 1 DAGs
[2026-06-18T19:24:07.899+0000] {logging_mixin.py:190} INFO - [2026-06-18T19:24:07.899+0000] {dag.py:4180} INFO - Setting next_dagrun for example_branch_labels to 2026-06-17 00:00:00+00:00, run_after=2026-06-18 00:00:00+00:00
[2026-06-18T19:24:07.918+0000] {processor.py:208} INFO - Processing /home/airflow/.local/lib/python3.12/site-packages/airflow/example_dags/example_branch_labels.py took 0.090 seconds
[2026-06-18T19:24:41.206+0000] {processor.py:186} INFO - Started process (PID=1589) to work on /home/airflow/.local/lib/python3.12/site-packages/airflow/example_dags/example_branch_labels.py
[2026-06-18T19:24:41.214+0000] {processor.py:914} INFO - Processing file /home/airflow/.local/lib/python3.12/site-packages/airflow/example_dags/example_branch_labels.py for tasks to queue
[2026-06-18T19:24:41.228+0000] {logging_mixin.py:190} INFO - [2026-06-18T19:24:41.223+0000] {dagbag.py:588} INFO - Filling up the DagBag from /home/airflow/.local/lib/python3.12/site-packages/airflow/example_dags/example_branch_labels.py
[2026-06-18T19:24:41.265+0000] {processor.py:925} INFO - DAG(s) 'example_branch_labels' retrieved from /home/airflow/.local/lib/python3.12/site-packages/airflow/example_dags/example_branch_labels.py
[2026-06-18T19:24:41.339+0000] {logging_mixin.py:190} INFO - [2026-06-18T19:24:41.338+0000] {dag.py:3239} INFO - Sync 1 DAGs
[2026-06-18T19:24:41.442+0000] {logging_mixin.py:190} INFO - [2026-06-18T19:24:41.442+0000] {dag.py:4180} INFO - Setting next_dagrun for example_branch_labels to 2026-06-17 00:00:00+00:00, run_after=2026-06-18 00:00:00+00:00
[2026-06-18T19:24:41.497+0000] {processor.py:208} INFO - Processing /home/airflow/.local/lib/python3.12/site-packages/airflow/example_dags/example_branch_labels.py took 0.314 seconds
[2026-06-18T19:25:13.726+0000] {processor.py:186} INFO - Started process (PID=1657) to work on /home/airflow/.local/lib/python3.12/site-packages/airflow/example_dags/example_branch_labels.py
[2026-06-18T19:25:13.730+0000] {processor.py:914} INFO - Processing file /home/airflow/.local/lib/python3.12/site-packages/airflow/example_dags/example_branch_labels.py for tasks to queue
[2026-06-18T19:25:13.740+0000] {logging_mixin.py:190} INFO - [2026-06-18T19:25:13.739+0000] {dagbag.py:588} INFO - Filling up the DagBag from /home/airflow/.local/lib/python3.12/site-packages/airflow/example_dags/example_branch_labels.py
[2026-06-18T19:25:13.772+0000] {processor.py:925} INFO - DAG(s) 'example_branch_labels' retrieved from /home/airflow/.local/lib/python3.12/site-packages/airflow/example_dags/example_branch_labels.py
[2026-06-18T19:25:13.823+0000] {logging_mixin.py:190} INFO - [2026-06-18T19:25:13.822+0000] {dag.py:3239} INFO - Sync 1 DAGs
[2026-06-18T19:25:13.888+0000] {logging_mixin.py:190} INFO - [2026-06-18T19:25:13.888+0000] {dag.py:4180} INFO - Setting next_dagrun for example_branch_labels to 2026-06-17 00:00:00+00:00, run_after=2026-06-18 00:00:00+00:00
[2026-06-18T19:25:13.928+0000] {processor.py:208} INFO - Processing /home/airflow/.local/lib/python3.12/site-packages/airflow/example_dags/example_branch_labels.py took 0.222 seconds
[2026-06-18T19:25:48.539+0000] {processor.py:186} INFO - Started process (PID=1733) to work on /home/airflow/.local/lib/python3.12/site-packages/airflow/example_dags/example_branch_labels.py
[2026-06-18T19:25:48.565+0000] {processor.py:914} INFO - Processing file /home/airflow/.local/lib/python3.12/site-packages/airflow/example_dags/example_branch_labels.py for tasks to queue
[2026-06-18T19:25:48.598+0000] {logging_mixin.py:190} INFO - [2026-06-18T19:25:48.595+0000] {dagbag.py:588} INFO - Filling up the DagBag from /home/airflow/.local/lib/python3.12/site-packages/airflow/example_dags/example_branch_labels.py
[2026-06-18T19:25:48.685+0000] {processor.py:925} INFO - DAG(s) 'example_branch_labels' retrieved from /home/airflow/.local/lib/python3.12/site-packages/airflow/example_dags/example_branch_labels.py
[2026-06-18T19:25:48.880+0000] {logging_mixin.py:190} INFO - [2026-06-18T19:25:48.880+0000] {dag.py:3239} INFO - Sync 1 DAGs
[2026-06-18T19:25:49.081+0000] {logging_mixin.py:190} INFO - [2026-06-18T19:25:49.081+0000] {dag.py:4180} INFO - Setting next_dagrun for example_branch_labels to 2026-06-17 00:00:00+00:00, run_after=2026-06-18 00:00:00+00:00
[2026-06-18T19:25:49.163+0000] {processor.py:208} INFO - Processing /home/airflow/.local/lib/python3.12/site-packages/airflow/example_dags/example_branch_labels.py took 0.659 seconds
[2026-06-18T19:26:19.601+0000] {processor.py:186} INFO - Started process (PID=1797) to work on /home/airflow/.local/lib/python3.12/site-packages/airflow/example_dags/example_branch_labels.py
[2026-06-18T19:26:19.604+0000] {processor.py:914} INFO - Processing file /home/airflow/.local/lib/python3.12/site-packages/airflow/example_dags/example_branch_labels.py for tasks to queue
[2026-06-18T19:26:19.607+0000] {logging_mixin.py:190} INFO - [2026-06-18T19:26:19.607+0000] {dagbag.py:588} INFO - Filling up the DagBag from /home/airflow/.local/lib/python3.12/site-packages/airflow/example_dags/example_branch_labels.py
[2026-06-18T19:26:19.617+0000] {processor.py:925} INFO - DAG(s) 'example_branch_labels' retrieved from /home/airflow/.local/lib/python3.12/site-packages/airflow/example_dags/example_branch_labels.py
[2026-06-18T19:26:19.637+0000] {logging_mixin.py:190} INFO - [2026-06-18T19:26:19.637+0000] {dag.py:3239} INFO - Sync 1 DAGs
[2026-06-18T19:26:19.662+0000] {logging_mixin.py:190} INFO - [2026-06-18T19:26:19.662+0000] {dag.py:4180} INFO - Setting next_dagrun for example_branch_labels to 2026-06-17 00:00:00+00:00, run_after=2026-06-18 00:00:00+00:00
[2026-06-18T19:26:19.682+0000] {processor.py:208} INFO - Processing /home/airflow/.local/lib/python3.12/site-packages/airflow/example_dags/example_branch_labels.py took 0.086 seconds
[2026-06-18T19:26:49.888+0000] {processor.py:186} INFO - Started process (PID=1861) to work on /home/airflow/.local/lib/python3.12/site-packages/airflow/example_dags/example_branch_labels.py
[2026-06-18T19:26:49.891+0000] {processor.py:914} INFO - Processing file /home/airflow/.local/lib/python3.12/site-packages/airflow/example_dags/example_branch_labels.py for tasks to queue
[2026-06-18T19:26:49.896+0000] {logging_mixin.py:190} INFO - [2026-06-18T19:26:49.895+0000] {dagbag.py:588} INFO - Filling up the DagBag from /home/airflow/.local/lib/python3.12/site-packages/airflow/example_dags/example_branch_labels.py
[2026-06-18T19:26:49.913+0000] {processor.py:925} INFO - DAG(s) 'example_branch_labels' retrieved from /home/airflow/.local/lib/python3.12/site-packages/airflow/example_dags/example_branch_labels.py
[2026-06-18T19:26:49.950+0000] {logging_mixin.py:190} INFO - [2026-06-18T19:26:49.950+0000] {dag.py:3239} INFO - Sync 1 DAGs
[2026-06-18T19:26:49.995+0000] {logging_mixin.py:190} INFO - [2026-06-18T19:26:49.995+0000] {dag.py:4180} INFO - Setting next_dagrun for example_branch_labels to 2026-06-17 00:00:00+00:00, run_after=2026-06-18 00:00:00+00:00
[2026-06-18T19:26:50.022+0000] {processor.py:208} INFO - Processing /home/airflow/.local/lib/python3.12/site-packages/airflow/example_dags/example_branch_labels.py took 0.147 seconds
[2026-06-18T19:27:26.185+0000] {processor.py:186} INFO - Started process (PID=1931) to work on /home/airflow/.local/lib/python3.12/site-packages/airflow/example_dags/example_branch_labels.py
[2026-06-18T19:27:26.192+0000] {processor.py:914} INFO - Processing file /home/airflow/.local/lib/python3.12/site-packages/airflow/example_dags/example_branch_labels.py for tasks to queue
[2026-06-18T19:27:26.204+0000] {logging_mixin.py:190} INFO - [2026-06-18T19:27:26.203+0000] {dagbag.py:588} INFO - Filling up the DagBag from /home/airflow/.local/lib/python3.12/site-packages/airflow/example_dags/example_branch_labels.py
[2026-06-18T19:27:26.275+0000] {processor.py:925} INFO - DAG(s) 'example_branch_labels' retrieved from /home/airflow/.local/lib/python3.12/site-packages/airflow/example_dags/example_branch_labels.py
[2026-06-18T19:27:26.442+0000] {logging_mixin.py:190} INFO - [2026-06-18T19:27:26.441+0000] {dag.py:3239} INFO - Sync 1 DAGs
[2026-06-18T19:27:26.661+0000] {logging_mixin.py:190} INFO - [2026-06-18T19:27:26.660+0000] {dag.py:4180} INFO - Setting next_dagrun for example_branch_labels to 2026-06-17 00:00:00+00:00, run_after=2026-06-18 00:00:00+00:00
[2026-06-18T19:27:26.774+0000] {processor.py:208} INFO - Processing /home/airflow/.local/lib/python3.12/site-packages/airflow/example_dags/example_branch_labels.py took 0.645 seconds
[2026-06-18T19:27:57.656+0000] {processor.py:186} INFO - Started process (PID=1995) to work on /home/airflow/.local/lib/python3.12/site-packages/airflow/example_dags/example_branch_labels.py
[2026-06-18T19:27:57.665+0000] {processor.py:914} INFO - Processing file /home/airflow/.local/lib/python3.12/site-packages/airflow/example_dags/example_branch_labels.py for tasks to queue
[2026-06-18T19:27:57.677+0000] {logging_mixin.py:190} INFO - [2026-06-18T19:27:57.676+0000] {dagbag.py:588} INFO - Filling up the DagBag from /home/airflow/.local/lib/python3.12/site-packages/airflow/example_dags/example_branch_labels.py
[2026-06-18T19:27:57.731+0000] {processor.py:925} INFO - DAG(s) 'example_branch_labels' retrieved from /home/airflow/.local/lib/python3.12/site-packages/airflow/example_dags/example_branch_labels.py
[2026-06-18T19:27:57.842+0000] {logging_mixin.py:190} INFO - [2026-06-18T19:27:57.841+0000] {dag.py:3239} INFO - Sync 1 DAGs
[2026-06-18T19:27:57.934+0000] {logging_mixin.py:190} INFO - [2026-06-18T19:27:57.933+0000] {dag.py:4180} INFO - Setting next_dagrun for example_branch_labels to 2026-06-17 00:00:00+00:00, run_after=2026-06-18 00:00:00+00:00
[2026-06-18T19:27:58.048+0000] {processor.py:208} INFO - Processing /home/airflow/.local/lib/python3.12/site-packages/airflow/example_dags/example_branch_labels.py took 0.417 seconds
[2026-06-18T19:28:28.792+0000] {processor.py:186} INFO - Started process (PID=2059) to work on /home/airflow/.local/lib/python3.12/site-packages/airflow/example_dags/example_branch_labels.py
[2026-06-18T19:28:28.795+0000] {processor.py:914} INFO - Processing file /home/airflow/.local/lib/python3.12/site-packages/airflow/example_dags/example_branch_labels.py for tasks to queue
[2026-06-18T19:28:28.801+0000] {logging_mixin.py:190} INFO - [2026-06-18T19:28:28.801+0000] {dagbag.py:588} INFO - Filling up the DagBag from /home/airflow/.local/lib/python3.12/site-packages/airflow/example_dags/example_branch_labels.py
[2026-06-18T19:28:28.824+0000] {processor.py:925} INFO - DAG(s) 'example_branch_labels' retrieved from /home/airflow/.local/lib/python3.12/site-packages/airflow/example_dags/example_branch_labels.py
[2026-06-18T19:28:28.861+0000] {logging_mixin.py:190} INFO - [2026-06-18T19:28:28.861+0000] {dag.py:3239} INFO - Sync 1 DAGs
[2026-06-18T19:28:28.907+0000] {logging_mixin.py:190} INFO - [2026-06-18T19:28:28.906+0000] {dag.py:4180} INFO - Setting next_dagrun for example_branch_labels to 2026-06-17 00:00:00+00:00, run_after=2026-06-18 00:00:00+00:00
[2026-06-18T19:28:28.936+0000] {processor.py:208} INFO - Processing /home/airflow/.local/lib/python3.12/site-packages/airflow/example_dags/example_branch_labels.py took 0.158 seconds
[2026-06-18T19:29:00.851+0000] {processor.py:186} INFO - Started process (PID=2125) to work on /home/airflow/.local/lib/python3.12/site-packages/airflow/example_dags/example_branch_labels.py
[2026-06-18T19:29:00.858+0000] {processor.py:914} INFO - Processing file /home/airflow/.local/lib/python3.12/site-packages/airflow/example_dags/example_branch_labels.py for tasks to queue
[2026-06-18T19:29:00.866+0000] {logging_mixin.py:190} INFO - [2026-06-18T19:29:00.865+0000] {dagbag.py:588} INFO - Filling up the DagBag from /home/airflow/.local/lib/python3.12/site-packages/airflow/example_dags/example_branch_labels.py
[2026-06-18T19:29:00.896+0000] {processor.py:925} INFO - DAG(s) 'example_branch_labels' retrieved from /home/airflow/.local/lib/python3.12/site-packages/airflow/example_dags/example_branch_labels.py
[2026-06-18T19:29:00.947+0000] {logging_mixin.py:190} INFO - [2026-06-18T19:29:00.947+0000] {dag.py:3239} INFO - Sync 1 DAGs
[2026-06-18T19:29:01.038+0000] {logging_mixin.py:190} INFO - [2026-06-18T19:29:01.038+0000] {dag.py:4180} INFO - Setting next_dagrun for example_branch_labels to 2026-06-17 00:00:00+00:00, run_after=2026-06-18 00:00:00+00:00
[2026-06-18T19:29:01.092+0000] {processor.py:208} INFO - Processing /home/airflow/.local/lib/python3.12/site-packages/airflow/example_dags/example_branch_labels.py took 0.255 seconds
[2026-06-18T19:29:32.205+0000] {processor.py:186} INFO - Started process (PID=2188) to work on /home/airflow/.local/lib/python3.12/site-packages/airflow/example_dags/example_branch_labels.py
[2026-06-18T19:29:32.210+0000] {processor.py:914} INFO - Processing file /home/airflow/.local/lib/python3.12/site-packages/airflow/example_dags/example_branch_labels.py for tasks to queue
[2026-06-18T19:29:32.220+0000] {logging_mixin.py:190} INFO - [2026-06-18T19:29:32.219+0000] {dagbag.py:588} INFO - Filling up the DagBag from /home/airflow/.local/lib/python3.12/site-packages/airflow/example_dags/example_branch_labels.py
[2026-06-18T19:29:32.258+0000] {processor.py:925} INFO - DAG(s) 'example_branch_labels' retrieved from /home/airflow/.local/lib/python3.12/site-packages/airflow/example_dags/example_branch_labels.py
[2026-06-18T19:29:32.328+0000] {logging_mixin.py:190} INFO - [2026-06-18T19:29:32.327+0000] {dag.py:3239} INFO - Sync 1 DAGs
[2026-06-18T19:29:32.456+0000] {logging_mixin.py:190} INFO - [2026-06-18T19:29:32.456+0000] {dag.py:4180} INFO - Setting next_dagrun for example_branch_labels to 2026-06-17 00:00:00+00:00, run_after=2026-06-18 00:00:00+00:00
[2026-06-18T19:29:32.528+0000] {processor.py:208} INFO - Processing /home/airflow/.local/lib/python3.12/site-packages/airflow/example_dags/example_branch_labels.py took 0.343 seconds
[2026-06-18T19:30:03.414+0000] {processor.py:186} INFO - Started process (PID=2251) to work on /home/airflow/.local/lib/python3.12/site-packages/airflow/example_dags/example_branch_labels.py
[2026-06-18T19:30:03.418+0000] {processor.py:914} INFO - Processing file /home/airflow/.local/lib/python3.12/site-packages/airflow/example_dags/example_branch_labels.py for tasks to queue
[2026-06-18T19:30:03.424+0000] {logging_mixin.py:190} INFO - [2026-06-18T19:30:03.423+0000] {dagbag.py:588} INFO - Filling up the DagBag from /home/airflow/.local/lib/python3.12/site-packages/airflow/example_dags/example_branch_labels.py
[2026-06-18T19:30:03.446+0000] {processor.py:925} INFO - DAG(s) 'example_branch_labels' retrieved from /home/airflow/.local/lib/python3.12/site-packages/airflow/example_dags/example_branch_labels.py
[2026-06-18T19:30:03.484+0000] {logging_mixin.py:190} INFO - [2026-06-18T19:30:03.484+0000] {dag.py:3239} INFO - Sync 1 DAGs
[2026-06-18T19:30:03.534+0000] {logging_mixin.py:190} INFO - [2026-06-18T19:30:03.534+0000] {dag.py:4180} INFO - Setting next_dagrun for example_branch_labels to 2026-06-17 00:00:00+00:00, run_after=2026-06-18 00:00:00+00:00
[2026-06-18T19:30:03.576+0000] {processor.py:208} INFO - Processing /home/airflow/.local/lib/python3.12/site-packages/airflow/example_dags/example_branch_labels.py took 0.170 seconds
[2026-06-18T19:30:34.288+0000] {processor.py:186} INFO - Started process (PID=2315) to work on /home/airflow/.local/lib/python3.12/site-packages/airflow/example_dags/example_branch_labels.py
[2026-06-18T19:30:34.291+0000] {processor.py:914} INFO - Processing file /home/airflow/.local/lib/python3.12/site-packages/airflow/example_dags/example_branch_labels.py for tasks to queue
[2026-06-18T19:30:34.295+0000] {logging_mixin.py:190} INFO - [2026-06-18T19:30:34.294+0000] {dagbag.py:588} INFO - Filling up the DagBag from /home/airflow/.local/lib/python3.12/site-packages/airflow/example_dags/example_branch_labels.py
[2026-06-18T19:30:34.309+0000] {processor.py:925} INFO - DAG(s) 'example_branch_labels' retrieved from /home/airflow/.local/lib/python3.12/site-packages/airflow/example_dags/example_branch_labels.py
[2026-06-18T19:30:34.347+0000] {logging_mixin.py:190} INFO - [2026-06-18T19:30:34.346+0000] {dag.py:3239} INFO - Sync 1 DAGs
[2026-06-18T19:30:34.381+0000] {logging_mixin.py:190} INFO - [2026-06-18T19:30:34.381+0000] {dag.py:4180} INFO - Setting next_dagrun for example_branch_labels to 2026-06-17 00:00:00+00:00, run_after=2026-06-18 00:00:00+00:00
[2026-06-18T19:30:34.408+0000] {processor.py:208} INFO - Processing /home/airflow/.local/lib/python3.12/site-packages/airflow/example_dags/example_branch_labels.py took 0.128 seconds
