[2026-06-18T19:12:16.555+0000] {processor.py:186} INFO - Started process (PID=77) to work on /home/airflow/.local/lib/python3.12/site-packages/airflow/example_dags/example_workday_timetable.py
[2026-06-18T19:12:16.561+0000] {processor.py:914} INFO - Processing file /home/airflow/.local/lib/python3.12/site-packages/airflow/example_dags/example_workday_timetable.py for tasks to queue
[2026-06-18T19:12:16.573+0000] {logging_mixin.py:190} INFO - [2026-06-18T19:12:16.572+0000] {dagbag.py:588} INFO - Filling up the DagBag from /home/airflow/.local/lib/python3.12/site-packages/airflow/example_dags/example_workday_timetable.py
[2026-06-18T19:12:16.589+0000] {processor.py:925} INFO - DAG(s) 'example_workday_timetable' retrieved from /home/airflow/.local/lib/python3.12/site-packages/airflow/example_dags/example_workday_timetable.py
[2026-06-18T19:12:16.646+0000] {logging_mixin.py:190} INFO - [2026-06-18T19:12:16.645+0000] {dag.py:3239} INFO - Sync 1 DAGs
[2026-06-18T19:12:16.787+0000] {logging_mixin.py:190} INFO - [2026-06-18T19:12:16.787+0000] {dag.py:4180} INFO - Setting next_dagrun for example_workday_timetable to 2021-01-04 00:00:00+00:00, run_after=2021-01-05 00:00:00+00:00
[2026-06-18T19:12:16.830+0000] {processor.py:208} INFO - Processing /home/airflow/.local/lib/python3.12/site-packages/airflow/example_dags/example_workday_timetable.py took 0.287 seconds
[2026-06-18T19:12:47.712+0000] {processor.py:186} INFO - Started process (PID=141) to work on /home/airflow/.local/lib/python3.12/site-packages/airflow/example_dags/example_workday_timetable.py
[2026-06-18T19:12:47.720+0000] {processor.py:914} INFO - Processing file /home/airflow/.local/lib/python3.12/site-packages/airflow/example_dags/example_workday_timetable.py for tasks to queue
[2026-06-18T19:12:47.730+0000] {logging_mixin.py:190} INFO - [2026-06-18T19:12:47.730+0000] {dagbag.py:588} INFO - Filling up the DagBag from /home/airflow/.local/lib/python3.12/site-packages/airflow/example_dags/example_workday_timetable.py
[2026-06-18T19:12:47.762+0000] {processor.py:925} INFO - DAG(s) 'example_workday_timetable' retrieved from /home/airflow/.local/lib/python3.12/site-packages/airflow/example_dags/example_workday_timetable.py
[2026-06-18T19:12:47.867+0000] {logging_mixin.py:190} INFO - [2026-06-18T19:12:47.867+0000] {dag.py:3239} INFO - Sync 1 DAGs
[2026-06-18T19:12:48.297+0000] {logging_mixin.py:190} INFO - [2026-06-18T19:12:48.296+0000] {dag.py:4180} INFO - Setting next_dagrun for example_workday_timetable to 2021-01-04 00:00:00+00:00, run_after=2021-01-05 00:00:00+00:00
[2026-06-18T19:12:48.407+0000] {processor.py:208} INFO - Processing /home/airflow/.local/lib/python3.12/site-packages/airflow/example_dags/example_workday_timetable.py took 0.715 seconds
[2026-06-18T19:13:18.731+0000] {processor.py:186} INFO - Started process (PID=205) to work on /home/airflow/.local/lib/python3.12/site-packages/airflow/example_dags/example_workday_timetable.py
[2026-06-18T19:13:18.736+0000] {processor.py:914} INFO - Processing file /home/airflow/.local/lib/python3.12/site-packages/airflow/example_dags/example_workday_timetable.py for tasks to queue
[2026-06-18T19:13:18.750+0000] {logging_mixin.py:190} INFO - [2026-06-18T19:13:18.749+0000] {dagbag.py:588} INFO - Filling up the DagBag from /home/airflow/.local/lib/python3.12/site-packages/airflow/example_dags/example_workday_timetable.py
[2026-06-18T19:13:18.784+0000] {processor.py:925} INFO - DAG(s) 'example_workday_timetable' retrieved from /home/airflow/.local/lib/python3.12/site-packages/airflow/example_dags/example_workday_timetable.py
[2026-06-18T19:13:18.853+0000] {logging_mixin.py:190} INFO - [2026-06-18T19:13:18.852+0000] {dag.py:3239} INFO - Sync 1 DAGs
[2026-06-18T19:13:19.254+0000] {logging_mixin.py:190} INFO - [2026-06-18T19:13:19.252+0000] {dag.py:4180} INFO - Setting next_dagrun for example_workday_timetable to 2021-01-04 00:00:00+00:00, run_after=2021-01-05 00:00:00+00:00
[2026-06-18T19:13:19.332+0000] {processor.py:208} INFO - Processing /home/airflow/.local/lib/python3.12/site-packages/airflow/example_dags/example_workday_timetable.py took 0.629 seconds
[2026-06-18T19:13:49.577+0000] {processor.py:186} INFO - Started process (PID=269) to work on /home/airflow/.local/lib/python3.12/site-packages/airflow/example_dags/example_workday_timetable.py
[2026-06-18T19:13:49.581+0000] {processor.py:914} INFO - Processing file /home/airflow/.local/lib/python3.12/site-packages/airflow/example_dags/example_workday_timetable.py for tasks to queue
[2026-06-18T19:13:49.593+0000] {logging_mixin.py:190} INFO - [2026-06-18T19:13:49.590+0000] {dagbag.py:588} INFO - Filling up the DagBag from /home/airflow/.local/lib/python3.12/site-packages/airflow/example_dags/example_workday_timetable.py
[2026-06-18T19:13:49.612+0000] {processor.py:925} INFO - DAG(s) 'example_workday_timetable' retrieved from /home/airflow/.local/lib/python3.12/site-packages/airflow/example_dags/example_workday_timetable.py
[2026-06-18T19:13:49.713+0000] {logging_mixin.py:190} INFO - [2026-06-18T19:13:49.713+0000] {dag.py:3239} INFO - Sync 1 DAGs
[2026-06-18T19:13:50.210+0000] {logging_mixin.py:190} INFO - [2026-06-18T19:13:50.210+0000] {dag.py:4180} INFO - Setting next_dagrun for example_workday_timetable to 2021-01-04 00:00:00+00:00, run_after=2021-01-05 00:00:00+00:00
[2026-06-18T19:13:50.382+0000] {processor.py:208} INFO - Processing /home/airflow/.local/lib/python3.12/site-packages/airflow/example_dags/example_workday_timetable.py took 0.827 seconds
[2026-06-18T19:14:20.979+0000] {processor.py:186} INFO - Started process (PID=333) to work on /home/airflow/.local/lib/python3.12/site-packages/airflow/example_dags/example_workday_timetable.py
[2026-06-18T19:14:20.984+0000] {processor.py:914} INFO - Processing file /home/airflow/.local/lib/python3.12/site-packages/airflow/example_dags/example_workday_timetable.py for tasks to queue
[2026-06-18T19:14:20.991+0000] {logging_mixin.py:190} INFO - [2026-06-18T19:14:20.990+0000] {dagbag.py:588} INFO - Filling up the DagBag from /home/airflow/.local/lib/python3.12/site-packages/airflow/example_dags/example_workday_timetable.py
[2026-06-18T19:14:21.007+0000] {processor.py:925} INFO - DAG(s) 'example_workday_timetable' retrieved from /home/airflow/.local/lib/python3.12/site-packages/airflow/example_dags/example_workday_timetable.py
[2026-06-18T19:14:21.046+0000] {logging_mixin.py:190} INFO - [2026-06-18T19:14:21.045+0000] {dag.py:3239} INFO - Sync 1 DAGs
[2026-06-18T19:14:21.187+0000] {logging_mixin.py:190} INFO - [2026-06-18T19:14:21.187+0000] {dag.py:4180} INFO - Setting next_dagrun for example_workday_timetable to 2021-01-04 00:00:00+00:00, run_after=2021-01-05 00:00:00+00:00
[2026-06-18T19:14:21.226+0000] {processor.py:208} INFO - Processing /home/airflow/.local/lib/python3.12/site-packages/airflow/example_dags/example_workday_timetable.py took 0.258 seconds
[2026-06-18T19:14:51.655+0000] {processor.py:186} INFO - Started process (PID=397) to work on /home/airflow/.local/lib/python3.12/site-packages/airflow/example_dags/example_workday_timetable.py
[2026-06-18T19:14:51.663+0000] {processor.py:914} INFO - Processing file /home/airflow/.local/lib/python3.12/site-packages/airflow/example_dags/example_workday_timetable.py for tasks to queue
[2026-06-18T19:14:51.676+0000] {logging_mixin.py:190} INFO - [2026-06-18T19:14:51.673+0000] {dagbag.py:588} INFO - Filling up the DagBag from /home/airflow/.local/lib/python3.12/site-packages/airflow/example_dags/example_workday_timetable.py
[2026-06-18T19:14:51.723+0000] {processor.py:925} INFO - DAG(s) 'example_workday_timetable' retrieved from /home/airflow/.local/lib/python3.12/site-packages/airflow/example_dags/example_workday_timetable.py
[2026-06-18T19:14:51.823+0000] {logging_mixin.py:190} INFO - [2026-06-18T19:14:51.822+0000] {dag.py:3239} INFO - Sync 1 DAGs
[2026-06-18T19:14:52.251+0000] {logging_mixin.py:190} INFO - [2026-06-18T19:14:52.250+0000] {dag.py:4180} INFO - Setting next_dagrun for example_workday_timetable to 2021-01-04 00:00:00+00:00, run_after=2021-01-05 00:00:00+00:00
[2026-06-18T19:14:52.374+0000] {processor.py:208} INFO - Processing /home/airflow/.local/lib/python3.12/site-packages/airflow/example_dags/example_workday_timetable.py took 0.744 seconds
[2026-06-18T19:15:22.478+0000] {processor.py:186} INFO - Started process (PID=462) to work on /home/airflow/.local/lib/python3.12/site-packages/airflow/example_dags/example_workday_timetable.py
[2026-06-18T19:15:22.483+0000] {processor.py:914} INFO - Processing file /home/airflow/.local/lib/python3.12/site-packages/airflow/example_dags/example_workday_timetable.py for tasks to queue
[2026-06-18T19:15:22.490+0000] {logging_mixin.py:190} INFO - [2026-06-18T19:15:22.490+0000] {dagbag.py:588} INFO - Filling up the DagBag from /home/airflow/.local/lib/python3.12/site-packages/airflow/example_dags/example_workday_timetable.py
[2026-06-18T19:15:22.506+0000] {processor.py:925} INFO - DAG(s) 'example_workday_timetable' retrieved from /home/airflow/.local/lib/python3.12/site-packages/airflow/example_dags/example_workday_timetable.py
[2026-06-18T19:15:22.548+0000] {logging_mixin.py:190} INFO - [2026-06-18T19:15:22.548+0000] {dag.py:3239} INFO - Sync 1 DAGs
[2026-06-18T19:15:22.696+0000] {logging_mixin.py:190} INFO - [2026-06-18T19:15:22.695+0000] {dag.py:4180} INFO - Setting next_dagrun for example_workday_timetable to 2021-01-04 00:00:00+00:00, run_after=2021-01-05 00:00:00+00:00
[2026-06-18T19:15:22.735+0000] {processor.py:208} INFO - Processing /home/airflow/.local/lib/python3.12/site-packages/airflow/example_dags/example_workday_timetable.py took 0.274 seconds
[2026-06-18T19:15:53.505+0000] {processor.py:186} INFO - Started process (PID=526) to work on /home/airflow/.local/lib/python3.12/site-packages/airflow/example_dags/example_workday_timetable.py
[2026-06-18T19:15:53.512+0000] {processor.py:914} INFO - Processing file /home/airflow/.local/lib/python3.12/site-packages/airflow/example_dags/example_workday_timetable.py for tasks to queue
[2026-06-18T19:15:53.521+0000] {logging_mixin.py:190} INFO - [2026-06-18T19:15:53.520+0000] {dagbag.py:588} INFO - Filling up the DagBag from /home/airflow/.local/lib/python3.12/site-packages/airflow/example_dags/example_workday_timetable.py
[2026-06-18T19:15:53.550+0000] {processor.py:925} INFO - DAG(s) 'example_workday_timetable' retrieved from /home/airflow/.local/lib/python3.12/site-packages/airflow/example_dags/example_workday_timetable.py
[2026-06-18T19:15:53.603+0000] {logging_mixin.py:190} INFO - [2026-06-18T19:15:53.602+0000] {dag.py:3239} INFO - Sync 1 DAGs
[2026-06-18T19:15:53.825+0000] {logging_mixin.py:190} INFO - [2026-06-18T19:15:53.824+0000] {dag.py:4180} INFO - Setting next_dagrun for example_workday_timetable to 2021-01-04 00:00:00+00:00, run_after=2021-01-05 00:00:00+00:00
[2026-06-18T19:15:53.872+0000] {processor.py:208} INFO - Processing /home/airflow/.local/lib/python3.12/site-packages/airflow/example_dags/example_workday_timetable.py took 0.401 seconds
[2026-06-18T19:16:24.550+0000] {processor.py:186} INFO - Started process (PID=590) to work on /home/airflow/.local/lib/python3.12/site-packages/airflow/example_dags/example_workday_timetable.py
[2026-06-18T19:16:24.555+0000] {processor.py:914} INFO - Processing file /home/airflow/.local/lib/python3.12/site-packages/airflow/example_dags/example_workday_timetable.py for tasks to queue
[2026-06-18T19:16:24.561+0000] {logging_mixin.py:190} INFO - [2026-06-18T19:16:24.560+0000] {dagbag.py:588} INFO - Filling up the DagBag from /home/airflow/.local/lib/python3.12/site-packages/airflow/example_dags/example_workday_timetable.py
[2026-06-18T19:16:24.577+0000] {processor.py:925} INFO - DAG(s) 'example_workday_timetable' retrieved from /home/airflow/.local/lib/python3.12/site-packages/airflow/example_dags/example_workday_timetable.py
[2026-06-18T19:16:24.622+0000] {logging_mixin.py:190} INFO - [2026-06-18T19:16:24.621+0000] {dag.py:3239} INFO - Sync 1 DAGs
[2026-06-18T19:16:24.753+0000] {logging_mixin.py:190} INFO - [2026-06-18T19:16:24.752+0000] {dag.py:4180} INFO - Setting next_dagrun for example_workday_timetable to 2021-01-04 00:00:00+00:00, run_after=2021-01-05 00:00:00+00:00
[2026-06-18T19:16:24.782+0000] {processor.py:208} INFO - Processing /home/airflow/.local/lib/python3.12/site-packages/airflow/example_dags/example_workday_timetable.py took 0.248 seconds
[2026-06-18T19:16:54.841+0000] {processor.py:186} INFO - Started process (PID=653) to work on /home/airflow/.local/lib/python3.12/site-packages/airflow/example_dags/example_workday_timetable.py
[2026-06-18T19:16:54.843+0000] {processor.py:914} INFO - Processing file /home/airflow/.local/lib/python3.12/site-packages/airflow/example_dags/example_workday_timetable.py for tasks to queue
[2026-06-18T19:16:54.847+0000] {logging_mixin.py:190} INFO - [2026-06-18T19:16:54.847+0000] {dagbag.py:588} INFO - Filling up the DagBag from /home/airflow/.local/lib/python3.12/site-packages/airflow/example_dags/example_workday_timetable.py
[2026-06-18T19:16:54.856+0000] {processor.py:925} INFO - DAG(s) 'example_workday_timetable' retrieved from /home/airflow/.local/lib/python3.12/site-packages/airflow/example_dags/example_workday_timetable.py
[2026-06-18T19:16:54.879+0000] {logging_mixin.py:190} INFO - [2026-06-18T19:16:54.879+0000] {dag.py:3239} INFO - Sync 1 DAGs
[2026-06-18T19:16:54.945+0000] {logging_mixin.py:190} INFO - [2026-06-18T19:16:54.945+0000] {dag.py:4180} INFO - Setting next_dagrun for example_workday_timetable to 2021-01-04 00:00:00+00:00, run_after=2021-01-05 00:00:00+00:00
[2026-06-18T19:16:54.966+0000] {processor.py:208} INFO - Processing /home/airflow/.local/lib/python3.12/site-packages/airflow/example_dags/example_workday_timetable.py took 0.133 seconds
[2026-06-18T19:17:25.018+0000] {processor.py:186} INFO - Started process (PID=717) to work on /home/airflow/.local/lib/python3.12/site-packages/airflow/example_dags/example_workday_timetable.py
[2026-06-18T19:17:25.021+0000] {processor.py:914} INFO - Processing file /home/airflow/.local/lib/python3.12/site-packages/airflow/example_dags/example_workday_timetable.py for tasks to queue
[2026-06-18T19:17:25.025+0000] {logging_mixin.py:190} INFO - [2026-06-18T19:17:25.025+0000] {dagbag.py:588} INFO - Filling up the DagBag from /home/airflow/.local/lib/python3.12/site-packages/airflow/example_dags/example_workday_timetable.py
[2026-06-18T19:17:25.033+0000] {processor.py:925} INFO - DAG(s) 'example_workday_timetable' retrieved from /home/airflow/.local/lib/python3.12/site-packages/airflow/example_dags/example_workday_timetable.py
[2026-06-18T19:17:25.059+0000] {logging_mixin.py:190} INFO - [2026-06-18T19:17:25.059+0000] {dag.py:3239} INFO - Sync 1 DAGs
[2026-06-18T19:17:25.135+0000] {logging_mixin.py:190} INFO - [2026-06-18T19:17:25.135+0000] {dag.py:4180} INFO - Setting next_dagrun for example_workday_timetable to 2021-01-04 00:00:00+00:00, run_after=2021-01-05 00:00:00+00:00
[2026-06-18T19:17:25.162+0000] {processor.py:208} INFO - Processing /home/airflow/.local/lib/python3.12/site-packages/airflow/example_dags/example_workday_timetable.py took 0.151 seconds
[2026-06-18T19:17:55.382+0000] {processor.py:186} INFO - Started process (PID=782) to work on /home/airflow/.local/lib/python3.12/site-packages/airflow/example_dags/example_workday_timetable.py
[2026-06-18T19:17:55.388+0000] {processor.py:914} INFO - Processing file /home/airflow/.local/lib/python3.12/site-packages/airflow/example_dags/example_workday_timetable.py for tasks to queue
[2026-06-18T19:17:55.395+0000] {logging_mixin.py:190} INFO - [2026-06-18T19:17:55.394+0000] {dagbag.py:588} INFO - Filling up the DagBag from /home/airflow/.local/lib/python3.12/site-packages/airflow/example_dags/example_workday_timetable.py
[2026-06-18T19:17:55.414+0000] {processor.py:925} INFO - DAG(s) 'example_workday_timetable' retrieved from /home/airflow/.local/lib/python3.12/site-packages/airflow/example_dags/example_workday_timetable.py
[2026-06-18T19:17:55.473+0000] {logging_mixin.py:190} INFO - [2026-06-18T19:17:55.471+0000] {dag.py:3239} INFO - Sync 1 DAGs
[2026-06-18T19:17:55.643+0000] {logging_mixin.py:190} INFO - [2026-06-18T19:17:55.643+0000] {dag.py:4180} INFO - Setting next_dagrun for example_workday_timetable to 2021-01-04 00:00:00+00:00, run_after=2021-01-05 00:00:00+00:00
[2026-06-18T19:17:55.703+0000] {processor.py:208} INFO - Processing /home/airflow/.local/lib/python3.12/site-packages/airflow/example_dags/example_workday_timetable.py took 0.338 seconds
[2026-06-18T19:18:27.179+0000] {processor.py:186} INFO - Started process (PID=843) to work on /home/airflow/.local/lib/python3.12/site-packages/airflow/example_dags/example_workday_timetable.py
[2026-06-18T19:18:27.184+0000] {processor.py:914} INFO - Processing file /home/airflow/.local/lib/python3.12/site-packages/airflow/example_dags/example_workday_timetable.py for tasks to queue
[2026-06-18T19:18:27.192+0000] {logging_mixin.py:190} INFO - [2026-06-18T19:18:27.192+0000] {dagbag.py:588} INFO - Filling up the DagBag from /home/airflow/.local/lib/python3.12/site-packages/airflow/example_dags/example_workday_timetable.py
[2026-06-18T19:18:27.210+0000] {processor.py:925} INFO - DAG(s) 'example_workday_timetable' retrieved from /home/airflow/.local/lib/python3.12/site-packages/airflow/example_dags/example_workday_timetable.py
[2026-06-18T19:18:27.267+0000] {logging_mixin.py:190} INFO - [2026-06-18T19:18:27.266+0000] {dag.py:3239} INFO - Sync 1 DAGs
[2026-06-18T19:18:27.445+0000] {logging_mixin.py:190} INFO - [2026-06-18T19:18:27.444+0000] {dag.py:4180} INFO - Setting next_dagrun for example_workday_timetable to 2021-01-04 00:00:00+00:00, run_after=2021-01-05 00:00:00+00:00
[2026-06-18T19:18:27.486+0000] {processor.py:208} INFO - Processing /home/airflow/.local/lib/python3.12/site-packages/airflow/example_dags/example_workday_timetable.py took 0.323 seconds
[2026-06-18T19:18:57.900+0000] {processor.py:186} INFO - Started process (PID=907) to work on /home/airflow/.local/lib/python3.12/site-packages/airflow/example_dags/example_workday_timetable.py
[2026-06-18T19:18:57.904+0000] {processor.py:914} INFO - Processing file /home/airflow/.local/lib/python3.12/site-packages/airflow/example_dags/example_workday_timetable.py for tasks to queue
[2026-06-18T19:18:57.910+0000] {logging_mixin.py:190} INFO - [2026-06-18T19:18:57.909+0000] {dagbag.py:588} INFO - Filling up the DagBag from /home/airflow/.local/lib/python3.12/site-packages/airflow/example_dags/example_workday_timetable.py
[2026-06-18T19:18:57.927+0000] {processor.py:925} INFO - DAG(s) 'example_workday_timetable' retrieved from /home/airflow/.local/lib/python3.12/site-packages/airflow/example_dags/example_workday_timetable.py
[2026-06-18T19:18:57.967+0000] {logging_mixin.py:190} INFO - [2026-06-18T19:18:57.967+0000] {dag.py:3239} INFO - Sync 1 DAGs
[2026-06-18T19:18:58.094+0000] {logging_mixin.py:190} INFO - [2026-06-18T19:18:58.093+0000] {dag.py:4180} INFO - Setting next_dagrun for example_workday_timetable to 2021-01-04 00:00:00+00:00, run_after=2021-01-05 00:00:00+00:00
[2026-06-18T19:18:58.125+0000] {processor.py:208} INFO - Processing /home/airflow/.local/lib/python3.12/site-packages/airflow/example_dags/example_workday_timetable.py took 0.236 seconds
[2026-06-18T19:19:28.784+0000] {processor.py:186} INFO - Started process (PID=970) to work on /home/airflow/.local/lib/python3.12/site-packages/airflow/example_dags/example_workday_timetable.py
[2026-06-18T19:19:28.788+0000] {processor.py:914} INFO - Processing file /home/airflow/.local/lib/python3.12/site-packages/airflow/example_dags/example_workday_timetable.py for tasks to queue
[2026-06-18T19:19:28.795+0000] {logging_mixin.py:190} INFO - [2026-06-18T19:19:28.794+0000] {dagbag.py:588} INFO - Filling up the DagBag from /home/airflow/.local/lib/python3.12/site-packages/airflow/example_dags/example_workday_timetable.py
[2026-06-18T19:19:28.811+0000] {processor.py:925} INFO - DAG(s) 'example_workday_timetable' retrieved from /home/airflow/.local/lib/python3.12/site-packages/airflow/example_dags/example_workday_timetable.py
[2026-06-18T19:19:28.856+0000] {logging_mixin.py:190} INFO - [2026-06-18T19:19:28.855+0000] {dag.py:3239} INFO - Sync 1 DAGs
[2026-06-18T19:19:29.002+0000] {logging_mixin.py:190} INFO - [2026-06-18T19:19:29.001+0000] {dag.py:4180} INFO - Setting next_dagrun for example_workday_timetable to 2021-01-04 00:00:00+00:00, run_after=2021-01-05 00:00:00+00:00
[2026-06-18T19:19:29.044+0000] {processor.py:208} INFO - Processing /home/airflow/.local/lib/python3.12/site-packages/airflow/example_dags/example_workday_timetable.py took 0.273 seconds
[2026-06-18T19:19:59.643+0000] {processor.py:186} INFO - Started process (PID=1033) to work on /home/airflow/.local/lib/python3.12/site-packages/airflow/example_dags/example_workday_timetable.py
[2026-06-18T19:19:59.677+0000] {processor.py:914} INFO - Processing file /home/airflow/.local/lib/python3.12/site-packages/airflow/example_dags/example_workday_timetable.py for tasks to queue
[2026-06-18T19:19:59.681+0000] {logging_mixin.py:190} INFO - [2026-06-18T19:19:59.680+0000] {dagbag.py:588} INFO - Filling up the DagBag from /home/airflow/.local/lib/python3.12/site-packages/airflow/example_dags/example_workday_timetable.py
[2026-06-18T19:19:59.687+0000] {processor.py:925} INFO - DAG(s) 'example_workday_timetable' retrieved from /home/airflow/.local/lib/python3.12/site-packages/airflow/example_dags/example_workday_timetable.py
[2026-06-18T19:19:59.710+0000] {logging_mixin.py:190} INFO - [2026-06-18T19:19:59.710+0000] {dag.py:3239} INFO - Sync 1 DAGs
[2026-06-18T19:19:59.777+0000] {logging_mixin.py:190} INFO - [2026-06-18T19:19:59.777+0000] {dag.py:4180} INFO - Setting next_dagrun for example_workday_timetable to 2021-01-04 00:00:00+00:00, run_after=2021-01-05 00:00:00+00:00
[2026-06-18T19:19:59.802+0000] {processor.py:208} INFO - Processing /home/airflow/.local/lib/python3.12/site-packages/airflow/example_dags/example_workday_timetable.py took 0.165 seconds
[2026-06-18T19:20:30.598+0000] {processor.py:186} INFO - Started process (PID=1097) to work on /home/airflow/.local/lib/python3.12/site-packages/airflow/example_dags/example_workday_timetable.py
[2026-06-18T19:20:30.601+0000] {processor.py:914} INFO - Processing file /home/airflow/.local/lib/python3.12/site-packages/airflow/example_dags/example_workday_timetable.py for tasks to queue
[2026-06-18T19:20:30.606+0000] {logging_mixin.py:190} INFO - [2026-06-18T19:20:30.606+0000] {dagbag.py:588} INFO - Filling up the DagBag from /home/airflow/.local/lib/python3.12/site-packages/airflow/example_dags/example_workday_timetable.py
[2026-06-18T19:20:30.619+0000] {processor.py:925} INFO - DAG(s) 'example_workday_timetable' retrieved from /home/airflow/.local/lib/python3.12/site-packages/airflow/example_dags/example_workday_timetable.py
[2026-06-18T19:20:30.652+0000] {logging_mixin.py:190} INFO - [2026-06-18T19:20:30.652+0000] {dag.py:3239} INFO - Sync 1 DAGs
[2026-06-18T19:20:30.780+0000] {logging_mixin.py:190} INFO - [2026-06-18T19:20:30.780+0000] {dag.py:4180} INFO - Setting next_dagrun for example_workday_timetable to 2021-01-04 00:00:00+00:00, run_after=2021-01-05 00:00:00+00:00
[2026-06-18T19:20:30.815+0000] {processor.py:208} INFO - Processing /home/airflow/.local/lib/python3.12/site-packages/airflow/example_dags/example_workday_timetable.py took 0.224 seconds
[2026-06-18T19:21:00.938+0000] {processor.py:186} INFO - Started process (PID=1161) to work on /home/airflow/.local/lib/python3.12/site-packages/airflow/example_dags/example_workday_timetable.py
[2026-06-18T19:21:00.943+0000] {processor.py:914} INFO - Processing file /home/airflow/.local/lib/python3.12/site-packages/airflow/example_dags/example_workday_timetable.py for tasks to queue
[2026-06-18T19:21:00.952+0000] {logging_mixin.py:190} INFO - [2026-06-18T19:21:00.951+0000] {dagbag.py:588} INFO - Filling up the DagBag from /home/airflow/.local/lib/python3.12/site-packages/airflow/example_dags/example_workday_timetable.py
[2026-06-18T19:21:00.969+0000] {processor.py:925} INFO - DAG(s) 'example_workday_timetable' retrieved from /home/airflow/.local/lib/python3.12/site-packages/airflow/example_dags/example_workday_timetable.py
[2026-06-18T19:21:01.010+0000] {logging_mixin.py:190} INFO - [2026-06-18T19:21:01.009+0000] {dag.py:3239} INFO - Sync 1 DAGs
[2026-06-18T19:21:01.137+0000] {logging_mixin.py:190} INFO - [2026-06-18T19:21:01.137+0000] {dag.py:4180} INFO - Setting next_dagrun for example_workday_timetable to 2021-01-04 00:00:00+00:00, run_after=2021-01-05 00:00:00+00:00
[2026-06-18T19:21:01.177+0000] {processor.py:208} INFO - Processing /home/airflow/.local/lib/python3.12/site-packages/airflow/example_dags/example_workday_timetable.py took 0.252 seconds
[2026-06-18T19:21:31.568+0000] {processor.py:186} INFO - Started process (PID=1225) to work on /home/airflow/.local/lib/python3.12/site-packages/airflow/example_dags/example_workday_timetable.py
[2026-06-18T19:21:31.571+0000] {processor.py:914} INFO - Processing file /home/airflow/.local/lib/python3.12/site-packages/airflow/example_dags/example_workday_timetable.py for tasks to queue
[2026-06-18T19:21:31.576+0000] {logging_mixin.py:190} INFO - [2026-06-18T19:21:31.576+0000] {dagbag.py:588} INFO - Filling up the DagBag from /home/airflow/.local/lib/python3.12/site-packages/airflow/example_dags/example_workday_timetable.py
[2026-06-18T19:21:31.587+0000] {processor.py:925} INFO - DAG(s) 'example_workday_timetable' retrieved from /home/airflow/.local/lib/python3.12/site-packages/airflow/example_dags/example_workday_timetable.py
[2026-06-18T19:21:31.621+0000] {logging_mixin.py:190} INFO - [2026-06-18T19:21:31.620+0000] {dag.py:3239} INFO - Sync 1 DAGs
[2026-06-18T19:21:31.743+0000] {logging_mixin.py:190} INFO - [2026-06-18T19:21:31.743+0000] {dag.py:4180} INFO - Setting next_dagrun for example_workday_timetable to 2021-01-04 00:00:00+00:00, run_after=2021-01-05 00:00:00+00:00
[2026-06-18T19:21:31.778+0000] {processor.py:208} INFO - Processing /home/airflow/.local/lib/python3.12/site-packages/airflow/example_dags/example_workday_timetable.py took 0.220 seconds
[2026-06-18T19:22:03.707+0000] {processor.py:186} INFO - Started process (PID=1279) to work on /home/airflow/.local/lib/python3.12/site-packages/airflow/example_dags/example_workday_timetable.py
[2026-06-18T19:22:03.713+0000] {processor.py:914} INFO - Processing file /home/airflow/.local/lib/python3.12/site-packages/airflow/example_dags/example_workday_timetable.py for tasks to queue
[2026-06-18T19:22:03.722+0000] {logging_mixin.py:190} INFO - [2026-06-18T19:22:03.721+0000] {dagbag.py:588} INFO - Filling up the DagBag from /home/airflow/.local/lib/python3.12/site-packages/airflow/example_dags/example_workday_timetable.py
[2026-06-18T19:22:03.739+0000] {processor.py:925} INFO - DAG(s) 'example_workday_timetable' retrieved from /home/airflow/.local/lib/python3.12/site-packages/airflow/example_dags/example_workday_timetable.py
[2026-06-18T19:22:03.787+0000] {logging_mixin.py:190} INFO - [2026-06-18T19:22:03.786+0000] {dag.py:3239} INFO - Sync 1 DAGs
[2026-06-18T19:22:03.979+0000] {logging_mixin.py:190} INFO - [2026-06-18T19:22:03.979+0000] {dag.py:4180} INFO - Setting next_dagrun for example_workday_timetable to 2021-01-04 00:00:00+00:00, run_after=2021-01-05 00:00:00+00:00
[2026-06-18T19:22:04.051+0000] {processor.py:208} INFO - Processing /home/airflow/.local/lib/python3.12/site-packages/airflow/example_dags/example_workday_timetable.py took 0.359 seconds
[2026-06-18T19:22:35.574+0000] {processor.py:186} INFO - Started process (PID=1342) to work on /home/airflow/.local/lib/python3.12/site-packages/airflow/example_dags/example_workday_timetable.py
[2026-06-18T19:22:35.577+0000] {processor.py:914} INFO - Processing file /home/airflow/.local/lib/python3.12/site-packages/airflow/example_dags/example_workday_timetable.py for tasks to queue
[2026-06-18T19:22:35.585+0000] {logging_mixin.py:190} INFO - [2026-06-18T19:22:35.584+0000] {dagbag.py:588} INFO - Filling up the DagBag from /home/airflow/.local/lib/python3.12/site-packages/airflow/example_dags/example_workday_timetable.py
[2026-06-18T19:22:35.604+0000] {processor.py:925} INFO - DAG(s) 'example_workday_timetable' retrieved from /home/airflow/.local/lib/python3.12/site-packages/airflow/example_dags/example_workday_timetable.py
[2026-06-18T19:22:35.657+0000] {logging_mixin.py:190} INFO - [2026-06-18T19:22:35.657+0000] {dag.py:3239} INFO - Sync 1 DAGs
[2026-06-18T19:22:35.811+0000] {logging_mixin.py:190} INFO - [2026-06-18T19:22:35.810+0000] {dag.py:4180} INFO - Setting next_dagrun for example_workday_timetable to 2021-01-04 00:00:00+00:00, run_after=2021-01-05 00:00:00+00:00
[2026-06-18T19:22:35.856+0000] {processor.py:208} INFO - Processing /home/airflow/.local/lib/python3.12/site-packages/airflow/example_dags/example_workday_timetable.py took 0.302 seconds
[2026-06-18T19:23:06.986+0000] {processor.py:186} INFO - Started process (PID=1406) to work on /home/airflow/.local/lib/python3.12/site-packages/airflow/example_dags/example_workday_timetable.py
[2026-06-18T19:23:06.994+0000] {processor.py:914} INFO - Processing file /home/airflow/.local/lib/python3.12/site-packages/airflow/example_dags/example_workday_timetable.py for tasks to queue
[2026-06-18T19:23:07.014+0000] {logging_mixin.py:190} INFO - [2026-06-18T19:23:07.012+0000] {dagbag.py:588} INFO - Filling up the DagBag from /home/airflow/.local/lib/python3.12/site-packages/airflow/example_dags/example_workday_timetable.py
[2026-06-18T19:23:07.053+0000] {processor.py:925} INFO - DAG(s) 'example_workday_timetable' retrieved from /home/airflow/.local/lib/python3.12/site-packages/airflow/example_dags/example_workday_timetable.py
[2026-06-18T19:23:07.164+0000] {logging_mixin.py:190} INFO - [2026-06-18T19:23:07.163+0000] {dag.py:3239} INFO - Sync 1 DAGs
[2026-06-18T19:23:07.483+0000] {logging_mixin.py:190} INFO - [2026-06-18T19:23:07.482+0000] {dag.py:4180} INFO - Setting next_dagrun for example_workday_timetable to 2021-01-04 00:00:00+00:00, run_after=2021-01-05 00:00:00+00:00
[2026-06-18T19:23:07.567+0000] {processor.py:208} INFO - Processing /home/airflow/.local/lib/python3.12/site-packages/airflow/example_dags/example_workday_timetable.py took 0.648 seconds
[2026-06-18T19:23:39.164+0000] {processor.py:186} INFO - Started process (PID=1470) to work on /home/airflow/.local/lib/python3.12/site-packages/airflow/example_dags/example_workday_timetable.py
[2026-06-18T19:23:39.171+0000] {processor.py:914} INFO - Processing file /home/airflow/.local/lib/python3.12/site-packages/airflow/example_dags/example_workday_timetable.py for tasks to queue
[2026-06-18T19:23:39.180+0000] {logging_mixin.py:190} INFO - [2026-06-18T19:23:39.179+0000] {dagbag.py:588} INFO - Filling up the DagBag from /home/airflow/.local/lib/python3.12/site-packages/airflow/example_dags/example_workday_timetable.py
[2026-06-18T19:23:39.209+0000] {processor.py:925} INFO - DAG(s) 'example_workday_timetable' retrieved from /home/airflow/.local/lib/python3.12/site-packages/airflow/example_dags/example_workday_timetable.py
[2026-06-18T19:23:39.278+0000] {logging_mixin.py:190} INFO - [2026-06-18T19:23:39.278+0000] {dag.py:3239} INFO - Sync 1 DAGs
[2026-06-18T19:23:39.453+0000] {logging_mixin.py:190} INFO - [2026-06-18T19:23:39.452+0000] {dag.py:4180} INFO - Setting next_dagrun for example_workday_timetable to 2021-01-04 00:00:00+00:00, run_after=2021-01-05 00:00:00+00:00
[2026-06-18T19:23:39.493+0000] {processor.py:208} INFO - Processing /home/airflow/.local/lib/python3.12/site-packages/airflow/example_dags/example_workday_timetable.py took 0.352 seconds
[2026-06-18T19:24:09.600+0000] {processor.py:186} INFO - Started process (PID=1533) to work on /home/airflow/.local/lib/python3.12/site-packages/airflow/example_dags/example_workday_timetable.py
[2026-06-18T19:24:09.602+0000] {processor.py:914} INFO - Processing file /home/airflow/.local/lib/python3.12/site-packages/airflow/example_dags/example_workday_timetable.py for tasks to queue
[2026-06-18T19:24:09.606+0000] {logging_mixin.py:190} INFO - [2026-06-18T19:24:09.605+0000] {dagbag.py:588} INFO - Filling up the DagBag from /home/airflow/.local/lib/python3.12/site-packages/airflow/example_dags/example_workday_timetable.py
[2026-06-18T19:24:09.613+0000] {processor.py:925} INFO - DAG(s) 'example_workday_timetable' retrieved from /home/airflow/.local/lib/python3.12/site-packages/airflow/example_dags/example_workday_timetable.py
[2026-06-18T19:24:09.631+0000] {logging_mixin.py:190} INFO - [2026-06-18T19:24:09.631+0000] {dag.py:3239} INFO - Sync 1 DAGs
[2026-06-18T19:24:09.687+0000] {logging_mixin.py:190} INFO - [2026-06-18T19:24:09.687+0000] {dag.py:4180} INFO - Setting next_dagrun for example_workday_timetable to 2021-01-04 00:00:00+00:00, run_after=2021-01-05 00:00:00+00:00
[2026-06-18T19:24:09.705+0000] {processor.py:208} INFO - Processing /home/airflow/.local/lib/python3.12/site-packages/airflow/example_dags/example_workday_timetable.py took 0.111 seconds
[2026-06-18T19:24:41.602+0000] {processor.py:186} INFO - Started process (PID=1591) to work on /home/airflow/.local/lib/python3.12/site-packages/airflow/example_dags/example_workday_timetable.py
[2026-06-18T19:24:41.611+0000] {processor.py:914} INFO - Processing file /home/airflow/.local/lib/python3.12/site-packages/airflow/example_dags/example_workday_timetable.py for tasks to queue
[2026-06-18T19:24:41.620+0000] {logging_mixin.py:190} INFO - [2026-06-18T19:24:41.619+0000] {dagbag.py:588} INFO - Filling up the DagBag from /home/airflow/.local/lib/python3.12/site-packages/airflow/example_dags/example_workday_timetable.py
[2026-06-18T19:24:41.646+0000] {processor.py:925} INFO - DAG(s) 'example_workday_timetable' retrieved from /home/airflow/.local/lib/python3.12/site-packages/airflow/example_dags/example_workday_timetable.py
[2026-06-18T19:24:41.724+0000] {logging_mixin.py:190} INFO - [2026-06-18T19:24:41.723+0000] {dag.py:3239} INFO - Sync 1 DAGs
[2026-06-18T19:24:41.944+0000] {logging_mixin.py:190} INFO - [2026-06-18T19:24:41.944+0000] {dag.py:4180} INFO - Setting next_dagrun for example_workday_timetable to 2021-01-04 00:00:00+00:00, run_after=2021-01-05 00:00:00+00:00
[2026-06-18T19:24:41.991+0000] {processor.py:208} INFO - Processing /home/airflow/.local/lib/python3.12/site-packages/airflow/example_dags/example_workday_timetable.py took 0.417 seconds
[2026-06-18T19:25:12.454+0000] {processor.py:186} INFO - Started process (PID=1652) to work on /home/airflow/.local/lib/python3.12/site-packages/airflow/example_dags/example_workday_timetable.py
[2026-06-18T19:25:12.460+0000] {processor.py:914} INFO - Processing file /home/airflow/.local/lib/python3.12/site-packages/airflow/example_dags/example_workday_timetable.py for tasks to queue
[2026-06-18T19:25:12.468+0000] {logging_mixin.py:190} INFO - [2026-06-18T19:25:12.467+0000] {dagbag.py:588} INFO - Filling up the DagBag from /home/airflow/.local/lib/python3.12/site-packages/airflow/example_dags/example_workday_timetable.py
[2026-06-18T19:25:12.487+0000] {processor.py:925} INFO - DAG(s) 'example_workday_timetable' retrieved from /home/airflow/.local/lib/python3.12/site-packages/airflow/example_dags/example_workday_timetable.py
[2026-06-18T19:25:12.543+0000] {logging_mixin.py:190} INFO - [2026-06-18T19:25:12.542+0000] {dag.py:3239} INFO - Sync 1 DAGs
[2026-06-18T19:25:12.736+0000] {logging_mixin.py:190} INFO - [2026-06-18T19:25:12.735+0000] {dag.py:4180} INFO - Setting next_dagrun for example_workday_timetable to 2021-01-04 00:00:00+00:00, run_after=2021-01-05 00:00:00+00:00
[2026-06-18T19:25:12.791+0000] {processor.py:208} INFO - Processing /home/airflow/.local/lib/python3.12/site-packages/airflow/example_dags/example_workday_timetable.py took 0.354 seconds
[2026-06-18T19:25:45.426+0000] {processor.py:186} INFO - Started process (PID=1716) to work on /home/airflow/.local/lib/python3.12/site-packages/airflow/example_dags/example_workday_timetable.py
[2026-06-18T19:25:45.438+0000] {processor.py:914} INFO - Processing file /home/airflow/.local/lib/python3.12/site-packages/airflow/example_dags/example_workday_timetable.py for tasks to queue
[2026-06-18T19:25:45.448+0000] {logging_mixin.py:190} INFO - [2026-06-18T19:25:45.446+0000] {dagbag.py:588} INFO - Filling up the DagBag from /home/airflow/.local/lib/python3.12/site-packages/airflow/example_dags/example_workday_timetable.py
[2026-06-18T19:25:45.481+0000] {processor.py:925} INFO - DAG(s) 'example_workday_timetable' retrieved from /home/airflow/.local/lib/python3.12/site-packages/airflow/example_dags/example_workday_timetable.py
[2026-06-18T19:25:45.611+0000] {logging_mixin.py:190} INFO - [2026-06-18T19:25:45.611+0000] {dag.py:3239} INFO - Sync 1 DAGs
[2026-06-18T19:25:45.981+0000] {logging_mixin.py:190} INFO - [2026-06-18T19:25:45.980+0000] {dag.py:4180} INFO - Setting next_dagrun for example_workday_timetable to 2021-01-04 00:00:00+00:00, run_after=2021-01-05 00:00:00+00:00
[2026-06-18T19:25:46.068+0000] {processor.py:208} INFO - Processing /home/airflow/.local/lib/python3.12/site-packages/airflow/example_dags/example_workday_timetable.py took 0.713 seconds
[2026-06-18T19:26:16.683+0000] {processor.py:186} INFO - Started process (PID=1781) to work on /home/airflow/.local/lib/python3.12/site-packages/airflow/example_dags/example_workday_timetable.py
[2026-06-18T19:26:16.688+0000] {processor.py:914} INFO - Processing file /home/airflow/.local/lib/python3.12/site-packages/airflow/example_dags/example_workday_timetable.py for tasks to queue
[2026-06-18T19:26:16.695+0000] {logging_mixin.py:190} INFO - [2026-06-18T19:26:16.694+0000] {dagbag.py:588} INFO - Filling up the DagBag from /home/airflow/.local/lib/python3.12/site-packages/airflow/example_dags/example_workday_timetable.py
[2026-06-18T19:26:16.712+0000] {processor.py:925} INFO - DAG(s) 'example_workday_timetable' retrieved from /home/airflow/.local/lib/python3.12/site-packages/airflow/example_dags/example_workday_timetable.py
[2026-06-18T19:26:16.763+0000] {logging_mixin.py:190} INFO - [2026-06-18T19:26:16.762+0000] {dag.py:3239} INFO - Sync 1 DAGs
[2026-06-18T19:26:16.898+0000] {logging_mixin.py:190} INFO - [2026-06-18T19:26:16.898+0000] {dag.py:4180} INFO - Setting next_dagrun for example_workday_timetable to 2021-01-04 00:00:00+00:00, run_after=2021-01-05 00:00:00+00:00
[2026-06-18T19:26:16.929+0000] {processor.py:208} INFO - Processing /home/airflow/.local/lib/python3.12/site-packages/airflow/example_dags/example_workday_timetable.py took 0.264 seconds
[2026-06-18T19:26:47.287+0000] {processor.py:186} INFO - Started process (PID=1842) to work on /home/airflow/.local/lib/python3.12/site-packages/airflow/example_dags/example_workday_timetable.py
[2026-06-18T19:26:47.293+0000] {processor.py:914} INFO - Processing file /home/airflow/.local/lib/python3.12/site-packages/airflow/example_dags/example_workday_timetable.py for tasks to queue
[2026-06-18T19:26:47.300+0000] {logging_mixin.py:190} INFO - [2026-06-18T19:26:47.299+0000] {dagbag.py:588} INFO - Filling up the DagBag from /home/airflow/.local/lib/python3.12/site-packages/airflow/example_dags/example_workday_timetable.py
[2026-06-18T19:26:47.315+0000] {processor.py:925} INFO - DAG(s) 'example_workday_timetable' retrieved from /home/airflow/.local/lib/python3.12/site-packages/airflow/example_dags/example_workday_timetable.py
[2026-06-18T19:26:47.355+0000] {logging_mixin.py:190} INFO - [2026-06-18T19:26:47.354+0000] {dag.py:3239} INFO - Sync 1 DAGs
[2026-06-18T19:26:47.475+0000] {logging_mixin.py:190} INFO - [2026-06-18T19:26:47.474+0000] {dag.py:4180} INFO - Setting next_dagrun for example_workday_timetable to 2021-01-04 00:00:00+00:00, run_after=2021-01-05 00:00:00+00:00
[2026-06-18T19:26:47.524+0000] {processor.py:208} INFO - Processing /home/airflow/.local/lib/python3.12/site-packages/airflow/example_dags/example_workday_timetable.py took 0.254 seconds
[2026-06-18T19:27:18.505+0000] {processor.py:186} INFO - Started process (PID=1906) to work on /home/airflow/.local/lib/python3.12/site-packages/airflow/example_dags/example_workday_timetable.py
[2026-06-18T19:27:18.509+0000] {processor.py:914} INFO - Processing file /home/airflow/.local/lib/python3.12/site-packages/airflow/example_dags/example_workday_timetable.py for tasks to queue
[2026-06-18T19:27:18.523+0000] {logging_mixin.py:190} INFO - [2026-06-18T19:27:18.522+0000] {dagbag.py:588} INFO - Filling up the DagBag from /home/airflow/.local/lib/python3.12/site-packages/airflow/example_dags/example_workday_timetable.py
[2026-06-18T19:27:18.562+0000] {processor.py:925} INFO - DAG(s) 'example_workday_timetable' retrieved from /home/airflow/.local/lib/python3.12/site-packages/airflow/example_dags/example_workday_timetable.py
[2026-06-18T19:27:18.634+0000] {logging_mixin.py:190} INFO - [2026-06-18T19:27:18.632+0000] {dag.py:3239} INFO - Sync 1 DAGs
[2026-06-18T19:27:18.957+0000] {logging_mixin.py:190} INFO - [2026-06-18T19:27:18.956+0000] {dag.py:4180} INFO - Setting next_dagrun for example_workday_timetable to 2021-01-04 00:00:00+00:00, run_after=2021-01-05 00:00:00+00:00
[2026-06-18T19:27:19.124+0000] {processor.py:208} INFO - Processing /home/airflow/.local/lib/python3.12/site-packages/airflow/example_dags/example_workday_timetable.py took 0.639 seconds
[2026-06-18T19:27:49.598+0000] {processor.py:186} INFO - Started process (PID=1976) to work on /home/airflow/.local/lib/python3.12/site-packages/airflow/example_dags/example_workday_timetable.py
[2026-06-18T19:27:49.600+0000] {processor.py:914} INFO - Processing file /home/airflow/.local/lib/python3.12/site-packages/airflow/example_dags/example_workday_timetable.py for tasks to queue
[2026-06-18T19:27:49.604+0000] {logging_mixin.py:190} INFO - [2026-06-18T19:27:49.604+0000] {dagbag.py:588} INFO - Filling up the DagBag from /home/airflow/.local/lib/python3.12/site-packages/airflow/example_dags/example_workday_timetable.py
[2026-06-18T19:27:49.611+0000] {processor.py:925} INFO - DAG(s) 'example_workday_timetable' retrieved from /home/airflow/.local/lib/python3.12/site-packages/airflow/example_dags/example_workday_timetable.py
[2026-06-18T19:27:49.652+0000] {logging_mixin.py:190} INFO - [2026-06-18T19:27:49.652+0000] {dag.py:3239} INFO - Sync 1 DAGs
[2026-06-18T19:27:49.748+0000] {logging_mixin.py:190} INFO - [2026-06-18T19:27:49.748+0000] {dag.py:4180} INFO - Setting next_dagrun for example_workday_timetable to 2021-01-04 00:00:00+00:00, run_after=2021-01-05 00:00:00+00:00
[2026-06-18T19:27:49.768+0000] {processor.py:208} INFO - Processing /home/airflow/.local/lib/python3.12/site-packages/airflow/example_dags/example_workday_timetable.py took 0.176 seconds
[2026-06-18T19:28:19.873+0000] {processor.py:186} INFO - Started process (PID=2040) to work on /home/airflow/.local/lib/python3.12/site-packages/airflow/example_dags/example_workday_timetable.py
[2026-06-18T19:28:19.879+0000] {processor.py:914} INFO - Processing file /home/airflow/.local/lib/python3.12/site-packages/airflow/example_dags/example_workday_timetable.py for tasks to queue
[2026-06-18T19:28:19.887+0000] {logging_mixin.py:190} INFO - [2026-06-18T19:28:19.886+0000] {dagbag.py:588} INFO - Filling up the DagBag from /home/airflow/.local/lib/python3.12/site-packages/airflow/example_dags/example_workday_timetable.py
[2026-06-18T19:28:19.906+0000] {processor.py:925} INFO - DAG(s) 'example_workday_timetable' retrieved from /home/airflow/.local/lib/python3.12/site-packages/airflow/example_dags/example_workday_timetable.py
[2026-06-18T19:28:19.956+0000] {logging_mixin.py:190} INFO - [2026-06-18T19:28:19.955+0000] {dag.py:3239} INFO - Sync 1 DAGs
[2026-06-18T19:28:20.127+0000] {logging_mixin.py:190} INFO - [2026-06-18T19:28:20.126+0000] {dag.py:4180} INFO - Setting next_dagrun for example_workday_timetable to 2021-01-04 00:00:00+00:00, run_after=2021-01-05 00:00:00+00:00
[2026-06-18T19:28:20.181+0000] {processor.py:208} INFO - Processing /home/airflow/.local/lib/python3.12/site-packages/airflow/example_dags/example_workday_timetable.py took 0.325 seconds
[2026-06-18T19:28:51.017+0000] {processor.py:186} INFO - Started process (PID=2104) to work on /home/airflow/.local/lib/python3.12/site-packages/airflow/example_dags/example_workday_timetable.py
[2026-06-18T19:28:51.022+0000] {processor.py:914} INFO - Processing file /home/airflow/.local/lib/python3.12/site-packages/airflow/example_dags/example_workday_timetable.py for tasks to queue
[2026-06-18T19:28:51.028+0000] {logging_mixin.py:190} INFO - [2026-06-18T19:28:51.027+0000] {dagbag.py:588} INFO - Filling up the DagBag from /home/airflow/.local/lib/python3.12/site-packages/airflow/example_dags/example_workday_timetable.py
[2026-06-18T19:28:51.044+0000] {processor.py:925} INFO - DAG(s) 'example_workday_timetable' retrieved from /home/airflow/.local/lib/python3.12/site-packages/airflow/example_dags/example_workday_timetable.py
[2026-06-18T19:28:51.079+0000] {logging_mixin.py:190} INFO - [2026-06-18T19:28:51.079+0000] {dag.py:3239} INFO - Sync 1 DAGs
[2026-06-18T19:28:51.202+0000] {logging_mixin.py:190} INFO - [2026-06-18T19:28:51.202+0000] {dag.py:4180} INFO - Setting next_dagrun for example_workday_timetable to 2021-01-04 00:00:00+00:00, run_after=2021-01-05 00:00:00+00:00
[2026-06-18T19:28:51.243+0000] {processor.py:208} INFO - Processing /home/airflow/.local/lib/python3.12/site-packages/airflow/example_dags/example_workday_timetable.py took 0.238 seconds
[2026-06-18T19:29:21.793+0000] {processor.py:186} INFO - Started process (PID=2168) to work on /home/airflow/.local/lib/python3.12/site-packages/airflow/example_dags/example_workday_timetable.py
[2026-06-18T19:29:21.796+0000] {processor.py:914} INFO - Processing file /home/airflow/.local/lib/python3.12/site-packages/airflow/example_dags/example_workday_timetable.py for tasks to queue
[2026-06-18T19:29:21.803+0000] {logging_mixin.py:190} INFO - [2026-06-18T19:29:21.802+0000] {dagbag.py:588} INFO - Filling up the DagBag from /home/airflow/.local/lib/python3.12/site-packages/airflow/example_dags/example_workday_timetable.py
[2026-06-18T19:29:21.817+0000] {processor.py:925} INFO - DAG(s) 'example_workday_timetable' retrieved from /home/airflow/.local/lib/python3.12/site-packages/airflow/example_dags/example_workday_timetable.py
[2026-06-18T19:29:21.860+0000] {logging_mixin.py:190} INFO - [2026-06-18T19:29:21.860+0000] {dag.py:3239} INFO - Sync 1 DAGs
[2026-06-18T19:29:21.994+0000] {logging_mixin.py:190} INFO - [2026-06-18T19:29:21.993+0000] {dag.py:4180} INFO - Setting next_dagrun for example_workday_timetable to 2021-01-04 00:00:00+00:00, run_after=2021-01-05 00:00:00+00:00
[2026-06-18T19:29:22.034+0000] {processor.py:208} INFO - Processing /home/airflow/.local/lib/python3.12/site-packages/airflow/example_dags/example_workday_timetable.py took 0.255 seconds
[2026-06-18T19:29:52.443+0000] {processor.py:186} INFO - Started process (PID=2232) to work on /home/airflow/.local/lib/python3.12/site-packages/airflow/example_dags/example_workday_timetable.py
[2026-06-18T19:29:52.447+0000] {processor.py:914} INFO - Processing file /home/airflow/.local/lib/python3.12/site-packages/airflow/example_dags/example_workday_timetable.py for tasks to queue
[2026-06-18T19:29:52.462+0000] {logging_mixin.py:190} INFO - [2026-06-18T19:29:52.461+0000] {dagbag.py:588} INFO - Filling up the DagBag from /home/airflow/.local/lib/python3.12/site-packages/airflow/example_dags/example_workday_timetable.py
[2026-06-18T19:29:52.484+0000] {processor.py:925} INFO - DAG(s) 'example_workday_timetable' retrieved from /home/airflow/.local/lib/python3.12/site-packages/airflow/example_dags/example_workday_timetable.py
[2026-06-18T19:29:52.528+0000] {logging_mixin.py:190} INFO - [2026-06-18T19:29:52.528+0000] {dag.py:3239} INFO - Sync 1 DAGs
[2026-06-18T19:29:52.744+0000] {logging_mixin.py:190} INFO - [2026-06-18T19:29:52.743+0000] {dag.py:4180} INFO - Setting next_dagrun for example_workday_timetable to 2021-01-04 00:00:00+00:00, run_after=2021-01-05 00:00:00+00:00
[2026-06-18T19:29:52.791+0000] {processor.py:208} INFO - Processing /home/airflow/.local/lib/python3.12/site-packages/airflow/example_dags/example_workday_timetable.py took 0.367 seconds
[2026-06-18T19:30:23.306+0000] {processor.py:186} INFO - Started process (PID=2296) to work on /home/airflow/.local/lib/python3.12/site-packages/airflow/example_dags/example_workday_timetable.py
[2026-06-18T19:30:23.311+0000] {processor.py:914} INFO - Processing file /home/airflow/.local/lib/python3.12/site-packages/airflow/example_dags/example_workday_timetable.py for tasks to queue
[2026-06-18T19:30:23.319+0000] {logging_mixin.py:190} INFO - [2026-06-18T19:30:23.318+0000] {dagbag.py:588} INFO - Filling up the DagBag from /home/airflow/.local/lib/python3.12/site-packages/airflow/example_dags/example_workday_timetable.py
[2026-06-18T19:30:23.340+0000] {processor.py:925} INFO - DAG(s) 'example_workday_timetable' retrieved from /home/airflow/.local/lib/python3.12/site-packages/airflow/example_dags/example_workday_timetable.py
[2026-06-18T19:30:23.418+0000] {logging_mixin.py:190} INFO - [2026-06-18T19:30:23.417+0000] {dag.py:3239} INFO - Sync 1 DAGs
[2026-06-18T19:30:23.633+0000] {logging_mixin.py:190} INFO - [2026-06-18T19:30:23.633+0000] {dag.py:4180} INFO - Setting next_dagrun for example_workday_timetable to 2021-01-04 00:00:00+00:00, run_after=2021-01-05 00:00:00+00:00
[2026-06-18T19:30:23.697+0000] {processor.py:208} INFO - Processing /home/airflow/.local/lib/python3.12/site-packages/airflow/example_dags/example_workday_timetable.py took 0.410 seconds
[2026-06-18T19:30:53.986+0000] {processor.py:186} INFO - Started process (PID=2360) to work on /home/airflow/.local/lib/python3.12/site-packages/airflow/example_dags/example_workday_timetable.py
[2026-06-18T19:30:53.993+0000] {processor.py:914} INFO - Processing file /home/airflow/.local/lib/python3.12/site-packages/airflow/example_dags/example_workday_timetable.py for tasks to queue
[2026-06-18T19:30:53.998+0000] {logging_mixin.py:190} INFO - [2026-06-18T19:30:53.997+0000] {dagbag.py:588} INFO - Filling up the DagBag from /home/airflow/.local/lib/python3.12/site-packages/airflow/example_dags/example_workday_timetable.py
[2026-06-18T19:30:54.009+0000] {processor.py:925} INFO - DAG(s) 'example_workday_timetable' retrieved from /home/airflow/.local/lib/python3.12/site-packages/airflow/example_dags/example_workday_timetable.py
[2026-06-18T19:30:54.065+0000] {logging_mixin.py:190} INFO - [2026-06-18T19:30:54.064+0000] {dag.py:3239} INFO - Sync 1 DAGs
[2026-06-18T19:30:54.361+0000] {logging_mixin.py:190} INFO - [2026-06-18T19:30:54.360+0000] {dag.py:4180} INFO - Setting next_dagrun for example_workday_timetable to 2021-01-04 00:00:00+00:00, run_after=2021-01-05 00:00:00+00:00
[2026-06-18T19:30:54.433+0000] {processor.py:208} INFO - Processing /home/airflow/.local/lib/python3.12/site-packages/airflow/example_dags/example_workday_timetable.py took 0.456 seconds
[2026-06-18T19:31:25.109+0000] {processor.py:186} INFO - Started process (PID=2424) to work on /home/airflow/.local/lib/python3.12/site-packages/airflow/example_dags/example_workday_timetable.py
[2026-06-18T19:31:25.118+0000] {processor.py:914} INFO - Processing file /home/airflow/.local/lib/python3.12/site-packages/airflow/example_dags/example_workday_timetable.py for tasks to queue
[2026-06-18T19:31:25.127+0000] {logging_mixin.py:190} INFO - [2026-06-18T19:31:25.126+0000] {dagbag.py:588} INFO - Filling up the DagBag from /home/airflow/.local/lib/python3.12/site-packages/airflow/example_dags/example_workday_timetable.py
[2026-06-18T19:31:25.148+0000] {processor.py:925} INFO - DAG(s) 'example_workday_timetable' retrieved from /home/airflow/.local/lib/python3.12/site-packages/airflow/example_dags/example_workday_timetable.py
[2026-06-18T19:31:25.211+0000] {logging_mixin.py:190} INFO - [2026-06-18T19:31:25.210+0000] {dag.py:3239} INFO - Sync 1 DAGs
[2026-06-18T19:31:25.411+0000] {logging_mixin.py:190} INFO - [2026-06-18T19:31:25.411+0000] {dag.py:4180} INFO - Setting next_dagrun for example_workday_timetable to 2021-01-04 00:00:00+00:00, run_after=2021-01-05 00:00:00+00:00
[2026-06-18T19:31:25.474+0000] {processor.py:208} INFO - Processing /home/airflow/.local/lib/python3.12/site-packages/airflow/example_dags/example_workday_timetable.py took 0.383 seconds
[2026-06-18T19:31:55.966+0000] {processor.py:186} INFO - Started process (PID=2488) to work on /home/airflow/.local/lib/python3.12/site-packages/airflow/example_dags/example_workday_timetable.py
[2026-06-18T19:31:55.972+0000] {processor.py:914} INFO - Processing file /home/airflow/.local/lib/python3.12/site-packages/airflow/example_dags/example_workday_timetable.py for tasks to queue
[2026-06-18T19:31:55.982+0000] {logging_mixin.py:190} INFO - [2026-06-18T19:31:55.980+0000] {dagbag.py:588} INFO - Filling up the DagBag from /home/airflow/.local/lib/python3.12/site-packages/airflow/example_dags/example_workday_timetable.py
[2026-06-18T19:31:56.007+0000] {processor.py:925} INFO - DAG(s) 'example_workday_timetable' retrieved from /home/airflow/.local/lib/python3.12/site-packages/airflow/example_dags/example_workday_timetable.py
[2026-06-18T19:31:56.063+0000] {logging_mixin.py:190} INFO - [2026-06-18T19:31:56.062+0000] {dag.py:3239} INFO - Sync 1 DAGs
[2026-06-18T19:31:56.252+0000] {logging_mixin.py:190} INFO - [2026-06-18T19:31:56.251+0000] {dag.py:4180} INFO - Setting next_dagrun for example_workday_timetable to 2021-01-04 00:00:00+00:00, run_after=2021-01-05 00:00:00+00:00
[2026-06-18T19:31:56.297+0000] {processor.py:208} INFO - Processing /home/airflow/.local/lib/python3.12/site-packages/airflow/example_dags/example_workday_timetable.py took 0.347 seconds
