[2026-06-18T19:12:26.077+0000] {processor.py:186} INFO - Started process (PID=112) to work on /home/airflow/.local/lib/python3.12/site-packages/airflow/example_dags/example_outlet_event_extra.py
[2026-06-18T19:12:26.081+0000] {processor.py:914} INFO - Processing file /home/airflow/.local/lib/python3.12/site-packages/airflow/example_dags/example_outlet_event_extra.py for tasks to queue
[2026-06-18T19:12:26.088+0000] {logging_mixin.py:190} INFO - [2026-06-18T19:12:26.087+0000] {dagbag.py:588} INFO - Filling up the DagBag from /home/airflow/.local/lib/python3.12/site-packages/airflow/example_dags/example_outlet_event_extra.py
[2026-06-18T19:12:27.745+0000] {processor.py:925} INFO - DAG(s) 'dataset_with_extra_from_classic_operator', 'dataset_with_extra_by_context', 'dataset_with_extra_by_yield' retrieved from /home/airflow/.local/lib/python3.12/site-packages/airflow/example_dags/example_outlet_event_extra.py
[2026-06-18T19:12:27.809+0000] {logging_mixin.py:190} INFO - [2026-06-18T19:12:27.808+0000] {dag.py:3239} INFO - Sync 3 DAGs
[2026-06-18T19:12:27.878+0000] {logging_mixin.py:190} INFO - [2026-06-18T19:12:27.878+0000] {dag.py:4180} INFO - Setting next_dagrun for dataset_with_extra_by_context to 2026-06-17 00:00:00+00:00, run_after=2026-06-18 00:00:00+00:00
[2026-06-18T19:12:27.895+0000] {logging_mixin.py:190} INFO - [2026-06-18T19:12:27.895+0000] {dag.py:4180} INFO - Setting next_dagrun for dataset_with_extra_by_yield to 2026-06-17 00:00:00+00:00, run_after=2026-06-18 00:00:00+00:00
[2026-06-18T19:12:27.910+0000] {logging_mixin.py:190} INFO - [2026-06-18T19:12:27.908+0000] {dag.py:4180} INFO - Setting next_dagrun for dataset_with_extra_from_classic_operator to 2026-06-17 00:00:00+00:00, run_after=2026-06-18 00:00:00+00:00
[2026-06-18T19:12:27.975+0000] {processor.py:208} INFO - Processing /home/airflow/.local/lib/python3.12/site-packages/airflow/example_dags/example_outlet_event_extra.py took 1.909 seconds
[2026-06-18T19:12:58.875+0000] {processor.py:186} INFO - Started process (PID=176) to work on /home/airflow/.local/lib/python3.12/site-packages/airflow/example_dags/example_outlet_event_extra.py
[2026-06-18T19:12:58.880+0000] {processor.py:914} INFO - Processing file /home/airflow/.local/lib/python3.12/site-packages/airflow/example_dags/example_outlet_event_extra.py for tasks to queue
[2026-06-18T19:12:58.886+0000] {logging_mixin.py:190} INFO - [2026-06-18T19:12:58.885+0000] {dagbag.py:588} INFO - Filling up the DagBag from /home/airflow/.local/lib/python3.12/site-packages/airflow/example_dags/example_outlet_event_extra.py
[2026-06-18T19:13:01.344+0000] {processor.py:925} INFO - DAG(s) 'dataset_with_extra_from_classic_operator', 'dataset_with_extra_by_yield', 'dataset_with_extra_by_context' retrieved from /home/airflow/.local/lib/python3.12/site-packages/airflow/example_dags/example_outlet_event_extra.py
[2026-06-18T19:13:01.442+0000] {logging_mixin.py:190} INFO - [2026-06-18T19:13:01.441+0000] {dag.py:3239} INFO - Sync 3 DAGs
[2026-06-18T19:13:01.562+0000] {logging_mixin.py:190} INFO - [2026-06-18T19:13:01.561+0000] {dag.py:4180} INFO - Setting next_dagrun for dataset_with_extra_by_context to 2026-06-17 00:00:00+00:00, run_after=2026-06-18 00:00:00+00:00
[2026-06-18T19:13:01.592+0000] {logging_mixin.py:190} INFO - [2026-06-18T19:13:01.589+0000] {dag.py:4180} INFO - Setting next_dagrun for dataset_with_extra_by_yield to 2026-06-17 00:00:00+00:00, run_after=2026-06-18 00:00:00+00:00
[2026-06-18T19:13:01.603+0000] {logging_mixin.py:190} INFO - [2026-06-18T19:13:01.602+0000] {dag.py:4180} INFO - Setting next_dagrun for dataset_with_extra_from_classic_operator to 2026-06-17 00:00:00+00:00, run_after=2026-06-18 00:00:00+00:00
[2026-06-18T19:13:01.686+0000] {processor.py:208} INFO - Processing /home/airflow/.local/lib/python3.12/site-packages/airflow/example_dags/example_outlet_event_extra.py took 2.826 seconds
[2026-06-18T19:13:37.370+0000] {processor.py:186} INFO - Started process (PID=240) to work on /home/airflow/.local/lib/python3.12/site-packages/airflow/example_dags/example_outlet_event_extra.py
[2026-06-18T19:13:37.378+0000] {processor.py:914} INFO - Processing file /home/airflow/.local/lib/python3.12/site-packages/airflow/example_dags/example_outlet_event_extra.py for tasks to queue
[2026-06-18T19:13:37.390+0000] {logging_mixin.py:190} INFO - [2026-06-18T19:13:37.388+0000] {dagbag.py:588} INFO - Filling up the DagBag from /home/airflow/.local/lib/python3.12/site-packages/airflow/example_dags/example_outlet_event_extra.py
[2026-06-18T19:13:39.926+0000] {processor.py:925} INFO - DAG(s) 'dataset_with_extra_by_yield', 'dataset_with_extra_from_classic_operator', 'dataset_with_extra_by_context' retrieved from /home/airflow/.local/lib/python3.12/site-packages/airflow/example_dags/example_outlet_event_extra.py
[2026-06-18T19:13:40.069+0000] {logging_mixin.py:190} INFO - [2026-06-18T19:13:40.066+0000] {dag.py:3239} INFO - Sync 3 DAGs
[2026-06-18T19:13:40.232+0000] {logging_mixin.py:190} INFO - [2026-06-18T19:13:40.231+0000] {dag.py:4180} INFO - Setting next_dagrun for dataset_with_extra_by_context to 2026-06-17 00:00:00+00:00, run_after=2026-06-18 00:00:00+00:00
[2026-06-18T19:13:40.257+0000] {logging_mixin.py:190} INFO - [2026-06-18T19:13:40.255+0000] {dag.py:4180} INFO - Setting next_dagrun for dataset_with_extra_by_yield to 2026-06-17 00:00:00+00:00, run_after=2026-06-18 00:00:00+00:00
[2026-06-18T19:13:40.271+0000] {logging_mixin.py:190} INFO - [2026-06-18T19:13:40.270+0000] {dag.py:4180} INFO - Setting next_dagrun for dataset_with_extra_from_classic_operator to 2026-06-17 00:00:00+00:00, run_after=2026-06-18 00:00:00+00:00
[2026-06-18T19:13:40.367+0000] {processor.py:208} INFO - Processing /home/airflow/.local/lib/python3.12/site-packages/airflow/example_dags/example_outlet_event_extra.py took 3.021 seconds
[2026-06-18T19:14:10.664+0000] {processor.py:186} INFO - Started process (PID=306) to work on /home/airflow/.local/lib/python3.12/site-packages/airflow/example_dags/example_outlet_event_extra.py
[2026-06-18T19:14:10.669+0000] {processor.py:914} INFO - Processing file /home/airflow/.local/lib/python3.12/site-packages/airflow/example_dags/example_outlet_event_extra.py for tasks to queue
[2026-06-18T19:14:10.676+0000] {logging_mixin.py:190} INFO - [2026-06-18T19:14:10.675+0000] {dagbag.py:588} INFO - Filling up the DagBag from /home/airflow/.local/lib/python3.12/site-packages/airflow/example_dags/example_outlet_event_extra.py
[2026-06-18T19:14:12.706+0000] {processor.py:925} INFO - DAG(s) 'dataset_with_extra_from_classic_operator', 'dataset_with_extra_by_context', 'dataset_with_extra_by_yield' retrieved from /home/airflow/.local/lib/python3.12/site-packages/airflow/example_dags/example_outlet_event_extra.py
[2026-06-18T19:14:12.794+0000] {logging_mixin.py:190} INFO - [2026-06-18T19:14:12.791+0000] {dag.py:3239} INFO - Sync 3 DAGs
[2026-06-18T19:14:12.911+0000] {logging_mixin.py:190} INFO - [2026-06-18T19:14:12.910+0000] {dag.py:4180} INFO - Setting next_dagrun for dataset_with_extra_by_context to 2026-06-17 00:00:00+00:00, run_after=2026-06-18 00:00:00+00:00
[2026-06-18T19:14:12.935+0000] {logging_mixin.py:190} INFO - [2026-06-18T19:14:12.934+0000] {dag.py:4180} INFO - Setting next_dagrun for dataset_with_extra_by_yield to 2026-06-17 00:00:00+00:00, run_after=2026-06-18 00:00:00+00:00
[2026-06-18T19:14:12.951+0000] {logging_mixin.py:190} INFO - [2026-06-18T19:14:12.949+0000] {dag.py:4180} INFO - Setting next_dagrun for dataset_with_extra_from_classic_operator to 2026-06-17 00:00:00+00:00, run_after=2026-06-18 00:00:00+00:00
[2026-06-18T19:14:13.038+0000] {processor.py:208} INFO - Processing /home/airflow/.local/lib/python3.12/site-packages/airflow/example_dags/example_outlet_event_extra.py took 2.389 seconds
[2026-06-18T19:14:43.283+0000] {processor.py:186} INFO - Started process (PID=372) to work on /home/airflow/.local/lib/python3.12/site-packages/airflow/example_dags/example_outlet_event_extra.py
[2026-06-18T19:14:43.287+0000] {processor.py:914} INFO - Processing file /home/airflow/.local/lib/python3.12/site-packages/airflow/example_dags/example_outlet_event_extra.py for tasks to queue
[2026-06-18T19:14:43.291+0000] {logging_mixin.py:190} INFO - [2026-06-18T19:14:43.291+0000] {dagbag.py:588} INFO - Filling up the DagBag from /home/airflow/.local/lib/python3.12/site-packages/airflow/example_dags/example_outlet_event_extra.py
[2026-06-18T19:14:44.178+0000] {processor.py:925} INFO - DAG(s) 'dataset_with_extra_by_context', 'dataset_with_extra_by_yield', 'dataset_with_extra_from_classic_operator' retrieved from /home/airflow/.local/lib/python3.12/site-packages/airflow/example_dags/example_outlet_event_extra.py
[2026-06-18T19:14:44.234+0000] {logging_mixin.py:190} INFO - [2026-06-18T19:14:44.234+0000] {dag.py:3239} INFO - Sync 3 DAGs
[2026-06-18T19:14:44.314+0000] {logging_mixin.py:190} INFO - [2026-06-18T19:14:44.313+0000] {dag.py:4180} INFO - Setting next_dagrun for dataset_with_extra_by_context to 2026-06-17 00:00:00+00:00, run_after=2026-06-18 00:00:00+00:00
[2026-06-18T19:14:44.329+0000] {logging_mixin.py:190} INFO - [2026-06-18T19:14:44.328+0000] {dag.py:4180} INFO - Setting next_dagrun for dataset_with_extra_by_yield to 2026-06-17 00:00:00+00:00, run_after=2026-06-18 00:00:00+00:00
[2026-06-18T19:14:44.341+0000] {logging_mixin.py:190} INFO - [2026-06-18T19:14:44.341+0000] {dag.py:4180} INFO - Setting next_dagrun for dataset_with_extra_from_classic_operator to 2026-06-17 00:00:00+00:00, run_after=2026-06-18 00:00:00+00:00
[2026-06-18T19:14:44.385+0000] {processor.py:208} INFO - Processing /home/airflow/.local/lib/python3.12/site-packages/airflow/example_dags/example_outlet_event_extra.py took 1.109 seconds
[2026-06-18T19:15:14.875+0000] {processor.py:186} INFO - Started process (PID=436) to work on /home/airflow/.local/lib/python3.12/site-packages/airflow/example_dags/example_outlet_event_extra.py
[2026-06-18T19:15:14.880+0000] {processor.py:914} INFO - Processing file /home/airflow/.local/lib/python3.12/site-packages/airflow/example_dags/example_outlet_event_extra.py for tasks to queue
[2026-06-18T19:15:14.889+0000] {logging_mixin.py:190} INFO - [2026-06-18T19:15:14.889+0000] {dagbag.py:588} INFO - Filling up the DagBag from /home/airflow/.local/lib/python3.12/site-packages/airflow/example_dags/example_outlet_event_extra.py
[2026-06-18T19:15:16.645+0000] {processor.py:925} INFO - DAG(s) 'dataset_with_extra_from_classic_operator', 'dataset_with_extra_by_yield', 'dataset_with_extra_by_context' retrieved from /home/airflow/.local/lib/python3.12/site-packages/airflow/example_dags/example_outlet_event_extra.py
[2026-06-18T19:15:16.726+0000] {logging_mixin.py:190} INFO - [2026-06-18T19:15:16.725+0000] {dag.py:3239} INFO - Sync 3 DAGs
[2026-06-18T19:15:16.805+0000] {logging_mixin.py:190} INFO - [2026-06-18T19:15:16.804+0000] {dag.py:4180} INFO - Setting next_dagrun for dataset_with_extra_by_context to 2026-06-17 00:00:00+00:00, run_after=2026-06-18 00:00:00+00:00
[2026-06-18T19:15:16.825+0000] {logging_mixin.py:190} INFO - [2026-06-18T19:15:16.824+0000] {dag.py:4180} INFO - Setting next_dagrun for dataset_with_extra_by_yield to 2026-06-17 00:00:00+00:00, run_after=2026-06-18 00:00:00+00:00
[2026-06-18T19:15:16.835+0000] {logging_mixin.py:190} INFO - [2026-06-18T19:15:16.834+0000] {dag.py:4180} INFO - Setting next_dagrun for dataset_with_extra_from_classic_operator to 2026-06-17 00:00:00+00:00, run_after=2026-06-18 00:00:00+00:00
[2026-06-18T19:15:16.893+0000] {processor.py:208} INFO - Processing /home/airflow/.local/lib/python3.12/site-packages/airflow/example_dags/example_outlet_event_extra.py took 2.037 seconds
[2026-06-18T19:15:47.215+0000] {processor.py:186} INFO - Started process (PID=507) to work on /home/airflow/.local/lib/python3.12/site-packages/airflow/example_dags/example_outlet_event_extra.py
[2026-06-18T19:15:47.219+0000] {processor.py:914} INFO - Processing file /home/airflow/.local/lib/python3.12/site-packages/airflow/example_dags/example_outlet_event_extra.py for tasks to queue
[2026-06-18T19:15:47.226+0000] {logging_mixin.py:190} INFO - [2026-06-18T19:15:47.224+0000] {dagbag.py:588} INFO - Filling up the DagBag from /home/airflow/.local/lib/python3.12/site-packages/airflow/example_dags/example_outlet_event_extra.py
[2026-06-18T19:15:48.788+0000] {processor.py:925} INFO - DAG(s) 'dataset_with_extra_from_classic_operator', 'dataset_with_extra_by_context', 'dataset_with_extra_by_yield' retrieved from /home/airflow/.local/lib/python3.12/site-packages/airflow/example_dags/example_outlet_event_extra.py
[2026-06-18T19:15:48.867+0000] {logging_mixin.py:190} INFO - [2026-06-18T19:15:48.863+0000] {dag.py:3239} INFO - Sync 3 DAGs
[2026-06-18T19:15:48.966+0000] {logging_mixin.py:190} INFO - [2026-06-18T19:15:48.966+0000] {dag.py:4180} INFO - Setting next_dagrun for dataset_with_extra_by_context to 2026-06-17 00:00:00+00:00, run_after=2026-06-18 00:00:00+00:00
[2026-06-18T19:15:48.988+0000] {logging_mixin.py:190} INFO - [2026-06-18T19:15:48.988+0000] {dag.py:4180} INFO - Setting next_dagrun for dataset_with_extra_by_yield to 2026-06-17 00:00:00+00:00, run_after=2026-06-18 00:00:00+00:00
[2026-06-18T19:15:48.997+0000] {logging_mixin.py:190} INFO - [2026-06-18T19:15:48.996+0000] {dag.py:4180} INFO - Setting next_dagrun for dataset_with_extra_from_classic_operator to 2026-06-17 00:00:00+00:00, run_after=2026-06-18 00:00:00+00:00
[2026-06-18T19:15:49.073+0000] {processor.py:208} INFO - Processing /home/airflow/.local/lib/python3.12/site-packages/airflow/example_dags/example_outlet_event_extra.py took 1.867 seconds
[2026-06-18T19:16:19.214+0000] {processor.py:186} INFO - Started process (PID=575) to work on /home/airflow/.local/lib/python3.12/site-packages/airflow/example_dags/example_outlet_event_extra.py
[2026-06-18T19:16:19.217+0000] {processor.py:914} INFO - Processing file /home/airflow/.local/lib/python3.12/site-packages/airflow/example_dags/example_outlet_event_extra.py for tasks to queue
[2026-06-18T19:16:19.221+0000] {logging_mixin.py:190} INFO - [2026-06-18T19:16:19.220+0000] {dagbag.py:588} INFO - Filling up the DagBag from /home/airflow/.local/lib/python3.12/site-packages/airflow/example_dags/example_outlet_event_extra.py
[2026-06-18T19:16:19.982+0000] {processor.py:925} INFO - DAG(s) 'dataset_with_extra_by_context', 'dataset_with_extra_by_yield', 'dataset_with_extra_from_classic_operator' retrieved from /home/airflow/.local/lib/python3.12/site-packages/airflow/example_dags/example_outlet_event_extra.py
[2026-06-18T19:16:20.026+0000] {logging_mixin.py:190} INFO - [2026-06-18T19:16:20.025+0000] {dag.py:3239} INFO - Sync 3 DAGs
[2026-06-18T19:16:20.124+0000] {logging_mixin.py:190} INFO - [2026-06-18T19:16:20.123+0000] {dag.py:4180} INFO - Setting next_dagrun for dataset_with_extra_by_context to 2026-06-17 00:00:00+00:00, run_after=2026-06-18 00:00:00+00:00
[2026-06-18T19:16:20.145+0000] {logging_mixin.py:190} INFO - [2026-06-18T19:16:20.144+0000] {dag.py:4180} INFO - Setting next_dagrun for dataset_with_extra_by_yield to 2026-06-17 00:00:00+00:00, run_after=2026-06-18 00:00:00+00:00
[2026-06-18T19:16:20.157+0000] {logging_mixin.py:190} INFO - [2026-06-18T19:16:20.156+0000] {dag.py:4180} INFO - Setting next_dagrun for dataset_with_extra_from_classic_operator to 2026-06-17 00:00:00+00:00, run_after=2026-06-18 00:00:00+00:00
[2026-06-18T19:16:20.200+0000] {processor.py:208} INFO - Processing /home/airflow/.local/lib/python3.12/site-packages/airflow/example_dags/example_outlet_event_extra.py took 0.994 seconds
[2026-06-18T19:16:50.329+0000] {processor.py:186} INFO - Started process (PID=639) to work on /home/airflow/.local/lib/python3.12/site-packages/airflow/example_dags/example_outlet_event_extra.py
[2026-06-18T19:16:50.331+0000] {processor.py:914} INFO - Processing file /home/airflow/.local/lib/python3.12/site-packages/airflow/example_dags/example_outlet_event_extra.py for tasks to queue
[2026-06-18T19:16:50.335+0000] {logging_mixin.py:190} INFO - [2026-06-18T19:16:50.335+0000] {dagbag.py:588} INFO - Filling up the DagBag from /home/airflow/.local/lib/python3.12/site-packages/airflow/example_dags/example_outlet_event_extra.py
[2026-06-18T19:16:50.883+0000] {processor.py:925} INFO - DAG(s) 'dataset_with_extra_from_classic_operator', 'dataset_with_extra_by_context', 'dataset_with_extra_by_yield' retrieved from /home/airflow/.local/lib/python3.12/site-packages/airflow/example_dags/example_outlet_event_extra.py
[2026-06-18T19:16:50.904+0000] {logging_mixin.py:190} INFO - [2026-06-18T19:16:50.904+0000] {dag.py:3239} INFO - Sync 3 DAGs
[2026-06-18T19:16:50.928+0000] {logging_mixin.py:190} INFO - [2026-06-18T19:16:50.927+0000] {dag.py:4180} INFO - Setting next_dagrun for dataset_with_extra_by_context to 2026-06-17 00:00:00+00:00, run_after=2026-06-18 00:00:00+00:00
[2026-06-18T19:16:50.933+0000] {logging_mixin.py:190} INFO - [2026-06-18T19:16:50.933+0000] {dag.py:4180} INFO - Setting next_dagrun for dataset_with_extra_by_yield to 2026-06-17 00:00:00+00:00, run_after=2026-06-18 00:00:00+00:00
[2026-06-18T19:16:50.936+0000] {logging_mixin.py:190} INFO - [2026-06-18T19:16:50.936+0000] {dag.py:4180} INFO - Setting next_dagrun for dataset_with_extra_from_classic_operator to 2026-06-17 00:00:00+00:00, run_after=2026-06-18 00:00:00+00:00
[2026-06-18T19:16:50.955+0000] {processor.py:208} INFO - Processing /home/airflow/.local/lib/python3.12/site-packages/airflow/example_dags/example_outlet_event_extra.py took 0.633 seconds
[2026-06-18T19:17:21.719+0000] {processor.py:186} INFO - Started process (PID=703) to work on /home/airflow/.local/lib/python3.12/site-packages/airflow/example_dags/example_outlet_event_extra.py
[2026-06-18T19:17:21.722+0000] {processor.py:914} INFO - Processing file /home/airflow/.local/lib/python3.12/site-packages/airflow/example_dags/example_outlet_event_extra.py for tasks to queue
[2026-06-18T19:17:21.725+0000] {logging_mixin.py:190} INFO - [2026-06-18T19:17:21.725+0000] {dagbag.py:588} INFO - Filling up the DagBag from /home/airflow/.local/lib/python3.12/site-packages/airflow/example_dags/example_outlet_event_extra.py
[2026-06-18T19:17:22.326+0000] {processor.py:925} INFO - DAG(s) 'dataset_with_extra_from_classic_operator', 'dataset_with_extra_by_context', 'dataset_with_extra_by_yield' retrieved from /home/airflow/.local/lib/python3.12/site-packages/airflow/example_dags/example_outlet_event_extra.py
[2026-06-18T19:17:22.351+0000] {logging_mixin.py:190} INFO - [2026-06-18T19:17:22.351+0000] {dag.py:3239} INFO - Sync 3 DAGs
[2026-06-18T19:17:22.383+0000] {logging_mixin.py:190} INFO - [2026-06-18T19:17:22.383+0000] {dag.py:4180} INFO - Setting next_dagrun for dataset_with_extra_by_context to 2026-06-17 00:00:00+00:00, run_after=2026-06-18 00:00:00+00:00
[2026-06-18T19:17:22.391+0000] {logging_mixin.py:190} INFO - [2026-06-18T19:17:22.391+0000] {dag.py:4180} INFO - Setting next_dagrun for dataset_with_extra_by_yield to 2026-06-17 00:00:00+00:00, run_after=2026-06-18 00:00:00+00:00
[2026-06-18T19:17:22.396+0000] {logging_mixin.py:190} INFO - [2026-06-18T19:17:22.396+0000] {dag.py:4180} INFO - Setting next_dagrun for dataset_with_extra_from_classic_operator to 2026-06-17 00:00:00+00:00, run_after=2026-06-18 00:00:00+00:00
[2026-06-18T19:17:22.415+0000] {processor.py:208} INFO - Processing /home/airflow/.local/lib/python3.12/site-packages/airflow/example_dags/example_outlet_event_extra.py took 0.701 seconds
[2026-06-18T19:17:52.687+0000] {processor.py:186} INFO - Started process (PID=768) to work on /home/airflow/.local/lib/python3.12/site-packages/airflow/example_dags/example_outlet_event_extra.py
[2026-06-18T19:17:52.692+0000] {processor.py:914} INFO - Processing file /home/airflow/.local/lib/python3.12/site-packages/airflow/example_dags/example_outlet_event_extra.py for tasks to queue
[2026-06-18T19:17:52.705+0000] {logging_mixin.py:190} INFO - [2026-06-18T19:17:52.704+0000] {dagbag.py:588} INFO - Filling up the DagBag from /home/airflow/.local/lib/python3.12/site-packages/airflow/example_dags/example_outlet_event_extra.py
[2026-06-18T19:17:54.277+0000] {processor.py:925} INFO - DAG(s) 'dataset_with_extra_from_classic_operator', 'dataset_with_extra_by_yield', 'dataset_with_extra_by_context' retrieved from /home/airflow/.local/lib/python3.12/site-packages/airflow/example_dags/example_outlet_event_extra.py
[2026-06-18T19:17:54.319+0000] {logging_mixin.py:190} INFO - [2026-06-18T19:17:54.318+0000] {dag.py:3239} INFO - Sync 3 DAGs
[2026-06-18T19:17:54.372+0000] {logging_mixin.py:190} INFO - [2026-06-18T19:17:54.371+0000] {dag.py:4180} INFO - Setting next_dagrun for dataset_with_extra_by_context to 2026-06-17 00:00:00+00:00, run_after=2026-06-18 00:00:00+00:00
[2026-06-18T19:17:54.383+0000] {logging_mixin.py:190} INFO - [2026-06-18T19:17:54.383+0000] {dag.py:4180} INFO - Setting next_dagrun for dataset_with_extra_by_yield to 2026-06-17 00:00:00+00:00, run_after=2026-06-18 00:00:00+00:00
[2026-06-18T19:17:54.391+0000] {logging_mixin.py:190} INFO - [2026-06-18T19:17:54.390+0000] {dag.py:4180} INFO - Setting next_dagrun for dataset_with_extra_from_classic_operator to 2026-06-17 00:00:00+00:00, run_after=2026-06-18 00:00:00+00:00
[2026-06-18T19:17:54.431+0000] {processor.py:208} INFO - Processing /home/airflow/.local/lib/python3.12/site-packages/airflow/example_dags/example_outlet_event_extra.py took 1.771 seconds
[2026-06-18T19:18:24.999+0000] {processor.py:186} INFO - Started process (PID=835) to work on /home/airflow/.local/lib/python3.12/site-packages/airflow/example_dags/example_outlet_event_extra.py
[2026-06-18T19:18:25.021+0000] {processor.py:914} INFO - Processing file /home/airflow/.local/lib/python3.12/site-packages/airflow/example_dags/example_outlet_event_extra.py for tasks to queue
[2026-06-18T19:18:25.031+0000] {logging_mixin.py:190} INFO - [2026-06-18T19:18:25.030+0000] {dagbag.py:588} INFO - Filling up the DagBag from /home/airflow/.local/lib/python3.12/site-packages/airflow/example_dags/example_outlet_event_extra.py
[2026-06-18T19:18:26.512+0000] {processor.py:925} INFO - DAG(s) 'dataset_with_extra_by_context', 'dataset_with_extra_by_yield', 'dataset_with_extra_from_classic_operator' retrieved from /home/airflow/.local/lib/python3.12/site-packages/airflow/example_dags/example_outlet_event_extra.py
[2026-06-18T19:18:26.590+0000] {logging_mixin.py:190} INFO - [2026-06-18T19:18:26.590+0000] {dag.py:3239} INFO - Sync 3 DAGs
[2026-06-18T19:18:26.656+0000] {logging_mixin.py:190} INFO - [2026-06-18T19:18:26.656+0000] {dag.py:4180} INFO - Setting next_dagrun for dataset_with_extra_by_context to 2026-06-17 00:00:00+00:00, run_after=2026-06-18 00:00:00+00:00
[2026-06-18T19:18:26.672+0000] {logging_mixin.py:190} INFO - [2026-06-18T19:18:26.671+0000] {dag.py:4180} INFO - Setting next_dagrun for dataset_with_extra_by_yield to 2026-06-17 00:00:00+00:00, run_after=2026-06-18 00:00:00+00:00
[2026-06-18T19:18:26.682+0000] {logging_mixin.py:190} INFO - [2026-06-18T19:18:26.681+0000] {dag.py:4180} INFO - Setting next_dagrun for dataset_with_extra_from_classic_operator to 2026-06-17 00:00:00+00:00, run_after=2026-06-18 00:00:00+00:00
[2026-06-18T19:18:26.733+0000] {processor.py:208} INFO - Processing /home/airflow/.local/lib/python3.12/site-packages/airflow/example_dags/example_outlet_event_extra.py took 1.766 seconds
[2026-06-18T19:18:56.890+0000] {processor.py:186} INFO - Started process (PID=901) to work on /home/airflow/.local/lib/python3.12/site-packages/airflow/example_dags/example_outlet_event_extra.py
[2026-06-18T19:18:56.893+0000] {processor.py:914} INFO - Processing file /home/airflow/.local/lib/python3.12/site-packages/airflow/example_dags/example_outlet_event_extra.py for tasks to queue
[2026-06-18T19:18:56.897+0000] {logging_mixin.py:190} INFO - [2026-06-18T19:18:56.896+0000] {dagbag.py:588} INFO - Filling up the DagBag from /home/airflow/.local/lib/python3.12/site-packages/airflow/example_dags/example_outlet_event_extra.py
[2026-06-18T19:18:57.720+0000] {processor.py:925} INFO - DAG(s) 'dataset_with_extra_by_yield', 'dataset_with_extra_by_context', 'dataset_with_extra_from_classic_operator' retrieved from /home/airflow/.local/lib/python3.12/site-packages/airflow/example_dags/example_outlet_event_extra.py
[2026-06-18T19:18:57.776+0000] {logging_mixin.py:190} INFO - [2026-06-18T19:18:57.776+0000] {dag.py:3239} INFO - Sync 3 DAGs
[2026-06-18T19:18:57.835+0000] {logging_mixin.py:190} INFO - [2026-06-18T19:18:57.835+0000] {dag.py:4180} INFO - Setting next_dagrun for dataset_with_extra_by_context to 2026-06-17 00:00:00+00:00, run_after=2026-06-18 00:00:00+00:00
[2026-06-18T19:18:57.847+0000] {logging_mixin.py:190} INFO - [2026-06-18T19:18:57.847+0000] {dag.py:4180} INFO - Setting next_dagrun for dataset_with_extra_by_yield to 2026-06-17 00:00:00+00:00, run_after=2026-06-18 00:00:00+00:00
[2026-06-18T19:18:57.856+0000] {logging_mixin.py:190} INFO - [2026-06-18T19:18:57.855+0000] {dag.py:4180} INFO - Setting next_dagrun for dataset_with_extra_from_classic_operator to 2026-06-17 00:00:00+00:00, run_after=2026-06-18 00:00:00+00:00
[2026-06-18T19:18:57.892+0000] {processor.py:208} INFO - Processing /home/airflow/.local/lib/python3.12/site-packages/airflow/example_dags/example_outlet_event_extra.py took 1.007 seconds
[2026-06-18T19:19:29.368+0000] {processor.py:186} INFO - Started process (PID=972) to work on /home/airflow/.local/lib/python3.12/site-packages/airflow/example_dags/example_outlet_event_extra.py
[2026-06-18T19:19:29.372+0000] {processor.py:914} INFO - Processing file /home/airflow/.local/lib/python3.12/site-packages/airflow/example_dags/example_outlet_event_extra.py for tasks to queue
[2026-06-18T19:19:29.379+0000] {logging_mixin.py:190} INFO - [2026-06-18T19:19:29.378+0000] {dagbag.py:588} INFO - Filling up the DagBag from /home/airflow/.local/lib/python3.12/site-packages/airflow/example_dags/example_outlet_event_extra.py
[2026-06-18T19:19:30.797+0000] {processor.py:925} INFO - DAG(s) 'dataset_with_extra_from_classic_operator', 'dataset_with_extra_by_yield', 'dataset_with_extra_by_context' retrieved from /home/airflow/.local/lib/python3.12/site-packages/airflow/example_dags/example_outlet_event_extra.py
[2026-06-18T19:19:30.855+0000] {logging_mixin.py:190} INFO - [2026-06-18T19:19:30.854+0000] {dag.py:3239} INFO - Sync 3 DAGs
[2026-06-18T19:19:30.932+0000] {logging_mixin.py:190} INFO - [2026-06-18T19:19:30.928+0000] {dag.py:4180} INFO - Setting next_dagrun for dataset_with_extra_by_context to 2026-06-17 00:00:00+00:00, run_after=2026-06-18 00:00:00+00:00
[2026-06-18T19:19:30.947+0000] {logging_mixin.py:190} INFO - [2026-06-18T19:19:30.947+0000] {dag.py:4180} INFO - Setting next_dagrun for dataset_with_extra_by_yield to 2026-06-17 00:00:00+00:00, run_after=2026-06-18 00:00:00+00:00
[2026-06-18T19:19:30.955+0000] {logging_mixin.py:190} INFO - [2026-06-18T19:19:30.954+0000] {dag.py:4180} INFO - Setting next_dagrun for dataset_with_extra_from_classic_operator to 2026-06-17 00:00:00+00:00, run_after=2026-06-18 00:00:00+00:00
[2026-06-18T19:19:31.006+0000] {processor.py:208} INFO - Processing /home/airflow/.local/lib/python3.12/site-packages/airflow/example_dags/example_outlet_event_extra.py took 1.656 seconds
[2026-06-18T19:20:01.208+0000] {processor.py:186} INFO - Started process (PID=1041) to work on /home/airflow/.local/lib/python3.12/site-packages/airflow/example_dags/example_outlet_event_extra.py
[2026-06-18T19:20:01.211+0000] {processor.py:914} INFO - Processing file /home/airflow/.local/lib/python3.12/site-packages/airflow/example_dags/example_outlet_event_extra.py for tasks to queue
[2026-06-18T19:20:01.216+0000] {logging_mixin.py:190} INFO - [2026-06-18T19:20:01.216+0000] {dagbag.py:588} INFO - Filling up the DagBag from /home/airflow/.local/lib/python3.12/site-packages/airflow/example_dags/example_outlet_event_extra.py
[2026-06-18T19:20:01.956+0000] {processor.py:925} INFO - DAG(s) 'dataset_with_extra_by_yield', 'dataset_with_extra_from_classic_operator', 'dataset_with_extra_by_context' retrieved from /home/airflow/.local/lib/python3.12/site-packages/airflow/example_dags/example_outlet_event_extra.py
[2026-06-18T19:20:01.981+0000] {logging_mixin.py:190} INFO - [2026-06-18T19:20:01.981+0000] {dag.py:3239} INFO - Sync 3 DAGs
[2026-06-18T19:20:02.009+0000] {logging_mixin.py:190} INFO - [2026-06-18T19:20:02.009+0000] {dag.py:4180} INFO - Setting next_dagrun for dataset_with_extra_by_context to 2026-06-17 00:00:00+00:00, run_after=2026-06-18 00:00:00+00:00
[2026-06-18T19:20:02.015+0000] {logging_mixin.py:190} INFO - [2026-06-18T19:20:02.015+0000] {dag.py:4180} INFO - Setting next_dagrun for dataset_with_extra_by_yield to 2026-06-17 00:00:00+00:00, run_after=2026-06-18 00:00:00+00:00
[2026-06-18T19:20:02.019+0000] {logging_mixin.py:190} INFO - [2026-06-18T19:20:02.019+0000] {dag.py:4180} INFO - Setting next_dagrun for dataset_with_extra_from_classic_operator to 2026-06-17 00:00:00+00:00, run_after=2026-06-18 00:00:00+00:00
[2026-06-18T19:20:02.041+0000] {processor.py:208} INFO - Processing /home/airflow/.local/lib/python3.12/site-packages/airflow/example_dags/example_outlet_event_extra.py took 0.843 seconds
[2026-06-18T19:20:32.926+0000] {processor.py:186} INFO - Started process (PID=1108) to work on /home/airflow/.local/lib/python3.12/site-packages/airflow/example_dags/example_outlet_event_extra.py
[2026-06-18T19:20:32.933+0000] {processor.py:914} INFO - Processing file /home/airflow/.local/lib/python3.12/site-packages/airflow/example_dags/example_outlet_event_extra.py for tasks to queue
[2026-06-18T19:20:32.942+0000] {logging_mixin.py:190} INFO - [2026-06-18T19:20:32.940+0000] {dagbag.py:588} INFO - Filling up the DagBag from /home/airflow/.local/lib/python3.12/site-packages/airflow/example_dags/example_outlet_event_extra.py
[2026-06-18T19:20:34.489+0000] {processor.py:925} INFO - DAG(s) 'dataset_with_extra_by_context', 'dataset_with_extra_from_classic_operator', 'dataset_with_extra_by_yield' retrieved from /home/airflow/.local/lib/python3.12/site-packages/airflow/example_dags/example_outlet_event_extra.py
[2026-06-18T19:20:34.537+0000] {logging_mixin.py:190} INFO - [2026-06-18T19:20:34.536+0000] {dag.py:3239} INFO - Sync 3 DAGs
[2026-06-18T19:20:34.598+0000] {logging_mixin.py:190} INFO - [2026-06-18T19:20:34.598+0000] {dag.py:4180} INFO - Setting next_dagrun for dataset_with_extra_by_context to 2026-06-17 00:00:00+00:00, run_after=2026-06-18 00:00:00+00:00
[2026-06-18T19:20:34.608+0000] {logging_mixin.py:190} INFO - [2026-06-18T19:20:34.608+0000] {dag.py:4180} INFO - Setting next_dagrun for dataset_with_extra_by_yield to 2026-06-17 00:00:00+00:00, run_after=2026-06-18 00:00:00+00:00
[2026-06-18T19:20:34.614+0000] {logging_mixin.py:190} INFO - [2026-06-18T19:20:34.614+0000] {dag.py:4180} INFO - Setting next_dagrun for dataset_with_extra_from_classic_operator to 2026-06-17 00:00:00+00:00, run_after=2026-06-18 00:00:00+00:00
[2026-06-18T19:20:34.646+0000] {processor.py:208} INFO - Processing /home/airflow/.local/lib/python3.12/site-packages/airflow/example_dags/example_outlet_event_extra.py took 1.736 seconds
[2026-06-18T19:21:05.715+0000] {processor.py:186} INFO - Started process (PID=1178) to work on /home/airflow/.local/lib/python3.12/site-packages/airflow/example_dags/example_outlet_event_extra.py
[2026-06-18T19:21:05.718+0000] {processor.py:914} INFO - Processing file /home/airflow/.local/lib/python3.12/site-packages/airflow/example_dags/example_outlet_event_extra.py for tasks to queue
[2026-06-18T19:21:05.724+0000] {logging_mixin.py:190} INFO - [2026-06-18T19:21:05.724+0000] {dagbag.py:588} INFO - Filling up the DagBag from /home/airflow/.local/lib/python3.12/site-packages/airflow/example_dags/example_outlet_event_extra.py
[2026-06-18T19:21:06.421+0000] {processor.py:925} INFO - DAG(s) 'dataset_with_extra_from_classic_operator', 'dataset_with_extra_by_context', 'dataset_with_extra_by_yield' retrieved from /home/airflow/.local/lib/python3.12/site-packages/airflow/example_dags/example_outlet_event_extra.py
[2026-06-18T19:21:06.447+0000] {logging_mixin.py:190} INFO - [2026-06-18T19:21:06.447+0000] {dag.py:3239} INFO - Sync 3 DAGs
[2026-06-18T19:21:06.471+0000] {logging_mixin.py:190} INFO - [2026-06-18T19:21:06.470+0000] {dag.py:4180} INFO - Setting next_dagrun for dataset_with_extra_by_context to 2026-06-17 00:00:00+00:00, run_after=2026-06-18 00:00:00+00:00
[2026-06-18T19:21:06.477+0000] {logging_mixin.py:190} INFO - [2026-06-18T19:21:06.477+0000] {dag.py:4180} INFO - Setting next_dagrun for dataset_with_extra_by_yield to 2026-06-17 00:00:00+00:00, run_after=2026-06-18 00:00:00+00:00
[2026-06-18T19:21:06.481+0000] {logging_mixin.py:190} INFO - [2026-06-18T19:21:06.481+0000] {dag.py:4180} INFO - Setting next_dagrun for dataset_with_extra_from_classic_operator to 2026-06-17 00:00:00+00:00, run_after=2026-06-18 00:00:00+00:00
[2026-06-18T19:21:06.507+0000] {processor.py:208} INFO - Processing /home/airflow/.local/lib/python3.12/site-packages/airflow/example_dags/example_outlet_event_extra.py took 0.804 seconds
[2026-06-18T19:21:37.169+0000] {processor.py:186} INFO - Started process (PID=1244) to work on /home/airflow/.local/lib/python3.12/site-packages/airflow/example_dags/example_outlet_event_extra.py
[2026-06-18T19:21:37.176+0000] {processor.py:914} INFO - Processing file /home/airflow/.local/lib/python3.12/site-packages/airflow/example_dags/example_outlet_event_extra.py for tasks to queue
[2026-06-18T19:21:37.182+0000] {logging_mixin.py:190} INFO - [2026-06-18T19:21:37.182+0000] {dagbag.py:588} INFO - Filling up the DagBag from /home/airflow/.local/lib/python3.12/site-packages/airflow/example_dags/example_outlet_event_extra.py
[2026-06-18T19:21:38.275+0000] {processor.py:925} INFO - DAG(s) 'dataset_with_extra_by_context', 'dataset_with_extra_from_classic_operator', 'dataset_with_extra_by_yield' retrieved from /home/airflow/.local/lib/python3.12/site-packages/airflow/example_dags/example_outlet_event_extra.py
[2026-06-18T19:21:38.342+0000] {logging_mixin.py:190} INFO - [2026-06-18T19:21:38.341+0000] {dag.py:3239} INFO - Sync 3 DAGs
[2026-06-18T19:21:38.414+0000] {logging_mixin.py:190} INFO - [2026-06-18T19:21:38.413+0000] {dag.py:4180} INFO - Setting next_dagrun for dataset_with_extra_by_context to 2026-06-17 00:00:00+00:00, run_after=2026-06-18 00:00:00+00:00
[2026-06-18T19:21:38.432+0000] {logging_mixin.py:190} INFO - [2026-06-18T19:21:38.431+0000] {dag.py:4180} INFO - Setting next_dagrun for dataset_with_extra_by_yield to 2026-06-17 00:00:00+00:00, run_after=2026-06-18 00:00:00+00:00
[2026-06-18T19:21:38.442+0000] {logging_mixin.py:190} INFO - [2026-06-18T19:21:38.442+0000] {dag.py:4180} INFO - Setting next_dagrun for dataset_with_extra_from_classic_operator to 2026-06-17 00:00:00+00:00, run_after=2026-06-18 00:00:00+00:00
[2026-06-18T19:21:38.498+0000] {processor.py:208} INFO - Processing /home/airflow/.local/lib/python3.12/site-packages/airflow/example_dags/example_outlet_event_extra.py took 1.342 seconds
[2026-06-18T19:22:09.832+0000] {processor.py:186} INFO - Started process (PID=1312) to work on /home/airflow/.local/lib/python3.12/site-packages/airflow/example_dags/example_outlet_event_extra.py
[2026-06-18T19:22:09.835+0000] {processor.py:914} INFO - Processing file /home/airflow/.local/lib/python3.12/site-packages/airflow/example_dags/example_outlet_event_extra.py for tasks to queue
[2026-06-18T19:22:09.842+0000] {logging_mixin.py:190} INFO - [2026-06-18T19:22:09.841+0000] {dagbag.py:588} INFO - Filling up the DagBag from /home/airflow/.local/lib/python3.12/site-packages/airflow/example_dags/example_outlet_event_extra.py
[2026-06-18T19:22:10.711+0000] {processor.py:925} INFO - DAG(s) 'dataset_with_extra_by_yield', 'dataset_with_extra_from_classic_operator', 'dataset_with_extra_by_context' retrieved from /home/airflow/.local/lib/python3.12/site-packages/airflow/example_dags/example_outlet_event_extra.py
[2026-06-18T19:22:10.751+0000] {logging_mixin.py:190} INFO - [2026-06-18T19:22:10.750+0000] {dag.py:3239} INFO - Sync 3 DAGs
[2026-06-18T19:22:10.785+0000] {logging_mixin.py:190} INFO - [2026-06-18T19:22:10.784+0000] {dag.py:4180} INFO - Setting next_dagrun for dataset_with_extra_by_context to 2026-06-17 00:00:00+00:00, run_after=2026-06-18 00:00:00+00:00
[2026-06-18T19:22:10.794+0000] {logging_mixin.py:190} INFO - [2026-06-18T19:22:10.794+0000] {dag.py:4180} INFO - Setting next_dagrun for dataset_with_extra_by_yield to 2026-06-17 00:00:00+00:00, run_after=2026-06-18 00:00:00+00:00
[2026-06-18T19:22:10.800+0000] {logging_mixin.py:190} INFO - [2026-06-18T19:22:10.800+0000] {dag.py:4180} INFO - Setting next_dagrun for dataset_with_extra_from_classic_operator to 2026-06-17 00:00:00+00:00, run_after=2026-06-18 00:00:00+00:00
[2026-06-18T19:22:10.844+0000] {processor.py:208} INFO - Processing /home/airflow/.local/lib/python3.12/site-packages/airflow/example_dags/example_outlet_event_extra.py took 1.025 seconds
[2026-06-18T19:22:41.367+0000] {processor.py:186} INFO - Started process (PID=1376) to work on /home/airflow/.local/lib/python3.12/site-packages/airflow/example_dags/example_outlet_event_extra.py
[2026-06-18T19:22:41.371+0000] {processor.py:914} INFO - Processing file /home/airflow/.local/lib/python3.12/site-packages/airflow/example_dags/example_outlet_event_extra.py for tasks to queue
[2026-06-18T19:22:41.376+0000] {logging_mixin.py:190} INFO - [2026-06-18T19:22:41.375+0000] {dagbag.py:588} INFO - Filling up the DagBag from /home/airflow/.local/lib/python3.12/site-packages/airflow/example_dags/example_outlet_event_extra.py
[2026-06-18T19:22:42.014+0000] {processor.py:925} INFO - DAG(s) 'dataset_with_extra_from_classic_operator', 'dataset_with_extra_by_yield', 'dataset_with_extra_by_context' retrieved from /home/airflow/.local/lib/python3.12/site-packages/airflow/example_dags/example_outlet_event_extra.py
[2026-06-18T19:22:42.042+0000] {logging_mixin.py:190} INFO - [2026-06-18T19:22:42.041+0000] {dag.py:3239} INFO - Sync 3 DAGs
[2026-06-18T19:22:42.072+0000] {logging_mixin.py:190} INFO - [2026-06-18T19:22:42.072+0000] {dag.py:4180} INFO - Setting next_dagrun for dataset_with_extra_by_context to 2026-06-17 00:00:00+00:00, run_after=2026-06-18 00:00:00+00:00
[2026-06-18T19:22:42.079+0000] {logging_mixin.py:190} INFO - [2026-06-18T19:22:42.079+0000] {dag.py:4180} INFO - Setting next_dagrun for dataset_with_extra_by_yield to 2026-06-17 00:00:00+00:00, run_after=2026-06-18 00:00:00+00:00
[2026-06-18T19:22:42.083+0000] {logging_mixin.py:190} INFO - [2026-06-18T19:22:42.083+0000] {dag.py:4180} INFO - Setting next_dagrun for dataset_with_extra_from_classic_operator to 2026-06-17 00:00:00+00:00, run_after=2026-06-18 00:00:00+00:00
[2026-06-18T19:22:42.119+0000] {processor.py:208} INFO - Processing /home/airflow/.local/lib/python3.12/site-packages/airflow/example_dags/example_outlet_event_extra.py took 0.759 seconds
[2026-06-18T19:23:16.868+0000] {processor.py:186} INFO - Started process (PID=1445) to work on /home/airflow/.local/lib/python3.12/site-packages/airflow/example_dags/example_outlet_event_extra.py
[2026-06-18T19:23:16.874+0000] {processor.py:914} INFO - Processing file /home/airflow/.local/lib/python3.12/site-packages/airflow/example_dags/example_outlet_event_extra.py for tasks to queue
[2026-06-18T19:23:16.883+0000] {logging_mixin.py:190} INFO - [2026-06-18T19:23:16.882+0000] {dagbag.py:588} INFO - Filling up the DagBag from /home/airflow/.local/lib/python3.12/site-packages/airflow/example_dags/example_outlet_event_extra.py
[2026-06-18T19:23:18.330+0000] {processor.py:925} INFO - DAG(s) 'dataset_with_extra_by_context', 'dataset_with_extra_by_yield', 'dataset_with_extra_from_classic_operator' retrieved from /home/airflow/.local/lib/python3.12/site-packages/airflow/example_dags/example_outlet_event_extra.py
[2026-06-18T19:23:18.384+0000] {logging_mixin.py:190} INFO - [2026-06-18T19:23:18.384+0000] {dag.py:3239} INFO - Sync 3 DAGs
[2026-06-18T19:23:18.435+0000] {logging_mixin.py:190} INFO - [2026-06-18T19:23:18.435+0000] {dag.py:4180} INFO - Setting next_dagrun for dataset_with_extra_by_context to 2026-06-17 00:00:00+00:00, run_after=2026-06-18 00:00:00+00:00
[2026-06-18T19:23:18.447+0000] {logging_mixin.py:190} INFO - [2026-06-18T19:23:18.447+0000] {dag.py:4180} INFO - Setting next_dagrun for dataset_with_extra_by_yield to 2026-06-17 00:00:00+00:00, run_after=2026-06-18 00:00:00+00:00
[2026-06-18T19:23:18.453+0000] {logging_mixin.py:190} INFO - [2026-06-18T19:23:18.453+0000] {dag.py:4180} INFO - Setting next_dagrun for dataset_with_extra_from_classic_operator to 2026-06-17 00:00:00+00:00, run_after=2026-06-18 00:00:00+00:00
[2026-06-18T19:23:18.495+0000] {processor.py:208} INFO - Processing /home/airflow/.local/lib/python3.12/site-packages/airflow/example_dags/example_outlet_event_extra.py took 1.642 seconds
[2026-06-18T19:23:48.755+0000] {processor.py:186} INFO - Started process (PID=1514) to work on /home/airflow/.local/lib/python3.12/site-packages/airflow/example_dags/example_outlet_event_extra.py
[2026-06-18T19:23:48.765+0000] {processor.py:914} INFO - Processing file /home/airflow/.local/lib/python3.12/site-packages/airflow/example_dags/example_outlet_event_extra.py for tasks to queue
[2026-06-18T19:23:48.772+0000] {logging_mixin.py:190} INFO - [2026-06-18T19:23:48.771+0000] {dagbag.py:588} INFO - Filling up the DagBag from /home/airflow/.local/lib/python3.12/site-packages/airflow/example_dags/example_outlet_event_extra.py
[2026-06-18T19:23:50.226+0000] {processor.py:925} INFO - DAG(s) 'dataset_with_extra_by_context', 'dataset_with_extra_by_yield', 'dataset_with_extra_from_classic_operator' retrieved from /home/airflow/.local/lib/python3.12/site-packages/airflow/example_dags/example_outlet_event_extra.py
[2026-06-18T19:23:50.287+0000] {logging_mixin.py:190} INFO - [2026-06-18T19:23:50.287+0000] {dag.py:3239} INFO - Sync 3 DAGs
[2026-06-18T19:23:50.349+0000] {logging_mixin.py:190} INFO - [2026-06-18T19:23:50.349+0000] {dag.py:4180} INFO - Setting next_dagrun for dataset_with_extra_by_context to 2026-06-17 00:00:00+00:00, run_after=2026-06-18 00:00:00+00:00
[2026-06-18T19:23:50.364+0000] {logging_mixin.py:190} INFO - [2026-06-18T19:23:50.364+0000] {dag.py:4180} INFO - Setting next_dagrun for dataset_with_extra_by_yield to 2026-06-17 00:00:00+00:00, run_after=2026-06-18 00:00:00+00:00
[2026-06-18T19:23:50.373+0000] {logging_mixin.py:190} INFO - [2026-06-18T19:23:50.372+0000] {dag.py:4180} INFO - Setting next_dagrun for dataset_with_extra_from_classic_operator to 2026-06-17 00:00:00+00:00, run_after=2026-06-18 00:00:00+00:00
[2026-06-18T19:23:50.415+0000] {processor.py:208} INFO - Processing /home/airflow/.local/lib/python3.12/site-packages/airflow/example_dags/example_outlet_event_extra.py took 1.670 seconds
[2026-06-18T19:24:20.837+0000] {processor.py:186} INFO - Started process (PID=1578) to work on /home/airflow/.local/lib/python3.12/site-packages/airflow/example_dags/example_outlet_event_extra.py
[2026-06-18T19:24:20.840+0000] {processor.py:914} INFO - Processing file /home/airflow/.local/lib/python3.12/site-packages/airflow/example_dags/example_outlet_event_extra.py for tasks to queue
[2026-06-18T19:24:20.845+0000] {logging_mixin.py:190} INFO - [2026-06-18T19:24:20.845+0000] {dagbag.py:588} INFO - Filling up the DagBag from /home/airflow/.local/lib/python3.12/site-packages/airflow/example_dags/example_outlet_event_extra.py
[2026-06-18T19:24:21.690+0000] {processor.py:925} INFO - DAG(s) 'dataset_with_extra_by_context', 'dataset_with_extra_from_classic_operator', 'dataset_with_extra_by_yield' retrieved from /home/airflow/.local/lib/python3.12/site-packages/airflow/example_dags/example_outlet_event_extra.py
[2026-06-18T19:24:21.748+0000] {logging_mixin.py:190} INFO - [2026-06-18T19:24:21.747+0000] {dag.py:3239} INFO - Sync 3 DAGs
[2026-06-18T19:24:21.810+0000] {logging_mixin.py:190} INFO - [2026-06-18T19:24:21.810+0000] {dag.py:4180} INFO - Setting next_dagrun for dataset_with_extra_by_context to 2026-06-17 00:00:00+00:00, run_after=2026-06-18 00:00:00+00:00
[2026-06-18T19:24:21.824+0000] {logging_mixin.py:190} INFO - [2026-06-18T19:24:21.824+0000] {dag.py:4180} INFO - Setting next_dagrun for dataset_with_extra_by_yield to 2026-06-17 00:00:00+00:00, run_after=2026-06-18 00:00:00+00:00
[2026-06-18T19:24:21.832+0000] {logging_mixin.py:190} INFO - [2026-06-18T19:24:21.832+0000] {dag.py:4180} INFO - Setting next_dagrun for dataset_with_extra_from_classic_operator to 2026-06-17 00:00:00+00:00, run_after=2026-06-18 00:00:00+00:00
[2026-06-18T19:24:21.875+0000] {processor.py:208} INFO - Processing /home/airflow/.local/lib/python3.12/site-packages/airflow/example_dags/example_outlet_event_extra.py took 1.046 seconds
[2026-06-18T19:24:52.041+0000] {processor.py:186} INFO - Started process (PID=1642) to work on /home/airflow/.local/lib/python3.12/site-packages/airflow/example_dags/example_outlet_event_extra.py
[2026-06-18T19:24:52.047+0000] {processor.py:914} INFO - Processing file /home/airflow/.local/lib/python3.12/site-packages/airflow/example_dags/example_outlet_event_extra.py for tasks to queue
[2026-06-18T19:24:52.056+0000] {logging_mixin.py:190} INFO - [2026-06-18T19:24:52.055+0000] {dagbag.py:588} INFO - Filling up the DagBag from /home/airflow/.local/lib/python3.12/site-packages/airflow/example_dags/example_outlet_event_extra.py
[2026-06-18T19:24:53.159+0000] {processor.py:925} INFO - DAG(s) 'dataset_with_extra_from_classic_operator', 'dataset_with_extra_by_yield', 'dataset_with_extra_by_context' retrieved from /home/airflow/.local/lib/python3.12/site-packages/airflow/example_dags/example_outlet_event_extra.py
[2026-06-18T19:24:53.198+0000] {logging_mixin.py:190} INFO - [2026-06-18T19:24:53.197+0000] {dag.py:3239} INFO - Sync 3 DAGs
[2026-06-18T19:24:53.232+0000] {logging_mixin.py:190} INFO - [2026-06-18T19:24:53.232+0000] {dag.py:4180} INFO - Setting next_dagrun for dataset_with_extra_by_context to 2026-06-17 00:00:00+00:00, run_after=2026-06-18 00:00:00+00:00
[2026-06-18T19:24:53.243+0000] {logging_mixin.py:190} INFO - [2026-06-18T19:24:53.243+0000] {dag.py:4180} INFO - Setting next_dagrun for dataset_with_extra_by_yield to 2026-06-17 00:00:00+00:00, run_after=2026-06-18 00:00:00+00:00
[2026-06-18T19:24:53.248+0000] {logging_mixin.py:190} INFO - [2026-06-18T19:24:53.248+0000] {dag.py:4180} INFO - Setting next_dagrun for dataset_with_extra_from_classic_operator to 2026-06-17 00:00:00+00:00, run_after=2026-06-18 00:00:00+00:00
[2026-06-18T19:24:53.290+0000] {processor.py:208} INFO - Processing /home/airflow/.local/lib/python3.12/site-packages/airflow/example_dags/example_outlet_event_extra.py took 1.272 seconds
[2026-06-18T19:25:23.931+0000] {processor.py:186} INFO - Started process (PID=1706) to work on /home/airflow/.local/lib/python3.12/site-packages/airflow/example_dags/example_outlet_event_extra.py
[2026-06-18T19:25:23.938+0000] {processor.py:914} INFO - Processing file /home/airflow/.local/lib/python3.12/site-packages/airflow/example_dags/example_outlet_event_extra.py for tasks to queue
[2026-06-18T19:25:23.950+0000] {logging_mixin.py:190} INFO - [2026-06-18T19:25:23.949+0000] {dagbag.py:588} INFO - Filling up the DagBag from /home/airflow/.local/lib/python3.12/site-packages/airflow/example_dags/example_outlet_event_extra.py
[2026-06-18T19:25:25.560+0000] {processor.py:925} INFO - DAG(s) 'dataset_with_extra_by_yield', 'dataset_with_extra_by_context', 'dataset_with_extra_from_classic_operator' retrieved from /home/airflow/.local/lib/python3.12/site-packages/airflow/example_dags/example_outlet_event_extra.py
[2026-06-18T19:25:25.647+0000] {logging_mixin.py:190} INFO - [2026-06-18T19:25:25.646+0000] {dag.py:3239} INFO - Sync 3 DAGs
[2026-06-18T19:25:25.709+0000] {logging_mixin.py:190} INFO - [2026-06-18T19:25:25.708+0000] {dag.py:4180} INFO - Setting next_dagrun for dataset_with_extra_by_context to 2026-06-17 00:00:00+00:00, run_after=2026-06-18 00:00:00+00:00
[2026-06-18T19:25:25.721+0000] {logging_mixin.py:190} INFO - [2026-06-18T19:25:25.721+0000] {dag.py:4180} INFO - Setting next_dagrun for dataset_with_extra_by_yield to 2026-06-17 00:00:00+00:00, run_after=2026-06-18 00:00:00+00:00
[2026-06-18T19:25:25.727+0000] {logging_mixin.py:190} INFO - [2026-06-18T19:25:25.727+0000] {dag.py:4180} INFO - Setting next_dagrun for dataset_with_extra_from_classic_operator to 2026-06-17 00:00:00+00:00, run_after=2026-06-18 00:00:00+00:00
[2026-06-18T19:25:25.767+0000] {processor.py:208} INFO - Processing /home/airflow/.local/lib/python3.12/site-packages/airflow/example_dags/example_outlet_event_extra.py took 1.863 seconds
[2026-06-18T19:26:00.394+0000] {processor.py:186} INFO - Started process (PID=1771) to work on /home/airflow/.local/lib/python3.12/site-packages/airflow/example_dags/example_outlet_event_extra.py
[2026-06-18T19:26:00.399+0000] {processor.py:914} INFO - Processing file /home/airflow/.local/lib/python3.12/site-packages/airflow/example_dags/example_outlet_event_extra.py for tasks to queue
[2026-06-18T19:26:00.415+0000] {logging_mixin.py:190} INFO - [2026-06-18T19:26:00.413+0000] {dagbag.py:588} INFO - Filling up the DagBag from /home/airflow/.local/lib/python3.12/site-packages/airflow/example_dags/example_outlet_event_extra.py
[2026-06-18T19:26:02.187+0000] {processor.py:925} INFO - DAG(s) 'dataset_with_extra_by_context', 'dataset_with_extra_from_classic_operator', 'dataset_with_extra_by_yield' retrieved from /home/airflow/.local/lib/python3.12/site-packages/airflow/example_dags/example_outlet_event_extra.py
[2026-06-18T19:26:02.248+0000] {logging_mixin.py:190} INFO - [2026-06-18T19:26:02.248+0000] {dag.py:3239} INFO - Sync 3 DAGs
[2026-06-18T19:26:02.314+0000] {logging_mixin.py:190} INFO - [2026-06-18T19:26:02.314+0000] {dag.py:4180} INFO - Setting next_dagrun for dataset_with_extra_by_context to 2026-06-17 00:00:00+00:00, run_after=2026-06-18 00:00:00+00:00
[2026-06-18T19:26:02.331+0000] {logging_mixin.py:190} INFO - [2026-06-18T19:26:02.331+0000] {dag.py:4180} INFO - Setting next_dagrun for dataset_with_extra_by_yield to 2026-06-17 00:00:00+00:00, run_after=2026-06-18 00:00:00+00:00
[2026-06-18T19:26:02.341+0000] {logging_mixin.py:190} INFO - [2026-06-18T19:26:02.341+0000] {dag.py:4180} INFO - Setting next_dagrun for dataset_with_extra_from_classic_operator to 2026-06-17 00:00:00+00:00, run_after=2026-06-18 00:00:00+00:00
[2026-06-18T19:26:02.394+0000] {processor.py:208} INFO - Processing /home/airflow/.local/lib/python3.12/site-packages/airflow/example_dags/example_outlet_event_extra.py took 2.030 seconds
[2026-06-18T19:26:33.338+0000] {processor.py:186} INFO - Started process (PID=1835) to work on /home/airflow/.local/lib/python3.12/site-packages/airflow/example_dags/example_outlet_event_extra.py
[2026-06-18T19:26:33.345+0000] {processor.py:914} INFO - Processing file /home/airflow/.local/lib/python3.12/site-packages/airflow/example_dags/example_outlet_event_extra.py for tasks to queue
[2026-06-18T19:26:33.354+0000] {logging_mixin.py:190} INFO - [2026-06-18T19:26:33.353+0000] {dagbag.py:588} INFO - Filling up the DagBag from /home/airflow/.local/lib/python3.12/site-packages/airflow/example_dags/example_outlet_event_extra.py
[2026-06-18T19:26:34.697+0000] {processor.py:925} INFO - DAG(s) 'dataset_with_extra_by_yield', 'dataset_with_extra_from_classic_operator', 'dataset_with_extra_by_context' retrieved from /home/airflow/.local/lib/python3.12/site-packages/airflow/example_dags/example_outlet_event_extra.py
[2026-06-18T19:26:34.743+0000] {logging_mixin.py:190} INFO - [2026-06-18T19:26:34.743+0000] {dag.py:3239} INFO - Sync 3 DAGs
[2026-06-18T19:26:34.789+0000] {logging_mixin.py:190} INFO - [2026-06-18T19:26:34.788+0000] {dag.py:4180} INFO - Setting next_dagrun for dataset_with_extra_by_context to 2026-06-17 00:00:00+00:00, run_after=2026-06-18 00:00:00+00:00
[2026-06-18T19:26:34.797+0000] {logging_mixin.py:190} INFO - [2026-06-18T19:26:34.797+0000] {dag.py:4180} INFO - Setting next_dagrun for dataset_with_extra_by_yield to 2026-06-17 00:00:00+00:00, run_after=2026-06-18 00:00:00+00:00
[2026-06-18T19:26:34.803+0000] {logging_mixin.py:190} INFO - [2026-06-18T19:26:34.802+0000] {dag.py:4180} INFO - Setting next_dagrun for dataset_with_extra_from_classic_operator to 2026-06-17 00:00:00+00:00, run_after=2026-06-18 00:00:00+00:00
[2026-06-18T19:26:34.838+0000] {processor.py:208} INFO - Processing /home/airflow/.local/lib/python3.12/site-packages/airflow/example_dags/example_outlet_event_extra.py took 1.523 seconds
[2026-06-18T19:27:05.023+0000] {processor.py:186} INFO - Started process (PID=1899) to work on /home/airflow/.local/lib/python3.12/site-packages/airflow/example_dags/example_outlet_event_extra.py
[2026-06-18T19:27:05.029+0000] {processor.py:914} INFO - Processing file /home/airflow/.local/lib/python3.12/site-packages/airflow/example_dags/example_outlet_event_extra.py for tasks to queue
[2026-06-18T19:27:05.044+0000] {logging_mixin.py:190} INFO - [2026-06-18T19:27:05.042+0000] {dagbag.py:588} INFO - Filling up the DagBag from /home/airflow/.local/lib/python3.12/site-packages/airflow/example_dags/example_outlet_event_extra.py
[2026-06-18T19:27:07.541+0000] {processor.py:925} INFO - DAG(s) 'dataset_with_extra_by_context', 'dataset_with_extra_from_classic_operator', 'dataset_with_extra_by_yield' retrieved from /home/airflow/.local/lib/python3.12/site-packages/airflow/example_dags/example_outlet_event_extra.py
[2026-06-18T19:27:07.674+0000] {logging_mixin.py:190} INFO - [2026-06-18T19:27:07.673+0000] {dag.py:3239} INFO - Sync 3 DAGs
[2026-06-18T19:27:07.788+0000] {logging_mixin.py:190} INFO - [2026-06-18T19:27:07.787+0000] {dag.py:4180} INFO - Setting next_dagrun for dataset_with_extra_by_context to 2026-06-17 00:00:00+00:00, run_after=2026-06-18 00:00:00+00:00
[2026-06-18T19:27:07.816+0000] {logging_mixin.py:190} INFO - [2026-06-18T19:27:07.815+0000] {dag.py:4180} INFO - Setting next_dagrun for dataset_with_extra_by_yield to 2026-06-17 00:00:00+00:00, run_after=2026-06-18 00:00:00+00:00
[2026-06-18T19:27:07.836+0000] {logging_mixin.py:190} INFO - [2026-06-18T19:27:07.835+0000] {dag.py:4180} INFO - Setting next_dagrun for dataset_with_extra_from_classic_operator to 2026-06-17 00:00:00+00:00, run_after=2026-06-18 00:00:00+00:00
[2026-06-18T19:27:07.915+0000] {processor.py:208} INFO - Processing /home/airflow/.local/lib/python3.12/site-packages/airflow/example_dags/example_outlet_event_extra.py took 2.918 seconds
[2026-06-18T19:27:38.366+0000] {processor.py:186} INFO - Started process (PID=1963) to work on /home/airflow/.local/lib/python3.12/site-packages/airflow/example_dags/example_outlet_event_extra.py
[2026-06-18T19:27:38.371+0000] {processor.py:914} INFO - Processing file /home/airflow/.local/lib/python3.12/site-packages/airflow/example_dags/example_outlet_event_extra.py for tasks to queue
[2026-06-18T19:27:38.377+0000] {logging_mixin.py:190} INFO - [2026-06-18T19:27:38.376+0000] {dagbag.py:588} INFO - Filling up the DagBag from /home/airflow/.local/lib/python3.12/site-packages/airflow/example_dags/example_outlet_event_extra.py
[2026-06-18T19:27:39.895+0000] {processor.py:925} INFO - DAG(s) 'dataset_with_extra_from_classic_operator', 'dataset_with_extra_by_yield', 'dataset_with_extra_by_context' retrieved from /home/airflow/.local/lib/python3.12/site-packages/airflow/example_dags/example_outlet_event_extra.py
[2026-06-18T19:27:40.040+0000] {logging_mixin.py:190} INFO - [2026-06-18T19:27:40.040+0000] {dag.py:3239} INFO - Sync 3 DAGs
[2026-06-18T19:27:40.260+0000] {logging_mixin.py:190} INFO - [2026-06-18T19:27:40.248+0000] {dag.py:4180} INFO - Setting next_dagrun for dataset_with_extra_by_context to 2026-06-17 00:00:00+00:00, run_after=2026-06-18 00:00:00+00:00
[2026-06-18T19:27:40.336+0000] {logging_mixin.py:190} INFO - [2026-06-18T19:27:40.335+0000] {dag.py:4180} INFO - Setting next_dagrun for dataset_with_extra_by_yield to 2026-06-17 00:00:00+00:00, run_after=2026-06-18 00:00:00+00:00
[2026-06-18T19:27:40.395+0000] {logging_mixin.py:190} INFO - [2026-06-18T19:27:40.384+0000] {dag.py:4180} INFO - Setting next_dagrun for dataset_with_extra_from_classic_operator to 2026-06-17 00:00:00+00:00, run_after=2026-06-18 00:00:00+00:00
[2026-06-18T19:27:40.529+0000] {processor.py:208} INFO - Processing /home/airflow/.local/lib/python3.12/site-packages/airflow/example_dags/example_outlet_event_extra.py took 2.177 seconds
[2026-06-18T19:28:11.204+0000] {processor.py:186} INFO - Started process (PID=2028) to work on /home/airflow/.local/lib/python3.12/site-packages/airflow/example_dags/example_outlet_event_extra.py
[2026-06-18T19:28:11.208+0000] {processor.py:914} INFO - Processing file /home/airflow/.local/lib/python3.12/site-packages/airflow/example_dags/example_outlet_event_extra.py for tasks to queue
[2026-06-18T19:28:11.213+0000] {logging_mixin.py:190} INFO - [2026-06-18T19:28:11.212+0000] {dagbag.py:588} INFO - Filling up the DagBag from /home/airflow/.local/lib/python3.12/site-packages/airflow/example_dags/example_outlet_event_extra.py
[2026-06-18T19:28:11.991+0000] {processor.py:925} INFO - DAG(s) 'dataset_with_extra_by_yield', 'dataset_with_extra_from_classic_operator', 'dataset_with_extra_by_context' retrieved from /home/airflow/.local/lib/python3.12/site-packages/airflow/example_dags/example_outlet_event_extra.py
[2026-06-18T19:28:12.031+0000] {logging_mixin.py:190} INFO - [2026-06-18T19:28:12.030+0000] {dag.py:3239} INFO - Sync 3 DAGs
[2026-06-18T19:28:12.070+0000] {logging_mixin.py:190} INFO - [2026-06-18T19:28:12.069+0000] {dag.py:4180} INFO - Setting next_dagrun for dataset_with_extra_by_context to 2026-06-17 00:00:00+00:00, run_after=2026-06-18 00:00:00+00:00
[2026-06-18T19:28:12.081+0000] {logging_mixin.py:190} INFO - [2026-06-18T19:28:12.081+0000] {dag.py:4180} INFO - Setting next_dagrun for dataset_with_extra_by_yield to 2026-06-17 00:00:00+00:00, run_after=2026-06-18 00:00:00+00:00
[2026-06-18T19:28:12.086+0000] {logging_mixin.py:190} INFO - [2026-06-18T19:28:12.086+0000] {dag.py:4180} INFO - Setting next_dagrun for dataset_with_extra_from_classic_operator to 2026-06-17 00:00:00+00:00, run_after=2026-06-18 00:00:00+00:00
[2026-06-18T19:28:12.123+0000] {processor.py:208} INFO - Processing /home/airflow/.local/lib/python3.12/site-packages/airflow/example_dags/example_outlet_event_extra.py took 0.931 seconds
[2026-06-18T19:28:42.877+0000] {processor.py:186} INFO - Started process (PID=2093) to work on /home/airflow/.local/lib/python3.12/site-packages/airflow/example_dags/example_outlet_event_extra.py
[2026-06-18T19:28:42.881+0000] {processor.py:914} INFO - Processing file /home/airflow/.local/lib/python3.12/site-packages/airflow/example_dags/example_outlet_event_extra.py for tasks to queue
[2026-06-18T19:28:42.887+0000] {logging_mixin.py:190} INFO - [2026-06-18T19:28:42.887+0000] {dagbag.py:588} INFO - Filling up the DagBag from /home/airflow/.local/lib/python3.12/site-packages/airflow/example_dags/example_outlet_event_extra.py
[2026-06-18T19:28:43.766+0000] {processor.py:925} INFO - DAG(s) 'dataset_with_extra_by_context', 'dataset_with_extra_by_yield', 'dataset_with_extra_from_classic_operator' retrieved from /home/airflow/.local/lib/python3.12/site-packages/airflow/example_dags/example_outlet_event_extra.py
[2026-06-18T19:28:43.795+0000] {logging_mixin.py:190} INFO - [2026-06-18T19:28:43.795+0000] {dag.py:3239} INFO - Sync 3 DAGs
[2026-06-18T19:28:43.828+0000] {logging_mixin.py:190} INFO - [2026-06-18T19:28:43.828+0000] {dag.py:4180} INFO - Setting next_dagrun for dataset_with_extra_by_context to 2026-06-17 00:00:00+00:00, run_after=2026-06-18 00:00:00+00:00
[2026-06-18T19:28:43.838+0000] {logging_mixin.py:190} INFO - [2026-06-18T19:28:43.837+0000] {dag.py:4180} INFO - Setting next_dagrun for dataset_with_extra_by_yield to 2026-06-17 00:00:00+00:00, run_after=2026-06-18 00:00:00+00:00
[2026-06-18T19:28:43.843+0000] {logging_mixin.py:190} INFO - [2026-06-18T19:28:43.843+0000] {dag.py:4180} INFO - Setting next_dagrun for dataset_with_extra_from_classic_operator to 2026-06-17 00:00:00+00:00, run_after=2026-06-18 00:00:00+00:00
[2026-06-18T19:28:43.874+0000] {processor.py:208} INFO - Processing /home/airflow/.local/lib/python3.12/site-packages/airflow/example_dags/example_outlet_event_extra.py took 1.008 seconds
[2026-06-18T19:29:14.383+0000] {processor.py:186} INFO - Started process (PID=2157) to work on /home/airflow/.local/lib/python3.12/site-packages/airflow/example_dags/example_outlet_event_extra.py
[2026-06-18T19:29:14.386+0000] {processor.py:914} INFO - Processing file /home/airflow/.local/lib/python3.12/site-packages/airflow/example_dags/example_outlet_event_extra.py for tasks to queue
[2026-06-18T19:29:14.394+0000] {logging_mixin.py:190} INFO - [2026-06-18T19:29:14.394+0000] {dagbag.py:588} INFO - Filling up the DagBag from /home/airflow/.local/lib/python3.12/site-packages/airflow/example_dags/example_outlet_event_extra.py
[2026-06-18T19:29:15.546+0000] {processor.py:925} INFO - DAG(s) 'dataset_with_extra_by_yield', 'dataset_with_extra_from_classic_operator', 'dataset_with_extra_by_context' retrieved from /home/airflow/.local/lib/python3.12/site-packages/airflow/example_dags/example_outlet_event_extra.py
[2026-06-18T19:29:15.593+0000] {logging_mixin.py:190} INFO - [2026-06-18T19:29:15.593+0000] {dag.py:3239} INFO - Sync 3 DAGs
[2026-06-18T19:29:15.642+0000] {logging_mixin.py:190} INFO - [2026-06-18T19:29:15.642+0000] {dag.py:4180} INFO - Setting next_dagrun for dataset_with_extra_by_context to 2026-06-17 00:00:00+00:00, run_after=2026-06-18 00:00:00+00:00
[2026-06-18T19:29:15.654+0000] {logging_mixin.py:190} INFO - [2026-06-18T19:29:15.654+0000] {dag.py:4180} INFO - Setting next_dagrun for dataset_with_extra_by_yield to 2026-06-17 00:00:00+00:00, run_after=2026-06-18 00:00:00+00:00
[2026-06-18T19:29:15.665+0000] {logging_mixin.py:190} INFO - [2026-06-18T19:29:15.664+0000] {dag.py:4180} INFO - Setting next_dagrun for dataset_with_extra_from_classic_operator to 2026-06-17 00:00:00+00:00, run_after=2026-06-18 00:00:00+00:00
[2026-06-18T19:29:15.705+0000] {processor.py:208} INFO - Processing /home/airflow/.local/lib/python3.12/site-packages/airflow/example_dags/example_outlet_event_extra.py took 1.333 seconds
[2026-06-18T19:29:45.919+0000] {processor.py:186} INFO - Started process (PID=2222) to work on /home/airflow/.local/lib/python3.12/site-packages/airflow/example_dags/example_outlet_event_extra.py
[2026-06-18T19:29:45.923+0000] {processor.py:914} INFO - Processing file /home/airflow/.local/lib/python3.12/site-packages/airflow/example_dags/example_outlet_event_extra.py for tasks to queue
[2026-06-18T19:29:45.928+0000] {logging_mixin.py:190} INFO - [2026-06-18T19:29:45.928+0000] {dagbag.py:588} INFO - Filling up the DagBag from /home/airflow/.local/lib/python3.12/site-packages/airflow/example_dags/example_outlet_event_extra.py
[2026-06-18T19:29:46.767+0000] {processor.py:925} INFO - DAG(s) 'dataset_with_extra_by_context', 'dataset_with_extra_by_yield', 'dataset_with_extra_from_classic_operator' retrieved from /home/airflow/.local/lib/python3.12/site-packages/airflow/example_dags/example_outlet_event_extra.py
[2026-06-18T19:29:46.799+0000] {logging_mixin.py:190} INFO - [2026-06-18T19:29:46.799+0000] {dag.py:3239} INFO - Sync 3 DAGs
[2026-06-18T19:29:46.831+0000] {logging_mixin.py:190} INFO - [2026-06-18T19:29:46.831+0000] {dag.py:4180} INFO - Setting next_dagrun for dataset_with_extra_by_context to 2026-06-17 00:00:00+00:00, run_after=2026-06-18 00:00:00+00:00
[2026-06-18T19:29:46.838+0000] {logging_mixin.py:190} INFO - [2026-06-18T19:29:46.838+0000] {dag.py:4180} INFO - Setting next_dagrun for dataset_with_extra_by_yield to 2026-06-17 00:00:00+00:00, run_after=2026-06-18 00:00:00+00:00
[2026-06-18T19:29:46.843+0000] {logging_mixin.py:190} INFO - [2026-06-18T19:29:46.842+0000] {dag.py:4180} INFO - Setting next_dagrun for dataset_with_extra_from_classic_operator to 2026-06-17 00:00:00+00:00, run_after=2026-06-18 00:00:00+00:00
[2026-06-18T19:29:46.867+0000] {processor.py:208} INFO - Processing /home/airflow/.local/lib/python3.12/site-packages/airflow/example_dags/example_outlet_event_extra.py took 0.956 seconds
[2026-06-18T19:30:17.229+0000] {processor.py:186} INFO - Started process (PID=2287) to work on /home/airflow/.local/lib/python3.12/site-packages/airflow/example_dags/example_outlet_event_extra.py
[2026-06-18T19:30:17.234+0000] {processor.py:914} INFO - Processing file /home/airflow/.local/lib/python3.12/site-packages/airflow/example_dags/example_outlet_event_extra.py for tasks to queue
[2026-06-18T19:30:17.244+0000] {logging_mixin.py:190} INFO - [2026-06-18T19:30:17.243+0000] {dagbag.py:588} INFO - Filling up the DagBag from /home/airflow/.local/lib/python3.12/site-packages/airflow/example_dags/example_outlet_event_extra.py
[2026-06-18T19:30:18.974+0000] {processor.py:925} INFO - DAG(s) 'dataset_with_extra_by_yield', 'dataset_with_extra_by_context', 'dataset_with_extra_from_classic_operator' retrieved from /home/airflow/.local/lib/python3.12/site-packages/airflow/example_dags/example_outlet_event_extra.py
[2026-06-18T19:30:19.044+0000] {logging_mixin.py:190} INFO - [2026-06-18T19:30:19.044+0000] {dag.py:3239} INFO - Sync 3 DAGs
[2026-06-18T19:30:19.105+0000] {logging_mixin.py:190} INFO - [2026-06-18T19:30:19.105+0000] {dag.py:4180} INFO - Setting next_dagrun for dataset_with_extra_by_context to 2026-06-17 00:00:00+00:00, run_after=2026-06-18 00:00:00+00:00
[2026-06-18T19:30:19.118+0000] {logging_mixin.py:190} INFO - [2026-06-18T19:30:19.118+0000] {dag.py:4180} INFO - Setting next_dagrun for dataset_with_extra_by_yield to 2026-06-17 00:00:00+00:00, run_after=2026-06-18 00:00:00+00:00
[2026-06-18T19:30:19.126+0000] {logging_mixin.py:190} INFO - [2026-06-18T19:30:19.126+0000] {dag.py:4180} INFO - Setting next_dagrun for dataset_with_extra_from_classic_operator to 2026-06-17 00:00:00+00:00, run_after=2026-06-18 00:00:00+00:00
[2026-06-18T19:30:19.176+0000] {processor.py:208} INFO - Processing /home/airflow/.local/lib/python3.12/site-packages/airflow/example_dags/example_outlet_event_extra.py took 1.967 seconds
[2026-06-18T19:30:49.821+0000] {processor.py:186} INFO - Started process (PID=2357) to work on /home/airflow/.local/lib/python3.12/site-packages/airflow/example_dags/example_outlet_event_extra.py
[2026-06-18T19:30:49.830+0000] {processor.py:914} INFO - Processing file /home/airflow/.local/lib/python3.12/site-packages/airflow/example_dags/example_outlet_event_extra.py for tasks to queue
[2026-06-18T19:30:49.836+0000] {logging_mixin.py:190} INFO - [2026-06-18T19:30:49.836+0000] {dagbag.py:588} INFO - Filling up the DagBag from /home/airflow/.local/lib/python3.12/site-packages/airflow/example_dags/example_outlet_event_extra.py
[2026-06-18T19:30:50.735+0000] {processor.py:925} INFO - DAG(s) 'dataset_with_extra_by_context', 'dataset_with_extra_by_yield', 'dataset_with_extra_from_classic_operator' retrieved from /home/airflow/.local/lib/python3.12/site-packages/airflow/example_dags/example_outlet_event_extra.py
[2026-06-18T19:30:50.768+0000] {logging_mixin.py:190} INFO - [2026-06-18T19:30:50.768+0000] {dag.py:3239} INFO - Sync 3 DAGs
[2026-06-18T19:30:50.806+0000] {logging_mixin.py:190} INFO - [2026-06-18T19:30:50.805+0000] {dag.py:4180} INFO - Setting next_dagrun for dataset_with_extra_by_context to 2026-06-17 00:00:00+00:00, run_after=2026-06-18 00:00:00+00:00
[2026-06-18T19:30:50.815+0000] {logging_mixin.py:190} INFO - [2026-06-18T19:30:50.815+0000] {dag.py:4180} INFO - Setting next_dagrun for dataset_with_extra_by_yield to 2026-06-17 00:00:00+00:00, run_after=2026-06-18 00:00:00+00:00
[2026-06-18T19:30:50.820+0000] {logging_mixin.py:190} INFO - [2026-06-18T19:30:50.820+0000] {dag.py:4180} INFO - Setting next_dagrun for dataset_with_extra_from_classic_operator to 2026-06-17 00:00:00+00:00, run_after=2026-06-18 00:00:00+00:00
[2026-06-18T19:30:50.860+0000] {processor.py:208} INFO - Processing /home/airflow/.local/lib/python3.12/site-packages/airflow/example_dags/example_outlet_event_extra.py took 1.049 seconds
[2026-06-18T19:31:21.182+0000] {processor.py:186} INFO - Started process (PID=2421) to work on /home/airflow/.local/lib/python3.12/site-packages/airflow/example_dags/example_outlet_event_extra.py
[2026-06-18T19:31:21.187+0000] {processor.py:914} INFO - Processing file /home/airflow/.local/lib/python3.12/site-packages/airflow/example_dags/example_outlet_event_extra.py for tasks to queue
[2026-06-18T19:31:21.194+0000] {logging_mixin.py:190} INFO - [2026-06-18T19:31:21.193+0000] {dagbag.py:588} INFO - Filling up the DagBag from /home/airflow/.local/lib/python3.12/site-packages/airflow/example_dags/example_outlet_event_extra.py
[2026-06-18T19:31:22.864+0000] {processor.py:925} INFO - DAG(s) 'dataset_with_extra_by_yield', 'dataset_with_extra_from_classic_operator', 'dataset_with_extra_by_context' retrieved from /home/airflow/.local/lib/python3.12/site-packages/airflow/example_dags/example_outlet_event_extra.py
[2026-06-18T19:31:22.934+0000] {logging_mixin.py:190} INFO - [2026-06-18T19:31:22.933+0000] {dag.py:3239} INFO - Sync 3 DAGs
[2026-06-18T19:31:23.025+0000] {logging_mixin.py:190} INFO - [2026-06-18T19:31:23.024+0000] {dag.py:4180} INFO - Setting next_dagrun for dataset_with_extra_by_context to 2026-06-17 00:00:00+00:00, run_after=2026-06-18 00:00:00+00:00
[2026-06-18T19:31:23.049+0000] {logging_mixin.py:190} INFO - [2026-06-18T19:31:23.047+0000] {dag.py:4180} INFO - Setting next_dagrun for dataset_with_extra_by_yield to 2026-06-17 00:00:00+00:00, run_after=2026-06-18 00:00:00+00:00
[2026-06-18T19:31:23.061+0000] {logging_mixin.py:190} INFO - [2026-06-18T19:31:23.061+0000] {dag.py:4180} INFO - Setting next_dagrun for dataset_with_extra_from_classic_operator to 2026-06-17 00:00:00+00:00, run_after=2026-06-18 00:00:00+00:00
[2026-06-18T19:31:23.135+0000] {processor.py:208} INFO - Processing /home/airflow/.local/lib/python3.12/site-packages/airflow/example_dags/example_outlet_event_extra.py took 1.963 seconds
[2026-06-18T19:31:53.913+0000] {processor.py:186} INFO - Started process (PID=2485) to work on /home/airflow/.local/lib/python3.12/site-packages/airflow/example_dags/example_outlet_event_extra.py
[2026-06-18T19:31:53.917+0000] {processor.py:914} INFO - Processing file /home/airflow/.local/lib/python3.12/site-packages/airflow/example_dags/example_outlet_event_extra.py for tasks to queue
[2026-06-18T19:31:53.927+0000] {logging_mixin.py:190} INFO - [2026-06-18T19:31:53.927+0000] {dagbag.py:588} INFO - Filling up the DagBag from /home/airflow/.local/lib/python3.12/site-packages/airflow/example_dags/example_outlet_event_extra.py
[2026-06-18T19:31:55.391+0000] {processor.py:925} INFO - DAG(s) 'dataset_with_extra_by_yield', 'dataset_with_extra_from_classic_operator', 'dataset_with_extra_by_context' retrieved from /home/airflow/.local/lib/python3.12/site-packages/airflow/example_dags/example_outlet_event_extra.py
[2026-06-18T19:31:55.449+0000] {logging_mixin.py:190} INFO - [2026-06-18T19:31:55.448+0000] {dag.py:3239} INFO - Sync 3 DAGs
[2026-06-18T19:31:55.504+0000] {logging_mixin.py:190} INFO - [2026-06-18T19:31:55.504+0000] {dag.py:4180} INFO - Setting next_dagrun for dataset_with_extra_by_context to 2026-06-17 00:00:00+00:00, run_after=2026-06-18 00:00:00+00:00
[2026-06-18T19:31:55.519+0000] {logging_mixin.py:190} INFO - [2026-06-18T19:31:55.518+0000] {dag.py:4180} INFO - Setting next_dagrun for dataset_with_extra_by_yield to 2026-06-17 00:00:00+00:00, run_after=2026-06-18 00:00:00+00:00
[2026-06-18T19:31:55.528+0000] {logging_mixin.py:190} INFO - [2026-06-18T19:31:55.528+0000] {dag.py:4180} INFO - Setting next_dagrun for dataset_with_extra_from_classic_operator to 2026-06-17 00:00:00+00:00, run_after=2026-06-18 00:00:00+00:00
[2026-06-18T19:31:55.571+0000] {processor.py:208} INFO - Processing /home/airflow/.local/lib/python3.12/site-packages/airflow/example_dags/example_outlet_event_extra.py took 1.673 seconds
