[2026-06-18T19:12:16.738+0000] {processor.py:186} INFO - Started process (PID=78) to work on /home/airflow/.local/lib/python3.12/site-packages/airflow/example_dags/example_python_operator.py
[2026-06-18T19:12:16.741+0000] {processor.py:914} INFO - Processing file /home/airflow/.local/lib/python3.12/site-packages/airflow/example_dags/example_python_operator.py for tasks to queue
[2026-06-18T19:12:16.749+0000] {logging_mixin.py:190} INFO - [2026-06-18T19:12:16.748+0000] {dagbag.py:588} INFO - Filling up the DagBag from /home/airflow/.local/lib/python3.12/site-packages/airflow/example_dags/example_python_operator.py
[2026-06-18T19:12:16.787+0000] {processor.py:925} INFO - DAG(s) 'example_python_operator' retrieved from /home/airflow/.local/lib/python3.12/site-packages/airflow/example_dags/example_python_operator.py
[2026-06-18T19:12:17.041+0000] {logging_mixin.py:190} INFO - [2026-06-18T19:12:17.041+0000] {dag.py:3239} INFO - Sync 1 DAGs
[2026-06-18T19:12:17.069+0000] {logging_mixin.py:190} INFO - [2026-06-18T19:12:17.068+0000] {dag.py:4180} INFO - Setting next_dagrun for example_python_operator to None, run_after=None
[2026-06-18T19:12:17.113+0000] {processor.py:208} INFO - Processing /home/airflow/.local/lib/python3.12/site-packages/airflow/example_dags/example_python_operator.py took 0.391 seconds
[2026-06-18T19:12:47.885+0000] {processor.py:186} INFO - Started process (PID=142) to work on /home/airflow/.local/lib/python3.12/site-packages/airflow/example_dags/example_python_operator.py
[2026-06-18T19:12:47.896+0000] {processor.py:914} INFO - Processing file /home/airflow/.local/lib/python3.12/site-packages/airflow/example_dags/example_python_operator.py for tasks to queue
[2026-06-18T19:12:47.909+0000] {logging_mixin.py:190} INFO - [2026-06-18T19:12:47.908+0000] {dagbag.py:588} INFO - Filling up the DagBag from /home/airflow/.local/lib/python3.12/site-packages/airflow/example_dags/example_python_operator.py
[2026-06-18T19:12:48.001+0000] {processor.py:925} INFO - DAG(s) 'example_python_operator' retrieved from /home/airflow/.local/lib/python3.12/site-packages/airflow/example_dags/example_python_operator.py
[2026-06-18T19:12:48.185+0000] {logging_mixin.py:190} INFO - [2026-06-18T19:12:48.184+0000] {dag.py:3239} INFO - Sync 1 DAGs
[2026-06-18T19:12:48.313+0000] {logging_mixin.py:190} INFO - [2026-06-18T19:12:48.312+0000] {dag.py:4180} INFO - Setting next_dagrun for example_python_operator to None, run_after=None
[2026-06-18T19:12:48.410+0000] {processor.py:208} INFO - Processing /home/airflow/.local/lib/python3.12/site-packages/airflow/example_dags/example_python_operator.py took 0.549 seconds
[2026-06-18T19:13:19.142+0000] {processor.py:186} INFO - Started process (PID=206) to work on /home/airflow/.local/lib/python3.12/site-packages/airflow/example_dags/example_python_operator.py
[2026-06-18T19:13:19.151+0000] {processor.py:914} INFO - Processing file /home/airflow/.local/lib/python3.12/site-packages/airflow/example_dags/example_python_operator.py for tasks to queue
[2026-06-18T19:13:19.163+0000] {logging_mixin.py:190} INFO - [2026-06-18T19:13:19.161+0000] {dagbag.py:588} INFO - Filling up the DagBag from /home/airflow/.local/lib/python3.12/site-packages/airflow/example_dags/example_python_operator.py
[2026-06-18T19:13:19.219+0000] {processor.py:925} INFO - DAG(s) 'example_python_operator' retrieved from /home/airflow/.local/lib/python3.12/site-packages/airflow/example_dags/example_python_operator.py
[2026-06-18T19:13:19.325+0000] {logging_mixin.py:190} INFO - [2026-06-18T19:13:19.324+0000] {dag.py:3239} INFO - Sync 1 DAGs
[2026-06-18T19:13:19.391+0000] {logging_mixin.py:190} INFO - [2026-06-18T19:13:19.390+0000] {dag.py:4180} INFO - Setting next_dagrun for example_python_operator to None, run_after=None
[2026-06-18T19:13:19.481+0000] {processor.py:208} INFO - Processing /home/airflow/.local/lib/python3.12/site-packages/airflow/example_dags/example_python_operator.py took 0.385 seconds
[2026-06-18T19:13:49.876+0000] {processor.py:186} INFO - Started process (PID=270) to work on /home/airflow/.local/lib/python3.12/site-packages/airflow/example_dags/example_python_operator.py
[2026-06-18T19:13:49.891+0000] {processor.py:914} INFO - Processing file /home/airflow/.local/lib/python3.12/site-packages/airflow/example_dags/example_python_operator.py for tasks to queue
[2026-06-18T19:13:49.903+0000] {logging_mixin.py:190} INFO - [2026-06-18T19:13:49.902+0000] {dagbag.py:588} INFO - Filling up the DagBag from /home/airflow/.local/lib/python3.12/site-packages/airflow/example_dags/example_python_operator.py
[2026-06-18T19:13:50.014+0000] {processor.py:925} INFO - DAG(s) 'example_python_operator' retrieved from /home/airflow/.local/lib/python3.12/site-packages/airflow/example_dags/example_python_operator.py
[2026-06-18T19:13:50.213+0000] {logging_mixin.py:190} INFO - [2026-06-18T19:13:50.212+0000] {dag.py:3239} INFO - Sync 1 DAGs
[2026-06-18T19:13:50.376+0000] {logging_mixin.py:190} INFO - [2026-06-18T19:13:50.375+0000] {dag.py:4180} INFO - Setting next_dagrun for example_python_operator to None, run_after=None
[2026-06-18T19:13:50.494+0000] {processor.py:208} INFO - Processing /home/airflow/.local/lib/python3.12/site-packages/airflow/example_dags/example_python_operator.py took 0.650 seconds
[2026-06-18T19:14:20.994+0000] {processor.py:186} INFO - Started process (PID=334) to work on /home/airflow/.local/lib/python3.12/site-packages/airflow/example_dags/example_python_operator.py
[2026-06-18T19:14:20.999+0000] {processor.py:914} INFO - Processing file /home/airflow/.local/lib/python3.12/site-packages/airflow/example_dags/example_python_operator.py for tasks to queue
[2026-06-18T19:14:21.006+0000] {logging_mixin.py:190} INFO - [2026-06-18T19:14:21.006+0000] {dagbag.py:588} INFO - Filling up the DagBag from /home/airflow/.local/lib/python3.12/site-packages/airflow/example_dags/example_python_operator.py
[2026-06-18T19:14:21.038+0000] {processor.py:925} INFO - DAG(s) 'example_python_operator' retrieved from /home/airflow/.local/lib/python3.12/site-packages/airflow/example_dags/example_python_operator.py
[2026-06-18T19:14:21.082+0000] {logging_mixin.py:190} INFO - [2026-06-18T19:14:21.081+0000] {dag.py:3239} INFO - Sync 1 DAGs
[2026-06-18T19:14:21.115+0000] {logging_mixin.py:190} INFO - [2026-06-18T19:14:21.115+0000] {dag.py:4180} INFO - Setting next_dagrun for example_python_operator to None, run_after=None
[2026-06-18T19:14:21.156+0000] {processor.py:208} INFO - Processing /home/airflow/.local/lib/python3.12/site-packages/airflow/example_dags/example_python_operator.py took 0.180 seconds
[2026-06-18T19:14:51.653+0000] {processor.py:186} INFO - Started process (PID=398) to work on /home/airflow/.local/lib/python3.12/site-packages/airflow/example_dags/example_python_operator.py
[2026-06-18T19:14:51.659+0000] {processor.py:914} INFO - Processing file /home/airflow/.local/lib/python3.12/site-packages/airflow/example_dags/example_python_operator.py for tasks to queue
[2026-06-18T19:14:51.676+0000] {logging_mixin.py:190} INFO - [2026-06-18T19:14:51.674+0000] {dagbag.py:588} INFO - Filling up the DagBag from /home/airflow/.local/lib/python3.12/site-packages/airflow/example_dags/example_python_operator.py
[2026-06-18T19:14:51.750+0000] {processor.py:925} INFO - DAG(s) 'example_python_operator' retrieved from /home/airflow/.local/lib/python3.12/site-packages/airflow/example_dags/example_python_operator.py
[2026-06-18T19:14:51.861+0000] {logging_mixin.py:190} INFO - [2026-06-18T19:14:51.860+0000] {dag.py:3239} INFO - Sync 1 DAGs
[2026-06-18T19:14:51.960+0000] {logging_mixin.py:190} INFO - [2026-06-18T19:14:51.957+0000] {dag.py:4180} INFO - Setting next_dagrun for example_python_operator to None, run_after=None
[2026-06-18T19:14:52.105+0000] {processor.py:208} INFO - Processing /home/airflow/.local/lib/python3.12/site-packages/airflow/example_dags/example_python_operator.py took 0.472 seconds
[2026-06-18T19:15:22.265+0000] {processor.py:186} INFO - Started process (PID=461) to work on /home/airflow/.local/lib/python3.12/site-packages/airflow/example_dags/example_python_operator.py
[2026-06-18T19:15:22.270+0000] {processor.py:914} INFO - Processing file /home/airflow/.local/lib/python3.12/site-packages/airflow/example_dags/example_python_operator.py for tasks to queue
[2026-06-18T19:15:22.275+0000] {logging_mixin.py:190} INFO - [2026-06-18T19:15:22.275+0000] {dagbag.py:588} INFO - Filling up the DagBag from /home/airflow/.local/lib/python3.12/site-packages/airflow/example_dags/example_python_operator.py
[2026-06-18T19:15:22.301+0000] {processor.py:925} INFO - DAG(s) 'example_python_operator' retrieved from /home/airflow/.local/lib/python3.12/site-packages/airflow/example_dags/example_python_operator.py
[2026-06-18T19:15:22.338+0000] {logging_mixin.py:190} INFO - [2026-06-18T19:15:22.338+0000] {dag.py:3239} INFO - Sync 1 DAGs
[2026-06-18T19:15:22.362+0000] {logging_mixin.py:190} INFO - [2026-06-18T19:15:22.362+0000] {dag.py:4180} INFO - Setting next_dagrun for example_python_operator to None, run_after=None
[2026-06-18T19:15:22.393+0000] {processor.py:208} INFO - Processing /home/airflow/.local/lib/python3.12/site-packages/airflow/example_dags/example_python_operator.py took 0.140 seconds
[2026-06-18T19:15:53.012+0000] {processor.py:186} INFO - Started process (PID=525) to work on /home/airflow/.local/lib/python3.12/site-packages/airflow/example_dags/example_python_operator.py
[2026-06-18T19:15:53.027+0000] {processor.py:914} INFO - Processing file /home/airflow/.local/lib/python3.12/site-packages/airflow/example_dags/example_python_operator.py for tasks to queue
[2026-06-18T19:15:53.036+0000] {logging_mixin.py:190} INFO - [2026-06-18T19:15:53.035+0000] {dagbag.py:588} INFO - Filling up the DagBag from /home/airflow/.local/lib/python3.12/site-packages/airflow/example_dags/example_python_operator.py
[2026-06-18T19:15:53.090+0000] {processor.py:925} INFO - DAG(s) 'example_python_operator' retrieved from /home/airflow/.local/lib/python3.12/site-packages/airflow/example_dags/example_python_operator.py
[2026-06-18T19:15:53.184+0000] {logging_mixin.py:190} INFO - [2026-06-18T19:15:53.184+0000] {dag.py:3239} INFO - Sync 1 DAGs
[2026-06-18T19:15:53.275+0000] {logging_mixin.py:190} INFO - [2026-06-18T19:15:53.275+0000] {dag.py:4180} INFO - Setting next_dagrun for example_python_operator to None, run_after=None
[2026-06-18T19:15:53.349+0000] {processor.py:208} INFO - Processing /home/airflow/.local/lib/python3.12/site-packages/airflow/example_dags/example_python_operator.py took 0.375 seconds
[2026-06-18T19:16:24.285+0000] {processor.py:186} INFO - Started process (PID=589) to work on /home/airflow/.local/lib/python3.12/site-packages/airflow/example_dags/example_python_operator.py
[2026-06-18T19:16:24.289+0000] {processor.py:914} INFO - Processing file /home/airflow/.local/lib/python3.12/site-packages/airflow/example_dags/example_python_operator.py for tasks to queue
[2026-06-18T19:16:24.295+0000] {logging_mixin.py:190} INFO - [2026-06-18T19:16:24.294+0000] {dagbag.py:588} INFO - Filling up the DagBag from /home/airflow/.local/lib/python3.12/site-packages/airflow/example_dags/example_python_operator.py
[2026-06-18T19:16:24.326+0000] {processor.py:925} INFO - DAG(s) 'example_python_operator' retrieved from /home/airflow/.local/lib/python3.12/site-packages/airflow/example_dags/example_python_operator.py
[2026-06-18T19:16:24.379+0000] {logging_mixin.py:190} INFO - [2026-06-18T19:16:24.378+0000] {dag.py:3239} INFO - Sync 1 DAGs
[2026-06-18T19:16:24.420+0000] {logging_mixin.py:190} INFO - [2026-06-18T19:16:24.420+0000] {dag.py:4180} INFO - Setting next_dagrun for example_python_operator to None, run_after=None
[2026-06-18T19:16:24.459+0000] {processor.py:208} INFO - Processing /home/airflow/.local/lib/python3.12/site-packages/airflow/example_dags/example_python_operator.py took 0.187 seconds
[2026-06-18T19:16:54.706+0000] {processor.py:186} INFO - Started process (PID=652) to work on /home/airflow/.local/lib/python3.12/site-packages/airflow/example_dags/example_python_operator.py
[2026-06-18T19:16:54.708+0000] {processor.py:914} INFO - Processing file /home/airflow/.local/lib/python3.12/site-packages/airflow/example_dags/example_python_operator.py for tasks to queue
[2026-06-18T19:16:54.715+0000] {logging_mixin.py:190} INFO - [2026-06-18T19:16:54.714+0000] {dagbag.py:588} INFO - Filling up the DagBag from /home/airflow/.local/lib/python3.12/site-packages/airflow/example_dags/example_python_operator.py
[2026-06-18T19:16:54.732+0000] {processor.py:925} INFO - DAG(s) 'example_python_operator' retrieved from /home/airflow/.local/lib/python3.12/site-packages/airflow/example_dags/example_python_operator.py
[2026-06-18T19:16:54.760+0000] {logging_mixin.py:190} INFO - [2026-06-18T19:16:54.760+0000] {dag.py:3239} INFO - Sync 1 DAGs
[2026-06-18T19:16:54.775+0000] {logging_mixin.py:190} INFO - [2026-06-18T19:16:54.775+0000] {dag.py:4180} INFO - Setting next_dagrun for example_python_operator to None, run_after=None
[2026-06-18T19:16:54.793+0000] {processor.py:208} INFO - Processing /home/airflow/.local/lib/python3.12/site-packages/airflow/example_dags/example_python_operator.py took 0.094 seconds
[2026-06-18T19:17:24.894+0000] {processor.py:186} INFO - Started process (PID=716) to work on /home/airflow/.local/lib/python3.12/site-packages/airflow/example_dags/example_python_operator.py
[2026-06-18T19:17:24.897+0000] {processor.py:914} INFO - Processing file /home/airflow/.local/lib/python3.12/site-packages/airflow/example_dags/example_python_operator.py for tasks to queue
[2026-06-18T19:17:24.900+0000] {logging_mixin.py:190} INFO - [2026-06-18T19:17:24.899+0000] {dagbag.py:588} INFO - Filling up the DagBag from /home/airflow/.local/lib/python3.12/site-packages/airflow/example_dags/example_python_operator.py
[2026-06-18T19:17:24.911+0000] {processor.py:925} INFO - DAG(s) 'example_python_operator' retrieved from /home/airflow/.local/lib/python3.12/site-packages/airflow/example_dags/example_python_operator.py
[2026-06-18T19:17:24.933+0000] {logging_mixin.py:190} INFO - [2026-06-18T19:17:24.933+0000] {dag.py:3239} INFO - Sync 1 DAGs
[2026-06-18T19:17:24.947+0000] {logging_mixin.py:190} INFO - [2026-06-18T19:17:24.946+0000] {dag.py:4180} INFO - Setting next_dagrun for example_python_operator to None, run_after=None
[2026-06-18T19:17:24.969+0000] {processor.py:208} INFO - Processing /home/airflow/.local/lib/python3.12/site-packages/airflow/example_dags/example_python_operator.py took 0.080 seconds
[2026-06-18T19:17:55.337+0000] {processor.py:186} INFO - Started process (PID=781) to work on /home/airflow/.local/lib/python3.12/site-packages/airflow/example_dags/example_python_operator.py
[2026-06-18T19:17:55.341+0000] {processor.py:914} INFO - Processing file /home/airflow/.local/lib/python3.12/site-packages/airflow/example_dags/example_python_operator.py for tasks to queue
[2026-06-18T19:17:55.350+0000] {logging_mixin.py:190} INFO - [2026-06-18T19:17:55.348+0000] {dagbag.py:588} INFO - Filling up the DagBag from /home/airflow/.local/lib/python3.12/site-packages/airflow/example_dags/example_python_operator.py
[2026-06-18T19:17:55.391+0000] {processor.py:925} INFO - DAG(s) 'example_python_operator' retrieved from /home/airflow/.local/lib/python3.12/site-packages/airflow/example_dags/example_python_operator.py
[2026-06-18T19:17:55.452+0000] {logging_mixin.py:190} INFO - [2026-06-18T19:17:55.451+0000] {dag.py:3239} INFO - Sync 1 DAGs
[2026-06-18T19:17:55.501+0000] {logging_mixin.py:190} INFO - [2026-06-18T19:17:55.501+0000] {dag.py:4180} INFO - Setting next_dagrun for example_python_operator to None, run_after=None
[2026-06-18T19:17:55.549+0000] {processor.py:208} INFO - Processing /home/airflow/.local/lib/python3.12/site-packages/airflow/example_dags/example_python_operator.py took 0.229 seconds
[2026-06-18T19:18:27.383+0000] {processor.py:186} INFO - Started process (PID=844) to work on /home/airflow/.local/lib/python3.12/site-packages/airflow/example_dags/example_python_operator.py
[2026-06-18T19:18:27.388+0000] {processor.py:914} INFO - Processing file /home/airflow/.local/lib/python3.12/site-packages/airflow/example_dags/example_python_operator.py for tasks to queue
[2026-06-18T19:18:27.395+0000] {logging_mixin.py:190} INFO - [2026-06-18T19:18:27.395+0000] {dagbag.py:588} INFO - Filling up the DagBag from /home/airflow/.local/lib/python3.12/site-packages/airflow/example_dags/example_python_operator.py
[2026-06-18T19:18:27.430+0000] {processor.py:925} INFO - DAG(s) 'example_python_operator' retrieved from /home/airflow/.local/lib/python3.12/site-packages/airflow/example_dags/example_python_operator.py
[2026-06-18T19:18:27.493+0000] {logging_mixin.py:190} INFO - [2026-06-18T19:18:27.492+0000] {dag.py:3239} INFO - Sync 1 DAGs
[2026-06-18T19:18:27.537+0000] {logging_mixin.py:190} INFO - [2026-06-18T19:18:27.536+0000] {dag.py:4180} INFO - Setting next_dagrun for example_python_operator to None, run_after=None
[2026-06-18T19:18:27.577+0000] {processor.py:208} INFO - Processing /home/airflow/.local/lib/python3.12/site-packages/airflow/example_dags/example_python_operator.py took 0.210 seconds
[2026-06-18T19:18:57.983+0000] {processor.py:186} INFO - Started process (PID=908) to work on /home/airflow/.local/lib/python3.12/site-packages/airflow/example_dags/example_python_operator.py
[2026-06-18T19:18:57.987+0000] {processor.py:914} INFO - Processing file /home/airflow/.local/lib/python3.12/site-packages/airflow/example_dags/example_python_operator.py for tasks to queue
[2026-06-18T19:18:57.995+0000] {logging_mixin.py:190} INFO - [2026-06-18T19:18:57.994+0000] {dagbag.py:588} INFO - Filling up the DagBag from /home/airflow/.local/lib/python3.12/site-packages/airflow/example_dags/example_python_operator.py
[2026-06-18T19:18:58.018+0000] {processor.py:925} INFO - DAG(s) 'example_python_operator' retrieved from /home/airflow/.local/lib/python3.12/site-packages/airflow/example_dags/example_python_operator.py
[2026-06-18T19:18:58.065+0000] {logging_mixin.py:190} INFO - [2026-06-18T19:18:58.064+0000] {dag.py:3239} INFO - Sync 1 DAGs
[2026-06-18T19:18:58.101+0000] {logging_mixin.py:190} INFO - [2026-06-18T19:18:58.101+0000] {dag.py:4180} INFO - Setting next_dagrun for example_python_operator to None, run_after=None
[2026-06-18T19:18:58.134+0000] {processor.py:208} INFO - Processing /home/airflow/.local/lib/python3.12/site-packages/airflow/example_dags/example_python_operator.py took 0.162 seconds
[2026-06-18T19:19:29.111+0000] {processor.py:186} INFO - Started process (PID=971) to work on /home/airflow/.local/lib/python3.12/site-packages/airflow/example_dags/example_python_operator.py
[2026-06-18T19:19:29.116+0000] {processor.py:914} INFO - Processing file /home/airflow/.local/lib/python3.12/site-packages/airflow/example_dags/example_python_operator.py for tasks to queue
[2026-06-18T19:19:29.122+0000] {logging_mixin.py:190} INFO - [2026-06-18T19:19:29.121+0000] {dagbag.py:588} INFO - Filling up the DagBag from /home/airflow/.local/lib/python3.12/site-packages/airflow/example_dags/example_python_operator.py
[2026-06-18T19:19:29.146+0000] {processor.py:925} INFO - DAG(s) 'example_python_operator' retrieved from /home/airflow/.local/lib/python3.12/site-packages/airflow/example_dags/example_python_operator.py
[2026-06-18T19:19:29.188+0000] {logging_mixin.py:190} INFO - [2026-06-18T19:19:29.187+0000] {dag.py:3239} INFO - Sync 1 DAGs
[2026-06-18T19:19:29.221+0000] {logging_mixin.py:190} INFO - [2026-06-18T19:19:29.221+0000] {dag.py:4180} INFO - Setting next_dagrun for example_python_operator to None, run_after=None
[2026-06-18T19:19:29.276+0000] {processor.py:208} INFO - Processing /home/airflow/.local/lib/python3.12/site-packages/airflow/example_dags/example_python_operator.py took 0.174 seconds
[2026-06-18T19:19:59.814+0000] {processor.py:186} INFO - Started process (PID=1034) to work on /home/airflow/.local/lib/python3.12/site-packages/airflow/example_dags/example_python_operator.py
[2026-06-18T19:19:59.816+0000] {processor.py:914} INFO - Processing file /home/airflow/.local/lib/python3.12/site-packages/airflow/example_dags/example_python_operator.py for tasks to queue
[2026-06-18T19:19:59.820+0000] {logging_mixin.py:190} INFO - [2026-06-18T19:19:59.819+0000] {dagbag.py:588} INFO - Filling up the DagBag from /home/airflow/.local/lib/python3.12/site-packages/airflow/example_dags/example_python_operator.py
[2026-06-18T19:19:59.841+0000] {processor.py:925} INFO - DAG(s) 'example_python_operator' retrieved from /home/airflow/.local/lib/python3.12/site-packages/airflow/example_dags/example_python_operator.py
[2026-06-18T19:19:59.873+0000] {logging_mixin.py:190} INFO - [2026-06-18T19:19:59.873+0000] {dag.py:3239} INFO - Sync 1 DAGs
[2026-06-18T19:19:59.902+0000] {logging_mixin.py:190} INFO - [2026-06-18T19:19:59.901+0000] {dag.py:4180} INFO - Setting next_dagrun for example_python_operator to None, run_after=None
[2026-06-18T19:19:59.932+0000] {processor.py:208} INFO - Processing /home/airflow/.local/lib/python3.12/site-packages/airflow/example_dags/example_python_operator.py took 0.127 seconds
[2026-06-18T19:20:30.823+0000] {processor.py:186} INFO - Started process (PID=1098) to work on /home/airflow/.local/lib/python3.12/site-packages/airflow/example_dags/example_python_operator.py
[2026-06-18T19:20:30.826+0000] {processor.py:914} INFO - Processing file /home/airflow/.local/lib/python3.12/site-packages/airflow/example_dags/example_python_operator.py for tasks to queue
[2026-06-18T19:20:30.832+0000] {logging_mixin.py:190} INFO - [2026-06-18T19:20:30.832+0000] {dagbag.py:588} INFO - Filling up the DagBag from /home/airflow/.local/lib/python3.12/site-packages/airflow/example_dags/example_python_operator.py
[2026-06-18T19:20:30.860+0000] {processor.py:925} INFO - DAG(s) 'example_python_operator' retrieved from /home/airflow/.local/lib/python3.12/site-packages/airflow/example_dags/example_python_operator.py
[2026-06-18T19:20:30.897+0000] {logging_mixin.py:190} INFO - [2026-06-18T19:20:30.896+0000] {dag.py:3239} INFO - Sync 1 DAGs
[2026-06-18T19:20:30.928+0000] {logging_mixin.py:190} INFO - [2026-06-18T19:20:30.928+0000] {dag.py:4180} INFO - Setting next_dagrun for example_python_operator to None, run_after=None
[2026-06-18T19:20:30.977+0000] {processor.py:208} INFO - Processing /home/airflow/.local/lib/python3.12/site-packages/airflow/example_dags/example_python_operator.py took 0.163 seconds
[2026-06-18T19:21:01.243+0000] {processor.py:186} INFO - Started process (PID=1162) to work on /home/airflow/.local/lib/python3.12/site-packages/airflow/example_dags/example_python_operator.py
[2026-06-18T19:21:01.247+0000] {processor.py:914} INFO - Processing file /home/airflow/.local/lib/python3.12/site-packages/airflow/example_dags/example_python_operator.py for tasks to queue
[2026-06-18T19:21:01.253+0000] {logging_mixin.py:190} INFO - [2026-06-18T19:21:01.252+0000] {dagbag.py:588} INFO - Filling up the DagBag from /home/airflow/.local/lib/python3.12/site-packages/airflow/example_dags/example_python_operator.py
[2026-06-18T19:21:01.278+0000] {processor.py:925} INFO - DAG(s) 'example_python_operator' retrieved from /home/airflow/.local/lib/python3.12/site-packages/airflow/example_dags/example_python_operator.py
[2026-06-18T19:21:01.319+0000] {logging_mixin.py:190} INFO - [2026-06-18T19:21:01.319+0000] {dag.py:3239} INFO - Sync 1 DAGs
[2026-06-18T19:21:01.345+0000] {logging_mixin.py:190} INFO - [2026-06-18T19:21:01.345+0000] {dag.py:4180} INFO - Setting next_dagrun for example_python_operator to None, run_after=None
[2026-06-18T19:21:01.378+0000] {processor.py:208} INFO - Processing /home/airflow/.local/lib/python3.12/site-packages/airflow/example_dags/example_python_operator.py took 0.145 seconds
[2026-06-18T19:21:31.569+0000] {processor.py:186} INFO - Started process (PID=1226) to work on /home/airflow/.local/lib/python3.12/site-packages/airflow/example_dags/example_python_operator.py
[2026-06-18T19:21:31.573+0000] {processor.py:914} INFO - Processing file /home/airflow/.local/lib/python3.12/site-packages/airflow/example_dags/example_python_operator.py for tasks to queue
[2026-06-18T19:21:31.579+0000] {logging_mixin.py:190} INFO - [2026-06-18T19:21:31.578+0000] {dagbag.py:588} INFO - Filling up the DagBag from /home/airflow/.local/lib/python3.12/site-packages/airflow/example_dags/example_python_operator.py
[2026-06-18T19:21:31.603+0000] {processor.py:925} INFO - DAG(s) 'example_python_operator' retrieved from /home/airflow/.local/lib/python3.12/site-packages/airflow/example_dags/example_python_operator.py
[2026-06-18T19:21:31.644+0000] {logging_mixin.py:190} INFO - [2026-06-18T19:21:31.643+0000] {dag.py:3239} INFO - Sync 1 DAGs
[2026-06-18T19:21:31.679+0000] {logging_mixin.py:190} INFO - [2026-06-18T19:21:31.678+0000] {dag.py:4180} INFO - Setting next_dagrun for example_python_operator to None, run_after=None
[2026-06-18T19:21:31.719+0000] {processor.py:208} INFO - Processing /home/airflow/.local/lib/python3.12/site-packages/airflow/example_dags/example_python_operator.py took 0.161 seconds
[2026-06-18T19:22:03.789+0000] {processor.py:186} INFO - Started process (PID=1280) to work on /home/airflow/.local/lib/python3.12/site-packages/airflow/example_dags/example_python_operator.py
[2026-06-18T19:22:03.792+0000] {processor.py:914} INFO - Processing file /home/airflow/.local/lib/python3.12/site-packages/airflow/example_dags/example_python_operator.py for tasks to queue
[2026-06-18T19:22:03.796+0000] {logging_mixin.py:190} INFO - [2026-06-18T19:22:03.796+0000] {dagbag.py:588} INFO - Filling up the DagBag from /home/airflow/.local/lib/python3.12/site-packages/airflow/example_dags/example_python_operator.py
[2026-06-18T19:22:03.818+0000] {processor.py:925} INFO - DAG(s) 'example_python_operator' retrieved from /home/airflow/.local/lib/python3.12/site-packages/airflow/example_dags/example_python_operator.py
[2026-06-18T19:22:03.892+0000] {logging_mixin.py:190} INFO - [2026-06-18T19:22:03.891+0000] {dag.py:3239} INFO - Sync 1 DAGs
[2026-06-18T19:22:03.942+0000] {logging_mixin.py:190} INFO - [2026-06-18T19:22:03.941+0000] {dag.py:4180} INFO - Setting next_dagrun for example_python_operator to None, run_after=None
[2026-06-18T19:22:04.000+0000] {processor.py:208} INFO - Processing /home/airflow/.local/lib/python3.12/site-packages/airflow/example_dags/example_python_operator.py took 0.222 seconds
[2026-06-18T19:22:35.882+0000] {processor.py:186} INFO - Started process (PID=1343) to work on /home/airflow/.local/lib/python3.12/site-packages/airflow/example_dags/example_python_operator.py
[2026-06-18T19:22:35.886+0000] {processor.py:914} INFO - Processing file /home/airflow/.local/lib/python3.12/site-packages/airflow/example_dags/example_python_operator.py for tasks to queue
[2026-06-18T19:22:35.896+0000] {logging_mixin.py:190} INFO - [2026-06-18T19:22:35.895+0000] {dagbag.py:588} INFO - Filling up the DagBag from /home/airflow/.local/lib/python3.12/site-packages/airflow/example_dags/example_python_operator.py
[2026-06-18T19:22:35.933+0000] {processor.py:925} INFO - DAG(s) 'example_python_operator' retrieved from /home/airflow/.local/lib/python3.12/site-packages/airflow/example_dags/example_python_operator.py
[2026-06-18T19:22:35.987+0000] {logging_mixin.py:190} INFO - [2026-06-18T19:22:35.986+0000] {dag.py:3239} INFO - Sync 1 DAGs
[2026-06-18T19:22:36.026+0000] {logging_mixin.py:190} INFO - [2026-06-18T19:22:36.025+0000] {dag.py:4180} INFO - Setting next_dagrun for example_python_operator to None, run_after=None
[2026-06-18T19:22:36.070+0000] {processor.py:208} INFO - Processing /home/airflow/.local/lib/python3.12/site-packages/airflow/example_dags/example_python_operator.py took 0.208 seconds
[2026-06-18T19:23:07.324+0000] {processor.py:186} INFO - Started process (PID=1407) to work on /home/airflow/.local/lib/python3.12/site-packages/airflow/example_dags/example_python_operator.py
[2026-06-18T19:23:07.331+0000] {processor.py:914} INFO - Processing file /home/airflow/.local/lib/python3.12/site-packages/airflow/example_dags/example_python_operator.py for tasks to queue
[2026-06-18T19:23:07.343+0000] {logging_mixin.py:190} INFO - [2026-06-18T19:23:07.340+0000] {dagbag.py:588} INFO - Filling up the DagBag from /home/airflow/.local/lib/python3.12/site-packages/airflow/example_dags/example_python_operator.py
[2026-06-18T19:23:07.393+0000] {processor.py:925} INFO - DAG(s) 'example_python_operator' retrieved from /home/airflow/.local/lib/python3.12/site-packages/airflow/example_dags/example_python_operator.py
[2026-06-18T19:23:07.505+0000] {logging_mixin.py:190} INFO - [2026-06-18T19:23:07.504+0000] {dag.py:3239} INFO - Sync 1 DAGs
[2026-06-18T19:23:07.585+0000] {logging_mixin.py:190} INFO - [2026-06-18T19:23:07.584+0000] {dag.py:4180} INFO - Setting next_dagrun for example_python_operator to None, run_after=None
[2026-06-18T19:23:07.675+0000] {processor.py:208} INFO - Processing /home/airflow/.local/lib/python3.12/site-packages/airflow/example_dags/example_python_operator.py took 0.377 seconds
[2026-06-18T19:23:39.455+0000] {processor.py:186} INFO - Started process (PID=1471) to work on /home/airflow/.local/lib/python3.12/site-packages/airflow/example_dags/example_python_operator.py
[2026-06-18T19:23:39.461+0000] {processor.py:914} INFO - Processing file /home/airflow/.local/lib/python3.12/site-packages/airflow/example_dags/example_python_operator.py for tasks to queue
[2026-06-18T19:23:39.469+0000] {logging_mixin.py:190} INFO - [2026-06-18T19:23:39.468+0000] {dagbag.py:588} INFO - Filling up the DagBag from /home/airflow/.local/lib/python3.12/site-packages/airflow/example_dags/example_python_operator.py
[2026-06-18T19:23:39.505+0000] {processor.py:925} INFO - DAG(s) 'example_python_operator' retrieved from /home/airflow/.local/lib/python3.12/site-packages/airflow/example_dags/example_python_operator.py
[2026-06-18T19:23:39.565+0000] {logging_mixin.py:190} INFO - [2026-06-18T19:23:39.564+0000] {dag.py:3239} INFO - Sync 1 DAGs
[2026-06-18T19:23:39.588+0000] {logging_mixin.py:190} INFO - [2026-06-18T19:23:39.587+0000] {dag.py:4180} INFO - Setting next_dagrun for example_python_operator to None, run_after=None
[2026-06-18T19:23:39.614+0000] {processor.py:208} INFO - Processing /home/airflow/.local/lib/python3.12/site-packages/airflow/example_dags/example_python_operator.py took 0.177 seconds
[2026-06-18T19:24:09.748+0000] {processor.py:186} INFO - Started process (PID=1534) to work on /home/airflow/.local/lib/python3.12/site-packages/airflow/example_dags/example_python_operator.py
[2026-06-18T19:24:09.750+0000] {processor.py:914} INFO - Processing file /home/airflow/.local/lib/python3.12/site-packages/airflow/example_dags/example_python_operator.py for tasks to queue
[2026-06-18T19:24:09.754+0000] {logging_mixin.py:190} INFO - [2026-06-18T19:24:09.754+0000] {dagbag.py:588} INFO - Filling up the DagBag from /home/airflow/.local/lib/python3.12/site-packages/airflow/example_dags/example_python_operator.py
[2026-06-18T19:24:09.769+0000] {processor.py:925} INFO - DAG(s) 'example_python_operator' retrieved from /home/airflow/.local/lib/python3.12/site-packages/airflow/example_dags/example_python_operator.py
[2026-06-18T19:24:09.791+0000] {logging_mixin.py:190} INFO - [2026-06-18T19:24:09.791+0000] {dag.py:3239} INFO - Sync 1 DAGs
[2026-06-18T19:24:09.806+0000] {logging_mixin.py:190} INFO - [2026-06-18T19:24:09.806+0000] {dag.py:4180} INFO - Setting next_dagrun for example_python_operator to None, run_after=None
[2026-06-18T19:24:09.828+0000] {processor.py:208} INFO - Processing /home/airflow/.local/lib/python3.12/site-packages/airflow/example_dags/example_python_operator.py took 0.086 seconds
[2026-06-18T19:24:41.787+0000] {processor.py:186} INFO - Started process (PID=1592) to work on /home/airflow/.local/lib/python3.12/site-packages/airflow/example_dags/example_python_operator.py
[2026-06-18T19:24:41.794+0000] {processor.py:914} INFO - Processing file /home/airflow/.local/lib/python3.12/site-packages/airflow/example_dags/example_python_operator.py for tasks to queue
[2026-06-18T19:24:41.802+0000] {logging_mixin.py:190} INFO - [2026-06-18T19:24:41.801+0000] {dagbag.py:588} INFO - Filling up the DagBag from /home/airflow/.local/lib/python3.12/site-packages/airflow/example_dags/example_python_operator.py
[2026-06-18T19:24:41.853+0000] {processor.py:925} INFO - DAG(s) 'example_python_operator' retrieved from /home/airflow/.local/lib/python3.12/site-packages/airflow/example_dags/example_python_operator.py
[2026-06-18T19:24:41.914+0000] {logging_mixin.py:190} INFO - [2026-06-18T19:24:41.913+0000] {dag.py:3239} INFO - Sync 1 DAGs
[2026-06-18T19:24:41.966+0000] {logging_mixin.py:190} INFO - [2026-06-18T19:24:41.966+0000] {dag.py:4180} INFO - Setting next_dagrun for example_python_operator to None, run_after=None
[2026-06-18T19:24:42.012+0000] {processor.py:208} INFO - Processing /home/airflow/.local/lib/python3.12/site-packages/airflow/example_dags/example_python_operator.py took 0.240 seconds
[2026-06-18T19:25:12.797+0000] {processor.py:186} INFO - Started process (PID=1653) to work on /home/airflow/.local/lib/python3.12/site-packages/airflow/example_dags/example_python_operator.py
[2026-06-18T19:25:12.802+0000] {processor.py:914} INFO - Processing file /home/airflow/.local/lib/python3.12/site-packages/airflow/example_dags/example_python_operator.py for tasks to queue
[2026-06-18T19:25:12.811+0000] {logging_mixin.py:190} INFO - [2026-06-18T19:25:12.811+0000] {dagbag.py:588} INFO - Filling up the DagBag from /home/airflow/.local/lib/python3.12/site-packages/airflow/example_dags/example_python_operator.py
[2026-06-18T19:25:12.858+0000] {processor.py:925} INFO - DAG(s) 'example_python_operator' retrieved from /home/airflow/.local/lib/python3.12/site-packages/airflow/example_dags/example_python_operator.py
[2026-06-18T19:25:12.924+0000] {logging_mixin.py:190} INFO - [2026-06-18T19:25:12.923+0000] {dag.py:3239} INFO - Sync 1 DAGs
[2026-06-18T19:25:12.970+0000] {logging_mixin.py:190} INFO - [2026-06-18T19:25:12.970+0000] {dag.py:4180} INFO - Setting next_dagrun for example_python_operator to None, run_after=None
[2026-06-18T19:25:13.030+0000] {processor.py:208} INFO - Processing /home/airflow/.local/lib/python3.12/site-packages/airflow/example_dags/example_python_operator.py took 0.250 seconds
[2026-06-18T19:25:46.072+0000] {processor.py:186} INFO - Started process (PID=1717) to work on /home/airflow/.local/lib/python3.12/site-packages/airflow/example_dags/example_python_operator.py
[2026-06-18T19:25:46.086+0000] {processor.py:914} INFO - Processing file /home/airflow/.local/lib/python3.12/site-packages/airflow/example_dags/example_python_operator.py for tasks to queue
[2026-06-18T19:25:46.100+0000] {logging_mixin.py:190} INFO - [2026-06-18T19:25:46.099+0000] {dagbag.py:588} INFO - Filling up the DagBag from /home/airflow/.local/lib/python3.12/site-packages/airflow/example_dags/example_python_operator.py
[2026-06-18T19:25:46.203+0000] {processor.py:925} INFO - DAG(s) 'example_python_operator' retrieved from /home/airflow/.local/lib/python3.12/site-packages/airflow/example_dags/example_python_operator.py
[2026-06-18T19:25:46.335+0000] {logging_mixin.py:190} INFO - [2026-06-18T19:25:46.334+0000] {dag.py:3239} INFO - Sync 1 DAGs
[2026-06-18T19:25:46.390+0000] {logging_mixin.py:190} INFO - [2026-06-18T19:25:46.389+0000] {dag.py:4180} INFO - Setting next_dagrun for example_python_operator to None, run_after=None
[2026-06-18T19:25:46.455+0000] {processor.py:208} INFO - Processing /home/airflow/.local/lib/python3.12/site-packages/airflow/example_dags/example_python_operator.py took 0.408 seconds
[2026-06-18T19:26:16.858+0000] {processor.py:186} INFO - Started process (PID=1782) to work on /home/airflow/.local/lib/python3.12/site-packages/airflow/example_dags/example_python_operator.py
[2026-06-18T19:26:16.863+0000] {processor.py:914} INFO - Processing file /home/airflow/.local/lib/python3.12/site-packages/airflow/example_dags/example_python_operator.py for tasks to queue
[2026-06-18T19:26:16.869+0000] {logging_mixin.py:190} INFO - [2026-06-18T19:26:16.868+0000] {dagbag.py:588} INFO - Filling up the DagBag from /home/airflow/.local/lib/python3.12/site-packages/airflow/example_dags/example_python_operator.py
[2026-06-18T19:26:16.896+0000] {processor.py:925} INFO - DAG(s) 'example_python_operator' retrieved from /home/airflow/.local/lib/python3.12/site-packages/airflow/example_dags/example_python_operator.py
[2026-06-18T19:26:16.938+0000] {logging_mixin.py:190} INFO - [2026-06-18T19:26:16.937+0000] {dag.py:3239} INFO - Sync 1 DAGs
[2026-06-18T19:26:16.969+0000] {logging_mixin.py:190} INFO - [2026-06-18T19:26:16.969+0000] {dag.py:4180} INFO - Setting next_dagrun for example_python_operator to None, run_after=None
[2026-06-18T19:26:17.003+0000] {processor.py:208} INFO - Processing /home/airflow/.local/lib/python3.12/site-packages/airflow/example_dags/example_python_operator.py took 0.159 seconds
[2026-06-18T19:26:47.566+0000] {processor.py:186} INFO - Started process (PID=1843) to work on /home/airflow/.local/lib/python3.12/site-packages/airflow/example_dags/example_python_operator.py
[2026-06-18T19:26:47.574+0000] {processor.py:914} INFO - Processing file /home/airflow/.local/lib/python3.12/site-packages/airflow/example_dags/example_python_operator.py for tasks to queue
[2026-06-18T19:26:47.581+0000] {logging_mixin.py:190} INFO - [2026-06-18T19:26:47.581+0000] {dagbag.py:588} INFO - Filling up the DagBag from /home/airflow/.local/lib/python3.12/site-packages/airflow/example_dags/example_python_operator.py
[2026-06-18T19:26:47.617+0000] {processor.py:925} INFO - DAG(s) 'example_python_operator' retrieved from /home/airflow/.local/lib/python3.12/site-packages/airflow/example_dags/example_python_operator.py
[2026-06-18T19:26:47.661+0000] {logging_mixin.py:190} INFO - [2026-06-18T19:26:47.660+0000] {dag.py:3239} INFO - Sync 1 DAGs
[2026-06-18T19:26:47.692+0000] {logging_mixin.py:190} INFO - [2026-06-18T19:26:47.691+0000] {dag.py:4180} INFO - Setting next_dagrun for example_python_operator to None, run_after=None
[2026-06-18T19:26:47.725+0000] {processor.py:208} INFO - Processing /home/airflow/.local/lib/python3.12/site-packages/airflow/example_dags/example_python_operator.py took 0.193 seconds
[2026-06-18T19:27:19.230+0000] {processor.py:186} INFO - Started process (PID=1913) to work on /home/airflow/.local/lib/python3.12/site-packages/airflow/example_dags/example_python_operator.py
[2026-06-18T19:27:19.262+0000] {processor.py:914} INFO - Processing file /home/airflow/.local/lib/python3.12/site-packages/airflow/example_dags/example_python_operator.py for tasks to queue
[2026-06-18T19:27:19.286+0000] {logging_mixin.py:190} INFO - [2026-06-18T19:27:19.284+0000] {dagbag.py:588} INFO - Filling up the DagBag from /home/airflow/.local/lib/python3.12/site-packages/airflow/example_dags/example_python_operator.py
[2026-06-18T19:27:19.386+0000] {processor.py:925} INFO - DAG(s) 'example_python_operator' retrieved from /home/airflow/.local/lib/python3.12/site-packages/airflow/example_dags/example_python_operator.py
[2026-06-18T19:27:19.506+0000] {logging_mixin.py:190} INFO - [2026-06-18T19:27:19.505+0000] {dag.py:3239} INFO - Sync 1 DAGs
[2026-06-18T19:27:19.579+0000] {logging_mixin.py:190} INFO - [2026-06-18T19:27:19.578+0000] {dag.py:4180} INFO - Setting next_dagrun for example_python_operator to None, run_after=None
[2026-06-18T19:27:19.615+0000] {processor.py:208} INFO - Processing /home/airflow/.local/lib/python3.12/site-packages/airflow/example_dags/example_python_operator.py took 0.439 seconds
[2026-06-18T19:27:49.788+0000] {processor.py:186} INFO - Started process (PID=1977) to work on /home/airflow/.local/lib/python3.12/site-packages/airflow/example_dags/example_python_operator.py
[2026-06-18T19:27:49.791+0000] {processor.py:914} INFO - Processing file /home/airflow/.local/lib/python3.12/site-packages/airflow/example_dags/example_python_operator.py for tasks to queue
[2026-06-18T19:27:49.794+0000] {logging_mixin.py:190} INFO - [2026-06-18T19:27:49.794+0000] {dagbag.py:588} INFO - Filling up the DagBag from /home/airflow/.local/lib/python3.12/site-packages/airflow/example_dags/example_python_operator.py
[2026-06-18T19:27:49.810+0000] {processor.py:925} INFO - DAG(s) 'example_python_operator' retrieved from /home/airflow/.local/lib/python3.12/site-packages/airflow/example_dags/example_python_operator.py
[2026-06-18T19:27:49.841+0000] {logging_mixin.py:190} INFO - [2026-06-18T19:27:49.840+0000] {dag.py:3239} INFO - Sync 1 DAGs
[2026-06-18T19:27:49.866+0000] {logging_mixin.py:190} INFO - [2026-06-18T19:27:49.866+0000] {dag.py:4180} INFO - Setting next_dagrun for example_python_operator to None, run_after=None
[2026-06-18T19:27:49.899+0000] {processor.py:208} INFO - Processing /home/airflow/.local/lib/python3.12/site-packages/airflow/example_dags/example_python_operator.py took 0.118 seconds
[2026-06-18T19:28:20.261+0000] {processor.py:186} INFO - Started process (PID=2041) to work on /home/airflow/.local/lib/python3.12/site-packages/airflow/example_dags/example_python_operator.py
[2026-06-18T19:28:20.267+0000] {processor.py:914} INFO - Processing file /home/airflow/.local/lib/python3.12/site-packages/airflow/example_dags/example_python_operator.py for tasks to queue
[2026-06-18T19:28:20.275+0000] {logging_mixin.py:190} INFO - [2026-06-18T19:28:20.274+0000] {dagbag.py:588} INFO - Filling up the DagBag from /home/airflow/.local/lib/python3.12/site-packages/airflow/example_dags/example_python_operator.py
[2026-06-18T19:28:20.315+0000] {processor.py:925} INFO - DAG(s) 'example_python_operator' retrieved from /home/airflow/.local/lib/python3.12/site-packages/airflow/example_dags/example_python_operator.py
[2026-06-18T19:28:20.373+0000] {logging_mixin.py:190} INFO - [2026-06-18T19:28:20.372+0000] {dag.py:3239} INFO - Sync 1 DAGs
[2026-06-18T19:28:20.413+0000] {logging_mixin.py:190} INFO - [2026-06-18T19:28:20.412+0000] {dag.py:4180} INFO - Setting next_dagrun for example_python_operator to None, run_after=None
[2026-06-18T19:28:20.462+0000] {processor.py:208} INFO - Processing /home/airflow/.local/lib/python3.12/site-packages/airflow/example_dags/example_python_operator.py took 0.216 seconds
[2026-06-18T19:28:51.314+0000] {processor.py:186} INFO - Started process (PID=2105) to work on /home/airflow/.local/lib/python3.12/site-packages/airflow/example_dags/example_python_operator.py
[2026-06-18T19:28:51.318+0000] {processor.py:914} INFO - Processing file /home/airflow/.local/lib/python3.12/site-packages/airflow/example_dags/example_python_operator.py for tasks to queue
[2026-06-18T19:28:51.324+0000] {logging_mixin.py:190} INFO - [2026-06-18T19:28:51.323+0000] {dagbag.py:588} INFO - Filling up the DagBag from /home/airflow/.local/lib/python3.12/site-packages/airflow/example_dags/example_python_operator.py
[2026-06-18T19:28:51.350+0000] {processor.py:925} INFO - DAG(s) 'example_python_operator' retrieved from /home/airflow/.local/lib/python3.12/site-packages/airflow/example_dags/example_python_operator.py
[2026-06-18T19:28:51.389+0000] {logging_mixin.py:190} INFO - [2026-06-18T19:28:51.388+0000] {dag.py:3239} INFO - Sync 1 DAGs
[2026-06-18T19:28:51.425+0000] {logging_mixin.py:190} INFO - [2026-06-18T19:28:51.425+0000] {dag.py:4180} INFO - Setting next_dagrun for example_python_operator to None, run_after=None
[2026-06-18T19:28:51.463+0000] {processor.py:208} INFO - Processing /home/airflow/.local/lib/python3.12/site-packages/airflow/example_dags/example_python_operator.py took 0.164 seconds
[2026-06-18T19:29:22.055+0000] {processor.py:186} INFO - Started process (PID=2169) to work on /home/airflow/.local/lib/python3.12/site-packages/airflow/example_dags/example_python_operator.py
[2026-06-18T19:29:22.059+0000] {processor.py:914} INFO - Processing file /home/airflow/.local/lib/python3.12/site-packages/airflow/example_dags/example_python_operator.py for tasks to queue
[2026-06-18T19:29:22.067+0000] {logging_mixin.py:190} INFO - [2026-06-18T19:29:22.066+0000] {dagbag.py:588} INFO - Filling up the DagBag from /home/airflow/.local/lib/python3.12/site-packages/airflow/example_dags/example_python_operator.py
[2026-06-18T19:29:22.100+0000] {processor.py:925} INFO - DAG(s) 'example_python_operator' retrieved from /home/airflow/.local/lib/python3.12/site-packages/airflow/example_dags/example_python_operator.py
[2026-06-18T19:29:22.148+0000] {logging_mixin.py:190} INFO - [2026-06-18T19:29:22.147+0000] {dag.py:3239} INFO - Sync 1 DAGs
[2026-06-18T19:29:22.179+0000] {logging_mixin.py:190} INFO - [2026-06-18T19:29:22.179+0000] {dag.py:4180} INFO - Setting next_dagrun for example_python_operator to None, run_after=None
[2026-06-18T19:29:22.222+0000] {processor.py:208} INFO - Processing /home/airflow/.local/lib/python3.12/site-packages/airflow/example_dags/example_python_operator.py took 0.181 seconds
[2026-06-18T19:29:53.462+0000] {processor.py:186} INFO - Started process (PID=2233) to work on /home/airflow/.local/lib/python3.12/site-packages/airflow/example_dags/example_python_operator.py
[2026-06-18T19:29:53.465+0000] {processor.py:914} INFO - Processing file /home/airflow/.local/lib/python3.12/site-packages/airflow/example_dags/example_python_operator.py for tasks to queue
[2026-06-18T19:29:53.471+0000] {logging_mixin.py:190} INFO - [2026-06-18T19:29:53.470+0000] {dagbag.py:588} INFO - Filling up the DagBag from /home/airflow/.local/lib/python3.12/site-packages/airflow/example_dags/example_python_operator.py
[2026-06-18T19:29:53.494+0000] {processor.py:925} INFO - DAG(s) 'example_python_operator' retrieved from /home/airflow/.local/lib/python3.12/site-packages/airflow/example_dags/example_python_operator.py
[2026-06-18T19:29:53.535+0000] {logging_mixin.py:190} INFO - [2026-06-18T19:29:53.535+0000] {dag.py:3239} INFO - Sync 1 DAGs
[2026-06-18T19:29:53.568+0000] {logging_mixin.py:190} INFO - [2026-06-18T19:29:53.567+0000] {dag.py:4180} INFO - Setting next_dagrun for example_python_operator to None, run_after=None
[2026-06-18T19:29:53.602+0000] {processor.py:208} INFO - Processing /home/airflow/.local/lib/python3.12/site-packages/airflow/example_dags/example_python_operator.py took 0.151 seconds
[2026-06-18T19:30:23.716+0000] {processor.py:186} INFO - Started process (PID=2297) to work on /home/airflow/.local/lib/python3.12/site-packages/airflow/example_dags/example_python_operator.py
[2026-06-18T19:30:23.720+0000] {processor.py:914} INFO - Processing file /home/airflow/.local/lib/python3.12/site-packages/airflow/example_dags/example_python_operator.py for tasks to queue
[2026-06-18T19:30:23.731+0000] {logging_mixin.py:190} INFO - [2026-06-18T19:30:23.730+0000] {dagbag.py:588} INFO - Filling up the DagBag from /home/airflow/.local/lib/python3.12/site-packages/airflow/example_dags/example_python_operator.py
[2026-06-18T19:30:23.818+0000] {processor.py:925} INFO - DAG(s) 'example_python_operator' retrieved from /home/airflow/.local/lib/python3.12/site-packages/airflow/example_dags/example_python_operator.py
[2026-06-18T19:30:23.923+0000] {logging_mixin.py:190} INFO - [2026-06-18T19:30:23.922+0000] {dag.py:3239} INFO - Sync 1 DAGs
[2026-06-18T19:30:23.993+0000] {logging_mixin.py:190} INFO - [2026-06-18T19:30:23.992+0000] {dag.py:4180} INFO - Setting next_dagrun for example_python_operator to None, run_after=None
[2026-06-18T19:30:24.056+0000] {processor.py:208} INFO - Processing /home/airflow/.local/lib/python3.12/site-packages/airflow/example_dags/example_python_operator.py took 0.353 seconds
