[2026-06-18T19:12:16.254+0000] {processor.py:186} INFO - Started process (PID=75) to work on /home/airflow/.local/lib/python3.12/site-packages/airflow/example_dags/example_branch_python_dop_operator_3.py
[2026-06-18T19:12:16.257+0000] {processor.py:914} INFO - Processing file /home/airflow/.local/lib/python3.12/site-packages/airflow/example_dags/example_branch_python_dop_operator_3.py for tasks to queue
[2026-06-18T19:12:16.267+0000] {logging_mixin.py:190} INFO - [2026-06-18T19:12:16.262+0000] {dagbag.py:588} INFO - Filling up the DagBag from /home/airflow/.local/lib/python3.12/site-packages/airflow/example_dags/example_branch_python_dop_operator_3.py
[2026-06-18T19:12:16.297+0000] {processor.py:925} INFO - DAG(s) 'example_branch_dop_operator_v3' retrieved from /home/airflow/.local/lib/python3.12/site-packages/airflow/example_dags/example_branch_python_dop_operator_3.py
[2026-06-18T19:12:16.372+0000] {logging_mixin.py:190} INFO - [2026-06-18T19:12:16.372+0000] {dag.py:3239} INFO - Sync 1 DAGs
[2026-06-18T19:12:16.437+0000] {logging_mixin.py:190} INFO - [2026-06-18T19:12:16.436+0000] {dag.py:4180} INFO - Setting next_dagrun for example_branch_dop_operator_v3 to 2026-06-18 19:11:00+00:00, run_after=2026-06-18 19:12:00+00:00
[2026-06-18T19:12:16.484+0000] {processor.py:208} INFO - Processing /home/airflow/.local/lib/python3.12/site-packages/airflow/example_dags/example_branch_python_dop_operator_3.py took 0.240 seconds
[2026-06-18T19:12:47.268+0000] {processor.py:186} INFO - Started process (PID=139) to work on /home/airflow/.local/lib/python3.12/site-packages/airflow/example_dags/example_branch_python_dop_operator_3.py
[2026-06-18T19:12:47.286+0000] {processor.py:914} INFO - Processing file /home/airflow/.local/lib/python3.12/site-packages/airflow/example_dags/example_branch_python_dop_operator_3.py for tasks to queue
[2026-06-18T19:12:47.301+0000] {logging_mixin.py:190} INFO - [2026-06-18T19:12:47.300+0000] {dagbag.py:588} INFO - Filling up the DagBag from /home/airflow/.local/lib/python3.12/site-packages/airflow/example_dags/example_branch_python_dop_operator_3.py
[2026-06-18T19:12:47.339+0000] {processor.py:925} INFO - DAG(s) 'example_branch_dop_operator_v3' retrieved from /home/airflow/.local/lib/python3.12/site-packages/airflow/example_dags/example_branch_python_dop_operator_3.py
[2026-06-18T19:12:47.399+0000] {logging_mixin.py:190} INFO - [2026-06-18T19:12:47.398+0000] {dag.py:3239} INFO - Sync 1 DAGs
[2026-06-18T19:12:47.493+0000] {logging_mixin.py:190} INFO - [2026-06-18T19:12:47.492+0000] {dag.py:4180} INFO - Setting next_dagrun for example_branch_dop_operator_v3 to 2026-06-18 19:11:00+00:00, run_after=2026-06-18 19:12:00+00:00
[2026-06-18T19:12:47.569+0000] {processor.py:208} INFO - Processing /home/airflow/.local/lib/python3.12/site-packages/airflow/example_dags/example_branch_python_dop_operator_3.py took 0.323 seconds
[2026-06-18T19:13:18.256+0000] {processor.py:186} INFO - Started process (PID=203) to work on /home/airflow/.local/lib/python3.12/site-packages/airflow/example_dags/example_branch_python_dop_operator_3.py
[2026-06-18T19:13:18.261+0000] {processor.py:914} INFO - Processing file /home/airflow/.local/lib/python3.12/site-packages/airflow/example_dags/example_branch_python_dop_operator_3.py for tasks to queue
[2026-06-18T19:13:18.270+0000] {logging_mixin.py:190} INFO - [2026-06-18T19:13:18.269+0000] {dagbag.py:588} INFO - Filling up the DagBag from /home/airflow/.local/lib/python3.12/site-packages/airflow/example_dags/example_branch_python_dop_operator_3.py
[2026-06-18T19:13:18.316+0000] {processor.py:925} INFO - DAG(s) 'example_branch_dop_operator_v3' retrieved from /home/airflow/.local/lib/python3.12/site-packages/airflow/example_dags/example_branch_python_dop_operator_3.py
[2026-06-18T19:13:18.401+0000] {logging_mixin.py:190} INFO - [2026-06-18T19:13:18.400+0000] {dag.py:3239} INFO - Sync 1 DAGs
[2026-06-18T19:13:18.514+0000] {logging_mixin.py:190} INFO - [2026-06-18T19:13:18.514+0000] {dag.py:4180} INFO - Setting next_dagrun for example_branch_dop_operator_v3 to 2026-06-18 19:12:00+00:00, run_after=2026-06-18 19:13:00+00:00
[2026-06-18T19:13:18.585+0000] {processor.py:208} INFO - Processing /home/airflow/.local/lib/python3.12/site-packages/airflow/example_dags/example_branch_python_dop_operator_3.py took 0.348 seconds
[2026-06-18T19:13:49.055+0000] {processor.py:186} INFO - Started process (PID=267) to work on /home/airflow/.local/lib/python3.12/site-packages/airflow/example_dags/example_branch_python_dop_operator_3.py
[2026-06-18T19:13:49.061+0000] {processor.py:914} INFO - Processing file /home/airflow/.local/lib/python3.12/site-packages/airflow/example_dags/example_branch_python_dop_operator_3.py for tasks to queue
[2026-06-18T19:13:49.068+0000] {logging_mixin.py:190} INFO - [2026-06-18T19:13:49.068+0000] {dagbag.py:588} INFO - Filling up the DagBag from /home/airflow/.local/lib/python3.12/site-packages/airflow/example_dags/example_branch_python_dop_operator_3.py
[2026-06-18T19:13:49.093+0000] {processor.py:925} INFO - DAG(s) 'example_branch_dop_operator_v3' retrieved from /home/airflow/.local/lib/python3.12/site-packages/airflow/example_dags/example_branch_python_dop_operator_3.py
[2026-06-18T19:13:49.157+0000] {logging_mixin.py:190} INFO - [2026-06-18T19:13:49.156+0000] {dag.py:3239} INFO - Sync 1 DAGs
[2026-06-18T19:13:49.305+0000] {logging_mixin.py:190} INFO - [2026-06-18T19:13:49.305+0000] {dag.py:4180} INFO - Setting next_dagrun for example_branch_dop_operator_v3 to 2026-06-18 19:12:00+00:00, run_after=2026-06-18 19:13:00+00:00
[2026-06-18T19:13:49.406+0000] {processor.py:208} INFO - Processing /home/airflow/.local/lib/python3.12/site-packages/airflow/example_dags/example_branch_python_dop_operator_3.py took 0.371 seconds
[2026-06-18T19:14:19.632+0000] {processor.py:186} INFO - Started process (PID=331) to work on /home/airflow/.local/lib/python3.12/site-packages/airflow/example_dags/example_branch_python_dop_operator_3.py
[2026-06-18T19:14:19.637+0000] {processor.py:914} INFO - Processing file /home/airflow/.local/lib/python3.12/site-packages/airflow/example_dags/example_branch_python_dop_operator_3.py for tasks to queue
[2026-06-18T19:14:19.643+0000] {logging_mixin.py:190} INFO - [2026-06-18T19:14:19.643+0000] {dagbag.py:588} INFO - Filling up the DagBag from /home/airflow/.local/lib/python3.12/site-packages/airflow/example_dags/example_branch_python_dop_operator_3.py
[2026-06-18T19:14:19.674+0000] {processor.py:925} INFO - DAG(s) 'example_branch_dop_operator_v3' retrieved from /home/airflow/.local/lib/python3.12/site-packages/airflow/example_dags/example_branch_python_dop_operator_3.py
[2026-06-18T19:14:19.731+0000] {logging_mixin.py:190} INFO - [2026-06-18T19:14:19.731+0000] {dag.py:3239} INFO - Sync 1 DAGs
[2026-06-18T19:14:19.820+0000] {logging_mixin.py:190} INFO - [2026-06-18T19:14:19.820+0000] {dag.py:4180} INFO - Setting next_dagrun for example_branch_dop_operator_v3 to 2026-06-18 19:13:00+00:00, run_after=2026-06-18 19:14:00+00:00
[2026-06-18T19:14:19.869+0000] {processor.py:208} INFO - Processing /home/airflow/.local/lib/python3.12/site-packages/airflow/example_dags/example_branch_python_dop_operator_3.py took 0.247 seconds
[2026-06-18T19:14:50.165+0000] {processor.py:186} INFO - Started process (PID=395) to work on /home/airflow/.local/lib/python3.12/site-packages/airflow/example_dags/example_branch_python_dop_operator_3.py
[2026-06-18T19:14:50.171+0000] {processor.py:914} INFO - Processing file /home/airflow/.local/lib/python3.12/site-packages/airflow/example_dags/example_branch_python_dop_operator_3.py for tasks to queue
[2026-06-18T19:14:50.179+0000] {logging_mixin.py:190} INFO - [2026-06-18T19:14:50.178+0000] {dagbag.py:588} INFO - Filling up the DagBag from /home/airflow/.local/lib/python3.12/site-packages/airflow/example_dags/example_branch_python_dop_operator_3.py
[2026-06-18T19:14:50.211+0000] {processor.py:925} INFO - DAG(s) 'example_branch_dop_operator_v3' retrieved from /home/airflow/.local/lib/python3.12/site-packages/airflow/example_dags/example_branch_python_dop_operator_3.py
[2026-06-18T19:14:50.276+0000] {logging_mixin.py:190} INFO - [2026-06-18T19:14:50.276+0000] {dag.py:3239} INFO - Sync 1 DAGs
[2026-06-18T19:14:50.388+0000] {logging_mixin.py:190} INFO - [2026-06-18T19:14:50.388+0000] {dag.py:4180} INFO - Setting next_dagrun for example_branch_dop_operator_v3 to 2026-06-18 19:13:00+00:00, run_after=2026-06-18 19:14:00+00:00
[2026-06-18T19:14:50.451+0000] {processor.py:208} INFO - Processing /home/airflow/.local/lib/python3.12/site-packages/airflow/example_dags/example_branch_python_dop_operator_3.py took 0.302 seconds
[2026-06-18T19:15:20.701+0000] {processor.py:186} INFO - Started process (PID=459) to work on /home/airflow/.local/lib/python3.12/site-packages/airflow/example_dags/example_branch_python_dop_operator_3.py
[2026-06-18T19:15:20.711+0000] {processor.py:914} INFO - Processing file /home/airflow/.local/lib/python3.12/site-packages/airflow/example_dags/example_branch_python_dop_operator_3.py for tasks to queue
[2026-06-18T19:15:20.719+0000] {logging_mixin.py:190} INFO - [2026-06-18T19:15:20.719+0000] {dagbag.py:588} INFO - Filling up the DagBag from /home/airflow/.local/lib/python3.12/site-packages/airflow/example_dags/example_branch_python_dop_operator_3.py
[2026-06-18T19:15:20.747+0000] {processor.py:925} INFO - DAG(s) 'example_branch_dop_operator_v3' retrieved from /home/airflow/.local/lib/python3.12/site-packages/airflow/example_dags/example_branch_python_dop_operator_3.py
[2026-06-18T19:15:20.796+0000] {logging_mixin.py:190} INFO - [2026-06-18T19:15:20.796+0000] {dag.py:3239} INFO - Sync 1 DAGs
[2026-06-18T19:15:20.859+0000] {logging_mixin.py:190} INFO - [2026-06-18T19:15:20.859+0000] {dag.py:4180} INFO - Setting next_dagrun for example_branch_dop_operator_v3 to 2026-06-18 19:14:00+00:00, run_after=2026-06-18 19:15:00+00:00
[2026-06-18T19:15:20.894+0000] {processor.py:208} INFO - Processing /home/airflow/.local/lib/python3.12/site-packages/airflow/example_dags/example_branch_python_dop_operator_3.py took 0.211 seconds
[2026-06-18T19:15:52.534+0000] {processor.py:186} INFO - Started process (PID=523) to work on /home/airflow/.local/lib/python3.12/site-packages/airflow/example_dags/example_branch_python_dop_operator_3.py
[2026-06-18T19:15:52.539+0000] {processor.py:914} INFO - Processing file /home/airflow/.local/lib/python3.12/site-packages/airflow/example_dags/example_branch_python_dop_operator_3.py for tasks to queue
[2026-06-18T19:15:52.546+0000] {logging_mixin.py:190} INFO - [2026-06-18T19:15:52.545+0000] {dagbag.py:588} INFO - Filling up the DagBag from /home/airflow/.local/lib/python3.12/site-packages/airflow/example_dags/example_branch_python_dop_operator_3.py
[2026-06-18T19:15:52.574+0000] {processor.py:925} INFO - DAG(s) 'example_branch_dop_operator_v3' retrieved from /home/airflow/.local/lib/python3.12/site-packages/airflow/example_dags/example_branch_python_dop_operator_3.py
[2026-06-18T19:15:52.635+0000] {logging_mixin.py:190} INFO - [2026-06-18T19:15:52.634+0000] {dag.py:3239} INFO - Sync 1 DAGs
[2026-06-18T19:15:52.702+0000] {logging_mixin.py:190} INFO - [2026-06-18T19:15:52.701+0000] {dag.py:4180} INFO - Setting next_dagrun for example_branch_dop_operator_v3 to 2026-06-18 19:14:00+00:00, run_after=2026-06-18 19:15:00+00:00
[2026-06-18T19:15:52.791+0000] {processor.py:208} INFO - Processing /home/airflow/.local/lib/python3.12/site-packages/airflow/example_dags/example_branch_python_dop_operator_3.py took 0.273 seconds
[2026-06-18T19:16:23.642+0000] {processor.py:186} INFO - Started process (PID=587) to work on /home/airflow/.local/lib/python3.12/site-packages/airflow/example_dags/example_branch_python_dop_operator_3.py
[2026-06-18T19:16:23.648+0000] {processor.py:914} INFO - Processing file /home/airflow/.local/lib/python3.12/site-packages/airflow/example_dags/example_branch_python_dop_operator_3.py for tasks to queue
[2026-06-18T19:16:23.657+0000] {logging_mixin.py:190} INFO - [2026-06-18T19:16:23.656+0000] {dagbag.py:588} INFO - Filling up the DagBag from /home/airflow/.local/lib/python3.12/site-packages/airflow/example_dags/example_branch_python_dop_operator_3.py
[2026-06-18T19:16:23.689+0000] {processor.py:925} INFO - DAG(s) 'example_branch_dop_operator_v3' retrieved from /home/airflow/.local/lib/python3.12/site-packages/airflow/example_dags/example_branch_python_dop_operator_3.py
[2026-06-18T19:16:23.754+0000] {logging_mixin.py:190} INFO - [2026-06-18T19:16:23.753+0000] {dag.py:3239} INFO - Sync 1 DAGs
[2026-06-18T19:16:23.827+0000] {logging_mixin.py:190} INFO - [2026-06-18T19:16:23.827+0000] {dag.py:4180} INFO - Setting next_dagrun for example_branch_dop_operator_v3 to 2026-06-18 19:15:00+00:00, run_after=2026-06-18 19:16:00+00:00
[2026-06-18T19:16:23.868+0000] {processor.py:208} INFO - Processing /home/airflow/.local/lib/python3.12/site-packages/airflow/example_dags/example_branch_python_dop_operator_3.py took 0.240 seconds
[2026-06-18T19:16:54.567+0000] {processor.py:186} INFO - Started process (PID=650) to work on /home/airflow/.local/lib/python3.12/site-packages/airflow/example_dags/example_branch_python_dop_operator_3.py
[2026-06-18T19:16:54.579+0000] {processor.py:914} INFO - Processing file /home/airflow/.local/lib/python3.12/site-packages/airflow/example_dags/example_branch_python_dop_operator_3.py for tasks to queue
[2026-06-18T19:16:54.582+0000] {logging_mixin.py:190} INFO - [2026-06-18T19:16:54.582+0000] {dagbag.py:588} INFO - Filling up the DagBag from /home/airflow/.local/lib/python3.12/site-packages/airflow/example_dags/example_branch_python_dop_operator_3.py
[2026-06-18T19:16:54.593+0000] {processor.py:925} INFO - DAG(s) 'example_branch_dop_operator_v3' retrieved from /home/airflow/.local/lib/python3.12/site-packages/airflow/example_dags/example_branch_python_dop_operator_3.py
[2026-06-18T19:16:54.616+0000] {logging_mixin.py:190} INFO - [2026-06-18T19:16:54.616+0000] {dag.py:3239} INFO - Sync 1 DAGs
[2026-06-18T19:16:54.641+0000] {logging_mixin.py:190} INFO - [2026-06-18T19:16:54.641+0000] {dag.py:4180} INFO - Setting next_dagrun for example_branch_dop_operator_v3 to 2026-06-18 19:15:00+00:00, run_after=2026-06-18 19:16:00+00:00
[2026-06-18T19:16:54.658+0000] {processor.py:208} INFO - Processing /home/airflow/.local/lib/python3.12/site-packages/airflow/example_dags/example_branch_python_dop_operator_3.py took 0.099 seconds
[2026-06-18T19:17:24.765+0000] {processor.py:186} INFO - Started process (PID=714) to work on /home/airflow/.local/lib/python3.12/site-packages/airflow/example_dags/example_branch_python_dop_operator_3.py
[2026-06-18T19:17:24.768+0000] {processor.py:914} INFO - Processing file /home/airflow/.local/lib/python3.12/site-packages/airflow/example_dags/example_branch_python_dop_operator_3.py for tasks to queue
[2026-06-18T19:17:24.772+0000] {logging_mixin.py:190} INFO - [2026-06-18T19:17:24.771+0000] {dagbag.py:588} INFO - Filling up the DagBag from /home/airflow/.local/lib/python3.12/site-packages/airflow/example_dags/example_branch_python_dop_operator_3.py
[2026-06-18T19:17:24.783+0000] {processor.py:925} INFO - DAG(s) 'example_branch_dop_operator_v3' retrieved from /home/airflow/.local/lib/python3.12/site-packages/airflow/example_dags/example_branch_python_dop_operator_3.py
[2026-06-18T19:17:24.807+0000] {logging_mixin.py:190} INFO - [2026-06-18T19:17:24.806+0000] {dag.py:3239} INFO - Sync 1 DAGs
[2026-06-18T19:17:24.830+0000] {logging_mixin.py:190} INFO - [2026-06-18T19:17:24.830+0000] {dag.py:4180} INFO - Setting next_dagrun for example_branch_dop_operator_v3 to 2026-06-18 19:16:00+00:00, run_after=2026-06-18 19:17:00+00:00
[2026-06-18T19:17:24.848+0000] {processor.py:208} INFO - Processing /home/airflow/.local/lib/python3.12/site-packages/airflow/example_dags/example_branch_python_dop_operator_3.py took 0.088 seconds
[2026-06-18T19:17:55.098+0000] {processor.py:186} INFO - Started process (PID=779) to work on /home/airflow/.local/lib/python3.12/site-packages/airflow/example_dags/example_branch_python_dop_operator_3.py
[2026-06-18T19:17:55.102+0000] {processor.py:914} INFO - Processing file /home/airflow/.local/lib/python3.12/site-packages/airflow/example_dags/example_branch_python_dop_operator_3.py for tasks to queue
[2026-06-18T19:17:55.107+0000] {logging_mixin.py:190} INFO - [2026-06-18T19:17:55.107+0000] {dagbag.py:588} INFO - Filling up the DagBag from /home/airflow/.local/lib/python3.12/site-packages/airflow/example_dags/example_branch_python_dop_operator_3.py
[2026-06-18T19:17:55.127+0000] {processor.py:925} INFO - DAG(s) 'example_branch_dop_operator_v3' retrieved from /home/airflow/.local/lib/python3.12/site-packages/airflow/example_dags/example_branch_python_dop_operator_3.py
[2026-06-18T19:17:55.165+0000] {logging_mixin.py:190} INFO - [2026-06-18T19:17:55.165+0000] {dag.py:3239} INFO - Sync 1 DAGs
[2026-06-18T19:17:55.220+0000] {logging_mixin.py:190} INFO - [2026-06-18T19:17:55.219+0000] {dag.py:4180} INFO - Setting next_dagrun for example_branch_dop_operator_v3 to 2026-06-18 19:16:00+00:00, run_after=2026-06-18 19:17:00+00:00
[2026-06-18T19:17:55.248+0000] {processor.py:208} INFO - Processing /home/airflow/.local/lib/python3.12/site-packages/airflow/example_dags/example_branch_python_dop_operator_3.py took 0.160 seconds
[2026-06-18T19:18:26.850+0000] {processor.py:186} INFO - Started process (PID=841) to work on /home/airflow/.local/lib/python3.12/site-packages/airflow/example_dags/example_branch_python_dop_operator_3.py
[2026-06-18T19:18:26.855+0000] {processor.py:914} INFO - Processing file /home/airflow/.local/lib/python3.12/site-packages/airflow/example_dags/example_branch_python_dop_operator_3.py for tasks to queue
[2026-06-18T19:18:26.865+0000] {logging_mixin.py:190} INFO - [2026-06-18T19:18:26.864+0000] {dagbag.py:588} INFO - Filling up the DagBag from /home/airflow/.local/lib/python3.12/site-packages/airflow/example_dags/example_branch_python_dop_operator_3.py
[2026-06-18T19:18:26.897+0000] {processor.py:925} INFO - DAG(s) 'example_branch_dop_operator_v3' retrieved from /home/airflow/.local/lib/python3.12/site-packages/airflow/example_dags/example_branch_python_dop_operator_3.py
[2026-06-18T19:18:26.951+0000] {logging_mixin.py:190} INFO - [2026-06-18T19:18:26.950+0000] {dag.py:3239} INFO - Sync 1 DAGs
[2026-06-18T19:18:27.034+0000] {logging_mixin.py:190} INFO - [2026-06-18T19:18:27.034+0000] {dag.py:4180} INFO - Setting next_dagrun for example_branch_dop_operator_v3 to 2026-06-18 19:17:00+00:00, run_after=2026-06-18 19:18:00+00:00
[2026-06-18T19:18:27.082+0000] {processor.py:208} INFO - Processing /home/airflow/.local/lib/python3.12/site-packages/airflow/example_dags/example_branch_python_dop_operator_3.py took 0.252 seconds
[2026-06-18T19:18:57.412+0000] {processor.py:186} INFO - Started process (PID=905) to work on /home/airflow/.local/lib/python3.12/site-packages/airflow/example_dags/example_branch_python_dop_operator_3.py
[2026-06-18T19:18:57.416+0000] {processor.py:914} INFO - Processing file /home/airflow/.local/lib/python3.12/site-packages/airflow/example_dags/example_branch_python_dop_operator_3.py for tasks to queue
[2026-06-18T19:18:57.423+0000] {logging_mixin.py:190} INFO - [2026-06-18T19:18:57.423+0000] {dagbag.py:588} INFO - Filling up the DagBag from /home/airflow/.local/lib/python3.12/site-packages/airflow/example_dags/example_branch_python_dop_operator_3.py
[2026-06-18T19:18:57.443+0000] {processor.py:925} INFO - DAG(s) 'example_branch_dop_operator_v3' retrieved from /home/airflow/.local/lib/python3.12/site-packages/airflow/example_dags/example_branch_python_dop_operator_3.py
[2026-06-18T19:18:57.475+0000] {logging_mixin.py:190} INFO - [2026-06-18T19:18:57.474+0000] {dag.py:3239} INFO - Sync 1 DAGs
[2026-06-18T19:18:57.529+0000] {logging_mixin.py:190} INFO - [2026-06-18T19:18:57.528+0000] {dag.py:4180} INFO - Setting next_dagrun for example_branch_dop_operator_v3 to 2026-06-18 19:17:00+00:00, run_after=2026-06-18 19:18:00+00:00
[2026-06-18T19:18:57.560+0000] {processor.py:208} INFO - Processing /home/airflow/.local/lib/python3.12/site-packages/airflow/example_dags/example_branch_python_dop_operator_3.py took 0.156 seconds
[2026-06-18T19:19:27.928+0000] {processor.py:186} INFO - Started process (PID=965) to work on /home/airflow/.local/lib/python3.12/site-packages/airflow/example_dags/example_branch_python_dop_operator_3.py
[2026-06-18T19:19:27.933+0000] {processor.py:914} INFO - Processing file /home/airflow/.local/lib/python3.12/site-packages/airflow/example_dags/example_branch_python_dop_operator_3.py for tasks to queue
[2026-06-18T19:19:27.941+0000] {logging_mixin.py:190} INFO - [2026-06-18T19:19:27.940+0000] {dagbag.py:588} INFO - Filling up the DagBag from /home/airflow/.local/lib/python3.12/site-packages/airflow/example_dags/example_branch_python_dop_operator_3.py
[2026-06-18T19:19:27.969+0000] {processor.py:925} INFO - DAG(s) 'example_branch_dop_operator_v3' retrieved from /home/airflow/.local/lib/python3.12/site-packages/airflow/example_dags/example_branch_python_dop_operator_3.py
[2026-06-18T19:19:28.009+0000] {logging_mixin.py:190} INFO - [2026-06-18T19:19:28.009+0000] {dag.py:3239} INFO - Sync 1 DAGs
[2026-06-18T19:19:28.058+0000] {logging_mixin.py:190} INFO - [2026-06-18T19:19:28.058+0000] {dag.py:4180} INFO - Setting next_dagrun for example_branch_dop_operator_v3 to 2026-06-18 19:18:00+00:00, run_after=2026-06-18 19:19:00+00:00
[2026-06-18T19:19:28.101+0000] {processor.py:208} INFO - Processing /home/airflow/.local/lib/python3.12/site-packages/airflow/example_dags/example_branch_python_dop_operator_3.py took 0.191 seconds
[2026-06-18T19:19:58.351+0000] {processor.py:186} INFO - Started process (PID=1029) to work on /home/airflow/.local/lib/python3.12/site-packages/airflow/example_dags/example_branch_python_dop_operator_3.py
[2026-06-18T19:19:58.353+0000] {processor.py:914} INFO - Processing file /home/airflow/.local/lib/python3.12/site-packages/airflow/example_dags/example_branch_python_dop_operator_3.py for tasks to queue
[2026-06-18T19:19:58.357+0000] {logging_mixin.py:190} INFO - [2026-06-18T19:19:58.356+0000] {dagbag.py:588} INFO - Filling up the DagBag from /home/airflow/.local/lib/python3.12/site-packages/airflow/example_dags/example_branch_python_dop_operator_3.py
[2026-06-18T19:19:58.372+0000] {processor.py:925} INFO - DAG(s) 'example_branch_dop_operator_v3' retrieved from /home/airflow/.local/lib/python3.12/site-packages/airflow/example_dags/example_branch_python_dop_operator_3.py
[2026-06-18T19:19:58.399+0000] {logging_mixin.py:190} INFO - [2026-06-18T19:19:58.399+0000] {dag.py:3239} INFO - Sync 1 DAGs
[2026-06-18T19:19:58.460+0000] {logging_mixin.py:190} INFO - [2026-06-18T19:19:58.460+0000] {dag.py:4180} INFO - Setting next_dagrun for example_branch_dop_operator_v3 to 2026-06-18 19:18:00+00:00, run_after=2026-06-18 19:19:00+00:00
[2026-06-18T19:19:58.533+0000] {processor.py:208} INFO - Processing /home/airflow/.local/lib/python3.12/site-packages/airflow/example_dags/example_branch_python_dop_operator_3.py took 0.189 seconds
[2026-06-18T19:20:29.333+0000] {processor.py:186} INFO - Started process (PID=1093) to work on /home/airflow/.local/lib/python3.12/site-packages/airflow/example_dags/example_branch_python_dop_operator_3.py
[2026-06-18T19:20:29.337+0000] {processor.py:914} INFO - Processing file /home/airflow/.local/lib/python3.12/site-packages/airflow/example_dags/example_branch_python_dop_operator_3.py for tasks to queue
[2026-06-18T19:20:29.343+0000] {logging_mixin.py:190} INFO - [2026-06-18T19:20:29.342+0000] {dagbag.py:588} INFO - Filling up the DagBag from /home/airflow/.local/lib/python3.12/site-packages/airflow/example_dags/example_branch_python_dop_operator_3.py
[2026-06-18T19:20:29.362+0000] {processor.py:925} INFO - DAG(s) 'example_branch_dop_operator_v3' retrieved from /home/airflow/.local/lib/python3.12/site-packages/airflow/example_dags/example_branch_python_dop_operator_3.py
[2026-06-18T19:20:29.401+0000] {logging_mixin.py:190} INFO - [2026-06-18T19:20:29.400+0000] {dag.py:3239} INFO - Sync 1 DAGs
[2026-06-18T19:20:29.462+0000] {logging_mixin.py:190} INFO - [2026-06-18T19:20:29.460+0000] {dag.py:4180} INFO - Setting next_dagrun for example_branch_dop_operator_v3 to 2026-06-18 19:19:00+00:00, run_after=2026-06-18 19:20:00+00:00
[2026-06-18T19:20:29.512+0000] {processor.py:208} INFO - Processing /home/airflow/.local/lib/python3.12/site-packages/airflow/example_dags/example_branch_python_dop_operator_3.py took 0.190 seconds
[2026-06-18T19:21:00.499+0000] {processor.py:186} INFO - Started process (PID=1157) to work on /home/airflow/.local/lib/python3.12/site-packages/airflow/example_dags/example_branch_python_dop_operator_3.py
[2026-06-18T19:21:00.505+0000] {processor.py:914} INFO - Processing file /home/airflow/.local/lib/python3.12/site-packages/airflow/example_dags/example_branch_python_dop_operator_3.py for tasks to queue
[2026-06-18T19:21:00.512+0000] {logging_mixin.py:190} INFO - [2026-06-18T19:21:00.511+0000] {dagbag.py:588} INFO - Filling up the DagBag from /home/airflow/.local/lib/python3.12/site-packages/airflow/example_dags/example_branch_python_dop_operator_3.py
[2026-06-18T19:21:00.536+0000] {processor.py:925} INFO - DAG(s) 'example_branch_dop_operator_v3' retrieved from /home/airflow/.local/lib/python3.12/site-packages/airflow/example_dags/example_branch_python_dop_operator_3.py
[2026-06-18T19:21:00.585+0000] {logging_mixin.py:190} INFO - [2026-06-18T19:21:00.585+0000] {dag.py:3239} INFO - Sync 1 DAGs
[2026-06-18T19:21:00.635+0000] {logging_mixin.py:190} INFO - [2026-06-18T19:21:00.635+0000] {dag.py:4180} INFO - Setting next_dagrun for example_branch_dop_operator_v3 to 2026-06-18 19:20:00+00:00, run_after=2026-06-18 19:21:00+00:00
[2026-06-18T19:21:00.677+0000] {processor.py:208} INFO - Processing /home/airflow/.local/lib/python3.12/site-packages/airflow/example_dags/example_branch_python_dop_operator_3.py took 0.191 seconds
[2026-06-18T19:21:30.968+0000] {processor.py:186} INFO - Started process (PID=1222) to work on /home/airflow/.local/lib/python3.12/site-packages/airflow/example_dags/example_branch_python_dop_operator_3.py
[2026-06-18T19:21:30.973+0000] {processor.py:914} INFO - Processing file /home/airflow/.local/lib/python3.12/site-packages/airflow/example_dags/example_branch_python_dop_operator_3.py for tasks to queue
[2026-06-18T19:21:30.980+0000] {logging_mixin.py:190} INFO - [2026-06-18T19:21:30.979+0000] {dagbag.py:588} INFO - Filling up the DagBag from /home/airflow/.local/lib/python3.12/site-packages/airflow/example_dags/example_branch_python_dop_operator_3.py
[2026-06-18T19:21:31.007+0000] {processor.py:925} INFO - DAG(s) 'example_branch_dop_operator_v3' retrieved from /home/airflow/.local/lib/python3.12/site-packages/airflow/example_dags/example_branch_python_dop_operator_3.py
[2026-06-18T19:21:31.062+0000] {logging_mixin.py:190} INFO - [2026-06-18T19:21:31.061+0000] {dag.py:3239} INFO - Sync 1 DAGs
[2026-06-18T19:21:31.124+0000] {logging_mixin.py:190} INFO - [2026-06-18T19:21:31.124+0000] {dag.py:4180} INFO - Setting next_dagrun for example_branch_dop_operator_v3 to 2026-06-18 19:20:00+00:00, run_after=2026-06-18 19:21:00+00:00
[2026-06-18T19:21:31.166+0000] {processor.py:208} INFO - Processing /home/airflow/.local/lib/python3.12/site-packages/airflow/example_dags/example_branch_python_dop_operator_3.py took 0.212 seconds
[2026-06-18T19:22:03.358+0000] {processor.py:186} INFO - Started process (PID=1277) to work on /home/airflow/.local/lib/python3.12/site-packages/airflow/example_dags/example_branch_python_dop_operator_3.py
[2026-06-18T19:22:03.369+0000] {processor.py:914} INFO - Processing file /home/airflow/.local/lib/python3.12/site-packages/airflow/example_dags/example_branch_python_dop_operator_3.py for tasks to queue
[2026-06-18T19:22:03.382+0000] {logging_mixin.py:190} INFO - [2026-06-18T19:22:03.381+0000] {dagbag.py:588} INFO - Filling up the DagBag from /home/airflow/.local/lib/python3.12/site-packages/airflow/example_dags/example_branch_python_dop_operator_3.py
[2026-06-18T19:22:03.424+0000] {processor.py:925} INFO - DAG(s) 'example_branch_dop_operator_v3' retrieved from /home/airflow/.local/lib/python3.12/site-packages/airflow/example_dags/example_branch_python_dop_operator_3.py
[2026-06-18T19:22:03.484+0000] {logging_mixin.py:190} INFO - [2026-06-18T19:22:03.483+0000] {dag.py:3239} INFO - Sync 1 DAGs
[2026-06-18T19:22:03.574+0000] {logging_mixin.py:190} INFO - [2026-06-18T19:22:03.574+0000] {dag.py:4180} INFO - Setting next_dagrun for example_branch_dop_operator_v3 to 2026-06-18 19:21:00+00:00, run_after=2026-06-18 19:22:00+00:00
[2026-06-18T19:22:03.618+0000] {processor.py:208} INFO - Processing /home/airflow/.local/lib/python3.12/site-packages/airflow/example_dags/example_branch_python_dop_operator_3.py took 0.291 seconds
[2026-06-18T19:22:35.285+0000] {processor.py:186} INFO - Started process (PID=1340) to work on /home/airflow/.local/lib/python3.12/site-packages/airflow/example_dags/example_branch_python_dop_operator_3.py
[2026-06-18T19:22:35.289+0000] {processor.py:914} INFO - Processing file /home/airflow/.local/lib/python3.12/site-packages/airflow/example_dags/example_branch_python_dop_operator_3.py for tasks to queue
[2026-06-18T19:22:35.299+0000] {logging_mixin.py:190} INFO - [2026-06-18T19:22:35.298+0000] {dagbag.py:588} INFO - Filling up the DagBag from /home/airflow/.local/lib/python3.12/site-packages/airflow/example_dags/example_branch_python_dop_operator_3.py
[2026-06-18T19:22:35.333+0000] {processor.py:925} INFO - DAG(s) 'example_branch_dop_operator_v3' retrieved from /home/airflow/.local/lib/python3.12/site-packages/airflow/example_dags/example_branch_python_dop_operator_3.py
[2026-06-18T19:22:35.382+0000] {logging_mixin.py:190} INFO - [2026-06-18T19:22:35.382+0000] {dag.py:3239} INFO - Sync 1 DAGs
[2026-06-18T19:22:35.441+0000] {logging_mixin.py:190} INFO - [2026-06-18T19:22:35.441+0000] {dag.py:4180} INFO - Setting next_dagrun for example_branch_dop_operator_v3 to 2026-06-18 19:21:00+00:00, run_after=2026-06-18 19:22:00+00:00
[2026-06-18T19:22:35.481+0000] {processor.py:208} INFO - Processing /home/airflow/.local/lib/python3.12/site-packages/airflow/example_dags/example_branch_python_dop_operator_3.py took 0.212 seconds
[2026-06-18T19:23:06.373+0000] {processor.py:186} INFO - Started process (PID=1404) to work on /home/airflow/.local/lib/python3.12/site-packages/airflow/example_dags/example_branch_python_dop_operator_3.py
[2026-06-18T19:23:06.379+0000] {processor.py:914} INFO - Processing file /home/airflow/.local/lib/python3.12/site-packages/airflow/example_dags/example_branch_python_dop_operator_3.py for tasks to queue
[2026-06-18T19:23:06.391+0000] {logging_mixin.py:190} INFO - [2026-06-18T19:23:06.390+0000] {dagbag.py:588} INFO - Filling up the DagBag from /home/airflow/.local/lib/python3.12/site-packages/airflow/example_dags/example_branch_python_dop_operator_3.py
[2026-06-18T19:23:06.433+0000] {processor.py:925} INFO - DAG(s) 'example_branch_dop_operator_v3' retrieved from /home/airflow/.local/lib/python3.12/site-packages/airflow/example_dags/example_branch_python_dop_operator_3.py
[2026-06-18T19:23:06.515+0000] {logging_mixin.py:190} INFO - [2026-06-18T19:23:06.514+0000] {dag.py:3239} INFO - Sync 1 DAGs
[2026-06-18T19:23:06.639+0000] {logging_mixin.py:190} INFO - [2026-06-18T19:23:06.637+0000] {dag.py:4180} INFO - Setting next_dagrun for example_branch_dop_operator_v3 to 2026-06-18 19:22:00+00:00, run_after=2026-06-18 19:23:00+00:00
[2026-06-18T19:23:06.743+0000] {processor.py:208} INFO - Processing /home/airflow/.local/lib/python3.12/site-packages/airflow/example_dags/example_branch_python_dop_operator_3.py took 0.386 seconds
[2026-06-18T19:23:37.459+0000] {processor.py:186} INFO - Started process (PID=1462) to work on /home/airflow/.local/lib/python3.12/site-packages/airflow/example_dags/example_branch_python_dop_operator_3.py
[2026-06-18T19:23:37.462+0000] {processor.py:914} INFO - Processing file /home/airflow/.local/lib/python3.12/site-packages/airflow/example_dags/example_branch_python_dop_operator_3.py for tasks to queue
[2026-06-18T19:23:37.469+0000] {logging_mixin.py:190} INFO - [2026-06-18T19:23:37.468+0000] {dagbag.py:588} INFO - Filling up the DagBag from /home/airflow/.local/lib/python3.12/site-packages/airflow/example_dags/example_branch_python_dop_operator_3.py
[2026-06-18T19:23:37.494+0000] {processor.py:925} INFO - DAG(s) 'example_branch_dop_operator_v3' retrieved from /home/airflow/.local/lib/python3.12/site-packages/airflow/example_dags/example_branch_python_dop_operator_3.py
[2026-06-18T19:23:37.545+0000] {logging_mixin.py:190} INFO - [2026-06-18T19:23:37.545+0000] {dag.py:3239} INFO - Sync 1 DAGs
[2026-06-18T19:23:37.625+0000] {logging_mixin.py:190} INFO - [2026-06-18T19:23:37.624+0000] {dag.py:4180} INFO - Setting next_dagrun for example_branch_dop_operator_v3 to 2026-06-18 19:22:00+00:00, run_after=2026-06-18 19:23:00+00:00
[2026-06-18T19:23:37.707+0000] {processor.py:208} INFO - Processing /home/airflow/.local/lib/python3.12/site-packages/airflow/example_dags/example_branch_python_dop_operator_3.py took 0.265 seconds
[2026-06-18T19:24:07.969+0000] {processor.py:186} INFO - Started process (PID=1525) to work on /home/airflow/.local/lib/python3.12/site-packages/airflow/example_dags/example_branch_python_dop_operator_3.py
[2026-06-18T19:24:07.971+0000] {processor.py:914} INFO - Processing file /home/airflow/.local/lib/python3.12/site-packages/airflow/example_dags/example_branch_python_dop_operator_3.py for tasks to queue
[2026-06-18T19:24:07.975+0000] {logging_mixin.py:190} INFO - [2026-06-18T19:24:07.975+0000] {dagbag.py:588} INFO - Filling up the DagBag from /home/airflow/.local/lib/python3.12/site-packages/airflow/example_dags/example_branch_python_dop_operator_3.py
[2026-06-18T19:24:07.990+0000] {processor.py:925} INFO - DAG(s) 'example_branch_dop_operator_v3' retrieved from /home/airflow/.local/lib/python3.12/site-packages/airflow/example_dags/example_branch_python_dop_operator_3.py
[2026-06-18T19:24:08.015+0000] {logging_mixin.py:190} INFO - [2026-06-18T19:24:08.015+0000] {dag.py:3239} INFO - Sync 1 DAGs
[2026-06-18T19:24:08.044+0000] {logging_mixin.py:190} INFO - [2026-06-18T19:24:08.044+0000] {dag.py:4180} INFO - Setting next_dagrun for example_branch_dop_operator_v3 to 2026-06-18 19:23:00+00:00, run_after=2026-06-18 19:24:00+00:00
[2026-06-18T19:24:08.065+0000] {processor.py:208} INFO - Processing /home/airflow/.local/lib/python3.12/site-packages/airflow/example_dags/example_branch_python_dop_operator_3.py took 0.102 seconds
[2026-06-18T19:24:38.296+0000] {processor.py:186} INFO - Started process (PID=1583) to work on /home/airflow/.local/lib/python3.12/site-packages/airflow/example_dags/example_branch_python_dop_operator_3.py
[2026-06-18T19:24:38.299+0000] {processor.py:914} INFO - Processing file /home/airflow/.local/lib/python3.12/site-packages/airflow/example_dags/example_branch_python_dop_operator_3.py for tasks to queue
[2026-06-18T19:24:38.304+0000] {logging_mixin.py:190} INFO - [2026-06-18T19:24:38.304+0000] {dagbag.py:588} INFO - Filling up the DagBag from /home/airflow/.local/lib/python3.12/site-packages/airflow/example_dags/example_branch_python_dop_operator_3.py
[2026-06-18T19:24:38.326+0000] {processor.py:925} INFO - DAG(s) 'example_branch_dop_operator_v3' retrieved from /home/airflow/.local/lib/python3.12/site-packages/airflow/example_dags/example_branch_python_dop_operator_3.py
[2026-06-18T19:24:38.362+0000] {logging_mixin.py:190} INFO - [2026-06-18T19:24:38.361+0000] {dag.py:3239} INFO - Sync 1 DAGs
[2026-06-18T19:24:38.415+0000] {logging_mixin.py:190} INFO - [2026-06-18T19:24:38.415+0000] {dag.py:4180} INFO - Setting next_dagrun for example_branch_dop_operator_v3 to 2026-06-18 19:23:00+00:00, run_after=2026-06-18 19:24:00+00:00
[2026-06-18T19:24:38.449+0000] {processor.py:208} INFO - Processing /home/airflow/.local/lib/python3.12/site-packages/airflow/example_dags/example_branch_python_dop_operator_3.py took 0.161 seconds
[2026-06-18T19:25:08.726+0000] {processor.py:186} INFO - Started process (PID=1647) to work on /home/airflow/.local/lib/python3.12/site-packages/airflow/example_dags/example_branch_python_dop_operator_3.py
[2026-06-18T19:25:08.730+0000] {processor.py:914} INFO - Processing file /home/airflow/.local/lib/python3.12/site-packages/airflow/example_dags/example_branch_python_dop_operator_3.py for tasks to queue
[2026-06-18T19:25:08.737+0000] {logging_mixin.py:190} INFO - [2026-06-18T19:25:08.736+0000] {dagbag.py:588} INFO - Filling up the DagBag from /home/airflow/.local/lib/python3.12/site-packages/airflow/example_dags/example_branch_python_dop_operator_3.py
[2026-06-18T19:25:08.759+0000] {processor.py:925} INFO - DAG(s) 'example_branch_dop_operator_v3' retrieved from /home/airflow/.local/lib/python3.12/site-packages/airflow/example_dags/example_branch_python_dop_operator_3.py
[2026-06-18T19:25:08.798+0000] {logging_mixin.py:190} INFO - [2026-06-18T19:25:08.798+0000] {dag.py:3239} INFO - Sync 1 DAGs
[2026-06-18T19:25:08.847+0000] {logging_mixin.py:190} INFO - [2026-06-18T19:25:08.847+0000] {dag.py:4180} INFO - Setting next_dagrun for example_branch_dop_operator_v3 to 2026-06-18 19:24:00+00:00, run_after=2026-06-18 19:25:00+00:00
[2026-06-18T19:25:08.878+0000] {processor.py:208} INFO - Processing /home/airflow/.local/lib/python3.12/site-packages/airflow/example_dags/example_branch_python_dop_operator_3.py took 0.168 seconds
[2026-06-18T19:25:39.601+0000] {processor.py:186} INFO - Started process (PID=1711) to work on /home/airflow/.local/lib/python3.12/site-packages/airflow/example_dags/example_branch_python_dop_operator_3.py
[2026-06-18T19:25:39.605+0000] {processor.py:914} INFO - Processing file /home/airflow/.local/lib/python3.12/site-packages/airflow/example_dags/example_branch_python_dop_operator_3.py for tasks to queue
[2026-06-18T19:25:39.612+0000] {logging_mixin.py:190} INFO - [2026-06-18T19:25:39.611+0000] {dagbag.py:588} INFO - Filling up the DagBag from /home/airflow/.local/lib/python3.12/site-packages/airflow/example_dags/example_branch_python_dop_operator_3.py
[2026-06-18T19:25:39.642+0000] {processor.py:925} INFO - DAG(s) 'example_branch_dop_operator_v3' retrieved from /home/airflow/.local/lib/python3.12/site-packages/airflow/example_dags/example_branch_python_dop_operator_3.py
[2026-06-18T19:25:39.689+0000] {logging_mixin.py:190} INFO - [2026-06-18T19:25:39.688+0000] {dag.py:3239} INFO - Sync 1 DAGs
[2026-06-18T19:25:39.754+0000] {logging_mixin.py:190} INFO - [2026-06-18T19:25:39.754+0000] {dag.py:4180} INFO - Setting next_dagrun for example_branch_dop_operator_v3 to 2026-06-18 19:24:00+00:00, run_after=2026-06-18 19:25:00+00:00
[2026-06-18T19:25:39.794+0000] {processor.py:208} INFO - Processing /home/airflow/.local/lib/python3.12/site-packages/airflow/example_dags/example_branch_python_dop_operator_3.py took 0.211 seconds
[2026-06-18T19:26:10.107+0000] {processor.py:186} INFO - Started process (PID=1776) to work on /home/airflow/.local/lib/python3.12/site-packages/airflow/example_dags/example_branch_python_dop_operator_3.py
[2026-06-18T19:26:10.125+0000] {processor.py:914} INFO - Processing file /home/airflow/.local/lib/python3.12/site-packages/airflow/example_dags/example_branch_python_dop_operator_3.py for tasks to queue
[2026-06-18T19:26:10.140+0000] {logging_mixin.py:190} INFO - [2026-06-18T19:26:10.137+0000] {dagbag.py:588} INFO - Filling up the DagBag from /home/airflow/.local/lib/python3.12/site-packages/airflow/example_dags/example_branch_python_dop_operator_3.py
[2026-06-18T19:26:10.188+0000] {processor.py:925} INFO - DAG(s) 'example_branch_dop_operator_v3' retrieved from /home/airflow/.local/lib/python3.12/site-packages/airflow/example_dags/example_branch_python_dop_operator_3.py
[2026-06-18T19:26:10.290+0000] {logging_mixin.py:190} INFO - [2026-06-18T19:26:10.288+0000] {dag.py:3239} INFO - Sync 1 DAGs
[2026-06-18T19:26:10.443+0000] {logging_mixin.py:190} INFO - [2026-06-18T19:26:10.442+0000] {dag.py:4180} INFO - Setting next_dagrun for example_branch_dop_operator_v3 to 2026-06-18 19:25:00+00:00, run_after=2026-06-18 19:26:00+00:00
[2026-06-18T19:26:10.514+0000] {processor.py:208} INFO - Processing /home/airflow/.local/lib/python3.12/site-packages/airflow/example_dags/example_branch_python_dop_operator_3.py took 0.435 seconds
[2026-06-18T19:26:41.080+0000] {processor.py:186} INFO - Started process (PID=1840) to work on /home/airflow/.local/lib/python3.12/site-packages/airflow/example_dags/example_branch_python_dop_operator_3.py
[2026-06-18T19:26:41.082+0000] {processor.py:914} INFO - Processing file /home/airflow/.local/lib/python3.12/site-packages/airflow/example_dags/example_branch_python_dop_operator_3.py for tasks to queue
[2026-06-18T19:26:41.085+0000] {logging_mixin.py:190} INFO - [2026-06-18T19:26:41.085+0000] {dagbag.py:588} INFO - Filling up the DagBag from /home/airflow/.local/lib/python3.12/site-packages/airflow/example_dags/example_branch_python_dop_operator_3.py
[2026-06-18T19:26:41.098+0000] {processor.py:925} INFO - DAG(s) 'example_branch_dop_operator_v3' retrieved from /home/airflow/.local/lib/python3.12/site-packages/airflow/example_dags/example_branch_python_dop_operator_3.py
[2026-06-18T19:26:41.122+0000] {logging_mixin.py:190} INFO - [2026-06-18T19:26:41.122+0000] {dag.py:3239} INFO - Sync 1 DAGs
[2026-06-18T19:26:41.153+0000] {logging_mixin.py:190} INFO - [2026-06-18T19:26:41.153+0000] {dag.py:4180} INFO - Setting next_dagrun for example_branch_dop_operator_v3 to 2026-06-18 19:25:00+00:00, run_after=2026-06-18 19:26:00+00:00
[2026-06-18T19:26:41.172+0000] {processor.py:208} INFO - Processing /home/airflow/.local/lib/python3.12/site-packages/airflow/example_dags/example_branch_python_dop_operator_3.py took 0.098 seconds
[2026-06-18T19:27:12.043+0000] {processor.py:186} INFO - Started process (PID=1904) to work on /home/airflow/.local/lib/python3.12/site-packages/airflow/example_dags/example_branch_python_dop_operator_3.py
[2026-06-18T19:27:12.047+0000] {processor.py:914} INFO - Processing file /home/airflow/.local/lib/python3.12/site-packages/airflow/example_dags/example_branch_python_dop_operator_3.py for tasks to queue
[2026-06-18T19:27:12.053+0000] {logging_mixin.py:190} INFO - [2026-06-18T19:27:12.052+0000] {dagbag.py:588} INFO - Filling up the DagBag from /home/airflow/.local/lib/python3.12/site-packages/airflow/example_dags/example_branch_python_dop_operator_3.py
[2026-06-18T19:27:12.075+0000] {processor.py:925} INFO - DAG(s) 'example_branch_dop_operator_v3' retrieved from /home/airflow/.local/lib/python3.12/site-packages/airflow/example_dags/example_branch_python_dop_operator_3.py
[2026-06-18T19:27:12.113+0000] {logging_mixin.py:190} INFO - [2026-06-18T19:27:12.112+0000] {dag.py:3239} INFO - Sync 1 DAGs
[2026-06-18T19:27:12.173+0000] {logging_mixin.py:190} INFO - [2026-06-18T19:27:12.172+0000] {dag.py:4180} INFO - Setting next_dagrun for example_branch_dop_operator_v3 to 2026-06-18 19:26:00+00:00, run_after=2026-06-18 19:27:00+00:00
[2026-06-18T19:27:12.209+0000] {processor.py:208} INFO - Processing /home/airflow/.local/lib/python3.12/site-packages/airflow/example_dags/example_branch_python_dop_operator_3.py took 0.175 seconds
[2026-06-18T19:27:43.153+0000] {processor.py:186} INFO - Started process (PID=1968) to work on /home/airflow/.local/lib/python3.12/site-packages/airflow/example_dags/example_branch_python_dop_operator_3.py
[2026-06-18T19:27:43.156+0000] {processor.py:914} INFO - Processing file /home/airflow/.local/lib/python3.12/site-packages/airflow/example_dags/example_branch_python_dop_operator_3.py for tasks to queue
[2026-06-18T19:27:43.164+0000] {logging_mixin.py:190} INFO - [2026-06-18T19:27:43.163+0000] {dagbag.py:588} INFO - Filling up the DagBag from /home/airflow/.local/lib/python3.12/site-packages/airflow/example_dags/example_branch_python_dop_operator_3.py
[2026-06-18T19:27:43.211+0000] {processor.py:925} INFO - DAG(s) 'example_branch_dop_operator_v3' retrieved from /home/airflow/.local/lib/python3.12/site-packages/airflow/example_dags/example_branch_python_dop_operator_3.py
[2026-06-18T19:27:43.348+0000] {logging_mixin.py:190} INFO - [2026-06-18T19:27:43.347+0000] {dag.py:3239} INFO - Sync 1 DAGs
[2026-06-18T19:27:43.510+0000] {logging_mixin.py:190} INFO - [2026-06-18T19:27:43.509+0000] {dag.py:4180} INFO - Setting next_dagrun for example_branch_dop_operator_v3 to 2026-06-18 19:26:00+00:00, run_after=2026-06-18 19:27:00+00:00
[2026-06-18T19:27:43.544+0000] {processor.py:208} INFO - Processing /home/airflow/.local/lib/python3.12/site-packages/airflow/example_dags/example_branch_python_dop_operator_3.py took 0.403 seconds
[2026-06-18T19:28:14.568+0000] {processor.py:186} INFO - Started process (PID=2032) to work on /home/airflow/.local/lib/python3.12/site-packages/airflow/example_dags/example_branch_python_dop_operator_3.py
[2026-06-18T19:28:14.572+0000] {processor.py:914} INFO - Processing file /home/airflow/.local/lib/python3.12/site-packages/airflow/example_dags/example_branch_python_dop_operator_3.py for tasks to queue
[2026-06-18T19:28:14.578+0000] {logging_mixin.py:190} INFO - [2026-06-18T19:28:14.578+0000] {dagbag.py:588} INFO - Filling up the DagBag from /home/airflow/.local/lib/python3.12/site-packages/airflow/example_dags/example_branch_python_dop_operator_3.py
[2026-06-18T19:28:14.605+0000] {processor.py:925} INFO - DAG(s) 'example_branch_dop_operator_v3' retrieved from /home/airflow/.local/lib/python3.12/site-packages/airflow/example_dags/example_branch_python_dop_operator_3.py
[2026-06-18T19:28:14.640+0000] {logging_mixin.py:190} INFO - [2026-06-18T19:28:14.640+0000] {dag.py:3239} INFO - Sync 1 DAGs
[2026-06-18T19:28:14.696+0000] {logging_mixin.py:190} INFO - [2026-06-18T19:28:14.695+0000] {dag.py:4180} INFO - Setting next_dagrun for example_branch_dop_operator_v3 to 2026-06-18 19:27:00+00:00, run_after=2026-06-18 19:28:00+00:00
[2026-06-18T19:28:14.727+0000] {processor.py:208} INFO - Processing /home/airflow/.local/lib/python3.12/site-packages/airflow/example_dags/example_branch_python_dop_operator_3.py took 0.172 seconds
[2026-06-18T19:28:44.920+0000] {processor.py:186} INFO - Started process (PID=2095) to work on /home/airflow/.local/lib/python3.12/site-packages/airflow/example_dags/example_branch_python_dop_operator_3.py
[2026-06-18T19:28:44.923+0000] {processor.py:914} INFO - Processing file /home/airflow/.local/lib/python3.12/site-packages/airflow/example_dags/example_branch_python_dop_operator_3.py for tasks to queue
[2026-06-18T19:28:44.927+0000] {logging_mixin.py:190} INFO - [2026-06-18T19:28:44.927+0000] {dagbag.py:588} INFO - Filling up the DagBag from /home/airflow/.local/lib/python3.12/site-packages/airflow/example_dags/example_branch_python_dop_operator_3.py
[2026-06-18T19:28:44.943+0000] {processor.py:925} INFO - DAG(s) 'example_branch_dop_operator_v3' retrieved from /home/airflow/.local/lib/python3.12/site-packages/airflow/example_dags/example_branch_python_dop_operator_3.py
[2026-06-18T19:28:44.965+0000] {logging_mixin.py:190} INFO - [2026-06-18T19:28:44.965+0000] {dag.py:3239} INFO - Sync 1 DAGs
[2026-06-18T19:28:44.990+0000] {logging_mixin.py:190} INFO - [2026-06-18T19:28:44.990+0000] {dag.py:4180} INFO - Setting next_dagrun for example_branch_dop_operator_v3 to 2026-06-18 19:27:00+00:00, run_after=2026-06-18 19:28:00+00:00
[2026-06-18T19:28:45.010+0000] {processor.py:208} INFO - Processing /home/airflow/.local/lib/python3.12/site-packages/airflow/example_dags/example_branch_python_dop_operator_3.py took 0.097 seconds
[2026-06-18T19:29:15.716+0000] {processor.py:186} INFO - Started process (PID=2159) to work on /home/airflow/.local/lib/python3.12/site-packages/airflow/example_dags/example_branch_python_dop_operator_3.py
[2026-06-18T19:29:15.720+0000] {processor.py:914} INFO - Processing file /home/airflow/.local/lib/python3.12/site-packages/airflow/example_dags/example_branch_python_dop_operator_3.py for tasks to queue
[2026-06-18T19:29:15.727+0000] {logging_mixin.py:190} INFO - [2026-06-18T19:29:15.727+0000] {dagbag.py:588} INFO - Filling up the DagBag from /home/airflow/.local/lib/python3.12/site-packages/airflow/example_dags/example_branch_python_dop_operator_3.py
[2026-06-18T19:29:15.760+0000] {processor.py:925} INFO - DAG(s) 'example_branch_dop_operator_v3' retrieved from /home/airflow/.local/lib/python3.12/site-packages/airflow/example_dags/example_branch_python_dop_operator_3.py
[2026-06-18T19:29:15.799+0000] {logging_mixin.py:190} INFO - [2026-06-18T19:29:15.799+0000] {dag.py:3239} INFO - Sync 1 DAGs
[2026-06-18T19:29:15.853+0000] {logging_mixin.py:190} INFO - [2026-06-18T19:29:15.852+0000] {dag.py:4180} INFO - Setting next_dagrun for example_branch_dop_operator_v3 to 2026-06-18 19:28:00+00:00, run_after=2026-06-18 19:29:00+00:00
[2026-06-18T19:29:15.909+0000] {processor.py:208} INFO - Processing /home/airflow/.local/lib/python3.12/site-packages/airflow/example_dags/example_branch_python_dop_operator_3.py took 0.207 seconds
[2026-06-18T19:29:46.115+0000] {processor.py:186} INFO - Started process (PID=2223) to work on /home/airflow/.local/lib/python3.12/site-packages/airflow/example_dags/example_branch_python_dop_operator_3.py
[2026-06-18T19:29:46.117+0000] {processor.py:914} INFO - Processing file /home/airflow/.local/lib/python3.12/site-packages/airflow/example_dags/example_branch_python_dop_operator_3.py for tasks to queue
[2026-06-18T19:29:46.127+0000] {logging_mixin.py:190} INFO - [2026-06-18T19:29:46.126+0000] {dagbag.py:588} INFO - Filling up the DagBag from /home/airflow/.local/lib/python3.12/site-packages/airflow/example_dags/example_branch_python_dop_operator_3.py
[2026-06-18T19:29:46.148+0000] {processor.py:925} INFO - DAG(s) 'example_branch_dop_operator_v3' retrieved from /home/airflow/.local/lib/python3.12/site-packages/airflow/example_dags/example_branch_python_dop_operator_3.py
[2026-06-18T19:29:46.190+0000] {logging_mixin.py:190} INFO - [2026-06-18T19:29:46.189+0000] {dag.py:3239} INFO - Sync 1 DAGs
[2026-06-18T19:29:46.243+0000] {logging_mixin.py:190} INFO - [2026-06-18T19:29:46.243+0000] {dag.py:4180} INFO - Setting next_dagrun for example_branch_dop_operator_v3 to 2026-06-18 19:28:00+00:00, run_after=2026-06-18 19:29:00+00:00
[2026-06-18T19:29:46.275+0000] {processor.py:208} INFO - Processing /home/airflow/.local/lib/python3.12/site-packages/airflow/example_dags/example_branch_python_dop_operator_3.py took 0.171 seconds
[2026-06-18T19:30:16.812+0000] {processor.py:186} INFO - Started process (PID=2286) to work on /home/airflow/.local/lib/python3.12/site-packages/airflow/example_dags/example_branch_python_dop_operator_3.py
[2026-06-18T19:30:16.823+0000] {processor.py:914} INFO - Processing file /home/airflow/.local/lib/python3.12/site-packages/airflow/example_dags/example_branch_python_dop_operator_3.py for tasks to queue
[2026-06-18T19:30:16.837+0000] {logging_mixin.py:190} INFO - [2026-06-18T19:30:16.835+0000] {dagbag.py:588} INFO - Filling up the DagBag from /home/airflow/.local/lib/python3.12/site-packages/airflow/example_dags/example_branch_python_dop_operator_3.py
[2026-06-18T19:30:16.889+0000] {processor.py:925} INFO - DAG(s) 'example_branch_dop_operator_v3' retrieved from /home/airflow/.local/lib/python3.12/site-packages/airflow/example_dags/example_branch_python_dop_operator_3.py
[2026-06-18T19:30:16.978+0000] {logging_mixin.py:190} INFO - [2026-06-18T19:30:16.977+0000] {dag.py:3239} INFO - Sync 1 DAGs
[2026-06-18T19:30:17.069+0000] {logging_mixin.py:190} INFO - [2026-06-18T19:30:17.068+0000] {dag.py:4180} INFO - Setting next_dagrun for example_branch_dop_operator_v3 to 2026-06-18 19:29:00+00:00, run_after=2026-06-18 19:30:00+00:00
[2026-06-18T19:30:17.128+0000] {processor.py:208} INFO - Processing /home/airflow/.local/lib/python3.12/site-packages/airflow/example_dags/example_branch_python_dop_operator_3.py took 0.340 seconds
