[2026-06-18T19:12:19.168+0000] {processor.py:186} INFO - Started process (PID=87) to work on /home/airflow/.local/lib/python3.12/site-packages/airflow/example_dags/example_branch_day_of_week_operator.py
[2026-06-18T19:12:19.171+0000] {processor.py:914} INFO - Processing file /home/airflow/.local/lib/python3.12/site-packages/airflow/example_dags/example_branch_day_of_week_operator.py for tasks to queue
[2026-06-18T19:12:19.179+0000] {logging_mixin.py:190} INFO - [2026-06-18T19:12:19.178+0000] {dagbag.py:588} INFO - Filling up the DagBag from /home/airflow/.local/lib/python3.12/site-packages/airflow/example_dags/example_branch_day_of_week_operator.py
[2026-06-18T19:12:19.207+0000] {processor.py:925} INFO - DAG(s) 'example_weekday_branch_operator' retrieved from /home/airflow/.local/lib/python3.12/site-packages/airflow/example_dags/example_branch_day_of_week_operator.py
[2026-06-18T19:12:19.258+0000] {logging_mixin.py:190} INFO - [2026-06-18T19:12:19.258+0000] {dag.py:3239} INFO - Sync 1 DAGs
[2026-06-18T19:12:19.304+0000] {logging_mixin.py:190} INFO - [2026-06-18T19:12:19.304+0000] {dag.py:4180} INFO - Setting next_dagrun for example_weekday_branch_operator to 2026-06-17 00:00:00+00:00, run_after=2026-06-18 00:00:00+00:00
[2026-06-18T19:12:19.334+0000] {processor.py:208} INFO - Processing /home/airflow/.local/lib/python3.12/site-packages/airflow/example_dags/example_branch_day_of_week_operator.py took 0.182 seconds
[2026-06-18T19:12:50.484+0000] {processor.py:186} INFO - Started process (PID=150) to work on /home/airflow/.local/lib/python3.12/site-packages/airflow/example_dags/example_branch_day_of_week_operator.py
[2026-06-18T19:12:50.489+0000] {processor.py:914} INFO - Processing file /home/airflow/.local/lib/python3.12/site-packages/airflow/example_dags/example_branch_day_of_week_operator.py for tasks to queue
[2026-06-18T19:12:50.498+0000] {logging_mixin.py:190} INFO - [2026-06-18T19:12:50.497+0000] {dagbag.py:588} INFO - Filling up the DagBag from /home/airflow/.local/lib/python3.12/site-packages/airflow/example_dags/example_branch_day_of_week_operator.py
[2026-06-18T19:12:50.522+0000] {processor.py:925} INFO - DAG(s) 'example_weekday_branch_operator' retrieved from /home/airflow/.local/lib/python3.12/site-packages/airflow/example_dags/example_branch_day_of_week_operator.py
[2026-06-18T19:12:50.571+0000] {logging_mixin.py:190} INFO - [2026-06-18T19:12:50.570+0000] {dag.py:3239} INFO - Sync 1 DAGs
[2026-06-18T19:12:50.632+0000] {logging_mixin.py:190} INFO - [2026-06-18T19:12:50.631+0000] {dag.py:4180} INFO - Setting next_dagrun for example_weekday_branch_operator to 2026-06-17 00:00:00+00:00, run_after=2026-06-18 00:00:00+00:00
[2026-06-18T19:12:50.673+0000] {processor.py:208} INFO - Processing /home/airflow/.local/lib/python3.12/site-packages/airflow/example_dags/example_branch_day_of_week_operator.py took 0.204 seconds
[2026-06-18T19:13:21.162+0000] {processor.py:186} INFO - Started process (PID=214) to work on /home/airflow/.local/lib/python3.12/site-packages/airflow/example_dags/example_branch_day_of_week_operator.py
[2026-06-18T19:13:21.180+0000] {processor.py:914} INFO - Processing file /home/airflow/.local/lib/python3.12/site-packages/airflow/example_dags/example_branch_day_of_week_operator.py for tasks to queue
[2026-06-18T19:13:21.202+0000] {logging_mixin.py:190} INFO - [2026-06-18T19:13:21.193+0000] {dagbag.py:588} INFO - Filling up the DagBag from /home/airflow/.local/lib/python3.12/site-packages/airflow/example_dags/example_branch_day_of_week_operator.py
[2026-06-18T19:13:21.295+0000] {processor.py:925} INFO - DAG(s) 'example_weekday_branch_operator' retrieved from /home/airflow/.local/lib/python3.12/site-packages/airflow/example_dags/example_branch_day_of_week_operator.py
[2026-06-18T19:13:21.452+0000] {logging_mixin.py:190} INFO - [2026-06-18T19:13:21.450+0000] {dag.py:3239} INFO - Sync 1 DAGs
[2026-06-18T19:13:21.585+0000] {logging_mixin.py:190} INFO - [2026-06-18T19:13:21.584+0000] {dag.py:4180} INFO - Setting next_dagrun for example_weekday_branch_operator to 2026-06-17 00:00:00+00:00, run_after=2026-06-18 00:00:00+00:00
[2026-06-18T19:13:21.655+0000] {processor.py:208} INFO - Processing /home/airflow/.local/lib/python3.12/site-packages/airflow/example_dags/example_branch_day_of_week_operator.py took 0.519 seconds
[2026-06-18T19:13:52.267+0000] {processor.py:186} INFO - Started process (PID=278) to work on /home/airflow/.local/lib/python3.12/site-packages/airflow/example_dags/example_branch_day_of_week_operator.py
[2026-06-18T19:13:52.282+0000] {processor.py:914} INFO - Processing file /home/airflow/.local/lib/python3.12/site-packages/airflow/example_dags/example_branch_day_of_week_operator.py for tasks to queue
[2026-06-18T19:13:52.310+0000] {logging_mixin.py:190} INFO - [2026-06-18T19:13:52.307+0000] {dagbag.py:588} INFO - Filling up the DagBag from /home/airflow/.local/lib/python3.12/site-packages/airflow/example_dags/example_branch_day_of_week_operator.py
[2026-06-18T19:13:52.404+0000] {processor.py:925} INFO - DAG(s) 'example_weekday_branch_operator' retrieved from /home/airflow/.local/lib/python3.12/site-packages/airflow/example_dags/example_branch_day_of_week_operator.py
[2026-06-18T19:13:52.557+0000] {logging_mixin.py:190} INFO - [2026-06-18T19:13:52.556+0000] {dag.py:3239} INFO - Sync 1 DAGs
[2026-06-18T19:13:52.667+0000] {logging_mixin.py:190} INFO - [2026-06-18T19:13:52.665+0000] {dag.py:4180} INFO - Setting next_dagrun for example_weekday_branch_operator to 2026-06-17 00:00:00+00:00, run_after=2026-06-18 00:00:00+00:00
[2026-06-18T19:13:52.746+0000] {processor.py:208} INFO - Processing /home/airflow/.local/lib/python3.12/site-packages/airflow/example_dags/example_branch_day_of_week_operator.py took 0.519 seconds
[2026-06-18T19:14:23.506+0000] {processor.py:186} INFO - Started process (PID=342) to work on /home/airflow/.local/lib/python3.12/site-packages/airflow/example_dags/example_branch_day_of_week_operator.py
[2026-06-18T19:14:23.509+0000] {processor.py:914} INFO - Processing file /home/airflow/.local/lib/python3.12/site-packages/airflow/example_dags/example_branch_day_of_week_operator.py for tasks to queue
[2026-06-18T19:14:23.514+0000] {logging_mixin.py:190} INFO - [2026-06-18T19:14:23.513+0000] {dagbag.py:588} INFO - Filling up the DagBag from /home/airflow/.local/lib/python3.12/site-packages/airflow/example_dags/example_branch_day_of_week_operator.py
[2026-06-18T19:14:23.540+0000] {processor.py:925} INFO - DAG(s) 'example_weekday_branch_operator' retrieved from /home/airflow/.local/lib/python3.12/site-packages/airflow/example_dags/example_branch_day_of_week_operator.py
[2026-06-18T19:14:23.591+0000] {logging_mixin.py:190} INFO - [2026-06-18T19:14:23.590+0000] {dag.py:3239} INFO - Sync 1 DAGs
[2026-06-18T19:14:23.641+0000] {logging_mixin.py:190} INFO - [2026-06-18T19:14:23.640+0000] {dag.py:4180} INFO - Setting next_dagrun for example_weekday_branch_operator to 2026-06-17 00:00:00+00:00, run_after=2026-06-18 00:00:00+00:00
[2026-06-18T19:14:23.676+0000] {processor.py:208} INFO - Processing /home/airflow/.local/lib/python3.12/site-packages/airflow/example_dags/example_branch_day_of_week_operator.py took 0.179 seconds
[2026-06-18T19:14:55.394+0000] {processor.py:186} INFO - Started process (PID=406) to work on /home/airflow/.local/lib/python3.12/site-packages/airflow/example_dags/example_branch_day_of_week_operator.py
[2026-06-18T19:14:55.403+0000] {processor.py:914} INFO - Processing file /home/airflow/.local/lib/python3.12/site-packages/airflow/example_dags/example_branch_day_of_week_operator.py for tasks to queue
[2026-06-18T19:14:55.422+0000] {logging_mixin.py:190} INFO - [2026-06-18T19:14:55.417+0000] {dagbag.py:588} INFO - Filling up the DagBag from /home/airflow/.local/lib/python3.12/site-packages/airflow/example_dags/example_branch_day_of_week_operator.py
[2026-06-18T19:14:55.514+0000] {processor.py:925} INFO - DAG(s) 'example_weekday_branch_operator' retrieved from /home/airflow/.local/lib/python3.12/site-packages/airflow/example_dags/example_branch_day_of_week_operator.py
[2026-06-18T19:14:55.676+0000] {logging_mixin.py:190} INFO - [2026-06-18T19:14:55.667+0000] {dag.py:3239} INFO - Sync 1 DAGs
[2026-06-18T19:14:55.899+0000] {logging_mixin.py:190} INFO - [2026-06-18T19:14:55.898+0000] {dag.py:4180} INFO - Setting next_dagrun for example_weekday_branch_operator to 2026-06-17 00:00:00+00:00, run_after=2026-06-18 00:00:00+00:00
[2026-06-18T19:14:56.109+0000] {processor.py:208} INFO - Processing /home/airflow/.local/lib/python3.12/site-packages/airflow/example_dags/example_branch_day_of_week_operator.py took 0.752 seconds
[2026-06-18T19:15:26.378+0000] {processor.py:186} INFO - Started process (PID=470) to work on /home/airflow/.local/lib/python3.12/site-packages/airflow/example_dags/example_branch_day_of_week_operator.py
[2026-06-18T19:15:26.384+0000] {processor.py:914} INFO - Processing file /home/airflow/.local/lib/python3.12/site-packages/airflow/example_dags/example_branch_day_of_week_operator.py for tasks to queue
[2026-06-18T19:15:26.401+0000] {logging_mixin.py:190} INFO - [2026-06-18T19:15:26.395+0000] {dagbag.py:588} INFO - Filling up the DagBag from /home/airflow/.local/lib/python3.12/site-packages/airflow/example_dags/example_branch_day_of_week_operator.py
[2026-06-18T19:15:26.444+0000] {processor.py:925} INFO - DAG(s) 'example_weekday_branch_operator' retrieved from /home/airflow/.local/lib/python3.12/site-packages/airflow/example_dags/example_branch_day_of_week_operator.py
[2026-06-18T19:15:26.521+0000] {logging_mixin.py:190} INFO - [2026-06-18T19:15:26.521+0000] {dag.py:3239} INFO - Sync 1 DAGs
[2026-06-18T19:15:26.684+0000] {logging_mixin.py:190} INFO - [2026-06-18T19:15:26.683+0000] {dag.py:4180} INFO - Setting next_dagrun for example_weekday_branch_operator to 2026-06-17 00:00:00+00:00, run_after=2026-06-18 00:00:00+00:00
[2026-06-18T19:15:26.768+0000] {processor.py:208} INFO - Processing /home/airflow/.local/lib/python3.12/site-packages/airflow/example_dags/example_branch_day_of_week_operator.py took 0.407 seconds
[2026-06-18T19:15:57.072+0000] {processor.py:186} INFO - Started process (PID=534) to work on /home/airflow/.local/lib/python3.12/site-packages/airflow/example_dags/example_branch_day_of_week_operator.py
[2026-06-18T19:15:57.076+0000] {processor.py:914} INFO - Processing file /home/airflow/.local/lib/python3.12/site-packages/airflow/example_dags/example_branch_day_of_week_operator.py for tasks to queue
[2026-06-18T19:15:57.086+0000] {logging_mixin.py:190} INFO - [2026-06-18T19:15:57.086+0000] {dagbag.py:588} INFO - Filling up the DagBag from /home/airflow/.local/lib/python3.12/site-packages/airflow/example_dags/example_branch_day_of_week_operator.py
[2026-06-18T19:15:57.114+0000] {processor.py:925} INFO - DAG(s) 'example_weekday_branch_operator' retrieved from /home/airflow/.local/lib/python3.12/site-packages/airflow/example_dags/example_branch_day_of_week_operator.py
[2026-06-18T19:15:57.207+0000] {logging_mixin.py:190} INFO - [2026-06-18T19:15:57.206+0000] {dag.py:3239} INFO - Sync 1 DAGs
[2026-06-18T19:15:57.307+0000] {logging_mixin.py:190} INFO - [2026-06-18T19:15:57.306+0000] {dag.py:4180} INFO - Setting next_dagrun for example_weekday_branch_operator to 2026-06-17 00:00:00+00:00, run_after=2026-06-18 00:00:00+00:00
[2026-06-18T19:15:57.360+0000] {processor.py:208} INFO - Processing /home/airflow/.local/lib/python3.12/site-packages/airflow/example_dags/example_branch_day_of_week_operator.py took 0.306 seconds
[2026-06-18T19:16:27.813+0000] {processor.py:186} INFO - Started process (PID=598) to work on /home/airflow/.local/lib/python3.12/site-packages/airflow/example_dags/example_branch_day_of_week_operator.py
[2026-06-18T19:16:27.815+0000] {processor.py:914} INFO - Processing file /home/airflow/.local/lib/python3.12/site-packages/airflow/example_dags/example_branch_day_of_week_operator.py for tasks to queue
[2026-06-18T19:16:27.819+0000] {logging_mixin.py:190} INFO - [2026-06-18T19:16:27.819+0000] {dagbag.py:588} INFO - Filling up the DagBag from /home/airflow/.local/lib/python3.12/site-packages/airflow/example_dags/example_branch_day_of_week_operator.py
[2026-06-18T19:16:27.834+0000] {processor.py:925} INFO - DAG(s) 'example_weekday_branch_operator' retrieved from /home/airflow/.local/lib/python3.12/site-packages/airflow/example_dags/example_branch_day_of_week_operator.py
[2026-06-18T19:16:27.866+0000] {logging_mixin.py:190} INFO - [2026-06-18T19:16:27.866+0000] {dag.py:3239} INFO - Sync 1 DAGs
[2026-06-18T19:16:27.908+0000] {logging_mixin.py:190} INFO - [2026-06-18T19:16:27.907+0000] {dag.py:4180} INFO - Setting next_dagrun for example_weekday_branch_operator to 2026-06-17 00:00:00+00:00, run_after=2026-06-18 00:00:00+00:00
[2026-06-18T19:16:27.937+0000] {processor.py:208} INFO - Processing /home/airflow/.local/lib/python3.12/site-packages/airflow/example_dags/example_branch_day_of_week_operator.py took 0.131 seconds
[2026-06-18T19:16:58.429+0000] {processor.py:186} INFO - Started process (PID=662) to work on /home/airflow/.local/lib/python3.12/site-packages/airflow/example_dags/example_branch_day_of_week_operator.py
[2026-06-18T19:16:58.434+0000] {processor.py:914} INFO - Processing file /home/airflow/.local/lib/python3.12/site-packages/airflow/example_dags/example_branch_day_of_week_operator.py for tasks to queue
[2026-06-18T19:16:58.438+0000] {logging_mixin.py:190} INFO - [2026-06-18T19:16:58.438+0000] {dagbag.py:588} INFO - Filling up the DagBag from /home/airflow/.local/lib/python3.12/site-packages/airflow/example_dags/example_branch_day_of_week_operator.py
[2026-06-18T19:16:58.448+0000] {processor.py:925} INFO - DAG(s) 'example_weekday_branch_operator' retrieved from /home/airflow/.local/lib/python3.12/site-packages/airflow/example_dags/example_branch_day_of_week_operator.py
[2026-06-18T19:16:58.468+0000] {logging_mixin.py:190} INFO - [2026-06-18T19:16:58.468+0000] {dag.py:3239} INFO - Sync 1 DAGs
[2026-06-18T19:16:58.491+0000] {logging_mixin.py:190} INFO - [2026-06-18T19:16:58.491+0000] {dag.py:4180} INFO - Setting next_dagrun for example_weekday_branch_operator to 2026-06-17 00:00:00+00:00, run_after=2026-06-18 00:00:00+00:00
[2026-06-18T19:16:58.508+0000] {processor.py:208} INFO - Processing /home/airflow/.local/lib/python3.12/site-packages/airflow/example_dags/example_branch_day_of_week_operator.py took 0.084 seconds
[2026-06-18T19:17:29.016+0000] {processor.py:186} INFO - Started process (PID=726) to work on /home/airflow/.local/lib/python3.12/site-packages/airflow/example_dags/example_branch_day_of_week_operator.py
[2026-06-18T19:17:29.018+0000] {processor.py:914} INFO - Processing file /home/airflow/.local/lib/python3.12/site-packages/airflow/example_dags/example_branch_day_of_week_operator.py for tasks to queue
[2026-06-18T19:17:29.022+0000] {logging_mixin.py:190} INFO - [2026-06-18T19:17:29.022+0000] {dagbag.py:588} INFO - Filling up the DagBag from /home/airflow/.local/lib/python3.12/site-packages/airflow/example_dags/example_branch_day_of_week_operator.py
[2026-06-18T19:17:29.034+0000] {processor.py:925} INFO - DAG(s) 'example_weekday_branch_operator' retrieved from /home/airflow/.local/lib/python3.12/site-packages/airflow/example_dags/example_branch_day_of_week_operator.py
[2026-06-18T19:17:29.064+0000] {logging_mixin.py:190} INFO - [2026-06-18T19:17:29.064+0000] {dag.py:3239} INFO - Sync 1 DAGs
[2026-06-18T19:17:29.096+0000] {logging_mixin.py:190} INFO - [2026-06-18T19:17:29.096+0000] {dag.py:4180} INFO - Setting next_dagrun for example_weekday_branch_operator to 2026-06-17 00:00:00+00:00, run_after=2026-06-18 00:00:00+00:00
[2026-06-18T19:17:29.125+0000] {processor.py:208} INFO - Processing /home/airflow/.local/lib/python3.12/site-packages/airflow/example_dags/example_branch_day_of_week_operator.py took 0.118 seconds
[2026-06-18T19:18:00.092+0000] {processor.py:186} INFO - Started process (PID=791) to work on /home/airflow/.local/lib/python3.12/site-packages/airflow/example_dags/example_branch_day_of_week_operator.py
[2026-06-18T19:18:00.095+0000] {processor.py:914} INFO - Processing file /home/airflow/.local/lib/python3.12/site-packages/airflow/example_dags/example_branch_day_of_week_operator.py for tasks to queue
[2026-06-18T19:18:00.101+0000] {logging_mixin.py:190} INFO - [2026-06-18T19:18:00.100+0000] {dagbag.py:588} INFO - Filling up the DagBag from /home/airflow/.local/lib/python3.12/site-packages/airflow/example_dags/example_branch_day_of_week_operator.py
[2026-06-18T19:18:00.121+0000] {processor.py:925} INFO - DAG(s) 'example_weekday_branch_operator' retrieved from /home/airflow/.local/lib/python3.12/site-packages/airflow/example_dags/example_branch_day_of_week_operator.py
[2026-06-18T19:18:00.160+0000] {logging_mixin.py:190} INFO - [2026-06-18T19:18:00.159+0000] {dag.py:3239} INFO - Sync 1 DAGs
[2026-06-18T19:18:00.211+0000] {logging_mixin.py:190} INFO - [2026-06-18T19:18:00.210+0000] {dag.py:4180} INFO - Setting next_dagrun for example_weekday_branch_operator to 2026-06-17 00:00:00+00:00, run_after=2026-06-18 00:00:00+00:00
[2026-06-18T19:18:00.243+0000] {processor.py:208} INFO - Processing /home/airflow/.local/lib/python3.12/site-packages/airflow/example_dags/example_branch_day_of_week_operator.py took 0.163 seconds
[2026-06-18T19:18:30.482+0000] {processor.py:186} INFO - Started process (PID=855) to work on /home/airflow/.local/lib/python3.12/site-packages/airflow/example_dags/example_branch_day_of_week_operator.py
[2026-06-18T19:18:30.490+0000] {processor.py:914} INFO - Processing file /home/airflow/.local/lib/python3.12/site-packages/airflow/example_dags/example_branch_day_of_week_operator.py for tasks to queue
[2026-06-18T19:18:30.496+0000] {logging_mixin.py:190} INFO - [2026-06-18T19:18:30.495+0000] {dagbag.py:588} INFO - Filling up the DagBag from /home/airflow/.local/lib/python3.12/site-packages/airflow/example_dags/example_branch_day_of_week_operator.py
[2026-06-18T19:18:30.519+0000] {processor.py:925} INFO - DAG(s) 'example_weekday_branch_operator' retrieved from /home/airflow/.local/lib/python3.12/site-packages/airflow/example_dags/example_branch_day_of_week_operator.py
[2026-06-18T19:18:30.562+0000] {logging_mixin.py:190} INFO - [2026-06-18T19:18:30.561+0000] {dag.py:3239} INFO - Sync 1 DAGs
[2026-06-18T19:18:30.617+0000] {logging_mixin.py:190} INFO - [2026-06-18T19:18:30.616+0000] {dag.py:4180} INFO - Setting next_dagrun for example_weekday_branch_operator to 2026-06-17 00:00:00+00:00, run_after=2026-06-18 00:00:00+00:00
[2026-06-18T19:18:30.656+0000] {processor.py:208} INFO - Processing /home/airflow/.local/lib/python3.12/site-packages/airflow/example_dags/example_branch_day_of_week_operator.py took 0.185 seconds
[2026-06-18T19:19:01.238+0000] {processor.py:186} INFO - Started process (PID=918) to work on /home/airflow/.local/lib/python3.12/site-packages/airflow/example_dags/example_branch_day_of_week_operator.py
[2026-06-18T19:19:01.253+0000] {processor.py:914} INFO - Processing file /home/airflow/.local/lib/python3.12/site-packages/airflow/example_dags/example_branch_day_of_week_operator.py for tasks to queue
[2026-06-18T19:19:01.258+0000] {logging_mixin.py:190} INFO - [2026-06-18T19:19:01.258+0000] {dagbag.py:588} INFO - Filling up the DagBag from /home/airflow/.local/lib/python3.12/site-packages/airflow/example_dags/example_branch_day_of_week_operator.py
[2026-06-18T19:19:01.275+0000] {processor.py:925} INFO - DAG(s) 'example_weekday_branch_operator' retrieved from /home/airflow/.local/lib/python3.12/site-packages/airflow/example_dags/example_branch_day_of_week_operator.py
[2026-06-18T19:19:01.325+0000] {logging_mixin.py:190} INFO - [2026-06-18T19:19:01.325+0000] {dag.py:3239} INFO - Sync 1 DAGs
[2026-06-18T19:19:01.395+0000] {logging_mixin.py:190} INFO - [2026-06-18T19:19:01.394+0000] {dag.py:4180} INFO - Setting next_dagrun for example_weekday_branch_operator to 2026-06-17 00:00:00+00:00, run_after=2026-06-18 00:00:00+00:00
[2026-06-18T19:19:01.423+0000] {processor.py:208} INFO - Processing /home/airflow/.local/lib/python3.12/site-packages/airflow/example_dags/example_branch_day_of_week_operator.py took 0.195 seconds
[2026-06-18T19:19:32.021+0000] {processor.py:186} INFO - Started process (PID=982) to work on /home/airflow/.local/lib/python3.12/site-packages/airflow/example_dags/example_branch_day_of_week_operator.py
[2026-06-18T19:19:32.025+0000] {processor.py:914} INFO - Processing file /home/airflow/.local/lib/python3.12/site-packages/airflow/example_dags/example_branch_day_of_week_operator.py for tasks to queue
[2026-06-18T19:19:32.032+0000] {logging_mixin.py:190} INFO - [2026-06-18T19:19:32.031+0000] {dagbag.py:588} INFO - Filling up the DagBag from /home/airflow/.local/lib/python3.12/site-packages/airflow/example_dags/example_branch_day_of_week_operator.py
[2026-06-18T19:19:32.059+0000] {processor.py:925} INFO - DAG(s) 'example_weekday_branch_operator' retrieved from /home/airflow/.local/lib/python3.12/site-packages/airflow/example_dags/example_branch_day_of_week_operator.py
[2026-06-18T19:19:32.110+0000] {logging_mixin.py:190} INFO - [2026-06-18T19:19:32.109+0000] {dag.py:3239} INFO - Sync 1 DAGs
[2026-06-18T19:19:32.164+0000] {logging_mixin.py:190} INFO - [2026-06-18T19:19:32.163+0000] {dag.py:4180} INFO - Setting next_dagrun for example_weekday_branch_operator to 2026-06-17 00:00:00+00:00, run_after=2026-06-18 00:00:00+00:00
[2026-06-18T19:19:32.201+0000] {processor.py:208} INFO - Processing /home/airflow/.local/lib/python3.12/site-packages/airflow/example_dags/example_branch_day_of_week_operator.py took 0.195 seconds
[2026-06-18T19:20:02.327+0000] {processor.py:186} INFO - Started process (PID=1046) to work on /home/airflow/.local/lib/python3.12/site-packages/airflow/example_dags/example_branch_day_of_week_operator.py
[2026-06-18T19:20:02.330+0000] {processor.py:914} INFO - Processing file /home/airflow/.local/lib/python3.12/site-packages/airflow/example_dags/example_branch_day_of_week_operator.py for tasks to queue
[2026-06-18T19:20:02.334+0000] {logging_mixin.py:190} INFO - [2026-06-18T19:20:02.333+0000] {dagbag.py:588} INFO - Filling up the DagBag from /home/airflow/.local/lib/python3.12/site-packages/airflow/example_dags/example_branch_day_of_week_operator.py
[2026-06-18T19:20:02.351+0000] {processor.py:925} INFO - DAG(s) 'example_weekday_branch_operator' retrieved from /home/airflow/.local/lib/python3.12/site-packages/airflow/example_dags/example_branch_day_of_week_operator.py
[2026-06-18T19:20:02.377+0000] {logging_mixin.py:190} INFO - [2026-06-18T19:20:02.377+0000] {dag.py:3239} INFO - Sync 1 DAGs
[2026-06-18T19:20:02.406+0000] {logging_mixin.py:190} INFO - [2026-06-18T19:20:02.406+0000] {dag.py:4180} INFO - Setting next_dagrun for example_weekday_branch_operator to 2026-06-17 00:00:00+00:00, run_after=2026-06-18 00:00:00+00:00
[2026-06-18T19:20:02.428+0000] {processor.py:208} INFO - Processing /home/airflow/.local/lib/python3.12/site-packages/airflow/example_dags/example_branch_day_of_week_operator.py took 0.109 seconds
[2026-06-18T19:20:32.855+0000] {processor.py:186} INFO - Started process (PID=1107) to work on /home/airflow/.local/lib/python3.12/site-packages/airflow/example_dags/example_branch_day_of_week_operator.py
[2026-06-18T19:20:32.863+0000] {processor.py:914} INFO - Processing file /home/airflow/.local/lib/python3.12/site-packages/airflow/example_dags/example_branch_day_of_week_operator.py for tasks to queue
[2026-06-18T19:20:32.872+0000] {logging_mixin.py:190} INFO - [2026-06-18T19:20:32.871+0000] {dagbag.py:588} INFO - Filling up the DagBag from /home/airflow/.local/lib/python3.12/site-packages/airflow/example_dags/example_branch_day_of_week_operator.py
[2026-06-18T19:20:32.911+0000] {processor.py:925} INFO - DAG(s) 'example_weekday_branch_operator' retrieved from /home/airflow/.local/lib/python3.12/site-packages/airflow/example_dags/example_branch_day_of_week_operator.py
[2026-06-18T19:20:32.971+0000] {logging_mixin.py:190} INFO - [2026-06-18T19:20:32.970+0000] {dag.py:3239} INFO - Sync 1 DAGs
[2026-06-18T19:20:33.064+0000] {logging_mixin.py:190} INFO - [2026-06-18T19:20:33.063+0000] {dag.py:4180} INFO - Setting next_dagrun for example_weekday_branch_operator to 2026-06-17 00:00:00+00:00, run_after=2026-06-18 00:00:00+00:00
[2026-06-18T19:20:33.132+0000] {processor.py:208} INFO - Processing /home/airflow/.local/lib/python3.12/site-packages/airflow/example_dags/example_branch_day_of_week_operator.py took 0.300 seconds
[2026-06-18T19:21:03.264+0000] {processor.py:186} INFO - Started process (PID=1171) to work on /home/airflow/.local/lib/python3.12/site-packages/airflow/example_dags/example_branch_day_of_week_operator.py
[2026-06-18T19:21:03.268+0000] {processor.py:914} INFO - Processing file /home/airflow/.local/lib/python3.12/site-packages/airflow/example_dags/example_branch_day_of_week_operator.py for tasks to queue
[2026-06-18T19:21:03.271+0000] {logging_mixin.py:190} INFO - [2026-06-18T19:21:03.271+0000] {dagbag.py:588} INFO - Filling up the DagBag from /home/airflow/.local/lib/python3.12/site-packages/airflow/example_dags/example_branch_day_of_week_operator.py
[2026-06-18T19:21:03.288+0000] {processor.py:925} INFO - DAG(s) 'example_weekday_branch_operator' retrieved from /home/airflow/.local/lib/python3.12/site-packages/airflow/example_dags/example_branch_day_of_week_operator.py
[2026-06-18T19:21:03.326+0000] {logging_mixin.py:190} INFO - [2026-06-18T19:21:03.326+0000] {dag.py:3239} INFO - Sync 1 DAGs
[2026-06-18T19:21:03.365+0000] {logging_mixin.py:190} INFO - [2026-06-18T19:21:03.365+0000] {dag.py:4180} INFO - Setting next_dagrun for example_weekday_branch_operator to 2026-06-17 00:00:00+00:00, run_after=2026-06-18 00:00:00+00:00
[2026-06-18T19:21:03.395+0000] {processor.py:208} INFO - Processing /home/airflow/.local/lib/python3.12/site-packages/airflow/example_dags/example_branch_day_of_week_operator.py took 0.141 seconds
[2026-06-18T19:21:33.533+0000] {processor.py:186} INFO - Started process (PID=1234) to work on /home/airflow/.local/lib/python3.12/site-packages/airflow/example_dags/example_branch_day_of_week_operator.py
[2026-06-18T19:21:33.537+0000] {processor.py:914} INFO - Processing file /home/airflow/.local/lib/python3.12/site-packages/airflow/example_dags/example_branch_day_of_week_operator.py for tasks to queue
[2026-06-18T19:21:33.543+0000] {logging_mixin.py:190} INFO - [2026-06-18T19:21:33.543+0000] {dagbag.py:588} INFO - Filling up the DagBag from /home/airflow/.local/lib/python3.12/site-packages/airflow/example_dags/example_branch_day_of_week_operator.py
[2026-06-18T19:21:33.560+0000] {processor.py:925} INFO - DAG(s) 'example_weekday_branch_operator' retrieved from /home/airflow/.local/lib/python3.12/site-packages/airflow/example_dags/example_branch_day_of_week_operator.py
[2026-06-18T19:21:33.598+0000] {logging_mixin.py:190} INFO - [2026-06-18T19:21:33.598+0000] {dag.py:3239} INFO - Sync 1 DAGs
[2026-06-18T19:21:33.650+0000] {logging_mixin.py:190} INFO - [2026-06-18T19:21:33.650+0000] {dag.py:4180} INFO - Setting next_dagrun for example_weekday_branch_operator to 2026-06-17 00:00:00+00:00, run_after=2026-06-18 00:00:00+00:00
[2026-06-18T19:21:33.681+0000] {processor.py:208} INFO - Processing /home/airflow/.local/lib/python3.12/site-packages/airflow/example_dags/example_branch_day_of_week_operator.py took 0.161 seconds
[2026-06-18T19:22:06.890+0000] {processor.py:186} INFO - Started process (PID=1299) to work on /home/airflow/.local/lib/python3.12/site-packages/airflow/example_dags/example_branch_day_of_week_operator.py
[2026-06-18T19:22:06.894+0000] {processor.py:914} INFO - Processing file /home/airflow/.local/lib/python3.12/site-packages/airflow/example_dags/example_branch_day_of_week_operator.py for tasks to queue
[2026-06-18T19:22:06.901+0000] {logging_mixin.py:190} INFO - [2026-06-18T19:22:06.900+0000] {dagbag.py:588} INFO - Filling up the DagBag from /home/airflow/.local/lib/python3.12/site-packages/airflow/example_dags/example_branch_day_of_week_operator.py
[2026-06-18T19:22:06.928+0000] {processor.py:925} INFO - DAG(s) 'example_weekday_branch_operator' retrieved from /home/airflow/.local/lib/python3.12/site-packages/airflow/example_dags/example_branch_day_of_week_operator.py
[2026-06-18T19:22:06.974+0000] {logging_mixin.py:190} INFO - [2026-06-18T19:22:06.974+0000] {dag.py:3239} INFO - Sync 1 DAGs
[2026-06-18T19:22:07.019+0000] {logging_mixin.py:190} INFO - [2026-06-18T19:22:07.018+0000] {dag.py:4180} INFO - Setting next_dagrun for example_weekday_branch_operator to 2026-06-17 00:00:00+00:00, run_after=2026-06-18 00:00:00+00:00
[2026-06-18T19:22:07.052+0000] {processor.py:208} INFO - Processing /home/airflow/.local/lib/python3.12/site-packages/airflow/example_dags/example_branch_day_of_week_operator.py took 0.174 seconds
[2026-06-18T19:22:38.308+0000] {processor.py:186} INFO - Started process (PID=1363) to work on /home/airflow/.local/lib/python3.12/site-packages/airflow/example_dags/example_branch_day_of_week_operator.py
[2026-06-18T19:22:38.312+0000] {processor.py:914} INFO - Processing file /home/airflow/.local/lib/python3.12/site-packages/airflow/example_dags/example_branch_day_of_week_operator.py for tasks to queue
[2026-06-18T19:22:38.317+0000] {logging_mixin.py:190} INFO - [2026-06-18T19:22:38.316+0000] {dagbag.py:588} INFO - Filling up the DagBag from /home/airflow/.local/lib/python3.12/site-packages/airflow/example_dags/example_branch_day_of_week_operator.py
[2026-06-18T19:22:38.337+0000] {processor.py:925} INFO - DAG(s) 'example_weekday_branch_operator' retrieved from /home/airflow/.local/lib/python3.12/site-packages/airflow/example_dags/example_branch_day_of_week_operator.py
[2026-06-18T19:22:38.374+0000] {logging_mixin.py:190} INFO - [2026-06-18T19:22:38.373+0000] {dag.py:3239} INFO - Sync 1 DAGs
[2026-06-18T19:22:38.412+0000] {logging_mixin.py:190} INFO - [2026-06-18T19:22:38.412+0000] {dag.py:4180} INFO - Setting next_dagrun for example_weekday_branch_operator to 2026-06-17 00:00:00+00:00, run_after=2026-06-18 00:00:00+00:00
[2026-06-18T19:22:38.439+0000] {processor.py:208} INFO - Processing /home/airflow/.local/lib/python3.12/site-packages/airflow/example_dags/example_branch_day_of_week_operator.py took 0.141 seconds
[2026-06-18T19:23:10.565+0000] {processor.py:186} INFO - Started process (PID=1419) to work on /home/airflow/.local/lib/python3.12/site-packages/airflow/example_dags/example_branch_day_of_week_operator.py
[2026-06-18T19:23:10.573+0000] {processor.py:914} INFO - Processing file /home/airflow/.local/lib/python3.12/site-packages/airflow/example_dags/example_branch_day_of_week_operator.py for tasks to queue
[2026-06-18T19:23:10.591+0000] {logging_mixin.py:190} INFO - [2026-06-18T19:23:10.582+0000] {dagbag.py:588} INFO - Filling up the DagBag from /home/airflow/.local/lib/python3.12/site-packages/airflow/example_dags/example_branch_day_of_week_operator.py
[2026-06-18T19:23:10.655+0000] {processor.py:925} INFO - DAG(s) 'example_weekday_branch_operator' retrieved from /home/airflow/.local/lib/python3.12/site-packages/airflow/example_dags/example_branch_day_of_week_operator.py
[2026-06-18T19:23:10.783+0000] {logging_mixin.py:190} INFO - [2026-06-18T19:23:10.783+0000] {dag.py:3239} INFO - Sync 1 DAGs
[2026-06-18T19:23:10.922+0000] {logging_mixin.py:190} INFO - [2026-06-18T19:23:10.921+0000] {dag.py:4180} INFO - Setting next_dagrun for example_weekday_branch_operator to 2026-06-17 00:00:00+00:00, run_after=2026-06-18 00:00:00+00:00
[2026-06-18T19:23:11.004+0000] {processor.py:208} INFO - Processing /home/airflow/.local/lib/python3.12/site-packages/airflow/example_dags/example_branch_day_of_week_operator.py took 0.459 seconds
[2026-06-18T19:23:41.369+0000] {processor.py:186} INFO - Started process (PID=1483) to work on /home/airflow/.local/lib/python3.12/site-packages/airflow/example_dags/example_branch_day_of_week_operator.py
[2026-06-18T19:23:41.375+0000] {processor.py:914} INFO - Processing file /home/airflow/.local/lib/python3.12/site-packages/airflow/example_dags/example_branch_day_of_week_operator.py for tasks to queue
[2026-06-18T19:23:41.386+0000] {logging_mixin.py:190} INFO - [2026-06-18T19:23:41.385+0000] {dagbag.py:588} INFO - Filling up the DagBag from /home/airflow/.local/lib/python3.12/site-packages/airflow/example_dags/example_branch_day_of_week_operator.py
[2026-06-18T19:23:41.415+0000] {processor.py:925} INFO - DAG(s) 'example_weekday_branch_operator' retrieved from /home/airflow/.local/lib/python3.12/site-packages/airflow/example_dags/example_branch_day_of_week_operator.py
[2026-06-18T19:23:41.466+0000] {logging_mixin.py:190} INFO - [2026-06-18T19:23:41.466+0000] {dag.py:3239} INFO - Sync 1 DAGs
[2026-06-18T19:23:41.553+0000] {logging_mixin.py:190} INFO - [2026-06-18T19:23:41.552+0000] {dag.py:4180} INFO - Setting next_dagrun for example_weekday_branch_operator to 2026-06-17 00:00:00+00:00, run_after=2026-06-18 00:00:00+00:00
[2026-06-18T19:23:41.612+0000] {processor.py:208} INFO - Processing /home/airflow/.local/lib/python3.12/site-packages/airflow/example_dags/example_branch_day_of_week_operator.py took 0.263 seconds
[2026-06-18T19:24:12.529+0000] {processor.py:186} INFO - Started process (PID=1546) to work on /home/airflow/.local/lib/python3.12/site-packages/airflow/example_dags/example_branch_day_of_week_operator.py
[2026-06-18T19:24:12.531+0000] {processor.py:914} INFO - Processing file /home/airflow/.local/lib/python3.12/site-packages/airflow/example_dags/example_branch_day_of_week_operator.py for tasks to queue
[2026-06-18T19:24:12.534+0000] {logging_mixin.py:190} INFO - [2026-06-18T19:24:12.534+0000] {dagbag.py:588} INFO - Filling up the DagBag from /home/airflow/.local/lib/python3.12/site-packages/airflow/example_dags/example_branch_day_of_week_operator.py
[2026-06-18T19:24:12.544+0000] {processor.py:925} INFO - DAG(s) 'example_weekday_branch_operator' retrieved from /home/airflow/.local/lib/python3.12/site-packages/airflow/example_dags/example_branch_day_of_week_operator.py
[2026-06-18T19:24:12.564+0000] {logging_mixin.py:190} INFO - [2026-06-18T19:24:12.564+0000] {dag.py:3239} INFO - Sync 1 DAGs
[2026-06-18T19:24:12.586+0000] {logging_mixin.py:190} INFO - [2026-06-18T19:24:12.586+0000] {dag.py:4180} INFO - Setting next_dagrun for example_weekday_branch_operator to 2026-06-17 00:00:00+00:00, run_after=2026-06-18 00:00:00+00:00
[2026-06-18T19:24:12.606+0000] {processor.py:208} INFO - Processing /home/airflow/.local/lib/python3.12/site-packages/airflow/example_dags/example_branch_day_of_week_operator.py took 0.083 seconds
[2026-06-18T19:24:44.852+0000] {processor.py:186} INFO - Started process (PID=1607) to work on /home/airflow/.local/lib/python3.12/site-packages/airflow/example_dags/example_branch_day_of_week_operator.py
[2026-06-18T19:24:44.858+0000] {processor.py:914} INFO - Processing file /home/airflow/.local/lib/python3.12/site-packages/airflow/example_dags/example_branch_day_of_week_operator.py for tasks to queue
[2026-06-18T19:24:44.873+0000] {logging_mixin.py:190} INFO - [2026-06-18T19:24:44.871+0000] {dagbag.py:588} INFO - Filling up the DagBag from /home/airflow/.local/lib/python3.12/site-packages/airflow/example_dags/example_branch_day_of_week_operator.py
[2026-06-18T19:24:44.965+0000] {processor.py:925} INFO - DAG(s) 'example_weekday_branch_operator' retrieved from /home/airflow/.local/lib/python3.12/site-packages/airflow/example_dags/example_branch_day_of_week_operator.py
[2026-06-18T19:24:45.056+0000] {logging_mixin.py:190} INFO - [2026-06-18T19:24:45.055+0000] {dag.py:3239} INFO - Sync 1 DAGs
[2026-06-18T19:24:45.144+0000] {logging_mixin.py:190} INFO - [2026-06-18T19:24:45.143+0000] {dag.py:4180} INFO - Setting next_dagrun for example_weekday_branch_operator to 2026-06-17 00:00:00+00:00, run_after=2026-06-18 00:00:00+00:00
[2026-06-18T19:24:45.195+0000] {processor.py:208} INFO - Processing /home/airflow/.local/lib/python3.12/site-packages/airflow/example_dags/example_branch_day_of_week_operator.py took 0.379 seconds
[2026-06-18T19:25:15.812+0000] {processor.py:186} INFO - Started process (PID=1670) to work on /home/airflow/.local/lib/python3.12/site-packages/airflow/example_dags/example_branch_day_of_week_operator.py
[2026-06-18T19:25:15.816+0000] {processor.py:914} INFO - Processing file /home/airflow/.local/lib/python3.12/site-packages/airflow/example_dags/example_branch_day_of_week_operator.py for tasks to queue
[2026-06-18T19:25:15.826+0000] {logging_mixin.py:190} INFO - [2026-06-18T19:25:15.825+0000] {dagbag.py:588} INFO - Filling up the DagBag from /home/airflow/.local/lib/python3.12/site-packages/airflow/example_dags/example_branch_day_of_week_operator.py
[2026-06-18T19:25:15.857+0000] {processor.py:925} INFO - DAG(s) 'example_weekday_branch_operator' retrieved from /home/airflow/.local/lib/python3.12/site-packages/airflow/example_dags/example_branch_day_of_week_operator.py
[2026-06-18T19:25:15.918+0000] {logging_mixin.py:190} INFO - [2026-06-18T19:25:15.918+0000] {dag.py:3239} INFO - Sync 1 DAGs
[2026-06-18T19:25:15.982+0000] {logging_mixin.py:190} INFO - [2026-06-18T19:25:15.982+0000] {dag.py:4180} INFO - Setting next_dagrun for example_weekday_branch_operator to 2026-06-17 00:00:00+00:00, run_after=2026-06-18 00:00:00+00:00
[2026-06-18T19:25:16.023+0000] {processor.py:208} INFO - Processing /home/airflow/.local/lib/python3.12/site-packages/airflow/example_dags/example_branch_day_of_week_operator.py took 0.225 seconds
[2026-06-18T19:25:49.995+0000] {processor.py:186} INFO - Started process (PID=1737) to work on /home/airflow/.local/lib/python3.12/site-packages/airflow/example_dags/example_branch_day_of_week_operator.py
[2026-06-18T19:25:50.008+0000] {processor.py:914} INFO - Processing file /home/airflow/.local/lib/python3.12/site-packages/airflow/example_dags/example_branch_day_of_week_operator.py for tasks to queue
[2026-06-18T19:25:50.022+0000] {logging_mixin.py:190} INFO - [2026-06-18T19:25:50.021+0000] {dagbag.py:588} INFO - Filling up the DagBag from /home/airflow/.local/lib/python3.12/site-packages/airflow/example_dags/example_branch_day_of_week_operator.py
[2026-06-18T19:25:50.102+0000] {processor.py:925} INFO - DAG(s) 'example_weekday_branch_operator' retrieved from /home/airflow/.local/lib/python3.12/site-packages/airflow/example_dags/example_branch_day_of_week_operator.py
[2026-06-18T19:25:50.226+0000] {logging_mixin.py:190} INFO - [2026-06-18T19:25:50.226+0000] {dag.py:3239} INFO - Sync 1 DAGs
[2026-06-18T19:25:50.317+0000] {logging_mixin.py:190} INFO - [2026-06-18T19:25:50.317+0000] {dag.py:4180} INFO - Setting next_dagrun for example_weekday_branch_operator to 2026-06-17 00:00:00+00:00, run_after=2026-06-18 00:00:00+00:00
[2026-06-18T19:25:50.385+0000] {processor.py:208} INFO - Processing /home/airflow/.local/lib/python3.12/site-packages/airflow/example_dags/example_branch_day_of_week_operator.py took 0.437 seconds
[2026-06-18T19:26:20.735+0000] {processor.py:186} INFO - Started process (PID=1800) to work on /home/airflow/.local/lib/python3.12/site-packages/airflow/example_dags/example_branch_day_of_week_operator.py
[2026-06-18T19:26:20.737+0000] {processor.py:914} INFO - Processing file /home/airflow/.local/lib/python3.12/site-packages/airflow/example_dags/example_branch_day_of_week_operator.py for tasks to queue
[2026-06-18T19:26:20.740+0000] {logging_mixin.py:190} INFO - [2026-06-18T19:26:20.740+0000] {dagbag.py:588} INFO - Filling up the DagBag from /home/airflow/.local/lib/python3.12/site-packages/airflow/example_dags/example_branch_day_of_week_operator.py
[2026-06-18T19:26:20.749+0000] {processor.py:925} INFO - DAG(s) 'example_weekday_branch_operator' retrieved from /home/airflow/.local/lib/python3.12/site-packages/airflow/example_dags/example_branch_day_of_week_operator.py
[2026-06-18T19:26:20.772+0000] {logging_mixin.py:190} INFO - [2026-06-18T19:26:20.772+0000] {dag.py:3239} INFO - Sync 1 DAGs
[2026-06-18T19:26:20.793+0000] {logging_mixin.py:190} INFO - [2026-06-18T19:26:20.793+0000] {dag.py:4180} INFO - Setting next_dagrun for example_weekday_branch_operator to 2026-06-17 00:00:00+00:00, run_after=2026-06-18 00:00:00+00:00
[2026-06-18T19:26:20.811+0000] {processor.py:208} INFO - Processing /home/airflow/.local/lib/python3.12/site-packages/airflow/example_dags/example_branch_day_of_week_operator.py took 0.081 seconds
[2026-06-18T19:26:51.115+0000] {processor.py:186} INFO - Started process (PID=1864) to work on /home/airflow/.local/lib/python3.12/site-packages/airflow/example_dags/example_branch_day_of_week_operator.py
[2026-06-18T19:26:51.118+0000] {processor.py:914} INFO - Processing file /home/airflow/.local/lib/python3.12/site-packages/airflow/example_dags/example_branch_day_of_week_operator.py for tasks to queue
[2026-06-18T19:26:51.124+0000] {logging_mixin.py:190} INFO - [2026-06-18T19:26:51.123+0000] {dagbag.py:588} INFO - Filling up the DagBag from /home/airflow/.local/lib/python3.12/site-packages/airflow/example_dags/example_branch_day_of_week_operator.py
[2026-06-18T19:26:51.139+0000] {processor.py:925} INFO - DAG(s) 'example_weekday_branch_operator' retrieved from /home/airflow/.local/lib/python3.12/site-packages/airflow/example_dags/example_branch_day_of_week_operator.py
[2026-06-18T19:26:51.176+0000] {logging_mixin.py:190} INFO - [2026-06-18T19:26:51.176+0000] {dag.py:3239} INFO - Sync 1 DAGs
[2026-06-18T19:26:51.231+0000] {logging_mixin.py:190} INFO - [2026-06-18T19:26:51.230+0000] {dag.py:4180} INFO - Setting next_dagrun for example_weekday_branch_operator to 2026-06-17 00:00:00+00:00, run_after=2026-06-18 00:00:00+00:00
[2026-06-18T19:26:51.260+0000] {processor.py:208} INFO - Processing /home/airflow/.local/lib/python3.12/site-packages/airflow/example_dags/example_branch_day_of_week_operator.py took 0.153 seconds
[2026-06-18T19:27:24.146+0000] {processor.py:186} INFO - Started process (PID=1924) to work on /home/airflow/.local/lib/python3.12/site-packages/airflow/example_dags/example_branch_day_of_week_operator.py
[2026-06-18T19:27:24.153+0000] {processor.py:914} INFO - Processing file /home/airflow/.local/lib/python3.12/site-packages/airflow/example_dags/example_branch_day_of_week_operator.py for tasks to queue
[2026-06-18T19:27:24.160+0000] {logging_mixin.py:190} INFO - [2026-06-18T19:27:24.159+0000] {dagbag.py:588} INFO - Filling up the DagBag from /home/airflow/.local/lib/python3.12/site-packages/airflow/example_dags/example_branch_day_of_week_operator.py
[2026-06-18T19:27:24.187+0000] {processor.py:925} INFO - DAG(s) 'example_weekday_branch_operator' retrieved from /home/airflow/.local/lib/python3.12/site-packages/airflow/example_dags/example_branch_day_of_week_operator.py
[2026-06-18T19:27:24.239+0000] {logging_mixin.py:190} INFO - [2026-06-18T19:27:24.238+0000] {dag.py:3239} INFO - Sync 1 DAGs
[2026-06-18T19:27:24.302+0000] {logging_mixin.py:190} INFO - [2026-06-18T19:27:24.302+0000] {dag.py:4180} INFO - Setting next_dagrun for example_weekday_branch_operator to 2026-06-17 00:00:00+00:00, run_after=2026-06-18 00:00:00+00:00
[2026-06-18T19:27:24.340+0000] {processor.py:208} INFO - Processing /home/airflow/.local/lib/python3.12/site-packages/airflow/example_dags/example_branch_day_of_week_operator.py took 0.212 seconds
[2026-06-18T19:27:55.549+0000] {processor.py:186} INFO - Started process (PID=1988) to work on /home/airflow/.local/lib/python3.12/site-packages/airflow/example_dags/example_branch_day_of_week_operator.py
[2026-06-18T19:27:55.554+0000] {processor.py:914} INFO - Processing file /home/airflow/.local/lib/python3.12/site-packages/airflow/example_dags/example_branch_day_of_week_operator.py for tasks to queue
[2026-06-18T19:27:55.565+0000] {logging_mixin.py:190} INFO - [2026-06-18T19:27:55.564+0000] {dagbag.py:588} INFO - Filling up the DagBag from /home/airflow/.local/lib/python3.12/site-packages/airflow/example_dags/example_branch_day_of_week_operator.py
[2026-06-18T19:27:55.595+0000] {processor.py:925} INFO - DAG(s) 'example_weekday_branch_operator' retrieved from /home/airflow/.local/lib/python3.12/site-packages/airflow/example_dags/example_branch_day_of_week_operator.py
[2026-06-18T19:27:55.643+0000] {logging_mixin.py:190} INFO - [2026-06-18T19:27:55.642+0000] {dag.py:3239} INFO - Sync 1 DAGs
[2026-06-18T19:27:55.696+0000] {logging_mixin.py:190} INFO - [2026-06-18T19:27:55.696+0000] {dag.py:4180} INFO - Setting next_dagrun for example_weekday_branch_operator to 2026-06-17 00:00:00+00:00, run_after=2026-06-18 00:00:00+00:00
[2026-06-18T19:27:55.734+0000] {processor.py:208} INFO - Processing /home/airflow/.local/lib/python3.12/site-packages/airflow/example_dags/example_branch_day_of_week_operator.py took 0.204 seconds
[2026-06-18T19:28:25.961+0000] {processor.py:186} INFO - Started process (PID=2051) to work on /home/airflow/.local/lib/python3.12/site-packages/airflow/example_dags/example_branch_day_of_week_operator.py
[2026-06-18T19:28:25.964+0000] {processor.py:914} INFO - Processing file /home/airflow/.local/lib/python3.12/site-packages/airflow/example_dags/example_branch_day_of_week_operator.py for tasks to queue
[2026-06-18T19:28:25.971+0000] {logging_mixin.py:190} INFO - [2026-06-18T19:28:25.970+0000] {dagbag.py:588} INFO - Filling up the DagBag from /home/airflow/.local/lib/python3.12/site-packages/airflow/example_dags/example_branch_day_of_week_operator.py
[2026-06-18T19:28:25.987+0000] {processor.py:925} INFO - DAG(s) 'example_weekday_branch_operator' retrieved from /home/airflow/.local/lib/python3.12/site-packages/airflow/example_dags/example_branch_day_of_week_operator.py
[2026-06-18T19:28:26.028+0000] {logging_mixin.py:190} INFO - [2026-06-18T19:28:26.028+0000] {dag.py:3239} INFO - Sync 1 DAGs
[2026-06-18T19:28:26.065+0000] {logging_mixin.py:190} INFO - [2026-06-18T19:28:26.065+0000] {dag.py:4180} INFO - Setting next_dagrun for example_weekday_branch_operator to 2026-06-17 00:00:00+00:00, run_after=2026-06-18 00:00:00+00:00
[2026-06-18T19:28:26.095+0000] {processor.py:208} INFO - Processing /home/airflow/.local/lib/python3.12/site-packages/airflow/example_dags/example_branch_day_of_week_operator.py took 0.144 seconds
[2026-06-18T19:28:56.941+0000] {processor.py:186} INFO - Started process (PID=2115) to work on /home/airflow/.local/lib/python3.12/site-packages/airflow/example_dags/example_branch_day_of_week_operator.py
[2026-06-18T19:28:56.946+0000] {processor.py:914} INFO - Processing file /home/airflow/.local/lib/python3.12/site-packages/airflow/example_dags/example_branch_day_of_week_operator.py for tasks to queue
[2026-06-18T19:28:56.954+0000] {logging_mixin.py:190} INFO - [2026-06-18T19:28:56.954+0000] {dagbag.py:588} INFO - Filling up the DagBag from /home/airflow/.local/lib/python3.12/site-packages/airflow/example_dags/example_branch_day_of_week_operator.py
[2026-06-18T19:28:56.982+0000] {processor.py:925} INFO - DAG(s) 'example_weekday_branch_operator' retrieved from /home/airflow/.local/lib/python3.12/site-packages/airflow/example_dags/example_branch_day_of_week_operator.py
[2026-06-18T19:28:57.040+0000] {logging_mixin.py:190} INFO - [2026-06-18T19:28:57.039+0000] {dag.py:3239} INFO - Sync 1 DAGs
[2026-06-18T19:28:57.110+0000] {logging_mixin.py:190} INFO - [2026-06-18T19:28:57.109+0000] {dag.py:4180} INFO - Setting next_dagrun for example_weekday_branch_operator to 2026-06-17 00:00:00+00:00, run_after=2026-06-18 00:00:00+00:00
[2026-06-18T19:28:57.166+0000] {processor.py:208} INFO - Processing /home/airflow/.local/lib/python3.12/site-packages/airflow/example_dags/example_branch_day_of_week_operator.py took 0.240 seconds
[2026-06-18T19:29:27.969+0000] {processor.py:186} INFO - Started process (PID=2178) to work on /home/airflow/.local/lib/python3.12/site-packages/airflow/example_dags/example_branch_day_of_week_operator.py
[2026-06-18T19:29:27.974+0000] {processor.py:914} INFO - Processing file /home/airflow/.local/lib/python3.12/site-packages/airflow/example_dags/example_branch_day_of_week_operator.py for tasks to queue
[2026-06-18T19:29:27.986+0000] {logging_mixin.py:190} INFO - [2026-06-18T19:29:27.985+0000] {dagbag.py:588} INFO - Filling up the DagBag from /home/airflow/.local/lib/python3.12/site-packages/airflow/example_dags/example_branch_day_of_week_operator.py
[2026-06-18T19:29:28.032+0000] {processor.py:925} INFO - DAG(s) 'example_weekday_branch_operator' retrieved from /home/airflow/.local/lib/python3.12/site-packages/airflow/example_dags/example_branch_day_of_week_operator.py
[2026-06-18T19:29:28.109+0000] {logging_mixin.py:190} INFO - [2026-06-18T19:29:28.108+0000] {dag.py:3239} INFO - Sync 1 DAGs
[2026-06-18T19:29:28.192+0000] {logging_mixin.py:190} INFO - [2026-06-18T19:29:28.192+0000] {dag.py:4180} INFO - Setting next_dagrun for example_weekday_branch_operator to 2026-06-17 00:00:00+00:00, run_after=2026-06-18 00:00:00+00:00
[2026-06-18T19:29:28.244+0000] {processor.py:208} INFO - Processing /home/airflow/.local/lib/python3.12/site-packages/airflow/example_dags/example_branch_day_of_week_operator.py took 0.298 seconds
[2026-06-18T19:29:58.732+0000] {processor.py:186} INFO - Started process (PID=2242) to work on /home/airflow/.local/lib/python3.12/site-packages/airflow/example_dags/example_branch_day_of_week_operator.py
[2026-06-18T19:29:58.734+0000] {processor.py:914} INFO - Processing file /home/airflow/.local/lib/python3.12/site-packages/airflow/example_dags/example_branch_day_of_week_operator.py for tasks to queue
[2026-06-18T19:29:58.738+0000] {logging_mixin.py:190} INFO - [2026-06-18T19:29:58.738+0000] {dagbag.py:588} INFO - Filling up the DagBag from /home/airflow/.local/lib/python3.12/site-packages/airflow/example_dags/example_branch_day_of_week_operator.py
[2026-06-18T19:29:58.751+0000] {processor.py:925} INFO - DAG(s) 'example_weekday_branch_operator' retrieved from /home/airflow/.local/lib/python3.12/site-packages/airflow/example_dags/example_branch_day_of_week_operator.py
[2026-06-18T19:29:58.772+0000] {logging_mixin.py:190} INFO - [2026-06-18T19:29:58.771+0000] {dag.py:3239} INFO - Sync 1 DAGs
[2026-06-18T19:29:58.797+0000] {logging_mixin.py:190} INFO - [2026-06-18T19:29:58.797+0000] {dag.py:4180} INFO - Setting next_dagrun for example_weekday_branch_operator to 2026-06-17 00:00:00+00:00, run_after=2026-06-18 00:00:00+00:00
[2026-06-18T19:29:58.817+0000] {processor.py:208} INFO - Processing /home/airflow/.local/lib/python3.12/site-packages/airflow/example_dags/example_branch_day_of_week_operator.py took 0.091 seconds
[2026-06-18T19:30:29.151+0000] {processor.py:186} INFO - Started process (PID=2306) to work on /home/airflow/.local/lib/python3.12/site-packages/airflow/example_dags/example_branch_day_of_week_operator.py
[2026-06-18T19:30:29.156+0000] {processor.py:914} INFO - Processing file /home/airflow/.local/lib/python3.12/site-packages/airflow/example_dags/example_branch_day_of_week_operator.py for tasks to queue
[2026-06-18T19:30:29.166+0000] {logging_mixin.py:190} INFO - [2026-06-18T19:30:29.164+0000] {dagbag.py:588} INFO - Filling up the DagBag from /home/airflow/.local/lib/python3.12/site-packages/airflow/example_dags/example_branch_day_of_week_operator.py
[2026-06-18T19:30:29.196+0000] {processor.py:925} INFO - DAG(s) 'example_weekday_branch_operator' retrieved from /home/airflow/.local/lib/python3.12/site-packages/airflow/example_dags/example_branch_day_of_week_operator.py
[2026-06-18T19:30:29.263+0000] {logging_mixin.py:190} INFO - [2026-06-18T19:30:29.262+0000] {dag.py:3239} INFO - Sync 1 DAGs
[2026-06-18T19:30:29.397+0000] {logging_mixin.py:190} INFO - [2026-06-18T19:30:29.396+0000] {dag.py:4180} INFO - Setting next_dagrun for example_weekday_branch_operator to 2026-06-17 00:00:00+00:00, run_after=2026-06-18 00:00:00+00:00
[2026-06-18T19:30:29.660+0000] {processor.py:208} INFO - Processing /home/airflow/.local/lib/python3.12/site-packages/airflow/example_dags/example_branch_day_of_week_operator.py took 0.526 seconds
[2026-06-18T19:31:00.788+0000] {processor.py:186} INFO - Started process (PID=2370) to work on /home/airflow/.local/lib/python3.12/site-packages/airflow/example_dags/example_branch_day_of_week_operator.py
[2026-06-18T19:31:00.790+0000] {processor.py:914} INFO - Processing file /home/airflow/.local/lib/python3.12/site-packages/airflow/example_dags/example_branch_day_of_week_operator.py for tasks to queue
[2026-06-18T19:31:00.796+0000] {logging_mixin.py:190} INFO - [2026-06-18T19:31:00.796+0000] {dagbag.py:588} INFO - Filling up the DagBag from /home/airflow/.local/lib/python3.12/site-packages/airflow/example_dags/example_branch_day_of_week_operator.py
[2026-06-18T19:31:00.821+0000] {processor.py:925} INFO - DAG(s) 'example_weekday_branch_operator' retrieved from /home/airflow/.local/lib/python3.12/site-packages/airflow/example_dags/example_branch_day_of_week_operator.py
[2026-06-18T19:31:00.863+0000] {logging_mixin.py:190} INFO - [2026-06-18T19:31:00.862+0000] {dag.py:3239} INFO - Sync 1 DAGs
[2026-06-18T19:31:00.931+0000] {logging_mixin.py:190} INFO - [2026-06-18T19:31:00.930+0000] {dag.py:4180} INFO - Setting next_dagrun for example_weekday_branch_operator to 2026-06-17 00:00:00+00:00, run_after=2026-06-18 00:00:00+00:00
[2026-06-18T19:31:00.981+0000] {processor.py:208} INFO - Processing /home/airflow/.local/lib/python3.12/site-packages/airflow/example_dags/example_branch_day_of_week_operator.py took 0.204 seconds
[2026-06-18T19:31:31.113+0000] {processor.py:186} INFO - Started process (PID=2434) to work on /home/airflow/.local/lib/python3.12/site-packages/airflow/example_dags/example_branch_day_of_week_operator.py
[2026-06-18T19:31:31.117+0000] {processor.py:914} INFO - Processing file /home/airflow/.local/lib/python3.12/site-packages/airflow/example_dags/example_branch_day_of_week_operator.py for tasks to queue
[2026-06-18T19:31:31.124+0000] {logging_mixin.py:190} INFO - [2026-06-18T19:31:31.123+0000] {dagbag.py:588} INFO - Filling up the DagBag from /home/airflow/.local/lib/python3.12/site-packages/airflow/example_dags/example_branch_day_of_week_operator.py
[2026-06-18T19:31:31.151+0000] {processor.py:925} INFO - DAG(s) 'example_weekday_branch_operator' retrieved from /home/airflow/.local/lib/python3.12/site-packages/airflow/example_dags/example_branch_day_of_week_operator.py
[2026-06-18T19:31:31.197+0000] {logging_mixin.py:190} INFO - [2026-06-18T19:31:31.197+0000] {dag.py:3239} INFO - Sync 1 DAGs
[2026-06-18T19:31:31.240+0000] {logging_mixin.py:190} INFO - [2026-06-18T19:31:31.240+0000] {dag.py:4180} INFO - Setting next_dagrun for example_weekday_branch_operator to 2026-06-17 00:00:00+00:00, run_after=2026-06-18 00:00:00+00:00
[2026-06-18T19:31:31.278+0000] {processor.py:208} INFO - Processing /home/airflow/.local/lib/python3.12/site-packages/airflow/example_dags/example_branch_day_of_week_operator.py took 0.182 seconds
