[2026-06-18T19:12:26.701+0000] {processor.py:186} INFO - Started process (PID=113) to work on /home/airflow/.local/lib/python3.12/site-packages/airflow/example_dags/example_external_task_marker_dag.py
[2026-06-18T19:12:26.704+0000] {processor.py:914} INFO - Processing file /home/airflow/.local/lib/python3.12/site-packages/airflow/example_dags/example_external_task_marker_dag.py for tasks to queue
[2026-06-18T19:12:26.711+0000] {logging_mixin.py:190} INFO - [2026-06-18T19:12:26.710+0000] {dagbag.py:588} INFO - Filling up the DagBag from /home/airflow/.local/lib/python3.12/site-packages/airflow/example_dags/example_external_task_marker_dag.py
[2026-06-18T19:12:26.734+0000] {processor.py:925} INFO - DAG(s) 'example_external_task_marker_child', 'example_external_task_marker_parent' retrieved from /home/airflow/.local/lib/python3.12/site-packages/airflow/example_dags/example_external_task_marker_dag.py
[2026-06-18T19:12:26.791+0000] {logging_mixin.py:190} INFO - [2026-06-18T19:12:26.790+0000] {dag.py:3239} INFO - Sync 2 DAGs
[2026-06-18T19:12:26.826+0000] {logging_mixin.py:190} INFO - [2026-06-18T19:12:26.826+0000] {dag.py:4180} INFO - Setting next_dagrun for example_external_task_marker_child to None, run_after=None
[2026-06-18T19:12:26.837+0000] {logging_mixin.py:190} INFO - [2026-06-18T19:12:26.837+0000] {dag.py:4180} INFO - Setting next_dagrun for example_external_task_marker_parent to None, run_after=None
[2026-06-18T19:12:26.873+0000] {processor.py:208} INFO - Processing /home/airflow/.local/lib/python3.12/site-packages/airflow/example_dags/example_external_task_marker_dag.py took 0.186 seconds
[2026-06-18T19:12:59.334+0000] {processor.py:186} INFO - Started process (PID=177) to work on /home/airflow/.local/lib/python3.12/site-packages/airflow/example_dags/example_external_task_marker_dag.py
[2026-06-18T19:12:59.341+0000] {processor.py:914} INFO - Processing file /home/airflow/.local/lib/python3.12/site-packages/airflow/example_dags/example_external_task_marker_dag.py for tasks to queue
[2026-06-18T19:12:59.350+0000] {logging_mixin.py:190} INFO - [2026-06-18T19:12:59.349+0000] {dagbag.py:588} INFO - Filling up the DagBag from /home/airflow/.local/lib/python3.12/site-packages/airflow/example_dags/example_external_task_marker_dag.py
[2026-06-18T19:12:59.398+0000] {processor.py:925} INFO - DAG(s) 'example_external_task_marker_child', 'example_external_task_marker_parent' retrieved from /home/airflow/.local/lib/python3.12/site-packages/airflow/example_dags/example_external_task_marker_dag.py
[2026-06-18T19:12:59.479+0000] {logging_mixin.py:190} INFO - [2026-06-18T19:12:59.479+0000] {dag.py:3239} INFO - Sync 2 DAGs
[2026-06-18T19:12:59.525+0000] {logging_mixin.py:190} INFO - [2026-06-18T19:12:59.524+0000] {dag.py:4180} INFO - Setting next_dagrun for example_external_task_marker_child to None, run_after=None
[2026-06-18T19:12:59.538+0000] {logging_mixin.py:190} INFO - [2026-06-18T19:12:59.538+0000] {dag.py:4180} INFO - Setting next_dagrun for example_external_task_marker_parent to None, run_after=None
[2026-06-18T19:12:59.608+0000] {processor.py:208} INFO - Processing /home/airflow/.local/lib/python3.12/site-packages/airflow/example_dags/example_external_task_marker_dag.py took 0.306 seconds
[2026-06-18T19:13:37.526+0000] {processor.py:186} INFO - Started process (PID=241) to work on /home/airflow/.local/lib/python3.12/site-packages/airflow/example_dags/example_external_task_marker_dag.py
[2026-06-18T19:13:37.533+0000] {processor.py:914} INFO - Processing file /home/airflow/.local/lib/python3.12/site-packages/airflow/example_dags/example_external_task_marker_dag.py for tasks to queue
[2026-06-18T19:13:37.556+0000] {logging_mixin.py:190} INFO - [2026-06-18T19:13:37.555+0000] {dagbag.py:588} INFO - Filling up the DagBag from /home/airflow/.local/lib/python3.12/site-packages/airflow/example_dags/example_external_task_marker_dag.py
[2026-06-18T19:13:37.624+0000] {processor.py:925} INFO - DAG(s) 'example_external_task_marker_parent', 'example_external_task_marker_child' retrieved from /home/airflow/.local/lib/python3.12/site-packages/airflow/example_dags/example_external_task_marker_dag.py
[2026-06-18T19:13:37.760+0000] {logging_mixin.py:190} INFO - [2026-06-18T19:13:37.759+0000] {dag.py:3239} INFO - Sync 2 DAGs
[2026-06-18T19:13:37.817+0000] {logging_mixin.py:190} INFO - [2026-06-18T19:13:37.816+0000] {dag.py:4180} INFO - Setting next_dagrun for example_external_task_marker_child to None, run_after=None
[2026-06-18T19:13:37.830+0000] {logging_mixin.py:190} INFO - [2026-06-18T19:13:37.829+0000] {dag.py:4180} INFO - Setting next_dagrun for example_external_task_marker_parent to None, run_after=None
[2026-06-18T19:13:37.893+0000] {processor.py:208} INFO - Processing /home/airflow/.local/lib/python3.12/site-packages/airflow/example_dags/example_external_task_marker_dag.py took 0.405 seconds
[2026-06-18T19:14:09.256+0000] {processor.py:186} INFO - Started process (PID=304) to work on /home/airflow/.local/lib/python3.12/site-packages/airflow/example_dags/example_external_task_marker_dag.py
[2026-06-18T19:14:09.263+0000] {processor.py:914} INFO - Processing file /home/airflow/.local/lib/python3.12/site-packages/airflow/example_dags/example_external_task_marker_dag.py for tasks to queue
[2026-06-18T19:14:09.268+0000] {logging_mixin.py:190} INFO - [2026-06-18T19:14:09.268+0000] {dagbag.py:588} INFO - Filling up the DagBag from /home/airflow/.local/lib/python3.12/site-packages/airflow/example_dags/example_external_task_marker_dag.py
[2026-06-18T19:14:09.292+0000] {processor.py:925} INFO - DAG(s) 'example_external_task_marker_child', 'example_external_task_marker_parent' retrieved from /home/airflow/.local/lib/python3.12/site-packages/airflow/example_dags/example_external_task_marker_dag.py
[2026-06-18T19:14:09.364+0000] {logging_mixin.py:190} INFO - [2026-06-18T19:14:09.364+0000] {dag.py:3239} INFO - Sync 2 DAGs
[2026-06-18T19:14:09.419+0000] {logging_mixin.py:190} INFO - [2026-06-18T19:14:09.418+0000] {dag.py:4180} INFO - Setting next_dagrun for example_external_task_marker_child to None, run_after=None
[2026-06-18T19:14:09.438+0000] {logging_mixin.py:190} INFO - [2026-06-18T19:14:09.438+0000] {dag.py:4180} INFO - Setting next_dagrun for example_external_task_marker_parent to None, run_after=None
[2026-06-18T19:14:09.487+0000] {processor.py:208} INFO - Processing /home/airflow/.local/lib/python3.12/site-packages/airflow/example_dags/example_external_task_marker_dag.py took 0.244 seconds
[2026-06-18T19:14:39.823+0000] {processor.py:186} INFO - Started process (PID=368) to work on /home/airflow/.local/lib/python3.12/site-packages/airflow/example_dags/example_external_task_marker_dag.py
[2026-06-18T19:14:39.826+0000] {processor.py:914} INFO - Processing file /home/airflow/.local/lib/python3.12/site-packages/airflow/example_dags/example_external_task_marker_dag.py for tasks to queue
[2026-06-18T19:14:39.830+0000] {logging_mixin.py:190} INFO - [2026-06-18T19:14:39.829+0000] {dagbag.py:588} INFO - Filling up the DagBag from /home/airflow/.local/lib/python3.12/site-packages/airflow/example_dags/example_external_task_marker_dag.py
[2026-06-18T19:14:39.841+0000] {processor.py:925} INFO - DAG(s) 'example_external_task_marker_child', 'example_external_task_marker_parent' retrieved from /home/airflow/.local/lib/python3.12/site-packages/airflow/example_dags/example_external_task_marker_dag.py
[2026-06-18T19:14:39.877+0000] {logging_mixin.py:190} INFO - [2026-06-18T19:14:39.876+0000] {dag.py:3239} INFO - Sync 2 DAGs
[2026-06-18T19:14:39.898+0000] {logging_mixin.py:190} INFO - [2026-06-18T19:14:39.898+0000] {dag.py:4180} INFO - Setting next_dagrun for example_external_task_marker_child to None, run_after=None
[2026-06-18T19:14:39.905+0000] {logging_mixin.py:190} INFO - [2026-06-18T19:14:39.905+0000] {dag.py:4180} INFO - Setting next_dagrun for example_external_task_marker_parent to None, run_after=None
[2026-06-18T19:14:39.941+0000] {processor.py:208} INFO - Processing /home/airflow/.local/lib/python3.12/site-packages/airflow/example_dags/example_external_task_marker_dag.py took 0.126 seconds
[2026-06-18T19:15:11.502+0000] {processor.py:186} INFO - Started process (PID=432) to work on /home/airflow/.local/lib/python3.12/site-packages/airflow/example_dags/example_external_task_marker_dag.py
[2026-06-18T19:15:11.507+0000] {processor.py:914} INFO - Processing file /home/airflow/.local/lib/python3.12/site-packages/airflow/example_dags/example_external_task_marker_dag.py for tasks to queue
[2026-06-18T19:15:11.523+0000] {logging_mixin.py:190} INFO - [2026-06-18T19:15:11.522+0000] {dagbag.py:588} INFO - Filling up the DagBag from /home/airflow/.local/lib/python3.12/site-packages/airflow/example_dags/example_external_task_marker_dag.py
[2026-06-18T19:15:11.547+0000] {processor.py:925} INFO - DAG(s) 'example_external_task_marker_child', 'example_external_task_marker_parent' retrieved from /home/airflow/.local/lib/python3.12/site-packages/airflow/example_dags/example_external_task_marker_dag.py
[2026-06-18T19:15:11.667+0000] {logging_mixin.py:190} INFO - [2026-06-18T19:15:11.666+0000] {dag.py:3239} INFO - Sync 2 DAGs
[2026-06-18T19:15:11.793+0000] {logging_mixin.py:190} INFO - [2026-06-18T19:15:11.792+0000] {dag.py:4180} INFO - Setting next_dagrun for example_external_task_marker_child to None, run_after=None
[2026-06-18T19:15:11.816+0000] {logging_mixin.py:190} INFO - [2026-06-18T19:15:11.813+0000] {dag.py:4180} INFO - Setting next_dagrun for example_external_task_marker_parent to None, run_after=None
[2026-06-18T19:15:11.879+0000] {processor.py:208} INFO - Processing /home/airflow/.local/lib/python3.12/site-packages/airflow/example_dags/example_external_task_marker_dag.py took 0.394 seconds
[2026-06-18T19:15:41.970+0000] {processor.py:186} INFO - Started process (PID=495) to work on /home/airflow/.local/lib/python3.12/site-packages/airflow/example_dags/example_external_task_marker_dag.py
[2026-06-18T19:15:41.973+0000] {processor.py:914} INFO - Processing file /home/airflow/.local/lib/python3.12/site-packages/airflow/example_dags/example_external_task_marker_dag.py for tasks to queue
[2026-06-18T19:15:41.978+0000] {logging_mixin.py:190} INFO - [2026-06-18T19:15:41.977+0000] {dagbag.py:588} INFO - Filling up the DagBag from /home/airflow/.local/lib/python3.12/site-packages/airflow/example_dags/example_external_task_marker_dag.py
[2026-06-18T19:15:41.992+0000] {processor.py:925} INFO - DAG(s) 'example_external_task_marker_child', 'example_external_task_marker_parent' retrieved from /home/airflow/.local/lib/python3.12/site-packages/airflow/example_dags/example_external_task_marker_dag.py
[2026-06-18T19:15:42.022+0000] {logging_mixin.py:190} INFO - [2026-06-18T19:15:42.021+0000] {dag.py:3239} INFO - Sync 2 DAGs
[2026-06-18T19:15:42.040+0000] {logging_mixin.py:190} INFO - [2026-06-18T19:15:42.040+0000] {dag.py:4180} INFO - Setting next_dagrun for example_external_task_marker_child to None, run_after=None
[2026-06-18T19:15:42.047+0000] {logging_mixin.py:190} INFO - [2026-06-18T19:15:42.047+0000] {dag.py:4180} INFO - Setting next_dagrun for example_external_task_marker_parent to None, run_after=None
[2026-06-18T19:15:42.068+0000] {processor.py:208} INFO - Processing /home/airflow/.local/lib/python3.12/site-packages/airflow/example_dags/example_external_task_marker_dag.py took 0.105 seconds
[2026-06-18T19:16:12.940+0000] {processor.py:186} INFO - Started process (PID=559) to work on /home/airflow/.local/lib/python3.12/site-packages/airflow/example_dags/example_external_task_marker_dag.py
[2026-06-18T19:16:12.944+0000] {processor.py:914} INFO - Processing file /home/airflow/.local/lib/python3.12/site-packages/airflow/example_dags/example_external_task_marker_dag.py for tasks to queue
[2026-06-18T19:16:12.951+0000] {logging_mixin.py:190} INFO - [2026-06-18T19:16:12.950+0000] {dagbag.py:588} INFO - Filling up the DagBag from /home/airflow/.local/lib/python3.12/site-packages/airflow/example_dags/example_external_task_marker_dag.py
[2026-06-18T19:16:12.973+0000] {processor.py:925} INFO - DAG(s) 'example_external_task_marker_child', 'example_external_task_marker_parent' retrieved from /home/airflow/.local/lib/python3.12/site-packages/airflow/example_dags/example_external_task_marker_dag.py
[2026-06-18T19:16:13.014+0000] {logging_mixin.py:190} INFO - [2026-06-18T19:16:13.014+0000] {dag.py:3239} INFO - Sync 2 DAGs
[2026-06-18T19:16:13.041+0000] {logging_mixin.py:190} INFO - [2026-06-18T19:16:13.041+0000] {dag.py:4180} INFO - Setting next_dagrun for example_external_task_marker_child to None, run_after=None
[2026-06-18T19:16:13.047+0000] {logging_mixin.py:190} INFO - [2026-06-18T19:16:13.047+0000] {dag.py:4180} INFO - Setting next_dagrun for example_external_task_marker_parent to None, run_after=None
[2026-06-18T19:16:13.075+0000] {processor.py:208} INFO - Processing /home/airflow/.local/lib/python3.12/site-packages/airflow/example_dags/example_external_task_marker_dag.py took 0.150 seconds
[2026-06-18T19:16:45.458+0000] {processor.py:186} INFO - Started process (PID=623) to work on /home/airflow/.local/lib/python3.12/site-packages/airflow/example_dags/example_external_task_marker_dag.py
[2026-06-18T19:16:45.463+0000] {processor.py:914} INFO - Processing file /home/airflow/.local/lib/python3.12/site-packages/airflow/example_dags/example_external_task_marker_dag.py for tasks to queue
[2026-06-18T19:16:45.473+0000] {logging_mixin.py:190} INFO - [2026-06-18T19:16:45.472+0000] {dagbag.py:588} INFO - Filling up the DagBag from /home/airflow/.local/lib/python3.12/site-packages/airflow/example_dags/example_external_task_marker_dag.py
[2026-06-18T19:16:45.495+0000] {processor.py:925} INFO - DAG(s) 'example_external_task_marker_parent', 'example_external_task_marker_child' retrieved from /home/airflow/.local/lib/python3.12/site-packages/airflow/example_dags/example_external_task_marker_dag.py
[2026-06-18T19:16:45.554+0000] {logging_mixin.py:190} INFO - [2026-06-18T19:16:45.554+0000] {dag.py:3239} INFO - Sync 2 DAGs
[2026-06-18T19:16:45.592+0000] {logging_mixin.py:190} INFO - [2026-06-18T19:16:45.591+0000] {dag.py:4180} INFO - Setting next_dagrun for example_external_task_marker_child to None, run_after=None
[2026-06-18T19:16:45.602+0000] {logging_mixin.py:190} INFO - [2026-06-18T19:16:45.602+0000] {dag.py:4180} INFO - Setting next_dagrun for example_external_task_marker_parent to None, run_after=None
[2026-06-18T19:16:45.643+0000] {processor.py:208} INFO - Processing /home/airflow/.local/lib/python3.12/site-packages/airflow/example_dags/example_external_task_marker_dag.py took 0.202 seconds
[2026-06-18T19:17:16.385+0000] {processor.py:186} INFO - Started process (PID=687) to work on /home/airflow/.local/lib/python3.12/site-packages/airflow/example_dags/example_external_task_marker_dag.py
[2026-06-18T19:17:16.387+0000] {processor.py:914} INFO - Processing file /home/airflow/.local/lib/python3.12/site-packages/airflow/example_dags/example_external_task_marker_dag.py for tasks to queue
[2026-06-18T19:17:16.390+0000] {logging_mixin.py:190} INFO - [2026-06-18T19:17:16.390+0000] {dagbag.py:588} INFO - Filling up the DagBag from /home/airflow/.local/lib/python3.12/site-packages/airflow/example_dags/example_external_task_marker_dag.py
[2026-06-18T19:17:16.401+0000] {processor.py:925} INFO - DAG(s) 'example_external_task_marker_parent', 'example_external_task_marker_child' retrieved from /home/airflow/.local/lib/python3.12/site-packages/airflow/example_dags/example_external_task_marker_dag.py
[2026-06-18T19:17:16.427+0000] {logging_mixin.py:190} INFO - [2026-06-18T19:17:16.427+0000] {dag.py:3239} INFO - Sync 2 DAGs
[2026-06-18T19:17:16.444+0000] {logging_mixin.py:190} INFO - [2026-06-18T19:17:16.444+0000] {dag.py:4180} INFO - Setting next_dagrun for example_external_task_marker_child to None, run_after=None
[2026-06-18T19:17:16.449+0000] {logging_mixin.py:190} INFO - [2026-06-18T19:17:16.449+0000] {dag.py:4180} INFO - Setting next_dagrun for example_external_task_marker_parent to None, run_after=None
[2026-06-18T19:17:16.468+0000] {processor.py:208} INFO - Processing /home/airflow/.local/lib/python3.12/site-packages/airflow/example_dags/example_external_task_marker_dag.py took 0.088 seconds
[2026-06-18T19:17:49.188+0000] {processor.py:186} INFO - Started process (PID=758) to work on /home/airflow/.local/lib/python3.12/site-packages/airflow/example_dags/example_external_task_marker_dag.py
[2026-06-18T19:17:49.191+0000] {processor.py:914} INFO - Processing file /home/airflow/.local/lib/python3.12/site-packages/airflow/example_dags/example_external_task_marker_dag.py for tasks to queue
[2026-06-18T19:17:49.197+0000] {logging_mixin.py:190} INFO - [2026-06-18T19:17:49.196+0000] {dagbag.py:588} INFO - Filling up the DagBag from /home/airflow/.local/lib/python3.12/site-packages/airflow/example_dags/example_external_task_marker_dag.py
[2026-06-18T19:17:49.210+0000] {processor.py:925} INFO - DAG(s) 'example_external_task_marker_parent', 'example_external_task_marker_child' retrieved from /home/airflow/.local/lib/python3.12/site-packages/airflow/example_dags/example_external_task_marker_dag.py
[2026-06-18T19:17:49.286+0000] {logging_mixin.py:190} INFO - [2026-06-18T19:17:49.286+0000] {dag.py:3239} INFO - Sync 2 DAGs
[2026-06-18T19:17:49.353+0000] {logging_mixin.py:190} INFO - [2026-06-18T19:17:49.352+0000] {dag.py:4180} INFO - Setting next_dagrun for example_external_task_marker_child to None, run_after=None
[2026-06-18T19:17:49.369+0000] {logging_mixin.py:190} INFO - [2026-06-18T19:17:49.369+0000] {dag.py:4180} INFO - Setting next_dagrun for example_external_task_marker_parent to None, run_after=None
[2026-06-18T19:17:49.431+0000] {processor.py:208} INFO - Processing /home/airflow/.local/lib/python3.12/site-packages/airflow/example_dags/example_external_task_marker_dag.py took 0.252 seconds
[2026-06-18T19:18:19.694+0000] {processor.py:186} INFO - Started process (PID=822) to work on /home/airflow/.local/lib/python3.12/site-packages/airflow/example_dags/example_external_task_marker_dag.py
[2026-06-18T19:18:19.699+0000] {processor.py:914} INFO - Processing file /home/airflow/.local/lib/python3.12/site-packages/airflow/example_dags/example_external_task_marker_dag.py for tasks to queue
[2026-06-18T19:18:19.705+0000] {logging_mixin.py:190} INFO - [2026-06-18T19:18:19.705+0000] {dagbag.py:588} INFO - Filling up the DagBag from /home/airflow/.local/lib/python3.12/site-packages/airflow/example_dags/example_external_task_marker_dag.py
[2026-06-18T19:18:19.726+0000] {processor.py:925} INFO - DAG(s) 'example_external_task_marker_child', 'example_external_task_marker_parent' retrieved from /home/airflow/.local/lib/python3.12/site-packages/airflow/example_dags/example_external_task_marker_dag.py
[2026-06-18T19:18:19.780+0000] {logging_mixin.py:190} INFO - [2026-06-18T19:18:19.780+0000] {dag.py:3239} INFO - Sync 2 DAGs
[2026-06-18T19:18:19.814+0000] {logging_mixin.py:190} INFO - [2026-06-18T19:18:19.813+0000] {dag.py:4180} INFO - Setting next_dagrun for example_external_task_marker_child to None, run_after=None
[2026-06-18T19:18:19.823+0000] {logging_mixin.py:190} INFO - [2026-06-18T19:18:19.823+0000] {dag.py:4180} INFO - Setting next_dagrun for example_external_task_marker_parent to None, run_after=None
[2026-06-18T19:18:19.858+0000] {processor.py:208} INFO - Processing /home/airflow/.local/lib/python3.12/site-packages/airflow/example_dags/example_external_task_marker_dag.py took 0.181 seconds
[2026-06-18T19:18:51.570+0000] {processor.py:186} INFO - Started process (PID=886) to work on /home/airflow/.local/lib/python3.12/site-packages/airflow/example_dags/example_external_task_marker_dag.py
[2026-06-18T19:18:51.576+0000] {processor.py:914} INFO - Processing file /home/airflow/.local/lib/python3.12/site-packages/airflow/example_dags/example_external_task_marker_dag.py for tasks to queue
[2026-06-18T19:18:51.585+0000] {logging_mixin.py:190} INFO - [2026-06-18T19:18:51.584+0000] {dagbag.py:588} INFO - Filling up the DagBag from /home/airflow/.local/lib/python3.12/site-packages/airflow/example_dags/example_external_task_marker_dag.py
[2026-06-18T19:18:51.607+0000] {processor.py:925} INFO - DAG(s) 'example_external_task_marker_child', 'example_external_task_marker_parent' retrieved from /home/airflow/.local/lib/python3.12/site-packages/airflow/example_dags/example_external_task_marker_dag.py
[2026-06-18T19:18:51.670+0000] {logging_mixin.py:190} INFO - [2026-06-18T19:18:51.669+0000] {dag.py:3239} INFO - Sync 2 DAGs
[2026-06-18T19:18:51.728+0000] {logging_mixin.py:190} INFO - [2026-06-18T19:18:51.728+0000] {dag.py:4180} INFO - Setting next_dagrun for example_external_task_marker_child to None, run_after=None
[2026-06-18T19:18:51.748+0000] {logging_mixin.py:190} INFO - [2026-06-18T19:18:51.747+0000] {dag.py:4180} INFO - Setting next_dagrun for example_external_task_marker_parent to None, run_after=None
[2026-06-18T19:18:51.830+0000] {processor.py:208} INFO - Processing /home/airflow/.local/lib/python3.12/site-packages/airflow/example_dags/example_external_task_marker_dag.py took 0.276 seconds
[2026-06-18T19:19:23.620+0000] {processor.py:186} INFO - Started process (PID=950) to work on /home/airflow/.local/lib/python3.12/site-packages/airflow/example_dags/example_external_task_marker_dag.py
[2026-06-18T19:19:23.626+0000] {processor.py:914} INFO - Processing file /home/airflow/.local/lib/python3.12/site-packages/airflow/example_dags/example_external_task_marker_dag.py for tasks to queue
[2026-06-18T19:19:23.637+0000] {logging_mixin.py:190} INFO - [2026-06-18T19:19:23.635+0000] {dagbag.py:588} INFO - Filling up the DagBag from /home/airflow/.local/lib/python3.12/site-packages/airflow/example_dags/example_external_task_marker_dag.py
[2026-06-18T19:19:23.665+0000] {processor.py:925} INFO - DAG(s) 'example_external_task_marker_parent', 'example_external_task_marker_child' retrieved from /home/airflow/.local/lib/python3.12/site-packages/airflow/example_dags/example_external_task_marker_dag.py
[2026-06-18T19:19:23.733+0000] {logging_mixin.py:190} INFO - [2026-06-18T19:19:23.732+0000] {dag.py:3239} INFO - Sync 2 DAGs
[2026-06-18T19:19:23.777+0000] {logging_mixin.py:190} INFO - [2026-06-18T19:19:23.776+0000] {dag.py:4180} INFO - Setting next_dagrun for example_external_task_marker_child to None, run_after=None
[2026-06-18T19:19:23.791+0000] {logging_mixin.py:190} INFO - [2026-06-18T19:19:23.791+0000] {dag.py:4180} INFO - Setting next_dagrun for example_external_task_marker_parent to None, run_after=None
[2026-06-18T19:19:23.842+0000] {processor.py:208} INFO - Processing /home/airflow/.local/lib/python3.12/site-packages/airflow/example_dags/example_external_task_marker_dag.py took 0.241 seconds
[2026-06-18T19:19:54.239+0000] {processor.py:186} INFO - Started process (PID=1013) to work on /home/airflow/.local/lib/python3.12/site-packages/airflow/example_dags/example_external_task_marker_dag.py
[2026-06-18T19:19:54.242+0000] {processor.py:914} INFO - Processing file /home/airflow/.local/lib/python3.12/site-packages/airflow/example_dags/example_external_task_marker_dag.py for tasks to queue
[2026-06-18T19:19:54.245+0000] {logging_mixin.py:190} INFO - [2026-06-18T19:19:54.245+0000] {dagbag.py:588} INFO - Filling up the DagBag from /home/airflow/.local/lib/python3.12/site-packages/airflow/example_dags/example_external_task_marker_dag.py
[2026-06-18T19:19:54.254+0000] {processor.py:925} INFO - DAG(s) 'example_external_task_marker_parent', 'example_external_task_marker_child' retrieved from /home/airflow/.local/lib/python3.12/site-packages/airflow/example_dags/example_external_task_marker_dag.py
[2026-06-18T19:19:54.276+0000] {logging_mixin.py:190} INFO - [2026-06-18T19:19:54.275+0000] {dag.py:3239} INFO - Sync 2 DAGs
[2026-06-18T19:19:54.290+0000] {logging_mixin.py:190} INFO - [2026-06-18T19:19:54.289+0000] {dag.py:4180} INFO - Setting next_dagrun for example_external_task_marker_child to None, run_after=None
[2026-06-18T19:19:54.294+0000] {logging_mixin.py:190} INFO - [2026-06-18T19:19:54.294+0000] {dag.py:4180} INFO - Setting next_dagrun for example_external_task_marker_parent to None, run_after=None
[2026-06-18T19:19:54.310+0000] {processor.py:208} INFO - Processing /home/airflow/.local/lib/python3.12/site-packages/airflow/example_dags/example_external_task_marker_dag.py took 0.076 seconds
[2026-06-18T19:20:25.983+0000] {processor.py:186} INFO - Started process (PID=1078) to work on /home/airflow/.local/lib/python3.12/site-packages/airflow/example_dags/example_external_task_marker_dag.py
[2026-06-18T19:20:25.987+0000] {processor.py:914} INFO - Processing file /home/airflow/.local/lib/python3.12/site-packages/airflow/example_dags/example_external_task_marker_dag.py for tasks to queue
[2026-06-18T19:20:25.993+0000] {logging_mixin.py:190} INFO - [2026-06-18T19:20:25.992+0000] {dagbag.py:588} INFO - Filling up the DagBag from /home/airflow/.local/lib/python3.12/site-packages/airflow/example_dags/example_external_task_marker_dag.py
[2026-06-18T19:20:26.013+0000] {processor.py:925} INFO - DAG(s) 'example_external_task_marker_parent', 'example_external_task_marker_child' retrieved from /home/airflow/.local/lib/python3.12/site-packages/airflow/example_dags/example_external_task_marker_dag.py
[2026-06-18T19:20:26.091+0000] {logging_mixin.py:190} INFO - [2026-06-18T19:20:26.090+0000] {dag.py:3239} INFO - Sync 2 DAGs
[2026-06-18T19:20:26.147+0000] {logging_mixin.py:190} INFO - [2026-06-18T19:20:26.147+0000] {dag.py:4180} INFO - Setting next_dagrun for example_external_task_marker_child to None, run_after=None
[2026-06-18T19:20:26.163+0000] {logging_mixin.py:190} INFO - [2026-06-18T19:20:26.162+0000] {dag.py:4180} INFO - Setting next_dagrun for example_external_task_marker_parent to None, run_after=None
[2026-06-18T19:20:26.214+0000] {processor.py:208} INFO - Processing /home/airflow/.local/lib/python3.12/site-packages/airflow/example_dags/example_external_task_marker_dag.py took 0.242 seconds
[2026-06-18T19:20:58.458+0000] {processor.py:186} INFO - Started process (PID=1143) to work on /home/airflow/.local/lib/python3.12/site-packages/airflow/example_dags/example_external_task_marker_dag.py
[2026-06-18T19:20:58.463+0000] {processor.py:914} INFO - Processing file /home/airflow/.local/lib/python3.12/site-packages/airflow/example_dags/example_external_task_marker_dag.py for tasks to queue
[2026-06-18T19:20:58.473+0000] {logging_mixin.py:190} INFO - [2026-06-18T19:20:58.472+0000] {dagbag.py:588} INFO - Filling up the DagBag from /home/airflow/.local/lib/python3.12/site-packages/airflow/example_dags/example_external_task_marker_dag.py
[2026-06-18T19:20:58.498+0000] {processor.py:925} INFO - DAG(s) 'example_external_task_marker_parent', 'example_external_task_marker_child' retrieved from /home/airflow/.local/lib/python3.12/site-packages/airflow/example_dags/example_external_task_marker_dag.py
[2026-06-18T19:20:58.556+0000] {logging_mixin.py:190} INFO - [2026-06-18T19:20:58.555+0000] {dag.py:3239} INFO - Sync 2 DAGs
[2026-06-18T19:20:58.605+0000] {logging_mixin.py:190} INFO - [2026-06-18T19:20:58.605+0000] {dag.py:4180} INFO - Setting next_dagrun for example_external_task_marker_child to None, run_after=None
[2026-06-18T19:20:58.620+0000] {logging_mixin.py:190} INFO - [2026-06-18T19:20:58.620+0000] {dag.py:4180} INFO - Setting next_dagrun for example_external_task_marker_parent to None, run_after=None
[2026-06-18T19:20:58.656+0000] {processor.py:208} INFO - Processing /home/airflow/.local/lib/python3.12/site-packages/airflow/example_dags/example_external_task_marker_dag.py took 0.213 seconds
[2026-06-18T19:21:29.078+0000] {processor.py:186} INFO - Started process (PID=1207) to work on /home/airflow/.local/lib/python3.12/site-packages/airflow/example_dags/example_external_task_marker_dag.py
[2026-06-18T19:21:29.081+0000] {processor.py:914} INFO - Processing file /home/airflow/.local/lib/python3.12/site-packages/airflow/example_dags/example_external_task_marker_dag.py for tasks to queue
[2026-06-18T19:21:29.086+0000] {logging_mixin.py:190} INFO - [2026-06-18T19:21:29.085+0000] {dagbag.py:588} INFO - Filling up the DagBag from /home/airflow/.local/lib/python3.12/site-packages/airflow/example_dags/example_external_task_marker_dag.py
[2026-06-18T19:21:29.103+0000] {processor.py:925} INFO - DAG(s) 'example_external_task_marker_parent', 'example_external_task_marker_child' retrieved from /home/airflow/.local/lib/python3.12/site-packages/airflow/example_dags/example_external_task_marker_dag.py
[2026-06-18T19:21:29.144+0000] {logging_mixin.py:190} INFO - [2026-06-18T19:21:29.143+0000] {dag.py:3239} INFO - Sync 2 DAGs
[2026-06-18T19:21:29.167+0000] {logging_mixin.py:190} INFO - [2026-06-18T19:21:29.167+0000] {dag.py:4180} INFO - Setting next_dagrun for example_external_task_marker_child to None, run_after=None
[2026-06-18T19:21:29.176+0000] {logging_mixin.py:190} INFO - [2026-06-18T19:21:29.176+0000] {dag.py:4180} INFO - Setting next_dagrun for example_external_task_marker_parent to None, run_after=None
[2026-06-18T19:21:29.204+0000] {processor.py:208} INFO - Processing /home/airflow/.local/lib/python3.12/site-packages/airflow/example_dags/example_external_task_marker_dag.py took 0.135 seconds
[2026-06-18T19:22:01.672+0000] {processor.py:186} INFO - Started process (PID=1271) to work on /home/airflow/.local/lib/python3.12/site-packages/airflow/example_dags/example_external_task_marker_dag.py
[2026-06-18T19:22:01.692+0000] {processor.py:914} INFO - Processing file /home/airflow/.local/lib/python3.12/site-packages/airflow/example_dags/example_external_task_marker_dag.py for tasks to queue
[2026-06-18T19:22:01.712+0000] {logging_mixin.py:190} INFO - [2026-06-18T19:22:01.710+0000] {dagbag.py:588} INFO - Filling up the DagBag from /home/airflow/.local/lib/python3.12/site-packages/airflow/example_dags/example_external_task_marker_dag.py
[2026-06-18T19:22:01.801+0000] {processor.py:925} INFO - DAG(s) 'example_external_task_marker_child', 'example_external_task_marker_parent' retrieved from /home/airflow/.local/lib/python3.12/site-packages/airflow/example_dags/example_external_task_marker_dag.py
[2026-06-18T19:22:01.931+0000] {logging_mixin.py:190} INFO - [2026-06-18T19:22:01.930+0000] {dag.py:3239} INFO - Sync 2 DAGs
[2026-06-18T19:22:02.023+0000] {logging_mixin.py:190} INFO - [2026-06-18T19:22:02.022+0000] {dag.py:4180} INFO - Setting next_dagrun for example_external_task_marker_child to None, run_after=None
[2026-06-18T19:22:02.052+0000] {logging_mixin.py:190} INFO - [2026-06-18T19:22:02.051+0000] {dag.py:4180} INFO - Setting next_dagrun for example_external_task_marker_parent to None, run_after=None
[2026-06-18T19:22:02.115+0000] {processor.py:208} INFO - Processing /home/airflow/.local/lib/python3.12/site-packages/airflow/example_dags/example_external_task_marker_dag.py took 0.482 seconds
[2026-06-18T19:22:34.252+0000] {processor.py:186} INFO - Started process (PID=1335) to work on /home/airflow/.local/lib/python3.12/site-packages/airflow/example_dags/example_external_task_marker_dag.py
[2026-06-18T19:22:34.263+0000] {processor.py:914} INFO - Processing file /home/airflow/.local/lib/python3.12/site-packages/airflow/example_dags/example_external_task_marker_dag.py for tasks to queue
[2026-06-18T19:22:34.272+0000] {logging_mixin.py:190} INFO - [2026-06-18T19:22:34.271+0000] {dagbag.py:588} INFO - Filling up the DagBag from /home/airflow/.local/lib/python3.12/site-packages/airflow/example_dags/example_external_task_marker_dag.py
[2026-06-18T19:22:34.313+0000] {processor.py:925} INFO - DAG(s) 'example_external_task_marker_parent', 'example_external_task_marker_child' retrieved from /home/airflow/.local/lib/python3.12/site-packages/airflow/example_dags/example_external_task_marker_dag.py
[2026-06-18T19:22:34.385+0000] {logging_mixin.py:190} INFO - [2026-06-18T19:22:34.385+0000] {dag.py:3239} INFO - Sync 2 DAGs
[2026-06-18T19:22:34.425+0000] {logging_mixin.py:190} INFO - [2026-06-18T19:22:34.424+0000] {dag.py:4180} INFO - Setting next_dagrun for example_external_task_marker_child to None, run_after=None
[2026-06-18T19:22:34.438+0000] {logging_mixin.py:190} INFO - [2026-06-18T19:22:34.438+0000] {dag.py:4180} INFO - Setting next_dagrun for example_external_task_marker_parent to None, run_after=None
[2026-06-18T19:22:34.482+0000] {processor.py:208} INFO - Processing /home/airflow/.local/lib/python3.12/site-packages/airflow/example_dags/example_external_task_marker_dag.py took 0.251 seconds
[2026-06-18T19:23:04.827+0000] {processor.py:186} INFO - Started process (PID=1399) to work on /home/airflow/.local/lib/python3.12/site-packages/airflow/example_dags/example_external_task_marker_dag.py
[2026-06-18T19:23:04.831+0000] {processor.py:914} INFO - Processing file /home/airflow/.local/lib/python3.12/site-packages/airflow/example_dags/example_external_task_marker_dag.py for tasks to queue
[2026-06-18T19:23:04.835+0000] {logging_mixin.py:190} INFO - [2026-06-18T19:23:04.835+0000] {dagbag.py:588} INFO - Filling up the DagBag from /home/airflow/.local/lib/python3.12/site-packages/airflow/example_dags/example_external_task_marker_dag.py
[2026-06-18T19:23:04.851+0000] {processor.py:925} INFO - DAG(s) 'example_external_task_marker_child', 'example_external_task_marker_parent' retrieved from /home/airflow/.local/lib/python3.12/site-packages/airflow/example_dags/example_external_task_marker_dag.py
[2026-06-18T19:23:04.888+0000] {logging_mixin.py:190} INFO - [2026-06-18T19:23:04.888+0000] {dag.py:3239} INFO - Sync 2 DAGs
[2026-06-18T19:23:04.909+0000] {logging_mixin.py:190} INFO - [2026-06-18T19:23:04.909+0000] {dag.py:4180} INFO - Setting next_dagrun for example_external_task_marker_child to None, run_after=None
[2026-06-18T19:23:04.916+0000] {logging_mixin.py:190} INFO - [2026-06-18T19:23:04.916+0000] {dag.py:4180} INFO - Setting next_dagrun for example_external_task_marker_parent to None, run_after=None
[2026-06-18T19:23:04.941+0000] {processor.py:208} INFO - Processing /home/airflow/.local/lib/python3.12/site-packages/airflow/example_dags/example_external_task_marker_dag.py took 0.123 seconds
[2026-06-18T19:23:38.420+0000] {processor.py:186} INFO - Started process (PID=1466) to work on /home/airflow/.local/lib/python3.12/site-packages/airflow/example_dags/example_external_task_marker_dag.py
[2026-06-18T19:23:38.424+0000] {processor.py:914} INFO - Processing file /home/airflow/.local/lib/python3.12/site-packages/airflow/example_dags/example_external_task_marker_dag.py for tasks to queue
[2026-06-18T19:23:38.432+0000] {logging_mixin.py:190} INFO - [2026-06-18T19:23:38.431+0000] {dagbag.py:588} INFO - Filling up the DagBag from /home/airflow/.local/lib/python3.12/site-packages/airflow/example_dags/example_external_task_marker_dag.py
[2026-06-18T19:23:38.465+0000] {processor.py:925} INFO - DAG(s) 'example_external_task_marker_child', 'example_external_task_marker_parent' retrieved from /home/airflow/.local/lib/python3.12/site-packages/airflow/example_dags/example_external_task_marker_dag.py
[2026-06-18T19:23:38.558+0000] {logging_mixin.py:190} INFO - [2026-06-18T19:23:38.558+0000] {dag.py:3239} INFO - Sync 2 DAGs
[2026-06-18T19:23:38.649+0000] {logging_mixin.py:190} INFO - [2026-06-18T19:23:38.648+0000] {dag.py:4180} INFO - Setting next_dagrun for example_external_task_marker_child to None, run_after=None
[2026-06-18T19:23:38.666+0000] {logging_mixin.py:190} INFO - [2026-06-18T19:23:38.665+0000] {dag.py:4180} INFO - Setting next_dagrun for example_external_task_marker_parent to None, run_after=None
[2026-06-18T19:23:38.741+0000] {processor.py:208} INFO - Processing /home/airflow/.local/lib/python3.12/site-packages/airflow/example_dags/example_external_task_marker_dag.py took 0.337 seconds
[2026-06-18T19:24:09.232+0000] {processor.py:186} INFO - Started process (PID=1529) to work on /home/airflow/.local/lib/python3.12/site-packages/airflow/example_dags/example_external_task_marker_dag.py
[2026-06-18T19:24:09.234+0000] {processor.py:914} INFO - Processing file /home/airflow/.local/lib/python3.12/site-packages/airflow/example_dags/example_external_task_marker_dag.py for tasks to queue
[2026-06-18T19:24:09.239+0000] {logging_mixin.py:190} INFO - [2026-06-18T19:24:09.238+0000] {dagbag.py:588} INFO - Filling up the DagBag from /home/airflow/.local/lib/python3.12/site-packages/airflow/example_dags/example_external_task_marker_dag.py
[2026-06-18T19:24:09.250+0000] {processor.py:925} INFO - DAG(s) 'example_external_task_marker_child', 'example_external_task_marker_parent' retrieved from /home/airflow/.local/lib/python3.12/site-packages/airflow/example_dags/example_external_task_marker_dag.py
[2026-06-18T19:24:09.274+0000] {logging_mixin.py:190} INFO - [2026-06-18T19:24:09.274+0000] {dag.py:3239} INFO - Sync 2 DAGs
[2026-06-18T19:24:09.290+0000] {logging_mixin.py:190} INFO - [2026-06-18T19:24:09.290+0000] {dag.py:4180} INFO - Setting next_dagrun for example_external_task_marker_child to None, run_after=None
[2026-06-18T19:24:09.297+0000] {logging_mixin.py:190} INFO - [2026-06-18T19:24:09.296+0000] {dag.py:4180} INFO - Setting next_dagrun for example_external_task_marker_parent to None, run_after=None
[2026-06-18T19:24:09.312+0000] {processor.py:208} INFO - Processing /home/airflow/.local/lib/python3.12/site-packages/airflow/example_dags/example_external_task_marker_dag.py took 0.086 seconds
[2026-06-18T19:24:43.959+0000] {processor.py:186} INFO - Started process (PID=1602) to work on /home/airflow/.local/lib/python3.12/site-packages/airflow/example_dags/example_external_task_marker_dag.py
[2026-06-18T19:24:43.962+0000] {processor.py:914} INFO - Processing file /home/airflow/.local/lib/python3.12/site-packages/airflow/example_dags/example_external_task_marker_dag.py for tasks to queue
[2026-06-18T19:24:43.970+0000] {logging_mixin.py:190} INFO - [2026-06-18T19:24:43.969+0000] {dagbag.py:588} INFO - Filling up the DagBag from /home/airflow/.local/lib/python3.12/site-packages/airflow/example_dags/example_external_task_marker_dag.py
[2026-06-18T19:24:43.994+0000] {processor.py:925} INFO - DAG(s) 'example_external_task_marker_child', 'example_external_task_marker_parent' retrieved from /home/airflow/.local/lib/python3.12/site-packages/airflow/example_dags/example_external_task_marker_dag.py
[2026-06-18T19:24:44.090+0000] {logging_mixin.py:190} INFO - [2026-06-18T19:24:44.090+0000] {dag.py:3239} INFO - Sync 2 DAGs
[2026-06-18T19:24:44.153+0000] {logging_mixin.py:190} INFO - [2026-06-18T19:24:44.153+0000] {dag.py:4180} INFO - Setting next_dagrun for example_external_task_marker_child to None, run_after=None
[2026-06-18T19:24:44.167+0000] {logging_mixin.py:190} INFO - [2026-06-18T19:24:44.166+0000] {dag.py:4180} INFO - Setting next_dagrun for example_external_task_marker_parent to None, run_after=None
[2026-06-18T19:24:44.223+0000] {processor.py:208} INFO - Processing /home/airflow/.local/lib/python3.12/site-packages/airflow/example_dags/example_external_task_marker_dag.py took 0.278 seconds
[2026-06-18T19:25:15.190+0000] {processor.py:186} INFO - Started process (PID=1666) to work on /home/airflow/.local/lib/python3.12/site-packages/airflow/example_dags/example_external_task_marker_dag.py
[2026-06-18T19:25:15.193+0000] {processor.py:914} INFO - Processing file /home/airflow/.local/lib/python3.12/site-packages/airflow/example_dags/example_external_task_marker_dag.py for tasks to queue
[2026-06-18T19:25:15.200+0000] {logging_mixin.py:190} INFO - [2026-06-18T19:25:15.199+0000] {dagbag.py:588} INFO - Filling up the DagBag from /home/airflow/.local/lib/python3.12/site-packages/airflow/example_dags/example_external_task_marker_dag.py
[2026-06-18T19:25:15.223+0000] {processor.py:925} INFO - DAG(s) 'example_external_task_marker_parent', 'example_external_task_marker_child' retrieved from /home/airflow/.local/lib/python3.12/site-packages/airflow/example_dags/example_external_task_marker_dag.py
[2026-06-18T19:25:15.288+0000] {logging_mixin.py:190} INFO - [2026-06-18T19:25:15.288+0000] {dag.py:3239} INFO - Sync 2 DAGs
[2026-06-18T19:25:15.326+0000] {logging_mixin.py:190} INFO - [2026-06-18T19:25:15.326+0000] {dag.py:4180} INFO - Setting next_dagrun for example_external_task_marker_child to None, run_after=None
[2026-06-18T19:25:15.340+0000] {logging_mixin.py:190} INFO - [2026-06-18T19:25:15.340+0000] {dag.py:4180} INFO - Setting next_dagrun for example_external_task_marker_parent to None, run_after=None
[2026-06-18T19:25:15.379+0000] {processor.py:208} INFO - Processing /home/airflow/.local/lib/python3.12/site-packages/airflow/example_dags/example_external_task_marker_dag.py took 0.200 seconds
[2026-06-18T19:25:52.296+0000] {processor.py:186} INFO - Started process (PID=1745) to work on /home/airflow/.local/lib/python3.12/site-packages/airflow/example_dags/example_external_task_marker_dag.py
[2026-06-18T19:25:52.306+0000] {processor.py:914} INFO - Processing file /home/airflow/.local/lib/python3.12/site-packages/airflow/example_dags/example_external_task_marker_dag.py for tasks to queue
[2026-06-18T19:25:52.322+0000] {logging_mixin.py:190} INFO - [2026-06-18T19:25:52.320+0000] {dagbag.py:588} INFO - Filling up the DagBag from /home/airflow/.local/lib/python3.12/site-packages/airflow/example_dags/example_external_task_marker_dag.py
[2026-06-18T19:25:52.387+0000] {processor.py:925} INFO - DAG(s) 'example_external_task_marker_child', 'example_external_task_marker_parent' retrieved from /home/airflow/.local/lib/python3.12/site-packages/airflow/example_dags/example_external_task_marker_dag.py
[2026-06-18T19:25:52.490+0000] {logging_mixin.py:190} INFO - [2026-06-18T19:25:52.490+0000] {dag.py:3239} INFO - Sync 2 DAGs
[2026-06-18T19:25:52.551+0000] {logging_mixin.py:190} INFO - [2026-06-18T19:25:52.550+0000] {dag.py:4180} INFO - Setting next_dagrun for example_external_task_marker_child to None, run_after=None
[2026-06-18T19:25:52.568+0000] {logging_mixin.py:190} INFO - [2026-06-18T19:25:52.567+0000] {dag.py:4180} INFO - Setting next_dagrun for example_external_task_marker_parent to None, run_after=None
[2026-06-18T19:25:52.615+0000] {processor.py:208} INFO - Processing /home/airflow/.local/lib/python3.12/site-packages/airflow/example_dags/example_external_task_marker_dag.py took 0.365 seconds
[2026-06-18T19:26:23.421+0000] {processor.py:186} INFO - Started process (PID=1809) to work on /home/airflow/.local/lib/python3.12/site-packages/airflow/example_dags/example_external_task_marker_dag.py
[2026-06-18T19:26:23.425+0000] {processor.py:914} INFO - Processing file /home/airflow/.local/lib/python3.12/site-packages/airflow/example_dags/example_external_task_marker_dag.py for tasks to queue
[2026-06-18T19:26:23.430+0000] {logging_mixin.py:190} INFO - [2026-06-18T19:26:23.430+0000] {dagbag.py:588} INFO - Filling up the DagBag from /home/airflow/.local/lib/python3.12/site-packages/airflow/example_dags/example_external_task_marker_dag.py
[2026-06-18T19:26:23.444+0000] {processor.py:925} INFO - DAG(s) 'example_external_task_marker_child', 'example_external_task_marker_parent' retrieved from /home/airflow/.local/lib/python3.12/site-packages/airflow/example_dags/example_external_task_marker_dag.py
[2026-06-18T19:26:23.473+0000] {logging_mixin.py:190} INFO - [2026-06-18T19:26:23.473+0000] {dag.py:3239} INFO - Sync 2 DAGs
[2026-06-18T19:26:23.502+0000] {logging_mixin.py:190} INFO - [2026-06-18T19:26:23.502+0000] {dag.py:4180} INFO - Setting next_dagrun for example_external_task_marker_child to None, run_after=None
[2026-06-18T19:26:23.508+0000] {logging_mixin.py:190} INFO - [2026-06-18T19:26:23.508+0000] {dag.py:4180} INFO - Setting next_dagrun for example_external_task_marker_parent to None, run_after=None
[2026-06-18T19:26:23.530+0000] {processor.py:208} INFO - Processing /home/airflow/.local/lib/python3.12/site-packages/airflow/example_dags/example_external_task_marker_dag.py took 0.115 seconds
[2026-06-18T19:26:54.403+0000] {processor.py:186} INFO - Started process (PID=1873) to work on /home/airflow/.local/lib/python3.12/site-packages/airflow/example_dags/example_external_task_marker_dag.py
[2026-06-18T19:26:54.412+0000] {processor.py:914} INFO - Processing file /home/airflow/.local/lib/python3.12/site-packages/airflow/example_dags/example_external_task_marker_dag.py for tasks to queue
[2026-06-18T19:26:54.418+0000] {logging_mixin.py:190} INFO - [2026-06-18T19:26:54.417+0000] {dagbag.py:588} INFO - Filling up the DagBag from /home/airflow/.local/lib/python3.12/site-packages/airflow/example_dags/example_external_task_marker_dag.py
[2026-06-18T19:26:54.439+0000] {processor.py:925} INFO - DAG(s) 'example_external_task_marker_child', 'example_external_task_marker_parent' retrieved from /home/airflow/.local/lib/python3.12/site-packages/airflow/example_dags/example_external_task_marker_dag.py
[2026-06-18T19:26:54.501+0000] {logging_mixin.py:190} INFO - [2026-06-18T19:26:54.500+0000] {dag.py:3239} INFO - Sync 2 DAGs
[2026-06-18T19:26:54.532+0000] {logging_mixin.py:190} INFO - [2026-06-18T19:26:54.531+0000] {dag.py:4180} INFO - Setting next_dagrun for example_external_task_marker_child to None, run_after=None
[2026-06-18T19:26:54.543+0000] {logging_mixin.py:190} INFO - [2026-06-18T19:26:54.543+0000] {dag.py:4180} INFO - Setting next_dagrun for example_external_task_marker_parent to None, run_after=None
[2026-06-18T19:26:54.583+0000] {processor.py:208} INFO - Processing /home/airflow/.local/lib/python3.12/site-packages/airflow/example_dags/example_external_task_marker_dag.py took 0.192 seconds
[2026-06-18T19:27:29.581+0000] {processor.py:186} INFO - Started process (PID=1939) to work on /home/airflow/.local/lib/python3.12/site-packages/airflow/example_dags/example_external_task_marker_dag.py
[2026-06-18T19:27:29.586+0000] {processor.py:914} INFO - Processing file /home/airflow/.local/lib/python3.12/site-packages/airflow/example_dags/example_external_task_marker_dag.py for tasks to queue
[2026-06-18T19:27:29.603+0000] {logging_mixin.py:190} INFO - [2026-06-18T19:27:29.601+0000] {dagbag.py:588} INFO - Filling up the DagBag from /home/airflow/.local/lib/python3.12/site-packages/airflow/example_dags/example_external_task_marker_dag.py
[2026-06-18T19:27:29.639+0000] {processor.py:925} INFO - DAG(s) 'example_external_task_marker_child', 'example_external_task_marker_parent' retrieved from /home/airflow/.local/lib/python3.12/site-packages/airflow/example_dags/example_external_task_marker_dag.py
[2026-06-18T19:27:29.703+0000] {logging_mixin.py:190} INFO - [2026-06-18T19:27:29.702+0000] {dag.py:3239} INFO - Sync 2 DAGs
[2026-06-18T19:27:29.744+0000] {logging_mixin.py:190} INFO - [2026-06-18T19:27:29.744+0000] {dag.py:4180} INFO - Setting next_dagrun for example_external_task_marker_child to None, run_after=None
[2026-06-18T19:27:29.755+0000] {logging_mixin.py:190} INFO - [2026-06-18T19:27:29.754+0000] {dag.py:4180} INFO - Setting next_dagrun for example_external_task_marker_parent to None, run_after=None
[2026-06-18T19:27:29.793+0000] {processor.py:208} INFO - Processing /home/airflow/.local/lib/python3.12/site-packages/airflow/example_dags/example_external_task_marker_dag.py took 0.232 seconds
[2026-06-18T19:28:00.197+0000] {processor.py:186} INFO - Started process (PID=2003) to work on /home/airflow/.local/lib/python3.12/site-packages/airflow/example_dags/example_external_task_marker_dag.py
[2026-06-18T19:28:00.202+0000] {processor.py:914} INFO - Processing file /home/airflow/.local/lib/python3.12/site-packages/airflow/example_dags/example_external_task_marker_dag.py for tasks to queue
[2026-06-18T19:28:00.208+0000] {logging_mixin.py:190} INFO - [2026-06-18T19:28:00.208+0000] {dagbag.py:588} INFO - Filling up the DagBag from /home/airflow/.local/lib/python3.12/site-packages/airflow/example_dags/example_external_task_marker_dag.py
[2026-06-18T19:28:00.225+0000] {processor.py:925} INFO - DAG(s) 'example_external_task_marker_child', 'example_external_task_marker_parent' retrieved from /home/airflow/.local/lib/python3.12/site-packages/airflow/example_dags/example_external_task_marker_dag.py
[2026-06-18T19:28:00.291+0000] {logging_mixin.py:190} INFO - [2026-06-18T19:28:00.291+0000] {dag.py:3239} INFO - Sync 2 DAGs
[2026-06-18T19:28:00.351+0000] {logging_mixin.py:190} INFO - [2026-06-18T19:28:00.350+0000] {dag.py:4180} INFO - Setting next_dagrun for example_external_task_marker_child to None, run_after=None
[2026-06-18T19:28:00.368+0000] {logging_mixin.py:190} INFO - [2026-06-18T19:28:00.368+0000] {dag.py:4180} INFO - Setting next_dagrun for example_external_task_marker_parent to None, run_after=None
[2026-06-18T19:28:00.421+0000] {processor.py:208} INFO - Processing /home/airflow/.local/lib/python3.12/site-packages/airflow/example_dags/example_external_task_marker_dag.py took 0.239 seconds
[2026-06-18T19:28:31.388+0000] {processor.py:186} INFO - Started process (PID=2067) to work on /home/airflow/.local/lib/python3.12/site-packages/airflow/example_dags/example_external_task_marker_dag.py
[2026-06-18T19:28:31.398+0000] {processor.py:914} INFO - Processing file /home/airflow/.local/lib/python3.12/site-packages/airflow/example_dags/example_external_task_marker_dag.py for tasks to queue
[2026-06-18T19:28:31.402+0000] {logging_mixin.py:190} INFO - [2026-06-18T19:28:31.401+0000] {dagbag.py:588} INFO - Filling up the DagBag from /home/airflow/.local/lib/python3.12/site-packages/airflow/example_dags/example_external_task_marker_dag.py
[2026-06-18T19:28:31.414+0000] {processor.py:925} INFO - DAG(s) 'example_external_task_marker_child', 'example_external_task_marker_parent' retrieved from /home/airflow/.local/lib/python3.12/site-packages/airflow/example_dags/example_external_task_marker_dag.py
[2026-06-18T19:28:31.442+0000] {logging_mixin.py:190} INFO - [2026-06-18T19:28:31.441+0000] {dag.py:3239} INFO - Sync 2 DAGs
[2026-06-18T19:28:31.459+0000] {logging_mixin.py:190} INFO - [2026-06-18T19:28:31.459+0000] {dag.py:4180} INFO - Setting next_dagrun for example_external_task_marker_child to None, run_after=None
[2026-06-18T19:28:31.465+0000] {logging_mixin.py:190} INFO - [2026-06-18T19:28:31.464+0000] {dag.py:4180} INFO - Setting next_dagrun for example_external_task_marker_parent to None, run_after=None
[2026-06-18T19:28:31.482+0000] {processor.py:208} INFO - Processing /home/airflow/.local/lib/python3.12/site-packages/airflow/example_dags/example_external_task_marker_dag.py took 0.101 seconds
[2026-06-18T19:29:03.145+0000] {processor.py:186} INFO - Started process (PID=2131) to work on /home/airflow/.local/lib/python3.12/site-packages/airflow/example_dags/example_external_task_marker_dag.py
[2026-06-18T19:29:03.151+0000] {processor.py:914} INFO - Processing file /home/airflow/.local/lib/python3.12/site-packages/airflow/example_dags/example_external_task_marker_dag.py for tasks to queue
[2026-06-18T19:29:03.166+0000] {logging_mixin.py:190} INFO - [2026-06-18T19:29:03.164+0000] {dagbag.py:588} INFO - Filling up the DagBag from /home/airflow/.local/lib/python3.12/site-packages/airflow/example_dags/example_external_task_marker_dag.py
[2026-06-18T19:29:03.206+0000] {processor.py:925} INFO - DAG(s) 'example_external_task_marker_child', 'example_external_task_marker_parent' retrieved from /home/airflow/.local/lib/python3.12/site-packages/airflow/example_dags/example_external_task_marker_dag.py
[2026-06-18T19:29:03.275+0000] {logging_mixin.py:190} INFO - [2026-06-18T19:29:03.275+0000] {dag.py:3239} INFO - Sync 2 DAGs
[2026-06-18T19:29:03.316+0000] {logging_mixin.py:190} INFO - [2026-06-18T19:29:03.316+0000] {dag.py:4180} INFO - Setting next_dagrun for example_external_task_marker_child to None, run_after=None
[2026-06-18T19:29:03.328+0000] {logging_mixin.py:190} INFO - [2026-06-18T19:29:03.328+0000] {dag.py:4180} INFO - Setting next_dagrun for example_external_task_marker_parent to None, run_after=None
[2026-06-18T19:29:03.370+0000] {processor.py:208} INFO - Processing /home/airflow/.local/lib/python3.12/site-packages/airflow/example_dags/example_external_task_marker_dag.py took 0.254 seconds
[2026-06-18T19:29:36.403+0000] {processor.py:186} INFO - Started process (PID=2197) to work on /home/airflow/.local/lib/python3.12/site-packages/airflow/example_dags/example_external_task_marker_dag.py
[2026-06-18T19:29:36.407+0000] {processor.py:914} INFO - Processing file /home/airflow/.local/lib/python3.12/site-packages/airflow/example_dags/example_external_task_marker_dag.py for tasks to queue
[2026-06-18T19:29:36.417+0000] {logging_mixin.py:190} INFO - [2026-06-18T19:29:36.416+0000] {dagbag.py:588} INFO - Filling up the DagBag from /home/airflow/.local/lib/python3.12/site-packages/airflow/example_dags/example_external_task_marker_dag.py
[2026-06-18T19:29:36.453+0000] {processor.py:925} INFO - DAG(s) 'example_external_task_marker_parent', 'example_external_task_marker_child' retrieved from /home/airflow/.local/lib/python3.12/site-packages/airflow/example_dags/example_external_task_marker_dag.py
[2026-06-18T19:29:36.545+0000] {logging_mixin.py:190} INFO - [2026-06-18T19:29:36.542+0000] {dag.py:3239} INFO - Sync 2 DAGs
[2026-06-18T19:29:36.661+0000] {logging_mixin.py:190} INFO - [2026-06-18T19:29:36.660+0000] {dag.py:4180} INFO - Setting next_dagrun for example_external_task_marker_child to None, run_after=None
[2026-06-18T19:29:36.696+0000] {logging_mixin.py:190} INFO - [2026-06-18T19:29:36.695+0000] {dag.py:4180} INFO - Setting next_dagrun for example_external_task_marker_parent to None, run_after=None
[2026-06-18T19:29:36.766+0000] {processor.py:208} INFO - Processing /home/airflow/.local/lib/python3.12/site-packages/airflow/example_dags/example_external_task_marker_dag.py took 0.382 seconds
[2026-06-18T19:30:08.206+0000] {processor.py:186} INFO - Started process (PID=2261) to work on /home/airflow/.local/lib/python3.12/site-packages/airflow/example_dags/example_external_task_marker_dag.py
[2026-06-18T19:30:08.224+0000] {processor.py:914} INFO - Processing file /home/airflow/.local/lib/python3.12/site-packages/airflow/example_dags/example_external_task_marker_dag.py for tasks to queue
[2026-06-18T19:30:08.238+0000] {logging_mixin.py:190} INFO - [2026-06-18T19:30:08.237+0000] {dagbag.py:588} INFO - Filling up the DagBag from /home/airflow/.local/lib/python3.12/site-packages/airflow/example_dags/example_external_task_marker_dag.py
[2026-06-18T19:30:08.289+0000] {processor.py:925} INFO - DAG(s) 'example_external_task_marker_child', 'example_external_task_marker_parent' retrieved from /home/airflow/.local/lib/python3.12/site-packages/airflow/example_dags/example_external_task_marker_dag.py
[2026-06-18T19:30:08.404+0000] {logging_mixin.py:190} INFO - [2026-06-18T19:30:08.403+0000] {dag.py:3239} INFO - Sync 2 DAGs
[2026-06-18T19:30:08.446+0000] {logging_mixin.py:190} INFO - [2026-06-18T19:30:08.445+0000] {dag.py:4180} INFO - Setting next_dagrun for example_external_task_marker_child to None, run_after=None
[2026-06-18T19:30:08.456+0000] {logging_mixin.py:190} INFO - [2026-06-18T19:30:08.455+0000] {dag.py:4180} INFO - Setting next_dagrun for example_external_task_marker_parent to None, run_after=None
[2026-06-18T19:30:08.515+0000] {processor.py:208} INFO - Processing /home/airflow/.local/lib/python3.12/site-packages/airflow/example_dags/example_external_task_marker_dag.py took 0.331 seconds
[2026-06-18T19:30:38.708+0000] {processor.py:186} INFO - Started process (PID=2325) to work on /home/airflow/.local/lib/python3.12/site-packages/airflow/example_dags/example_external_task_marker_dag.py
[2026-06-18T19:30:38.712+0000] {processor.py:914} INFO - Processing file /home/airflow/.local/lib/python3.12/site-packages/airflow/example_dags/example_external_task_marker_dag.py for tasks to queue
[2026-06-18T19:30:38.717+0000] {logging_mixin.py:190} INFO - [2026-06-18T19:30:38.716+0000] {dagbag.py:588} INFO - Filling up the DagBag from /home/airflow/.local/lib/python3.12/site-packages/airflow/example_dags/example_external_task_marker_dag.py
[2026-06-18T19:30:38.730+0000] {processor.py:925} INFO - DAG(s) 'example_external_task_marker_child', 'example_external_task_marker_parent' retrieved from /home/airflow/.local/lib/python3.12/site-packages/airflow/example_dags/example_external_task_marker_dag.py
[2026-06-18T19:30:38.764+0000] {logging_mixin.py:190} INFO - [2026-06-18T19:30:38.764+0000] {dag.py:3239} INFO - Sync 2 DAGs
[2026-06-18T19:30:38.783+0000] {logging_mixin.py:190} INFO - [2026-06-18T19:30:38.783+0000] {dag.py:4180} INFO - Setting next_dagrun for example_external_task_marker_child to None, run_after=None
[2026-06-18T19:30:38.791+0000] {logging_mixin.py:190} INFO - [2026-06-18T19:30:38.791+0000] {dag.py:4180} INFO - Setting next_dagrun for example_external_task_marker_parent to None, run_after=None
[2026-06-18T19:30:38.812+0000] {processor.py:208} INFO - Processing /home/airflow/.local/lib/python3.12/site-packages/airflow/example_dags/example_external_task_marker_dag.py took 0.111 seconds
