[2026-06-18T19:12:21.229+0000] {processor.py:186} INFO - Started process (PID=97) to work on /home/airflow/.local/lib/python3.12/site-packages/airflow/example_dags/example_subdag_operator.py
[2026-06-18T19:12:21.231+0000] {processor.py:914} INFO - Processing file /home/airflow/.local/lib/python3.12/site-packages/airflow/example_dags/example_subdag_operator.py for tasks to queue
[2026-06-18T19:12:21.236+0000] {logging_mixin.py:190} INFO - [2026-06-18T19:12:21.236+0000] {dagbag.py:588} INFO - Filling up the DagBag from /home/airflow/.local/lib/python3.12/site-packages/airflow/example_dags/example_subdag_operator.py
[2026-06-18T19:12:21.282+0000] {processor.py:925} INFO - DAG(s) 'example_subdag_operator.section-1', 'example_subdag_operator.section-2', 'example_subdag_operator' retrieved from /home/airflow/.local/lib/python3.12/site-packages/airflow/example_dags/example_subdag_operator.py
[2026-06-18T19:12:21.309+0000] {logging_mixin.py:190} INFO - [2026-06-18T19:12:21.309+0000] {dag.py:3239} INFO - Sync 3 DAGs
[2026-06-18T19:12:21.348+0000] {logging_mixin.py:190} INFO - [2026-06-18T19:12:21.347+0000] {dag.py:4180} INFO - Setting next_dagrun for example_subdag_operator to 2022-01-01 00:00:00+00:00, run_after=2022-01-01 00:00:00+00:00
[2026-06-18T19:12:21.355+0000] {logging_mixin.py:190} INFO - [2026-06-18T19:12:21.355+0000] {dag.py:4180} INFO - Setting next_dagrun for example_subdag_operator.section-1 to None, run_after=None
[2026-06-18T19:12:21.358+0000] {logging_mixin.py:190} INFO - [2026-06-18T19:12:21.358+0000] {dag.py:4180} INFO - Setting next_dagrun for example_subdag_operator.section-2 to None, run_after=None
[2026-06-18T19:12:21.369+0000] {logging_mixin.py:190} INFO - [2026-06-18T19:12:21.368+0000] {dag.py:3239} INFO - Sync 2 DAGs
[2026-06-18T19:12:21.377+0000] {logging_mixin.py:190} INFO - [2026-06-18T19:12:21.376+0000] {dag.py:4180} INFO - Setting next_dagrun for example_subdag_operator.section-1 to None, run_after=None
[2026-06-18T19:12:21.378+0000] {logging_mixin.py:190} INFO - [2026-06-18T19:12:21.378+0000] {dag.py:4180} INFO - Setting next_dagrun for example_subdag_operator.section-2 to None, run_after=None
[2026-06-18T19:12:21.392+0000] {processor.py:208} INFO - Processing /home/airflow/.local/lib/python3.12/site-packages/airflow/example_dags/example_subdag_operator.py took 0.175 seconds
[2026-06-18T19:12:55.546+0000] {processor.py:186} INFO - Started process (PID=161) to work on /home/airflow/.local/lib/python3.12/site-packages/airflow/example_dags/example_subdag_operator.py
[2026-06-18T19:12:55.550+0000] {processor.py:914} INFO - Processing file /home/airflow/.local/lib/python3.12/site-packages/airflow/example_dags/example_subdag_operator.py for tasks to queue
[2026-06-18T19:12:55.559+0000] {logging_mixin.py:190} INFO - [2026-06-18T19:12:55.558+0000] {dagbag.py:588} INFO - Filling up the DagBag from /home/airflow/.local/lib/python3.12/site-packages/airflow/example_dags/example_subdag_operator.py
[2026-06-18T19:12:55.654+0000] {processor.py:925} INFO - DAG(s) 'example_subdag_operator.section-1', 'example_subdag_operator.section-2', 'example_subdag_operator' retrieved from /home/airflow/.local/lib/python3.12/site-packages/airflow/example_dags/example_subdag_operator.py
[2026-06-18T19:12:55.719+0000] {logging_mixin.py:190} INFO - [2026-06-18T19:12:55.719+0000] {dag.py:3239} INFO - Sync 3 DAGs
[2026-06-18T19:12:55.789+0000] {logging_mixin.py:190} INFO - [2026-06-18T19:12:55.788+0000] {dag.py:4180} INFO - Setting next_dagrun for example_subdag_operator to 2022-01-01 00:00:00+00:00, run_after=2022-01-01 00:00:00+00:00
[2026-06-18T19:12:55.803+0000] {logging_mixin.py:190} INFO - [2026-06-18T19:12:55.803+0000] {dag.py:4180} INFO - Setting next_dagrun for example_subdag_operator.section-1 to None, run_after=None
[2026-06-18T19:12:55.810+0000] {logging_mixin.py:190} INFO - [2026-06-18T19:12:55.809+0000] {dag.py:4180} INFO - Setting next_dagrun for example_subdag_operator.section-2 to None, run_after=None
[2026-06-18T19:12:55.827+0000] {logging_mixin.py:190} INFO - [2026-06-18T19:12:55.827+0000] {dag.py:3239} INFO - Sync 2 DAGs
[2026-06-18T19:12:55.840+0000] {logging_mixin.py:190} INFO - [2026-06-18T19:12:55.840+0000] {dag.py:4180} INFO - Setting next_dagrun for example_subdag_operator.section-1 to None, run_after=None
[2026-06-18T19:12:55.843+0000] {logging_mixin.py:190} INFO - [2026-06-18T19:12:55.843+0000] {dag.py:4180} INFO - Setting next_dagrun for example_subdag_operator.section-2 to None, run_after=None
[2026-06-18T19:12:55.873+0000] {processor.py:208} INFO - Processing /home/airflow/.local/lib/python3.12/site-packages/airflow/example_dags/example_subdag_operator.py took 0.371 seconds
[2026-06-18T19:13:26.468+0000] {processor.py:186} INFO - Started process (PID=224) to work on /home/airflow/.local/lib/python3.12/site-packages/airflow/example_dags/example_subdag_operator.py
[2026-06-18T19:13:26.512+0000] {processor.py:914} INFO - Processing file /home/airflow/.local/lib/python3.12/site-packages/airflow/example_dags/example_subdag_operator.py for tasks to queue
[2026-06-18T19:13:26.537+0000] {logging_mixin.py:190} INFO - [2026-06-18T19:13:26.536+0000] {dagbag.py:588} INFO - Filling up the DagBag from /home/airflow/.local/lib/python3.12/site-packages/airflow/example_dags/example_subdag_operator.py
[2026-06-18T19:13:26.971+0000] {processor.py:925} INFO - DAG(s) 'example_subdag_operator.section-1', 'example_subdag_operator.section-2', 'example_subdag_operator' retrieved from /home/airflow/.local/lib/python3.12/site-packages/airflow/example_dags/example_subdag_operator.py
[2026-06-18T19:13:27.156+0000] {logging_mixin.py:190} INFO - [2026-06-18T19:13:27.146+0000] {dag.py:3239} INFO - Sync 3 DAGs
[2026-06-18T19:13:27.416+0000] {logging_mixin.py:190} INFO - [2026-06-18T19:13:27.415+0000] {dag.py:4180} INFO - Setting next_dagrun for example_subdag_operator to 2022-01-01 00:00:00+00:00, run_after=2022-01-01 00:00:00+00:00
[2026-06-18T19:13:27.431+0000] {logging_mixin.py:190} INFO - [2026-06-18T19:13:27.430+0000] {dag.py:4180} INFO - Setting next_dagrun for example_subdag_operator.section-1 to None, run_after=None
[2026-06-18T19:13:27.440+0000] {logging_mixin.py:190} INFO - [2026-06-18T19:13:27.439+0000] {dag.py:4180} INFO - Setting next_dagrun for example_subdag_operator.section-2 to None, run_after=None
[2026-06-18T19:13:27.476+0000] {logging_mixin.py:190} INFO - [2026-06-18T19:13:27.475+0000] {dag.py:3239} INFO - Sync 2 DAGs
[2026-06-18T19:13:27.503+0000] {logging_mixin.py:190} INFO - [2026-06-18T19:13:27.502+0000] {dag.py:4180} INFO - Setting next_dagrun for example_subdag_operator.section-1 to None, run_after=None
[2026-06-18T19:13:27.507+0000] {logging_mixin.py:190} INFO - [2026-06-18T19:13:27.507+0000] {dag.py:4180} INFO - Setting next_dagrun for example_subdag_operator.section-2 to None, run_after=None
[2026-06-18T19:13:27.554+0000] {processor.py:208} INFO - Processing /home/airflow/.local/lib/python3.12/site-packages/airflow/example_dags/example_subdag_operator.py took 1.127 seconds
[2026-06-18T19:13:58.395+0000] {processor.py:186} INFO - Started process (PID=287) to work on /home/airflow/.local/lib/python3.12/site-packages/airflow/example_dags/example_subdag_operator.py
[2026-06-18T19:13:58.399+0000] {processor.py:914} INFO - Processing file /home/airflow/.local/lib/python3.12/site-packages/airflow/example_dags/example_subdag_operator.py for tasks to queue
[2026-06-18T19:13:58.405+0000] {logging_mixin.py:190} INFO - [2026-06-18T19:13:58.404+0000] {dagbag.py:588} INFO - Filling up the DagBag from /home/airflow/.local/lib/python3.12/site-packages/airflow/example_dags/example_subdag_operator.py
[2026-06-18T19:13:58.452+0000] {processor.py:925} INFO - DAG(s) 'example_subdag_operator.section-1', 'example_subdag_operator.section-2', 'example_subdag_operator' retrieved from /home/airflow/.local/lib/python3.12/site-packages/airflow/example_dags/example_subdag_operator.py
[2026-06-18T19:13:58.480+0000] {logging_mixin.py:190} INFO - [2026-06-18T19:13:58.480+0000] {dag.py:3239} INFO - Sync 3 DAGs
[2026-06-18T19:13:58.523+0000] {logging_mixin.py:190} INFO - [2026-06-18T19:13:58.523+0000] {dag.py:4180} INFO - Setting next_dagrun for example_subdag_operator to 2022-01-01 00:00:00+00:00, run_after=2022-01-01 00:00:00+00:00
[2026-06-18T19:13:58.533+0000] {logging_mixin.py:190} INFO - [2026-06-18T19:13:58.533+0000] {dag.py:4180} INFO - Setting next_dagrun for example_subdag_operator.section-1 to None, run_after=None
[2026-06-18T19:13:58.538+0000] {logging_mixin.py:190} INFO - [2026-06-18T19:13:58.538+0000] {dag.py:4180} INFO - Setting next_dagrun for example_subdag_operator.section-2 to None, run_after=None
[2026-06-18T19:13:58.551+0000] {logging_mixin.py:190} INFO - [2026-06-18T19:13:58.550+0000] {dag.py:3239} INFO - Sync 2 DAGs
[2026-06-18T19:13:58.560+0000] {logging_mixin.py:190} INFO - [2026-06-18T19:13:58.560+0000] {dag.py:4180} INFO - Setting next_dagrun for example_subdag_operator.section-1 to None, run_after=None
[2026-06-18T19:13:58.563+0000] {logging_mixin.py:190} INFO - [2026-06-18T19:13:58.562+0000] {dag.py:4180} INFO - Setting next_dagrun for example_subdag_operator.section-2 to None, run_after=None
[2026-06-18T19:13:58.584+0000] {processor.py:208} INFO - Processing /home/airflow/.local/lib/python3.12/site-packages/airflow/example_dags/example_subdag_operator.py took 0.207 seconds
[2026-06-18T19:14:28.841+0000] {processor.py:186} INFO - Started process (PID=351) to work on /home/airflow/.local/lib/python3.12/site-packages/airflow/example_dags/example_subdag_operator.py
[2026-06-18T19:14:28.844+0000] {processor.py:914} INFO - Processing file /home/airflow/.local/lib/python3.12/site-packages/airflow/example_dags/example_subdag_operator.py for tasks to queue
[2026-06-18T19:14:28.850+0000] {logging_mixin.py:190} INFO - [2026-06-18T19:14:28.849+0000] {dagbag.py:588} INFO - Filling up the DagBag from /home/airflow/.local/lib/python3.12/site-packages/airflow/example_dags/example_subdag_operator.py
[2026-06-18T19:14:28.902+0000] {processor.py:925} INFO - DAG(s) 'example_subdag_operator.section-1', 'example_subdag_operator.section-2', 'example_subdag_operator' retrieved from /home/airflow/.local/lib/python3.12/site-packages/airflow/example_dags/example_subdag_operator.py
[2026-06-18T19:14:28.935+0000] {logging_mixin.py:190} INFO - [2026-06-18T19:14:28.935+0000] {dag.py:3239} INFO - Sync 3 DAGs
[2026-06-18T19:14:28.978+0000] {logging_mixin.py:190} INFO - [2026-06-18T19:14:28.978+0000] {dag.py:4180} INFO - Setting next_dagrun for example_subdag_operator to 2022-01-01 00:00:00+00:00, run_after=2022-01-01 00:00:00+00:00
[2026-06-18T19:14:28.986+0000] {logging_mixin.py:190} INFO - [2026-06-18T19:14:28.985+0000] {dag.py:4180} INFO - Setting next_dagrun for example_subdag_operator.section-1 to None, run_after=None
[2026-06-18T19:14:28.990+0000] {logging_mixin.py:190} INFO - [2026-06-18T19:14:28.990+0000] {dag.py:4180} INFO - Setting next_dagrun for example_subdag_operator.section-2 to None, run_after=None
[2026-06-18T19:14:29.005+0000] {logging_mixin.py:190} INFO - [2026-06-18T19:14:29.005+0000] {dag.py:3239} INFO - Sync 2 DAGs
[2026-06-18T19:14:29.016+0000] {logging_mixin.py:190} INFO - [2026-06-18T19:14:29.015+0000] {dag.py:4180} INFO - Setting next_dagrun for example_subdag_operator.section-1 to None, run_after=None
[2026-06-18T19:14:29.018+0000] {logging_mixin.py:190} INFO - [2026-06-18T19:14:29.017+0000] {dag.py:4180} INFO - Setting next_dagrun for example_subdag_operator.section-2 to None, run_after=None
[2026-06-18T19:14:29.032+0000] {processor.py:208} INFO - Processing /home/airflow/.local/lib/python3.12/site-packages/airflow/example_dags/example_subdag_operator.py took 0.200 seconds
[2026-06-18T19:14:59.261+0000] {processor.py:186} INFO - Started process (PID=415) to work on /home/airflow/.local/lib/python3.12/site-packages/airflow/example_dags/example_subdag_operator.py
[2026-06-18T19:14:59.277+0000] {processor.py:914} INFO - Processing file /home/airflow/.local/lib/python3.12/site-packages/airflow/example_dags/example_subdag_operator.py for tasks to queue
[2026-06-18T19:14:59.285+0000] {logging_mixin.py:190} INFO - [2026-06-18T19:14:59.284+0000] {dagbag.py:588} INFO - Filling up the DagBag from /home/airflow/.local/lib/python3.12/site-packages/airflow/example_dags/example_subdag_operator.py
[2026-06-18T19:14:59.344+0000] {processor.py:925} INFO - DAG(s) 'example_subdag_operator.section-1', 'example_subdag_operator.section-2', 'example_subdag_operator' retrieved from /home/airflow/.local/lib/python3.12/site-packages/airflow/example_dags/example_subdag_operator.py
[2026-06-18T19:14:59.375+0000] {logging_mixin.py:190} INFO - [2026-06-18T19:14:59.374+0000] {dag.py:3239} INFO - Sync 3 DAGs
[2026-06-18T19:14:59.427+0000] {logging_mixin.py:190} INFO - [2026-06-18T19:14:59.426+0000] {dag.py:4180} INFO - Setting next_dagrun for example_subdag_operator to 2022-01-01 00:00:00+00:00, run_after=2022-01-01 00:00:00+00:00
[2026-06-18T19:14:59.440+0000] {logging_mixin.py:190} INFO - [2026-06-18T19:14:59.439+0000] {dag.py:4180} INFO - Setting next_dagrun for example_subdag_operator.section-1 to None, run_after=None
[2026-06-18T19:14:59.446+0000] {logging_mixin.py:190} INFO - [2026-06-18T19:14:59.446+0000] {dag.py:4180} INFO - Setting next_dagrun for example_subdag_operator.section-2 to None, run_after=None
[2026-06-18T19:14:59.464+0000] {logging_mixin.py:190} INFO - [2026-06-18T19:14:59.463+0000] {dag.py:3239} INFO - Sync 2 DAGs
[2026-06-18T19:14:59.481+0000] {logging_mixin.py:190} INFO - [2026-06-18T19:14:59.481+0000] {dag.py:4180} INFO - Setting next_dagrun for example_subdag_operator.section-1 to None, run_after=None
[2026-06-18T19:14:59.484+0000] {logging_mixin.py:190} INFO - [2026-06-18T19:14:59.483+0000] {dag.py:4180} INFO - Setting next_dagrun for example_subdag_operator.section-2 to None, run_after=None
[2026-06-18T19:14:59.525+0000] {processor.py:208} INFO - Processing /home/airflow/.local/lib/python3.12/site-packages/airflow/example_dags/example_subdag_operator.py took 0.278 seconds
[2026-06-18T19:15:29.900+0000] {processor.py:186} INFO - Started process (PID=479) to work on /home/airflow/.local/lib/python3.12/site-packages/airflow/example_dags/example_subdag_operator.py
[2026-06-18T19:15:29.905+0000] {processor.py:914} INFO - Processing file /home/airflow/.local/lib/python3.12/site-packages/airflow/example_dags/example_subdag_operator.py for tasks to queue
[2026-06-18T19:15:29.912+0000] {logging_mixin.py:190} INFO - [2026-06-18T19:15:29.912+0000] {dagbag.py:588} INFO - Filling up the DagBag from /home/airflow/.local/lib/python3.12/site-packages/airflow/example_dags/example_subdag_operator.py
[2026-06-18T19:15:29.996+0000] {processor.py:925} INFO - DAG(s) 'example_subdag_operator.section-1', 'example_subdag_operator.section-2', 'example_subdag_operator' retrieved from /home/airflow/.local/lib/python3.12/site-packages/airflow/example_dags/example_subdag_operator.py
[2026-06-18T19:15:30.046+0000] {logging_mixin.py:190} INFO - [2026-06-18T19:15:30.045+0000] {dag.py:3239} INFO - Sync 3 DAGs
[2026-06-18T19:15:30.118+0000] {logging_mixin.py:190} INFO - [2026-06-18T19:15:30.118+0000] {dag.py:4180} INFO - Setting next_dagrun for example_subdag_operator to 2022-01-01 00:00:00+00:00, run_after=2022-01-01 00:00:00+00:00
[2026-06-18T19:15:30.131+0000] {logging_mixin.py:190} INFO - [2026-06-18T19:15:30.130+0000] {dag.py:4180} INFO - Setting next_dagrun for example_subdag_operator.section-1 to None, run_after=None
[2026-06-18T19:15:30.136+0000] {logging_mixin.py:190} INFO - [2026-06-18T19:15:30.136+0000] {dag.py:4180} INFO - Setting next_dagrun for example_subdag_operator.section-2 to None, run_after=None
[2026-06-18T19:15:30.156+0000] {logging_mixin.py:190} INFO - [2026-06-18T19:15:30.155+0000] {dag.py:3239} INFO - Sync 2 DAGs
[2026-06-18T19:15:30.174+0000] {logging_mixin.py:190} INFO - [2026-06-18T19:15:30.174+0000] {dag.py:4180} INFO - Setting next_dagrun for example_subdag_operator.section-1 to None, run_after=None
[2026-06-18T19:15:30.181+0000] {logging_mixin.py:190} INFO - [2026-06-18T19:15:30.180+0000] {dag.py:4180} INFO - Setting next_dagrun for example_subdag_operator.section-2 to None, run_after=None
[2026-06-18T19:15:30.212+0000] {processor.py:208} INFO - Processing /home/airflow/.local/lib/python3.12/site-packages/airflow/example_dags/example_subdag_operator.py took 0.325 seconds
[2026-06-18T19:16:00.429+0000] {processor.py:186} INFO - Started process (PID=543) to work on /home/airflow/.local/lib/python3.12/site-packages/airflow/example_dags/example_subdag_operator.py
[2026-06-18T19:16:00.434+0000] {processor.py:914} INFO - Processing file /home/airflow/.local/lib/python3.12/site-packages/airflow/example_dags/example_subdag_operator.py for tasks to queue
[2026-06-18T19:16:00.440+0000] {logging_mixin.py:190} INFO - [2026-06-18T19:16:00.439+0000] {dagbag.py:588} INFO - Filling up the DagBag from /home/airflow/.local/lib/python3.12/site-packages/airflow/example_dags/example_subdag_operator.py
[2026-06-18T19:16:00.498+0000] {processor.py:925} INFO - DAG(s) 'example_subdag_operator.section-1', 'example_subdag_operator.section-2', 'example_subdag_operator' retrieved from /home/airflow/.local/lib/python3.12/site-packages/airflow/example_dags/example_subdag_operator.py
[2026-06-18T19:16:00.558+0000] {logging_mixin.py:190} INFO - [2026-06-18T19:16:00.557+0000] {dag.py:3239} INFO - Sync 3 DAGs
[2026-06-18T19:16:00.623+0000] {logging_mixin.py:190} INFO - [2026-06-18T19:16:00.622+0000] {dag.py:4180} INFO - Setting next_dagrun for example_subdag_operator to 2022-01-01 00:00:00+00:00, run_after=2022-01-01 00:00:00+00:00
[2026-06-18T19:16:00.637+0000] {logging_mixin.py:190} INFO - [2026-06-18T19:16:00.637+0000] {dag.py:4180} INFO - Setting next_dagrun for example_subdag_operator.section-1 to None, run_after=None
[2026-06-18T19:16:00.642+0000] {logging_mixin.py:190} INFO - [2026-06-18T19:16:00.642+0000] {dag.py:4180} INFO - Setting next_dagrun for example_subdag_operator.section-2 to None, run_after=None
[2026-06-18T19:16:00.663+0000] {logging_mixin.py:190} INFO - [2026-06-18T19:16:00.662+0000] {dag.py:3239} INFO - Sync 2 DAGs
[2026-06-18T19:16:00.674+0000] {logging_mixin.py:190} INFO - [2026-06-18T19:16:00.674+0000] {dag.py:4180} INFO - Setting next_dagrun for example_subdag_operator.section-1 to None, run_after=None
[2026-06-18T19:16:00.678+0000] {logging_mixin.py:190} INFO - [2026-06-18T19:16:00.677+0000] {dag.py:4180} INFO - Setting next_dagrun for example_subdag_operator.section-2 to None, run_after=None
[2026-06-18T19:16:00.700+0000] {processor.py:208} INFO - Processing /home/airflow/.local/lib/python3.12/site-packages/airflow/example_dags/example_subdag_operator.py took 0.286 seconds
[2026-06-18T19:16:31.002+0000] {processor.py:186} INFO - Started process (PID=607) to work on /home/airflow/.local/lib/python3.12/site-packages/airflow/example_dags/example_subdag_operator.py
[2026-06-18T19:16:31.015+0000] {processor.py:914} INFO - Processing file /home/airflow/.local/lib/python3.12/site-packages/airflow/example_dags/example_subdag_operator.py for tasks to queue
[2026-06-18T19:16:31.025+0000] {logging_mixin.py:190} INFO - [2026-06-18T19:16:31.024+0000] {dagbag.py:588} INFO - Filling up the DagBag from /home/airflow/.local/lib/python3.12/site-packages/airflow/example_dags/example_subdag_operator.py
[2026-06-18T19:16:31.119+0000] {processor.py:925} INFO - DAG(s) 'example_subdag_operator.section-1', 'example_subdag_operator.section-2', 'example_subdag_operator' retrieved from /home/airflow/.local/lib/python3.12/site-packages/airflow/example_dags/example_subdag_operator.py
[2026-06-18T19:16:31.186+0000] {logging_mixin.py:190} INFO - [2026-06-18T19:16:31.186+0000] {dag.py:3239} INFO - Sync 3 DAGs
[2026-06-18T19:16:31.281+0000] {logging_mixin.py:190} INFO - [2026-06-18T19:16:31.280+0000] {dag.py:4180} INFO - Setting next_dagrun for example_subdag_operator to 2022-01-01 00:00:00+00:00, run_after=2022-01-01 00:00:00+00:00
[2026-06-18T19:16:31.294+0000] {logging_mixin.py:190} INFO - [2026-06-18T19:16:31.293+0000] {dag.py:4180} INFO - Setting next_dagrun for example_subdag_operator.section-1 to None, run_after=None
[2026-06-18T19:16:31.303+0000] {logging_mixin.py:190} INFO - [2026-06-18T19:16:31.302+0000] {dag.py:4180} INFO - Setting next_dagrun for example_subdag_operator.section-2 to None, run_after=None
[2026-06-18T19:16:31.330+0000] {logging_mixin.py:190} INFO - [2026-06-18T19:16:31.330+0000] {dag.py:3239} INFO - Sync 2 DAGs
[2026-06-18T19:16:31.356+0000] {logging_mixin.py:190} INFO - [2026-06-18T19:16:31.355+0000] {dag.py:4180} INFO - Setting next_dagrun for example_subdag_operator.section-1 to None, run_after=None
[2026-06-18T19:16:31.361+0000] {logging_mixin.py:190} INFO - [2026-06-18T19:16:31.360+0000] {dag.py:4180} INFO - Setting next_dagrun for example_subdag_operator.section-2 to None, run_after=None
[2026-06-18T19:16:31.406+0000] {processor.py:208} INFO - Processing /home/airflow/.local/lib/python3.12/site-packages/airflow/example_dags/example_subdag_operator.py took 0.425 seconds
[2026-06-18T19:17:02.163+0000] {processor.py:186} INFO - Started process (PID=671) to work on /home/airflow/.local/lib/python3.12/site-packages/airflow/example_dags/example_subdag_operator.py
[2026-06-18T19:17:02.166+0000] {processor.py:914} INFO - Processing file /home/airflow/.local/lib/python3.12/site-packages/airflow/example_dags/example_subdag_operator.py for tasks to queue
[2026-06-18T19:17:02.170+0000] {logging_mixin.py:190} INFO - [2026-06-18T19:17:02.170+0000] {dagbag.py:588} INFO - Filling up the DagBag from /home/airflow/.local/lib/python3.12/site-packages/airflow/example_dags/example_subdag_operator.py
[2026-06-18T19:17:02.199+0000] {processor.py:925} INFO - DAG(s) 'example_subdag_operator.section-1', 'example_subdag_operator.section-2', 'example_subdag_operator' retrieved from /home/airflow/.local/lib/python3.12/site-packages/airflow/example_dags/example_subdag_operator.py
[2026-06-18T19:17:02.215+0000] {logging_mixin.py:190} INFO - [2026-06-18T19:17:02.215+0000] {dag.py:3239} INFO - Sync 3 DAGs
[2026-06-18T19:17:02.249+0000] {logging_mixin.py:190} INFO - [2026-06-18T19:17:02.249+0000] {dag.py:4180} INFO - Setting next_dagrun for example_subdag_operator to 2022-01-01 00:00:00+00:00, run_after=2022-01-01 00:00:00+00:00
[2026-06-18T19:17:02.256+0000] {logging_mixin.py:190} INFO - [2026-06-18T19:17:02.256+0000] {dag.py:4180} INFO - Setting next_dagrun for example_subdag_operator.section-1 to None, run_after=None
[2026-06-18T19:17:02.259+0000] {logging_mixin.py:190} INFO - [2026-06-18T19:17:02.259+0000] {dag.py:4180} INFO - Setting next_dagrun for example_subdag_operator.section-2 to None, run_after=None
[2026-06-18T19:17:02.268+0000] {logging_mixin.py:190} INFO - [2026-06-18T19:17:02.268+0000] {dag.py:3239} INFO - Sync 2 DAGs
[2026-06-18T19:17:02.278+0000] {logging_mixin.py:190} INFO - [2026-06-18T19:17:02.277+0000] {dag.py:4180} INFO - Setting next_dagrun for example_subdag_operator.section-1 to None, run_after=None
[2026-06-18T19:17:02.279+0000] {logging_mixin.py:190} INFO - [2026-06-18T19:17:02.279+0000] {dag.py:4180} INFO - Setting next_dagrun for example_subdag_operator.section-2 to None, run_after=None
[2026-06-18T19:17:02.292+0000] {processor.py:208} INFO - Processing /home/airflow/.local/lib/python3.12/site-packages/airflow/example_dags/example_subdag_operator.py took 0.137 seconds
[2026-06-18T19:17:32.524+0000] {processor.py:186} INFO - Started process (PID=735) to work on /home/airflow/.local/lib/python3.12/site-packages/airflow/example_dags/example_subdag_operator.py
[2026-06-18T19:17:32.529+0000] {processor.py:914} INFO - Processing file /home/airflow/.local/lib/python3.12/site-packages/airflow/example_dags/example_subdag_operator.py for tasks to queue
[2026-06-18T19:17:32.534+0000] {logging_mixin.py:190} INFO - [2026-06-18T19:17:32.533+0000] {dagbag.py:588} INFO - Filling up the DagBag from /home/airflow/.local/lib/python3.12/site-packages/airflow/example_dags/example_subdag_operator.py
[2026-06-18T19:17:32.563+0000] {processor.py:925} INFO - DAG(s) 'example_subdag_operator.section-1', 'example_subdag_operator.section-2', 'example_subdag_operator' retrieved from /home/airflow/.local/lib/python3.12/site-packages/airflow/example_dags/example_subdag_operator.py
[2026-06-18T19:17:32.579+0000] {logging_mixin.py:190} INFO - [2026-06-18T19:17:32.579+0000] {dag.py:3239} INFO - Sync 3 DAGs
[2026-06-18T19:17:32.602+0000] {logging_mixin.py:190} INFO - [2026-06-18T19:17:32.602+0000] {dag.py:4180} INFO - Setting next_dagrun for example_subdag_operator to 2022-01-01 00:00:00+00:00, run_after=2022-01-01 00:00:00+00:00
[2026-06-18T19:17:32.608+0000] {logging_mixin.py:190} INFO - [2026-06-18T19:17:32.608+0000] {dag.py:4180} INFO - Setting next_dagrun for example_subdag_operator.section-1 to None, run_after=None
[2026-06-18T19:17:32.611+0000] {logging_mixin.py:190} INFO - [2026-06-18T19:17:32.611+0000] {dag.py:4180} INFO - Setting next_dagrun for example_subdag_operator.section-2 to None, run_after=None
[2026-06-18T19:17:32.618+0000] {logging_mixin.py:190} INFO - [2026-06-18T19:17:32.618+0000] {dag.py:3239} INFO - Sync 2 DAGs
[2026-06-18T19:17:32.624+0000] {logging_mixin.py:190} INFO - [2026-06-18T19:17:32.624+0000] {dag.py:4180} INFO - Setting next_dagrun for example_subdag_operator.section-1 to None, run_after=None
[2026-06-18T19:17:32.626+0000] {logging_mixin.py:190} INFO - [2026-06-18T19:17:32.625+0000] {dag.py:4180} INFO - Setting next_dagrun for example_subdag_operator.section-2 to None, run_after=None
[2026-06-18T19:17:32.637+0000] {processor.py:208} INFO - Processing /home/airflow/.local/lib/python3.12/site-packages/airflow/example_dags/example_subdag_operator.py took 0.120 seconds
[2026-06-18T19:18:03.194+0000] {processor.py:186} INFO - Started process (PID=800) to work on /home/airflow/.local/lib/python3.12/site-packages/airflow/example_dags/example_subdag_operator.py
[2026-06-18T19:18:03.196+0000] {processor.py:914} INFO - Processing file /home/airflow/.local/lib/python3.12/site-packages/airflow/example_dags/example_subdag_operator.py for tasks to queue
[2026-06-18T19:18:03.201+0000] {logging_mixin.py:190} INFO - [2026-06-18T19:18:03.200+0000] {dagbag.py:588} INFO - Filling up the DagBag from /home/airflow/.local/lib/python3.12/site-packages/airflow/example_dags/example_subdag_operator.py
[2026-06-18T19:18:03.234+0000] {processor.py:925} INFO - DAG(s) 'example_subdag_operator.section-1', 'example_subdag_operator.section-2', 'example_subdag_operator' retrieved from /home/airflow/.local/lib/python3.12/site-packages/airflow/example_dags/example_subdag_operator.py
[2026-06-18T19:18:03.261+0000] {logging_mixin.py:190} INFO - [2026-06-18T19:18:03.261+0000] {dag.py:3239} INFO - Sync 3 DAGs
[2026-06-18T19:18:03.299+0000] {logging_mixin.py:190} INFO - [2026-06-18T19:18:03.298+0000] {dag.py:4180} INFO - Setting next_dagrun for example_subdag_operator to 2022-01-01 00:00:00+00:00, run_after=2022-01-01 00:00:00+00:00
[2026-06-18T19:18:03.305+0000] {logging_mixin.py:190} INFO - [2026-06-18T19:18:03.305+0000] {dag.py:4180} INFO - Setting next_dagrun for example_subdag_operator.section-1 to None, run_after=None
[2026-06-18T19:18:03.309+0000] {logging_mixin.py:190} INFO - [2026-06-18T19:18:03.309+0000] {dag.py:4180} INFO - Setting next_dagrun for example_subdag_operator.section-2 to None, run_after=None
[2026-06-18T19:18:03.318+0000] {logging_mixin.py:190} INFO - [2026-06-18T19:18:03.318+0000] {dag.py:3239} INFO - Sync 2 DAGs
[2026-06-18T19:18:03.328+0000] {logging_mixin.py:190} INFO - [2026-06-18T19:18:03.328+0000] {dag.py:4180} INFO - Setting next_dagrun for example_subdag_operator.section-1 to None, run_after=None
[2026-06-18T19:18:03.331+0000] {logging_mixin.py:190} INFO - [2026-06-18T19:18:03.330+0000] {dag.py:4180} INFO - Setting next_dagrun for example_subdag_operator.section-2 to None, run_after=None
[2026-06-18T19:18:03.346+0000] {processor.py:208} INFO - Processing /home/airflow/.local/lib/python3.12/site-packages/airflow/example_dags/example_subdag_operator.py took 0.160 seconds
[2026-06-18T19:18:33.501+0000] {processor.py:186} INFO - Started process (PID=864) to work on /home/airflow/.local/lib/python3.12/site-packages/airflow/example_dags/example_subdag_operator.py
[2026-06-18T19:18:33.503+0000] {processor.py:914} INFO - Processing file /home/airflow/.local/lib/python3.12/site-packages/airflow/example_dags/example_subdag_operator.py for tasks to queue
[2026-06-18T19:18:33.507+0000] {logging_mixin.py:190} INFO - [2026-06-18T19:18:33.507+0000] {dagbag.py:588} INFO - Filling up the DagBag from /home/airflow/.local/lib/python3.12/site-packages/airflow/example_dags/example_subdag_operator.py
[2026-06-18T19:18:33.533+0000] {processor.py:925} INFO - DAG(s) 'example_subdag_operator.section-1', 'example_subdag_operator.section-2', 'example_subdag_operator' retrieved from /home/airflow/.local/lib/python3.12/site-packages/airflow/example_dags/example_subdag_operator.py
[2026-06-18T19:18:33.548+0000] {logging_mixin.py:190} INFO - [2026-06-18T19:18:33.548+0000] {dag.py:3239} INFO - Sync 3 DAGs
[2026-06-18T19:18:33.578+0000] {logging_mixin.py:190} INFO - [2026-06-18T19:18:33.578+0000] {dag.py:4180} INFO - Setting next_dagrun for example_subdag_operator to 2022-01-01 00:00:00+00:00, run_after=2022-01-01 00:00:00+00:00
[2026-06-18T19:18:33.583+0000] {logging_mixin.py:190} INFO - [2026-06-18T19:18:33.583+0000] {dag.py:4180} INFO - Setting next_dagrun for example_subdag_operator.section-1 to None, run_after=None
[2026-06-18T19:18:33.586+0000] {logging_mixin.py:190} INFO - [2026-06-18T19:18:33.586+0000] {dag.py:4180} INFO - Setting next_dagrun for example_subdag_operator.section-2 to None, run_after=None
[2026-06-18T19:18:33.593+0000] {logging_mixin.py:190} INFO - [2026-06-18T19:18:33.593+0000] {dag.py:3239} INFO - Sync 2 DAGs
[2026-06-18T19:18:33.599+0000] {logging_mixin.py:190} INFO - [2026-06-18T19:18:33.599+0000] {dag.py:4180} INFO - Setting next_dagrun for example_subdag_operator.section-1 to None, run_after=None
[2026-06-18T19:18:33.601+0000] {logging_mixin.py:190} INFO - [2026-06-18T19:18:33.601+0000] {dag.py:4180} INFO - Setting next_dagrun for example_subdag_operator.section-2 to None, run_after=None
[2026-06-18T19:18:33.613+0000] {processor.py:208} INFO - Processing /home/airflow/.local/lib/python3.12/site-packages/airflow/example_dags/example_subdag_operator.py took 0.119 seconds
[2026-06-18T19:19:04.396+0000] {processor.py:186} INFO - Started process (PID=928) to work on /home/airflow/.local/lib/python3.12/site-packages/airflow/example_dags/example_subdag_operator.py
[2026-06-18T19:19:04.402+0000] {processor.py:914} INFO - Processing file /home/airflow/.local/lib/python3.12/site-packages/airflow/example_dags/example_subdag_operator.py for tasks to queue
[2026-06-18T19:19:04.410+0000] {logging_mixin.py:190} INFO - [2026-06-18T19:19:04.409+0000] {dagbag.py:588} INFO - Filling up the DagBag from /home/airflow/.local/lib/python3.12/site-packages/airflow/example_dags/example_subdag_operator.py
[2026-06-18T19:19:04.500+0000] {processor.py:925} INFO - DAG(s) 'example_subdag_operator.section-1', 'example_subdag_operator.section-2', 'example_subdag_operator' retrieved from /home/airflow/.local/lib/python3.12/site-packages/airflow/example_dags/example_subdag_operator.py
[2026-06-18T19:19:04.539+0000] {logging_mixin.py:190} INFO - [2026-06-18T19:19:04.539+0000] {dag.py:3239} INFO - Sync 3 DAGs
[2026-06-18T19:19:04.580+0000] {logging_mixin.py:190} INFO - [2026-06-18T19:19:04.580+0000] {dag.py:4180} INFO - Setting next_dagrun for example_subdag_operator to 2022-01-01 00:00:00+00:00, run_after=2022-01-01 00:00:00+00:00
[2026-06-18T19:19:04.593+0000] {logging_mixin.py:190} INFO - [2026-06-18T19:19:04.592+0000] {dag.py:4180} INFO - Setting next_dagrun for example_subdag_operator.section-1 to None, run_after=None
[2026-06-18T19:19:04.602+0000] {logging_mixin.py:190} INFO - [2026-06-18T19:19:04.601+0000] {dag.py:4180} INFO - Setting next_dagrun for example_subdag_operator.section-2 to None, run_after=None
[2026-06-18T19:19:04.622+0000] {logging_mixin.py:190} INFO - [2026-06-18T19:19:04.621+0000] {dag.py:3239} INFO - Sync 2 DAGs
[2026-06-18T19:19:04.641+0000] {logging_mixin.py:190} INFO - [2026-06-18T19:19:04.640+0000] {dag.py:4180} INFO - Setting next_dagrun for example_subdag_operator.section-1 to None, run_after=None
[2026-06-18T19:19:04.645+0000] {logging_mixin.py:190} INFO - [2026-06-18T19:19:04.644+0000] {dag.py:4180} INFO - Setting next_dagrun for example_subdag_operator.section-2 to None, run_after=None
[2026-06-18T19:19:04.674+0000] {processor.py:208} INFO - Processing /home/airflow/.local/lib/python3.12/site-packages/airflow/example_dags/example_subdag_operator.py took 0.297 seconds
[2026-06-18T19:19:35.290+0000] {processor.py:186} INFO - Started process (PID=992) to work on /home/airflow/.local/lib/python3.12/site-packages/airflow/example_dags/example_subdag_operator.py
[2026-06-18T19:19:35.295+0000] {processor.py:914} INFO - Processing file /home/airflow/.local/lib/python3.12/site-packages/airflow/example_dags/example_subdag_operator.py for tasks to queue
[2026-06-18T19:19:35.309+0000] {logging_mixin.py:190} INFO - [2026-06-18T19:19:35.305+0000] {dagbag.py:588} INFO - Filling up the DagBag from /home/airflow/.local/lib/python3.12/site-packages/airflow/example_dags/example_subdag_operator.py
[2026-06-18T19:19:35.389+0000] {processor.py:925} INFO - DAG(s) 'example_subdag_operator.section-1', 'example_subdag_operator.section-2', 'example_subdag_operator' retrieved from /home/airflow/.local/lib/python3.12/site-packages/airflow/example_dags/example_subdag_operator.py
[2026-06-18T19:19:35.436+0000] {logging_mixin.py:190} INFO - [2026-06-18T19:19:35.435+0000] {dag.py:3239} INFO - Sync 3 DAGs
[2026-06-18T19:19:35.497+0000] {logging_mixin.py:190} INFO - [2026-06-18T19:19:35.496+0000] {dag.py:4180} INFO - Setting next_dagrun for example_subdag_operator to 2022-01-01 00:00:00+00:00, run_after=2022-01-01 00:00:00+00:00
[2026-06-18T19:19:35.506+0000] {logging_mixin.py:190} INFO - [2026-06-18T19:19:35.505+0000] {dag.py:4180} INFO - Setting next_dagrun for example_subdag_operator.section-1 to None, run_after=None
[2026-06-18T19:19:35.512+0000] {logging_mixin.py:190} INFO - [2026-06-18T19:19:35.512+0000] {dag.py:4180} INFO - Setting next_dagrun for example_subdag_operator.section-2 to None, run_after=None
[2026-06-18T19:19:35.530+0000] {logging_mixin.py:190} INFO - [2026-06-18T19:19:35.530+0000] {dag.py:3239} INFO - Sync 2 DAGs
[2026-06-18T19:19:35.542+0000] {logging_mixin.py:190} INFO - [2026-06-18T19:19:35.542+0000] {dag.py:4180} INFO - Setting next_dagrun for example_subdag_operator.section-1 to None, run_after=None
[2026-06-18T19:19:35.545+0000] {logging_mixin.py:190} INFO - [2026-06-18T19:19:35.545+0000] {dag.py:4180} INFO - Setting next_dagrun for example_subdag_operator.section-2 to None, run_after=None
[2026-06-18T19:19:35.579+0000] {processor.py:208} INFO - Processing /home/airflow/.local/lib/python3.12/site-packages/airflow/example_dags/example_subdag_operator.py took 0.310 seconds
[2026-06-18T19:20:05.934+0000] {processor.py:186} INFO - Started process (PID=1055) to work on /home/airflow/.local/lib/python3.12/site-packages/airflow/example_dags/example_subdag_operator.py
[2026-06-18T19:20:05.936+0000] {processor.py:914} INFO - Processing file /home/airflow/.local/lib/python3.12/site-packages/airflow/example_dags/example_subdag_operator.py for tasks to queue
[2026-06-18T19:20:05.939+0000] {logging_mixin.py:190} INFO - [2026-06-18T19:20:05.939+0000] {dagbag.py:588} INFO - Filling up the DagBag from /home/airflow/.local/lib/python3.12/site-packages/airflow/example_dags/example_subdag_operator.py
[2026-06-18T19:20:05.968+0000] {processor.py:925} INFO - DAG(s) 'example_subdag_operator.section-1', 'example_subdag_operator.section-2', 'example_subdag_operator' retrieved from /home/airflow/.local/lib/python3.12/site-packages/airflow/example_dags/example_subdag_operator.py
[2026-06-18T19:20:05.986+0000] {logging_mixin.py:190} INFO - [2026-06-18T19:20:05.985+0000] {dag.py:3239} INFO - Sync 3 DAGs
[2026-06-18T19:20:06.013+0000] {logging_mixin.py:190} INFO - [2026-06-18T19:20:06.013+0000] {dag.py:4180} INFO - Setting next_dagrun for example_subdag_operator to 2022-01-01 00:00:00+00:00, run_after=2022-01-01 00:00:00+00:00
[2026-06-18T19:20:06.019+0000] {logging_mixin.py:190} INFO - [2026-06-18T19:20:06.019+0000] {dag.py:4180} INFO - Setting next_dagrun for example_subdag_operator.section-1 to None, run_after=None
[2026-06-18T19:20:06.022+0000] {logging_mixin.py:190} INFO - [2026-06-18T19:20:06.021+0000] {dag.py:4180} INFO - Setting next_dagrun for example_subdag_operator.section-2 to None, run_after=None
[2026-06-18T19:20:06.030+0000] {logging_mixin.py:190} INFO - [2026-06-18T19:20:06.029+0000] {dag.py:3239} INFO - Sync 2 DAGs
[2026-06-18T19:20:06.037+0000] {logging_mixin.py:190} INFO - [2026-06-18T19:20:06.037+0000] {dag.py:4180} INFO - Setting next_dagrun for example_subdag_operator.section-1 to None, run_after=None
[2026-06-18T19:20:06.039+0000] {logging_mixin.py:190} INFO - [2026-06-18T19:20:06.038+0000] {dag.py:4180} INFO - Setting next_dagrun for example_subdag_operator.section-2 to None, run_after=None
[2026-06-18T19:20:06.052+0000] {processor.py:208} INFO - Processing /home/airflow/.local/lib/python3.12/site-packages/airflow/example_dags/example_subdag_operator.py took 0.125 seconds
[2026-06-18T19:20:36.380+0000] {processor.py:186} INFO - Started process (PID=1119) to work on /home/airflow/.local/lib/python3.12/site-packages/airflow/example_dags/example_subdag_operator.py
[2026-06-18T19:20:36.384+0000] {processor.py:914} INFO - Processing file /home/airflow/.local/lib/python3.12/site-packages/airflow/example_dags/example_subdag_operator.py for tasks to queue
[2026-06-18T19:20:36.391+0000] {logging_mixin.py:190} INFO - [2026-06-18T19:20:36.390+0000] {dagbag.py:588} INFO - Filling up the DagBag from /home/airflow/.local/lib/python3.12/site-packages/airflow/example_dags/example_subdag_operator.py
[2026-06-18T19:20:36.446+0000] {processor.py:925} INFO - DAG(s) 'example_subdag_operator.section-1', 'example_subdag_operator.section-2', 'example_subdag_operator' retrieved from /home/airflow/.local/lib/python3.12/site-packages/airflow/example_dags/example_subdag_operator.py
[2026-06-18T19:20:36.479+0000] {logging_mixin.py:190} INFO - [2026-06-18T19:20:36.478+0000] {dag.py:3239} INFO - Sync 3 DAGs
[2026-06-18T19:20:36.535+0000] {logging_mixin.py:190} INFO - [2026-06-18T19:20:36.535+0000] {dag.py:4180} INFO - Setting next_dagrun for example_subdag_operator to 2022-01-01 00:00:00+00:00, run_after=2022-01-01 00:00:00+00:00
[2026-06-18T19:20:36.546+0000] {logging_mixin.py:190} INFO - [2026-06-18T19:20:36.545+0000] {dag.py:4180} INFO - Setting next_dagrun for example_subdag_operator.section-1 to None, run_after=None
[2026-06-18T19:20:36.550+0000] {logging_mixin.py:190} INFO - [2026-06-18T19:20:36.550+0000] {dag.py:4180} INFO - Setting next_dagrun for example_subdag_operator.section-2 to None, run_after=None
[2026-06-18T19:20:36.566+0000] {logging_mixin.py:190} INFO - [2026-06-18T19:20:36.566+0000] {dag.py:3239} INFO - Sync 2 DAGs
[2026-06-18T19:20:36.581+0000] {logging_mixin.py:190} INFO - [2026-06-18T19:20:36.581+0000] {dag.py:4180} INFO - Setting next_dagrun for example_subdag_operator.section-1 to None, run_after=None
[2026-06-18T19:20:36.584+0000] {logging_mixin.py:190} INFO - [2026-06-18T19:20:36.583+0000] {dag.py:4180} INFO - Setting next_dagrun for example_subdag_operator.section-2 to None, run_after=None
[2026-06-18T19:20:36.604+0000] {processor.py:208} INFO - Processing /home/airflow/.local/lib/python3.12/site-packages/airflow/example_dags/example_subdag_operator.py took 0.240 seconds
[2026-06-18T19:21:06.825+0000] {processor.py:186} INFO - Started process (PID=1183) to work on /home/airflow/.local/lib/python3.12/site-packages/airflow/example_dags/example_subdag_operator.py
[2026-06-18T19:21:06.828+0000] {processor.py:914} INFO - Processing file /home/airflow/.local/lib/python3.12/site-packages/airflow/example_dags/example_subdag_operator.py for tasks to queue
[2026-06-18T19:21:06.833+0000] {logging_mixin.py:190} INFO - [2026-06-18T19:21:06.832+0000] {dagbag.py:588} INFO - Filling up the DagBag from /home/airflow/.local/lib/python3.12/site-packages/airflow/example_dags/example_subdag_operator.py
[2026-06-18T19:21:06.868+0000] {processor.py:925} INFO - DAG(s) 'example_subdag_operator.section-1', 'example_subdag_operator.section-2', 'example_subdag_operator' retrieved from /home/airflow/.local/lib/python3.12/site-packages/airflow/example_dags/example_subdag_operator.py
[2026-06-18T19:21:06.887+0000] {logging_mixin.py:190} INFO - [2026-06-18T19:21:06.887+0000] {dag.py:3239} INFO - Sync 3 DAGs
[2026-06-18T19:21:06.913+0000] {logging_mixin.py:190} INFO - [2026-06-18T19:21:06.913+0000] {dag.py:4180} INFO - Setting next_dagrun for example_subdag_operator to 2022-01-01 00:00:00+00:00, run_after=2022-01-01 00:00:00+00:00
[2026-06-18T19:21:06.919+0000] {logging_mixin.py:190} INFO - [2026-06-18T19:21:06.918+0000] {dag.py:4180} INFO - Setting next_dagrun for example_subdag_operator.section-1 to None, run_after=None
[2026-06-18T19:21:06.922+0000] {logging_mixin.py:190} INFO - [2026-06-18T19:21:06.922+0000] {dag.py:4180} INFO - Setting next_dagrun for example_subdag_operator.section-2 to None, run_after=None
[2026-06-18T19:21:06.929+0000] {logging_mixin.py:190} INFO - [2026-06-18T19:21:06.929+0000] {dag.py:3239} INFO - Sync 2 DAGs
[2026-06-18T19:21:06.936+0000] {logging_mixin.py:190} INFO - [2026-06-18T19:21:06.936+0000] {dag.py:4180} INFO - Setting next_dagrun for example_subdag_operator.section-1 to None, run_after=None
[2026-06-18T19:21:06.937+0000] {logging_mixin.py:190} INFO - [2026-06-18T19:21:06.937+0000] {dag.py:4180} INFO - Setting next_dagrun for example_subdag_operator.section-2 to None, run_after=None
[2026-06-18T19:21:06.950+0000] {processor.py:208} INFO - Processing /home/airflow/.local/lib/python3.12/site-packages/airflow/example_dags/example_subdag_operator.py took 0.134 seconds
[2026-06-18T19:21:38.360+0000] {processor.py:186} INFO - Started process (PID=1247) to work on /home/airflow/.local/lib/python3.12/site-packages/airflow/example_dags/example_subdag_operator.py
[2026-06-18T19:21:38.366+0000] {processor.py:914} INFO - Processing file /home/airflow/.local/lib/python3.12/site-packages/airflow/example_dags/example_subdag_operator.py for tasks to queue
[2026-06-18T19:21:38.375+0000] {logging_mixin.py:190} INFO - [2026-06-18T19:21:38.374+0000] {dagbag.py:588} INFO - Filling up the DagBag from /home/airflow/.local/lib/python3.12/site-packages/airflow/example_dags/example_subdag_operator.py
[2026-06-18T19:21:38.458+0000] {processor.py:925} INFO - DAG(s) 'example_subdag_operator.section-1', 'example_subdag_operator.section-2', 'example_subdag_operator' retrieved from /home/airflow/.local/lib/python3.12/site-packages/airflow/example_dags/example_subdag_operator.py
[2026-06-18T19:21:38.507+0000] {logging_mixin.py:190} INFO - [2026-06-18T19:21:38.507+0000] {dag.py:3239} INFO - Sync 3 DAGs
[2026-06-18T19:21:38.573+0000] {logging_mixin.py:190} INFO - [2026-06-18T19:21:38.572+0000] {dag.py:4180} INFO - Setting next_dagrun for example_subdag_operator to 2022-01-01 00:00:00+00:00, run_after=2022-01-01 00:00:00+00:00
[2026-06-18T19:21:38.591+0000] {logging_mixin.py:190} INFO - [2026-06-18T19:21:38.591+0000] {dag.py:4180} INFO - Setting next_dagrun for example_subdag_operator.section-1 to None, run_after=None
[2026-06-18T19:21:38.600+0000] {logging_mixin.py:190} INFO - [2026-06-18T19:21:38.599+0000] {dag.py:4180} INFO - Setting next_dagrun for example_subdag_operator.section-2 to None, run_after=None
[2026-06-18T19:21:38.623+0000] {logging_mixin.py:190} INFO - [2026-06-18T19:21:38.623+0000] {dag.py:3239} INFO - Sync 2 DAGs
[2026-06-18T19:21:38.643+0000] {logging_mixin.py:190} INFO - [2026-06-18T19:21:38.643+0000] {dag.py:4180} INFO - Setting next_dagrun for example_subdag_operator.section-1 to None, run_after=None
[2026-06-18T19:21:38.647+0000] {logging_mixin.py:190} INFO - [2026-06-18T19:21:38.646+0000] {dag.py:4180} INFO - Setting next_dagrun for example_subdag_operator.section-2 to None, run_after=None
[2026-06-18T19:21:38.682+0000] {processor.py:208} INFO - Processing /home/airflow/.local/lib/python3.12/site-packages/airflow/example_dags/example_subdag_operator.py took 0.342 seconds
[2026-06-18T19:22:09.515+0000] {processor.py:186} INFO - Started process (PID=1310) to work on /home/airflow/.local/lib/python3.12/site-packages/airflow/example_dags/example_subdag_operator.py
[2026-06-18T19:22:09.521+0000] {processor.py:914} INFO - Processing file /home/airflow/.local/lib/python3.12/site-packages/airflow/example_dags/example_subdag_operator.py for tasks to queue
[2026-06-18T19:22:09.529+0000] {logging_mixin.py:190} INFO - [2026-06-18T19:22:09.528+0000] {dagbag.py:588} INFO - Filling up the DagBag from /home/airflow/.local/lib/python3.12/site-packages/airflow/example_dags/example_subdag_operator.py
[2026-06-18T19:22:09.591+0000] {processor.py:925} INFO - DAG(s) 'example_subdag_operator.section-1', 'example_subdag_operator.section-2', 'example_subdag_operator' retrieved from /home/airflow/.local/lib/python3.12/site-packages/airflow/example_dags/example_subdag_operator.py
[2026-06-18T19:22:09.627+0000] {logging_mixin.py:190} INFO - [2026-06-18T19:22:09.626+0000] {dag.py:3239} INFO - Sync 3 DAGs
[2026-06-18T19:22:09.684+0000] {logging_mixin.py:190} INFO - [2026-06-18T19:22:09.684+0000] {dag.py:4180} INFO - Setting next_dagrun for example_subdag_operator to 2022-01-01 00:00:00+00:00, run_after=2022-01-01 00:00:00+00:00
[2026-06-18T19:22:09.693+0000] {logging_mixin.py:190} INFO - [2026-06-18T19:22:09.693+0000] {dag.py:4180} INFO - Setting next_dagrun for example_subdag_operator.section-1 to None, run_after=None
[2026-06-18T19:22:09.698+0000] {logging_mixin.py:190} INFO - [2026-06-18T19:22:09.697+0000] {dag.py:4180} INFO - Setting next_dagrun for example_subdag_operator.section-2 to None, run_after=None
[2026-06-18T19:22:09.714+0000] {logging_mixin.py:190} INFO - [2026-06-18T19:22:09.714+0000] {dag.py:3239} INFO - Sync 2 DAGs
[2026-06-18T19:22:09.727+0000] {logging_mixin.py:190} INFO - [2026-06-18T19:22:09.727+0000] {dag.py:4180} INFO - Setting next_dagrun for example_subdag_operator.section-1 to None, run_after=None
[2026-06-18T19:22:09.730+0000] {logging_mixin.py:190} INFO - [2026-06-18T19:22:09.730+0000] {dag.py:4180} INFO - Setting next_dagrun for example_subdag_operator.section-2 to None, run_after=None
[2026-06-18T19:22:09.754+0000] {processor.py:208} INFO - Processing /home/airflow/.local/lib/python3.12/site-packages/airflow/example_dags/example_subdag_operator.py took 0.254 seconds
[2026-06-18T19:22:40.252+0000] {processor.py:186} INFO - Started process (PID=1373) to work on /home/airflow/.local/lib/python3.12/site-packages/airflow/example_dags/example_subdag_operator.py
[2026-06-18T19:22:40.255+0000] {processor.py:914} INFO - Processing file /home/airflow/.local/lib/python3.12/site-packages/airflow/example_dags/example_subdag_operator.py for tasks to queue
[2026-06-18T19:22:40.259+0000] {logging_mixin.py:190} INFO - [2026-06-18T19:22:40.259+0000] {dagbag.py:588} INFO - Filling up the DagBag from /home/airflow/.local/lib/python3.12/site-packages/airflow/example_dags/example_subdag_operator.py
[2026-06-18T19:22:40.291+0000] {processor.py:925} INFO - DAG(s) 'example_subdag_operator.section-1', 'example_subdag_operator.section-2', 'example_subdag_operator' retrieved from /home/airflow/.local/lib/python3.12/site-packages/airflow/example_dags/example_subdag_operator.py
[2026-06-18T19:22:40.308+0000] {logging_mixin.py:190} INFO - [2026-06-18T19:22:40.308+0000] {dag.py:3239} INFO - Sync 3 DAGs
[2026-06-18T19:22:40.334+0000] {logging_mixin.py:190} INFO - [2026-06-18T19:22:40.334+0000] {dag.py:4180} INFO - Setting next_dagrun for example_subdag_operator to 2022-01-01 00:00:00+00:00, run_after=2022-01-01 00:00:00+00:00
[2026-06-18T19:22:40.341+0000] {logging_mixin.py:190} INFO - [2026-06-18T19:22:40.341+0000] {dag.py:4180} INFO - Setting next_dagrun for example_subdag_operator.section-1 to None, run_after=None
[2026-06-18T19:22:40.344+0000] {logging_mixin.py:190} INFO - [2026-06-18T19:22:40.344+0000] {dag.py:4180} INFO - Setting next_dagrun for example_subdag_operator.section-2 to None, run_after=None
[2026-06-18T19:22:40.355+0000] {logging_mixin.py:190} INFO - [2026-06-18T19:22:40.354+0000] {dag.py:3239} INFO - Sync 2 DAGs
[2026-06-18T19:22:40.363+0000] {logging_mixin.py:190} INFO - [2026-06-18T19:22:40.362+0000] {dag.py:4180} INFO - Setting next_dagrun for example_subdag_operator.section-1 to None, run_after=None
[2026-06-18T19:22:40.365+0000] {logging_mixin.py:190} INFO - [2026-06-18T19:22:40.364+0000] {dag.py:4180} INFO - Setting next_dagrun for example_subdag_operator.section-2 to None, run_after=None
[2026-06-18T19:22:40.380+0000] {processor.py:208} INFO - Processing /home/airflow/.local/lib/python3.12/site-packages/airflow/example_dags/example_subdag_operator.py took 0.135 seconds
[2026-06-18T19:23:14.668+0000] {processor.py:186} INFO - Started process (PID=1437) to work on /home/airflow/.local/lib/python3.12/site-packages/airflow/example_dags/example_subdag_operator.py
[2026-06-18T19:23:14.678+0000] {processor.py:914} INFO - Processing file /home/airflow/.local/lib/python3.12/site-packages/airflow/example_dags/example_subdag_operator.py for tasks to queue
[2026-06-18T19:23:14.689+0000] {logging_mixin.py:190} INFO - [2026-06-18T19:23:14.688+0000] {dagbag.py:588} INFO - Filling up the DagBag from /home/airflow/.local/lib/python3.12/site-packages/airflow/example_dags/example_subdag_operator.py
[2026-06-18T19:23:14.794+0000] {processor.py:925} INFO - DAG(s) 'example_subdag_operator.section-1', 'example_subdag_operator.section-2', 'example_subdag_operator' retrieved from /home/airflow/.local/lib/python3.12/site-packages/airflow/example_dags/example_subdag_operator.py
[2026-06-18T19:23:14.856+0000] {logging_mixin.py:190} INFO - [2026-06-18T19:23:14.855+0000] {dag.py:3239} INFO - Sync 3 DAGs
[2026-06-18T19:23:14.942+0000] {logging_mixin.py:190} INFO - [2026-06-18T19:23:14.942+0000] {dag.py:4180} INFO - Setting next_dagrun for example_subdag_operator to 2022-01-01 00:00:00+00:00, run_after=2022-01-01 00:00:00+00:00
[2026-06-18T19:23:14.955+0000] {logging_mixin.py:190} INFO - [2026-06-18T19:23:14.955+0000] {dag.py:4180} INFO - Setting next_dagrun for example_subdag_operator.section-1 to None, run_after=None
[2026-06-18T19:23:14.963+0000] {logging_mixin.py:190} INFO - [2026-06-18T19:23:14.962+0000] {dag.py:4180} INFO - Setting next_dagrun for example_subdag_operator.section-2 to None, run_after=None
[2026-06-18T19:23:14.984+0000] {logging_mixin.py:190} INFO - [2026-06-18T19:23:14.984+0000] {dag.py:3239} INFO - Sync 2 DAGs
[2026-06-18T19:23:15.002+0000] {logging_mixin.py:190} INFO - [2026-06-18T19:23:15.002+0000] {dag.py:4180} INFO - Setting next_dagrun for example_subdag_operator.section-1 to None, run_after=None
[2026-06-18T19:23:15.007+0000] {logging_mixin.py:190} INFO - [2026-06-18T19:23:15.006+0000] {dag.py:4180} INFO - Setting next_dagrun for example_subdag_operator.section-2 to None, run_after=None
[2026-06-18T19:23:15.054+0000] {processor.py:208} INFO - Processing /home/airflow/.local/lib/python3.12/site-packages/airflow/example_dags/example_subdag_operator.py took 0.412 seconds
[2026-06-18T19:23:45.730+0000] {processor.py:186} INFO - Started process (PID=1501) to work on /home/airflow/.local/lib/python3.12/site-packages/airflow/example_dags/example_subdag_operator.py
[2026-06-18T19:23:45.737+0000] {processor.py:914} INFO - Processing file /home/airflow/.local/lib/python3.12/site-packages/airflow/example_dags/example_subdag_operator.py for tasks to queue
[2026-06-18T19:23:45.746+0000] {logging_mixin.py:190} INFO - [2026-06-18T19:23:45.745+0000] {dagbag.py:588} INFO - Filling up the DagBag from /home/airflow/.local/lib/python3.12/site-packages/airflow/example_dags/example_subdag_operator.py
[2026-06-18T19:23:45.848+0000] {processor.py:925} INFO - DAG(s) 'example_subdag_operator.section-1', 'example_subdag_operator.section-2', 'example_subdag_operator' retrieved from /home/airflow/.local/lib/python3.12/site-packages/airflow/example_dags/example_subdag_operator.py
[2026-06-18T19:23:45.923+0000] {logging_mixin.py:190} INFO - [2026-06-18T19:23:45.923+0000] {dag.py:3239} INFO - Sync 3 DAGs
[2026-06-18T19:23:46.071+0000] {logging_mixin.py:190} INFO - [2026-06-18T19:23:46.071+0000] {dag.py:4180} INFO - Setting next_dagrun for example_subdag_operator to 2022-01-01 00:00:00+00:00, run_after=2022-01-01 00:00:00+00:00
[2026-06-18T19:23:46.098+0000] {logging_mixin.py:190} INFO - [2026-06-18T19:23:46.097+0000] {dag.py:4180} INFO - Setting next_dagrun for example_subdag_operator.section-1 to None, run_after=None
[2026-06-18T19:23:46.111+0000] {logging_mixin.py:190} INFO - [2026-06-18T19:23:46.110+0000] {dag.py:4180} INFO - Setting next_dagrun for example_subdag_operator.section-2 to None, run_after=None
[2026-06-18T19:23:46.134+0000] {logging_mixin.py:190} INFO - [2026-06-18T19:23:46.134+0000] {dag.py:3239} INFO - Sync 2 DAGs
[2026-06-18T19:23:46.151+0000] {logging_mixin.py:190} INFO - [2026-06-18T19:23:46.150+0000] {dag.py:4180} INFO - Setting next_dagrun for example_subdag_operator.section-1 to None, run_after=None
[2026-06-18T19:23:46.153+0000] {logging_mixin.py:190} INFO - [2026-06-18T19:23:46.153+0000] {dag.py:4180} INFO - Setting next_dagrun for example_subdag_operator.section-2 to None, run_after=None
[2026-06-18T19:23:46.179+0000] {processor.py:208} INFO - Processing /home/airflow/.local/lib/python3.12/site-packages/airflow/example_dags/example_subdag_operator.py took 0.468 seconds
[2026-06-18T19:24:16.712+0000] {processor.py:186} INFO - Started process (PID=1564) to work on /home/airflow/.local/lib/python3.12/site-packages/airflow/example_dags/example_subdag_operator.py
[2026-06-18T19:24:16.715+0000] {processor.py:914} INFO - Processing file /home/airflow/.local/lib/python3.12/site-packages/airflow/example_dags/example_subdag_operator.py for tasks to queue
[2026-06-18T19:24:16.719+0000] {logging_mixin.py:190} INFO - [2026-06-18T19:24:16.718+0000] {dagbag.py:588} INFO - Filling up the DagBag from /home/airflow/.local/lib/python3.12/site-packages/airflow/example_dags/example_subdag_operator.py
[2026-06-18T19:24:16.750+0000] {processor.py:925} INFO - DAG(s) 'example_subdag_operator.section-1', 'example_subdag_operator.section-2', 'example_subdag_operator' retrieved from /home/airflow/.local/lib/python3.12/site-packages/airflow/example_dags/example_subdag_operator.py
[2026-06-18T19:24:16.765+0000] {logging_mixin.py:190} INFO - [2026-06-18T19:24:16.765+0000] {dag.py:3239} INFO - Sync 3 DAGs
[2026-06-18T19:24:16.795+0000] {logging_mixin.py:190} INFO - [2026-06-18T19:24:16.795+0000] {dag.py:4180} INFO - Setting next_dagrun for example_subdag_operator to 2022-01-01 00:00:00+00:00, run_after=2022-01-01 00:00:00+00:00
[2026-06-18T19:24:16.800+0000] {logging_mixin.py:190} INFO - [2026-06-18T19:24:16.799+0000] {dag.py:4180} INFO - Setting next_dagrun for example_subdag_operator.section-1 to None, run_after=None
[2026-06-18T19:24:16.802+0000] {logging_mixin.py:190} INFO - [2026-06-18T19:24:16.802+0000] {dag.py:4180} INFO - Setting next_dagrun for example_subdag_operator.section-2 to None, run_after=None
[2026-06-18T19:24:16.809+0000] {logging_mixin.py:190} INFO - [2026-06-18T19:24:16.809+0000] {dag.py:3239} INFO - Sync 2 DAGs
[2026-06-18T19:24:16.815+0000] {logging_mixin.py:190} INFO - [2026-06-18T19:24:16.815+0000] {dag.py:4180} INFO - Setting next_dagrun for example_subdag_operator.section-1 to None, run_after=None
[2026-06-18T19:24:16.816+0000] {logging_mixin.py:190} INFO - [2026-06-18T19:24:16.816+0000] {dag.py:4180} INFO - Setting next_dagrun for example_subdag_operator.section-2 to None, run_after=None
[2026-06-18T19:24:16.831+0000] {processor.py:208} INFO - Processing /home/airflow/.local/lib/python3.12/site-packages/airflow/example_dags/example_subdag_operator.py took 0.129 seconds
[2026-06-18T19:24:49.170+0000] {processor.py:186} INFO - Started process (PID=1633) to work on /home/airflow/.local/lib/python3.12/site-packages/airflow/example_dags/example_subdag_operator.py
[2026-06-18T19:24:49.176+0000] {processor.py:914} INFO - Processing file /home/airflow/.local/lib/python3.12/site-packages/airflow/example_dags/example_subdag_operator.py for tasks to queue
[2026-06-18T19:24:49.182+0000] {logging_mixin.py:190} INFO - [2026-06-18T19:24:49.182+0000] {dagbag.py:588} INFO - Filling up the DagBag from /home/airflow/.local/lib/python3.12/site-packages/airflow/example_dags/example_subdag_operator.py
[2026-06-18T19:24:49.239+0000] {processor.py:925} INFO - DAG(s) 'example_subdag_operator.section-1', 'example_subdag_operator.section-2', 'example_subdag_operator' retrieved from /home/airflow/.local/lib/python3.12/site-packages/airflow/example_dags/example_subdag_operator.py
[2026-06-18T19:24:49.297+0000] {logging_mixin.py:190} INFO - [2026-06-18T19:24:49.297+0000] {dag.py:3239} INFO - Sync 3 DAGs
[2026-06-18T19:24:49.369+0000] {logging_mixin.py:190} INFO - [2026-06-18T19:24:49.368+0000] {dag.py:4180} INFO - Setting next_dagrun for example_subdag_operator to 2022-01-01 00:00:00+00:00, run_after=2022-01-01 00:00:00+00:00
[2026-06-18T19:24:49.383+0000] {logging_mixin.py:190} INFO - [2026-06-18T19:24:49.383+0000] {dag.py:4180} INFO - Setting next_dagrun for example_subdag_operator.section-1 to None, run_after=None
[2026-06-18T19:24:49.388+0000] {logging_mixin.py:190} INFO - [2026-06-18T19:24:49.387+0000] {dag.py:4180} INFO - Setting next_dagrun for example_subdag_operator.section-2 to None, run_after=None
[2026-06-18T19:24:49.407+0000] {logging_mixin.py:190} INFO - [2026-06-18T19:24:49.406+0000] {dag.py:3239} INFO - Sync 2 DAGs
[2026-06-18T19:24:49.421+0000] {logging_mixin.py:190} INFO - [2026-06-18T19:24:49.420+0000] {dag.py:4180} INFO - Setting next_dagrun for example_subdag_operator.section-1 to None, run_after=None
[2026-06-18T19:24:49.424+0000] {logging_mixin.py:190} INFO - [2026-06-18T19:24:49.423+0000] {dag.py:4180} INFO - Setting next_dagrun for example_subdag_operator.section-2 to None, run_after=None
[2026-06-18T19:24:49.446+0000] {processor.py:208} INFO - Processing /home/airflow/.local/lib/python3.12/site-packages/airflow/example_dags/example_subdag_operator.py took 0.285 seconds
[2026-06-18T19:25:20.427+0000] {processor.py:186} INFO - Started process (PID=1695) to work on /home/airflow/.local/lib/python3.12/site-packages/airflow/example_dags/example_subdag_operator.py
[2026-06-18T19:25:20.435+0000] {processor.py:914} INFO - Processing file /home/airflow/.local/lib/python3.12/site-packages/airflow/example_dags/example_subdag_operator.py for tasks to queue
[2026-06-18T19:25:20.459+0000] {logging_mixin.py:190} INFO - [2026-06-18T19:25:20.457+0000] {dagbag.py:588} INFO - Filling up the DagBag from /home/airflow/.local/lib/python3.12/site-packages/airflow/example_dags/example_subdag_operator.py
[2026-06-18T19:25:20.679+0000] {processor.py:925} INFO - DAG(s) 'example_subdag_operator.section-1', 'example_subdag_operator.section-2', 'example_subdag_operator' retrieved from /home/airflow/.local/lib/python3.12/site-packages/airflow/example_dags/example_subdag_operator.py
[2026-06-18T19:25:20.770+0000] {logging_mixin.py:190} INFO - [2026-06-18T19:25:20.769+0000] {dag.py:3239} INFO - Sync 3 DAGs
[2026-06-18T19:25:20.871+0000] {logging_mixin.py:190} INFO - [2026-06-18T19:25:20.870+0000] {dag.py:4180} INFO - Setting next_dagrun for example_subdag_operator to 2022-01-01 00:00:00+00:00, run_after=2022-01-01 00:00:00+00:00
[2026-06-18T19:25:20.898+0000] {logging_mixin.py:190} INFO - [2026-06-18T19:25:20.891+0000] {dag.py:4180} INFO - Setting next_dagrun for example_subdag_operator.section-1 to None, run_after=None
[2026-06-18T19:25:20.906+0000] {logging_mixin.py:190} INFO - [2026-06-18T19:25:20.906+0000] {dag.py:4180} INFO - Setting next_dagrun for example_subdag_operator.section-2 to None, run_after=None
[2026-06-18T19:25:20.951+0000] {logging_mixin.py:190} INFO - [2026-06-18T19:25:20.950+0000] {dag.py:3239} INFO - Sync 2 DAGs
[2026-06-18T19:25:20.972+0000] {logging_mixin.py:190} INFO - [2026-06-18T19:25:20.972+0000] {dag.py:4180} INFO - Setting next_dagrun for example_subdag_operator.section-1 to None, run_after=None
[2026-06-18T19:25:20.976+0000] {logging_mixin.py:190} INFO - [2026-06-18T19:25:20.975+0000] {dag.py:4180} INFO - Setting next_dagrun for example_subdag_operator.section-2 to None, run_after=None
[2026-06-18T19:25:21.021+0000] {processor.py:208} INFO - Processing /home/airflow/.local/lib/python3.12/site-packages/airflow/example_dags/example_subdag_operator.py took 0.636 seconds
[2026-06-18T19:25:56.207+0000] {processor.py:186} INFO - Started process (PID=1759) to work on /home/airflow/.local/lib/python3.12/site-packages/airflow/example_dags/example_subdag_operator.py
[2026-06-18T19:25:56.215+0000] {processor.py:914} INFO - Processing file /home/airflow/.local/lib/python3.12/site-packages/airflow/example_dags/example_subdag_operator.py for tasks to queue
[2026-06-18T19:25:56.239+0000] {logging_mixin.py:190} INFO - [2026-06-18T19:25:56.238+0000] {dagbag.py:588} INFO - Filling up the DagBag from /home/airflow/.local/lib/python3.12/site-packages/airflow/example_dags/example_subdag_operator.py
[2026-06-18T19:25:56.392+0000] {processor.py:925} INFO - DAG(s) 'example_subdag_operator.section-1', 'example_subdag_operator.section-2', 'example_subdag_operator' retrieved from /home/airflow/.local/lib/python3.12/site-packages/airflow/example_dags/example_subdag_operator.py
[2026-06-18T19:25:56.496+0000] {logging_mixin.py:190} INFO - [2026-06-18T19:25:56.495+0000] {dag.py:3239} INFO - Sync 3 DAGs
[2026-06-18T19:25:56.654+0000] {logging_mixin.py:190} INFO - [2026-06-18T19:25:56.653+0000] {dag.py:4180} INFO - Setting next_dagrun for example_subdag_operator to 2022-01-01 00:00:00+00:00, run_after=2022-01-01 00:00:00+00:00
[2026-06-18T19:25:56.677+0000] {logging_mixin.py:190} INFO - [2026-06-18T19:25:56.677+0000] {dag.py:4180} INFO - Setting next_dagrun for example_subdag_operator.section-1 to None, run_after=None
[2026-06-18T19:25:56.687+0000] {logging_mixin.py:190} INFO - [2026-06-18T19:25:56.684+0000] {dag.py:4180} INFO - Setting next_dagrun for example_subdag_operator.section-2 to None, run_after=None
[2026-06-18T19:25:56.730+0000] {logging_mixin.py:190} INFO - [2026-06-18T19:25:56.729+0000] {dag.py:3239} INFO - Sync 2 DAGs
[2026-06-18T19:25:56.763+0000] {logging_mixin.py:190} INFO - [2026-06-18T19:25:56.762+0000] {dag.py:4180} INFO - Setting next_dagrun for example_subdag_operator.section-1 to None, run_after=None
[2026-06-18T19:25:56.767+0000] {logging_mixin.py:190} INFO - [2026-06-18T19:25:56.766+0000] {dag.py:4180} INFO - Setting next_dagrun for example_subdag_operator.section-2 to None, run_after=None
[2026-06-18T19:25:56.838+0000] {processor.py:208} INFO - Processing /home/airflow/.local/lib/python3.12/site-packages/airflow/example_dags/example_subdag_operator.py took 0.657 seconds
[2026-06-18T19:26:26.963+0000] {processor.py:186} INFO - Started process (PID=1823) to work on /home/airflow/.local/lib/python3.12/site-packages/airflow/example_dags/example_subdag_operator.py
[2026-06-18T19:26:26.968+0000] {processor.py:914} INFO - Processing file /home/airflow/.local/lib/python3.12/site-packages/airflow/example_dags/example_subdag_operator.py for tasks to queue
[2026-06-18T19:26:26.975+0000] {logging_mixin.py:190} INFO - [2026-06-18T19:26:26.975+0000] {dagbag.py:588} INFO - Filling up the DagBag from /home/airflow/.local/lib/python3.12/site-packages/airflow/example_dags/example_subdag_operator.py
[2026-06-18T19:26:27.032+0000] {processor.py:925} INFO - DAG(s) 'example_subdag_operator.section-1', 'example_subdag_operator.section-2', 'example_subdag_operator' retrieved from /home/airflow/.local/lib/python3.12/site-packages/airflow/example_dags/example_subdag_operator.py
[2026-06-18T19:26:27.060+0000] {logging_mixin.py:190} INFO - [2026-06-18T19:26:27.060+0000] {dag.py:3239} INFO - Sync 3 DAGs
[2026-06-18T19:26:27.103+0000] {logging_mixin.py:190} INFO - [2026-06-18T19:26:27.103+0000] {dag.py:4180} INFO - Setting next_dagrun for example_subdag_operator to 2022-01-01 00:00:00+00:00, run_after=2022-01-01 00:00:00+00:00
[2026-06-18T19:26:27.114+0000] {logging_mixin.py:190} INFO - [2026-06-18T19:26:27.114+0000] {dag.py:4180} INFO - Setting next_dagrun for example_subdag_operator.section-1 to None, run_after=None
[2026-06-18T19:26:27.118+0000] {logging_mixin.py:190} INFO - [2026-06-18T19:26:27.118+0000] {dag.py:4180} INFO - Setting next_dagrun for example_subdag_operator.section-2 to None, run_after=None
[2026-06-18T19:26:27.130+0000] {logging_mixin.py:190} INFO - [2026-06-18T19:26:27.130+0000] {dag.py:3239} INFO - Sync 2 DAGs
[2026-06-18T19:26:27.139+0000] {logging_mixin.py:190} INFO - [2026-06-18T19:26:27.139+0000] {dag.py:4180} INFO - Setting next_dagrun for example_subdag_operator.section-1 to None, run_after=None
[2026-06-18T19:26:27.142+0000] {logging_mixin.py:190} INFO - [2026-06-18T19:26:27.142+0000] {dag.py:4180} INFO - Setting next_dagrun for example_subdag_operator.section-2 to None, run_after=None
[2026-06-18T19:26:27.161+0000] {processor.py:208} INFO - Processing /home/airflow/.local/lib/python3.12/site-packages/airflow/example_dags/example_subdag_operator.py took 0.217 seconds
[2026-06-18T19:26:57.335+0000] {processor.py:186} INFO - Started process (PID=1887) to work on /home/airflow/.local/lib/python3.12/site-packages/airflow/example_dags/example_subdag_operator.py
[2026-06-18T19:26:57.340+0000] {processor.py:914} INFO - Processing file /home/airflow/.local/lib/python3.12/site-packages/airflow/example_dags/example_subdag_operator.py for tasks to queue
[2026-06-18T19:26:57.347+0000] {logging_mixin.py:190} INFO - [2026-06-18T19:26:57.346+0000] {dagbag.py:588} INFO - Filling up the DagBag from /home/airflow/.local/lib/python3.12/site-packages/airflow/example_dags/example_subdag_operator.py
[2026-06-18T19:26:57.403+0000] {processor.py:925} INFO - DAG(s) 'example_subdag_operator.section-1', 'example_subdag_operator.section-2', 'example_subdag_operator' retrieved from /home/airflow/.local/lib/python3.12/site-packages/airflow/example_dags/example_subdag_operator.py
[2026-06-18T19:26:57.445+0000] {logging_mixin.py:190} INFO - [2026-06-18T19:26:57.445+0000] {dag.py:3239} INFO - Sync 3 DAGs
[2026-06-18T19:26:57.505+0000] {logging_mixin.py:190} INFO - [2026-06-18T19:26:57.504+0000] {dag.py:4180} INFO - Setting next_dagrun for example_subdag_operator to 2022-01-01 00:00:00+00:00, run_after=2022-01-01 00:00:00+00:00
[2026-06-18T19:26:57.517+0000] {logging_mixin.py:190} INFO - [2026-06-18T19:26:57.516+0000] {dag.py:4180} INFO - Setting next_dagrun for example_subdag_operator.section-1 to None, run_after=None
[2026-06-18T19:26:57.523+0000] {logging_mixin.py:190} INFO - [2026-06-18T19:26:57.522+0000] {dag.py:4180} INFO - Setting next_dagrun for example_subdag_operator.section-2 to None, run_after=None
[2026-06-18T19:26:57.540+0000] {logging_mixin.py:190} INFO - [2026-06-18T19:26:57.540+0000] {dag.py:3239} INFO - Sync 2 DAGs
[2026-06-18T19:26:57.558+0000] {logging_mixin.py:190} INFO - [2026-06-18T19:26:57.557+0000] {dag.py:4180} INFO - Setting next_dagrun for example_subdag_operator.section-1 to None, run_after=None
[2026-06-18T19:26:57.562+0000] {logging_mixin.py:190} INFO - [2026-06-18T19:26:57.561+0000] {dag.py:4180} INFO - Setting next_dagrun for example_subdag_operator.section-2 to None, run_after=None
[2026-06-18T19:26:57.589+0000] {processor.py:208} INFO - Processing /home/airflow/.local/lib/python3.12/site-packages/airflow/example_dags/example_subdag_operator.py took 0.268 seconds
[2026-06-18T19:27:32.135+0000] {processor.py:186} INFO - Started process (PID=1951) to work on /home/airflow/.local/lib/python3.12/site-packages/airflow/example_dags/example_subdag_operator.py
[2026-06-18T19:27:32.140+0000] {processor.py:914} INFO - Processing file /home/airflow/.local/lib/python3.12/site-packages/airflow/example_dags/example_subdag_operator.py for tasks to queue
[2026-06-18T19:27:32.148+0000] {logging_mixin.py:190} INFO - [2026-06-18T19:27:32.147+0000] {dagbag.py:588} INFO - Filling up the DagBag from /home/airflow/.local/lib/python3.12/site-packages/airflow/example_dags/example_subdag_operator.py
[2026-06-18T19:27:32.207+0000] {processor.py:925} INFO - DAG(s) 'example_subdag_operator.section-1', 'example_subdag_operator.section-2', 'example_subdag_operator' retrieved from /home/airflow/.local/lib/python3.12/site-packages/airflow/example_dags/example_subdag_operator.py
[2026-06-18T19:27:32.239+0000] {logging_mixin.py:190} INFO - [2026-06-18T19:27:32.238+0000] {dag.py:3239} INFO - Sync 3 DAGs
[2026-06-18T19:27:32.286+0000] {logging_mixin.py:190} INFO - [2026-06-18T19:27:32.285+0000] {dag.py:4180} INFO - Setting next_dagrun for example_subdag_operator to 2022-01-01 00:00:00+00:00, run_after=2022-01-01 00:00:00+00:00
[2026-06-18T19:27:32.295+0000] {logging_mixin.py:190} INFO - [2026-06-18T19:27:32.295+0000] {dag.py:4180} INFO - Setting next_dagrun for example_subdag_operator.section-1 to None, run_after=None
[2026-06-18T19:27:32.300+0000] {logging_mixin.py:190} INFO - [2026-06-18T19:27:32.300+0000] {dag.py:4180} INFO - Setting next_dagrun for example_subdag_operator.section-2 to None, run_after=None
[2026-06-18T19:27:32.312+0000] {logging_mixin.py:190} INFO - [2026-06-18T19:27:32.312+0000] {dag.py:3239} INFO - Sync 2 DAGs
[2026-06-18T19:27:32.324+0000] {logging_mixin.py:190} INFO - [2026-06-18T19:27:32.324+0000] {dag.py:4180} INFO - Setting next_dagrun for example_subdag_operator.section-1 to None, run_after=None
[2026-06-18T19:27:32.326+0000] {logging_mixin.py:190} INFO - [2026-06-18T19:27:32.326+0000] {dag.py:4180} INFO - Setting next_dagrun for example_subdag_operator.section-2 to None, run_after=None
[2026-06-18T19:27:32.346+0000] {processor.py:208} INFO - Processing /home/airflow/.local/lib/python3.12/site-packages/airflow/example_dags/example_subdag_operator.py took 0.222 seconds
[2026-06-18T19:28:02.650+0000] {processor.py:186} INFO - Started process (PID=2012) to work on /home/airflow/.local/lib/python3.12/site-packages/airflow/example_dags/example_subdag_operator.py
[2026-06-18T19:28:02.661+0000] {processor.py:914} INFO - Processing file /home/airflow/.local/lib/python3.12/site-packages/airflow/example_dags/example_subdag_operator.py for tasks to queue
[2026-06-18T19:28:02.674+0000] {logging_mixin.py:190} INFO - [2026-06-18T19:28:02.672+0000] {dagbag.py:588} INFO - Filling up the DagBag from /home/airflow/.local/lib/python3.12/site-packages/airflow/example_dags/example_subdag_operator.py
[2026-06-18T19:28:02.764+0000] {processor.py:925} INFO - DAG(s) 'example_subdag_operator.section-1', 'example_subdag_operator.section-2', 'example_subdag_operator' retrieved from /home/airflow/.local/lib/python3.12/site-packages/airflow/example_dags/example_subdag_operator.py
[2026-06-18T19:28:02.808+0000] {logging_mixin.py:190} INFO - [2026-06-18T19:28:02.808+0000] {dag.py:3239} INFO - Sync 3 DAGs
[2026-06-18T19:28:02.876+0000] {logging_mixin.py:190} INFO - [2026-06-18T19:28:02.875+0000] {dag.py:4180} INFO - Setting next_dagrun for example_subdag_operator to 2022-01-01 00:00:00+00:00, run_after=2022-01-01 00:00:00+00:00
[2026-06-18T19:28:02.887+0000] {logging_mixin.py:190} INFO - [2026-06-18T19:28:02.886+0000] {dag.py:4180} INFO - Setting next_dagrun for example_subdag_operator.section-1 to None, run_after=None
[2026-06-18T19:28:02.893+0000] {logging_mixin.py:190} INFO - [2026-06-18T19:28:02.893+0000] {dag.py:4180} INFO - Setting next_dagrun for example_subdag_operator.section-2 to None, run_after=None
[2026-06-18T19:28:02.911+0000] {logging_mixin.py:190} INFO - [2026-06-18T19:28:02.910+0000] {dag.py:3239} INFO - Sync 2 DAGs
[2026-06-18T19:28:02.930+0000] {logging_mixin.py:190} INFO - [2026-06-18T19:28:02.929+0000] {dag.py:4180} INFO - Setting next_dagrun for example_subdag_operator.section-1 to None, run_after=None
[2026-06-18T19:28:02.933+0000] {logging_mixin.py:190} INFO - [2026-06-18T19:28:02.933+0000] {dag.py:4180} INFO - Setting next_dagrun for example_subdag_operator.section-2 to None, run_after=None
[2026-06-18T19:28:02.973+0000] {processor.py:208} INFO - Processing /home/airflow/.local/lib/python3.12/site-packages/airflow/example_dags/example_subdag_operator.py took 0.349 seconds
[2026-06-18T19:28:33.045+0000] {processor.py:186} INFO - Started process (PID=2073) to work on /home/airflow/.local/lib/python3.12/site-packages/airflow/example_dags/example_subdag_operator.py
[2026-06-18T19:28:33.060+0000] {processor.py:914} INFO - Processing file /home/airflow/.local/lib/python3.12/site-packages/airflow/example_dags/example_subdag_operator.py for tasks to queue
[2026-06-18T19:28:33.064+0000] {logging_mixin.py:190} INFO - [2026-06-18T19:28:33.063+0000] {dagbag.py:588} INFO - Filling up the DagBag from /home/airflow/.local/lib/python3.12/site-packages/airflow/example_dags/example_subdag_operator.py
[2026-06-18T19:28:33.088+0000] {processor.py:925} INFO - DAG(s) 'example_subdag_operator.section-1', 'example_subdag_operator.section-2', 'example_subdag_operator' retrieved from /home/airflow/.local/lib/python3.12/site-packages/airflow/example_dags/example_subdag_operator.py
[2026-06-18T19:28:33.104+0000] {logging_mixin.py:190} INFO - [2026-06-18T19:28:33.104+0000] {dag.py:3239} INFO - Sync 3 DAGs
[2026-06-18T19:28:33.125+0000] {logging_mixin.py:190} INFO - [2026-06-18T19:28:33.124+0000] {dag.py:4180} INFO - Setting next_dagrun for example_subdag_operator to 2022-01-01 00:00:00+00:00, run_after=2022-01-01 00:00:00+00:00
[2026-06-18T19:28:33.129+0000] {logging_mixin.py:190} INFO - [2026-06-18T19:28:33.129+0000] {dag.py:4180} INFO - Setting next_dagrun for example_subdag_operator.section-1 to None, run_after=None
[2026-06-18T19:28:33.131+0000] {logging_mixin.py:190} INFO - [2026-06-18T19:28:33.131+0000] {dag.py:4180} INFO - Setting next_dagrun for example_subdag_operator.section-2 to None, run_after=None
[2026-06-18T19:28:33.138+0000] {logging_mixin.py:190} INFO - [2026-06-18T19:28:33.138+0000] {dag.py:3239} INFO - Sync 2 DAGs
[2026-06-18T19:28:33.145+0000] {logging_mixin.py:190} INFO - [2026-06-18T19:28:33.145+0000] {dag.py:4180} INFO - Setting next_dagrun for example_subdag_operator.section-1 to None, run_after=None
[2026-06-18T19:28:33.147+0000] {logging_mixin.py:190} INFO - [2026-06-18T19:28:33.146+0000] {dag.py:4180} INFO - Setting next_dagrun for example_subdag_operator.section-2 to None, run_after=None
[2026-06-18T19:28:33.160+0000] {processor.py:208} INFO - Processing /home/airflow/.local/lib/python3.12/site-packages/airflow/example_dags/example_subdag_operator.py took 0.120 seconds
[2026-06-18T19:29:03.939+0000] {processor.py:186} INFO - Started process (PID=2133) to work on /home/airflow/.local/lib/python3.12/site-packages/airflow/example_dags/example_subdag_operator.py
[2026-06-18T19:29:03.953+0000] {processor.py:914} INFO - Processing file /home/airflow/.local/lib/python3.12/site-packages/airflow/example_dags/example_subdag_operator.py for tasks to queue
[2026-06-18T19:29:03.990+0000] {logging_mixin.py:190} INFO - [2026-06-18T19:29:03.989+0000] {dagbag.py:588} INFO - Filling up the DagBag from /home/airflow/.local/lib/python3.12/site-packages/airflow/example_dags/example_subdag_operator.py
[2026-06-18T19:29:04.119+0000] {processor.py:925} INFO - DAG(s) 'example_subdag_operator.section-1', 'example_subdag_operator.section-2', 'example_subdag_operator' retrieved from /home/airflow/.local/lib/python3.12/site-packages/airflow/example_dags/example_subdag_operator.py
[2026-06-18T19:29:04.201+0000] {logging_mixin.py:190} INFO - [2026-06-18T19:29:04.200+0000] {dag.py:3239} INFO - Sync 3 DAGs
[2026-06-18T19:29:04.329+0000] {logging_mixin.py:190} INFO - [2026-06-18T19:29:04.328+0000] {dag.py:4180} INFO - Setting next_dagrun for example_subdag_operator to 2022-01-01 00:00:00+00:00, run_after=2022-01-01 00:00:00+00:00
[2026-06-18T19:29:04.350+0000] {logging_mixin.py:190} INFO - [2026-06-18T19:29:04.350+0000] {dag.py:4180} INFO - Setting next_dagrun for example_subdag_operator.section-1 to None, run_after=None
[2026-06-18T19:29:04.364+0000] {logging_mixin.py:190} INFO - [2026-06-18T19:29:04.363+0000] {dag.py:4180} INFO - Setting next_dagrun for example_subdag_operator.section-2 to None, run_after=None
[2026-06-18T19:29:04.408+0000] {logging_mixin.py:190} INFO - [2026-06-18T19:29:04.407+0000] {dag.py:3239} INFO - Sync 2 DAGs
[2026-06-18T19:29:04.434+0000] {logging_mixin.py:190} INFO - [2026-06-18T19:29:04.433+0000] {dag.py:4180} INFO - Setting next_dagrun for example_subdag_operator.section-1 to None, run_after=None
[2026-06-18T19:29:04.439+0000] {logging_mixin.py:190} INFO - [2026-06-18T19:29:04.438+0000] {dag.py:4180} INFO - Setting next_dagrun for example_subdag_operator.section-2 to None, run_after=None
[2026-06-18T19:29:04.480+0000] {processor.py:208} INFO - Processing /home/airflow/.local/lib/python3.12/site-packages/airflow/example_dags/example_subdag_operator.py took 0.577 seconds
[2026-06-18T19:29:35.133+0000] {processor.py:186} INFO - Started process (PID=2194) to work on /home/airflow/.local/lib/python3.12/site-packages/airflow/example_dags/example_subdag_operator.py
[2026-06-18T19:29:35.139+0000] {processor.py:914} INFO - Processing file /home/airflow/.local/lib/python3.12/site-packages/airflow/example_dags/example_subdag_operator.py for tasks to queue
[2026-06-18T19:29:35.149+0000] {logging_mixin.py:190} INFO - [2026-06-18T19:29:35.147+0000] {dagbag.py:588} INFO - Filling up the DagBag from /home/airflow/.local/lib/python3.12/site-packages/airflow/example_dags/example_subdag_operator.py
[2026-06-18T19:29:35.240+0000] {processor.py:925} INFO - DAG(s) 'example_subdag_operator.section-1', 'example_subdag_operator.section-2', 'example_subdag_operator' retrieved from /home/airflow/.local/lib/python3.12/site-packages/airflow/example_dags/example_subdag_operator.py
[2026-06-18T19:29:35.296+0000] {logging_mixin.py:190} INFO - [2026-06-18T19:29:35.295+0000] {dag.py:3239} INFO - Sync 3 DAGs
[2026-06-18T19:29:35.383+0000] {logging_mixin.py:190} INFO - [2026-06-18T19:29:35.381+0000] {dag.py:4180} INFO - Setting next_dagrun for example_subdag_operator to 2022-01-01 00:00:00+00:00, run_after=2022-01-01 00:00:00+00:00
[2026-06-18T19:29:35.397+0000] {logging_mixin.py:190} INFO - [2026-06-18T19:29:35.396+0000] {dag.py:4180} INFO - Setting next_dagrun for example_subdag_operator.section-1 to None, run_after=None
[2026-06-18T19:29:35.404+0000] {logging_mixin.py:190} INFO - [2026-06-18T19:29:35.403+0000] {dag.py:4180} INFO - Setting next_dagrun for example_subdag_operator.section-2 to None, run_after=None
[2026-06-18T19:29:35.425+0000] {logging_mixin.py:190} INFO - [2026-06-18T19:29:35.424+0000] {dag.py:3239} INFO - Sync 2 DAGs
[2026-06-18T19:29:35.442+0000] {logging_mixin.py:190} INFO - [2026-06-18T19:29:35.441+0000] {dag.py:4180} INFO - Setting next_dagrun for example_subdag_operator.section-1 to None, run_after=None
[2026-06-18T19:29:35.445+0000] {logging_mixin.py:190} INFO - [2026-06-18T19:29:35.444+0000] {dag.py:4180} INFO - Setting next_dagrun for example_subdag_operator.section-2 to None, run_after=None
[2026-06-18T19:29:35.487+0000] {processor.py:208} INFO - Processing /home/airflow/.local/lib/python3.12/site-packages/airflow/example_dags/example_subdag_operator.py took 0.371 seconds
[2026-06-18T19:30:05.614+0000] {processor.py:186} INFO - Started process (PID=2257) to work on /home/airflow/.local/lib/python3.12/site-packages/airflow/example_dags/example_subdag_operator.py
[2026-06-18T19:30:05.619+0000] {processor.py:914} INFO - Processing file /home/airflow/.local/lib/python3.12/site-packages/airflow/example_dags/example_subdag_operator.py for tasks to queue
[2026-06-18T19:30:05.626+0000] {logging_mixin.py:190} INFO - [2026-06-18T19:30:05.625+0000] {dagbag.py:588} INFO - Filling up the DagBag from /home/airflow/.local/lib/python3.12/site-packages/airflow/example_dags/example_subdag_operator.py
[2026-06-18T19:30:05.697+0000] {processor.py:925} INFO - DAG(s) 'example_subdag_operator.section-1', 'example_subdag_operator.section-2', 'example_subdag_operator' retrieved from /home/airflow/.local/lib/python3.12/site-packages/airflow/example_dags/example_subdag_operator.py
[2026-06-18T19:30:05.735+0000] {logging_mixin.py:190} INFO - [2026-06-18T19:30:05.735+0000] {dag.py:3239} INFO - Sync 3 DAGs
[2026-06-18T19:30:05.790+0000] {logging_mixin.py:190} INFO - [2026-06-18T19:30:05.790+0000] {dag.py:4180} INFO - Setting next_dagrun for example_subdag_operator to 2022-01-01 00:00:00+00:00, run_after=2022-01-01 00:00:00+00:00
[2026-06-18T19:30:05.800+0000] {logging_mixin.py:190} INFO - [2026-06-18T19:30:05.799+0000] {dag.py:4180} INFO - Setting next_dagrun for example_subdag_operator.section-1 to None, run_after=None
[2026-06-18T19:30:05.804+0000] {logging_mixin.py:190} INFO - [2026-06-18T19:30:05.804+0000] {dag.py:4180} INFO - Setting next_dagrun for example_subdag_operator.section-2 to None, run_after=None
[2026-06-18T19:30:05.819+0000] {logging_mixin.py:190} INFO - [2026-06-18T19:30:05.818+0000] {dag.py:3239} INFO - Sync 2 DAGs
[2026-06-18T19:30:05.831+0000] {logging_mixin.py:190} INFO - [2026-06-18T19:30:05.831+0000] {dag.py:4180} INFO - Setting next_dagrun for example_subdag_operator.section-1 to None, run_after=None
[2026-06-18T19:30:05.834+0000] {logging_mixin.py:190} INFO - [2026-06-18T19:30:05.833+0000] {dag.py:4180} INFO - Setting next_dagrun for example_subdag_operator.section-2 to None, run_after=None
[2026-06-18T19:30:05.861+0000] {processor.py:208} INFO - Processing /home/airflow/.local/lib/python3.12/site-packages/airflow/example_dags/example_subdag_operator.py took 0.267 seconds
[2026-06-18T19:30:35.952+0000] {processor.py:186} INFO - Started process (PID=2320) to work on /home/airflow/.local/lib/python3.12/site-packages/airflow/example_dags/example_subdag_operator.py
[2026-06-18T19:30:35.957+0000] {processor.py:914} INFO - Processing file /home/airflow/.local/lib/python3.12/site-packages/airflow/example_dags/example_subdag_operator.py for tasks to queue
[2026-06-18T19:30:35.966+0000] {logging_mixin.py:190} INFO - [2026-06-18T19:30:35.965+0000] {dagbag.py:588} INFO - Filling up the DagBag from /home/airflow/.local/lib/python3.12/site-packages/airflow/example_dags/example_subdag_operator.py
[2026-06-18T19:30:36.022+0000] {processor.py:925} INFO - DAG(s) 'example_subdag_operator.section-1', 'example_subdag_operator.section-2', 'example_subdag_operator' retrieved from /home/airflow/.local/lib/python3.12/site-packages/airflow/example_dags/example_subdag_operator.py
[2026-06-18T19:30:36.053+0000] {logging_mixin.py:190} INFO - [2026-06-18T19:30:36.052+0000] {dag.py:3239} INFO - Sync 3 DAGs
[2026-06-18T19:30:36.100+0000] {logging_mixin.py:190} INFO - [2026-06-18T19:30:36.100+0000] {dag.py:4180} INFO - Setting next_dagrun for example_subdag_operator to 2022-01-01 00:00:00+00:00, run_after=2022-01-01 00:00:00+00:00
[2026-06-18T19:30:36.108+0000] {logging_mixin.py:190} INFO - [2026-06-18T19:30:36.108+0000] {dag.py:4180} INFO - Setting next_dagrun for example_subdag_operator.section-1 to None, run_after=None
[2026-06-18T19:30:36.113+0000] {logging_mixin.py:190} INFO - [2026-06-18T19:30:36.113+0000] {dag.py:4180} INFO - Setting next_dagrun for example_subdag_operator.section-2 to None, run_after=None
[2026-06-18T19:30:36.127+0000] {logging_mixin.py:190} INFO - [2026-06-18T19:30:36.126+0000] {dag.py:3239} INFO - Sync 2 DAGs
[2026-06-18T19:30:36.137+0000] {logging_mixin.py:190} INFO - [2026-06-18T19:30:36.136+0000] {dag.py:4180} INFO - Setting next_dagrun for example_subdag_operator.section-1 to None, run_after=None
[2026-06-18T19:30:36.139+0000] {logging_mixin.py:190} INFO - [2026-06-18T19:30:36.139+0000] {dag.py:4180} INFO - Setting next_dagrun for example_subdag_operator.section-2 to None, run_after=None
[2026-06-18T19:30:36.164+0000] {processor.py:208} INFO - Processing /home/airflow/.local/lib/python3.12/site-packages/airflow/example_dags/example_subdag_operator.py took 0.227 seconds
