[2026-06-18T19:12:17.157+0000] {processor.py:186} INFO - Started process (PID=80) to work on /home/airflow/.local/lib/python3.12/site-packages/airflow/example_dags/example_skip_dag.py
[2026-06-18T19:12:17.162+0000] {processor.py:914} INFO - Processing file /home/airflow/.local/lib/python3.12/site-packages/airflow/example_dags/example_skip_dag.py for tasks to queue
[2026-06-18T19:12:17.170+0000] {logging_mixin.py:190} INFO - [2026-06-18T19:12:17.169+0000] {dagbag.py:588} INFO - Filling up the DagBag from /home/airflow/.local/lib/python3.12/site-packages/airflow/example_dags/example_skip_dag.py
[2026-06-18T19:12:17.193+0000] {processor.py:925} INFO - DAG(s) 'example_skip_dag' retrieved from /home/airflow/.local/lib/python3.12/site-packages/airflow/example_dags/example_skip_dag.py
[2026-06-18T19:12:17.254+0000] {logging_mixin.py:190} INFO - [2026-06-18T19:12:17.253+0000] {dag.py:3239} INFO - Sync 1 DAGs
[2026-06-18T19:12:17.344+0000] {logging_mixin.py:190} INFO - [2026-06-18T19:12:17.344+0000] {dag.py:4180} INFO - Setting next_dagrun for example_skip_dag to 2026-06-17 00:00:00+00:00, run_after=2026-06-18 00:00:00+00:00
[2026-06-18T19:12:17.424+0000] {processor.py:208} INFO - Processing /home/airflow/.local/lib/python3.12/site-packages/airflow/example_dags/example_skip_dag.py took 0.284 seconds
[2026-06-18T19:12:48.958+0000] {processor.py:186} INFO - Started process (PID=144) to work on /home/airflow/.local/lib/python3.12/site-packages/airflow/example_dags/example_skip_dag.py
[2026-06-18T19:12:48.971+0000] {processor.py:914} INFO - Processing file /home/airflow/.local/lib/python3.12/site-packages/airflow/example_dags/example_skip_dag.py for tasks to queue
[2026-06-18T19:12:48.988+0000] {logging_mixin.py:190} INFO - [2026-06-18T19:12:48.980+0000] {dagbag.py:588} INFO - Filling up the DagBag from /home/airflow/.local/lib/python3.12/site-packages/airflow/example_dags/example_skip_dag.py
[2026-06-18T19:12:49.028+0000] {processor.py:925} INFO - DAG(s) 'example_skip_dag' retrieved from /home/airflow/.local/lib/python3.12/site-packages/airflow/example_dags/example_skip_dag.py
[2026-06-18T19:12:49.156+0000] {logging_mixin.py:190} INFO - [2026-06-18T19:12:49.156+0000] {dag.py:3239} INFO - Sync 1 DAGs
[2026-06-18T19:12:49.232+0000] {logging_mixin.py:190} INFO - [2026-06-18T19:12:49.232+0000] {dag.py:4180} INFO - Setting next_dagrun for example_skip_dag to 2026-06-17 00:00:00+00:00, run_after=2026-06-18 00:00:00+00:00
[2026-06-18T19:12:49.276+0000] {processor.py:208} INFO - Processing /home/airflow/.local/lib/python3.12/site-packages/airflow/example_dags/example_skip_dag.py took 0.351 seconds
[2026-06-18T19:13:19.621+0000] {processor.py:186} INFO - Started process (PID=208) to work on /home/airflow/.local/lib/python3.12/site-packages/airflow/example_dags/example_skip_dag.py
[2026-06-18T19:13:19.630+0000] {processor.py:914} INFO - Processing file /home/airflow/.local/lib/python3.12/site-packages/airflow/example_dags/example_skip_dag.py for tasks to queue
[2026-06-18T19:13:19.644+0000] {logging_mixin.py:190} INFO - [2026-06-18T19:13:19.643+0000] {dagbag.py:588} INFO - Filling up the DagBag from /home/airflow/.local/lib/python3.12/site-packages/airflow/example_dags/example_skip_dag.py
[2026-06-18T19:13:19.693+0000] {processor.py:925} INFO - DAG(s) 'example_skip_dag' retrieved from /home/airflow/.local/lib/python3.12/site-packages/airflow/example_dags/example_skip_dag.py
[2026-06-18T19:13:19.768+0000] {logging_mixin.py:190} INFO - [2026-06-18T19:13:19.768+0000] {dag.py:3239} INFO - Sync 1 DAGs
[2026-06-18T19:13:19.850+0000] {logging_mixin.py:190} INFO - [2026-06-18T19:13:19.850+0000] {dag.py:4180} INFO - Setting next_dagrun for example_skip_dag to 2026-06-17 00:00:00+00:00, run_after=2026-06-18 00:00:00+00:00
[2026-06-18T19:13:19.934+0000] {processor.py:208} INFO - Processing /home/airflow/.local/lib/python3.12/site-packages/airflow/example_dags/example_skip_dag.py took 0.346 seconds
[2026-06-18T19:13:50.751+0000] {processor.py:186} INFO - Started process (PID=272) to work on /home/airflow/.local/lib/python3.12/site-packages/airflow/example_dags/example_skip_dag.py
[2026-06-18T19:13:50.760+0000] {processor.py:914} INFO - Processing file /home/airflow/.local/lib/python3.12/site-packages/airflow/example_dags/example_skip_dag.py for tasks to queue
[2026-06-18T19:13:50.774+0000] {logging_mixin.py:190} INFO - [2026-06-18T19:13:50.773+0000] {dagbag.py:588} INFO - Filling up the DagBag from /home/airflow/.local/lib/python3.12/site-packages/airflow/example_dags/example_skip_dag.py
[2026-06-18T19:13:50.813+0000] {processor.py:925} INFO - DAG(s) 'example_skip_dag' retrieved from /home/airflow/.local/lib/python3.12/site-packages/airflow/example_dags/example_skip_dag.py
[2026-06-18T19:13:50.903+0000] {logging_mixin.py:190} INFO - [2026-06-18T19:13:50.902+0000] {dag.py:3239} INFO - Sync 1 DAGs
[2026-06-18T19:13:51.003+0000] {logging_mixin.py:190} INFO - [2026-06-18T19:13:51.002+0000] {dag.py:4180} INFO - Setting next_dagrun for example_skip_dag to 2026-06-17 00:00:00+00:00, run_after=2026-06-18 00:00:00+00:00
[2026-06-18T19:13:51.064+0000] {processor.py:208} INFO - Processing /home/airflow/.local/lib/python3.12/site-packages/airflow/example_dags/example_skip_dag.py took 0.348 seconds
[2026-06-18T19:14:21.308+0000] {processor.py:186} INFO - Started process (PID=336) to work on /home/airflow/.local/lib/python3.12/site-packages/airflow/example_dags/example_skip_dag.py
[2026-06-18T19:14:21.313+0000] {processor.py:914} INFO - Processing file /home/airflow/.local/lib/python3.12/site-packages/airflow/example_dags/example_skip_dag.py for tasks to queue
[2026-06-18T19:14:21.327+0000] {logging_mixin.py:190} INFO - [2026-06-18T19:14:21.326+0000] {dagbag.py:588} INFO - Filling up the DagBag from /home/airflow/.local/lib/python3.12/site-packages/airflow/example_dags/example_skip_dag.py
[2026-06-18T19:14:21.348+0000] {processor.py:925} INFO - DAG(s) 'example_skip_dag' retrieved from /home/airflow/.local/lib/python3.12/site-packages/airflow/example_dags/example_skip_dag.py
[2026-06-18T19:14:21.403+0000] {logging_mixin.py:190} INFO - [2026-06-18T19:14:21.402+0000] {dag.py:3239} INFO - Sync 1 DAGs
[2026-06-18T19:14:21.477+0000] {logging_mixin.py:190} INFO - [2026-06-18T19:14:21.477+0000] {dag.py:4180} INFO - Setting next_dagrun for example_skip_dag to 2026-06-17 00:00:00+00:00, run_after=2026-06-18 00:00:00+00:00
[2026-06-18T19:14:21.527+0000] {processor.py:208} INFO - Processing /home/airflow/.local/lib/python3.12/site-packages/airflow/example_dags/example_skip_dag.py took 0.237 seconds
[2026-06-18T19:14:52.653+0000] {processor.py:186} INFO - Started process (PID=400) to work on /home/airflow/.local/lib/python3.12/site-packages/airflow/example_dags/example_skip_dag.py
[2026-06-18T19:14:52.660+0000] {processor.py:914} INFO - Processing file /home/airflow/.local/lib/python3.12/site-packages/airflow/example_dags/example_skip_dag.py for tasks to queue
[2026-06-18T19:14:52.676+0000] {logging_mixin.py:190} INFO - [2026-06-18T19:14:52.675+0000] {dagbag.py:588} INFO - Filling up the DagBag from /home/airflow/.local/lib/python3.12/site-packages/airflow/example_dags/example_skip_dag.py
[2026-06-18T19:14:52.718+0000] {processor.py:925} INFO - DAG(s) 'example_skip_dag' retrieved from /home/airflow/.local/lib/python3.12/site-packages/airflow/example_dags/example_skip_dag.py
[2026-06-18T19:14:52.915+0000] {logging_mixin.py:190} INFO - [2026-06-18T19:14:52.915+0000] {dag.py:3239} INFO - Sync 1 DAGs
[2026-06-18T19:14:53.110+0000] {logging_mixin.py:190} INFO - [2026-06-18T19:14:53.105+0000] {dag.py:4180} INFO - Setting next_dagrun for example_skip_dag to 2026-06-17 00:00:00+00:00, run_after=2026-06-18 00:00:00+00:00
[2026-06-18T19:14:53.373+0000] {processor.py:208} INFO - Processing /home/airflow/.local/lib/python3.12/site-packages/airflow/example_dags/example_skip_dag.py took 0.747 seconds
[2026-06-18T19:15:23.519+0000] {processor.py:186} INFO - Started process (PID=464) to work on /home/airflow/.local/lib/python3.12/site-packages/airflow/example_dags/example_skip_dag.py
[2026-06-18T19:15:23.523+0000] {processor.py:914} INFO - Processing file /home/airflow/.local/lib/python3.12/site-packages/airflow/example_dags/example_skip_dag.py for tasks to queue
[2026-06-18T19:15:23.530+0000] {logging_mixin.py:190} INFO - [2026-06-18T19:15:23.528+0000] {dagbag.py:588} INFO - Filling up the DagBag from /home/airflow/.local/lib/python3.12/site-packages/airflow/example_dags/example_skip_dag.py
[2026-06-18T19:15:23.547+0000] {processor.py:925} INFO - DAG(s) 'example_skip_dag' retrieved from /home/airflow/.local/lib/python3.12/site-packages/airflow/example_dags/example_skip_dag.py
[2026-06-18T19:15:23.591+0000] {logging_mixin.py:190} INFO - [2026-06-18T19:15:23.590+0000] {dag.py:3239} INFO - Sync 1 DAGs
[2026-06-18T19:15:23.633+0000] {logging_mixin.py:190} INFO - [2026-06-18T19:15:23.633+0000] {dag.py:4180} INFO - Setting next_dagrun for example_skip_dag to 2026-06-17 00:00:00+00:00, run_after=2026-06-18 00:00:00+00:00
[2026-06-18T19:15:23.669+0000] {processor.py:208} INFO - Processing /home/airflow/.local/lib/python3.12/site-packages/airflow/example_dags/example_skip_dag.py took 0.163 seconds
[2026-06-18T19:15:53.991+0000] {processor.py:186} INFO - Started process (PID=528) to work on /home/airflow/.local/lib/python3.12/site-packages/airflow/example_dags/example_skip_dag.py
[2026-06-18T19:15:53.995+0000] {processor.py:914} INFO - Processing file /home/airflow/.local/lib/python3.12/site-packages/airflow/example_dags/example_skip_dag.py for tasks to queue
[2026-06-18T19:15:54.002+0000] {logging_mixin.py:190} INFO - [2026-06-18T19:15:54.001+0000] {dagbag.py:588} INFO - Filling up the DagBag from /home/airflow/.local/lib/python3.12/site-packages/airflow/example_dags/example_skip_dag.py
[2026-06-18T19:15:54.041+0000] {processor.py:925} INFO - DAG(s) 'example_skip_dag' retrieved from /home/airflow/.local/lib/python3.12/site-packages/airflow/example_dags/example_skip_dag.py
[2026-06-18T19:15:54.132+0000] {logging_mixin.py:190} INFO - [2026-06-18T19:15:54.132+0000] {dag.py:3239} INFO - Sync 1 DAGs
[2026-06-18T19:15:54.216+0000] {logging_mixin.py:190} INFO - [2026-06-18T19:15:54.216+0000] {dag.py:4180} INFO - Setting next_dagrun for example_skip_dag to 2026-06-17 00:00:00+00:00, run_after=2026-06-18 00:00:00+00:00
[2026-06-18T19:15:54.290+0000] {processor.py:208} INFO - Processing /home/airflow/.local/lib/python3.12/site-packages/airflow/example_dags/example_skip_dag.py took 0.334 seconds
[2026-06-18T19:16:25.205+0000] {processor.py:186} INFO - Started process (PID=592) to work on /home/airflow/.local/lib/python3.12/site-packages/airflow/example_dags/example_skip_dag.py
[2026-06-18T19:16:25.209+0000] {processor.py:914} INFO - Processing file /home/airflow/.local/lib/python3.12/site-packages/airflow/example_dags/example_skip_dag.py for tasks to queue
[2026-06-18T19:16:25.217+0000] {logging_mixin.py:190} INFO - [2026-06-18T19:16:25.217+0000] {dagbag.py:588} INFO - Filling up the DagBag from /home/airflow/.local/lib/python3.12/site-packages/airflow/example_dags/example_skip_dag.py
[2026-06-18T19:16:25.244+0000] {processor.py:925} INFO - DAG(s) 'example_skip_dag' retrieved from /home/airflow/.local/lib/python3.12/site-packages/airflow/example_dags/example_skip_dag.py
[2026-06-18T19:16:25.301+0000] {logging_mixin.py:190} INFO - [2026-06-18T19:16:25.300+0000] {dag.py:3239} INFO - Sync 1 DAGs
[2026-06-18T19:16:25.361+0000] {logging_mixin.py:190} INFO - [2026-06-18T19:16:25.361+0000] {dag.py:4180} INFO - Setting next_dagrun for example_skip_dag to 2026-06-17 00:00:00+00:00, run_after=2026-06-18 00:00:00+00:00
[2026-06-18T19:16:25.400+0000] {processor.py:208} INFO - Processing /home/airflow/.local/lib/python3.12/site-packages/airflow/example_dags/example_skip_dag.py took 0.209 seconds
[2026-06-18T19:16:56.044+0000] {processor.py:186} INFO - Started process (PID=656) to work on /home/airflow/.local/lib/python3.12/site-packages/airflow/example_dags/example_skip_dag.py
[2026-06-18T19:16:56.047+0000] {processor.py:914} INFO - Processing file /home/airflow/.local/lib/python3.12/site-packages/airflow/example_dags/example_skip_dag.py for tasks to queue
[2026-06-18T19:16:56.051+0000] {logging_mixin.py:190} INFO - [2026-06-18T19:16:56.051+0000] {dagbag.py:588} INFO - Filling up the DagBag from /home/airflow/.local/lib/python3.12/site-packages/airflow/example_dags/example_skip_dag.py
[2026-06-18T19:16:56.064+0000] {processor.py:925} INFO - DAG(s) 'example_skip_dag' retrieved from /home/airflow/.local/lib/python3.12/site-packages/airflow/example_dags/example_skip_dag.py
[2026-06-18T19:16:56.096+0000] {logging_mixin.py:190} INFO - [2026-06-18T19:16:56.095+0000] {dag.py:3239} INFO - Sync 1 DAGs
[2026-06-18T19:16:56.130+0000] {logging_mixin.py:190} INFO - [2026-06-18T19:16:56.130+0000] {dag.py:4180} INFO - Setting next_dagrun for example_skip_dag to 2026-06-17 00:00:00+00:00, run_after=2026-06-18 00:00:00+00:00
[2026-06-18T19:16:56.155+0000] {processor.py:208} INFO - Processing /home/airflow/.local/lib/python3.12/site-packages/airflow/example_dags/example_skip_dag.py took 0.120 seconds
[2026-06-18T19:17:26.410+0000] {processor.py:186} INFO - Started process (PID=720) to work on /home/airflow/.local/lib/python3.12/site-packages/airflow/example_dags/example_skip_dag.py
[2026-06-18T19:17:26.413+0000] {processor.py:914} INFO - Processing file /home/airflow/.local/lib/python3.12/site-packages/airflow/example_dags/example_skip_dag.py for tasks to queue
[2026-06-18T19:17:26.418+0000] {logging_mixin.py:190} INFO - [2026-06-18T19:17:26.417+0000] {dagbag.py:588} INFO - Filling up the DagBag from /home/airflow/.local/lib/python3.12/site-packages/airflow/example_dags/example_skip_dag.py
[2026-06-18T19:17:26.430+0000] {processor.py:925} INFO - DAG(s) 'example_skip_dag' retrieved from /home/airflow/.local/lib/python3.12/site-packages/airflow/example_dags/example_skip_dag.py
[2026-06-18T19:17:26.462+0000] {logging_mixin.py:190} INFO - [2026-06-18T19:17:26.461+0000] {dag.py:3239} INFO - Sync 1 DAGs
[2026-06-18T19:17:26.493+0000] {logging_mixin.py:190} INFO - [2026-06-18T19:17:26.493+0000] {dag.py:4180} INFO - Setting next_dagrun for example_skip_dag to 2026-06-17 00:00:00+00:00, run_after=2026-06-18 00:00:00+00:00
[2026-06-18T19:17:26.517+0000] {processor.py:208} INFO - Processing /home/airflow/.local/lib/python3.12/site-packages/airflow/example_dags/example_skip_dag.py took 0.117 seconds
[2026-06-18T19:17:56.628+0000] {processor.py:186} INFO - Started process (PID=784) to work on /home/airflow/.local/lib/python3.12/site-packages/airflow/example_dags/example_skip_dag.py
[2026-06-18T19:17:56.631+0000] {processor.py:914} INFO - Processing file /home/airflow/.local/lib/python3.12/site-packages/airflow/example_dags/example_skip_dag.py for tasks to queue
[2026-06-18T19:17:56.635+0000] {logging_mixin.py:190} INFO - [2026-06-18T19:17:56.634+0000] {dagbag.py:588} INFO - Filling up the DagBag from /home/airflow/.local/lib/python3.12/site-packages/airflow/example_dags/example_skip_dag.py
[2026-06-18T19:17:56.644+0000] {processor.py:925} INFO - DAG(s) 'example_skip_dag' retrieved from /home/airflow/.local/lib/python3.12/site-packages/airflow/example_dags/example_skip_dag.py
[2026-06-18T19:17:56.669+0000] {logging_mixin.py:190} INFO - [2026-06-18T19:17:56.669+0000] {dag.py:3239} INFO - Sync 1 DAGs
[2026-06-18T19:17:56.694+0000] {logging_mixin.py:190} INFO - [2026-06-18T19:17:56.693+0000] {dag.py:4180} INFO - Setting next_dagrun for example_skip_dag to 2026-06-17 00:00:00+00:00, run_after=2026-06-18 00:00:00+00:00
[2026-06-18T19:17:56.715+0000] {processor.py:208} INFO - Processing /home/airflow/.local/lib/python3.12/site-packages/airflow/example_dags/example_skip_dag.py took 0.092 seconds
[2026-06-18T19:18:27.814+0000] {processor.py:186} INFO - Started process (PID=848) to work on /home/airflow/.local/lib/python3.12/site-packages/airflow/example_dags/example_skip_dag.py
[2026-06-18T19:18:27.819+0000] {processor.py:914} INFO - Processing file /home/airflow/.local/lib/python3.12/site-packages/airflow/example_dags/example_skip_dag.py for tasks to queue
[2026-06-18T19:18:27.832+0000] {logging_mixin.py:190} INFO - [2026-06-18T19:18:27.831+0000] {dagbag.py:588} INFO - Filling up the DagBag from /home/airflow/.local/lib/python3.12/site-packages/airflow/example_dags/example_skip_dag.py
[2026-06-18T19:18:27.854+0000] {processor.py:925} INFO - DAG(s) 'example_skip_dag' retrieved from /home/airflow/.local/lib/python3.12/site-packages/airflow/example_dags/example_skip_dag.py
[2026-06-18T19:18:27.908+0000] {logging_mixin.py:190} INFO - [2026-06-18T19:18:27.908+0000] {dag.py:3239} INFO - Sync 1 DAGs
[2026-06-18T19:18:27.963+0000] {logging_mixin.py:190} INFO - [2026-06-18T19:18:27.962+0000] {dag.py:4180} INFO - Setting next_dagrun for example_skip_dag to 2026-06-17 00:00:00+00:00, run_after=2026-06-18 00:00:00+00:00
[2026-06-18T19:18:28.006+0000] {processor.py:208} INFO - Processing /home/airflow/.local/lib/python3.12/site-packages/airflow/example_dags/example_skip_dag.py took 0.209 seconds
[2026-06-18T19:18:58.514+0000] {processor.py:186} INFO - Started process (PID=912) to work on /home/airflow/.local/lib/python3.12/site-packages/airflow/example_dags/example_skip_dag.py
[2026-06-18T19:18:58.521+0000] {processor.py:914} INFO - Processing file /home/airflow/.local/lib/python3.12/site-packages/airflow/example_dags/example_skip_dag.py for tasks to queue
[2026-06-18T19:18:58.528+0000] {logging_mixin.py:190} INFO - [2026-06-18T19:18:58.528+0000] {dagbag.py:588} INFO - Filling up the DagBag from /home/airflow/.local/lib/python3.12/site-packages/airflow/example_dags/example_skip_dag.py
[2026-06-18T19:18:58.547+0000] {processor.py:925} INFO - DAG(s) 'example_skip_dag' retrieved from /home/airflow/.local/lib/python3.12/site-packages/airflow/example_dags/example_skip_dag.py
[2026-06-18T19:18:58.589+0000] {logging_mixin.py:190} INFO - [2026-06-18T19:18:58.589+0000] {dag.py:3239} INFO - Sync 1 DAGs
[2026-06-18T19:18:58.642+0000] {logging_mixin.py:190} INFO - [2026-06-18T19:18:58.641+0000] {dag.py:4180} INFO - Setting next_dagrun for example_skip_dag to 2026-06-17 00:00:00+00:00, run_after=2026-06-18 00:00:00+00:00
[2026-06-18T19:18:58.673+0000] {processor.py:208} INFO - Processing /home/airflow/.local/lib/python3.12/site-packages/airflow/example_dags/example_skip_dag.py took 0.172 seconds
[2026-06-18T19:19:30.204+0000] {processor.py:186} INFO - Started process (PID=975) to work on /home/airflow/.local/lib/python3.12/site-packages/airflow/example_dags/example_skip_dag.py
[2026-06-18T19:19:30.209+0000] {processor.py:914} INFO - Processing file /home/airflow/.local/lib/python3.12/site-packages/airflow/example_dags/example_skip_dag.py for tasks to queue
[2026-06-18T19:19:30.220+0000] {logging_mixin.py:190} INFO - [2026-06-18T19:19:30.220+0000] {dagbag.py:588} INFO - Filling up the DagBag from /home/airflow/.local/lib/python3.12/site-packages/airflow/example_dags/example_skip_dag.py
[2026-06-18T19:19:30.246+0000] {processor.py:925} INFO - DAG(s) 'example_skip_dag' retrieved from /home/airflow/.local/lib/python3.12/site-packages/airflow/example_dags/example_skip_dag.py
[2026-06-18T19:19:30.300+0000] {logging_mixin.py:190} INFO - [2026-06-18T19:19:30.300+0000] {dag.py:3239} INFO - Sync 1 DAGs
[2026-06-18T19:19:30.362+0000] {logging_mixin.py:190} INFO - [2026-06-18T19:19:30.362+0000] {dag.py:4180} INFO - Setting next_dagrun for example_skip_dag to 2026-06-17 00:00:00+00:00, run_after=2026-06-18 00:00:00+00:00
[2026-06-18T19:19:30.401+0000] {processor.py:208} INFO - Processing /home/airflow/.local/lib/python3.12/site-packages/airflow/example_dags/example_skip_dag.py took 0.217 seconds
[2026-06-18T19:20:00.806+0000] {processor.py:186} INFO - Started process (PID=1038) to work on /home/airflow/.local/lib/python3.12/site-packages/airflow/example_dags/example_skip_dag.py
[2026-06-18T19:20:00.808+0000] {processor.py:914} INFO - Processing file /home/airflow/.local/lib/python3.12/site-packages/airflow/example_dags/example_skip_dag.py for tasks to queue
[2026-06-18T19:20:00.815+0000] {logging_mixin.py:190} INFO - [2026-06-18T19:20:00.814+0000] {dagbag.py:588} INFO - Filling up the DagBag from /home/airflow/.local/lib/python3.12/site-packages/airflow/example_dags/example_skip_dag.py
[2026-06-18T19:20:00.832+0000] {processor.py:925} INFO - DAG(s) 'example_skip_dag' retrieved from /home/airflow/.local/lib/python3.12/site-packages/airflow/example_dags/example_skip_dag.py
[2026-06-18T19:20:00.870+0000] {logging_mixin.py:190} INFO - [2026-06-18T19:20:00.869+0000] {dag.py:3239} INFO - Sync 1 DAGs
[2026-06-18T19:20:00.910+0000] {logging_mixin.py:190} INFO - [2026-06-18T19:20:00.910+0000] {dag.py:4180} INFO - Setting next_dagrun for example_skip_dag to 2026-06-17 00:00:00+00:00, run_after=2026-06-18 00:00:00+00:00
[2026-06-18T19:20:00.942+0000] {processor.py:208} INFO - Processing /home/airflow/.local/lib/python3.12/site-packages/airflow/example_dags/example_skip_dag.py took 0.147 seconds
[2026-06-18T19:20:31.271+0000] {processor.py:186} INFO - Started process (PID=1102) to work on /home/airflow/.local/lib/python3.12/site-packages/airflow/example_dags/example_skip_dag.py
[2026-06-18T19:20:31.275+0000] {processor.py:914} INFO - Processing file /home/airflow/.local/lib/python3.12/site-packages/airflow/example_dags/example_skip_dag.py for tasks to queue
[2026-06-18T19:20:31.281+0000] {logging_mixin.py:190} INFO - [2026-06-18T19:20:31.281+0000] {dagbag.py:588} INFO - Filling up the DagBag from /home/airflow/.local/lib/python3.12/site-packages/airflow/example_dags/example_skip_dag.py
[2026-06-18T19:20:31.297+0000] {processor.py:925} INFO - DAG(s) 'example_skip_dag' retrieved from /home/airflow/.local/lib/python3.12/site-packages/airflow/example_dags/example_skip_dag.py
[2026-06-18T19:20:31.333+0000] {logging_mixin.py:190} INFO - [2026-06-18T19:20:31.332+0000] {dag.py:3239} INFO - Sync 1 DAGs
[2026-06-18T19:20:31.376+0000] {logging_mixin.py:190} INFO - [2026-06-18T19:20:31.376+0000] {dag.py:4180} INFO - Setting next_dagrun for example_skip_dag to 2026-06-17 00:00:00+00:00, run_after=2026-06-18 00:00:00+00:00
[2026-06-18T19:20:31.407+0000] {processor.py:208} INFO - Processing /home/airflow/.local/lib/python3.12/site-packages/airflow/example_dags/example_skip_dag.py took 0.149 seconds
[2026-06-18T19:21:01.579+0000] {processor.py:186} INFO - Started process (PID=1165) to work on /home/airflow/.local/lib/python3.12/site-packages/airflow/example_dags/example_skip_dag.py
[2026-06-18T19:21:01.584+0000] {processor.py:914} INFO - Processing file /home/airflow/.local/lib/python3.12/site-packages/airflow/example_dags/example_skip_dag.py for tasks to queue
[2026-06-18T19:21:01.591+0000] {logging_mixin.py:190} INFO - [2026-06-18T19:21:01.590+0000] {dagbag.py:588} INFO - Filling up the DagBag from /home/airflow/.local/lib/python3.12/site-packages/airflow/example_dags/example_skip_dag.py
[2026-06-18T19:21:01.610+0000] {processor.py:925} INFO - DAG(s) 'example_skip_dag' retrieved from /home/airflow/.local/lib/python3.12/site-packages/airflow/example_dags/example_skip_dag.py
[2026-06-18T19:21:01.658+0000] {logging_mixin.py:190} INFO - [2026-06-18T19:21:01.657+0000] {dag.py:3239} INFO - Sync 1 DAGs
[2026-06-18T19:21:01.706+0000] {logging_mixin.py:190} INFO - [2026-06-18T19:21:01.706+0000] {dag.py:4180} INFO - Setting next_dagrun for example_skip_dag to 2026-06-17 00:00:00+00:00, run_after=2026-06-18 00:00:00+00:00
[2026-06-18T19:21:01.746+0000] {processor.py:208} INFO - Processing /home/airflow/.local/lib/python3.12/site-packages/airflow/example_dags/example_skip_dag.py took 0.182 seconds
[2026-06-18T19:21:31.943+0000] {processor.py:186} INFO - Started process (PID=1229) to work on /home/airflow/.local/lib/python3.12/site-packages/airflow/example_dags/example_skip_dag.py
[2026-06-18T19:21:31.947+0000] {processor.py:914} INFO - Processing file /home/airflow/.local/lib/python3.12/site-packages/airflow/example_dags/example_skip_dag.py for tasks to queue
[2026-06-18T19:21:31.956+0000] {logging_mixin.py:190} INFO - [2026-06-18T19:21:31.955+0000] {dagbag.py:588} INFO - Filling up the DagBag from /home/airflow/.local/lib/python3.12/site-packages/airflow/example_dags/example_skip_dag.py
[2026-06-18T19:21:31.984+0000] {processor.py:925} INFO - DAG(s) 'example_skip_dag' retrieved from /home/airflow/.local/lib/python3.12/site-packages/airflow/example_dags/example_skip_dag.py
[2026-06-18T19:21:32.039+0000] {logging_mixin.py:190} INFO - [2026-06-18T19:21:32.038+0000] {dag.py:3239} INFO - Sync 1 DAGs
[2026-06-18T19:21:32.092+0000] {logging_mixin.py:190} INFO - [2026-06-18T19:21:32.092+0000] {dag.py:4180} INFO - Setting next_dagrun for example_skip_dag to 2026-06-17 00:00:00+00:00, run_after=2026-06-18 00:00:00+00:00
[2026-06-18T19:21:32.129+0000] {processor.py:208} INFO - Processing /home/airflow/.local/lib/python3.12/site-packages/airflow/example_dags/example_skip_dag.py took 0.209 seconds
[2026-06-18T19:22:04.167+0000] {processor.py:186} INFO - Started process (PID=1282) to work on /home/airflow/.local/lib/python3.12/site-packages/airflow/example_dags/example_skip_dag.py
[2026-06-18T19:22:04.175+0000] {processor.py:914} INFO - Processing file /home/airflow/.local/lib/python3.12/site-packages/airflow/example_dags/example_skip_dag.py for tasks to queue
[2026-06-18T19:22:04.183+0000] {logging_mixin.py:190} INFO - [2026-06-18T19:22:04.182+0000] {dagbag.py:588} INFO - Filling up the DagBag from /home/airflow/.local/lib/python3.12/site-packages/airflow/example_dags/example_skip_dag.py
[2026-06-18T19:22:04.203+0000] {processor.py:925} INFO - DAG(s) 'example_skip_dag' retrieved from /home/airflow/.local/lib/python3.12/site-packages/airflow/example_dags/example_skip_dag.py
[2026-06-18T19:22:04.254+0000] {logging_mixin.py:190} INFO - [2026-06-18T19:22:04.253+0000] {dag.py:3239} INFO - Sync 1 DAGs
[2026-06-18T19:22:04.307+0000] {logging_mixin.py:190} INFO - [2026-06-18T19:22:04.307+0000] {dag.py:4180} INFO - Setting next_dagrun for example_skip_dag to 2026-06-17 00:00:00+00:00, run_after=2026-06-18 00:00:00+00:00
[2026-06-18T19:22:04.354+0000] {processor.py:208} INFO - Processing /home/airflow/.local/lib/python3.12/site-packages/airflow/example_dags/example_skip_dag.py took 0.205 seconds
[2026-06-18T19:22:36.161+0000] {processor.py:186} INFO - Started process (PID=1345) to work on /home/airflow/.local/lib/python3.12/site-packages/airflow/example_dags/example_skip_dag.py
[2026-06-18T19:22:36.165+0000] {processor.py:914} INFO - Processing file /home/airflow/.local/lib/python3.12/site-packages/airflow/example_dags/example_skip_dag.py for tasks to queue
[2026-06-18T19:22:36.170+0000] {logging_mixin.py:190} INFO - [2026-06-18T19:22:36.169+0000] {dagbag.py:588} INFO - Filling up the DagBag from /home/airflow/.local/lib/python3.12/site-packages/airflow/example_dags/example_skip_dag.py
[2026-06-18T19:22:36.190+0000] {processor.py:925} INFO - DAG(s) 'example_skip_dag' retrieved from /home/airflow/.local/lib/python3.12/site-packages/airflow/example_dags/example_skip_dag.py
[2026-06-18T19:22:36.240+0000] {logging_mixin.py:190} INFO - [2026-06-18T19:22:36.238+0000] {dag.py:3239} INFO - Sync 1 DAGs
[2026-06-18T19:22:36.298+0000] {logging_mixin.py:190} INFO - [2026-06-18T19:22:36.298+0000] {dag.py:4180} INFO - Setting next_dagrun for example_skip_dag to 2026-06-17 00:00:00+00:00, run_after=2026-06-18 00:00:00+00:00
[2026-06-18T19:22:36.333+0000] {processor.py:208} INFO - Processing /home/airflow/.local/lib/python3.12/site-packages/airflow/example_dags/example_skip_dag.py took 0.186 seconds
[2026-06-18T19:23:08.008+0000] {processor.py:186} INFO - Started process (PID=1409) to work on /home/airflow/.local/lib/python3.12/site-packages/airflow/example_dags/example_skip_dag.py
[2026-06-18T19:23:08.013+0000] {processor.py:914} INFO - Processing file /home/airflow/.local/lib/python3.12/site-packages/airflow/example_dags/example_skip_dag.py for tasks to queue
[2026-06-18T19:23:08.028+0000] {logging_mixin.py:190} INFO - [2026-06-18T19:23:08.027+0000] {dagbag.py:588} INFO - Filling up the DagBag from /home/airflow/.local/lib/python3.12/site-packages/airflow/example_dags/example_skip_dag.py
[2026-06-18T19:23:08.072+0000] {processor.py:925} INFO - DAG(s) 'example_skip_dag' retrieved from /home/airflow/.local/lib/python3.12/site-packages/airflow/example_dags/example_skip_dag.py
[2026-06-18T19:23:08.191+0000] {logging_mixin.py:190} INFO - [2026-06-18T19:23:08.190+0000] {dag.py:3239} INFO - Sync 1 DAGs
[2026-06-18T19:23:08.338+0000] {logging_mixin.py:190} INFO - [2026-06-18T19:23:08.336+0000] {dag.py:4180} INFO - Setting next_dagrun for example_skip_dag to 2026-06-17 00:00:00+00:00, run_after=2026-06-18 00:00:00+00:00
[2026-06-18T19:23:08.562+0000] {processor.py:208} INFO - Processing /home/airflow/.local/lib/python3.12/site-packages/airflow/example_dags/example_skip_dag.py took 0.606 seconds
[2026-06-18T19:23:39.765+0000] {processor.py:186} INFO - Started process (PID=1473) to work on /home/airflow/.local/lib/python3.12/site-packages/airflow/example_dags/example_skip_dag.py
[2026-06-18T19:23:39.771+0000] {processor.py:914} INFO - Processing file /home/airflow/.local/lib/python3.12/site-packages/airflow/example_dags/example_skip_dag.py for tasks to queue
[2026-06-18T19:23:39.784+0000] {logging_mixin.py:190} INFO - [2026-06-18T19:23:39.783+0000] {dagbag.py:588} INFO - Filling up the DagBag from /home/airflow/.local/lib/python3.12/site-packages/airflow/example_dags/example_skip_dag.py
[2026-06-18T19:23:39.833+0000] {processor.py:925} INFO - DAG(s) 'example_skip_dag' retrieved from /home/airflow/.local/lib/python3.12/site-packages/airflow/example_dags/example_skip_dag.py
[2026-06-18T19:23:39.935+0000] {logging_mixin.py:190} INFO - [2026-06-18T19:23:39.934+0000] {dag.py:3239} INFO - Sync 1 DAGs
[2026-06-18T19:23:40.055+0000] {logging_mixin.py:190} INFO - [2026-06-18T19:23:40.055+0000] {dag.py:4180} INFO - Setting next_dagrun for example_skip_dag to 2026-06-17 00:00:00+00:00, run_after=2026-06-18 00:00:00+00:00
[2026-06-18T19:23:40.124+0000] {processor.py:208} INFO - Processing /home/airflow/.local/lib/python3.12/site-packages/airflow/example_dags/example_skip_dag.py took 0.383 seconds
[2026-06-18T19:24:10.767+0000] {processor.py:186} INFO - Started process (PID=1536) to work on /home/airflow/.local/lib/python3.12/site-packages/airflow/example_dags/example_skip_dag.py
[2026-06-18T19:24:10.780+0000] {processor.py:914} INFO - Processing file /home/airflow/.local/lib/python3.12/site-packages/airflow/example_dags/example_skip_dag.py for tasks to queue
[2026-06-18T19:24:10.783+0000] {logging_mixin.py:190} INFO - [2026-06-18T19:24:10.782+0000] {dagbag.py:588} INFO - Filling up the DagBag from /home/airflow/.local/lib/python3.12/site-packages/airflow/example_dags/example_skip_dag.py
[2026-06-18T19:24:10.791+0000] {processor.py:925} INFO - DAG(s) 'example_skip_dag' retrieved from /home/airflow/.local/lib/python3.12/site-packages/airflow/example_dags/example_skip_dag.py
[2026-06-18T19:24:10.812+0000] {logging_mixin.py:190} INFO - [2026-06-18T19:24:10.812+0000] {dag.py:3239} INFO - Sync 1 DAGs
[2026-06-18T19:24:10.835+0000] {logging_mixin.py:190} INFO - [2026-06-18T19:24:10.835+0000] {dag.py:4180} INFO - Setting next_dagrun for example_skip_dag to 2026-06-17 00:00:00+00:00, run_after=2026-06-18 00:00:00+00:00
[2026-06-18T19:24:10.857+0000] {processor.py:208} INFO - Processing /home/airflow/.local/lib/python3.12/site-packages/airflow/example_dags/example_skip_dag.py took 0.096 seconds
[2026-06-18T19:24:42.396+0000] {processor.py:186} INFO - Started process (PID=1594) to work on /home/airflow/.local/lib/python3.12/site-packages/airflow/example_dags/example_skip_dag.py
[2026-06-18T19:24:42.401+0000] {processor.py:914} INFO - Processing file /home/airflow/.local/lib/python3.12/site-packages/airflow/example_dags/example_skip_dag.py for tasks to queue
[2026-06-18T19:24:42.408+0000] {logging_mixin.py:190} INFO - [2026-06-18T19:24:42.407+0000] {dagbag.py:588} INFO - Filling up the DagBag from /home/airflow/.local/lib/python3.12/site-packages/airflow/example_dags/example_skip_dag.py
[2026-06-18T19:24:42.430+0000] {processor.py:925} INFO - DAG(s) 'example_skip_dag' retrieved from /home/airflow/.local/lib/python3.12/site-packages/airflow/example_dags/example_skip_dag.py
[2026-06-18T19:24:42.480+0000] {logging_mixin.py:190} INFO - [2026-06-18T19:24:42.480+0000] {dag.py:3239} INFO - Sync 1 DAGs
[2026-06-18T19:24:42.530+0000] {logging_mixin.py:190} INFO - [2026-06-18T19:24:42.529+0000] {dag.py:4180} INFO - Setting next_dagrun for example_skip_dag to 2026-06-17 00:00:00+00:00, run_after=2026-06-18 00:00:00+00:00
[2026-06-18T19:24:42.588+0000] {processor.py:208} INFO - Processing /home/airflow/.local/lib/python3.12/site-packages/airflow/example_dags/example_skip_dag.py took 0.207 seconds
[2026-06-18T19:25:13.784+0000] {processor.py:186} INFO - Started process (PID=1658) to work on /home/airflow/.local/lib/python3.12/site-packages/airflow/example_dags/example_skip_dag.py
[2026-06-18T19:25:13.789+0000] {processor.py:914} INFO - Processing file /home/airflow/.local/lib/python3.12/site-packages/airflow/example_dags/example_skip_dag.py for tasks to queue
[2026-06-18T19:25:13.798+0000] {logging_mixin.py:190} INFO - [2026-06-18T19:25:13.797+0000] {dagbag.py:588} INFO - Filling up the DagBag from /home/airflow/.local/lib/python3.12/site-packages/airflow/example_dags/example_skip_dag.py
[2026-06-18T19:25:13.822+0000] {processor.py:925} INFO - DAG(s) 'example_skip_dag' retrieved from /home/airflow/.local/lib/python3.12/site-packages/airflow/example_dags/example_skip_dag.py
[2026-06-18T19:25:13.881+0000] {logging_mixin.py:190} INFO - [2026-06-18T19:25:13.880+0000] {dag.py:3239} INFO - Sync 1 DAGs
[2026-06-18T19:25:13.929+0000] {logging_mixin.py:190} INFO - [2026-06-18T19:25:13.928+0000] {dag.py:4180} INFO - Setting next_dagrun for example_skip_dag to 2026-06-17 00:00:00+00:00, run_after=2026-06-18 00:00:00+00:00
[2026-06-18T19:25:13.979+0000] {processor.py:208} INFO - Processing /home/airflow/.local/lib/python3.12/site-packages/airflow/example_dags/example_skip_dag.py took 0.213 seconds
[2026-06-18T19:25:46.620+0000] {processor.py:186} INFO - Started process (PID=1719) to work on /home/airflow/.local/lib/python3.12/site-packages/airflow/example_dags/example_skip_dag.py
[2026-06-18T19:25:46.629+0000] {processor.py:914} INFO - Processing file /home/airflow/.local/lib/python3.12/site-packages/airflow/example_dags/example_skip_dag.py for tasks to queue
[2026-06-18T19:25:46.638+0000] {logging_mixin.py:190} INFO - [2026-06-18T19:25:46.637+0000] {dagbag.py:588} INFO - Filling up the DagBag from /home/airflow/.local/lib/python3.12/site-packages/airflow/example_dags/example_skip_dag.py
[2026-06-18T19:25:46.671+0000] {processor.py:925} INFO - DAG(s) 'example_skip_dag' retrieved from /home/airflow/.local/lib/python3.12/site-packages/airflow/example_dags/example_skip_dag.py
[2026-06-18T19:25:46.778+0000] {logging_mixin.py:190} INFO - [2026-06-18T19:25:46.777+0000] {dag.py:3239} INFO - Sync 1 DAGs
[2026-06-18T19:25:46.887+0000] {logging_mixin.py:190} INFO - [2026-06-18T19:25:46.886+0000] {dag.py:4180} INFO - Setting next_dagrun for example_skip_dag to 2026-06-17 00:00:00+00:00, run_after=2026-06-18 00:00:00+00:00
[2026-06-18T19:25:46.967+0000] {processor.py:208} INFO - Processing /home/airflow/.local/lib/python3.12/site-packages/airflow/example_dags/example_skip_dag.py took 0.371 seconds
[2026-06-18T19:26:17.084+0000] {processor.py:186} INFO - Started process (PID=1784) to work on /home/airflow/.local/lib/python3.12/site-packages/airflow/example_dags/example_skip_dag.py
[2026-06-18T19:26:17.087+0000] {processor.py:914} INFO - Processing file /home/airflow/.local/lib/python3.12/site-packages/airflow/example_dags/example_skip_dag.py for tasks to queue
[2026-06-18T19:26:17.093+0000] {logging_mixin.py:190} INFO - [2026-06-18T19:26:17.092+0000] {dagbag.py:588} INFO - Filling up the DagBag from /home/airflow/.local/lib/python3.12/site-packages/airflow/example_dags/example_skip_dag.py
[2026-06-18T19:26:17.110+0000] {processor.py:925} INFO - DAG(s) 'example_skip_dag' retrieved from /home/airflow/.local/lib/python3.12/site-packages/airflow/example_dags/example_skip_dag.py
[2026-06-18T19:26:17.149+0000] {logging_mixin.py:190} INFO - [2026-06-18T19:26:17.148+0000] {dag.py:3239} INFO - Sync 1 DAGs
[2026-06-18T19:26:17.185+0000] {logging_mixin.py:190} INFO - [2026-06-18T19:26:17.185+0000] {dag.py:4180} INFO - Setting next_dagrun for example_skip_dag to 2026-06-17 00:00:00+00:00, run_after=2026-06-18 00:00:00+00:00
[2026-06-18T19:26:17.221+0000] {processor.py:208} INFO - Processing /home/airflow/.local/lib/python3.12/site-packages/airflow/example_dags/example_skip_dag.py took 0.147 seconds
[2026-06-18T19:26:49.194+0000] {processor.py:186} INFO - Started process (PID=1854) to work on /home/airflow/.local/lib/python3.12/site-packages/airflow/example_dags/example_skip_dag.py
[2026-06-18T19:26:49.197+0000] {processor.py:914} INFO - Processing file /home/airflow/.local/lib/python3.12/site-packages/airflow/example_dags/example_skip_dag.py for tasks to queue
[2026-06-18T19:26:49.202+0000] {logging_mixin.py:190} INFO - [2026-06-18T19:26:49.202+0000] {dagbag.py:588} INFO - Filling up the DagBag from /home/airflow/.local/lib/python3.12/site-packages/airflow/example_dags/example_skip_dag.py
[2026-06-18T19:26:49.216+0000] {processor.py:925} INFO - DAG(s) 'example_skip_dag' retrieved from /home/airflow/.local/lib/python3.12/site-packages/airflow/example_dags/example_skip_dag.py
[2026-06-18T19:26:49.251+0000] {logging_mixin.py:190} INFO - [2026-06-18T19:26:49.251+0000] {dag.py:3239} INFO - Sync 1 DAGs
[2026-06-18T19:26:49.294+0000] {logging_mixin.py:190} INFO - [2026-06-18T19:26:49.294+0000] {dag.py:4180} INFO - Setting next_dagrun for example_skip_dag to 2026-06-17 00:00:00+00:00, run_after=2026-06-18 00:00:00+00:00
[2026-06-18T19:26:49.328+0000] {processor.py:208} INFO - Processing /home/airflow/.local/lib/python3.12/site-packages/airflow/example_dags/example_skip_dag.py took 0.143 seconds
[2026-06-18T19:27:19.892+0000] {processor.py:186} INFO - Started process (PID=1915) to work on /home/airflow/.local/lib/python3.12/site-packages/airflow/example_dags/example_skip_dag.py
[2026-06-18T19:27:19.899+0000] {processor.py:914} INFO - Processing file /home/airflow/.local/lib/python3.12/site-packages/airflow/example_dags/example_skip_dag.py for tasks to queue
[2026-06-18T19:27:19.921+0000] {logging_mixin.py:190} INFO - [2026-06-18T19:27:19.919+0000] {dagbag.py:588} INFO - Filling up the DagBag from /home/airflow/.local/lib/python3.12/site-packages/airflow/example_dags/example_skip_dag.py
[2026-06-18T19:27:19.977+0000] {processor.py:925} INFO - DAG(s) 'example_skip_dag' retrieved from /home/airflow/.local/lib/python3.12/site-packages/airflow/example_dags/example_skip_dag.py
[2026-06-18T19:27:20.106+0000] {logging_mixin.py:190} INFO - [2026-06-18T19:27:20.105+0000] {dag.py:3239} INFO - Sync 1 DAGs
[2026-06-18T19:27:20.238+0000] {logging_mixin.py:190} INFO - [2026-06-18T19:27:20.228+0000] {dag.py:4180} INFO - Setting next_dagrun for example_skip_dag to 2026-06-17 00:00:00+00:00, run_after=2026-06-18 00:00:00+00:00
[2026-06-18T19:27:20.377+0000] {processor.py:208} INFO - Processing /home/airflow/.local/lib/python3.12/site-packages/airflow/example_dags/example_skip_dag.py took 0.534 seconds
[2026-06-18T19:27:50.829+0000] {processor.py:186} INFO - Started process (PID=1979) to work on /home/airflow/.local/lib/python3.12/site-packages/airflow/example_dags/example_skip_dag.py
[2026-06-18T19:27:50.832+0000] {processor.py:914} INFO - Processing file /home/airflow/.local/lib/python3.12/site-packages/airflow/example_dags/example_skip_dag.py for tasks to queue
[2026-06-18T19:27:50.837+0000] {logging_mixin.py:190} INFO - [2026-06-18T19:27:50.836+0000] {dagbag.py:588} INFO - Filling up the DagBag from /home/airflow/.local/lib/python3.12/site-packages/airflow/example_dags/example_skip_dag.py
[2026-06-18T19:27:50.846+0000] {processor.py:925} INFO - DAG(s) 'example_skip_dag' retrieved from /home/airflow/.local/lib/python3.12/site-packages/airflow/example_dags/example_skip_dag.py
[2026-06-18T19:27:50.872+0000] {logging_mixin.py:190} INFO - [2026-06-18T19:27:50.871+0000] {dag.py:3239} INFO - Sync 1 DAGs
[2026-06-18T19:27:50.902+0000] {logging_mixin.py:190} INFO - [2026-06-18T19:27:50.902+0000] {dag.py:4180} INFO - Setting next_dagrun for example_skip_dag to 2026-06-17 00:00:00+00:00, run_after=2026-06-18 00:00:00+00:00
[2026-06-18T19:27:50.929+0000] {processor.py:208} INFO - Processing /home/airflow/.local/lib/python3.12/site-packages/airflow/example_dags/example_skip_dag.py took 0.106 seconds
[2026-06-18T19:28:21.267+0000] {processor.py:186} INFO - Started process (PID=2043) to work on /home/airflow/.local/lib/python3.12/site-packages/airflow/example_dags/example_skip_dag.py
[2026-06-18T19:28:21.272+0000] {processor.py:914} INFO - Processing file /home/airflow/.local/lib/python3.12/site-packages/airflow/example_dags/example_skip_dag.py for tasks to queue
[2026-06-18T19:28:21.278+0000] {logging_mixin.py:190} INFO - [2026-06-18T19:28:21.277+0000] {dagbag.py:588} INFO - Filling up the DagBag from /home/airflow/.local/lib/python3.12/site-packages/airflow/example_dags/example_skip_dag.py
[2026-06-18T19:28:21.292+0000] {processor.py:925} INFO - DAG(s) 'example_skip_dag' retrieved from /home/airflow/.local/lib/python3.12/site-packages/airflow/example_dags/example_skip_dag.py
[2026-06-18T19:28:21.333+0000] {logging_mixin.py:190} INFO - [2026-06-18T19:28:21.333+0000] {dag.py:3239} INFO - Sync 1 DAGs
[2026-06-18T19:28:21.378+0000] {logging_mixin.py:190} INFO - [2026-06-18T19:28:21.378+0000] {dag.py:4180} INFO - Setting next_dagrun for example_skip_dag to 2026-06-17 00:00:00+00:00, run_after=2026-06-18 00:00:00+00:00
[2026-06-18T19:28:21.415+0000] {processor.py:208} INFO - Processing /home/airflow/.local/lib/python3.12/site-packages/airflow/example_dags/example_skip_dag.py took 0.159 seconds
[2026-06-18T19:28:51.589+0000] {processor.py:186} INFO - Started process (PID=2107) to work on /home/airflow/.local/lib/python3.12/site-packages/airflow/example_dags/example_skip_dag.py
[2026-06-18T19:28:51.593+0000] {processor.py:914} INFO - Processing file /home/airflow/.local/lib/python3.12/site-packages/airflow/example_dags/example_skip_dag.py for tasks to queue
[2026-06-18T19:28:51.605+0000] {logging_mixin.py:190} INFO - [2026-06-18T19:28:51.604+0000] {dagbag.py:588} INFO - Filling up the DagBag from /home/airflow/.local/lib/python3.12/site-packages/airflow/example_dags/example_skip_dag.py
[2026-06-18T19:28:51.659+0000] {processor.py:925} INFO - DAG(s) 'example_skip_dag' retrieved from /home/airflow/.local/lib/python3.12/site-packages/airflow/example_dags/example_skip_dag.py
[2026-06-18T19:28:51.767+0000] {logging_mixin.py:190} INFO - [2026-06-18T19:28:51.767+0000] {dag.py:3239} INFO - Sync 1 DAGs
[2026-06-18T19:28:51.893+0000] {logging_mixin.py:190} INFO - [2026-06-18T19:28:51.893+0000] {dag.py:4180} INFO - Setting next_dagrun for example_skip_dag to 2026-06-17 00:00:00+00:00, run_after=2026-06-18 00:00:00+00:00
[2026-06-18T19:28:51.961+0000] {processor.py:208} INFO - Processing /home/airflow/.local/lib/python3.12/site-packages/airflow/example_dags/example_skip_dag.py took 0.410 seconds
[2026-06-18T19:29:22.304+0000] {processor.py:186} INFO - Started process (PID=2171) to work on /home/airflow/.local/lib/python3.12/site-packages/airflow/example_dags/example_skip_dag.py
[2026-06-18T19:29:22.308+0000] {processor.py:914} INFO - Processing file /home/airflow/.local/lib/python3.12/site-packages/airflow/example_dags/example_skip_dag.py for tasks to queue
[2026-06-18T19:29:22.315+0000] {logging_mixin.py:190} INFO - [2026-06-18T19:29:22.315+0000] {dagbag.py:588} INFO - Filling up the DagBag from /home/airflow/.local/lib/python3.12/site-packages/airflow/example_dags/example_skip_dag.py
[2026-06-18T19:29:22.339+0000] {processor.py:925} INFO - DAG(s) 'example_skip_dag' retrieved from /home/airflow/.local/lib/python3.12/site-packages/airflow/example_dags/example_skip_dag.py
[2026-06-18T19:29:22.387+0000] {logging_mixin.py:190} INFO - [2026-06-18T19:29:22.387+0000] {dag.py:3239} INFO - Sync 1 DAGs
[2026-06-18T19:29:22.443+0000] {logging_mixin.py:190} INFO - [2026-06-18T19:29:22.442+0000] {dag.py:4180} INFO - Setting next_dagrun for example_skip_dag to 2026-06-17 00:00:00+00:00, run_after=2026-06-18 00:00:00+00:00
[2026-06-18T19:29:22.478+0000] {processor.py:208} INFO - Processing /home/airflow/.local/lib/python3.12/site-packages/airflow/example_dags/example_skip_dag.py took 0.190 seconds
[2026-06-18T19:29:53.680+0000] {processor.py:186} INFO - Started process (PID=2235) to work on /home/airflow/.local/lib/python3.12/site-packages/airflow/example_dags/example_skip_dag.py
[2026-06-18T19:29:53.685+0000] {processor.py:914} INFO - Processing file /home/airflow/.local/lib/python3.12/site-packages/airflow/example_dags/example_skip_dag.py for tasks to queue
[2026-06-18T19:29:53.690+0000] {logging_mixin.py:190} INFO - [2026-06-18T19:29:53.690+0000] {dagbag.py:588} INFO - Filling up the DagBag from /home/airflow/.local/lib/python3.12/site-packages/airflow/example_dags/example_skip_dag.py
[2026-06-18T19:29:53.710+0000] {processor.py:925} INFO - DAG(s) 'example_skip_dag' retrieved from /home/airflow/.local/lib/python3.12/site-packages/airflow/example_dags/example_skip_dag.py
[2026-06-18T19:29:53.760+0000] {logging_mixin.py:190} INFO - [2026-06-18T19:29:53.759+0000] {dag.py:3239} INFO - Sync 1 DAGs
[2026-06-18T19:29:53.813+0000] {logging_mixin.py:190} INFO - [2026-06-18T19:29:53.813+0000] {dag.py:4180} INFO - Setting next_dagrun for example_skip_dag to 2026-06-17 00:00:00+00:00, run_after=2026-06-18 00:00:00+00:00
[2026-06-18T19:29:53.849+0000] {processor.py:208} INFO - Processing /home/airflow/.local/lib/python3.12/site-packages/airflow/example_dags/example_skip_dag.py took 0.184 seconds
[2026-06-18T19:30:24.186+0000] {processor.py:186} INFO - Started process (PID=2299) to work on /home/airflow/.local/lib/python3.12/site-packages/airflow/example_dags/example_skip_dag.py
[2026-06-18T19:30:24.191+0000] {processor.py:914} INFO - Processing file /home/airflow/.local/lib/python3.12/site-packages/airflow/example_dags/example_skip_dag.py for tasks to queue
[2026-06-18T19:30:24.197+0000] {logging_mixin.py:190} INFO - [2026-06-18T19:30:24.196+0000] {dagbag.py:588} INFO - Filling up the DagBag from /home/airflow/.local/lib/python3.12/site-packages/airflow/example_dags/example_skip_dag.py
[2026-06-18T19:30:24.251+0000] {processor.py:925} INFO - DAG(s) 'example_skip_dag' retrieved from /home/airflow/.local/lib/python3.12/site-packages/airflow/example_dags/example_skip_dag.py
[2026-06-18T19:30:24.403+0000] {logging_mixin.py:190} INFO - [2026-06-18T19:30:24.400+0000] {dag.py:3239} INFO - Sync 1 DAGs
[2026-06-18T19:30:24.482+0000] {logging_mixin.py:190} INFO - [2026-06-18T19:30:24.481+0000] {dag.py:4180} INFO - Setting next_dagrun for example_skip_dag to 2026-06-17 00:00:00+00:00, run_after=2026-06-18 00:00:00+00:00
[2026-06-18T19:30:24.559+0000] {processor.py:208} INFO - Processing /home/airflow/.local/lib/python3.12/site-packages/airflow/example_dags/example_skip_dag.py took 0.383 seconds
[2026-06-18T19:30:54.803+0000] {processor.py:186} INFO - Started process (PID=2363) to work on /home/airflow/.local/lib/python3.12/site-packages/airflow/example_dags/example_skip_dag.py
[2026-06-18T19:30:54.815+0000] {processor.py:914} INFO - Processing file /home/airflow/.local/lib/python3.12/site-packages/airflow/example_dags/example_skip_dag.py for tasks to queue
[2026-06-18T19:30:54.826+0000] {logging_mixin.py:190} INFO - [2026-06-18T19:30:54.825+0000] {dagbag.py:588} INFO - Filling up the DagBag from /home/airflow/.local/lib/python3.12/site-packages/airflow/example_dags/example_skip_dag.py
[2026-06-18T19:30:54.866+0000] {processor.py:925} INFO - DAG(s) 'example_skip_dag' retrieved from /home/airflow/.local/lib/python3.12/site-packages/airflow/example_dags/example_skip_dag.py
[2026-06-18T19:30:54.932+0000] {logging_mixin.py:190} INFO - [2026-06-18T19:30:54.931+0000] {dag.py:3239} INFO - Sync 1 DAGs
[2026-06-18T19:30:55.030+0000] {logging_mixin.py:190} INFO - [2026-06-18T19:30:55.029+0000] {dag.py:4180} INFO - Setting next_dagrun for example_skip_dag to 2026-06-17 00:00:00+00:00, run_after=2026-06-18 00:00:00+00:00
[2026-06-18T19:30:55.099+0000] {processor.py:208} INFO - Processing /home/airflow/.local/lib/python3.12/site-packages/airflow/example_dags/example_skip_dag.py took 0.329 seconds
[2026-06-18T19:31:25.910+0000] {processor.py:186} INFO - Started process (PID=2427) to work on /home/airflow/.local/lib/python3.12/site-packages/airflow/example_dags/example_skip_dag.py
[2026-06-18T19:31:25.917+0000] {processor.py:914} INFO - Processing file /home/airflow/.local/lib/python3.12/site-packages/airflow/example_dags/example_skip_dag.py for tasks to queue
[2026-06-18T19:31:25.928+0000] {logging_mixin.py:190} INFO - [2026-06-18T19:31:25.927+0000] {dagbag.py:588} INFO - Filling up the DagBag from /home/airflow/.local/lib/python3.12/site-packages/airflow/example_dags/example_skip_dag.py
[2026-06-18T19:31:25.960+0000] {processor.py:925} INFO - DAG(s) 'example_skip_dag' retrieved from /home/airflow/.local/lib/python3.12/site-packages/airflow/example_dags/example_skip_dag.py
[2026-06-18T19:31:26.018+0000] {logging_mixin.py:190} INFO - [2026-06-18T19:31:26.018+0000] {dag.py:3239} INFO - Sync 1 DAGs
[2026-06-18T19:31:26.108+0000] {logging_mixin.py:190} INFO - [2026-06-18T19:31:26.108+0000] {dag.py:4180} INFO - Setting next_dagrun for example_skip_dag to 2026-06-17 00:00:00+00:00, run_after=2026-06-18 00:00:00+00:00
[2026-06-18T19:31:26.199+0000] {processor.py:208} INFO - Processing /home/airflow/.local/lib/python3.12/site-packages/airflow/example_dags/example_skip_dag.py took 0.319 seconds
