[2026-06-18T19:13:47.427+0000] {local_task_job_runner.py:123} INFO - ::group::Pre task execution logs
[2026-06-18T19:13:47.454+0000] {taskinstance.py:2614} INFO - Dependencies all met for dep_context=non-requeueable deps ti=<TaskInstance: nyc_taxi_pipeline.transform_data manual__2026-06-18T19:13:31.265646+00:00 [queued]>
[2026-06-18T19:13:47.467+0000] {taskinstance.py:2614} INFO - Dependencies all met for dep_context=requeueable deps ti=<TaskInstance: nyc_taxi_pipeline.transform_data manual__2026-06-18T19:13:31.265646+00:00 [queued]>
[2026-06-18T19:13:47.470+0000] {taskinstance.py:2867} INFO - Starting attempt 1 of 1
[2026-06-18T19:13:47.685+0000] {taskinstance.py:2890} INFO - Executing <Task(BashOperator): transform_data> on 2026-06-18 19:13:31.265646+00:00
[2026-06-18T19:13:47.711+0000] {standard_task_runner.py:104} INFO - Running: ['***', 'tasks', 'run', 'nyc_taxi_pipeline', 'transform_data', 'manual__2026-06-18T19:13:31.265646+00:00', '--job-id', '40', '--raw', '--subdir', 'DAGS_FOLDER/nyc_taxi_pipeline.py', '--cfg-path', '/tmp/tmp5pfqplcw']
[2026-06-18T19:13:47.707+0000] {warnings.py:112} WARNING - /home/***/.local/lib/python3.12/site-packages/***/task/task_runner/standard_task_runner.py:70: DeprecationWarning: This process (pid=82) is multi-threaded, use of fork() may lead to deadlocks in the child.
  pid = os.fork()

[2026-06-18T19:13:47.717+0000] {standard_task_runner.py:72} INFO - Started process 84 to run task
[2026-06-18T19:13:47.716+0000] {standard_task_runner.py:105} INFO - Job 40: Subtask transform_data
[2026-06-18T19:13:47.849+0000] {task_command.py:467} INFO - Running <TaskInstance: nyc_taxi_pipeline.transform_data manual__2026-06-18T19:13:31.265646+00:00 [running]> on host 018aa393e34b
[2026-06-18T19:13:48.003+0000] {taskinstance.py:3134} INFO - Exporting env vars: AIRFLOW_CTX_DAG_OWNER='rushil' AIRFLOW_CTX_DAG_ID='nyc_taxi_pipeline' AIRFLOW_CTX_TASK_ID='transform_data' AIRFLOW_CTX_EXECUTION_DATE='2026-06-18T19:13:31.265646+00:00' AIRFLOW_CTX_TRY_NUMBER='1' AIRFLOW_CTX_DAG_RUN_ID='manual__2026-06-18T19:13:31.265646+00:00'
[2026-06-18T19:13:48.006+0000] {logging_mixin.py:190} INFO - Task instance is in running state
[2026-06-18T19:13:48.009+0000] {logging_mixin.py:190} INFO -  Previous state of the Task instance: queued
[2026-06-18T19:13:48.011+0000] {logging_mixin.py:190} INFO - Current task name:transform_data state:running start_date:2026-06-18 19:13:47.455714+00:00
[2026-06-18T19:13:48.013+0000] {logging_mixin.py:190} INFO - Dag name:nyc_taxi_pipeline and current dag run status:running
[2026-06-18T19:13:48.014+0000] {taskinstance.py:732} INFO - ::endgroup::
[2026-06-18T19:13:48.017+0000] {subprocess.py:78} INFO - Tmp dir root location: /tmp
[2026-06-18T19:13:48.020+0000] {subprocess.py:88} INFO - Running command: ['/usr/bin/bash', '-c', 'python /opt/***/project/etl/transform.py']
[2026-06-18T19:13:48.038+0000] {subprocess.py:99} INFO - Output:
[2026-06-18T19:13:52.133+0000] {subprocess.py:106} INFO - Traceback (most recent call last):
[2026-06-18T19:13:52.141+0000] {subprocess.py:106} INFO -   File "/opt/***/project/etl/transform.py", line 4, in <module>
[2026-06-18T19:13:52.167+0000] {subprocess.py:106} INFO -     df = pd.read_parquet(
[2026-06-18T19:13:52.172+0000] {subprocess.py:106} INFO -          ^^^^^^^^^^^^^^^^
[2026-06-18T19:13:52.186+0000] {subprocess.py:106} INFO -   File "/home/***/.local/lib/python3.12/site-packages/pandas/io/parquet.py", line 670, in read_parquet
[2026-06-18T19:13:52.189+0000] {subprocess.py:106} INFO -     return impl.read(
[2026-06-18T19:13:52.192+0000] {subprocess.py:106} INFO -            ^^^^^^^^^^
[2026-06-18T19:13:52.199+0000] {subprocess.py:106} INFO -   File "/home/***/.local/lib/python3.12/site-packages/pandas/io/parquet.py", line 265, in read
[2026-06-18T19:13:52.208+0000] {subprocess.py:106} INFO -     path_or_handle, handles, filesystem = _get_path_or_handle(
[2026-06-18T19:13:52.211+0000] {subprocess.py:106} INFO -                                           ^^^^^^^^^^^^^^^^^^^^
[2026-06-18T19:13:52.215+0000] {subprocess.py:106} INFO -   File "/home/***/.local/lib/python3.12/site-packages/pandas/io/parquet.py", line 139, in _get_path_or_handle
[2026-06-18T19:13:52.227+0000] {subprocess.py:106} INFO -     handles = get_handle(
[2026-06-18T19:13:52.229+0000] {subprocess.py:106} INFO -               ^^^^^^^^^^^
[2026-06-18T19:13:52.233+0000] {subprocess.py:106} INFO -   File "/home/***/.local/lib/python3.12/site-packages/pandas/io/common.py", line 872, in get_handle
[2026-06-18T19:13:52.235+0000] {subprocess.py:106} INFO -     handle = open(handle, ioargs.mode)
[2026-06-18T19:13:52.243+0000] {subprocess.py:106} INFO -              ^^^^^^^^^^^^^^^^^^^^^^^^^
[2026-06-18T19:13:52.246+0000] {subprocess.py:106} INFO - FileNotFoundError: [Errno 2] No such file or directory: 'data/yellow_tripdata_2025-01.parquet'
[2026-06-18T19:13:52.572+0000] {subprocess.py:110} INFO - Command exited with return code 1
[2026-06-18T19:13:52.619+0000] {taskinstance.py:3313} ERROR - Task failed with exception
Traceback (most recent call last):
  File "/home/airflow/.local/lib/python3.12/site-packages/airflow/models/taskinstance.py", line 768, in _execute_task
    result = _execute_callable(context=context, **execute_callable_kwargs)
             ^^^^^^^^^^^^^^^^^^^^^^^^^^^^^^^^^^^^^^^^^^^^^^^^^^^^^^^^^^^^^
  File "/home/airflow/.local/lib/python3.12/site-packages/airflow/models/taskinstance.py", line 734, in _execute_callable
    return ExecutionCallableRunner(
           ^^^^^^^^^^^^^^^^^^^^^^^^
  File "/home/airflow/.local/lib/python3.12/site-packages/airflow/utils/operator_helpers.py", line 252, in run
    return self.func(*args, **kwargs)
           ^^^^^^^^^^^^^^^^^^^^^^^^^^
  File "/home/airflow/.local/lib/python3.12/site-packages/airflow/models/baseoperator.py", line 424, in wrapper
    return func(self, *args, **kwargs)
           ^^^^^^^^^^^^^^^^^^^^^^^^^^^
  File "/home/airflow/.local/lib/python3.12/site-packages/airflow/operators/bash.py", line 276, in execute
    raise AirflowException(
airflow.exceptions.AirflowException: Bash command failed. The command returned a non-zero exit code 1.
[2026-06-18T19:13:52.638+0000] {logging_mixin.py:190} INFO - Task instance in failure state
[2026-06-18T19:13:52.643+0000] {logging_mixin.py:190} INFO - Task start:2026-06-18 19:13:47.455714+00:00 end:2026-06-18 19:13:52.636110+00:00 duration:5.180396
[2026-06-18T19:13:52.647+0000] {logging_mixin.py:190} INFO - Task:<Task(BashOperator): transform_data> dag:<DAG: nyc_taxi_pipeline> dagrun:<DagRun nyc_taxi_pipeline @ 2026-06-18 19:13:31.265646+00:00: manual__2026-06-18T19:13:31.265646+00:00, state:running, queued_at: 2026-06-18 19:13:31.362829+00:00. externally triggered: True>
[2026-06-18T19:13:52.651+0000] {logging_mixin.py:190} INFO - Failure caused by Bash command failed. The command returned a non-zero exit code 1.
[2026-06-18T19:13:52.656+0000] {taskinstance.py:1226} INFO - Marking task as FAILED. dag_id=nyc_taxi_pipeline, task_id=transform_data, run_id=manual__2026-06-18T19:13:31.265646+00:00, execution_date=20260618T191331, start_date=20260618T191347, end_date=20260618T191352
[2026-06-18T19:13:52.792+0000] {taskinstance.py:341} INFO - ::group::Post task execution logs
[2026-06-18T19:13:52.796+0000] {standard_task_runner.py:124} ERROR - Failed to execute job 40 for task transform_data (Bash command failed. The command returned a non-zero exit code 1.; 84)
Traceback (most recent call last):
  File "/home/airflow/.local/lib/python3.12/site-packages/airflow/task/task_runner/standard_task_runner.py", line 117, in _start_by_fork
    ret = args.func(args, dag=self.dag)
          ^^^^^^^^^^^^^^^^^^^^^^^^^^^^^
  File "/home/airflow/.local/lib/python3.12/site-packages/airflow/cli/cli_config.py", line 49, in command
    return func(*args, **kwargs)
           ^^^^^^^^^^^^^^^^^^^^^
  File "/home/airflow/.local/lib/python3.12/site-packages/airflow/utils/cli.py", line 116, in wrapper
    return f(*args, **kwargs)
           ^^^^^^^^^^^^^^^^^^
  File "/home/airflow/.local/lib/python3.12/site-packages/airflow/cli/commands/task_command.py", line 483, in task_run
    task_return_code = _run_task_by_selected_method(args, _dag, ti)
                       ^^^^^^^^^^^^^^^^^^^^^^^^^^^^^^^^^^^^^^^^^^^^
  File "/home/airflow/.local/lib/python3.12/site-packages/airflow/cli/commands/task_command.py", line 256, in _run_task_by_selected_method
    return _run_raw_task(args, ti)
           ^^^^^^^^^^^^^^^^^^^^^^^
  File "/home/airflow/.local/lib/python3.12/site-packages/airflow/cli/commands/task_command.py", line 341, in _run_raw_task
    return ti._run_raw_task(
           ^^^^^^^^^^^^^^^^^
  File "/home/airflow/.local/lib/python3.12/site-packages/airflow/utils/session.py", line 97, in wrapper
    return func(*args, session=session, **kwargs)
           ^^^^^^^^^^^^^^^^^^^^^^^^^^^^^^^^^^^^^^
  File "/home/airflow/.local/lib/python3.12/site-packages/airflow/models/taskinstance.py", line 3006, in _run_raw_task
    return _run_raw_task(
           ^^^^^^^^^^^^^^
  File "/home/airflow/.local/lib/python3.12/site-packages/airflow/models/taskinstance.py", line 274, in _run_raw_task
    TaskInstance._execute_task_with_callbacks(
  File "/home/airflow/.local/lib/python3.12/site-packages/airflow/models/taskinstance.py", line 3161, in _execute_task_with_callbacks
    result = self._execute_task(context, task_orig)
             ^^^^^^^^^^^^^^^^^^^^^^^^^^^^^^^^^^^^^^
  File "/home/airflow/.local/lib/python3.12/site-packages/airflow/models/taskinstance.py", line 3185, in _execute_task
    return _execute_task(self, context, task_orig)
           ^^^^^^^^^^^^^^^^^^^^^^^^^^^^^^^^^^^^^^^
  File "/home/airflow/.local/lib/python3.12/site-packages/airflow/models/taskinstance.py", line 768, in _execute_task
    result = _execute_callable(context=context, **execute_callable_kwargs)
             ^^^^^^^^^^^^^^^^^^^^^^^^^^^^^^^^^^^^^^^^^^^^^^^^^^^^^^^^^^^^^
  File "/home/airflow/.local/lib/python3.12/site-packages/airflow/models/taskinstance.py", line 734, in _execute_callable
    return ExecutionCallableRunner(
           ^^^^^^^^^^^^^^^^^^^^^^^^
  File "/home/airflow/.local/lib/python3.12/site-packages/airflow/utils/operator_helpers.py", line 252, in run
    return self.func(*args, **kwargs)
           ^^^^^^^^^^^^^^^^^^^^^^^^^^
  File "/home/airflow/.local/lib/python3.12/site-packages/airflow/models/baseoperator.py", line 424, in wrapper
    return func(self, *args, **kwargs)
           ^^^^^^^^^^^^^^^^^^^^^^^^^^^
  File "/home/airflow/.local/lib/python3.12/site-packages/airflow/operators/bash.py", line 276, in execute
    raise AirflowException(
airflow.exceptions.AirflowException: Bash command failed. The command returned a non-zero exit code 1.
[2026-06-18T19:13:52.861+0000] {local_task_job_runner.py:266} INFO - Task exited with return code 1
[2026-06-18T19:13:52.976+0000] {taskinstance.py:3901} INFO - 0 downstream tasks scheduled from follow-on schedule check
[2026-06-18T19:13:52.990+0000] {local_task_job_runner.py:245} INFO - ::endgroup::
