[2026-06-18T19:26:03.865+0000] {local_task_job_runner.py:123} INFO - ::group::Pre task execution logs
[2026-06-18T19:26:03.908+0000] {taskinstance.py:2614} INFO - Dependencies all met for dep_context=non-requeueable deps ti=<TaskInstance: nyc_taxi_pipeline.aggregate_data manual__2026-06-18T19:25:17.408356+00:00 [queued]>
[2026-06-18T19:26:03.930+0000] {taskinstance.py:2614} INFO - Dependencies all met for dep_context=requeueable deps ti=<TaskInstance: nyc_taxi_pipeline.aggregate_data manual__2026-06-18T19:25:17.408356+00:00 [queued]>
[2026-06-18T19:26:03.933+0000] {taskinstance.py:2867} INFO - Starting attempt 1 of 1
[2026-06-18T19:26:03.956+0000] {taskinstance.py:2890} INFO - Executing <Task(BashOperator): aggregate_data> on 2026-06-18 19:25:17.408356+00:00
[2026-06-18T19:26:03.971+0000] {warnings.py:112} WARNING - /home/***/.local/lib/python3.12/site-packages/***/task/task_runner/standard_task_runner.py:70: DeprecationWarning: This process (pid=266) is multi-threaded, use of fork() may lead to deadlocks in the child.
  pid = os.fork()

[2026-06-18T19:26:03.975+0000] {standard_task_runner.py:104} INFO - Running: ['***', 'tasks', 'run', 'nyc_taxi_pipeline', 'aggregate_data', 'manual__2026-06-18T19:25:17.408356+00:00', '--job-id', '42', '--raw', '--subdir', 'DAGS_FOLDER/nyc_taxi_pipeline.py', '--cfg-path', '/tmp/tmp_kas75hi']
[2026-06-18T19:26:03.978+0000] {standard_task_runner.py:72} INFO - Started process 268 to run task
[2026-06-18T19:26:03.979+0000] {standard_task_runner.py:105} INFO - Job 42: Subtask aggregate_data
[2026-06-18T19:26:04.568+0000] {task_command.py:467} INFO - Running <TaskInstance: nyc_taxi_pipeline.aggregate_data manual__2026-06-18T19:25:17.408356+00:00 [running]> on host 018aa393e34b
[2026-06-18T19:26:04.759+0000] {taskinstance.py:3134} INFO - Exporting env vars: AIRFLOW_CTX_DAG_OWNER='rushil' AIRFLOW_CTX_DAG_ID='nyc_taxi_pipeline' AIRFLOW_CTX_TASK_ID='aggregate_data' AIRFLOW_CTX_EXECUTION_DATE='2026-06-18T19:25:17.408356+00:00' AIRFLOW_CTX_TRY_NUMBER='1' AIRFLOW_CTX_DAG_RUN_ID='manual__2026-06-18T19:25:17.408356+00:00'
[2026-06-18T19:26:04.766+0000] {logging_mixin.py:190} INFO - Task instance is in running state
[2026-06-18T19:26:04.769+0000] {logging_mixin.py:190} INFO -  Previous state of the Task instance: queued
[2026-06-18T19:26:04.771+0000] {logging_mixin.py:190} INFO - Current task name:aggregate_data state:running start_date:2026-06-18 19:26:03.910115+00:00
[2026-06-18T19:26:04.773+0000] {logging_mixin.py:190} INFO - Dag name:nyc_taxi_pipeline and current dag run status:running
[2026-06-18T19:26:04.775+0000] {taskinstance.py:732} INFO - ::endgroup::
[2026-06-18T19:26:04.778+0000] {subprocess.py:78} INFO - Tmp dir root location: /tmp
[2026-06-18T19:26:04.782+0000] {subprocess.py:88} INFO - Running command: ['/usr/bin/bash', '-c', 'python /opt/***/project/etl/aggregate.py']
[2026-06-18T19:26:04.809+0000] {subprocess.py:99} INFO - Output:
[2026-06-18T19:26:09.307+0000] {subprocess.py:106} INFO - Traceback (most recent call last):
[2026-06-18T19:26:09.311+0000] {subprocess.py:106} INFO -   File "/opt/***/project/etl/aggregate.py", line 10, in <module>
[2026-06-18T19:26:09.318+0000] {subprocess.py:106} INFO -     df.groupby("pickup_hour")
[2026-06-18T19:26:09.322+0000] {subprocess.py:106} INFO -     ^^
[2026-06-18T19:26:09.325+0000] {subprocess.py:106} INFO - NameError: name 'df' is not defined
[2026-06-18T19:26:09.651+0000] {subprocess.py:110} INFO - Command exited with return code 1
[2026-06-18T19:26:09.687+0000] {taskinstance.py:3313} ERROR - Task failed with exception
Traceback (most recent call last):
  File "/home/airflow/.local/lib/python3.12/site-packages/airflow/models/taskinstance.py", line 768, in _execute_task
    result = _execute_callable(context=context, **execute_callable_kwargs)
             ^^^^^^^^^^^^^^^^^^^^^^^^^^^^^^^^^^^^^^^^^^^^^^^^^^^^^^^^^^^^^
  File "/home/airflow/.local/lib/python3.12/site-packages/airflow/models/taskinstance.py", line 734, in _execute_callable
    return ExecutionCallableRunner(
           ^^^^^^^^^^^^^^^^^^^^^^^^
  File "/home/airflow/.local/lib/python3.12/site-packages/airflow/utils/operator_helpers.py", line 252, in run
    return self.func(*args, **kwargs)
           ^^^^^^^^^^^^^^^^^^^^^^^^^^
  File "/home/airflow/.local/lib/python3.12/site-packages/airflow/models/baseoperator.py", line 424, in wrapper
    return func(self, *args, **kwargs)
           ^^^^^^^^^^^^^^^^^^^^^^^^^^^
  File "/home/airflow/.local/lib/python3.12/site-packages/airflow/operators/bash.py", line 276, in execute
    raise AirflowException(
airflow.exceptions.AirflowException: Bash command failed. The command returned a non-zero exit code 1.
[2026-06-18T19:26:09.701+0000] {logging_mixin.py:190} INFO - Task instance in failure state
[2026-06-18T19:26:09.704+0000] {logging_mixin.py:190} INFO - Task start:2026-06-18 19:26:03.910115+00:00 end:2026-06-18 19:26:09.700325+00:00 duration:5.79021
[2026-06-18T19:26:09.707+0000] {logging_mixin.py:190} INFO - Task:<Task(BashOperator): aggregate_data> dag:<DAG: nyc_taxi_pipeline> dagrun:<DagRun nyc_taxi_pipeline @ 2026-06-18 19:25:17.408356+00:00: manual__2026-06-18T19:25:17.408356+00:00, state:running, queued_at: 2026-06-18 19:25:17.466567+00:00. externally triggered: True>
[2026-06-18T19:26:09.710+0000] {logging_mixin.py:190} INFO - Failure caused by Bash command failed. The command returned a non-zero exit code 1.
[2026-06-18T19:26:09.712+0000] {taskinstance.py:1226} INFO - Marking task as FAILED. dag_id=nyc_taxi_pipeline, task_id=aggregate_data, run_id=manual__2026-06-18T19:25:17.408356+00:00, execution_date=20260618T192517, start_date=20260618T192603, end_date=20260618T192609
[2026-06-18T19:26:09.793+0000] {taskinstance.py:341} INFO - ::group::Post task execution logs
[2026-06-18T19:26:09.796+0000] {standard_task_runner.py:124} ERROR - Failed to execute job 42 for task aggregate_data (Bash command failed. The command returned a non-zero exit code 1.; 268)
Traceback (most recent call last):
  File "/home/airflow/.local/lib/python3.12/site-packages/airflow/task/task_runner/standard_task_runner.py", line 117, in _start_by_fork
    ret = args.func(args, dag=self.dag)
          ^^^^^^^^^^^^^^^^^^^^^^^^^^^^^
  File "/home/airflow/.local/lib/python3.12/site-packages/airflow/cli/cli_config.py", line 49, in command
    return func(*args, **kwargs)
           ^^^^^^^^^^^^^^^^^^^^^
  File "/home/airflow/.local/lib/python3.12/site-packages/airflow/utils/cli.py", line 116, in wrapper
    return f(*args, **kwargs)
           ^^^^^^^^^^^^^^^^^^
  File "/home/airflow/.local/lib/python3.12/site-packages/airflow/cli/commands/task_command.py", line 483, in task_run
    task_return_code = _run_task_by_selected_method(args, _dag, ti)
                       ^^^^^^^^^^^^^^^^^^^^^^^^^^^^^^^^^^^^^^^^^^^^
  File "/home/airflow/.local/lib/python3.12/site-packages/airflow/cli/commands/task_command.py", line 256, in _run_task_by_selected_method
    return _run_raw_task(args, ti)
           ^^^^^^^^^^^^^^^^^^^^^^^
  File "/home/airflow/.local/lib/python3.12/site-packages/airflow/cli/commands/task_command.py", line 341, in _run_raw_task
    return ti._run_raw_task(
           ^^^^^^^^^^^^^^^^^
  File "/home/airflow/.local/lib/python3.12/site-packages/airflow/utils/session.py", line 97, in wrapper
    return func(*args, session=session, **kwargs)
           ^^^^^^^^^^^^^^^^^^^^^^^^^^^^^^^^^^^^^^
  File "/home/airflow/.local/lib/python3.12/site-packages/airflow/models/taskinstance.py", line 3006, in _run_raw_task
    return _run_raw_task(
           ^^^^^^^^^^^^^^
  File "/home/airflow/.local/lib/python3.12/site-packages/airflow/models/taskinstance.py", line 274, in _run_raw_task
    TaskInstance._execute_task_with_callbacks(
  File "/home/airflow/.local/lib/python3.12/site-packages/airflow/models/taskinstance.py", line 3161, in _execute_task_with_callbacks
    result = self._execute_task(context, task_orig)
             ^^^^^^^^^^^^^^^^^^^^^^^^^^^^^^^^^^^^^^
  File "/home/airflow/.local/lib/python3.12/site-packages/airflow/models/taskinstance.py", line 3185, in _execute_task
    return _execute_task(self, context, task_orig)
           ^^^^^^^^^^^^^^^^^^^^^^^^^^^^^^^^^^^^^^^
  File "/home/airflow/.local/lib/python3.12/site-packages/airflow/models/taskinstance.py", line 768, in _execute_task
    result = _execute_callable(context=context, **execute_callable_kwargs)
             ^^^^^^^^^^^^^^^^^^^^^^^^^^^^^^^^^^^^^^^^^^^^^^^^^^^^^^^^^^^^^
  File "/home/airflow/.local/lib/python3.12/site-packages/airflow/models/taskinstance.py", line 734, in _execute_callable
    return ExecutionCallableRunner(
           ^^^^^^^^^^^^^^^^^^^^^^^^
  File "/home/airflow/.local/lib/python3.12/site-packages/airflow/utils/operator_helpers.py", line 252, in run
    return self.func(*args, **kwargs)
           ^^^^^^^^^^^^^^^^^^^^^^^^^^
  File "/home/airflow/.local/lib/python3.12/site-packages/airflow/models/baseoperator.py", line 424, in wrapper
    return func(self, *args, **kwargs)
           ^^^^^^^^^^^^^^^^^^^^^^^^^^^
  File "/home/airflow/.local/lib/python3.12/site-packages/airflow/operators/bash.py", line 276, in execute
    raise AirflowException(
airflow.exceptions.AirflowException: Bash command failed. The command returned a non-zero exit code 1.
[2026-06-18T19:26:09.881+0000] {local_task_job_runner.py:266} INFO - Task exited with return code 1
[2026-06-18T19:26:09.957+0000] {taskinstance.py:3901} INFO - 0 downstream tasks scheduled from follow-on schedule check
[2026-06-18T19:26:09.979+0000] {local_task_job_runner.py:245} INFO - ::endgroup::
