[2026-06-19T16:38:40.436+0000] {processor.py:186} INFO - Started process (PID=59) to work on /opt/airflow/dags/nyc_taxi_pipeline.py
[2026-06-19T16:38:40.442+0000] {processor.py:914} INFO - Processing file /opt/airflow/dags/nyc_taxi_pipeline.py for tasks to queue
[2026-06-19T16:38:40.453+0000] {logging_mixin.py:190} INFO - [2026-06-19T16:38:40.452+0000] {dagbag.py:588} INFO - Filling up the DagBag from /opt/airflow/dags/nyc_taxi_pipeline.py
[2026-06-19T16:38:40.548+0000] {processor.py:925} INFO - DAG(s) 'nyc_taxi_pipeline' retrieved from /opt/airflow/dags/nyc_taxi_pipeline.py
[2026-06-19T16:38:40.629+0000] {logging_mixin.py:190} INFO - [2026-06-19T16:38:40.629+0000] {dag.py:3239} INFO - Sync 1 DAGs
[2026-06-19T16:38:40.675+0000] {logging_mixin.py:190} INFO - [2026-06-19T16:38:40.675+0000] {dag.py:4180} INFO - Setting next_dagrun for nyc_taxi_pipeline to None, run_after=None
[2026-06-19T16:38:40.728+0000] {processor.py:208} INFO - Processing /opt/airflow/dags/nyc_taxi_pipeline.py took 0.310 seconds
[2026-06-19T16:39:11.458+0000] {processor.py:186} INFO - Started process (PID=129) to work on /opt/airflow/dags/nyc_taxi_pipeline.py
[2026-06-19T16:39:11.461+0000] {processor.py:914} INFO - Processing file /opt/airflow/dags/nyc_taxi_pipeline.py for tasks to queue
[2026-06-19T16:39:11.467+0000] {logging_mixin.py:190} INFO - [2026-06-19T16:39:11.466+0000] {dagbag.py:588} INFO - Filling up the DagBag from /opt/airflow/dags/nyc_taxi_pipeline.py
[2026-06-19T16:39:11.490+0000] {processor.py:925} INFO - DAG(s) 'nyc_taxi_pipeline' retrieved from /opt/airflow/dags/nyc_taxi_pipeline.py
[2026-06-19T16:39:11.524+0000] {logging_mixin.py:190} INFO - [2026-06-19T16:39:11.523+0000] {dag.py:3239} INFO - Sync 1 DAGs
[2026-06-19T16:39:11.548+0000] {logging_mixin.py:190} INFO - [2026-06-19T16:39:11.547+0000] {dag.py:4180} INFO - Setting next_dagrun for nyc_taxi_pipeline to None, run_after=None
[2026-06-19T16:39:11.574+0000] {processor.py:208} INFO - Processing /opt/airflow/dags/nyc_taxi_pipeline.py took 0.132 seconds
[2026-06-19T16:39:42.131+0000] {processor.py:186} INFO - Started process (PID=193) to work on /opt/airflow/dags/nyc_taxi_pipeline.py
[2026-06-19T16:39:42.134+0000] {processor.py:914} INFO - Processing file /opt/airflow/dags/nyc_taxi_pipeline.py for tasks to queue
[2026-06-19T16:39:42.140+0000] {logging_mixin.py:190} INFO - [2026-06-19T16:39:42.139+0000] {dagbag.py:588} INFO - Filling up the DagBag from /opt/airflow/dags/nyc_taxi_pipeline.py
[2026-06-19T16:39:42.174+0000] {processor.py:925} INFO - DAG(s) 'nyc_taxi_pipeline' retrieved from /opt/airflow/dags/nyc_taxi_pipeline.py
[2026-06-19T16:39:42.212+0000] {logging_mixin.py:190} INFO - [2026-06-19T16:39:42.212+0000] {dag.py:3239} INFO - Sync 1 DAGs
[2026-06-19T16:39:42.251+0000] {logging_mixin.py:190} INFO - [2026-06-19T16:39:42.251+0000] {dag.py:4180} INFO - Setting next_dagrun for nyc_taxi_pipeline to None, run_after=None
[2026-06-19T16:39:42.297+0000] {processor.py:208} INFO - Processing /opt/airflow/dags/nyc_taxi_pipeline.py took 0.176 seconds
[2026-06-19T16:41:49.635+0000] {processor.py:186} INFO - Started process (PID=70) to work on /opt/airflow/dags/nyc_taxi_pipeline.py
[2026-06-19T16:41:49.657+0000] {processor.py:914} INFO - Processing file /opt/airflow/dags/nyc_taxi_pipeline.py for tasks to queue
[2026-06-19T16:41:49.694+0000] {logging_mixin.py:190} INFO - [2026-06-19T16:41:49.674+0000] {dagbag.py:588} INFO - Filling up the DagBag from /opt/airflow/dags/nyc_taxi_pipeline.py
[2026-06-19T16:41:49.916+0000] {processor.py:925} INFO - DAG(s) 'nyc_taxi_pipeline' retrieved from /opt/airflow/dags/nyc_taxi_pipeline.py
[2026-06-19T16:41:50.191+0000] {logging_mixin.py:190} INFO - [2026-06-19T16:41:50.190+0000] {dag.py:3239} INFO - Sync 1 DAGs
[2026-06-19T16:41:50.323+0000] {logging_mixin.py:190} INFO - [2026-06-19T16:41:50.320+0000] {dag.py:4180} INFO - Setting next_dagrun for nyc_taxi_pipeline to None, run_after=None
[2026-06-19T16:41:50.431+0000] {processor.py:208} INFO - Processing /opt/airflow/dags/nyc_taxi_pipeline.py took 0.864 seconds
[2026-06-19T16:42:25.919+0000] {processor.py:186} INFO - Started process (PID=141) to work on /opt/airflow/dags/nyc_taxi_pipeline.py
[2026-06-19T16:42:25.931+0000] {processor.py:914} INFO - Processing file /opt/airflow/dags/nyc_taxi_pipeline.py for tasks to queue
[2026-06-19T16:42:25.981+0000] {logging_mixin.py:190} INFO - [2026-06-19T16:42:25.980+0000] {dagbag.py:588} INFO - Filling up the DagBag from /opt/airflow/dags/nyc_taxi_pipeline.py
[2026-06-19T16:42:26.069+0000] {processor.py:925} INFO - DAG(s) 'nyc_taxi_pipeline' retrieved from /opt/airflow/dags/nyc_taxi_pipeline.py
[2026-06-19T16:42:26.223+0000] {logging_mixin.py:190} INFO - [2026-06-19T16:42:26.217+0000] {dag.py:3239} INFO - Sync 1 DAGs
[2026-06-19T16:42:26.317+0000] {logging_mixin.py:190} INFO - [2026-06-19T16:42:26.316+0000] {dag.py:4180} INFO - Setting next_dagrun for nyc_taxi_pipeline to None, run_after=None
[2026-06-19T16:42:26.501+0000] {processor.py:208} INFO - Processing /opt/airflow/dags/nyc_taxi_pipeline.py took 0.632 seconds
[2026-06-19T16:43:05.440+0000] {processor.py:186} INFO - Started process (PID=186) to work on /opt/airflow/dags/nyc_taxi_pipeline.py
[2026-06-19T16:43:05.460+0000] {processor.py:914} INFO - Processing file /opt/airflow/dags/nyc_taxi_pipeline.py for tasks to queue
[2026-06-19T16:43:05.492+0000] {logging_mixin.py:190} INFO - [2026-06-19T16:43:05.491+0000] {dagbag.py:588} INFO - Filling up the DagBag from /opt/airflow/dags/nyc_taxi_pipeline.py
[2026-06-19T16:43:05.697+0000] {processor.py:925} INFO - DAG(s) 'nyc_taxi_pipeline' retrieved from /opt/airflow/dags/nyc_taxi_pipeline.py
[2026-06-19T16:43:05.884+0000] {logging_mixin.py:190} INFO - [2026-06-19T16:43:05.883+0000] {dag.py:3239} INFO - Sync 1 DAGs
[2026-06-19T16:43:05.990+0000] {logging_mixin.py:190} INFO - [2026-06-19T16:43:05.978+0000] {dag.py:4180} INFO - Setting next_dagrun for nyc_taxi_pipeline to None, run_after=None
[2026-06-19T16:43:06.148+0000] {processor.py:208} INFO - Processing /opt/airflow/dags/nyc_taxi_pipeline.py took 0.760 seconds
[2026-06-19T16:43:41.627+0000] {processor.py:186} INFO - Started process (PID=241) to work on /opt/airflow/dags/nyc_taxi_pipeline.py
[2026-06-19T16:43:41.632+0000] {processor.py:914} INFO - Processing file /opt/airflow/dags/nyc_taxi_pipeline.py for tasks to queue
[2026-06-19T16:43:41.645+0000] {logging_mixin.py:190} INFO - [2026-06-19T16:43:41.644+0000] {dagbag.py:588} INFO - Filling up the DagBag from /opt/airflow/dags/nyc_taxi_pipeline.py
[2026-06-19T16:43:41.736+0000] {processor.py:925} INFO - DAG(s) 'nyc_taxi_pipeline' retrieved from /opt/airflow/dags/nyc_taxi_pipeline.py
[2026-06-19T16:43:41.833+0000] {logging_mixin.py:190} INFO - [2026-06-19T16:43:41.832+0000] {dag.py:3239} INFO - Sync 1 DAGs
[2026-06-19T16:43:41.889+0000] {logging_mixin.py:190} INFO - [2026-06-19T16:43:41.887+0000] {dag.py:4180} INFO - Setting next_dagrun for nyc_taxi_pipeline to None, run_after=None
[2026-06-19T16:43:41.973+0000] {processor.py:208} INFO - Processing /opt/airflow/dags/nyc_taxi_pipeline.py took 0.365 seconds
[2026-06-19T16:44:17.978+0000] {processor.py:186} INFO - Started process (PID=299) to work on /opt/airflow/dags/nyc_taxi_pipeline.py
[2026-06-19T16:44:18.003+0000] {processor.py:914} INFO - Processing file /opt/airflow/dags/nyc_taxi_pipeline.py for tasks to queue
[2026-06-19T16:44:18.054+0000] {logging_mixin.py:190} INFO - [2026-06-19T16:44:18.052+0000] {dagbag.py:588} INFO - Filling up the DagBag from /opt/airflow/dags/nyc_taxi_pipeline.py
[2026-06-19T16:44:18.444+0000] {processor.py:925} INFO - DAG(s) 'nyc_taxi_pipeline' retrieved from /opt/airflow/dags/nyc_taxi_pipeline.py
[2026-06-19T16:44:18.635+0000] {logging_mixin.py:190} INFO - [2026-06-19T16:44:18.634+0000] {dag.py:3239} INFO - Sync 1 DAGs
[2026-06-19T16:44:18.811+0000] {logging_mixin.py:190} INFO - [2026-06-19T16:44:18.810+0000] {dag.py:4180} INFO - Setting next_dagrun for nyc_taxi_pipeline to None, run_after=None
[2026-06-19T16:44:19.001+0000] {processor.py:208} INFO - Processing /opt/airflow/dags/nyc_taxi_pipeline.py took 1.124 seconds
[2026-06-19T16:44:49.679+0000] {processor.py:186} INFO - Started process (PID=362) to work on /opt/airflow/dags/nyc_taxi_pipeline.py
[2026-06-19T16:44:49.684+0000] {processor.py:914} INFO - Processing file /opt/airflow/dags/nyc_taxi_pipeline.py for tasks to queue
[2026-06-19T16:44:49.693+0000] {logging_mixin.py:190} INFO - [2026-06-19T16:44:49.692+0000] {dagbag.py:588} INFO - Filling up the DagBag from /opt/airflow/dags/nyc_taxi_pipeline.py
[2026-06-19T16:44:49.755+0000] {processor.py:925} INFO - DAG(s) 'nyc_taxi_pipeline' retrieved from /opt/airflow/dags/nyc_taxi_pipeline.py
[2026-06-19T16:44:49.822+0000] {logging_mixin.py:190} INFO - [2026-06-19T16:44:49.822+0000] {dag.py:3239} INFO - Sync 1 DAGs
[2026-06-19T16:44:49.874+0000] {logging_mixin.py:190} INFO - [2026-06-19T16:44:49.874+0000] {dag.py:4180} INFO - Setting next_dagrun for nyc_taxi_pipeline to None, run_after=None
[2026-06-19T16:44:49.935+0000] {processor.py:208} INFO - Processing /opt/airflow/dags/nyc_taxi_pipeline.py took 0.282 seconds
[2026-06-19T16:45:20.443+0000] {processor.py:186} INFO - Started process (PID=426) to work on /opt/airflow/dags/nyc_taxi_pipeline.py
[2026-06-19T16:45:20.448+0000] {processor.py:914} INFO - Processing file /opt/airflow/dags/nyc_taxi_pipeline.py for tasks to queue
[2026-06-19T16:45:20.458+0000] {logging_mixin.py:190} INFO - [2026-06-19T16:45:20.457+0000] {dagbag.py:588} INFO - Filling up the DagBag from /opt/airflow/dags/nyc_taxi_pipeline.py
[2026-06-19T16:45:20.504+0000] {processor.py:925} INFO - DAG(s) 'nyc_taxi_pipeline' retrieved from /opt/airflow/dags/nyc_taxi_pipeline.py
[2026-06-19T16:45:20.555+0000] {logging_mixin.py:190} INFO - [2026-06-19T16:45:20.554+0000] {dag.py:3239} INFO - Sync 1 DAGs
[2026-06-19T16:45:20.592+0000] {logging_mixin.py:190} INFO - [2026-06-19T16:45:20.591+0000] {dag.py:4180} INFO - Setting next_dagrun for nyc_taxi_pipeline to None, run_after=None
[2026-06-19T16:45:20.639+0000] {processor.py:208} INFO - Processing /opt/airflow/dags/nyc_taxi_pipeline.py took 0.216 seconds
[2026-06-19T16:45:51.346+0000] {processor.py:186} INFO - Started process (PID=490) to work on /opt/airflow/dags/nyc_taxi_pipeline.py
[2026-06-19T16:45:51.351+0000] {processor.py:914} INFO - Processing file /opt/airflow/dags/nyc_taxi_pipeline.py for tasks to queue
[2026-06-19T16:45:51.360+0000] {logging_mixin.py:190} INFO - [2026-06-19T16:45:51.359+0000] {dagbag.py:588} INFO - Filling up the DagBag from /opt/airflow/dags/nyc_taxi_pipeline.py
[2026-06-19T16:45:51.417+0000] {processor.py:925} INFO - DAG(s) 'nyc_taxi_pipeline' retrieved from /opt/airflow/dags/nyc_taxi_pipeline.py
[2026-06-19T16:45:51.467+0000] {logging_mixin.py:190} INFO - [2026-06-19T16:45:51.467+0000] {dag.py:3239} INFO - Sync 1 DAGs
[2026-06-19T16:45:51.505+0000] {logging_mixin.py:190} INFO - [2026-06-19T16:45:51.505+0000] {dag.py:4180} INFO - Setting next_dagrun for nyc_taxi_pipeline to None, run_after=None
[2026-06-19T16:45:51.548+0000] {processor.py:208} INFO - Processing /opt/airflow/dags/nyc_taxi_pipeline.py took 0.219 seconds
[2026-06-19T16:46:21.747+0000] {processor.py:186} INFO - Started process (PID=553) to work on /opt/airflow/dags/nyc_taxi_pipeline.py
[2026-06-19T16:46:21.750+0000] {processor.py:914} INFO - Processing file /opt/airflow/dags/nyc_taxi_pipeline.py for tasks to queue
[2026-06-19T16:46:21.757+0000] {logging_mixin.py:190} INFO - [2026-06-19T16:46:21.756+0000] {dagbag.py:588} INFO - Filling up the DagBag from /opt/airflow/dags/nyc_taxi_pipeline.py
[2026-06-19T16:46:21.790+0000] {processor.py:925} INFO - DAG(s) 'nyc_taxi_pipeline' retrieved from /opt/airflow/dags/nyc_taxi_pipeline.py
[2026-06-19T16:46:21.830+0000] {logging_mixin.py:190} INFO - [2026-06-19T16:46:21.830+0000] {dag.py:3239} INFO - Sync 1 DAGs
[2026-06-19T16:46:21.855+0000] {logging_mixin.py:190} INFO - [2026-06-19T16:46:21.855+0000] {dag.py:4180} INFO - Setting next_dagrun for nyc_taxi_pipeline to None, run_after=None
[2026-06-19T16:46:21.890+0000] {processor.py:208} INFO - Processing /opt/airflow/dags/nyc_taxi_pipeline.py took 0.156 seconds
[2026-06-19T16:46:54.858+0000] {processor.py:186} INFO - Started process (PID=617) to work on /opt/airflow/dags/nyc_taxi_pipeline.py
[2026-06-19T16:46:54.864+0000] {processor.py:914} INFO - Processing file /opt/airflow/dags/nyc_taxi_pipeline.py for tasks to queue
[2026-06-19T16:46:54.893+0000] {logging_mixin.py:190} INFO - [2026-06-19T16:46:54.892+0000] {dagbag.py:588} INFO - Filling up the DagBag from /opt/airflow/dags/nyc_taxi_pipeline.py
[2026-06-19T16:46:54.977+0000] {processor.py:925} INFO - DAG(s) 'nyc_taxi_pipeline' retrieved from /opt/airflow/dags/nyc_taxi_pipeline.py
[2026-06-19T16:46:55.065+0000] {logging_mixin.py:190} INFO - [2026-06-19T16:46:55.064+0000] {dag.py:3239} INFO - Sync 1 DAGs
[2026-06-19T16:46:55.110+0000] {logging_mixin.py:190} INFO - [2026-06-19T16:46:55.109+0000] {dag.py:4180} INFO - Setting next_dagrun for nyc_taxi_pipeline to None, run_after=None
[2026-06-19T16:46:55.197+0000] {processor.py:208} INFO - Processing /opt/airflow/dags/nyc_taxi_pipeline.py took 0.381 seconds
[2026-06-19T16:47:25.794+0000] {processor.py:186} INFO - Started process (PID=680) to work on /opt/airflow/dags/nyc_taxi_pipeline.py
[2026-06-19T16:47:25.797+0000] {processor.py:914} INFO - Processing file /opt/airflow/dags/nyc_taxi_pipeline.py for tasks to queue
[2026-06-19T16:47:25.803+0000] {logging_mixin.py:190} INFO - [2026-06-19T16:47:25.802+0000] {dagbag.py:588} INFO - Filling up the DagBag from /opt/airflow/dags/nyc_taxi_pipeline.py
[2026-06-19T16:47:25.840+0000] {processor.py:925} INFO - DAG(s) 'nyc_taxi_pipeline' retrieved from /opt/airflow/dags/nyc_taxi_pipeline.py
[2026-06-19T16:47:25.889+0000] {logging_mixin.py:190} INFO - [2026-06-19T16:47:25.888+0000] {dag.py:3239} INFO - Sync 1 DAGs
[2026-06-19T16:47:25.927+0000] {logging_mixin.py:190} INFO - [2026-06-19T16:47:25.927+0000] {dag.py:4180} INFO - Setting next_dagrun for nyc_taxi_pipeline to None, run_after=None
[2026-06-19T16:47:25.980+0000] {processor.py:208} INFO - Processing /opt/airflow/dags/nyc_taxi_pipeline.py took 0.201 seconds
[2026-06-19T16:47:56.185+0000] {processor.py:186} INFO - Started process (PID=744) to work on /opt/airflow/dags/nyc_taxi_pipeline.py
[2026-06-19T16:47:56.189+0000] {processor.py:914} INFO - Processing file /opt/airflow/dags/nyc_taxi_pipeline.py for tasks to queue
[2026-06-19T16:47:56.196+0000] {logging_mixin.py:190} INFO - [2026-06-19T16:47:56.195+0000] {dagbag.py:588} INFO - Filling up the DagBag from /opt/airflow/dags/nyc_taxi_pipeline.py
[2026-06-19T16:47:56.232+0000] {processor.py:925} INFO - DAG(s) 'nyc_taxi_pipeline' retrieved from /opt/airflow/dags/nyc_taxi_pipeline.py
[2026-06-19T16:47:56.283+0000] {logging_mixin.py:190} INFO - [2026-06-19T16:47:56.283+0000] {dag.py:3239} INFO - Sync 1 DAGs
[2026-06-19T16:47:56.317+0000] {logging_mixin.py:190} INFO - [2026-06-19T16:47:56.316+0000] {dag.py:4180} INFO - Setting next_dagrun for nyc_taxi_pipeline to None, run_after=None
[2026-06-19T16:47:56.365+0000] {processor.py:208} INFO - Processing /opt/airflow/dags/nyc_taxi_pipeline.py took 0.194 seconds
[2026-06-19T16:48:26.694+0000] {processor.py:186} INFO - Started process (PID=807) to work on /opt/airflow/dags/nyc_taxi_pipeline.py
[2026-06-19T16:48:26.700+0000] {processor.py:914} INFO - Processing file /opt/airflow/dags/nyc_taxi_pipeline.py for tasks to queue
[2026-06-19T16:48:26.711+0000] {logging_mixin.py:190} INFO - [2026-06-19T16:48:26.709+0000] {dagbag.py:588} INFO - Filling up the DagBag from /opt/airflow/dags/nyc_taxi_pipeline.py
[2026-06-19T16:48:26.762+0000] {processor.py:925} INFO - DAG(s) 'nyc_taxi_pipeline' retrieved from /opt/airflow/dags/nyc_taxi_pipeline.py
[2026-06-19T16:48:26.851+0000] {logging_mixin.py:190} INFO - [2026-06-19T16:48:26.849+0000] {dag.py:3239} INFO - Sync 1 DAGs
[2026-06-19T16:48:26.924+0000] {logging_mixin.py:190} INFO - [2026-06-19T16:48:26.923+0000] {dag.py:4180} INFO - Setting next_dagrun for nyc_taxi_pipeline to None, run_after=None
[2026-06-19T16:48:27.001+0000] {processor.py:208} INFO - Processing /opt/airflow/dags/nyc_taxi_pipeline.py took 0.334 seconds
[2026-06-19T16:48:57.870+0000] {processor.py:186} INFO - Started process (PID=872) to work on /opt/airflow/dags/nyc_taxi_pipeline.py
[2026-06-19T16:48:57.875+0000] {processor.py:914} INFO - Processing file /opt/airflow/dags/nyc_taxi_pipeline.py for tasks to queue
[2026-06-19T16:48:57.893+0000] {logging_mixin.py:190} INFO - [2026-06-19T16:48:57.891+0000] {dagbag.py:588} INFO - Filling up the DagBag from /opt/airflow/dags/nyc_taxi_pipeline.py
[2026-06-19T16:48:58.009+0000] {processor.py:925} INFO - DAG(s) 'nyc_taxi_pipeline' retrieved from /opt/airflow/dags/nyc_taxi_pipeline.py
[2026-06-19T16:48:58.117+0000] {logging_mixin.py:190} INFO - [2026-06-19T16:48:58.116+0000] {dag.py:3239} INFO - Sync 1 DAGs
[2026-06-19T16:48:58.165+0000] {logging_mixin.py:190} INFO - [2026-06-19T16:48:58.164+0000] {dag.py:4180} INFO - Setting next_dagrun for nyc_taxi_pipeline to None, run_after=None
[2026-06-19T16:48:58.257+0000] {processor.py:208} INFO - Processing /opt/airflow/dags/nyc_taxi_pipeline.py took 0.434 seconds
[2026-06-19T16:49:28.824+0000] {processor.py:186} INFO - Started process (PID=937) to work on /opt/airflow/dags/nyc_taxi_pipeline.py
[2026-06-19T16:49:28.828+0000] {processor.py:914} INFO - Processing file /opt/airflow/dags/nyc_taxi_pipeline.py for tasks to queue
[2026-06-19T16:49:28.838+0000] {logging_mixin.py:190} INFO - [2026-06-19T16:49:28.837+0000] {dagbag.py:588} INFO - Filling up the DagBag from /opt/airflow/dags/nyc_taxi_pipeline.py
[2026-06-19T16:49:28.877+0000] {processor.py:925} INFO - DAG(s) 'nyc_taxi_pipeline' retrieved from /opt/airflow/dags/nyc_taxi_pipeline.py
[2026-06-19T16:49:28.921+0000] {logging_mixin.py:190} INFO - [2026-06-19T16:49:28.921+0000] {dag.py:3239} INFO - Sync 1 DAGs
[2026-06-19T16:49:28.963+0000] {logging_mixin.py:190} INFO - [2026-06-19T16:49:28.962+0000] {dag.py:4180} INFO - Setting next_dagrun for nyc_taxi_pipeline to None, run_after=None
[2026-06-19T16:49:29.021+0000] {processor.py:208} INFO - Processing /opt/airflow/dags/nyc_taxi_pipeline.py took 0.211 seconds
[2026-06-19T16:49:59.477+0000] {processor.py:186} INFO - Started process (PID=1000) to work on /opt/airflow/dags/nyc_taxi_pipeline.py
[2026-06-19T16:49:59.483+0000] {processor.py:914} INFO - Processing file /opt/airflow/dags/nyc_taxi_pipeline.py for tasks to queue
[2026-06-19T16:49:59.491+0000] {logging_mixin.py:190} INFO - [2026-06-19T16:49:59.491+0000] {dagbag.py:588} INFO - Filling up the DagBag from /opt/airflow/dags/nyc_taxi_pipeline.py
[2026-06-19T16:49:59.532+0000] {processor.py:925} INFO - DAG(s) 'nyc_taxi_pipeline' retrieved from /opt/airflow/dags/nyc_taxi_pipeline.py
[2026-06-19T16:49:59.581+0000] {logging_mixin.py:190} INFO - [2026-06-19T16:49:59.581+0000] {dag.py:3239} INFO - Sync 1 DAGs
[2026-06-19T16:49:59.617+0000] {logging_mixin.py:190} INFO - [2026-06-19T16:49:59.617+0000] {dag.py:4180} INFO - Setting next_dagrun for nyc_taxi_pipeline to None, run_after=None
[2026-06-19T16:49:59.666+0000] {processor.py:208} INFO - Processing /opt/airflow/dags/nyc_taxi_pipeline.py took 0.199 seconds
[2026-06-19T16:50:30.110+0000] {processor.py:186} INFO - Started process (PID=1063) to work on /opt/airflow/dags/nyc_taxi_pipeline.py
[2026-06-19T16:50:30.115+0000] {processor.py:914} INFO - Processing file /opt/airflow/dags/nyc_taxi_pipeline.py for tasks to queue
[2026-06-19T16:50:30.125+0000] {logging_mixin.py:190} INFO - [2026-06-19T16:50:30.124+0000] {dagbag.py:588} INFO - Filling up the DagBag from /opt/airflow/dags/nyc_taxi_pipeline.py
[2026-06-19T16:50:30.164+0000] {processor.py:925} INFO - DAG(s) 'nyc_taxi_pipeline' retrieved from /opt/airflow/dags/nyc_taxi_pipeline.py
[2026-06-19T16:50:30.380+0000] {logging_mixin.py:190} INFO - [2026-06-19T16:50:30.380+0000] {dag.py:3239} INFO - Sync 1 DAGs
[2026-06-19T16:50:30.427+0000] {logging_mixin.py:190} INFO - [2026-06-19T16:50:30.426+0000] {dag.py:4180} INFO - Setting next_dagrun for nyc_taxi_pipeline to None, run_after=None
[2026-06-19T16:50:30.480+0000] {processor.py:208} INFO - Processing /opt/airflow/dags/nyc_taxi_pipeline.py took 0.391 seconds
[2026-06-19T16:51:00.927+0000] {processor.py:186} INFO - Started process (PID=1133) to work on /opt/airflow/dags/nyc_taxi_pipeline.py
[2026-06-19T16:51:00.932+0000] {processor.py:914} INFO - Processing file /opt/airflow/dags/nyc_taxi_pipeline.py for tasks to queue
[2026-06-19T16:51:00.945+0000] {logging_mixin.py:190} INFO - [2026-06-19T16:51:00.944+0000] {dagbag.py:588} INFO - Filling up the DagBag from /opt/airflow/dags/nyc_taxi_pipeline.py
[2026-06-19T16:51:01.000+0000] {processor.py:925} INFO - DAG(s) 'nyc_taxi_pipeline' retrieved from /opt/airflow/dags/nyc_taxi_pipeline.py
[2026-06-19T16:51:01.051+0000] {logging_mixin.py:190} INFO - [2026-06-19T16:51:01.051+0000] {dag.py:3239} INFO - Sync 1 DAGs
[2026-06-19T16:51:01.088+0000] {logging_mixin.py:190} INFO - [2026-06-19T16:51:01.087+0000] {dag.py:4180} INFO - Setting next_dagrun for nyc_taxi_pipeline to None, run_after=None
[2026-06-19T16:51:01.137+0000] {processor.py:208} INFO - Processing /opt/airflow/dags/nyc_taxi_pipeline.py took 0.227 seconds
[2026-06-19T16:51:33.352+0000] {processor.py:186} INFO - Started process (PID=1197) to work on /opt/airflow/dags/nyc_taxi_pipeline.py
[2026-06-19T16:51:33.361+0000] {processor.py:914} INFO - Processing file /opt/airflow/dags/nyc_taxi_pipeline.py for tasks to queue
[2026-06-19T16:51:33.380+0000] {logging_mixin.py:190} INFO - [2026-06-19T16:51:33.378+0000] {dagbag.py:588} INFO - Filling up the DagBag from /opt/airflow/dags/nyc_taxi_pipeline.py
[2026-06-19T16:51:33.462+0000] {processor.py:925} INFO - DAG(s) 'nyc_taxi_pipeline' retrieved from /opt/airflow/dags/nyc_taxi_pipeline.py
[2026-06-19T16:51:33.555+0000] {logging_mixin.py:190} INFO - [2026-06-19T16:51:33.554+0000] {dag.py:3239} INFO - Sync 1 DAGs
[2026-06-19T16:51:33.633+0000] {logging_mixin.py:190} INFO - [2026-06-19T16:51:33.633+0000] {dag.py:4180} INFO - Setting next_dagrun for nyc_taxi_pipeline to None, run_after=None
[2026-06-19T16:51:33.745+0000] {processor.py:208} INFO - Processing /opt/airflow/dags/nyc_taxi_pipeline.py took 0.432 seconds
[2026-06-19T16:52:04.003+0000] {processor.py:186} INFO - Started process (PID=1261) to work on /opt/airflow/dags/nyc_taxi_pipeline.py
[2026-06-19T16:52:04.008+0000] {processor.py:914} INFO - Processing file /opt/airflow/dags/nyc_taxi_pipeline.py for tasks to queue
[2026-06-19T16:52:04.020+0000] {logging_mixin.py:190} INFO - [2026-06-19T16:52:04.019+0000] {dagbag.py:588} INFO - Filling up the DagBag from /opt/airflow/dags/nyc_taxi_pipeline.py
[2026-06-19T16:52:04.076+0000] {processor.py:925} INFO - DAG(s) 'nyc_taxi_pipeline' retrieved from /opt/airflow/dags/nyc_taxi_pipeline.py
[2026-06-19T16:52:04.136+0000] {logging_mixin.py:190} INFO - [2026-06-19T16:52:04.135+0000] {dag.py:3239} INFO - Sync 1 DAGs
[2026-06-19T16:52:04.182+0000] {logging_mixin.py:190} INFO - [2026-06-19T16:52:04.181+0000] {dag.py:4180} INFO - Setting next_dagrun for nyc_taxi_pipeline to None, run_after=None
[2026-06-19T16:52:04.237+0000] {processor.py:208} INFO - Processing /opt/airflow/dags/nyc_taxi_pipeline.py took 0.261 seconds
[2026-06-19T16:52:36.032+0000] {processor.py:186} INFO - Started process (PID=1322) to work on /opt/airflow/dags/nyc_taxi_pipeline.py
[2026-06-19T16:52:36.056+0000] {processor.py:914} INFO - Processing file /opt/airflow/dags/nyc_taxi_pipeline.py for tasks to queue
[2026-06-19T16:52:36.069+0000] {logging_mixin.py:190} INFO - [2026-06-19T16:52:36.068+0000] {dagbag.py:588} INFO - Filling up the DagBag from /opt/airflow/dags/nyc_taxi_pipeline.py
[2026-06-19T16:52:36.124+0000] {processor.py:925} INFO - DAG(s) 'nyc_taxi_pipeline' retrieved from /opt/airflow/dags/nyc_taxi_pipeline.py
[2026-06-19T16:52:36.184+0000] {logging_mixin.py:190} INFO - [2026-06-19T16:52:36.183+0000] {dag.py:3239} INFO - Sync 1 DAGs
[2026-06-19T16:52:36.231+0000] {logging_mixin.py:190} INFO - [2026-06-19T16:52:36.230+0000] {dag.py:4180} INFO - Setting next_dagrun for nyc_taxi_pipeline to None, run_after=None
[2026-06-19T16:52:36.288+0000] {processor.py:208} INFO - Processing /opt/airflow/dags/nyc_taxi_pipeline.py took 0.289 seconds
[2026-06-19T16:53:06.957+0000] {processor.py:186} INFO - Started process (PID=1386) to work on /opt/airflow/dags/nyc_taxi_pipeline.py
[2026-06-19T16:53:06.967+0000] {processor.py:914} INFO - Processing file /opt/airflow/dags/nyc_taxi_pipeline.py for tasks to queue
[2026-06-19T16:53:06.989+0000] {logging_mixin.py:190} INFO - [2026-06-19T16:53:06.986+0000] {dagbag.py:588} INFO - Filling up the DagBag from /opt/airflow/dags/nyc_taxi_pipeline.py
[2026-06-19T16:53:07.277+0000] {processor.py:925} INFO - DAG(s) 'nyc_taxi_pipeline' retrieved from /opt/airflow/dags/nyc_taxi_pipeline.py
[2026-06-19T16:53:07.376+0000] {logging_mixin.py:190} INFO - [2026-06-19T16:53:07.375+0000] {dag.py:3239} INFO - Sync 1 DAGs
[2026-06-19T16:53:07.460+0000] {logging_mixin.py:190} INFO - [2026-06-19T16:53:07.459+0000] {dag.py:4180} INFO - Setting next_dagrun for nyc_taxi_pipeline to None, run_after=None
[2026-06-19T16:53:07.535+0000] {processor.py:208} INFO - Processing /opt/airflow/dags/nyc_taxi_pipeline.py took 0.593 seconds
[2026-06-19T16:53:38.314+0000] {processor.py:186} INFO - Started process (PID=1449) to work on /opt/airflow/dags/nyc_taxi_pipeline.py
[2026-06-19T16:53:38.319+0000] {processor.py:914} INFO - Processing file /opt/airflow/dags/nyc_taxi_pipeline.py for tasks to queue
[2026-06-19T16:53:38.345+0000] {logging_mixin.py:190} INFO - [2026-06-19T16:53:38.341+0000] {dagbag.py:588} INFO - Filling up the DagBag from /opt/airflow/dags/nyc_taxi_pipeline.py
[2026-06-19T16:53:38.428+0000] {processor.py:925} INFO - DAG(s) 'nyc_taxi_pipeline' retrieved from /opt/airflow/dags/nyc_taxi_pipeline.py
[2026-06-19T16:53:38.490+0000] {logging_mixin.py:190} INFO - [2026-06-19T16:53:38.489+0000] {dag.py:3239} INFO - Sync 1 DAGs
[2026-06-19T16:53:38.537+0000] {logging_mixin.py:190} INFO - [2026-06-19T16:53:38.537+0000] {dag.py:4180} INFO - Setting next_dagrun for nyc_taxi_pipeline to None, run_after=None
[2026-06-19T16:53:38.591+0000] {processor.py:208} INFO - Processing /opt/airflow/dags/nyc_taxi_pipeline.py took 0.326 seconds
[2026-06-19T16:54:09.085+0000] {processor.py:186} INFO - Started process (PID=1511) to work on /opt/airflow/dags/nyc_taxi_pipeline.py
[2026-06-19T16:54:09.090+0000] {processor.py:914} INFO - Processing file /opt/airflow/dags/nyc_taxi_pipeline.py for tasks to queue
[2026-06-19T16:54:09.099+0000] {logging_mixin.py:190} INFO - [2026-06-19T16:54:09.098+0000] {dagbag.py:588} INFO - Filling up the DagBag from /opt/airflow/dags/nyc_taxi_pipeline.py
[2026-06-19T16:54:09.154+0000] {processor.py:925} INFO - DAG(s) 'nyc_taxi_pipeline' retrieved from /opt/airflow/dags/nyc_taxi_pipeline.py
[2026-06-19T16:54:09.230+0000] {logging_mixin.py:190} INFO - [2026-06-19T16:54:09.229+0000] {dag.py:3239} INFO - Sync 1 DAGs
[2026-06-19T16:54:09.291+0000] {logging_mixin.py:190} INFO - [2026-06-19T16:54:09.290+0000] {dag.py:4180} INFO - Setting next_dagrun for nyc_taxi_pipeline to None, run_after=None
[2026-06-19T16:54:09.343+0000] {processor.py:208} INFO - Processing /opt/airflow/dags/nyc_taxi_pipeline.py took 0.274 seconds
[2026-06-19T16:54:39.980+0000] {processor.py:186} INFO - Started process (PID=1575) to work on /opt/airflow/dags/nyc_taxi_pipeline.py
[2026-06-19T16:54:39.988+0000] {processor.py:914} INFO - Processing file /opt/airflow/dags/nyc_taxi_pipeline.py for tasks to queue
[2026-06-19T16:54:39.999+0000] {logging_mixin.py:190} INFO - [2026-06-19T16:54:39.998+0000] {dagbag.py:588} INFO - Filling up the DagBag from /opt/airflow/dags/nyc_taxi_pipeline.py
[2026-06-19T16:54:40.054+0000] {processor.py:925} INFO - DAG(s) 'nyc_taxi_pipeline' retrieved from /opt/airflow/dags/nyc_taxi_pipeline.py
[2026-06-19T16:54:40.110+0000] {logging_mixin.py:190} INFO - [2026-06-19T16:54:40.110+0000] {dag.py:3239} INFO - Sync 1 DAGs
[2026-06-19T16:54:40.148+0000] {logging_mixin.py:190} INFO - [2026-06-19T16:54:40.147+0000] {dag.py:4180} INFO - Setting next_dagrun for nyc_taxi_pipeline to None, run_after=None
[2026-06-19T16:54:40.196+0000] {processor.py:208} INFO - Processing /opt/airflow/dags/nyc_taxi_pipeline.py took 0.237 seconds
[2026-06-19T16:55:13.222+0000] {processor.py:186} INFO - Started process (PID=1639) to work on /opt/airflow/dags/nyc_taxi_pipeline.py
[2026-06-19T16:55:13.231+0000] {processor.py:914} INFO - Processing file /opt/airflow/dags/nyc_taxi_pipeline.py for tasks to queue
[2026-06-19T16:55:13.248+0000] {logging_mixin.py:190} INFO - [2026-06-19T16:55:13.246+0000] {dagbag.py:588} INFO - Filling up the DagBag from /opt/airflow/dags/nyc_taxi_pipeline.py
[2026-06-19T16:55:13.338+0000] {processor.py:925} INFO - DAG(s) 'nyc_taxi_pipeline' retrieved from /opt/airflow/dags/nyc_taxi_pipeline.py
[2026-06-19T16:55:13.415+0000] {logging_mixin.py:190} INFO - [2026-06-19T16:55:13.415+0000] {dag.py:3239} INFO - Sync 1 DAGs
[2026-06-19T16:55:13.469+0000] {logging_mixin.py:190} INFO - [2026-06-19T16:55:13.468+0000] {dag.py:4180} INFO - Setting next_dagrun for nyc_taxi_pipeline to None, run_after=None
[2026-06-19T16:55:13.518+0000] {processor.py:208} INFO - Processing /opt/airflow/dags/nyc_taxi_pipeline.py took 0.337 seconds
[2026-06-19T16:55:44.221+0000] {processor.py:186} INFO - Started process (PID=1703) to work on /opt/airflow/dags/nyc_taxi_pipeline.py
[2026-06-19T16:55:44.223+0000] {processor.py:914} INFO - Processing file /opt/airflow/dags/nyc_taxi_pipeline.py for tasks to queue
[2026-06-19T16:55:44.229+0000] {logging_mixin.py:190} INFO - [2026-06-19T16:55:44.228+0000] {dagbag.py:588} INFO - Filling up the DagBag from /opt/airflow/dags/nyc_taxi_pipeline.py
[2026-06-19T16:55:44.259+0000] {processor.py:925} INFO - DAG(s) 'nyc_taxi_pipeline' retrieved from /opt/airflow/dags/nyc_taxi_pipeline.py
[2026-06-19T16:55:44.298+0000] {logging_mixin.py:190} INFO - [2026-06-19T16:55:44.297+0000] {dag.py:3239} INFO - Sync 1 DAGs
[2026-06-19T16:55:44.320+0000] {logging_mixin.py:190} INFO - [2026-06-19T16:55:44.320+0000] {dag.py:4180} INFO - Setting next_dagrun for nyc_taxi_pipeline to None, run_after=None
[2026-06-19T16:55:44.352+0000] {processor.py:208} INFO - Processing /opt/airflow/dags/nyc_taxi_pipeline.py took 0.139 seconds
[2026-06-19T16:56:14.441+0000] {processor.py:186} INFO - Started process (PID=1766) to work on /opt/airflow/dags/nyc_taxi_pipeline.py
[2026-06-19T16:56:14.444+0000] {processor.py:914} INFO - Processing file /opt/airflow/dags/nyc_taxi_pipeline.py for tasks to queue
[2026-06-19T16:56:14.450+0000] {logging_mixin.py:190} INFO - [2026-06-19T16:56:14.450+0000] {dagbag.py:588} INFO - Filling up the DagBag from /opt/airflow/dags/nyc_taxi_pipeline.py
[2026-06-19T16:56:14.481+0000] {processor.py:925} INFO - DAG(s) 'nyc_taxi_pipeline' retrieved from /opt/airflow/dags/nyc_taxi_pipeline.py
[2026-06-19T16:56:14.523+0000] {logging_mixin.py:190} INFO - [2026-06-19T16:56:14.522+0000] {dag.py:3239} INFO - Sync 1 DAGs
[2026-06-19T16:56:14.551+0000] {logging_mixin.py:190} INFO - [2026-06-19T16:56:14.550+0000] {dag.py:4180} INFO - Setting next_dagrun for nyc_taxi_pipeline to None, run_after=None
[2026-06-19T16:56:14.587+0000] {processor.py:208} INFO - Processing /opt/airflow/dags/nyc_taxi_pipeline.py took 0.157 seconds
[2026-06-19T16:56:44.649+0000] {processor.py:186} INFO - Started process (PID=1830) to work on /opt/airflow/dags/nyc_taxi_pipeline.py
[2026-06-19T16:56:44.651+0000] {processor.py:914} INFO - Processing file /opt/airflow/dags/nyc_taxi_pipeline.py for tasks to queue
[2026-06-19T16:56:44.654+0000] {logging_mixin.py:190} INFO - [2026-06-19T16:56:44.654+0000] {dagbag.py:588} INFO - Filling up the DagBag from /opt/airflow/dags/nyc_taxi_pipeline.py
[2026-06-19T16:56:44.672+0000] {processor.py:925} INFO - DAG(s) 'nyc_taxi_pipeline' retrieved from /opt/airflow/dags/nyc_taxi_pipeline.py
[2026-06-19T16:56:44.693+0000] {logging_mixin.py:190} INFO - [2026-06-19T16:56:44.693+0000] {dag.py:3239} INFO - Sync 1 DAGs
[2026-06-19T16:56:44.707+0000] {logging_mixin.py:190} INFO - [2026-06-19T16:56:44.707+0000] {dag.py:4180} INFO - Setting next_dagrun for nyc_taxi_pipeline to None, run_after=None
[2026-06-19T16:56:44.728+0000] {processor.py:208} INFO - Processing /opt/airflow/dags/nyc_taxi_pipeline.py took 0.085 seconds
[2026-06-19T16:57:15.106+0000] {processor.py:186} INFO - Started process (PID=1894) to work on /opt/airflow/dags/nyc_taxi_pipeline.py
[2026-06-19T16:57:15.112+0000] {processor.py:914} INFO - Processing file /opt/airflow/dags/nyc_taxi_pipeline.py for tasks to queue
[2026-06-19T16:57:15.124+0000] {logging_mixin.py:190} INFO - [2026-06-19T16:57:15.123+0000] {dagbag.py:588} INFO - Filling up the DagBag from /opt/airflow/dags/nyc_taxi_pipeline.py
[2026-06-19T16:57:15.189+0000] {processor.py:925} INFO - DAG(s) 'nyc_taxi_pipeline' retrieved from /opt/airflow/dags/nyc_taxi_pipeline.py
[2026-06-19T16:57:15.300+0000] {logging_mixin.py:190} INFO - [2026-06-19T16:57:15.299+0000] {dag.py:3239} INFO - Sync 1 DAGs
[2026-06-19T16:57:15.405+0000] {logging_mixin.py:190} INFO - [2026-06-19T16:57:15.404+0000] {dag.py:4180} INFO - Setting next_dagrun for nyc_taxi_pipeline to None, run_after=None
[2026-06-19T16:57:15.479+0000] {processor.py:208} INFO - Processing /opt/airflow/dags/nyc_taxi_pipeline.py took 0.418 seconds
[2026-06-19T16:57:46.176+0000] {processor.py:186} INFO - Started process (PID=1958) to work on /opt/airflow/dags/nyc_taxi_pipeline.py
[2026-06-19T16:57:46.177+0000] {processor.py:914} INFO - Processing file /opt/airflow/dags/nyc_taxi_pipeline.py for tasks to queue
[2026-06-19T16:57:46.180+0000] {logging_mixin.py:190} INFO - [2026-06-19T16:57:46.180+0000] {dagbag.py:588} INFO - Filling up the DagBag from /opt/airflow/dags/nyc_taxi_pipeline.py
[2026-06-19T16:57:46.199+0000] {processor.py:925} INFO - DAG(s) 'nyc_taxi_pipeline' retrieved from /opt/airflow/dags/nyc_taxi_pipeline.py
[2026-06-19T16:57:46.224+0000] {logging_mixin.py:190} INFO - [2026-06-19T16:57:46.223+0000] {dag.py:3239} INFO - Sync 1 DAGs
[2026-06-19T16:57:46.242+0000] {logging_mixin.py:190} INFO - [2026-06-19T16:57:46.242+0000] {dag.py:4180} INFO - Setting next_dagrun for nyc_taxi_pipeline to None, run_after=None
[2026-06-19T16:57:46.264+0000] {processor.py:208} INFO - Processing /opt/airflow/dags/nyc_taxi_pipeline.py took 0.095 seconds
[2026-06-19T16:58:16.428+0000] {processor.py:186} INFO - Started process (PID=2023) to work on /opt/airflow/dags/nyc_taxi_pipeline.py
[2026-06-19T16:58:16.432+0000] {processor.py:914} INFO - Processing file /opt/airflow/dags/nyc_taxi_pipeline.py for tasks to queue
[2026-06-19T16:58:16.440+0000] {logging_mixin.py:190} INFO - [2026-06-19T16:58:16.439+0000] {dagbag.py:588} INFO - Filling up the DagBag from /opt/airflow/dags/nyc_taxi_pipeline.py
[2026-06-19T16:58:16.490+0000] {processor.py:925} INFO - DAG(s) 'nyc_taxi_pipeline' retrieved from /opt/airflow/dags/nyc_taxi_pipeline.py
[2026-06-19T16:58:16.555+0000] {logging_mixin.py:190} INFO - [2026-06-19T16:58:16.555+0000] {dag.py:3239} INFO - Sync 1 DAGs
[2026-06-19T16:58:16.610+0000] {logging_mixin.py:190} INFO - [2026-06-19T16:58:16.610+0000] {dag.py:4180} INFO - Setting next_dagrun for nyc_taxi_pipeline to None, run_after=None
[2026-06-19T16:58:16.675+0000] {processor.py:208} INFO - Processing /opt/airflow/dags/nyc_taxi_pipeline.py took 0.262 seconds
[2026-06-19T16:58:46.810+0000] {processor.py:186} INFO - Started process (PID=2083) to work on /opt/airflow/dags/nyc_taxi_pipeline.py
[2026-06-19T16:58:46.814+0000] {processor.py:914} INFO - Processing file /opt/airflow/dags/nyc_taxi_pipeline.py for tasks to queue
[2026-06-19T16:58:46.822+0000] {logging_mixin.py:190} INFO - [2026-06-19T16:58:46.821+0000] {dagbag.py:588} INFO - Filling up the DagBag from /opt/airflow/dags/nyc_taxi_pipeline.py
[2026-06-19T16:58:46.863+0000] {processor.py:925} INFO - DAG(s) 'nyc_taxi_pipeline' retrieved from /opt/airflow/dags/nyc_taxi_pipeline.py
[2026-06-19T16:58:46.903+0000] {logging_mixin.py:190} INFO - [2026-06-19T16:58:46.903+0000] {dag.py:3239} INFO - Sync 1 DAGs
[2026-06-19T16:58:46.929+0000] {logging_mixin.py:190} INFO - [2026-06-19T16:58:46.929+0000] {dag.py:4180} INFO - Setting next_dagrun for nyc_taxi_pipeline to None, run_after=None
[2026-06-19T16:58:46.989+0000] {processor.py:208} INFO - Processing /opt/airflow/dags/nyc_taxi_pipeline.py took 0.193 seconds
[2026-06-19T16:59:17.600+0000] {processor.py:186} INFO - Started process (PID=2147) to work on /opt/airflow/dags/nyc_taxi_pipeline.py
[2026-06-19T16:59:17.601+0000] {processor.py:914} INFO - Processing file /opt/airflow/dags/nyc_taxi_pipeline.py for tasks to queue
[2026-06-19T16:59:17.604+0000] {logging_mixin.py:190} INFO - [2026-06-19T16:59:17.603+0000] {dagbag.py:588} INFO - Filling up the DagBag from /opt/airflow/dags/nyc_taxi_pipeline.py
[2026-06-19T16:59:17.620+0000] {processor.py:925} INFO - DAG(s) 'nyc_taxi_pipeline' retrieved from /opt/airflow/dags/nyc_taxi_pipeline.py
[2026-06-19T16:59:17.639+0000] {logging_mixin.py:190} INFO - [2026-06-19T16:59:17.639+0000] {dag.py:3239} INFO - Sync 1 DAGs
[2026-06-19T16:59:17.654+0000] {logging_mixin.py:190} INFO - [2026-06-19T16:59:17.654+0000] {dag.py:4180} INFO - Setting next_dagrun for nyc_taxi_pipeline to None, run_after=None
[2026-06-19T16:59:17.674+0000] {processor.py:208} INFO - Processing /opt/airflow/dags/nyc_taxi_pipeline.py took 0.080 seconds
[2026-06-19T16:59:47.977+0000] {processor.py:186} INFO - Started process (PID=2211) to work on /opt/airflow/dags/nyc_taxi_pipeline.py
[2026-06-19T16:59:47.980+0000] {processor.py:914} INFO - Processing file /opt/airflow/dags/nyc_taxi_pipeline.py for tasks to queue
[2026-06-19T16:59:47.987+0000] {logging_mixin.py:190} INFO - [2026-06-19T16:59:47.986+0000] {dagbag.py:588} INFO - Filling up the DagBag from /opt/airflow/dags/nyc_taxi_pipeline.py
[2026-06-19T16:59:48.024+0000] {processor.py:925} INFO - DAG(s) 'nyc_taxi_pipeline' retrieved from /opt/airflow/dags/nyc_taxi_pipeline.py
[2026-06-19T16:59:48.067+0000] {logging_mixin.py:190} INFO - [2026-06-19T16:59:48.067+0000] {dag.py:3239} INFO - Sync 1 DAGs
[2026-06-19T16:59:48.105+0000] {logging_mixin.py:190} INFO - [2026-06-19T16:59:48.105+0000] {dag.py:4180} INFO - Setting next_dagrun for nyc_taxi_pipeline to None, run_after=None
[2026-06-19T16:59:48.145+0000] {processor.py:208} INFO - Processing /opt/airflow/dags/nyc_taxi_pipeline.py took 0.178 seconds
[2026-06-19T17:00:18.960+0000] {processor.py:186} INFO - Started process (PID=2275) to work on /opt/airflow/dags/nyc_taxi_pipeline.py
[2026-06-19T17:00:18.963+0000] {processor.py:914} INFO - Processing file /opt/airflow/dags/nyc_taxi_pipeline.py for tasks to queue
[2026-06-19T17:00:18.968+0000] {logging_mixin.py:190} INFO - [2026-06-19T17:00:18.968+0000] {dagbag.py:588} INFO - Filling up the DagBag from /opt/airflow/dags/nyc_taxi_pipeline.py
[2026-06-19T17:00:19.032+0000] {processor.py:925} INFO - DAG(s) 'nyc_taxi_pipeline' retrieved from /opt/airflow/dags/nyc_taxi_pipeline.py
[2026-06-19T17:00:19.155+0000] {logging_mixin.py:190} INFO - [2026-06-19T17:00:19.153+0000] {dag.py:3239} INFO - Sync 1 DAGs
[2026-06-19T17:00:19.223+0000] {logging_mixin.py:190} INFO - [2026-06-19T17:00:19.223+0000] {dag.py:4180} INFO - Setting next_dagrun for nyc_taxi_pipeline to None, run_after=None
[2026-06-19T17:00:19.269+0000] {processor.py:208} INFO - Processing /opt/airflow/dags/nyc_taxi_pipeline.py took 0.322 seconds
[2026-06-19T17:00:49.636+0000] {processor.py:186} INFO - Started process (PID=2338) to work on /opt/airflow/dags/nyc_taxi_pipeline.py
[2026-06-19T17:00:49.638+0000] {processor.py:914} INFO - Processing file /opt/airflow/dags/nyc_taxi_pipeline.py for tasks to queue
[2026-06-19T17:00:49.642+0000] {logging_mixin.py:190} INFO - [2026-06-19T17:00:49.641+0000] {dagbag.py:588} INFO - Filling up the DagBag from /opt/airflow/dags/nyc_taxi_pipeline.py
[2026-06-19T17:00:49.664+0000] {processor.py:925} INFO - DAG(s) 'nyc_taxi_pipeline' retrieved from /opt/airflow/dags/nyc_taxi_pipeline.py
[2026-06-19T17:00:49.691+0000] {logging_mixin.py:190} INFO - [2026-06-19T17:00:49.690+0000] {dag.py:3239} INFO - Sync 1 DAGs
[2026-06-19T17:00:49.710+0000] {logging_mixin.py:190} INFO - [2026-06-19T17:00:49.709+0000] {dag.py:4180} INFO - Setting next_dagrun for nyc_taxi_pipeline to None, run_after=None
[2026-06-19T17:00:49.737+0000] {processor.py:208} INFO - Processing /opt/airflow/dags/nyc_taxi_pipeline.py took 0.107 seconds
[2026-06-19T17:01:20.113+0000] {processor.py:186} INFO - Started process (PID=2402) to work on /opt/airflow/dags/nyc_taxi_pipeline.py
[2026-06-19T17:01:20.114+0000] {processor.py:914} INFO - Processing file /opt/airflow/dags/nyc_taxi_pipeline.py for tasks to queue
[2026-06-19T17:01:20.118+0000] {logging_mixin.py:190} INFO - [2026-06-19T17:01:20.118+0000] {dagbag.py:588} INFO - Filling up the DagBag from /opt/airflow/dags/nyc_taxi_pipeline.py
[2026-06-19T17:01:20.139+0000] {processor.py:925} INFO - DAG(s) 'nyc_taxi_pipeline' retrieved from /opt/airflow/dags/nyc_taxi_pipeline.py
[2026-06-19T17:01:20.157+0000] {logging_mixin.py:190} INFO - [2026-06-19T17:01:20.157+0000] {dag.py:3239} INFO - Sync 1 DAGs
[2026-06-19T17:01:20.169+0000] {logging_mixin.py:190} INFO - [2026-06-19T17:01:20.169+0000] {dag.py:4180} INFO - Setting next_dagrun for nyc_taxi_pipeline to None, run_after=None
[2026-06-19T17:01:20.190+0000] {processor.py:208} INFO - Processing /opt/airflow/dags/nyc_taxi_pipeline.py took 0.084 seconds
[2026-06-19T17:01:50.688+0000] {processor.py:186} INFO - Started process (PID=2466) to work on /opt/airflow/dags/nyc_taxi_pipeline.py
[2026-06-19T17:01:50.691+0000] {processor.py:914} INFO - Processing file /opt/airflow/dags/nyc_taxi_pipeline.py for tasks to queue
[2026-06-19T17:01:50.695+0000] {logging_mixin.py:190} INFO - [2026-06-19T17:01:50.694+0000] {dagbag.py:588} INFO - Filling up the DagBag from /opt/airflow/dags/nyc_taxi_pipeline.py
[2026-06-19T17:01:50.712+0000] {processor.py:925} INFO - DAG(s) 'nyc_taxi_pipeline' retrieved from /opt/airflow/dags/nyc_taxi_pipeline.py
[2026-06-19T17:01:50.735+0000] {logging_mixin.py:190} INFO - [2026-06-19T17:01:50.735+0000] {dag.py:3239} INFO - Sync 1 DAGs
[2026-06-19T17:01:50.753+0000] {logging_mixin.py:190} INFO - [2026-06-19T17:01:50.753+0000] {dag.py:4180} INFO - Setting next_dagrun for nyc_taxi_pipeline to None, run_after=None
[2026-06-19T17:01:50.778+0000] {processor.py:208} INFO - Processing /opt/airflow/dags/nyc_taxi_pipeline.py took 0.096 seconds
[2026-06-19T17:02:20.913+0000] {processor.py:186} INFO - Started process (PID=2530) to work on /opt/airflow/dags/nyc_taxi_pipeline.py
[2026-06-19T17:02:20.915+0000] {processor.py:914} INFO - Processing file /opt/airflow/dags/nyc_taxi_pipeline.py for tasks to queue
[2026-06-19T17:02:20.918+0000] {logging_mixin.py:190} INFO - [2026-06-19T17:02:20.918+0000] {dagbag.py:588} INFO - Filling up the DagBag from /opt/airflow/dags/nyc_taxi_pipeline.py
[2026-06-19T17:02:20.936+0000] {processor.py:925} INFO - DAG(s) 'nyc_taxi_pipeline' retrieved from /opt/airflow/dags/nyc_taxi_pipeline.py
[2026-06-19T17:02:20.954+0000] {logging_mixin.py:190} INFO - [2026-06-19T17:02:20.954+0000] {dag.py:3239} INFO - Sync 1 DAGs
[2026-06-19T17:02:20.968+0000] {logging_mixin.py:190} INFO - [2026-06-19T17:02:20.968+0000] {dag.py:4180} INFO - Setting next_dagrun for nyc_taxi_pipeline to None, run_after=None
[2026-06-19T17:02:20.986+0000] {processor.py:208} INFO - Processing /opt/airflow/dags/nyc_taxi_pipeline.py took 0.078 seconds
[2026-06-19T17:04:22.368+0000] {processor.py:186} INFO - Started process (PID=70) to work on /opt/airflow/dags/nyc_taxi_pipeline.py
[2026-06-19T17:04:22.371+0000] {processor.py:914} INFO - Processing file /opt/airflow/dags/nyc_taxi_pipeline.py for tasks to queue
[2026-06-19T17:04:22.377+0000] {logging_mixin.py:190} INFO - [2026-06-19T17:04:22.377+0000] {dagbag.py:588} INFO - Filling up the DagBag from /opt/airflow/dags/nyc_taxi_pipeline.py
[2026-06-19T17:04:22.428+0000] {processor.py:925} INFO - DAG(s) 'nyc_taxi_pipeline' retrieved from /opt/airflow/dags/nyc_taxi_pipeline.py
[2026-06-19T17:04:22.534+0000] {logging_mixin.py:190} INFO - [2026-06-19T17:04:22.533+0000] {dag.py:3239} INFO - Sync 1 DAGs
[2026-06-19T17:04:22.572+0000] {logging_mixin.py:190} INFO - [2026-06-19T17:04:22.571+0000] {dag.py:4180} INFO - Setting next_dagrun for nyc_taxi_pipeline to None, run_after=None
[2026-06-19T17:04:22.614+0000] {processor.py:208} INFO - Processing /opt/airflow/dags/nyc_taxi_pipeline.py took 0.260 seconds
[2026-06-19T17:04:52.710+0000] {processor.py:186} INFO - Started process (PID=134) to work on /opt/airflow/dags/nyc_taxi_pipeline.py
[2026-06-19T17:04:52.713+0000] {processor.py:914} INFO - Processing file /opt/airflow/dags/nyc_taxi_pipeline.py for tasks to queue
[2026-06-19T17:04:52.720+0000] {logging_mixin.py:190} INFO - [2026-06-19T17:04:52.719+0000] {dagbag.py:588} INFO - Filling up the DagBag from /opt/airflow/dags/nyc_taxi_pipeline.py
[2026-06-19T17:04:52.754+0000] {processor.py:925} INFO - DAG(s) 'nyc_taxi_pipeline' retrieved from /opt/airflow/dags/nyc_taxi_pipeline.py
[2026-06-19T17:04:52.787+0000] {logging_mixin.py:190} INFO - [2026-06-19T17:04:52.787+0000] {dag.py:3239} INFO - Sync 1 DAGs
[2026-06-19T17:04:52.810+0000] {logging_mixin.py:190} INFO - [2026-06-19T17:04:52.810+0000] {dag.py:4180} INFO - Setting next_dagrun for nyc_taxi_pipeline to None, run_after=None
[2026-06-19T17:04:52.846+0000] {processor.py:208} INFO - Processing /opt/airflow/dags/nyc_taxi_pipeline.py took 0.150 seconds
[2026-06-19T17:05:23.480+0000] {processor.py:186} INFO - Started process (PID=198) to work on /opt/airflow/dags/nyc_taxi_pipeline.py
[2026-06-19T17:05:23.481+0000] {processor.py:914} INFO - Processing file /opt/airflow/dags/nyc_taxi_pipeline.py for tasks to queue
[2026-06-19T17:05:23.485+0000] {logging_mixin.py:190} INFO - [2026-06-19T17:05:23.484+0000] {dagbag.py:588} INFO - Filling up the DagBag from /opt/airflow/dags/nyc_taxi_pipeline.py
[2026-06-19T17:05:23.507+0000] {processor.py:925} INFO - DAG(s) 'nyc_taxi_pipeline' retrieved from /opt/airflow/dags/nyc_taxi_pipeline.py
[2026-06-19T17:05:23.527+0000] {logging_mixin.py:190} INFO - [2026-06-19T17:05:23.527+0000] {dag.py:3239} INFO - Sync 1 DAGs
[2026-06-19T17:05:23.544+0000] {logging_mixin.py:190} INFO - [2026-06-19T17:05:23.544+0000] {dag.py:4180} INFO - Setting next_dagrun for nyc_taxi_pipeline to None, run_after=None
[2026-06-19T17:05:23.562+0000] {processor.py:208} INFO - Processing /opt/airflow/dags/nyc_taxi_pipeline.py took 0.089 seconds
[2026-06-19T17:05:54.066+0000] {processor.py:186} INFO - Started process (PID=262) to work on /opt/airflow/dags/nyc_taxi_pipeline.py
[2026-06-19T17:05:54.070+0000] {processor.py:914} INFO - Processing file /opt/airflow/dags/nyc_taxi_pipeline.py for tasks to queue
[2026-06-19T17:05:54.081+0000] {logging_mixin.py:190} INFO - [2026-06-19T17:05:54.080+0000] {dagbag.py:588} INFO - Filling up the DagBag from /opt/airflow/dags/nyc_taxi_pipeline.py
[2026-06-19T17:05:54.133+0000] {processor.py:925} INFO - DAG(s) 'nyc_taxi_pipeline' retrieved from /opt/airflow/dags/nyc_taxi_pipeline.py
[2026-06-19T17:05:54.177+0000] {logging_mixin.py:190} INFO - [2026-06-19T17:05:54.177+0000] {dag.py:3239} INFO - Sync 1 DAGs
[2026-06-19T17:05:54.222+0000] {logging_mixin.py:190} INFO - [2026-06-19T17:05:54.221+0000] {dag.py:4180} INFO - Setting next_dagrun for nyc_taxi_pipeline to None, run_after=None
[2026-06-19T17:05:54.303+0000] {processor.py:208} INFO - Processing /opt/airflow/dags/nyc_taxi_pipeline.py took 0.262 seconds
[2026-06-19T17:07:56.730+0000] {processor.py:186} INFO - Started process (PID=70) to work on /opt/airflow/dags/nyc_taxi_pipeline.py
[2026-06-19T17:07:56.734+0000] {processor.py:914} INFO - Processing file /opt/airflow/dags/nyc_taxi_pipeline.py for tasks to queue
[2026-06-19T17:07:56.743+0000] {logging_mixin.py:190} INFO - [2026-06-19T17:07:56.742+0000] {dagbag.py:588} INFO - Filling up the DagBag from /opt/airflow/dags/nyc_taxi_pipeline.py
[2026-06-19T17:07:56.809+0000] {processor.py:925} INFO - DAG(s) 'nyc_taxi_pipeline' retrieved from /opt/airflow/dags/nyc_taxi_pipeline.py
[2026-06-19T17:07:56.927+0000] {logging_mixin.py:190} INFO - [2026-06-19T17:07:56.927+0000] {dag.py:3239} INFO - Sync 1 DAGs
[2026-06-19T17:07:56.980+0000] {logging_mixin.py:190} INFO - [2026-06-19T17:07:56.978+0000] {dag.py:4180} INFO - Setting next_dagrun for nyc_taxi_pipeline to None, run_after=None
[2026-06-19T17:07:57.031+0000] {processor.py:208} INFO - Processing /opt/airflow/dags/nyc_taxi_pipeline.py took 0.316 seconds
[2026-06-19T17:08:27.177+0000] {processor.py:186} INFO - Started process (PID=134) to work on /opt/airflow/dags/nyc_taxi_pipeline.py
[2026-06-19T17:08:27.180+0000] {processor.py:914} INFO - Processing file /opt/airflow/dags/nyc_taxi_pipeline.py for tasks to queue
[2026-06-19T17:08:27.186+0000] {logging_mixin.py:190} INFO - [2026-06-19T17:08:27.185+0000] {dagbag.py:588} INFO - Filling up the DagBag from /opt/airflow/dags/nyc_taxi_pipeline.py
[2026-06-19T17:08:27.224+0000] {processor.py:925} INFO - DAG(s) 'nyc_taxi_pipeline' retrieved from /opt/airflow/dags/nyc_taxi_pipeline.py
[2026-06-19T17:08:27.263+0000] {logging_mixin.py:190} INFO - [2026-06-19T17:08:27.262+0000] {dag.py:3239} INFO - Sync 1 DAGs
[2026-06-19T17:08:27.295+0000] {logging_mixin.py:190} INFO - [2026-06-19T17:08:27.295+0000] {dag.py:4180} INFO - Setting next_dagrun for nyc_taxi_pipeline to None, run_after=None
[2026-06-19T17:08:27.334+0000] {processor.py:208} INFO - Processing /opt/airflow/dags/nyc_taxi_pipeline.py took 0.167 seconds
[2026-06-19T17:08:57.542+0000] {processor.py:186} INFO - Started process (PID=198) to work on /opt/airflow/dags/nyc_taxi_pipeline.py
[2026-06-19T17:08:57.544+0000] {processor.py:914} INFO - Processing file /opt/airflow/dags/nyc_taxi_pipeline.py for tasks to queue
[2026-06-19T17:08:57.547+0000] {logging_mixin.py:190} INFO - [2026-06-19T17:08:57.547+0000] {dagbag.py:588} INFO - Filling up the DagBag from /opt/airflow/dags/nyc_taxi_pipeline.py
[2026-06-19T17:08:57.564+0000] {processor.py:925} INFO - DAG(s) 'nyc_taxi_pipeline' retrieved from /opt/airflow/dags/nyc_taxi_pipeline.py
[2026-06-19T17:08:57.583+0000] {logging_mixin.py:190} INFO - [2026-06-19T17:08:57.582+0000] {dag.py:3239} INFO - Sync 1 DAGs
[2026-06-19T17:08:57.597+0000] {logging_mixin.py:190} INFO - [2026-06-19T17:08:57.597+0000] {dag.py:4180} INFO - Setting next_dagrun for nyc_taxi_pipeline to None, run_after=None
[2026-06-19T17:08:57.683+0000] {processor.py:208} INFO - Processing /opt/airflow/dags/nyc_taxi_pipeline.py took 0.147 seconds
[2026-06-19T17:09:28.329+0000] {processor.py:186} INFO - Started process (PID=262) to work on /opt/airflow/dags/nyc_taxi_pipeline.py
[2026-06-19T17:09:28.336+0000] {processor.py:914} INFO - Processing file /opt/airflow/dags/nyc_taxi_pipeline.py for tasks to queue
[2026-06-19T17:09:28.359+0000] {logging_mixin.py:190} INFO - [2026-06-19T17:09:28.357+0000] {dagbag.py:588} INFO - Filling up the DagBag from /opt/airflow/dags/nyc_taxi_pipeline.py
[2026-06-19T17:09:28.569+0000] {processor.py:925} INFO - DAG(s) 'nyc_taxi_pipeline' retrieved from /opt/airflow/dags/nyc_taxi_pipeline.py
[2026-06-19T17:09:28.704+0000] {logging_mixin.py:190} INFO - [2026-06-19T17:09:28.701+0000] {dag.py:3239} INFO - Sync 1 DAGs
[2026-06-19T17:09:28.826+0000] {logging_mixin.py:190} INFO - [2026-06-19T17:09:28.825+0000] {dag.py:4180} INFO - Setting next_dagrun for nyc_taxi_pipeline to None, run_after=None
[2026-06-19T17:09:28.956+0000] {processor.py:208} INFO - Processing /opt/airflow/dags/nyc_taxi_pipeline.py took 0.677 seconds
[2026-06-19T17:09:59.146+0000] {processor.py:186} INFO - Started process (PID=327) to work on /opt/airflow/dags/nyc_taxi_pipeline.py
[2026-06-19T17:09:59.148+0000] {processor.py:914} INFO - Processing file /opt/airflow/dags/nyc_taxi_pipeline.py for tasks to queue
[2026-06-19T17:09:59.153+0000] {logging_mixin.py:190} INFO - [2026-06-19T17:09:59.153+0000] {dagbag.py:588} INFO - Filling up the DagBag from /opt/airflow/dags/nyc_taxi_pipeline.py
[2026-06-19T17:09:59.196+0000] {processor.py:925} INFO - DAG(s) 'nyc_taxi_pipeline' retrieved from /opt/airflow/dags/nyc_taxi_pipeline.py
[2026-06-19T17:09:59.249+0000] {logging_mixin.py:190} INFO - [2026-06-19T17:09:59.249+0000] {dag.py:3239} INFO - Sync 1 DAGs
[2026-06-19T17:09:59.296+0000] {logging_mixin.py:190} INFO - [2026-06-19T17:09:59.296+0000] {dag.py:4180} INFO - Setting next_dagrun for nyc_taxi_pipeline to None, run_after=None
[2026-06-19T17:09:59.374+0000] {processor.py:208} INFO - Processing /opt/airflow/dags/nyc_taxi_pipeline.py took 0.236 seconds
[2026-06-19T17:10:30.408+0000] {processor.py:186} INFO - Started process (PID=392) to work on /opt/airflow/dags/nyc_taxi_pipeline.py
[2026-06-19T17:10:30.410+0000] {processor.py:914} INFO - Processing file /opt/airflow/dags/nyc_taxi_pipeline.py for tasks to queue
[2026-06-19T17:10:30.413+0000] {logging_mixin.py:190} INFO - [2026-06-19T17:10:30.413+0000] {dagbag.py:588} INFO - Filling up the DagBag from /opt/airflow/dags/nyc_taxi_pipeline.py
[2026-06-19T17:10:30.435+0000] {processor.py:925} INFO - DAG(s) 'nyc_taxi_pipeline' retrieved from /opt/airflow/dags/nyc_taxi_pipeline.py
[2026-06-19T17:10:30.459+0000] {logging_mixin.py:190} INFO - [2026-06-19T17:10:30.458+0000] {dag.py:3239} INFO - Sync 1 DAGs
[2026-06-19T17:10:30.476+0000] {logging_mixin.py:190} INFO - [2026-06-19T17:10:30.475+0000] {dag.py:4180} INFO - Setting next_dagrun for nyc_taxi_pipeline to None, run_after=None
[2026-06-19T17:10:30.500+0000] {processor.py:208} INFO - Processing /opt/airflow/dags/nyc_taxi_pipeline.py took 0.100 seconds
[2026-06-19T17:11:00.556+0000] {processor.py:186} INFO - Started process (PID=456) to work on /opt/airflow/dags/nyc_taxi_pipeline.py
[2026-06-19T17:11:00.558+0000] {processor.py:914} INFO - Processing file /opt/airflow/dags/nyc_taxi_pipeline.py for tasks to queue
[2026-06-19T17:11:00.561+0000] {logging_mixin.py:190} INFO - [2026-06-19T17:11:00.561+0000] {dagbag.py:588} INFO - Filling up the DagBag from /opt/airflow/dags/nyc_taxi_pipeline.py
[2026-06-19T17:11:00.583+0000] {processor.py:925} INFO - DAG(s) 'nyc_taxi_pipeline' retrieved from /opt/airflow/dags/nyc_taxi_pipeline.py
[2026-06-19T17:11:00.605+0000] {logging_mixin.py:190} INFO - [2026-06-19T17:11:00.605+0000] {dag.py:3239} INFO - Sync 1 DAGs
[2026-06-19T17:11:00.622+0000] {logging_mixin.py:190} INFO - [2026-06-19T17:11:00.621+0000] {dag.py:4180} INFO - Setting next_dagrun for nyc_taxi_pipeline to None, run_after=None
[2026-06-19T17:11:00.654+0000] {processor.py:208} INFO - Processing /opt/airflow/dags/nyc_taxi_pipeline.py took 0.105 seconds
[2026-06-19T17:11:30.816+0000] {processor.py:186} INFO - Started process (PID=520) to work on /opt/airflow/dags/nyc_taxi_pipeline.py
[2026-06-19T17:11:30.818+0000] {processor.py:914} INFO - Processing file /opt/airflow/dags/nyc_taxi_pipeline.py for tasks to queue
[2026-06-19T17:11:30.822+0000] {logging_mixin.py:190} INFO - [2026-06-19T17:11:30.822+0000] {dagbag.py:588} INFO - Filling up the DagBag from /opt/airflow/dags/nyc_taxi_pipeline.py
[2026-06-19T17:11:30.844+0000] {processor.py:925} INFO - DAG(s) 'nyc_taxi_pipeline' retrieved from /opt/airflow/dags/nyc_taxi_pipeline.py
[2026-06-19T17:11:30.875+0000] {logging_mixin.py:190} INFO - [2026-06-19T17:11:30.874+0000] {dag.py:3239} INFO - Sync 1 DAGs
[2026-06-19T17:11:30.898+0000] {logging_mixin.py:190} INFO - [2026-06-19T17:11:30.898+0000] {dag.py:4180} INFO - Setting next_dagrun for nyc_taxi_pipeline to None, run_after=None
[2026-06-19T17:11:30.928+0000] {processor.py:208} INFO - Processing /opt/airflow/dags/nyc_taxi_pipeline.py took 0.118 seconds
[2026-06-19T17:12:01.062+0000] {processor.py:186} INFO - Started process (PID=584) to work on /opt/airflow/dags/nyc_taxi_pipeline.py
[2026-06-19T17:12:01.071+0000] {processor.py:914} INFO - Processing file /opt/airflow/dags/nyc_taxi_pipeline.py for tasks to queue
[2026-06-19T17:12:01.079+0000] {logging_mixin.py:190} INFO - [2026-06-19T17:12:01.078+0000] {dagbag.py:588} INFO - Filling up the DagBag from /opt/airflow/dags/nyc_taxi_pipeline.py
[2026-06-19T17:12:01.135+0000] {processor.py:925} INFO - DAG(s) 'nyc_taxi_pipeline' retrieved from /opt/airflow/dags/nyc_taxi_pipeline.py
[2026-06-19T17:12:01.198+0000] {logging_mixin.py:190} INFO - [2026-06-19T17:12:01.198+0000] {dag.py:3239} INFO - Sync 1 DAGs
[2026-06-19T17:12:01.252+0000] {logging_mixin.py:190} INFO - [2026-06-19T17:12:01.251+0000] {dag.py:4180} INFO - Setting next_dagrun for nyc_taxi_pipeline to None, run_after=None
[2026-06-19T17:12:01.327+0000] {processor.py:208} INFO - Processing /opt/airflow/dags/nyc_taxi_pipeline.py took 0.283 seconds
[2026-06-19T17:12:32.196+0000] {processor.py:186} INFO - Started process (PID=648) to work on /opt/airflow/dags/nyc_taxi_pipeline.py
[2026-06-19T17:12:32.198+0000] {processor.py:914} INFO - Processing file /opt/airflow/dags/nyc_taxi_pipeline.py for tasks to queue
[2026-06-19T17:12:32.202+0000] {logging_mixin.py:190} INFO - [2026-06-19T17:12:32.202+0000] {dagbag.py:588} INFO - Filling up the DagBag from /opt/airflow/dags/nyc_taxi_pipeline.py
[2026-06-19T17:12:32.226+0000] {processor.py:925} INFO - DAG(s) 'nyc_taxi_pipeline' retrieved from /opt/airflow/dags/nyc_taxi_pipeline.py
[2026-06-19T17:12:32.260+0000] {logging_mixin.py:190} INFO - [2026-06-19T17:12:32.260+0000] {dag.py:3239} INFO - Sync 1 DAGs
[2026-06-19T17:12:32.282+0000] {logging_mixin.py:190} INFO - [2026-06-19T17:12:32.282+0000] {dag.py:4180} INFO - Setting next_dagrun for nyc_taxi_pipeline to None, run_after=None
[2026-06-19T17:12:32.318+0000] {processor.py:208} INFO - Processing /opt/airflow/dags/nyc_taxi_pipeline.py took 0.132 seconds
[2026-06-19T17:13:02.421+0000] {processor.py:186} INFO - Started process (PID=712) to work on /opt/airflow/dags/nyc_taxi_pipeline.py
[2026-06-19T17:13:02.423+0000] {processor.py:914} INFO - Processing file /opt/airflow/dags/nyc_taxi_pipeline.py for tasks to queue
[2026-06-19T17:13:02.427+0000] {logging_mixin.py:190} INFO - [2026-06-19T17:13:02.426+0000] {dagbag.py:588} INFO - Filling up the DagBag from /opt/airflow/dags/nyc_taxi_pipeline.py
[2026-06-19T17:13:02.451+0000] {processor.py:925} INFO - DAG(s) 'nyc_taxi_pipeline' retrieved from /opt/airflow/dags/nyc_taxi_pipeline.py
[2026-06-19T17:13:02.474+0000] {logging_mixin.py:190} INFO - [2026-06-19T17:13:02.473+0000] {dag.py:3239} INFO - Sync 1 DAGs
[2026-06-19T17:13:02.490+0000] {logging_mixin.py:190} INFO - [2026-06-19T17:13:02.490+0000] {dag.py:4180} INFO - Setting next_dagrun for nyc_taxi_pipeline to None, run_after=None
[2026-06-19T17:13:02.513+0000] {processor.py:208} INFO - Processing /opt/airflow/dags/nyc_taxi_pipeline.py took 0.103 seconds
[2026-06-19T17:13:38.175+0000] {processor.py:186} INFO - Started process (PID=774) to work on /opt/airflow/dags/nyc_taxi_pipeline.py
[2026-06-19T17:13:38.181+0000] {processor.py:914} INFO - Processing file /opt/airflow/dags/nyc_taxi_pipeline.py for tasks to queue
[2026-06-19T17:13:38.200+0000] {logging_mixin.py:190} INFO - [2026-06-19T17:13:38.199+0000] {dagbag.py:588} INFO - Filling up the DagBag from /opt/airflow/dags/nyc_taxi_pipeline.py
[2026-06-19T17:13:38.287+0000] {processor.py:925} INFO - DAG(s) 'nyc_taxi_pipeline' retrieved from /opt/airflow/dags/nyc_taxi_pipeline.py
[2026-06-19T17:13:38.413+0000] {logging_mixin.py:190} INFO - [2026-06-19T17:13:38.412+0000] {dag.py:3239} INFO - Sync 1 DAGs
[2026-06-19T17:13:38.516+0000] {logging_mixin.py:190} INFO - [2026-06-19T17:13:38.515+0000] {dag.py:4180} INFO - Setting next_dagrun for nyc_taxi_pipeline to None, run_after=None
[2026-06-19T17:13:38.667+0000] {processor.py:208} INFO - Processing /opt/airflow/dags/nyc_taxi_pipeline.py took 0.529 seconds
[2026-06-19T17:14:10.283+0000] {processor.py:186} INFO - Started process (PID=838) to work on /opt/airflow/dags/nyc_taxi_pipeline.py
[2026-06-19T17:14:10.288+0000] {processor.py:914} INFO - Processing file /opt/airflow/dags/nyc_taxi_pipeline.py for tasks to queue
[2026-06-19T17:14:10.300+0000] {logging_mixin.py:190} INFO - [2026-06-19T17:14:10.299+0000] {dagbag.py:588} INFO - Filling up the DagBag from /opt/airflow/dags/nyc_taxi_pipeline.py
[2026-06-19T17:14:10.375+0000] {processor.py:925} INFO - DAG(s) 'nyc_taxi_pipeline' retrieved from /opt/airflow/dags/nyc_taxi_pipeline.py
[2026-06-19T17:14:10.464+0000] {logging_mixin.py:190} INFO - [2026-06-19T17:14:10.461+0000] {dag.py:3239} INFO - Sync 1 DAGs
[2026-06-19T17:14:10.524+0000] {logging_mixin.py:190} INFO - [2026-06-19T17:14:10.523+0000] {dag.py:4180} INFO - Setting next_dagrun for nyc_taxi_pipeline to None, run_after=None
[2026-06-19T17:14:10.599+0000] {processor.py:208} INFO - Processing /opt/airflow/dags/nyc_taxi_pipeline.py took 0.336 seconds
[2026-06-19T17:14:41.526+0000] {processor.py:186} INFO - Started process (PID=898) to work on /opt/airflow/dags/nyc_taxi_pipeline.py
[2026-06-19T17:14:41.532+0000] {processor.py:914} INFO - Processing file /opt/airflow/dags/nyc_taxi_pipeline.py for tasks to queue
[2026-06-19T17:14:41.544+0000] {logging_mixin.py:190} INFO - [2026-06-19T17:14:41.543+0000] {dagbag.py:588} INFO - Filling up the DagBag from /opt/airflow/dags/nyc_taxi_pipeline.py
[2026-06-19T17:14:41.619+0000] {processor.py:925} INFO - DAG(s) 'nyc_taxi_pipeline' retrieved from /opt/airflow/dags/nyc_taxi_pipeline.py
[2026-06-19T17:14:41.681+0000] {logging_mixin.py:190} INFO - [2026-06-19T17:14:41.677+0000] {dag.py:3239} INFO - Sync 1 DAGs
[2026-06-19T17:14:41.737+0000] {logging_mixin.py:190} INFO - [2026-06-19T17:14:41.736+0000] {dag.py:4180} INFO - Setting next_dagrun for nyc_taxi_pipeline to None, run_after=None
[2026-06-19T17:14:41.798+0000] {processor.py:208} INFO - Processing /opt/airflow/dags/nyc_taxi_pipeline.py took 0.292 seconds
[2026-06-19T17:15:12.262+0000] {processor.py:186} INFO - Started process (PID=959) to work on /opt/airflow/dags/nyc_taxi_pipeline.py
[2026-06-19T17:15:12.267+0000] {processor.py:914} INFO - Processing file /opt/airflow/dags/nyc_taxi_pipeline.py for tasks to queue
[2026-06-19T17:15:12.274+0000] {logging_mixin.py:190} INFO - [2026-06-19T17:15:12.273+0000] {dagbag.py:588} INFO - Filling up the DagBag from /opt/airflow/dags/nyc_taxi_pipeline.py
[2026-06-19T17:15:12.321+0000] {processor.py:925} INFO - DAG(s) 'nyc_taxi_pipeline' retrieved from /opt/airflow/dags/nyc_taxi_pipeline.py
[2026-06-19T17:15:12.384+0000] {logging_mixin.py:190} INFO - [2026-06-19T17:15:12.384+0000] {dag.py:3239} INFO - Sync 1 DAGs
[2026-06-19T17:15:12.439+0000] {logging_mixin.py:190} INFO - [2026-06-19T17:15:12.439+0000] {dag.py:4180} INFO - Setting next_dagrun for nyc_taxi_pipeline to None, run_after=None
[2026-06-19T17:15:12.528+0000] {processor.py:208} INFO - Processing /opt/airflow/dags/nyc_taxi_pipeline.py took 0.283 seconds
[2026-06-19T17:15:43.083+0000] {processor.py:186} INFO - Started process (PID=1021) to work on /opt/airflow/dags/nyc_taxi_pipeline.py
[2026-06-19T17:15:43.086+0000] {processor.py:914} INFO - Processing file /opt/airflow/dags/nyc_taxi_pipeline.py for tasks to queue
[2026-06-19T17:15:43.093+0000] {logging_mixin.py:190} INFO - [2026-06-19T17:15:43.092+0000] {dagbag.py:588} INFO - Filling up the DagBag from /opt/airflow/dags/nyc_taxi_pipeline.py
[2026-06-19T17:15:43.134+0000] {processor.py:925} INFO - DAG(s) 'nyc_taxi_pipeline' retrieved from /opt/airflow/dags/nyc_taxi_pipeline.py
[2026-06-19T17:15:43.174+0000] {logging_mixin.py:190} INFO - [2026-06-19T17:15:43.174+0000] {dag.py:3239} INFO - Sync 1 DAGs
[2026-06-19T17:15:43.209+0000] {logging_mixin.py:190} INFO - [2026-06-19T17:15:43.209+0000] {dag.py:4180} INFO - Setting next_dagrun for nyc_taxi_pipeline to None, run_after=None
[2026-06-19T17:15:43.251+0000] {processor.py:208} INFO - Processing /opt/airflow/dags/nyc_taxi_pipeline.py took 0.177 seconds
[2026-06-19T17:16:13.405+0000] {processor.py:186} INFO - Started process (PID=1085) to work on /opt/airflow/dags/nyc_taxi_pipeline.py
[2026-06-19T17:16:13.407+0000] {processor.py:914} INFO - Processing file /opt/airflow/dags/nyc_taxi_pipeline.py for tasks to queue
[2026-06-19T17:16:13.410+0000] {logging_mixin.py:190} INFO - [2026-06-19T17:16:13.409+0000] {dagbag.py:588} INFO - Filling up the DagBag from /opt/airflow/dags/nyc_taxi_pipeline.py
[2026-06-19T17:16:13.429+0000] {processor.py:925} INFO - DAG(s) 'nyc_taxi_pipeline' retrieved from /opt/airflow/dags/nyc_taxi_pipeline.py
[2026-06-19T17:16:13.454+0000] {logging_mixin.py:190} INFO - [2026-06-19T17:16:13.454+0000] {dag.py:3239} INFO - Sync 1 DAGs
[2026-06-19T17:16:13.471+0000] {logging_mixin.py:190} INFO - [2026-06-19T17:16:13.470+0000] {dag.py:4180} INFO - Setting next_dagrun for nyc_taxi_pipeline to None, run_after=None
[2026-06-19T17:16:13.490+0000] {processor.py:208} INFO - Processing /opt/airflow/dags/nyc_taxi_pipeline.py took 0.091 seconds
[2026-06-19T17:16:43.880+0000] {processor.py:186} INFO - Started process (PID=1149) to work on /opt/airflow/dags/nyc_taxi_pipeline.py
[2026-06-19T17:16:43.882+0000] {processor.py:914} INFO - Processing file /opt/airflow/dags/nyc_taxi_pipeline.py for tasks to queue
[2026-06-19T17:16:43.887+0000] {logging_mixin.py:190} INFO - [2026-06-19T17:16:43.887+0000] {dagbag.py:588} INFO - Filling up the DagBag from /opt/airflow/dags/nyc_taxi_pipeline.py
[2026-06-19T17:16:43.909+0000] {processor.py:925} INFO - DAG(s) 'nyc_taxi_pipeline' retrieved from /opt/airflow/dags/nyc_taxi_pipeline.py
[2026-06-19T17:16:43.935+0000] {logging_mixin.py:190} INFO - [2026-06-19T17:16:43.935+0000] {dag.py:3239} INFO - Sync 1 DAGs
[2026-06-19T17:16:43.951+0000] {logging_mixin.py:190} INFO - [2026-06-19T17:16:43.951+0000] {dag.py:4180} INFO - Setting next_dagrun for nyc_taxi_pipeline to None, run_after=None
[2026-06-19T17:16:43.977+0000] {processor.py:208} INFO - Processing /opt/airflow/dags/nyc_taxi_pipeline.py took 0.103 seconds
[2026-06-19T17:17:14.908+0000] {processor.py:186} INFO - Started process (PID=1213) to work on /opt/airflow/dags/nyc_taxi_pipeline.py
[2026-06-19T17:17:14.912+0000] {processor.py:914} INFO - Processing file /opt/airflow/dags/nyc_taxi_pipeline.py for tasks to queue
[2026-06-19T17:17:14.917+0000] {logging_mixin.py:190} INFO - [2026-06-19T17:17:14.916+0000] {dagbag.py:588} INFO - Filling up the DagBag from /opt/airflow/dags/nyc_taxi_pipeline.py
[2026-06-19T17:17:14.954+0000] {processor.py:925} INFO - DAG(s) 'nyc_taxi_pipeline' retrieved from /opt/airflow/dags/nyc_taxi_pipeline.py
[2026-06-19T17:17:14.985+0000] {logging_mixin.py:190} INFO - [2026-06-19T17:17:14.984+0000] {dag.py:3239} INFO - Sync 1 DAGs
[2026-06-19T17:17:15.014+0000] {logging_mixin.py:190} INFO - [2026-06-19T17:17:15.014+0000] {dag.py:4180} INFO - Setting next_dagrun for nyc_taxi_pipeline to None, run_after=None
[2026-06-19T17:17:15.054+0000] {processor.py:208} INFO - Processing /opt/airflow/dags/nyc_taxi_pipeline.py took 0.155 seconds
[2026-06-19T17:17:45.894+0000] {processor.py:186} INFO - Started process (PID=1277) to work on /opt/airflow/dags/nyc_taxi_pipeline.py
[2026-06-19T17:17:45.901+0000] {processor.py:914} INFO - Processing file /opt/airflow/dags/nyc_taxi_pipeline.py for tasks to queue
[2026-06-19T17:17:45.914+0000] {logging_mixin.py:190} INFO - [2026-06-19T17:17:45.913+0000] {dagbag.py:588} INFO - Filling up the DagBag from /opt/airflow/dags/nyc_taxi_pipeline.py
[2026-06-19T17:17:46.062+0000] {processor.py:925} INFO - DAG(s) 'nyc_taxi_pipeline' retrieved from /opt/airflow/dags/nyc_taxi_pipeline.py
[2026-06-19T17:17:46.153+0000] {logging_mixin.py:190} INFO - [2026-06-19T17:17:46.147+0000] {dag.py:3239} INFO - Sync 1 DAGs
[2026-06-19T17:17:46.255+0000] {logging_mixin.py:190} INFO - [2026-06-19T17:17:46.254+0000] {dag.py:4180} INFO - Setting next_dagrun for nyc_taxi_pipeline to None, run_after=None
[2026-06-19T17:17:46.350+0000] {processor.py:208} INFO - Processing /opt/airflow/dags/nyc_taxi_pipeline.py took 0.483 seconds
